5.702618899305617 4.65971562286202
5.833264396876498 5.36256568477822
1.422868117054417 1.7251467634207789
4.208940490453446 4.774401572426275
3.0869523367472995 3.320916127725838
5.289163345219298 3.782322539909936
0.5056944493301228 2.905727296559702
0.4890543539308095 2.889262396462957
5.0859860552937395 2.5101749314530206
4.431130967309763 3.101359154404232
5.914477978611676 4.3091903058514776
5.991635038800079 4.744998174147178
1.2667790605655695 4.614180256403506
5.142594111162768 4.367037320108082
3.902557108503383 5.036369833359438
0.8215501154014658 4.236068524297066
2.529654798407473 4.138374156315624
0.4930901059642714 3.544638077173823
0.3216612638554717 5.511531472537483
0.46643478547969774 0.770700826697227
2.683634101973043 4.9659099612801585
4.0920491898969935 2.404974630933576
3.0635053405580583 3.7768399729711977
2.2212991330093246 0.81104133710089
0.43677277072580095 1.9024875742505223
3.1021661942670966 0.074151435285086
4.944230205155212 4.146391493768156
2.684511202271018 5.435724529426763
5.521912648335325 0.4885530973513905
1.0819133629520987 2.890450026590828
4.173544648884002 1.4214350361152
1.768113535661561 0.43230594652424387
4.909710940510687 3.1925903492684538
3.078164977230651 5.5747540478550395
3.391747130011789 5.398035371731681
1.4221118883706283 1.5648760500535739
3.1075924621963638 0.7415048261672469
4.743538521738288 1.3149565978002749
3.362361543319992 5.991045796745096
0.08815919818537812 1.7143371549234274
5.563790435038941 1.2990845770754458
1.700353966446603 3.202181968389966
3.6136661945301856 0.4865710291253733
0.37184506697104824 6.26630663983361
0.6722968073364586 4.85970504376703
5.76132568603777 4.174812092333258
4.375913571120069 3.4847165006138088
1.5191005187820201 1.0058033063987302
2.5914629341673554 1.1129814332513883
4.544997558443253 6.096658942429348
2.9336035728036944 0.7788128194472713
5.526123955938826 6.0271290193330325
3.1288888310328122 5.4311638615903295
4.833023457977958 3.6667043470813994
3.535887890137012 3.514039514996056
2.2056581300492963 3.7679221607583724
2.840620402591632 0.8071277304149576
5.059265075627804 0.7527780560336848
5.7629834528979895 4.360246853745795
0.4540741442256585 1.7389784301289941
3.5838830742734453 4.117969830948025
5.242429398269339 4.080687981131449
2.5684015786200547 0.15496965635731338
0.34789555069823264 4.675948315794769
2.5036044564966256 0.22600362117368433
6.127573466631851 0.5240773986118993
0.14839647720081803 3.8839232286598664
2.0564978561486407 0.26122221051311206
1.798730644196017 4.569773905235311
0.6537569102008857 4.221737832893866
2.722444947910552 5.1095648043780875
2.8418426116386324 2.1179143645441902
1.72115721671162 3.5674980957645306
4.060408571407482 4.801790486195358
5.13114266480631 2.831363901445991
2.7755574654253667 1.8223882711253088
1.468095203512056 0.78999689768445
3.4615299997598075 2.626660147049107
2.808401384707996 6.04407685344291
1.85427015726435 3.4892845825225915
1.294551216352443 4.6952377475201
0.7817954187301436 5.895369038377314
0.8391751789270152 0.4593422441116961
3.146307637686679 5.487946306422079
5.821615875829846 6.072517732688817
6.184493923346525 3.399966101703248
5.973053655817323 4.902545403022799
1.2446407302341493 1.4521057630714544
2.5466115788120005 0.7539104960216158
5.382123696934158 3.2251168602751132
4.511186300477515 3.5691707176735523
1.043025259613121 5.546336536317691
1.1321341749944624 2.393062905253948
1.8363041595250194 4.744705000797816
4.260909245017764 4.729677487709806
0.917978225216193 2.995351380154119
0.564937579599834 4.41952874515528
0.9587918554899021 2.3431639211855617
1.5313155301070969 2.6076308707456546
1.8908632747000482 2.1768141101148375
4.72246948400734 5.160592728795812
3.376522211743405 4.7237149765368835
5.085756352335929 0.11462702582237518
5.32415559709965 3.4816378851946657
2.583508804905074 4.198255652441213
2.7824253172239484 1.8712010903808973
5.558401628263762 3.7056078550764227
1.4003130637274614 1.0839560860514086
2.3151749557089176 4.874290863330475
3.7593717107536464 4.972716060618842
2.9224978744182635 4.900218574761207
0.4315700312759263 2.134735766057533
4.013238613681335 4.017559981391228
5.288072044858496 3.8462220329733237
0.7500586541364896 1.9249680126455477
0.09933496986397441 2.082267620855017
1.0136944525440181 2.9198250624184783
3.3176956789219805 3.1350475010695282
1.8518539314658267 2.514730902489536
1.1245592456194593 0.4012487496439912
5.228146135026076 0.1784372661453045
4.551347629507954 2.897960437671923
4.499204555063864 4.014773008275486
0.9608407676860132 2.2262259401742814
5.6840190461301265 0.275241540344852
5.28873990190008 1.7408906312480548
1.6586459906034092 0.37999754990772017
1.9637609576841457 2.082484054639718
1.3059698480918882 1.3252651053302835
1.8031582430803654 2.9956431093321414
5.443031162199205 2.411584645502741
3.4551160994848145 4.100185389865779
0.6708349075185243 5.692721190915125
2.1867263590684494 1.5760755011396252
5.968698492890784 5.746825132800539
1.2359281563092819 5.077001125761534
2.9288158024516795 5.207073721841404
3.576004528730721 1.9796547895139855
5.907977406657169 0.20576759842084097
0.2629362763995759 1.4399638707693831
3.323770317620975 5.028585859430869
4.025038671084639 5.516884739802326
3.143361637045442 2.8871463995025004
3.7274481245057114 2.504426147188537
3.2977265923900076 4.894363664686201
1.1279622172509773 2.0375194786559514
1.2617410813209269 4.752022649274105
1.5308315096886187 1.042065628556765
3.699537826018854 5.717640479957123
4.281572756737041 6.234707752064091
11283439969
