1.1589640272683621 2.4189845431510477
2.807373384986507 1.9340388306221725
3.5705848150665194 0.6055306565533001
2.4882020304230896 1.8179473162494741
4.7540245428672225 1.647581941702862
5.814039946826181 1.293629527822961
0.09082045926931494 2.404126130980401
4.081769976943995 5.733633036815142
3.375169229978407 4.470512632827918
1.260309570323022 0.0428142899520374
0.6782720451047639 0.05256378310665054
3.736278826795936 3.627111792645058
1.7643024040044213 1.961527900122255
5.705342213216509 4.406560656889213
5.717780642876577 4.873570938093129
1.3801797104262288 2.6205429963305655
0.31665546561126345 5.85214620066672
0.17419893665142797 1.6722374501524766
5.309572990187317 3.995909652951239
3.2075086244043245 2.855806942960971
3.2410466181627444 2.6249439935324492
4.949250470437035 2.2142182128354886
5.180981621250423 1.6748542396354529
1.607872068556287 5.596689677311215
5.496373978757093 5.749508225916844
0.5655668772016237 5.328918299120728
2.647177422531185 2.0085319995485573
0.7515576864274242 3.292054955091504
2.027428084409283 1.0834221538320976
4.100837630594449 4.321276611850317
0.4932876292561441 1.8477321676727414
0.7998292737749181 0.6242311643495475
3.323144842420998 5.841249683325724
3.2750828960939873 4.823685800012606
2.5161790060733833 4.12935204184734
4.062489566488866 4.52236945008536
3.2146100613364528 2.7307878520215114
3.3105866737011604 2.475879191878247
4.193966447408473 0.9120705058591335
4.672553033664556 0.556758510527726
4.710245238623526 3.9724573911519765
0.7467069052080643 4.006248781489735
1.954955449925231 0.07453213263847079
5.852706181074021 2.642736061557788
2.7959952184985366 0.2915890212057731
2.498087583906147 1.42839255945449
2.857889430820455 5.994245823944322
1.2662364610166497 1.3025183030610474
1.4087396570526358 0.6130252196937782
2.847740485924363 2.294445576591223
0.8425512181752391 0.25499342684622794
0.20826308784716074 2.2832570262299323
4.332407973692478 4.287179384710366
3.361530032931986 1.068031622508331
1.6385358322815708 4.407864483726044
5.869900948076693 4.9026609948854185
0.2238759825368305 3.0521838367180942
0.2656658904538558 0.05266271152448724
0.3608238875600017 0.70614073081463
5.746137439539953 1.1633704370329774
4.966965662724705 6.166871895890634
6.251373351994921 0.5009879463594904
0.8811231988496238 6.222390673628688
1.4401909641386024 2.7845235323839734
1.6596255103817839 1.1205160982211817
1.952146758272309 1.4098549779398097
0.6058022966377096 5.048995271323515
2.5273766281607655 1.2117368019242523
5.887866981196261 4.1013819505435
2.8020987573741563 1.164725408041258
3.095686586246579 0.20138169071499834
5.22828926902406 5.56388482240613
4.4699814453105144 3.7926692476017942
5.155915502214662 0.9375055112086107
1.4275537831357479 3.0658473693969954
2.931772126484423 5.30525439631973
0.7829501616630306 5.170334573092928
5.747098194483445 3.194770347095013
1.820982999996813 0.5545867761818551
4.662341997271658 5.023339145450159
2.200408010420342 1.7378903198380535
4.672571893783528 2.754834620306663
4.116068057541836 5.152051439368521
5.800848757691094 4.91993246824669
2.0590066294488856 3.532872943608112
4.307826664359956 0.31046526811544706
1.0458721859543276 6.199644086903171
1.5764005997976982 3.721829772731698e-05
1.9880615642765418 4.60548578823758
1.4712423616676837 4.013897550958741
4.420780000186246 3.8282580655704703
1.9166769450834413 2.7768947688273378
2.0023056398308143 0.036370015075152896
5.299297555661902 0.24801530927669613
3.846384530914906 3.9231054680458977
4.563943105489566 3.8548160531391753
2.066473987112701 1.3386143579610572
1.451170597712643 2.5987665903022306
5.0566165966293735 3.9251527473525845
5.338738258788332 1.2302354275703504
2.2681977964648916 1.1330195432693086
4.6586477160702 6.068218754215429
4.963499354288834 4.231408078618961
4.822620554151647 4.311177654411469
5.1320455841122525 5.6496445359901815
4.741751893332364 0.731327267378732
5.395044848156874 3.9695010800478268
4.92326271817857 4.340424641114981
3.308795333180444 4.618970379608695
2.237095417794661 3.6518562813863675
4.461900863845585 2.7823350570120984
3.8842953133016205 5.23151861129151
2.0830627380082873 0.3639466510546285
2.664157117104141 6.259025154556422
2.1434098614900807 1.918375295699259
0.9879351237854712 5.190802459585458
0.00432572458832759 2.663841743981201
4.55905795973585 1.2742127278457616
4.804930227313758 2.7687906333635275
2.7380118443759907 3.2782211293515457
3.1872375152249313 4.266879735489817
5.728210663574159 6.2025831772606566
0.8411873990486235 4.777468254405607
1.6888208922169639 1.0106399013785217
0.3023775903854991 5.8085374769404226
4.738056650310092 0.9151900403603738
4.69118396430642 2.5419018645102276
6.014952104151338 3.905724777438728
0.33770454614537176 2.4739070633499725
2.7616120199958507 2.2982397368339664
1.9948300382193451 3.1474539739250464
4.728039082285307 4.58680361425306
5.0279139299805 2.7496664349854103
6.064828269877673 5.235951764438922
3.99258459125665 1.2152460961132092
5.032647659549962 5.7397421136214515
2.239781212484471 3.961807908894867
3.11083934798904 0.0435052134094136
2.7775846452501978 0.5386120334440153
0.25730303878974986 4.808807100280464
3.5474022068174538 2.5805165531253613
0.8801290066153182 4.928434935686777
2.2568421140927883 0.6540222923450356
3.0783962980905466 0.2652022330864006
2.0922591346094412 1.919415427208217
3.7205111841297733 2.549449974300186
3.677644345453569 5.128529179704807
3.128837139309843 6.1686825894983555
5.787763049889701 4.237134864029267
5.932960092265086 1.7769295245956818
