4.270823260558648 5.828319573366851
1.248781052457797 4.5819948895273575
1.2819747153265322 3.677149806862967
1.461504469347507 4.462492304533318
5.243959858297961 3.6356190952683427
0.5493943182595121 2.111888091423018
2.079953824583507 2.7225455969408365
0.2761866243258269 4.482404934693579
4.865474576548018 3.9611084081828047
3.733901711057492 1.9702007204924565
4.879302938896365 5.294450354748195
4.745348309826863 2.8379357673394723
4.042805057888112 3.059427982061549
0.17603263183903295 3.465278649189686
3.245116977142804 3.524812998348126
5.211685956294416 2.3949299163546542
3.189646148766425 1.5046045124266973
4.8022064987851865 3.29974752355051
3.338558580023921 2.453836826232816
4.337409048736632 4.57887733564584
2.4163994183229995 4.054036095958507
4.480067584090735 6.141690079820219
3.8678244216991122 1.561180785954455
5.3561521777849785 1.5118029105151214
1.4686293578255505 3.4239085070594037
1.77343159945308 5.301326385792455
4.391168174900875 0.05436393242192969
2.1272217534781874 3.114215759642642
5.0797135612766935 5.174292031520728
3.426057788451592 4.944930453954694
2.0076963326749357 0.6506494346179696
2.8305174458046243 0.454289218717544
1.21899273154683 5.140320589122277
4.867333988576395 5.30565591436175
1.2860022283105226 0.7577707547437912
2.835855328747897 2.5120201387877454
5.002424304746458 5.311373775936878
1.1870177715495658 5.144047531277991
2.4768066026506843 4.4838855073781065
5.65936928889757 4.581586489283181
3.2337267099387264 1.6257410355919129
4.29877533187765 5.366360837354827
5.961748180680074 0.7959392076720593
3.696628258958033 4.023035479626348
2.706730541850325 4.015741277072614
4.40115510178726 0.9950878326296604
3.6821354689746997 3.20124344253979
6.194504635402356 6.063386080375759
0.29646191425662655 4.819602755774196
2.9847943177084617 5.707671525862064
2.8634669112919813 1.818733617253545
0.4114732178939811 1.1031827209492766
2.973869201429959 5.668364853983147
2.9362600985061142 1.5020205591945144
0.7037860190010666 0.15806457301226978
3.9095548729994154 2.169561965565547
3.7158378101696523 4.484825683417028
6.122931145041317 2.2099170285276495
3.4213905653721595 2.3486495556504283
4.456459079063285 5.606856811470547
1.73681179627561 1.1363998319405628
3.721692222405558 4.821537677974543
1.3511287461295893 5.387418142118362
1.7487434335937615 2.262227836487872
2.1544255514676505 1.5152898544715256
4.383344059686958 1.4195424293192864
1.5593710010355801 4.3758238819346325
5.35135212702927 4.6009449065869115
4.567514286453878 1.8736084799728348
6.23691292320373 5.0259321080555015
3.5827131946696493 3.713565824697597
0.9780343897443123 1.7441510196558865
3.425302327533141 0.05292875931591621
3.046792732440851 0.29062793353297306
4.217653285918804 6.096317359408234
5.710016159058762 0.8613677022128758
5.608604180868823 3.0458766002106876
5.98786074328085 1.5296133697767307
2.450282879668457 4.1003437953234085
1.6390592753068582 1.821488597648312
0.4983085799673624 2.5342025019487653
2.2959710547526275 2.338985016929586
4.050212016289244 5.298128915063292
2.7690586825298773 4.52882044537
1.8984015404837356 5.91352368313498
2.025608333652255 1.3803061941908072
2.570552470055992 1.867159007418699
5.379892892757021 1.1505894319419563
2.4207437044804876 2.4922229034820544
4.60952129331938 5.161462032733347
5.566481281790889 3.272641793379519
2.5955542789364987 3.054758329619824
0.41727264609480147 5.891467456295713
6.0112530055100315 3.329038232201242
0.5507487291537775 0.32101603443985305
3.0044651147922967 5.166290962436987
1.319351890640506 0.03223103574648035
3.76825486085653 1.1629055629002234
3.3112202284599577 3.6942007697198407
2.5176124791423655 0.6257781779669727
4.112650685740783 5.778683775152648
3.6972356997593336 3.485257749223055
3.0122013391361637 1.469316569661029
3.9027196955650845 0.6406574539525203
2.5089136508701952 2.1380261318789118
3.803456028464334 5.569108091732652
1.9879585598041414 1.5533298406252858
6.0902447190590365 1.5209851962817997
2.7315840079189755 0.32887128277555333
2.7597637734807483 2.3185071908136665
1.548004705920572 3.2046892683398314
2.9211573253454235 1.7298604808725517
5.292653337593808 4.420927242942984
4.104956614505203 0.9606985490348174
5.26682052145939 5.1441810565572075
1.2475840405189587 5.90231169184379
1.6021530014052907 5.898402420671672
0.9290058340879277 4.4300529744581665
4.402483078145424 3.165975722666355
0.9823488289691552 4.507542959518246
4.886662856815246 2.784473054523513
1.1208029162683883 3.223575492646483
3.1720882313586625 2.3772773222133314
3.071149056202308 5.449594333406135
4.825535686819734 4.1124446834281105
1.5816514103863468 0.37612446512439884
5.268396594317086 4.102094187091273
4.078132361062923 2.938043025263651
3.0493040291506452 0.6638995666708454
0.5829093578876877 5.968921476062994
6.104590510813064 5.601895960346021
3.9604632741241463 2.202655301638529
0.4441526651582432 1.6256426256260776
3.1940638426587227 1.4948733461663113
0.913891132981954 0.8306016344134229
3.164709522542614 4.296466283438456
0.8190106024022433 2.9145223258385067
0.6028080259825491 3.0767980004927202
1.9738039709683168 4.179767423166177
1.4983636437620111 5.369543268585591
2.2259741756118347 4.050355761464218
3.4314199686988407 2.0785285614136293
2.0698783274245964 3.737822158234609
2.5904500750767285 5.445372167994421
5.5144259379978555 0.0943314951496169
5.90318870716349 3.9025237230243723
1.5455767534670162 2.5588097890073853
5.780669532009599 4.492875846048523
4.1140798480463845 1.261566265646458
4.6664316837556425 4.866484629004133
