2.7381500471542437 2.4781893924886496
0.9205492610597659 5.121684956172313
5.992095117807694 0.1662802142675189
5.912133925687301 4.389672862327034
2.539417046800273 5.2357250705432925
3.02565979984438 1.3513923564031898
6.154213096448258 1.5688821049028456
5.066557042034151 1.1557529146589811
0.0024995907602176374 0.9734258840952565
0.7870490384731103 5.86922431837126
3.8668134037711424 1.575080774954512
4.010263550704498 5.737987354571507
3.1878254319252277 5.370513107240802
0.6977323712287667 0.9995377523994692
3.0123574230312826 0.36980159815891434
2.35599286521727 4.372024744408782
5.318831968385932 4.350468797357758
1.4199697257310366 1.4418123168940333
6.154868892546615 1.410396050045635
3.0029330012526274 6.176865576953201
2.0208526975841017 0.9713467573264172
0.7807276215886936 2.0061900091710068
1.1696584610825123 4.972348829530181
6.16863028986127 5.018718038351825
1.7389273840670079 3.869954198422821
1.893230054589027 2.232239465835153
2.9456045028962934 5.936627165232371
4.5962667301767235 2.3648406014722014
5.1297897080543144 2.543069561742693
6.148930854066213 2.4165352670011564
5.139733673659 4.8525627276030345
4.446013559387397 6.148262982950731
5.470614933583102 2.9446315715155844
0.3192214395209166 0.65749862500379
1.2325952316363524 1.846097019096506
0.3571576013445303 1.7382983445326083
2.3953027202050703 4.6181987253629355
4.404298690556788 1.5728755123976443
1.7177992516705765 1.480896277133193
6.138767667032886 2.9658056703574163
0.9587535692483212 4.6547537450576515
5.968880109653683 2.2830945524284774
1.3670396879601483 5.692954861154241
3.2420126412734245 4.437463651938086
0.711971636701005 0.7685003137045742
2.622552863484082 3.027517101156833
5.7083545494814505 1.5050071870792001
1.4668879246932625 0.06459101823085796
3.4571152645014323 3.3093196634716224
0.6397307025934079 1.663421121178816
2.613279087124681 1.353464804031127
5.568027577473153 2.747691306552318
3.2687003159060004 3.512474952270601
3.0307893225588707 5.434673589596827
5.229617016931796 3.2983982449351887
0.8709126907232273 0.23905308037717365
0.3634887240905181 0.6993062948111102
5.874602271404618 4.9076753191923705
6.160933828696418 2.253559545874788
0.8187964437044711 0.33447777132396234
0.9502734230512982 4.34988368495966
4.575860026460268 4.22416269855949
4.892224630056268 0.4557140294772674
5.109045088662984 1.8151402792745777
5.309635970370688 2.307638197350625
2.8705695198691092 2.287082349267639
5.166131834528161 0.5210908828878035
0.350589219819708 4.0965056534456075
3.0708294185042213 2.8967089058376305
1.662225582638769 4.977275764547351
5.730610530218159 1.8969910570454143
1.8310439621940282 1.4830896129107574
1.569443058869044 4.0422861385621465
2.567475593837412 1.140128514415405
2.813658490042442 5.635843284684513
3.703180884907602 1.854564863453138
4.0314958790962985 5.609423859271572
6.164906610031321 2.984776156081233
4.233046674512373 2.824433517572661
3.431778477506559 2.899610817780704
3.7770642028161996 0.7552334613367949
0.06524558320675901 5.6766550973002605
5.619734683417396 1.1851733782120613
3.091788890101882 3.4759427329882984
1.1184425782162417 5.56931743138213
2.58902170597093 3.7667825063961367
1.4535913546063493 3.631320431992682
4.6747318526824815 5.3162359952445986
3.8352043285429724 3.571241020621939
5.88716030965541 0.7941110714883383
1.5230955836667013 0.33950287720660977
4.173078111399041 6.156359582200041
4.607808385268749 4.441931769367828
0.3727433938266424 4.997237129469379
4.987670576581665 2.625364963025353
3.560825263316189 2.9866672813305652
4.110030362567103 4.5224198071007224
0.8590423428403215 1.0974395953387577
1.5006142568975251 0.9482812863146378
5.902682336329764 3.634877397815405
0.9952538151748905 6.107515755281014
1.6288805054285873 3.960217102361744
1.224314231250188 1.9102612733905961
4.849369914443767 0.6256790234680649
2.815216053301764 4.100050196793713
0.712927065669588 1.6748244117399216
0.7201564223728137 5.746679985003463
3.4512454344271397 2.6645050065326044
1.4638555475593558 2.0430030379772646
0.31115738900878526 5.382317402925896
0.8800250289463403 2.2190655328657254
2.5466960136129217 4.703721190379756
2.061597803453932 1.9433656268894575
2.9419366599191497 0.15509799040384067
1.7263741319501855 2.341014944852079
1.0727632295742513 1.5224688473520558
2.8866826711482068 5.798779853846971
2.521890567074899 0.33555291007433025
1.0696502373616077 3.57373754849908
5.628348694380903 3.1881586477346193
2.790444082063823 0.2299224326270259
2.899802699838166 3.5759116944489886
4.9101614043799735 2.210269693372888
1.6952129509182747 4.755252424843306
1.4847086759224546 6.237958347352372
4.239291278320284 0.5710312452027001
5.86230729919752 5.08195097675903
5.25501867808926 3.6710677553598257
2.0169498325032515 2.5490117273953405
1.712683890873809 1.8354373576076044
1.8999462624047616 0.46541247230565763
2.520479421669546 4.4354690105882355
4.862516678473421 4.394172299516845
1.5890266875702275 0.34623656706020717
3.017176913481344 4.485875432177412
6.276063441305742 0.04376687838796344
3.116902375815148 4.865497869654009
4.024103678363928 3.0141079106412523
4.5209743270189024 4.75358101068933
0.48887900392906114 1.9143878952714377
3.1989047864165316 1.6972220555902613
1.5759183741662317 2.9740235003925624
3.5562626829841717 6.235175483478652
3.0347104079106777 5.062043607184025
4.201397048153445 4.503143180894653
2.1099482646070356 4.3044815620070835
6.1086602823948235 4.061633006820842
6.003011530299449 6.238869788094213
4.035518544294738 4.970787301529376
5.394233908967208 1.0629012879450166
