3.192609236362958 5.703733885174326
0.41077839217207607 5.876393887900615
2.8532397238048706 2.5434804811385163
5.406134573022399 4.058362363796285
4.713676688642626 3.5305651905075353
0.9206562172085851 4.535006270136713
0.8778823075804665 4.153331331549143
3.1525152854115737 3.4782125152217795
3.7892484778035023 3.061562234556349
1.9119208229999136 3.9052099208728883
2.0565738833806395 5.974315355215547
0.7933528056909502 5.249576718453129
0.5274040958334716 0.06951092219451609
0.06523501913067582 6.086661991453278
4.135242908245763 3.1227693332701505
0.19848766019405875 1.4044453566293196
1.8559114289397693 2.0970645151626433
3.135034528108609 1.5542855682088226
4.477783904478127 2.7774463739835924
0.45895128161684723 4.547864942730041
5.196461764777131 5.514996945395591
1.2133826550449958 5.262706637975437
3.1108190688265296 4.1153785810085495
0.4459316178828754 3.950109366701336
3.903863120301889 4.709493530934044
4.885856948904231 5.751865694572856
4.176668067675268 5.697398327841686
3.1867378482989572 2.3565536160155522
5.09520028593994 2.5762313812768776
3.781483862189798 3.148794716399059
3.9538941489508224 5.5220476328007
4.068303161518312 2.081277002101973
5.4508475010897985 0.9861358396390653
1.5437944218428885 6.249681316563076
3.3618849680160325 3.5973325257860407
5.929616966456743 2.9492455584812474
0.4122482637474184 2.8519403985079177
4.150811566473822 1.068112528732609
3.63858919195554 5.09853691399468
5.186818885479459 5.955065443151573
3.330576954783652 4.547139406285595
2.650949400902888 3.9827166074283413
3.2861820793133436 3.0419469956371485
4.419138386071367 5.719317488231554
0.14308333751895724 0.2262004853478692
1.6319617872546237 3.2709323913927104
1.1112149345074969 3.7188179013779905
0.25467784634663326 5.688825707642462
6.099968729396332 2.2438077141209987
5.8951020693741665 4.138733211060934
4.579971414483572 4.039389685049582
6.212744764188284 2.844360155580992
0.37682613146260246 3.913814025464864
5.827988263520846 2.625383434456083
5.670069361880758 2.147930415759746
4.510273570319525 2.677145717409463
6.128675565375432 4.559894543238469
6.06290221232044 6.207621047051674
5.908422208229687 1.589027366248583
4.046684587231391 3.2108946124779045
1.3901213303607136 3.1984190038437785
0.7212524568217055 2.999963949084285
5.337708286888607 4.491810750630515
3.6514208774843255 0.9434796947697751
3.4423806988255095 5.568128330895527
0.7738005309406842 2.601280309159583
5.836128551714377 3.9889368944787487
4.377988460400146 0.8943898760213421
5.022119218873884 5.791814842556542
0.08761007957839757 2.0598501344007625
2.4343273923410997 1.0294844283804323
4.480767763945934 4.215315669134308
4.603580860636104 4.875129061960995
4.448557368510265 2.590000083208797
3.5228867227930216 5.515726483056995
3.1658172357700236 2.75983009551675
1.6512660167648125 2.9011220452787936
5.6206227135924065 3.18132442337542
2.2941816540785442 3.0780922941265967
0.1279098070674717 2.8838421443551523
5.256379380666468 0.840993652559966
5.222863926447271 3.755631880501577
4.540426318875038 1.954501685557455
6.04466430091343 2.0475424925862136
3.5370032864240626 3.225795520791949
1.9722085709293058 5.8339961413494175
0.5738899229850677 3.6744602838271714
4.634615350410366 3.7963845940974226
2.686974177453537 5.396232455677256
4.015782117658139 1.1464152546285302
4.320323241601042 1.9282610672544471
5.5854180653148005 4.774336562855288
2.0051521694949805 2.498648591017794
5.2251113606243695 2.182879164128368
5.82466144758891 3.368897759825735
3.610043618093437 0.8793515831936128
2.9340828141057194 5.279097759709477
2.479863572552478 5.26105458174525
0.39250920880114604 0.23186217236104809
3.529373743679934 3.9086248895312647
0.12393170204184552 1.5510385739596586
2.4673964791878245 2.7424819450929823
1.4697261324617883 0.8764947501654604
3.760956769902407 0.7895425931124133
0.13139236617433753 0.33664998764306364
3.879105956163697 3.4794377035881063
3.699661363544682 0.30274373110355723
2.5543530299151946 1.4376393812953976
2.21195614535504 4.117238382135601
0.8195135839803381 5.917465734063573
0.5262950809525843 3.729478617019872
4.223988715446148 4.649897356236953
4.228684103991393 5.191510148544839
1.3512225352207874 3.41321563027377
4.461792141062442 5.605668442852565
2.2553296747893876 4.486322782006096
5.233873424906261 1.2649318671309686
2.266891321826142 0.8379761973104853
5.779854148471089 3.420006011548915
3.9888917165131987 1.8642923533539582
3.9859932597072114 4.914071432143696
4.990782981520129 3.372483357996798
3.7899390055603788 5.971998070880125
3.3853994512366143 5.142529867893821
1.9692302079978945 5.098870952017264
1.896489459460557 2.6914731265696625
3.040195786376104 2.102149625764763
0.2953502048419602 2.769110388127244
0.13157602726633097 1.6641001549457086
3.7317282039565987 3.4708694122441877
1.3321021983082788 0.9099380827109125
0.19979259217643386 2.491789891634813
5.241213876595154 0.3516736273484931
3.765000127907499 0.13878739032165063
4.577334245136167 5.003950996410354
6.170132400015383 0.7260467257645665
1.4670852832715193 5.260307159726868
0.14933884072469075 3.246070167747788
0.32617184231699126 0.38075261216860934
5.5948760925921155 1.1908615350280256
2.5779496730333724 2.572306712995585
1.723889375679812 4.635750657584235
4.872515114306437 0.5213285955097401
2.588432272465316 0.3014525473025949
0.2857221287013974 5.495300295913841
3.8071869852551172 5.862898739211028
4.814586980610036 3.011244953803484
5.005200412331493 1.0808811749205285
3.251922184374048 1.847689577863463
1.9276649320566064 4.918297543219312
