5.281512843234586 2.9733379107912787
5.977015135274603 4.695371184964945
4.211544877912545 1.8186093103689045
5.37992883384839 2.2948172278919508
2.1950726162307506 4.204836491847231
0.4281053116936319 3.8672553216169465
2.451718233819155 0.7669017405822258
1.2652244505302896 3.962459000207118
1.3210098337187348 1.6662403784032747
0.46741132417438797 5.838828428382709
1.8641542068185206 0.16411146784340466
3.474899769531151 5.3571023040179915
4.564282973540257 3.7285054924728516
2.084058670953259 3.364647609654007
5.716216705297189 2.025888307421009
1.7368297204135392 2.1393625758598116
5.32033216700737 3.015940582509251
1.7724758365545197 5.3278443748164355
1.3279224944871133 4.260201204949956
5.183167476265447 3.561083184305166
2.807105596673085 4.8854735605653214
5.215512930253311 4.708553198219692
4.035813113795173 0.18381678994439915
3.62276307734465 1.9502746828188566
4.067209991096451 4.744052259507309
0.08589936160245701 5.385817861593669
1.6106532949558454 5.899070221193302
1.518046017955632 0.027142154482685973
4.950755512986235 4.482880714702873
2.092290332719736 2.877832252318846
4.901317119463982 2.6070131262281517
1.2076893950872338 4.304009165000972
4.46103934618697 4.298418481671364
0.8815768041436104 2.569558706574267
5.228152936248821 5.920002038669342
0.011159991694882701 2.0360015304899695
4.365872329361174 4.598093810656683
5.895126944663031 3.2011240371943717
5.579485019573822 4.643582395055096
4.580463177844391 3.8155028405737923
5.430070141661088 2.161786317920134
2.1289833748491023 1.6305670055856043
3.2517704079602447 2.520417130427628
1.8792784335584223 1.0628767362655318
1.9433475427855122 2.2172716190360764
3.8308965938305275 5.711910224631542
2.9311272955082384 1.4405634979875945
3.100942565109517 5.54805034899265
3.255903165998062 4.470738880476325
2.2747626306168542 5.73221658906157
2.0248810938726933 5.439025340529752
5.572053175093276 5.650107118615264
5.800384387408387 3.1769298066885026
1.4748471390588433 0.4238432170385241
2.012765482134078 5.748728718718764
1.6486836473219464 5.19332923233114
1.6132901736792902 1.021437658422666
1.910371877769722 2.383168496329645
5.0741868627552185 1.1751633284734517
5.565996522886322 3.9137166174576454
3.4091808525202634 5.892829149126692
0.03411303101732601 0.024082668303555984
3.8753513184023722 1.1510765407781958
0.715418962906954 1.2599914346848424
5.879296564832809 1.067838663667324
5.770484902270309 3.1028820971845277
4.065257409687936 0.34771191536485124
0.5048387920071029 3.938277697524937
2.9947312476814565 3.390327208607002
6.209419148236155 4.8551480613353375
1.43239136553065 3.7922127645455856
2.5807895945204287 1.4095189288827117
0.6124470845772556 2.0759392791682645
0.8829489801225405 2.961159667282863
3.501013030153681 1.1176948644367992
5.990895215675254 5.422598928275554
5.645111959063501 1.4595857132631185
5.17361134786417 4.4741075724277595
2.4763514299536795 1.255743055242181
1.0520974644731687 2.08620817063469
5.323595628148566 1.5201359297567134
6.0240749826888464 5.698794850327487
1.8521784734947995 2.567414867025762
5.612253404949778 0.7085064769424466
0.32520937164050234 5.33208615373569
0.9186942583479353 4.15364453406014
3.3519667077411763 2.8815312192091005
3.8896607461174146 1.356297982900063
3.4077724378793173 0.055543038892029446
5.948402909860325 6.165589471869065
3.603452244419282 5.598360205129395
4.592481320401806 2.21708486213813
3.8876703445889937 1.7801746366027467
3.8895163777866637 2.5689372733197375
2.7605828849304834 4.296237812345563
1.652403368453772 3.079727200622583
3.019326491106458 2.856480125425248
5.826634916928571 0.21798691096162082
4.487377988672881 2.615888485620635
0.3049758303080862 5.468149456978769
2.214966317787348 3.933127740234144
5.694119553246284 4.410718207962453
2.8429619213645494 4.5542052660632795
5.119378442806942 5.372428827443481
2.2499907539473316 0.22911002406566353
3.817732527997852 4.140664026516497
5.502574992156903 0.681439018869987
5.221697788350171 0.39169527419391165
2.912961410779086 4.14216143618053
5.9833645544020655 3.96570746911931
0.9909767407207037 1.2270450432044504
2.010291562339723 2.177848816348459
0.7518150944763615 1.0700033546753744
3.918424393850338 0.7893748903194816
2.609038451559476 1.4718221178672848
2.3750527854765258 1.684374161034637
1.4332242144595957 6.22025462953136
2.4203905004586503 6.0442466612469286
3.3618275481214925 3.72234206428974
1.6710823972496527 5.837346623838167
2.81090929277143 4.692011225820557
4.768441239774085 1.2636985883788032
0.9153065898847729 4.026250678536836
4.975789508058398 0.08497325225579364
2.007820503931163 3.613723578639142
4.657926867194189 2.814354567935244
5.224426958074807 5.352915563981982
2.8265396392513784 4.217140629552182
5.1440380804090164 1.143656879993676
1.132948412669309 3.1079947531293333
5.378192333207514 3.4361035475536603
5.968829043831361 3.041018122944462
5.070859697242013 1.8428908035738227
5.577635549175592 3.103259705193053
4.84607269487163 6.249142482804958
1.3656127134525227 6.21431251777189
0.2949676669990245 3.0540955450725797
1.174126753749039 5.3337905078432435
5.169262322054871 1.1867864317011485
5.386718495818301 2.8642757006778012
1.6378402973349515 1.8500782316299793
3.017257106084021 5.025808021113122
2.489815450919817 4.846235967658688
3.7416205403870437 0.1813312547409493
5.805814378222961 3.7084818720128294
5.4166690192867515 2.792056084264266
6.16252441894398 4.624681222463457
2.6785008513986717 3.3309193029079354
0.8271947557607292 1.0670174204982215
2.8643423164291346 0.5443565926360149
