Using interpreter: /scratch/user/u.hm357857/.conda/envs/comets/bin/python
/sw/eb/sw/Anaconda3/2022.10/bin/python
/scratch/user/u.hm357857/.conda/envs/comets
python
python3
python3.1
python3.11
python3.11-config
python3-config
Starting mass fraction simulations
Date: Wed Aug 12 10:17:43 CDT 2026
Host: ac014
Job ID: 2036080
CPUs per task: 1
Nodes allocated: 1
CPUs allocated on this node: 1
Working directory: /scratch/group/p.phy260085.000/Mass_Fraction/Outputs/SLURM_Outputs/Outputs

Using interpreter: /scratch/user/u.hm357857/.conda/envs/comets/bin/python
/sw/eb/sw/Anaconda3/2022.10/bin/python
/scratch/user/u.hm357857/.conda/envs/comets
python
python3
python3.1
python3.11
python3.11-config
python3-config
Starting mass fraction simulations
Date: Wed Aug 12 10:17:52 CDT 2026
Host: ac003
Job ID: 2036081
CPUs per task: 1
Nodes allocated: 1
CPUs allocated on this node: 1
Working directory: /scratch/group/p.phy260085.000/Mass_Fraction/Outputs/SLURM_Outputs/Outputs

