==========================================
Mass Fraction MPI Run
==========================================
Date:               Tue Sep  8 01:45:40 CDT 2026
Host:               ac084
Array job ID:       2099431
Array task ID:      1
MPI ranks:          8
CPUs per task:      1
Nodes allocated:    1
Python:             /scratch/user/u.hm357857/.conda/envs/comets/bin/python
Conda environment:  /scratch/user/u.hm357857/.conda/envs/comets
==========================================

Running 800 simulations with 1 MPI ranks
Rank 0: 800 simulations
Running 800 simulations with 1 MPI ranks
Rank 0: 800 simulations
Running 800 simulations with 1 MPI ranks
Rank 0: 800 simulations
Running 800 simulations with 1 MPI ranks
Rank 0: 800 simulations
Running 800 simulations with 1 MPI ranks
Rank 0: 800 simulations
Running 800 simulations with 1 MPI ranks
Rank 0: 800 simulations
Running 800 simulations with 1 MPI ranks
Rank 0: 800 simulations
Running 800 simulations with 1 MPI ranks
Rank 0: 800 simulations
t=51755  fraction=0.65000  peak_slope=2.914e-05  t_peak=25877  comparison cadence=51755  difference=0.65000  below=0/3
t=52750  fraction=0.65500  peak_slope=2.914e-05  t_peak=25877  comparison cadence=51755  difference=0.65500  below=0/3
t=53745  fraction=0.66500  peak_slope=2.914e-05  t_peak=25877  comparison cadence=51755  difference=0.66500  below=0/3
t=54741  fraction=0.67125  peak_slope=2.914e-05  t_peak=25877  comparison cadence=51755  difference=0.67125  below=0/3
t=55736  fraction=0.68000  peak_slope=2.914e-05  t_peak=25877  comparison cadence=51755  difference=0.68000  below=0/3
t=56731  fraction=0.68625  peak_slope=2.914e-05  t_peak=25877  comparison cadence=51755  difference=0.68625  below=0/3
t=57727  fraction=0.68875  peak_slope=2.914e-05  t_peak=25877  comparison cadence=51755  difference=0.68875  below=0/3
t=58722  fraction=0.69500  peak_slope=2.914e-05  t_peak=25877  comparison cadence=51755  difference=0.69500  below=0/3
t=59717  fraction=0.70250  peak_slope=2.914e-05  t_peak=25877  comparison cadence=51755  difference=0.70250  below=0/3
t=53745  fraction=0.65625  peak_slope=2.863e-05  t_peak=26873  comparison cadence=53745  difference=0.65625  below=0/3
t=60712  fraction=0.71500  peak_slope=2.914e-05  t_peak=25877  comparison cadence=51755  difference=0.71500  below=0/3
t=61708  fraction=0.72250  peak_slope=2.914e-05  t_peak=25877  comparison cadence=51755  difference=0.72250  below=0/3
t=54741  fraction=0.66500  peak_slope=2.863e-05  t_peak=26873  comparison cadence=53745  difference=0.66500  below=0/3
t=62703  fraction=0.72625  peak_slope=2.914e-05  t_peak=25877  comparison cadence=51755  difference=0.72625  below=0/3
t=55736  fraction=0.66875  peak_slope=2.863e-05  t_peak=26873  comparison cadence=53745  difference=0.66875  below=0/3
t=53745  fraction=0.63500  peak_slope=2.863e-05  t_peak=26873  comparison cadence=53745  difference=0.63500  below=0/3
t=63698  fraction=0.73375  peak_slope=2.914e-05  t_peak=25877  comparison cadence=51755  difference=0.73375  below=0/3
t=56731  fraction=0.67625  peak_slope=2.863e-05  t_peak=26873  comparison cadence=53745  difference=0.67625  below=0/3
t=54741  fraction=0.63875  peak_slope=2.863e-05  t_peak=26873  comparison cadence=53745  difference=0.63875  below=0/3
t=64694  fraction=0.73625  peak_slope=2.914e-05  t_peak=25877  comparison cadence=51755  difference=0.73625  below=0/3
t=57727  fraction=0.68625  peak_slope=2.863e-05  t_peak=26873  comparison cadence=53745  difference=0.68625  below=0/3
t=55736  fraction=0.65125  peak_slope=2.863e-05  t_peak=26873  comparison cadence=53745  difference=0.65125  below=0/3
t=65689  fraction=0.73875  peak_slope=2.914e-05  t_peak=25877  comparison cadence=51755  difference=0.73875  below=0/3
t=58722  fraction=0.69125  peak_slope=2.863e-05  t_peak=26873  comparison cadence=53745  difference=0.69125  below=0/3
t=59717  fraction=0.67250  peak_slope=2.663e-05  t_peak=29859  comparison cadence=59717  difference=0.67250  below=0/3
t=66684  fraction=0.74500  peak_slope=2.914e-05  t_peak=25877  comparison cadence=51755  difference=0.74375  below=0/3
t=56731  fraction=0.65375  peak_slope=2.863e-05  t_peak=26873  comparison cadence=53745  difference=0.65375  below=0/3
t=59717  fraction=0.69625  peak_slope=2.863e-05  t_peak=26873  comparison cadence=53745  difference=0.69625  below=0/3
t=60712  fraction=0.67750  peak_slope=2.663e-05  t_peak=29859  comparison cadence=59717  difference=0.67750  below=0/3
t=67679  fraction=0.74750  peak_slope=2.914e-05  t_peak=25877  comparison cadence=51755  difference=0.74125  below=0/3
t=57727  fraction=0.66125  peak_slope=2.863e-05  t_peak=26873  comparison cadence=53745  difference=0.66125  below=0/3
t=60712  fraction=0.69875  peak_slope=2.863e-05  t_peak=26873  comparison cadence=53745  difference=0.69875  below=0/3
t=68675  fraction=0.75125  peak_slope=2.914e-05  t_peak=25877  comparison cadence=51755  difference=0.73625  below=0/3
t=61708  fraction=0.68000  peak_slope=2.663e-05  t_peak=29859  comparison cadence=59717  difference=0.68000  below=0/3
t=61708  fraction=0.70375  peak_slope=2.863e-05  t_peak=26873  comparison cadence=53745  difference=0.70375  below=0/3
t=58722  fraction=0.66375  peak_slope=2.863e-05  t_peak=26873  comparison cadence=53745  difference=0.66375  below=0/3
t=69670  fraction=0.75625  peak_slope=2.914e-05  t_peak=25877  comparison cadence=51755  difference=0.72750  below=0/3
t=62703  fraction=0.68750  peak_slope=2.663e-05  t_peak=29859  comparison cadence=59717  difference=0.68750  below=0/3
t=62703  fraction=0.71375  peak_slope=2.863e-05  t_peak=26873  comparison cadence=53745  difference=0.71375  below=0/3
t=59717  fraction=0.67000  peak_slope=2.863e-05  t_peak=26873  comparison cadence=53745  difference=0.67000  below=0/3
t=59717  fraction=0.69625  peak_slope=3.014e-05  t_peak=29859  comparison cadence=59717  difference=0.69625  below=0/3
t=70665  fraction=0.76000  peak_slope=2.914e-05  t_peak=25877  comparison cadence=51755  difference=0.72250  below=0/3
t=63698  fraction=0.69375  peak_slope=2.663e-05  t_peak=29859  comparison cadence=59717  difference=0.69375  below=0/3
t=63698  fraction=0.71875  peak_slope=2.863e-05  t_peak=26873  comparison cadence=53745  difference=0.71875  below=0/3
t=60712  fraction=0.67250  peak_slope=2.863e-05  t_peak=26873  comparison cadence=53745  difference=0.67250  below=0/3
t=60712  fraction=0.70250  peak_slope=3.014e-05  t_peak=29859  comparison cadence=59717  difference=0.70250  below=0/3
t=71661  fraction=0.76500  peak_slope=2.914e-05  t_peak=25877  comparison cadence=51755  difference=0.71250  below=0/3
t=64694  fraction=0.69750  peak_slope=2.663e-05  t_peak=29859  comparison cadence=59717  difference=0.69750  below=0/3
t=64694  fraction=0.72375  peak_slope=2.863e-05  t_peak=26873  comparison cadence=53745  difference=0.72375  below=0/3
t=61708  fraction=0.67500  peak_slope=2.863e-05  t_peak=26873  comparison cadence=53745  difference=0.67500  below=0/3
t=72656  fraction=0.77125  peak_slope=2.914e-05  t_peak=25877  comparison cadence=51755  difference=0.70000  below=0/3
t=61708  fraction=0.70625  peak_slope=3.014e-05  t_peak=29859  comparison cadence=59717  difference=0.70625  below=0/3
t=65689  fraction=0.73250  peak_slope=2.863e-05  t_peak=26873  comparison cadence=53745  difference=0.73250  below=0/3
t=65689  fraction=0.70625  peak_slope=2.663e-05  t_peak=29859  comparison cadence=59717  difference=0.70625  below=0/3
t=62703  fraction=0.68000  peak_slope=2.863e-05  t_peak=26873  comparison cadence=53745  difference=0.68000  below=0/3
t=73651  fraction=0.77250  peak_slope=2.914e-05  t_peak=25877  comparison cadence=51755  difference=0.66625  below=0/3
t=62703  fraction=0.71250  peak_slope=3.014e-05  t_peak=29859  comparison cadence=59717  difference=0.71250  below=0/3
t=66684  fraction=0.74000  peak_slope=2.863e-05  t_peak=26873  comparison cadence=53745  difference=0.74000  below=0/3
t=66684  fraction=0.71125  peak_slope=2.663e-05  t_peak=29859  comparison cadence=59717  difference=0.71125  below=0/3
t=63698  fraction=0.68375  peak_slope=2.863e-05  t_peak=26873  comparison cadence=53745  difference=0.68375  below=0/3
t=74646  fraction=0.77625  peak_slope=2.914e-05  t_peak=25877  comparison cadence=51755  difference=0.63750  below=0/3
t=63698  fraction=0.71625  peak_slope=3.014e-05  t_peak=29859  comparison cadence=59717  difference=0.71625  below=0/3
t=67679  fraction=0.74500  peak_slope=2.863e-05  t_peak=26873  comparison cadence=53745  difference=0.74500  below=0/3
t=67679  fraction=0.71625  peak_slope=2.663e-05  t_peak=29859  comparison cadence=59717  difference=0.71625  below=0/3
t=75642  fraction=0.78000  peak_slope=2.914e-05  t_peak=25877  comparison cadence=51755  difference=0.61125  below=0/3
t=64694  fraction=0.69000  peak_slope=2.863e-05  t_peak=26873  comparison cadence=53745  difference=0.69000  below=0/3
t=64694  fraction=0.72250  peak_slope=3.014e-05  t_peak=29859  comparison cadence=59717  difference=0.72250  below=0/3
t=68675  fraction=0.75375  peak_slope=2.863e-05  t_peak=26873  comparison cadence=53745  difference=0.75375  below=0/3
t=68675  fraction=0.72000  peak_slope=2.663e-05  t_peak=29859  comparison cadence=59717  difference=0.72000  below=0/3
t=76637  fraction=0.78125  peak_slope=2.914e-05  t_peak=25877  comparison cadence=51755  difference=0.59125  below=0/3
t=65689  fraction=0.69375  peak_slope=2.863e-05  t_peak=26873  comparison cadence=53745  difference=0.69375  below=0/3
t=65689  fraction=0.72625  peak_slope=3.014e-05  t_peak=29859  comparison cadence=59717  difference=0.72625  below=0/3
t=69670  fraction=0.75875  peak_slope=2.863e-05  t_peak=26873  comparison cadence=53745  difference=0.75875  below=0/3
t=69670  fraction=0.72625  peak_slope=2.663e-05  t_peak=29859  comparison cadence=59717  difference=0.72625  below=0/3
t=77632  fraction=0.78625  peak_slope=2.914e-05  t_peak=25877  comparison cadence=51755  difference=0.57000  below=0/3
t=66684  fraction=0.69875  peak_slope=2.863e-05  t_peak=26873  comparison cadence=53745  difference=0.69875  below=0/3
t=70665  fraction=0.76125  peak_slope=2.863e-05  t_peak=26873  comparison cadence=53745  difference=0.75375  below=0/3
t=66684  fraction=0.73250  peak_slope=3.014e-05  t_peak=29859  comparison cadence=59717  difference=0.73250  below=0/3
t=78628  fraction=0.78875  peak_slope=2.914e-05  t_peak=25877  comparison cadence=51755  difference=0.54625  below=0/3
t=70665  fraction=0.73125  peak_slope=2.663e-05  t_peak=29859  comparison cadence=59717  difference=0.73125  below=0/3
t=67679  fraction=0.70250  peak_slope=2.863e-05  t_peak=26873  comparison cadence=53745  difference=0.70250  below=0/3
t=71661  fraction=0.76500  peak_slope=2.863e-05  t_peak=26873  comparison cadence=53745  difference=0.74750  below=0/3
t=67679  fraction=0.73875  peak_slope=3.014e-05  t_peak=29859  comparison cadence=59717  difference=0.73875  below=0/3
t=79623  fraction=0.78875  peak_slope=2.914e-05  t_peak=25877  comparison cadence=51755  difference=0.52750  below=0/3
t=71661  fraction=0.73750  peak_slope=2.663e-05  t_peak=29859  comparison cadence=59717  difference=0.73750  below=0/3
t=49764  fraction=0.62500  peak_slope=2.738e-05  t_peak=24882  comparison cadence=49764  difference=0.62500  below=0/3
t=72656  fraction=0.77000  peak_slope=2.863e-05  t_peak=26873  comparison cadence=53745  difference=0.73625  below=0/3
t=68675  fraction=0.70875  peak_slope=2.863e-05  t_peak=26873  comparison cadence=53745  difference=0.70750  below=0/3
t=68675  fraction=0.73875  peak_slope=3.014e-05  t_peak=29859  comparison cadence=59717  difference=0.73875  below=0/3
t=80618  fraction=0.79000  peak_slope=2.914e-05  t_peak=25877  comparison cadence=51755  difference=0.49750  below=0/3
t=72656  fraction=0.74250  peak_slope=2.663e-05  t_peak=29859  comparison cadence=59717  difference=0.74250  below=0/3
t=73651  fraction=0.77125  peak_slope=2.863e-05  t_peak=26873  comparison cadence=53745  difference=0.72000  below=0/3
t=69670  fraction=0.71750  peak_slope=2.863e-05  t_peak=26873  comparison cadence=53745  difference=0.71500  below=0/3
t=81613  fraction=0.79500  peak_slope=2.914e-05  t_peak=25877  comparison cadence=51755  difference=0.48000  below=0/3
t=69670  fraction=0.74000  peak_slope=3.014e-05  t_peak=29859  comparison cadence=59717  difference=0.74000  below=0/3
t=50760  fraction=0.63750  peak_slope=2.738e-05  t_peak=24882  comparison cadence=49764  difference=0.63750  below=0/3
t=53745  fraction=0.65000  peak_slope=3.140e-05  t_peak=26873  comparison cadence=53745  difference=0.65000  below=0/3
t=73651  fraction=0.74625  peak_slope=2.663e-05  t_peak=29859  comparison cadence=59717  difference=0.74625  below=0/3
t=74646  fraction=0.77750  peak_slope=2.863e-05  t_peak=26873  comparison cadence=53745  difference=0.70375  below=0/3
t=70665  fraction=0.71750  peak_slope=2.863e-05  t_peak=26873  comparison cadence=53745  difference=0.70625  below=0/3
t=82609  fraction=0.79750  peak_slope=2.914e-05  t_peak=25877  comparison cadence=51755  difference=0.45500  below=0/3
t=70665  fraction=0.74250  peak_slope=3.014e-05  t_peak=29859  comparison cadence=59717  difference=0.74250  below=0/3
t=74646  fraction=0.74875  peak_slope=2.663e-05  t_peak=29859  comparison cadence=59717  difference=0.74750  below=0/3
t=54741  fraction=0.65625  peak_slope=3.140e-05  t_peak=26873  comparison cadence=53745  difference=0.65625  below=0/3
t=75642  fraction=0.78000  peak_slope=2.863e-05  t_peak=26873  comparison cadence=53745  difference=0.68750  below=0/3
t=51755  fraction=0.63875  peak_slope=2.738e-05  t_peak=24882  comparison cadence=49764  difference=0.63875  below=0/3
t=83604  fraction=0.79875  peak_slope=2.914e-05  t_peak=25877  comparison cadence=51755  difference=0.43750  below=0/3
t=71661  fraction=0.72125  peak_slope=2.863e-05  t_peak=26873  comparison cadence=53745  difference=0.69250  below=0/3
t=71661  fraction=0.74875  peak_slope=3.014e-05  t_peak=29859  comparison cadence=59717  difference=0.74875  below=0/3
t=75642  fraction=0.75250  peak_slope=2.663e-05  t_peak=29859  comparison cadence=59717  difference=0.75000  below=0/3
t=76637  fraction=0.78375  peak_slope=2.863e-05  t_peak=26873  comparison cadence=53745  difference=0.66250  below=0/3
t=84599  fraction=0.79875  peak_slope=2.914e-05  t_peak=25877  comparison cadence=51755  difference=0.41375  below=0/3
t=55736  fraction=0.66250  peak_slope=3.140e-05  t_peak=26873  comparison cadence=53745  difference=0.66250  below=0/3
t=72656  fraction=0.72750  peak_slope=2.863e-05  t_peak=26873  comparison cadence=53745  difference=0.68000  below=0/3
t=72656  fraction=0.75250  peak_slope=3.014e-05  t_peak=29859  comparison cadence=59717  difference=0.75250  below=0/3
t=52750  fraction=0.64875  peak_slope=2.738e-05  t_peak=24882  comparison cadence=49764  difference=0.64875  below=0/3
t=76637  fraction=0.75625  peak_slope=2.663e-05  t_peak=29859  comparison cadence=59717  difference=0.74625  below=0/3
t=77632  fraction=0.78625  peak_slope=2.863e-05  t_peak=26873  comparison cadence=53745  difference=0.62625  below=0/3
t=85595  fraction=0.80000  peak_slope=2.914e-05  t_peak=25877  comparison cadence=51755  difference=0.39625  below=0/3
t=73651  fraction=0.73000  peak_slope=2.863e-05  t_peak=26873  comparison cadence=53745  difference=0.65875  below=0/3
t=56731  fraction=0.66875  peak_slope=3.140e-05  t_peak=26873  comparison cadence=53745  difference=0.66875  below=0/3
t=73651  fraction=0.75625  peak_slope=3.014e-05  t_peak=29859  comparison cadence=59717  difference=0.75625  below=0/3
t=77632  fraction=0.76000  peak_slope=2.663e-05  t_peak=29859  comparison cadence=59717  difference=0.73875  below=0/3
t=78628  fraction=0.78625  peak_slope=2.863e-05  t_peak=26873  comparison cadence=53745  difference=0.60250  below=0/3
t=86590  fraction=0.80250  peak_slope=2.914e-05  t_peak=25877  comparison cadence=51755  difference=0.37625  below=0/3
t=53745  fraction=0.65500  peak_slope=2.738e-05  t_peak=24882  comparison cadence=49764  difference=0.65500  below=0/3
t=74646  fraction=0.73500  peak_slope=2.863e-05  t_peak=26873  comparison cadence=53745  difference=0.63750  below=0/3
t=74646  fraction=0.75875  peak_slope=3.014e-05  t_peak=29859  comparison cadence=59717  difference=0.75875  below=0/3
t=57727  fraction=0.67875  peak_slope=3.140e-05  t_peak=26873  comparison cadence=53745  difference=0.67875  below=0/3
t=79623  fraction=0.79125  peak_slope=2.863e-05  t_peak=26873  comparison cadence=53745  difference=0.57875  below=0/3
t=78628  fraction=0.76875  peak_slope=2.663e-05  t_peak=29859  comparison cadence=59717  difference=0.73625  below=0/3
t=87585  fraction=0.80500  peak_slope=2.914e-05  t_peak=25877  comparison cadence=51755  difference=0.35750  below=0/3
t=54741  fraction=0.66000  peak_slope=2.738e-05  t_peak=24882  comparison cadence=49764  difference=0.66000  below=0/3
t=75642  fraction=0.73625  peak_slope=2.863e-05  t_peak=26873  comparison cadence=53745  difference=0.62125  below=0/3
t=75642  fraction=0.76250  peak_slope=3.014e-05  t_peak=29859  comparison cadence=59717  difference=0.76250  below=0/3
t=80618  fraction=0.79375  peak_slope=2.863e-05  t_peak=26873  comparison cadence=53745  difference=0.55875  below=0/3
t=88580  fraction=0.80875  peak_slope=2.914e-05  t_peak=25877  comparison cadence=51755  difference=0.34375  below=0/3
t=79623  fraction=0.77375  peak_slope=2.663e-05  t_peak=29859  comparison cadence=59717  difference=0.72750  below=0/3
t=58722  fraction=0.68750  peak_slope=3.140e-05  t_peak=26873  comparison cadence=53745  difference=0.68750  below=0/3
t=76637  fraction=0.74000  peak_slope=2.863e-05  t_peak=26873  comparison cadence=53745  difference=0.59250  below=0/3
t=76637  fraction=0.76625  peak_slope=3.014e-05  t_peak=29859  comparison cadence=59717  difference=0.76250  below=0/3
t=81613  fraction=0.79625  peak_slope=2.863e-05  t_peak=26873  comparison cadence=53745  difference=0.53250  below=0/3
t=89576  fraction=0.80875  peak_slope=2.914e-05  t_peak=25877  comparison cadence=51755  difference=0.33000  below=0/3
t=80618  fraction=0.77875  peak_slope=2.663e-05  t_peak=29859  comparison cadence=59717  difference=0.70875  below=0/3
t=55736  fraction=0.67125  peak_slope=2.738e-05  t_peak=24882  comparison cadence=49764  difference=0.67125  below=0/3
t=59717  fraction=0.69625  peak_slope=3.140e-05  t_peak=26873  comparison cadence=53745  difference=0.69625  below=0/3
t=82609  fraction=0.80000  peak_slope=2.863e-05  t_peak=26873  comparison cadence=53745  difference=0.50250  below=0/3
t=77632  fraction=0.74750  peak_slope=2.863e-05  t_peak=26873  comparison cadence=53745  difference=0.56625  below=0/3
t=77632  fraction=0.77000  peak_slope=3.014e-05  t_peak=29859  comparison cadence=59717  difference=0.75875  below=0/3
t=90571  fraction=0.81250  peak_slope=2.914e-05  t_peak=25877  comparison cadence=51755  difference=0.31500  below=0/3
t=81613  fraction=0.77875  peak_slope=2.663e-05  t_peak=29859  comparison cadence=59717  difference=0.69000  below=0/3
t=56731  fraction=0.67625  peak_slope=2.738e-05  t_peak=24882  comparison cadence=49764  difference=0.67625  below=0/3
t=83604  fraction=0.80375  peak_slope=2.863e-05  t_peak=26873  comparison cadence=53745  difference=0.48500  below=0/3
t=91566  fraction=0.81500  peak_slope=2.914e-05  t_peak=25877  comparison cadence=51755  difference=0.30125  below=0/3
t=60712  fraction=0.70375  peak_slope=3.140e-05  t_peak=26873  comparison cadence=53745  difference=0.70375  below=0/3
t=78628  fraction=0.77250  peak_slope=3.014e-05  t_peak=29859  comparison cadence=59717  difference=0.74375  below=0/3
t=78628  fraction=0.75000  peak_slope=2.863e-05  t_peak=26873  comparison cadence=53745  difference=0.54625  below=0/3
t=82609  fraction=0.78125  peak_slope=2.663e-05  t_peak=29859  comparison cadence=59717  difference=0.66875  below=0/3
t=92562  fraction=0.82000  peak_slope=2.914e-05  t_peak=25877  comparison cadence=51755  difference=0.28875  below=0/3
t=84599  fraction=0.81125  peak_slope=2.863e-05  t_peak=26873  comparison cadence=53745  difference=0.47250  below=0/3
t=79623  fraction=0.78125  peak_slope=3.014e-05  t_peak=29859  comparison cadence=59717  difference=0.74000  below=0/3
t=79623  fraction=0.75125  peak_slope=2.863e-05  t_peak=26873  comparison cadence=53745  difference=0.51500  below=0/3
t=61708  fraction=0.71000  peak_slope=3.140e-05  t_peak=26873  comparison cadence=53745  difference=0.71000  below=0/3
t=57727  fraction=0.68250  peak_slope=2.738e-05  t_peak=24882  comparison cadence=49764  difference=0.68250  below=0/3
t=83604  fraction=0.78375  peak_slope=2.663e-05  t_peak=29859  comparison cadence=59717  difference=0.64625  below=0/3
t=93557  fraction=0.83000  peak_slope=2.914e-05  t_peak=25877  comparison cadence=51755  difference=0.28750  below=0/3
t=85595  fraction=0.81250  peak_slope=2.863e-05  t_peak=26873  comparison cadence=53745  difference=0.45875  below=0/3
t=80618  fraction=0.78500  peak_slope=3.014e-05  t_peak=29859  comparison cadence=59717  difference=0.73625  below=0/3
t=80618  fraction=0.75250  peak_slope=2.863e-05  t_peak=26873  comparison cadence=53745  difference=0.49500  below=0/3
t=84599  fraction=0.78625  peak_slope=2.663e-05  t_peak=29859  comparison cadence=59717  difference=0.62750  below=0/3
t=62703  fraction=0.71250  peak_slope=3.140e-05  t_peak=26873  comparison cadence=53745  difference=0.71250  below=0/3
t=94552  fraction=0.83250  peak_slope=2.914e-05  t_peak=25877  comparison cadence=51755  difference=0.27875  below=0/3
t=58722  fraction=0.68500  peak_slope=2.738e-05  t_peak=24882  comparison cadence=49764  difference=0.68500  below=0/3
t=86590  fraction=0.81500  peak_slope=2.863e-05  t_peak=26873  comparison cadence=53745  difference=0.44250  below=0/3
t=81613  fraction=0.79000  peak_slope=3.014e-05  t_peak=29859  comparison cadence=59717  difference=0.72125  below=0/3
t=81613  fraction=0.75625  peak_slope=2.863e-05  t_peak=26873  comparison cadence=53745  difference=0.47500  below=0/3
t=85595  fraction=0.78750  peak_slope=2.663e-05  t_peak=29859  comparison cadence=59717  difference=0.59875  below=0/3
t=95547  fraction=0.83250  peak_slope=2.914e-05  t_peak=25877  comparison cadence=51755  difference=0.27000  below=0/3
t=63698  fraction=0.71500  peak_slope=3.140e-05  t_peak=26873  comparison cadence=53745  difference=0.71500  below=0/3
t=87585  fraction=0.81625  peak_slope=2.863e-05  t_peak=26873  comparison cadence=53745  difference=0.42625  below=0/3
t=82609  fraction=0.79250  peak_slope=3.014e-05  t_peak=29859  comparison cadence=59717  difference=0.70125  below=0/3
t=59717  fraction=0.69125  peak_slope=2.738e-05  t_peak=24882  comparison cadence=49764  difference=0.69125  below=0/3
t=82609  fraction=0.76000  peak_slope=2.863e-05  t_peak=26873  comparison cadence=53745  difference=0.45750  below=0/3
t=86590  fraction=0.79125  peak_slope=2.663e-05  t_peak=29859  comparison cadence=59717  difference=0.58250  below=0/3
t=96543  fraction=0.83375  peak_slope=2.914e-05  t_peak=25877  comparison cadence=51755  difference=0.25500  below=0/3
t=88580  fraction=0.82000  peak_slope=2.863e-05  t_peak=26873  comparison cadence=53745  difference=0.40875  below=0/3
t=64694  fraction=0.72250  peak_slope=3.140e-05  t_peak=26873  comparison cadence=53745  difference=0.72250  below=0/3
t=83604  fraction=0.79875  peak_slope=3.014e-05  t_peak=29859  comparison cadence=59717  difference=0.68375  below=0/3
t=83604  fraction=0.76375  peak_slope=2.863e-05  t_peak=26873  comparison cadence=53745  difference=0.43750  below=0/3
t=87585  fraction=0.79125  peak_slope=2.663e-05  t_peak=29859  comparison cadence=59717  difference=0.56000  below=0/3
t=97538  fraction=0.83375  peak_slope=2.914e-05  t_peak=25877  comparison cadence=51755  difference=0.24250  below=0/3
t=89576  fraction=0.82000  peak_slope=2.863e-05  t_peak=26873  comparison cadence=53745  difference=0.39000  below=0/3
t=60712  fraction=0.69750  peak_slope=2.738e-05  t_peak=24882  comparison cadence=49764  difference=0.69750  below=0/3
t=84599  fraction=0.80250  peak_slope=3.014e-05  t_peak=29859  comparison cadence=59717  difference=0.66750  below=0/3
t=65689  fraction=0.72750  peak_slope=3.140e-05  t_peak=26873  comparison cadence=53745  difference=0.72750  below=0/3
t=84599  fraction=0.76750  peak_slope=2.863e-05  t_peak=26873  comparison cadence=53745  difference=0.42750  below=0/3
t=98533  fraction=0.83500  peak_slope=2.914e-05  t_peak=25877  comparison cadence=51755  difference=0.23875  below=0/3
t=88580  fraction=0.79625  peak_slope=2.663e-05  t_peak=29859  comparison cadence=59717  difference=0.53125  below=0/3
Saved 119 remaining particles to /scratch/group/p.phy260085.000/Mass_Fraction/Outputs/Ejection_Results/remaining_particles_2099431_1.csv
t=90571  fraction=0.82250  peak_slope=2.863e-05  t_peak=26873  comparison cadence=53745  difference=0.37250  below=0/3
t=61708  fraction=0.70375  peak_slope=2.738e-05  t_peak=24882  comparison cadence=49764  difference=0.70375  below=0/3
t=85595  fraction=0.80625  peak_slope=3.014e-05  t_peak=29859  comparison cadence=59717  difference=0.63125  below=0/3
t=89576  fraction=0.80000  peak_slope=2.663e-05  t_peak=29859  comparison cadence=59717  difference=0.50875  below=0/3
t=85595  fraction=0.76875  peak_slope=2.863e-05  t_peak=26873  comparison cadence=53745  difference=0.40500  below=0/3
t=66684  fraction=0.73125  peak_slope=3.140e-05  t_peak=26873  comparison cadence=53745  difference=0.73125  below=0/3
t=91566  fraction=0.82625  peak_slope=2.863e-05  t_peak=26873  comparison cadence=53745  difference=0.36000  below=0/3
t=51755  fraction=0.66375  peak_slope=2.612e-05  t_peak=25877  comparison cadence=51755  difference=0.66375  below=0/3
t=86590  fraction=0.80750  peak_slope=3.014e-05  t_peak=29859  comparison cadence=59717  difference=0.60125  below=0/3
t=90571  fraction=0.80500  peak_slope=2.663e-05  t_peak=29859  comparison cadence=59717  difference=0.49875  below=0/3
t=86590  fraction=0.77000  peak_slope=2.863e-05  t_peak=26873  comparison cadence=53745  difference=0.39250  below=0/3
t=92562  fraction=0.83000  peak_slope=2.863e-05  t_peak=26873  comparison cadence=53745  difference=0.34375  below=0/3
t=62703  fraction=0.70750  peak_slope=2.738e-05  t_peak=24882  comparison cadence=49764  difference=0.70750  below=0/3
t=67679  fraction=0.73125  peak_slope=3.140e-05  t_peak=26873  comparison cadence=53745  difference=0.73125  below=0/3
t=87585  fraction=0.81000  peak_slope=3.014e-05  t_peak=29859  comparison cadence=59717  difference=0.58000  below=0/3
t=93557  fraction=0.83375  peak_slope=2.863e-05  t_peak=26873  comparison cadence=53745  difference=0.33375  below=0/3
t=91566  fraction=0.81000  peak_slope=2.663e-05  t_peak=29859  comparison cadence=59717  difference=0.47875  below=0/3
t=52750  fraction=0.67500  peak_slope=2.612e-05  t_peak=25877  comparison cadence=51755  difference=0.67500  below=0/3
t=87585  fraction=0.77125  peak_slope=2.863e-05  t_peak=26873  comparison cadence=53745  difference=0.37500  below=0/3
t=63698  fraction=0.71250  peak_slope=2.738e-05  t_peak=24882  comparison cadence=49764  difference=0.71250  below=0/3
t=68675  fraction=0.73500  peak_slope=3.140e-05  t_peak=26873  comparison cadence=53745  difference=0.73250  below=0/3
t=88580  fraction=0.81500  peak_slope=3.014e-05  t_peak=29859  comparison cadence=59717  difference=0.55375  below=0/3
t=94552  fraction=0.83500  peak_slope=2.863e-05  t_peak=26873  comparison cadence=53745  difference=0.32000  below=0/3
t=92562  fraction=0.81375  peak_slope=2.663e-05  t_peak=29859  comparison cadence=59717  difference=0.46250  below=0/3
t=88580  fraction=0.77375  peak_slope=2.863e-05  t_peak=26873  comparison cadence=53745  difference=0.36125  below=0/3
t=53745  fraction=0.68250  peak_slope=2.612e-05  t_peak=25877  comparison cadence=51755  difference=0.68250  below=0/3
t=95547  fraction=0.83625  peak_slope=2.863e-05  t_peak=26873  comparison cadence=53745  difference=0.30625  below=0/3
t=69670  fraction=0.73750  peak_slope=3.140e-05  t_peak=26873  comparison cadence=53745  difference=0.73250  below=0/3
t=89576  fraction=0.81500  peak_slope=3.014e-05  t_peak=29859  comparison cadence=59717  difference=0.53000  below=0/3
t=93557  fraction=0.81500  peak_slope=2.663e-05  t_peak=29859  comparison cadence=59717  difference=0.43875  below=0/3
t=64694  fraction=0.71875  peak_slope=2.738e-05  t_peak=24882  comparison cadence=49764  difference=0.71750  below=0/3
t=89576  fraction=0.77500  peak_slope=2.863e-05  t_peak=26873  comparison cadence=53745  difference=0.33875  below=0/3
t=96543  fraction=0.83875  peak_slope=2.863e-05  t_peak=26873  comparison cadence=53745  difference=0.29250  below=0/3
t=90571  fraction=0.81875  peak_slope=3.014e-05  t_peak=29859  comparison cadence=59717  difference=0.50625  below=0/3
t=94552  fraction=0.81750  peak_slope=2.663e-05  t_peak=29859  comparison cadence=59717  difference=0.42250  below=0/3
t=70665  fraction=0.74250  peak_slope=3.140e-05  t_peak=26873  comparison cadence=53745  difference=0.73125  below=0/3
t=90571  fraction=0.77875  peak_slope=2.863e-05  t_peak=26873  comparison cadence=53745  difference=0.32000  below=0/3
t=54741  fraction=0.68375  peak_slope=2.612e-05  t_peak=25877  comparison cadence=51755  difference=0.68375  below=0/3
t=65689  fraction=0.72375  peak_slope=2.738e-05  t_peak=24882  comparison cadence=49764  difference=0.72125  below=0/3
t=97538  fraction=0.83875  peak_slope=2.863e-05  t_peak=26873  comparison cadence=53745  difference=0.28000  below=0/3
t=91566  fraction=0.81875  peak_slope=3.014e-05  t_peak=29859  comparison cadence=59717  difference=0.47250  below=0/3
t=95547  fraction=0.82125  peak_slope=2.663e-05  t_peak=29859  comparison cadence=59717  difference=0.40250  below=0/3
t=91566  fraction=0.78125  peak_slope=2.863e-05  t_peak=26873  comparison cadence=53745  difference=0.30625  below=0/3
t=71661  fraction=0.74375  peak_slope=3.140e-05  t_peak=26873  comparison cadence=53745  difference=0.73000  below=0/3
t=98533  fraction=0.84125  peak_slope=2.863e-05  t_peak=26873  comparison cadence=53745  difference=0.26750  below=0/3
Saved 119 remaining particles to /scratch/group/p.phy260085.000/Mass_Fraction/Outputs/Ejection_Results/remaining_particles_2099431_1.csv
t=55736  fraction=0.69000  peak_slope=2.612e-05  t_peak=25877  comparison cadence=51755  difference=0.69000  below=0/3
t=66684  fraction=0.72875  peak_slope=2.738e-05  t_peak=24882  comparison cadence=49764  difference=0.71750  below=0/3
t=92562  fraction=0.82375  peak_slope=3.014e-05  t_peak=29859  comparison cadence=59717  difference=0.46125  below=0/3
t=96543  fraction=0.82250  peak_slope=2.663e-05  t_peak=29859  comparison cadence=59717  difference=0.39375  below=0/3
t=92562  fraction=0.78375  peak_slope=2.863e-05  t_peak=26873  comparison cadence=53745  difference=0.28875  below=0/3
t=72656  fraction=0.75000  peak_slope=3.140e-05  t_peak=26873  comparison cadence=53745  difference=0.72000  below=0/3
t=93557  fraction=0.82625  peak_slope=3.014e-05  t_peak=29859  comparison cadence=59717  difference=0.43625  below=0/3
t=97538  fraction=0.82750  peak_slope=2.663e-05  t_peak=29859  comparison cadence=59717  difference=0.38250  below=0/3
t=67679  fraction=0.73125  peak_slope=2.738e-05  t_peak=24882  comparison cadence=49764  difference=0.71125  below=0/3
t=93557  fraction=0.78375  peak_slope=2.863e-05  t_peak=26873  comparison cadence=53745  difference=0.28125  below=0/3
t=56731  fraction=0.70125  peak_slope=2.612e-05  t_peak=25877  comparison cadence=51755  difference=0.70125  below=0/3
t=73651  fraction=0.75500  peak_slope=3.140e-05  t_peak=26873  comparison cadence=53745  difference=0.69625  below=0/3
t=94552  fraction=0.82625  peak_slope=3.014e-05  t_peak=29859  comparison cadence=59717  difference=0.41875  below=0/3
t=98533  fraction=0.82875  peak_slope=2.663e-05  t_peak=29859  comparison cadence=59717  difference=0.35875  below=0/3
Saved 127 remaining particles to /scratch/group/p.phy260085.000/Mass_Fraction/Outputs/Ejection_Results/remaining_particles_2099431_1.csv
t=94552  fraction=0.78625  peak_slope=2.863e-05  t_peak=26873  comparison cadence=53745  difference=0.26375  below=0/3
t=68675  fraction=0.73625  peak_slope=2.738e-05  t_peak=24882  comparison cadence=49764  difference=0.70875  below=0/3
t=95547  fraction=0.82750  peak_slope=3.014e-05  t_peak=29859  comparison cadence=59717  difference=0.40250  below=0/3
t=74646  fraction=0.75875  peak_slope=3.140e-05  t_peak=26873  comparison cadence=53745  difference=0.68625  below=0/3
t=57727  fraction=0.70875  peak_slope=2.612e-05  t_peak=25877  comparison cadence=51755  difference=0.70875  below=0/3
t=95547  fraction=0.79375  peak_slope=2.863e-05  t_peak=26873  comparison cadence=53745  difference=0.25750  below=0/3
t=96543  fraction=0.82875  peak_slope=3.014e-05  t_peak=29859  comparison cadence=59717  difference=0.38000  below=0/3
t=69670  fraction=0.73750  peak_slope=2.738e-05  t_peak=24882  comparison cadence=49764  difference=0.69500  below=0/3
t=75642  fraction=0.76125  peak_slope=3.140e-05  t_peak=26873  comparison cadence=53745  difference=0.67125  below=0/3
t=96543  fraction=0.79625  peak_slope=2.863e-05  t_peak=26873  comparison cadence=53745  difference=0.24875  below=0/3
t=58722  fraction=0.71125  peak_slope=2.612e-05  t_peak=25877  comparison cadence=51755  difference=0.71125  below=0/3
t=97538  fraction=0.83000  peak_slope=3.014e-05  t_peak=29859  comparison cadence=59717  difference=0.36000  below=0/3
t=97538  fraction=0.79625  peak_slope=2.863e-05  t_peak=26873  comparison cadence=53745  difference=0.23125  below=0/3
t=70665  fraction=0.73750  peak_slope=2.738e-05  t_peak=24882  comparison cadence=49764  difference=0.66875  below=0/3
t=76637  fraction=0.76250  peak_slope=3.140e-05  t_peak=26873  comparison cadence=53745  difference=0.64125  below=0/3
t=98533  fraction=0.83500  peak_slope=3.014e-05  t_peak=29859  comparison cadence=59717  difference=0.34375  below=0/3
Saved 126 remaining particles to /scratch/group/p.phy260085.000/Mass_Fraction/Outputs/Ejection_Results/remaining_particles_2099431_1.csv
t=59717  fraction=0.71375  peak_slope=2.612e-05  t_peak=25877  comparison cadence=51755  difference=0.71375  below=0/3
t=98533  fraction=0.79625  peak_slope=2.863e-05  t_peak=26873  comparison cadence=53745  difference=0.22750  below=0/3
Saved 148 remaining particles to /scratch/group/p.phy260085.000/Mass_Fraction/Outputs/Ejection_Results/remaining_particles_2099431_1.csv
t=77632  fraction=0.76500  peak_slope=3.140e-05  t_peak=26873  comparison cadence=53745  difference=0.61750  below=0/3
t=71661  fraction=0.74125  peak_slope=2.738e-05  t_peak=24882  comparison cadence=49764  difference=0.64250  below=0/3
t=60712  fraction=0.71875  peak_slope=2.612e-05  t_peak=25877  comparison cadence=51755  difference=0.71875  below=0/3
t=78628  fraction=0.76750  peak_slope=3.140e-05  t_peak=26873  comparison cadence=53745  difference=0.59250  below=0/3
t=72656  fraction=0.74375  peak_slope=2.738e-05  t_peak=24882  comparison cadence=49764  difference=0.61625  below=0/3
t=79623  fraction=0.76750  peak_slope=3.140e-05  t_peak=26873  comparison cadence=53745  difference=0.55375  below=0/3
t=61708  fraction=0.72375  peak_slope=2.612e-05  t_peak=25877  comparison cadence=51755  difference=0.72375  below=0/3
t=73651  fraction=0.74625  peak_slope=2.738e-05  t_peak=24882  comparison cadence=49764  difference=0.59250  below=0/3
t=80618  fraction=0.77250  peak_slope=3.140e-05  t_peak=26873  comparison cadence=53745  difference=0.52625  below=0/3
t=74646  fraction=0.74875  peak_slope=2.738e-05  t_peak=24882  comparison cadence=49764  difference=0.57000  below=0/3
t=62703  fraction=0.73000  peak_slope=2.612e-05  t_peak=25877  comparison cadence=51755  difference=0.73000  below=0/3
t=81613  fraction=0.77750  peak_slope=3.140e-05  t_peak=26873  comparison cadence=53745  difference=0.51250  below=0/3
t=75642  fraction=0.75500  peak_slope=2.738e-05  t_peak=24882  comparison cadence=49764  difference=0.55375  below=0/3
t=63698  fraction=0.73250  peak_slope=2.612e-05  t_peak=25877  comparison cadence=51755  difference=0.73250  below=0/3
t=82609  fraction=0.78375  peak_slope=3.140e-05  t_peak=26873  comparison cadence=53745  difference=0.49375  below=0/3
t=76637  fraction=0.75875  peak_slope=2.738e-05  t_peak=24882  comparison cadence=49764  difference=0.53500  below=0/3
t=83604  fraction=0.78875  peak_slope=3.140e-05  t_peak=26873  comparison cadence=53745  difference=0.46625  below=0/3
t=64694  fraction=0.73625  peak_slope=2.612e-05  t_peak=25877  comparison cadence=51755  difference=0.73625  below=0/3
t=77632  fraction=0.76000  peak_slope=2.738e-05  t_peak=24882  comparison cadence=49764  difference=0.51250  below=0/3
t=84599  fraction=0.79125  peak_slope=3.140e-05  t_peak=26873  comparison cadence=53745  difference=0.43375  below=0/3
t=65689  fraction=0.73750  peak_slope=2.612e-05  t_peak=25877  comparison cadence=51755  difference=0.73750  below=0/3
t=78628  fraction=0.76250  peak_slope=2.738e-05  t_peak=24882  comparison cadence=49764  difference=0.48875  below=0/3
t=85595  fraction=0.79750  peak_slope=3.140e-05  t_peak=26873  comparison cadence=53745  difference=0.42000  below=0/3
t=66684  fraction=0.74125  peak_slope=2.612e-05  t_peak=25877  comparison cadence=51755  difference=0.74125  below=0/3
t=79623  fraction=0.76875  peak_slope=2.738e-05  t_peak=24882  comparison cadence=49764  difference=0.46375  below=0/3
t=86590  fraction=0.80125  peak_slope=3.140e-05  t_peak=26873  comparison cadence=53745  difference=0.41000  below=0/3
t=67679  fraction=0.74375  peak_slope=2.612e-05  t_peak=25877  comparison cadence=51755  difference=0.74375  below=0/3
t=87585  fraction=0.80375  peak_slope=3.140e-05  t_peak=26873  comparison cadence=53745  difference=0.38250  below=0/3
t=80618  fraction=0.77125  peak_slope=2.738e-05  t_peak=24882  comparison cadence=49764  difference=0.44375  below=0/3
t=88580  fraction=0.80625  peak_slope=3.140e-05  t_peak=26873  comparison cadence=53745  difference=0.36875  below=0/3
t=81613  fraction=0.77250  peak_slope=2.738e-05  t_peak=24882  comparison cadence=49764  difference=0.42250  below=0/3
t=68675  fraction=0.74625  peak_slope=2.612e-05  t_peak=25877  comparison cadence=51755  difference=0.73500  below=0/3
t=89576  fraction=0.80625  peak_slope=3.140e-05  t_peak=26873  comparison cadence=53745  difference=0.35375  below=0/3
t=82609  fraction=0.77625  peak_slope=2.738e-05  t_peak=24882  comparison cadence=49764  difference=0.40250  below=0/3
t=69670  fraction=0.75000  peak_slope=2.612e-05  t_peak=25877  comparison cadence=51755  difference=0.72750  below=0/3
t=90571  fraction=0.81000  peak_slope=3.140e-05  t_peak=26873  comparison cadence=53745  difference=0.34750  below=0/3
t=83604  fraction=0.77750  peak_slope=2.738e-05  t_peak=24882  comparison cadence=49764  difference=0.38750  below=0/3
t=70665  fraction=0.75375  peak_slope=2.612e-05  t_peak=25877  comparison cadence=51755  difference=0.71125  below=0/3
t=91566  fraction=0.81125  peak_slope=3.140e-05  t_peak=26873  comparison cadence=53745  difference=0.33500  below=0/3
t=84599  fraction=0.78375  peak_slope=2.738e-05  t_peak=24882  comparison cadence=49764  difference=0.36500  below=0/3
t=92562  fraction=0.81250  peak_slope=3.140e-05  t_peak=26873  comparison cadence=53745  difference=0.32250  below=0/3
t=71661  fraction=0.75375  peak_slope=2.612e-05  t_peak=25877  comparison cadence=51755  difference=0.68625  below=0/3
t=85595  fraction=0.78750  peak_slope=2.738e-05  t_peak=24882  comparison cadence=49764  difference=0.34750  below=0/3
t=93557  fraction=0.81375  peak_slope=3.140e-05  t_peak=26873  comparison cadence=53745  difference=0.30375  below=0/3
t=72656  fraction=0.76000  peak_slope=2.612e-05  t_peak=25877  comparison cadence=51755  difference=0.66750  below=0/3
t=86590  fraction=0.79000  peak_slope=2.738e-05  t_peak=24882  comparison cadence=49764  difference=0.33500  below=0/3
t=94552  fraction=0.81750  peak_slope=3.140e-05  t_peak=26873  comparison cadence=53745  difference=0.29750  below=0/3
t=73651  fraction=0.76000  peak_slope=2.612e-05  t_peak=25877  comparison cadence=51755  difference=0.64000  below=0/3
t=87585  fraction=0.79250  peak_slope=2.738e-05  t_peak=24882  comparison cadence=49764  difference=0.32250  below=0/3
t=95547  fraction=0.82000  peak_slope=3.140e-05  t_peak=26873  comparison cadence=53745  difference=0.28500  below=0/3
t=74646  fraction=0.76125  peak_slope=2.612e-05  t_peak=25877  comparison cadence=51755  difference=0.61500  below=0/3
t=96543  fraction=0.82250  peak_slope=3.140e-05  t_peak=26873  comparison cadence=53745  difference=0.28000  below=0/3
t=88580  fraction=0.79375  peak_slope=2.738e-05  t_peak=24882  comparison cadence=49764  difference=0.31250  below=0/3
t=97538  fraction=0.82750  peak_slope=3.140e-05  t_peak=26873  comparison cadence=53745  difference=0.27375  below=0/3
t=89576  fraction=0.79625  peak_slope=2.738e-05  t_peak=24882  comparison cadence=49764  difference=0.30000  below=0/3
t=75642  fraction=0.76875  peak_slope=2.612e-05  t_peak=25877  comparison cadence=51755  difference=0.59625  below=0/3
t=98533  fraction=0.82750  peak_slope=3.140e-05  t_peak=26873  comparison cadence=53745  difference=0.26000  below=0/3
Saved 129 remaining particles to /scratch/group/p.phy260085.000/Mass_Fraction/Outputs/Ejection_Results/remaining_particles_2099431_1.csv
t=90571  fraction=0.79875  peak_slope=2.738e-05  t_peak=24882  comparison cadence=49764  difference=0.28875  below=0/3
t=76637  fraction=0.77250  peak_slope=2.612e-05  t_peak=25877  comparison cadence=51755  difference=0.57750  below=0/3
t=91566  fraction=0.80250  peak_slope=2.738e-05  t_peak=24882  comparison cadence=49764  difference=0.28250  below=0/3
t=77632  fraction=0.78000  peak_slope=2.612e-05  t_peak=25877  comparison cadence=51755  difference=0.55750  below=0/3
t=92562  fraction=0.80875  peak_slope=2.738e-05  t_peak=24882  comparison cadence=49764  difference=0.26750  below=0/3
t=78628  fraction=0.78250  peak_slope=2.612e-05  t_peak=25877  comparison cadence=51755  difference=0.53250  below=0/3
t=93557  fraction=0.81250  peak_slope=2.738e-05  t_peak=24882  comparison cadence=49764  difference=0.25750  below=0/3
t=79623  fraction=0.79000  peak_slope=2.612e-05  t_peak=25877  comparison cadence=51755  difference=0.51875  below=0/3
t=94552  fraction=0.81250  peak_slope=2.738e-05  t_peak=24882  comparison cadence=49764  difference=0.24875  below=0/3
t=80618  fraction=0.79375  peak_slope=2.612e-05  t_peak=25877  comparison cadence=51755  difference=0.49875  below=0/3
t=95547  fraction=0.81500  peak_slope=2.738e-05  t_peak=24882  comparison cadence=49764  difference=0.23875  below=0/3
t=81613  fraction=0.79875  peak_slope=2.612e-05  t_peak=25877  comparison cadence=51755  difference=0.47750  below=0/3
t=96543  fraction=0.81625  peak_slope=2.738e-05  t_peak=24882  comparison cadence=49764  difference=0.23000  below=0/3
t=97538  fraction=0.82125  peak_slope=2.738e-05  t_peak=24882  comparison cadence=49764  difference=0.22625  below=0/3
t=82609  fraction=0.79875  peak_slope=2.612e-05  t_peak=25877  comparison cadence=51755  difference=0.45250  below=0/3
t=98533  fraction=0.82250  peak_slope=2.738e-05  t_peak=24882  comparison cadence=49764  difference=0.21250  below=0/3
Saved 137 remaining particles to /scratch/group/p.phy260085.000/Mass_Fraction/Outputs/Ejection_Results/remaining_particles_2099431_1.csv
t=83604  fraction=0.80375  peak_slope=2.612e-05  t_peak=25877  comparison cadence=51755  difference=0.43875  below=0/3
t=84599  fraction=0.80375  peak_slope=2.612e-05  t_peak=25877  comparison cadence=51755  difference=0.41750  below=0/3
t=85595  fraction=0.80750  peak_slope=2.612e-05  t_peak=25877  comparison cadence=51755  difference=0.40500  below=0/3
t=86590  fraction=0.81000  peak_slope=2.612e-05  t_peak=25877  comparison cadence=51755  difference=0.38500  below=0/3
t=87585  fraction=0.81375  peak_slope=2.612e-05  t_peak=25877  comparison cadence=51755  difference=0.37750  below=0/3
t=88580  fraction=0.81625  peak_slope=2.612e-05  t_peak=25877  comparison cadence=51755  difference=0.35875  below=0/3
t=89576  fraction=0.81750  peak_slope=2.612e-05  t_peak=25877  comparison cadence=51755  difference=0.34625  below=0/3
t=90571  fraction=0.82125  peak_slope=2.612e-05  t_peak=25877  comparison cadence=51755  difference=0.33625  below=0/3
t=91566  fraction=0.82125  peak_slope=2.612e-05  t_peak=25877  comparison cadence=51755  difference=0.32500  below=0/3
t=92562  fraction=0.82250  peak_slope=2.612e-05  t_peak=25877  comparison cadence=51755  difference=0.31250  below=0/3
t=93557  fraction=0.82500  peak_slope=2.612e-05  t_peak=25877  comparison cadence=51755  difference=0.29875  below=0/3
t=94552  fraction=0.82500  peak_slope=2.612e-05  t_peak=25877  comparison cadence=51755  difference=0.28250  below=0/3
t=95547  fraction=0.82625  peak_slope=2.612e-05  t_peak=25877  comparison cadence=51755  difference=0.26875  below=0/3
t=96543  fraction=0.82750  peak_slope=2.612e-05  t_peak=25877  comparison cadence=51755  difference=0.24875  below=0/3
t=97538  fraction=0.83000  peak_slope=2.612e-05  t_peak=25877  comparison cadence=51755  difference=0.23750  below=0/3
t=98533  fraction=0.83625  peak_slope=2.612e-05  t_peak=25877  comparison cadence=51755  difference=0.23000  below=0/3
Saved 122 remaining particles to /scratch/group/p.phy260085.000/Mass_Fraction/Outputs/Ejection_Results/remaining_particles_2099431_1.csv
