==========================================
Mass Fraction MPI Run
==========================================
Date:               Mon Sep  7 22:57:35 CDT 2026
Host:               ac043
Array job ID:       2099431
Array task ID:      0
MPI ranks:          8
CPUs per task:      1
Nodes allocated:    1
Python:             /scratch/user/u.hm357857/.conda/envs/comets/bin/python
Conda environment:  /scratch/user/u.hm357857/.conda/envs/comets
==========================================

Running 800 simulations with 1 MPI ranks
Rank 0: 800 simulations
Running 800 simulations with 1 MPI ranks
Running 800 simulations with 1 MPI ranks
Rank 0: 800 simulations
Rank 0: 800 simulations
Running 800 simulations with 1 MPI ranks
Rank 0: 800 simulations
Running 800 simulations with 1 MPI ranks
Rank 0: 800 simulations
Running 800 simulations with 1 MPI ranks
Rank 0: 800 simulations
Running 800 simulations with 1 MPI ranks
Rank 0: 800 simulations
Running 800 simulations with 1 MPI ranks
Rank 0: 800 simulations
t=37442  fraction=0.64500  peak_slope=4.973e-05  t_peak=18721  comparison cadence=37442  difference=0.64500  below=0/3
t=38427  fraction=0.65500  peak_slope=4.973e-05  t_peak=18721  comparison cadence=37442  difference=0.65500  below=0/3
t=39413  fraction=0.66750  peak_slope=4.973e-05  t_peak=18721  comparison cadence=37442  difference=0.66750  below=0/3
t=40398  fraction=0.68000  peak_slope=4.973e-05  t_peak=18721  comparison cadence=37442  difference=0.68000  below=0/3
t=41383  fraction=0.68750  peak_slope=4.973e-05  t_peak=18721  comparison cadence=37442  difference=0.68750  below=0/3
t=42369  fraction=0.70125  peak_slope=4.973e-05  t_peak=18721  comparison cadence=37442  difference=0.70125  below=0/3
t=43354  fraction=0.70750  peak_slope=4.973e-05  t_peak=18721  comparison cadence=37442  difference=0.70750  below=0/3
t=44339  fraction=0.71750  peak_slope=4.973e-05  t_peak=18721  comparison cadence=37442  difference=0.71750  below=0/3
t=45325  fraction=0.72625  peak_slope=4.973e-05  t_peak=18721  comparison cadence=37442  difference=0.72625  below=0/3
t=46310  fraction=0.73625  peak_slope=4.973e-05  t_peak=18721  comparison cadence=37442  difference=0.73625  below=0/3
t=35471  fraction=0.65125  peak_slope=4.440e-05  t_peak=17736  comparison cadence=35471  difference=0.65125  below=0/3
t=47295  fraction=0.73875  peak_slope=4.973e-05  t_peak=18721  comparison cadence=37442  difference=0.73875  below=0/3
t=36457  fraction=0.66750  peak_slope=4.440e-05  t_peak=17736  comparison cadence=35471  difference=0.66750  below=0/3
t=48281  fraction=0.74125  peak_slope=4.973e-05  t_peak=18721  comparison cadence=37442  difference=0.72875  below=0/3
t=35471  fraction=0.66500  peak_slope=4.567e-05  t_peak=17736  comparison cadence=35471  difference=0.66500  below=0/3
t=49266  fraction=0.74750  peak_slope=4.973e-05  t_peak=18721  comparison cadence=37442  difference=0.72250  below=0/3
t=37442  fraction=0.67500  peak_slope=4.440e-05  t_peak=17736  comparison cadence=35471  difference=0.67500  below=0/3
t=36457  fraction=0.67375  peak_slope=4.567e-05  t_peak=17736  comparison cadence=35471  difference=0.67375  below=0/3
t=50251  fraction=0.75375  peak_slope=4.973e-05  t_peak=18721  comparison cadence=37442  difference=0.70000  below=0/3
t=38427  fraction=0.68375  peak_slope=4.440e-05  t_peak=17736  comparison cadence=35471  difference=0.68375  below=0/3
t=51236  fraction=0.75500  peak_slope=4.973e-05  t_peak=18721  comparison cadence=37442  difference=0.66375  below=0/3
t=37442  fraction=0.68625  peak_slope=4.567e-05  t_peak=17736  comparison cadence=35471  difference=0.68625  below=0/3
t=39413  fraction=0.69125  peak_slope=4.440e-05  t_peak=17736  comparison cadence=35471  difference=0.69125  below=0/3
t=52222  fraction=0.76125  peak_slope=4.973e-05  t_peak=18721  comparison cadence=37442  difference=0.61875  below=0/3
t=38427  fraction=0.69250  peak_slope=4.567e-05  t_peak=17736  comparison cadence=35471  difference=0.69250  below=0/3
t=35471  fraction=0.66750  peak_slope=4.567e-05  t_peak=17736  comparison cadence=35471  difference=0.66750  below=0/3
t=53207  fraction=0.76750  peak_slope=4.973e-05  t_peak=18721  comparison cadence=37442  difference=0.57500  below=0/3
t=40398  fraction=0.69750  peak_slope=4.440e-05  t_peak=17736  comparison cadence=35471  difference=0.69750  below=0/3
t=54192  fraction=0.77750  peak_slope=4.973e-05  t_peak=18721  comparison cadence=37442  difference=0.53000  below=0/3
t=39413  fraction=0.70000  peak_slope=4.567e-05  t_peak=17736  comparison cadence=35471  difference=0.70000  below=0/3
t=36457  fraction=0.67875  peak_slope=4.567e-05  t_peak=17736  comparison cadence=35471  difference=0.67875  below=0/3
t=37442  fraction=0.68500  peak_slope=5.125e-05  t_peak=18721  comparison cadence=37442  difference=0.68500  below=0/3
t=41383  fraction=0.70750  peak_slope=4.440e-05  t_peak=17736  comparison cadence=35471  difference=0.70750  below=0/3
t=55178  fraction=0.77875  peak_slope=4.973e-05  t_peak=18721  comparison cadence=37442  difference=0.48250  below=0/3
t=40398  fraction=0.70750  peak_slope=4.567e-05  t_peak=17736  comparison cadence=35471  difference=0.70750  below=0/3
t=42369  fraction=0.71000  peak_slope=4.440e-05  t_peak=17736  comparison cadence=35471  difference=0.71000  below=0/3
t=56163  fraction=0.78125  peak_slope=4.973e-05  t_peak=18721  comparison cadence=37442  difference=0.44500  below=0/3
t=37442  fraction=0.68250  peak_slope=4.567e-05  t_peak=17736  comparison cadence=35471  difference=0.68250  below=0/3
t=38427  fraction=0.70125  peak_slope=5.125e-05  t_peak=18721  comparison cadence=37442  difference=0.70125  below=0/3
t=57148  fraction=0.78375  peak_slope=4.973e-05  t_peak=18721  comparison cadence=37442  difference=0.41125  below=0/3
t=41383  fraction=0.71500  peak_slope=4.567e-05  t_peak=17736  comparison cadence=35471  difference=0.71500  below=0/3
t=43354  fraction=0.72000  peak_slope=4.440e-05  t_peak=17736  comparison cadence=35471  difference=0.72000  below=0/3
t=38427  fraction=0.69125  peak_slope=4.567e-05  t_peak=17736  comparison cadence=35471  difference=0.69125  below=0/3
t=39413  fraction=0.71000  peak_slope=5.125e-05  t_peak=18721  comparison cadence=37442  difference=0.71000  below=0/3
t=58134  fraction=0.78750  peak_slope=4.973e-05  t_peak=18721  comparison cadence=37442  difference=0.39000  below=0/3
t=42369  fraction=0.71875  peak_slope=4.567e-05  t_peak=17736  comparison cadence=35471  difference=0.71875  below=0/3
t=44339  fraction=0.72750  peak_slope=4.440e-05  t_peak=17736  comparison cadence=35471  difference=0.72750  below=0/3
t=59119  fraction=0.79000  peak_slope=4.973e-05  t_peak=18721  comparison cadence=37442  difference=0.36875  below=0/3
t=37442  fraction=0.66375  peak_slope=4.745e-05  t_peak=18721  comparison cadence=37442  difference=0.66375  below=0/3
t=40398  fraction=0.71375  peak_slope=5.125e-05  t_peak=18721  comparison cadence=37442  difference=0.71375  below=0/3
t=39413  fraction=0.70250  peak_slope=4.567e-05  t_peak=17736  comparison cadence=35471  difference=0.70250  below=0/3
t=60104  fraction=0.79500  peak_slope=4.973e-05  t_peak=18721  comparison cadence=37442  difference=0.35000  below=0/3
t=43354  fraction=0.72500  peak_slope=4.567e-05  t_peak=17736  comparison cadence=35471  difference=0.72500  below=0/3
t=45325  fraction=0.73125  peak_slope=4.440e-05  t_peak=17736  comparison cadence=35471  difference=0.73125  below=0/3
t=41383  fraction=0.72125  peak_slope=5.125e-05  t_peak=18721  comparison cadence=37442  difference=0.72125  below=0/3
t=61090  fraction=0.79875  peak_slope=4.973e-05  t_peak=18721  comparison cadence=37442  difference=0.33500  below=0/3
t=38427  fraction=0.67125  peak_slope=4.745e-05  t_peak=18721  comparison cadence=37442  difference=0.67125  below=0/3
t=40398  fraction=0.70875  peak_slope=4.567e-05  t_peak=17736  comparison cadence=35471  difference=0.70875  below=0/3
t=46310  fraction=0.73875  peak_slope=4.440e-05  t_peak=17736  comparison cadence=35471  difference=0.73125  below=0/3
t=44339  fraction=0.72875  peak_slope=4.567e-05  t_peak=17736  comparison cadence=35471  difference=0.72875  below=0/3
t=62075  fraction=0.80000  peak_slope=4.973e-05  t_peak=18721  comparison cadence=37442  difference=0.32375  below=0/3
t=42369  fraction=0.72625  peak_slope=5.125e-05  t_peak=18721  comparison cadence=37442  difference=0.72625  below=0/3
t=41383  fraction=0.71500  peak_slope=4.567e-05  t_peak=17736  comparison cadence=35471  difference=0.71500  below=0/3
t=41383  fraction=0.70500  peak_slope=4.288e-05  t_peak=20692  comparison cadence=41383  difference=0.70500  below=0/3
t=39413  fraction=0.67875  peak_slope=4.745e-05  t_peak=18721  comparison cadence=37442  difference=0.67875  below=0/3
t=63060  fraction=0.80250  peak_slope=4.973e-05  t_peak=18721  comparison cadence=37442  difference=0.30125  below=0/3
t=47295  fraction=0.73875  peak_slope=4.440e-05  t_peak=17736  comparison cadence=35471  difference=0.71000  below=0/3
t=45325  fraction=0.73625  peak_slope=4.567e-05  t_peak=17736  comparison cadence=35471  difference=0.73625  below=0/3
t=64046  fraction=0.80625  peak_slope=4.973e-05  t_peak=18721  comparison cadence=37442  difference=0.28750  below=0/3
t=43354  fraction=0.73375  peak_slope=5.125e-05  t_peak=18721  comparison cadence=37442  difference=0.73375  below=0/3
t=42369  fraction=0.72375  peak_slope=4.567e-05  t_peak=17736  comparison cadence=35471  difference=0.72375  below=0/3
t=42369  fraction=0.71250  peak_slope=4.288e-05  t_peak=20692  comparison cadence=41383  difference=0.71250  below=0/3
t=48281  fraction=0.75125  peak_slope=4.440e-05  t_peak=17736  comparison cadence=35471  difference=0.68625  below=0/3
t=40398  fraction=0.68875  peak_slope=4.745e-05  t_peak=18721  comparison cadence=37442  difference=0.68875  below=0/3
t=65031  fraction=0.81250  peak_slope=4.973e-05  t_peak=18721  comparison cadence=37442  difference=0.27250  below=0/3
t=46310  fraction=0.74125  peak_slope=4.567e-05  t_peak=17736  comparison cadence=35471  difference=0.73125  below=0/3
t=66016  fraction=0.81500  peak_slope=4.973e-05  t_peak=18721  comparison cadence=37442  difference=0.26250  below=0/3
t=44339  fraction=0.73875  peak_slope=5.125e-05  t_peak=18721  comparison cadence=37442  difference=0.73875  below=0/3
t=49266  fraction=0.76000  peak_slope=4.440e-05  t_peak=17736  comparison cadence=35471  difference=0.64875  below=0/3
t=43354  fraction=0.71750  peak_slope=4.288e-05  t_peak=20692  comparison cadence=41383  difference=0.71750  below=0/3
t=43354  fraction=0.73375  peak_slope=4.567e-05  t_peak=17736  comparison cadence=35471  difference=0.73375  below=0/3
t=47295  fraction=0.74500  peak_slope=4.567e-05  t_peak=17736  comparison cadence=35471  difference=0.71750  below=0/3
t=41383  fraction=0.69875  peak_slope=4.745e-05  t_peak=18721  comparison cadence=37442  difference=0.69875  below=0/3
t=67002  fraction=0.81625  peak_slope=4.973e-05  t_peak=18721  comparison cadence=37442  difference=0.24625  below=0/3
t=50251  fraction=0.76250  peak_slope=4.440e-05  t_peak=17736  comparison cadence=35471  difference=0.60000  below=0/3
t=45325  fraction=0.74500  peak_slope=5.125e-05  t_peak=18721  comparison cadence=37442  difference=0.74500  below=0/3
t=44339  fraction=0.72375  peak_slope=4.288e-05  t_peak=20692  comparison cadence=41383  difference=0.72375  below=0/3
t=67987  fraction=0.82250  peak_slope=4.973e-05  t_peak=18721  comparison cadence=37442  difference=0.24125  below=0/3
t=44339  fraction=0.74500  peak_slope=4.567e-05  t_peak=17736  comparison cadence=35471  difference=0.74500  below=0/3
t=48281  fraction=0.75250  peak_slope=4.567e-05  t_peak=17736  comparison cadence=35471  difference=0.69750  below=0/3
t=42369  fraction=0.70750  peak_slope=4.745e-05  t_peak=18721  comparison cadence=37442  difference=0.70750  below=0/3
t=68972  fraction=0.82375  peak_slope=4.973e-05  t_peak=18721  comparison cadence=37442  difference=0.23250  below=0/3
t=51236  fraction=0.76375  peak_slope=4.440e-05  t_peak=17736  comparison cadence=35471  difference=0.55375  below=0/3
t=46310  fraction=0.75000  peak_slope=5.125e-05  t_peak=18721  comparison cadence=37442  difference=0.75000  below=0/3
t=45325  fraction=0.72625  peak_slope=4.288e-05  t_peak=20692  comparison cadence=41383  difference=0.72625  below=0/3
t=45325  fraction=0.75250  peak_slope=4.567e-05  t_peak=17736  comparison cadence=35471  difference=0.74750  below=0/3
t=49266  fraction=0.75625  peak_slope=4.567e-05  t_peak=17736  comparison cadence=35471  difference=0.65875  below=0/3
t=69957  fraction=0.82750  peak_slope=4.973e-05  t_peak=18721  comparison cadence=37442  difference=0.22000  below=0/3
t=43354  fraction=0.71000  peak_slope=4.745e-05  t_peak=18721  comparison cadence=37442  difference=0.71000  below=0/3
t=52222  fraction=0.76500  peak_slope=4.440e-05  t_peak=17736  comparison cadence=35471  difference=0.52625  below=0/3
t=70943  fraction=0.83500  peak_slope=4.973e-05  t_peak=18721  comparison cadence=37442  difference=0.22000  below=0/3
t=47295  fraction=0.75500  peak_slope=5.125e-05  t_peak=18721  comparison cadence=37442  difference=0.75500  below=0/3
t=46310  fraction=0.72875  peak_slope=4.288e-05  t_peak=20692  comparison cadence=41383  difference=0.72875  below=0/3
t=50251  fraction=0.76000  peak_slope=4.567e-05  t_peak=17736  comparison cadence=35471  difference=0.61250  below=0/3
t=46310  fraction=0.75875  peak_slope=4.567e-05  t_peak=17736  comparison cadence=35471  difference=0.74750  below=0/3
t=71928  fraction=0.83875  peak_slope=4.973e-05  t_peak=18721  comparison cadence=37442  difference=0.21875  below=0/3
t=53207  fraction=0.77625  peak_slope=4.440e-05  t_peak=17736  comparison cadence=35471  difference=0.49250  below=0/3
t=44339  fraction=0.72125  peak_slope=4.745e-05  t_peak=18721  comparison cadence=37442  difference=0.72125  below=0/3
t=47295  fraction=0.73250  peak_slope=4.288e-05  t_peak=20692  comparison cadence=41383  difference=0.73250  below=0/3
t=48281  fraction=0.75750  peak_slope=5.125e-05  t_peak=18721  comparison cadence=37442  difference=0.75125  below=0/3
t=72913  fraction=0.84000  peak_slope=4.973e-05  t_peak=18721  comparison cadence=37442  difference=0.21375  below=0/3
t=51236  fraction=0.76375  peak_slope=4.567e-05  t_peak=17736  comparison cadence=35471  difference=0.56875  below=0/3
t=47295  fraction=0.76000  peak_slope=4.567e-05  t_peak=17736  comparison cadence=35471  difference=0.72625  below=0/3
t=54192  fraction=0.78000  peak_slope=4.440e-05  t_peak=17736  comparison cadence=35471  difference=0.45750  below=0/3
t=73899  fraction=0.84125  peak_slope=4.973e-05  t_peak=18721  comparison cadence=37442  difference=0.20625  below=0/3
t=45325  fraction=0.72500  peak_slope=4.745e-05  t_peak=18721  comparison cadence=37442  difference=0.72500  below=0/3
t=48281  fraction=0.74125  peak_slope=4.288e-05  t_peak=20692  comparison cadence=41383  difference=0.74125  below=0/3
t=49266  fraction=0.76125  peak_slope=5.125e-05  t_peak=18721  comparison cadence=37442  difference=0.73250  below=0/3
t=52222  fraction=0.76500  peak_slope=4.567e-05  t_peak=17736  comparison cadence=35471  difference=0.53250  below=0/3
t=35471  fraction=0.67125  peak_slope=4.669e-05  t_peak=17736  comparison cadence=35471  difference=0.67125  below=0/3
t=74884  fraction=0.84250  peak_slope=4.973e-05  t_peak=18721  comparison cadence=37442  difference=0.19750  below=0/3
t=48281  fraction=0.76500  peak_slope=4.567e-05  t_peak=17736  comparison cadence=35471  difference=0.69500  below=0/3
t=55178  fraction=0.78125  peak_slope=4.440e-05  t_peak=17736  comparison cadence=35471  difference=0.41375  below=0/3
t=75869  fraction=0.84375  peak_slope=4.973e-05  t_peak=18721  comparison cadence=37442  difference=0.18875  below=0/3
t=46310  fraction=0.73000  peak_slope=4.745e-05  t_peak=18721  comparison cadence=37442  difference=0.73000  below=0/3
t=49266  fraction=0.74625  peak_slope=4.288e-05  t_peak=20692  comparison cadence=41383  difference=0.74625  below=0/3
t=50251  fraction=0.77000  peak_slope=5.125e-05  t_peak=18721  comparison cadence=37442  difference=0.70625  below=0/3
t=53207  fraction=0.76625  peak_slope=4.567e-05  t_peak=17736  comparison cadence=35471  difference=0.48625  below=0/3
t=56163  fraction=0.78375  peak_slope=4.440e-05  t_peak=17736  comparison cadence=35471  difference=0.36500  below=0/3
t=49266  fraction=0.76875  peak_slope=4.567e-05  t_peak=17736  comparison cadence=35471  difference=0.65875  below=0/3
t=76855  fraction=0.84500  peak_slope=4.973e-05  t_peak=18721  comparison cadence=37442  difference=0.17750  below=0/3
t=36457  fraction=0.68250  peak_slope=4.669e-05  t_peak=17736  comparison cadence=35471  difference=0.68250  below=0/3
t=50251  fraction=0.74750  peak_slope=4.288e-05  t_peak=20692  comparison cadence=41383  difference=0.74750  below=0/3
t=47295  fraction=0.73375  peak_slope=4.745e-05  t_peak=18721  comparison cadence=37442  difference=0.73375  below=0/3
t=77840  fraction=0.84750  peak_slope=4.973e-05  t_peak=18721  comparison cadence=37442  difference=0.16750  below=0/3
t=54192  fraction=0.77500  peak_slope=4.567e-05  t_peak=17736  comparison cadence=35471  difference=0.46250  below=0/3
t=57148  fraction=0.78500  peak_slope=4.440e-05  t_peak=17736  comparison cadence=35471  difference=0.33000  below=0/3
t=51236  fraction=0.77375  peak_slope=5.125e-05  t_peak=18721  comparison cadence=37442  difference=0.67250  below=0/3
t=50251  fraction=0.77625  peak_slope=4.567e-05  t_peak=17736  comparison cadence=35471  difference=0.61375  below=0/3
t=78825  fraction=0.84875  peak_slope=4.973e-05  t_peak=18721  comparison cadence=37442  difference=0.16125  below=0/3
t=51236  fraction=0.75750  peak_slope=4.288e-05  t_peak=20692  comparison cadence=41383  difference=0.75750  below=0/3
t=48281  fraction=0.73875  peak_slope=4.745e-05  t_peak=18721  comparison cadence=37442  difference=0.73375  below=0/3
t=58134  fraction=0.79000  peak_slope=4.440e-05  t_peak=17736  comparison cadence=35471  difference=0.31750  below=0/3
t=55178  fraction=0.78125  peak_slope=4.567e-05  t_peak=17736  comparison cadence=35471  difference=0.43375  below=0/3
t=37442  fraction=0.69125  peak_slope=4.669e-05  t_peak=17736  comparison cadence=35471  difference=0.69125  below=0/3
t=52222  fraction=0.77625  peak_slope=5.125e-05  t_peak=18721  comparison cadence=37442  difference=0.63000  below=0/3
t=79811  fraction=0.85500  peak_slope=4.973e-05  t_peak=18721  comparison cadence=37442  difference=0.15375  below=0/3
t=51236  fraction=0.77875  peak_slope=4.567e-05  t_peak=17736  comparison cadence=35471  difference=0.56500  below=0/3
t=80796  fraction=0.85500  peak_slope=4.973e-05  t_peak=18721  comparison cadence=37442  difference=0.14750  below=0/3
t=52222  fraction=0.76250  peak_slope=4.288e-05  t_peak=20692  comparison cadence=41383  difference=0.74875  below=0/3
t=59119  fraction=0.79375  peak_slope=4.440e-05  t_peak=17736  comparison cadence=35471  difference=0.29625  below=0/3
t=56163  fraction=0.78625  peak_slope=4.567e-05  t_peak=17736  comparison cadence=35471  difference=0.40750  below=0/3
t=49266  fraction=0.74750  peak_slope=4.745e-05  t_peak=18721  comparison cadence=37442  difference=0.72375  below=0/3
t=53207  fraction=0.78000  peak_slope=5.125e-05  t_peak=18721  comparison cadence=37442  difference=0.57125  below=0/3
t=52222  fraction=0.78750  peak_slope=4.567e-05  t_peak=17736  comparison cadence=35471  difference=0.53625  below=0/3
t=81781  fraction=0.85500  peak_slope=4.973e-05  t_peak=18721  comparison cadence=37442  difference=0.13750  below=0/3
t=38427  fraction=0.69625  peak_slope=4.669e-05  t_peak=17736  comparison cadence=35471  difference=0.69625  below=0/3
t=60104  fraction=0.80125  peak_slope=4.440e-05  t_peak=17736  comparison cadence=35471  difference=0.28375  below=0/3
t=53207  fraction=0.76875  peak_slope=4.288e-05  t_peak=20692  comparison cadence=41383  difference=0.73750  below=0/3
t=57148  fraction=0.79125  peak_slope=4.567e-05  t_peak=17736  comparison cadence=35471  difference=0.38625  below=0/3
t=82767  fraction=0.85750  peak_slope=4.973e-05  t_peak=18721  comparison cadence=37442  difference=0.13125  below=0/3
t=50251  fraction=0.75125  peak_slope=4.745e-05  t_peak=18721  comparison cadence=37442  difference=0.69500  below=0/3
t=54192  fraction=0.78625  peak_slope=5.125e-05  t_peak=18721  comparison cadence=37442  difference=0.52625  below=0/3
t=53207  fraction=0.79125  peak_slope=4.567e-05  t_peak=17736  comparison cadence=35471  difference=0.49625  below=0/3
t=83752  fraction=0.86125  peak_slope=4.973e-05  t_peak=18721  comparison cadence=37442  difference=0.12500  below=0/3
t=61090  fraction=0.80375  peak_slope=4.440e-05  t_peak=17736  comparison cadence=35471  difference=0.27125  below=0/3
t=54192  fraction=0.77250  peak_slope=4.288e-05  t_peak=20692  comparison cadence=41383  difference=0.71625  below=0/3
t=58134  fraction=0.80125  peak_slope=4.567e-05  t_peak=17736  comparison cadence=35471  difference=0.36125  below=0/3
t=39413  fraction=0.70625  peak_slope=4.669e-05  t_peak=17736  comparison cadence=35471  difference=0.70625  below=0/3
t=51236  fraction=0.75625  peak_slope=4.745e-05  t_peak=18721  comparison cadence=37442  difference=0.65375  below=0/3
t=84737  fraction=0.86375  peak_slope=4.973e-05  t_peak=18721  comparison cadence=37442  difference=0.12500  below=0/3
t=55178  fraction=0.78750  peak_slope=5.125e-05  t_peak=18721  comparison cadence=37442  difference=0.48000  below=0/3
t=54192  fraction=0.80125  peak_slope=4.567e-05  t_peak=17736  comparison cadence=35471  difference=0.47375  below=0/3
t=62075  fraction=0.80875  peak_slope=4.440e-05  t_peak=17736  comparison cadence=35471  difference=0.25625  below=0/3
t=85723  fraction=0.86375  peak_slope=4.973e-05  t_peak=18721  comparison cadence=37442  difference=0.12250  below=0/3
t=55178  fraction=0.77750  peak_slope=4.288e-05  t_peak=20692  comparison cadence=41383  difference=0.68500  below=0/3
t=59119  fraction=0.80250  peak_slope=4.567e-05  t_peak=17736  comparison cadence=35471  difference=0.33000  below=0/3
t=52222  fraction=0.76125  peak_slope=4.745e-05  t_peak=18721  comparison cadence=37442  difference=0.60875  below=0/3
t=56163  fraction=0.79250  peak_slope=5.125e-05  t_peak=18721  comparison cadence=37442  difference=0.43875  below=0/3
t=55178  fraction=0.80625  peak_slope=4.567e-05  t_peak=17736  comparison cadence=35471  difference=0.44000  below=0/3
t=63060  fraction=0.81250  peak_slope=4.440e-05  t_peak=17736  comparison cadence=35471  difference=0.23875  below=0/3
t=40398  fraction=0.71875  peak_slope=4.669e-05  t_peak=17736  comparison cadence=35471  difference=0.71875  below=0/3
t=86708  fraction=0.86500  peak_slope=4.973e-05  t_peak=18721  comparison cadence=37442  difference=0.11750  below=0/3
t=60104  fraction=0.80875  peak_slope=4.567e-05  t_peak=17736  comparison cadence=35471  difference=0.31000  below=0/3
t=56163  fraction=0.78250  peak_slope=4.288e-05  t_peak=20692  comparison cadence=41383  difference=0.65125  below=0/3
t=87693  fraction=0.86500  peak_slope=4.973e-05  t_peak=18721  comparison cadence=37442  difference=0.11125  below=0/3
t=53207  fraction=0.77000  peak_slope=4.745e-05  t_peak=18721  comparison cadence=37442  difference=0.58250  below=0/3
t=64046  fraction=0.81625  peak_slope=4.440e-05  t_peak=17736  comparison cadence=35471  difference=0.23500  below=0/3
t=57148  fraction=0.80250  peak_slope=5.125e-05  t_peak=18721  comparison cadence=37442  difference=0.41625  below=0/3
t=56163  fraction=0.81000  peak_slope=4.567e-05  t_peak=17736  comparison cadence=35471  difference=0.40000  below=0/3
t=88678  fraction=0.86500  peak_slope=4.973e-05  t_peak=18721  comparison cadence=37442  difference=0.11000  below=0/3
t=61090  fraction=0.81000  peak_slope=4.567e-05  t_peak=17736  comparison cadence=35471  difference=0.28750  below=0/3
t=57148  fraction=0.79000  peak_slope=4.288e-05  t_peak=20692  comparison cadence=41383  difference=0.61875  below=0/3
t=41383  fraction=0.72375  peak_slope=4.669e-05  t_peak=17736  comparison cadence=35471  difference=0.72375  below=0/3
t=65031  fraction=0.82125  peak_slope=4.440e-05  t_peak=17736  comparison cadence=35471  difference=0.22375  below=0/3
t=89664  fraction=0.86500  peak_slope=4.973e-05  t_peak=18721  comparison cadence=37442  difference=0.10375  below=0/3
t=58134  fraction=0.80625  peak_slope=5.125e-05  t_peak=18721  comparison cadence=37442  difference=0.39250  below=0/3
t=54192  fraction=0.77500  peak_slope=4.745e-05  t_peak=18721  comparison cadence=37442  difference=0.54500  below=0/3
t=57148  fraction=0.81250  peak_slope=4.567e-05  t_peak=17736  comparison cadence=35471  difference=0.37625  below=0/3
t=62075  fraction=0.81125  peak_slope=4.567e-05  t_peak=17736  comparison cadence=35471  difference=0.26250  below=0/3
t=90649  fraction=0.86625  peak_slope=4.973e-05  t_peak=18721  comparison cadence=37442  difference=0.09875  below=0/3
t=58134  fraction=0.79500  peak_slope=4.288e-05  t_peak=20692  comparison cadence=41383  difference=0.57125  below=0/3
t=66016  fraction=0.82125  peak_slope=4.440e-05  t_peak=17736  comparison cadence=35471  difference=0.21250  below=0/3
t=42369  fraction=0.72750  peak_slope=4.669e-05  t_peak=17736  comparison cadence=35471  difference=0.72750  below=0/3
t=59119  fraction=0.81375  peak_slope=5.125e-05  t_peak=18721  comparison cadence=37442  difference=0.36875  below=0/3
t=91634  fraction=0.86875  peak_slope=4.973e-05  t_peak=18721  comparison cadence=37442  difference=0.09125  below=0/3
t=58134  fraction=0.81625  peak_slope=4.567e-05  t_peak=17736  comparison cadence=35471  difference=0.35250  below=0/3
t=55178  fraction=0.77750  peak_slope=4.745e-05  t_peak=18721  comparison cadence=37442  difference=0.49000  below=0/3
t=63060  fraction=0.81125  peak_slope=4.567e-05  t_peak=17736  comparison cadence=35471  difference=0.24375  below=0/3
t=59119  fraction=0.79500  peak_slope=4.288e-05  t_peak=20692  comparison cadence=41383  difference=0.53000  below=0/3
t=92620  fraction=0.86875  peak_slope=4.973e-05  t_peak=18721  comparison cadence=37442  difference=0.09000  below=0/3
t=67002  fraction=0.82375  peak_slope=4.440e-05  t_peak=17736  comparison cadence=35471  difference=0.20875  below=0/3
t=60104  fraction=0.81625  peak_slope=5.125e-05  t_peak=18721  comparison cadence=37442  difference=0.34250  below=0/3
t=59119  fraction=0.82125  peak_slope=4.567e-05  t_peak=17736  comparison cadence=35471  difference=0.33625  below=0/3
t=56163  fraction=0.77875  peak_slope=4.745e-05  t_peak=18721  comparison cadence=37442  difference=0.44250  below=0/3
t=93605  fraction=0.87000  peak_slope=4.973e-05  t_peak=18721  comparison cadence=37442  difference=0.08875  below=0/3
t=64046  fraction=0.81250  peak_slope=4.567e-05  t_peak=17736  comparison cadence=35471  difference=0.22750  below=0/3
t=43354  fraction=0.73250  peak_slope=4.669e-05  t_peak=17736  comparison cadence=35471  difference=0.73250  below=0/3
t=60104  fraction=0.80250  peak_slope=4.288e-05  t_peak=20692  comparison cadence=41383  difference=0.50875  below=0/3
t=67987  fraction=0.82875  peak_slope=4.440e-05  t_peak=17736  comparison cadence=35471  difference=0.20375  below=0/3
t=94590  fraction=0.87250  peak_slope=4.973e-05  t_peak=18721  comparison cadence=37442  difference=0.08875  below=0/3
t=60104  fraction=0.82625  peak_slope=4.567e-05  t_peak=17736  comparison cadence=35471  difference=0.31250  below=0/3
t=61090  fraction=0.81875  peak_slope=5.125e-05  t_peak=18721  comparison cadence=37442  difference=0.33000  below=0/3
t=57148  fraction=0.78375  peak_slope=4.745e-05  t_peak=18721  comparison cadence=37442  difference=0.40500  below=0/3
t=65031  fraction=0.81250  peak_slope=4.567e-05  t_peak=17736  comparison cadence=35471  difference=0.21500  below=0/3
t=95576  fraction=0.87250  peak_slope=4.973e-05  t_peak=18721  comparison cadence=37442  difference=0.08500  below=0/3
t=68972  fraction=0.83125  peak_slope=4.440e-05  t_peak=17736  comparison cadence=35471  difference=0.19375  below=0/3
t=61090  fraction=0.80375  peak_slope=4.288e-05  t_peak=20692  comparison cadence=41383  difference=0.46875  below=0/3
t=44339  fraction=0.74625  peak_slope=4.669e-05  t_peak=17736  comparison cadence=35471  difference=0.74625  below=0/3
t=96561  fraction=0.87500  peak_slope=4.973e-05  t_peak=18721  comparison cadence=37442  difference=0.08500  below=0/3
t=61090  fraction=0.82875  peak_slope=4.567e-05  t_peak=17736  comparison cadence=35471  difference=0.29875  below=0/3
t=62075  fraction=0.82000  peak_slope=5.125e-05  t_peak=18721  comparison cadence=37442  difference=0.31625  below=0/3
t=58134  fraction=0.78750  peak_slope=4.745e-05  t_peak=18721  comparison cadence=37442  difference=0.37000  below=0/3
t=66016  fraction=0.81625  peak_slope=4.567e-05  t_peak=17736  comparison cadence=35471  difference=0.20625  below=0/3
t=69957  fraction=0.83250  peak_slope=4.440e-05  t_peak=17736  comparison cadence=35471  difference=0.18750  below=0/3
t=62075  fraction=0.80750  peak_slope=4.288e-05  t_peak=20692  comparison cadence=41383  difference=0.42500  below=0/3
t=97546  fraction=0.87625  peak_slope=4.973e-05  t_peak=18721  comparison cadence=37442  difference=0.08125  below=0/3
t=62075  fraction=0.83250  peak_slope=4.567e-05  t_peak=17736  comparison cadence=35471  difference=0.28625  below=0/3
t=98532  fraction=0.87875  peak_slope=4.973e-05  t_peak=18721  comparison cadence=37442  difference=0.08000  below=0/3
t=63060  fraction=0.82500  peak_slope=5.125e-05  t_peak=18721  comparison cadence=37442  difference=0.28750  below=0/3
Saved 72 remaining particles to /scratch/group/p.phy260085.000/Mass_Fraction/Outputs/Ejection_Results/remaining_particles_2099431_0.csv
t=70943  fraction=0.83375  peak_slope=4.440e-05  t_peak=17736  comparison cadence=35471  difference=0.18250  below=0/3
t=67002  fraction=0.82000  peak_slope=4.567e-05  t_peak=17736  comparison cadence=35471  difference=0.19375  below=0/3
t=45325  fraction=0.75000  peak_slope=4.669e-05  t_peak=17736  comparison cadence=35471  difference=0.74875  below=0/3
t=59119  fraction=0.79375  peak_slope=4.745e-05  t_peak=18721  comparison cadence=37442  difference=0.35000  below=0/3
t=63060  fraction=0.81375  peak_slope=4.288e-05  t_peak=20692  comparison cadence=41383  difference=0.40625  below=0/3
t=63060  fraction=0.83625  peak_slope=4.567e-05  t_peak=17736  comparison cadence=35471  difference=0.27000  below=0/3
t=64046  fraction=0.82500  peak_slope=5.125e-05  t_peak=18721  comparison cadence=37442  difference=0.27000  below=0/3
t=71928  fraction=0.83500  peak_slope=4.440e-05  t_peak=17736  comparison cadence=35471  difference=0.16750  below=0/3
t=67987  fraction=0.82250  peak_slope=4.567e-05  t_peak=17736  comparison cadence=35471  difference=0.18750  below=0/3
t=60104  fraction=0.80000  peak_slope=4.745e-05  t_peak=18721  comparison cadence=37442  difference=0.33500  below=0/3
t=64046  fraction=0.81625  peak_slope=4.288e-05  t_peak=20692  comparison cadence=41383  difference=0.38125  below=0/3
t=46310  fraction=0.76000  peak_slope=4.669e-05  t_peak=17736  comparison cadence=35471  difference=0.75250  below=0/3
t=64046  fraction=0.84125  peak_slope=4.567e-05  t_peak=17736  comparison cadence=35471  difference=0.26250  below=0/3
t=72913  fraction=0.84125  peak_slope=4.440e-05  t_peak=17736  comparison cadence=35471  difference=0.16625  below=0/3
t=65031  fraction=0.82750  peak_slope=5.125e-05  t_peak=18721  comparison cadence=37442  difference=0.25625  below=0/3
t=68972  fraction=0.82375  peak_slope=4.567e-05  t_peak=17736  comparison cadence=35471  difference=0.17750  below=0/3
t=65031  fraction=0.81625  peak_slope=4.288e-05  t_peak=20692  comparison cadence=41383  difference=0.35250  below=0/3
t=61090  fraction=0.80250  peak_slope=4.745e-05  t_peak=18721  comparison cadence=37442  difference=0.31125  below=0/3
t=73899  fraction=0.84250  peak_slope=4.440e-05  t_peak=17736  comparison cadence=35471  difference=0.15875  below=0/3
t=65031  fraction=0.84500  peak_slope=4.567e-05  t_peak=17736  comparison cadence=35471  difference=0.25000  below=0/3
t=66016  fraction=0.83000  peak_slope=5.125e-05  t_peak=18721  comparison cadence=37442  difference=0.24750  below=0/3
t=47295  fraction=0.76125  peak_slope=4.669e-05  t_peak=17736  comparison cadence=35471  difference=0.73875  below=0/3
t=69957  fraction=0.82875  peak_slope=4.567e-05  t_peak=17736  comparison cadence=35471  difference=0.17000  below=0/3
t=66016  fraction=0.81750  peak_slope=4.288e-05  t_peak=20692  comparison cadence=41383  difference=0.32375  below=0/3
t=62075  fraction=0.80625  peak_slope=4.745e-05  t_peak=18721  comparison cadence=37442  difference=0.29375  below=0/3
t=74884  fraction=0.84250  peak_slope=4.440e-05  t_peak=17736  comparison cadence=35471  difference=0.15125  below=0/3
t=66016  fraction=0.84500  peak_slope=4.567e-05  t_peak=17736  comparison cadence=35471  difference=0.23000  below=0/3
t=67002  fraction=0.83000  peak_slope=5.125e-05  t_peak=18721  comparison cadence=37442  difference=0.23375  below=0/3
t=70943  fraction=0.83250  peak_slope=4.567e-05  t_peak=17736  comparison cadence=35471  difference=0.16750  below=0/3
t=67002  fraction=0.81875  peak_slope=4.288e-05  t_peak=20692  comparison cadence=41383  difference=0.30750  below=0/3
t=63060  fraction=0.80750  peak_slope=4.745e-05  t_peak=18721  comparison cadence=37442  difference=0.27625  below=0/3
t=48281  fraction=0.76500  peak_slope=4.669e-05  t_peak=17736  comparison cadence=35471  difference=0.70375  below=0/3
t=75869  fraction=0.84375  peak_slope=4.440e-05  t_peak=17736  comparison cadence=35471  difference=0.14625  below=0/3
t=67002  fraction=0.84500  peak_slope=4.567e-05  t_peak=17736  comparison cadence=35471  difference=0.21625  below=0/3
t=67987  fraction=0.83125  peak_slope=5.125e-05  t_peak=18721  comparison cadence=37442  difference=0.22000  below=0/3
t=71928  fraction=0.83750  peak_slope=4.567e-05  t_peak=17736  comparison cadence=35471  difference=0.16375  below=0/3
t=67987  fraction=0.82000  peak_slope=4.288e-05  t_peak=20692  comparison cadence=41383  difference=0.28875  below=0/3
t=64046  fraction=0.81000  peak_slope=4.745e-05  t_peak=18721  comparison cadence=37442  difference=0.25375  below=0/3
t=76855  fraction=0.84750  peak_slope=4.440e-05  t_peak=17736  comparison cadence=35471  difference=0.14000  below=0/3
t=49266  fraction=0.76875  peak_slope=4.669e-05  t_peak=17736  comparison cadence=35471  difference=0.67000  below=0/3
t=67987  fraction=0.84625  peak_slope=4.567e-05  t_peak=17736  comparison cadence=35471  difference=0.20625  below=0/3
t=68972  fraction=0.83375  peak_slope=5.125e-05  t_peak=18721  comparison cadence=37442  difference=0.20375  below=0/3
t=72913  fraction=0.84125  peak_slope=4.567e-05  t_peak=17736  comparison cadence=35471  difference=0.15500  below=0/3
t=68972  fraction=0.82500  peak_slope=4.288e-05  t_peak=20692  comparison cadence=41383  difference=0.27625  below=0/3
t=77840  fraction=0.84750  peak_slope=4.440e-05  t_peak=17736  comparison cadence=35471  difference=0.13750  below=0/3
t=65031  fraction=0.81000  peak_slope=4.745e-05  t_peak=18721  comparison cadence=37442  difference=0.23750  below=0/3
t=68972  fraction=0.84625  peak_slope=4.567e-05  t_peak=17736  comparison cadence=35471  difference=0.19625  below=0/3
t=69957  fraction=0.83500  peak_slope=5.125e-05  t_peak=18721  comparison cadence=37442  difference=0.19250  below=0/3
t=73899  fraction=0.84250  peak_slope=4.567e-05  t_peak=17736  comparison cadence=35471  difference=0.15000  below=0/3
t=50251  fraction=0.77125  peak_slope=4.669e-05  t_peak=17736  comparison cadence=35471  difference=0.62250  below=0/3
t=69957  fraction=0.83000  peak_slope=4.288e-05  t_peak=20692  comparison cadence=41383  difference=0.26250  below=0/3
t=78825  fraction=0.84875  peak_slope=4.440e-05  t_peak=17736  comparison cadence=35471  difference=0.12875  below=0/3
t=66016  fraction=0.81250  peak_slope=4.745e-05  t_peak=18721  comparison cadence=37442  difference=0.22875  below=0/3
t=69957  fraction=0.84750  peak_slope=4.567e-05  t_peak=17736  comparison cadence=35471  difference=0.19125  below=0/3
t=70943  fraction=0.83750  peak_slope=5.125e-05  t_peak=18721  comparison cadence=37442  difference=0.18375  below=0/3
t=74884  fraction=0.84500  peak_slope=4.567e-05  t_peak=17736  comparison cadence=35471  difference=0.14500  below=0/3
t=79811  fraction=0.85500  peak_slope=4.440e-05  t_peak=17736  comparison cadence=35471  difference=0.12750  below=0/3
t=70943  fraction=0.83000  peak_slope=4.288e-05  t_peak=20692  comparison cadence=41383  difference=0.25000  below=0/3
t=67002  fraction=0.81500  peak_slope=4.745e-05  t_peak=18721  comparison cadence=37442  difference=0.22250  below=0/3
t=51236  fraction=0.77625  peak_slope=4.669e-05  t_peak=17736  comparison cadence=35471  difference=0.58500  below=0/3
t=70943  fraction=0.84750  peak_slope=4.567e-05  t_peak=17736  comparison cadence=35471  difference=0.18000  below=0/3
t=71928  fraction=0.84250  peak_slope=5.125e-05  t_peak=18721  comparison cadence=37442  difference=0.18375  below=0/3
t=75869  fraction=0.84500  peak_slope=4.567e-05  t_peak=17736  comparison cadence=35471  difference=0.13750  below=0/3
t=80796  fraction=0.85500  peak_slope=4.440e-05  t_peak=17736  comparison cadence=35471  difference=0.12375  below=0/3
t=71928  fraction=0.83500  peak_slope=4.288e-05  t_peak=20692  comparison cadence=41383  difference=0.23875  below=0/3
t=67987  fraction=0.82000  peak_slope=4.745e-05  t_peak=18721  comparison cadence=37442  difference=0.21625  below=0/3
t=71928  fraction=0.85000  peak_slope=4.567e-05  t_peak=17736  comparison cadence=35471  difference=0.17125  below=0/3
t=72913  fraction=0.84500  peak_slope=5.125e-05  t_peak=18721  comparison cadence=37442  difference=0.18125  below=0/3
t=81781  fraction=0.85625  peak_slope=4.440e-05  t_peak=17736  comparison cadence=35471  difference=0.11750  below=0/3
t=52222  fraction=0.78375  peak_slope=4.669e-05  t_peak=17736  comparison cadence=35471  difference=0.54625  below=0/3
t=76855  fraction=0.84875  peak_slope=4.567e-05  t_peak=17736  comparison cadence=35471  difference=0.13375  below=0/3
t=72913  fraction=0.83500  peak_slope=4.288e-05  t_peak=20692  comparison cadence=41383  difference=0.21750  below=0/3
t=68972  fraction=0.82250  peak_slope=4.745e-05  t_peak=18721  comparison cadence=37442  difference=0.20250  below=0/3
t=82767  fraction=0.85750  peak_slope=4.440e-05  t_peak=17736  comparison cadence=35471  difference=0.11875  below=0/3
t=73899  fraction=0.84750  peak_slope=5.125e-05  t_peak=18721  comparison cadence=37442  difference=0.17375  below=0/3
t=72913  fraction=0.85000  peak_slope=4.567e-05  t_peak=17736  comparison cadence=35471  difference=0.16750  below=0/3
t=77840  fraction=0.85000  peak_slope=4.567e-05  t_peak=17736  comparison cadence=35471  difference=0.13125  below=0/3
t=73899  fraction=0.83875  peak_slope=4.288e-05  t_peak=20692  comparison cadence=41383  difference=0.20500  below=0/3
t=53207  fraction=0.79125  peak_slope=4.669e-05  t_peak=17736  comparison cadence=35471  difference=0.50000  below=0/3
t=69957  fraction=0.82875  peak_slope=4.745e-05  t_peak=18721  comparison cadence=37442  difference=0.20125  below=0/3
t=83752  fraction=0.86000  peak_slope=4.440e-05  t_peak=17736  comparison cadence=35471  difference=0.10875  below=0/3
t=74884  fraction=0.84750  peak_slope=5.125e-05  t_peak=18721  comparison cadence=37442  difference=0.16250  below=0/3
t=73899  fraction=0.85125  peak_slope=4.567e-05  t_peak=17736  comparison cadence=35471  difference=0.16000  below=0/3
t=78825  fraction=0.85125  peak_slope=4.567e-05  t_peak=17736  comparison cadence=35471  difference=0.12625  below=0/3
t=74884  fraction=0.84250  peak_slope=4.288e-05  t_peak=20692  comparison cadence=41383  difference=0.19875  below=0/3
t=84737  fraction=0.86125  peak_slope=4.440e-05  t_peak=17736  comparison cadence=35471  difference=0.10125  below=0/3
t=70943  fraction=0.83250  peak_slope=4.745e-05  t_peak=18721  comparison cadence=37442  difference=0.20375  below=0/3
t=54192  fraction=0.79375  peak_slope=4.669e-05  t_peak=17736  comparison cadence=35471  difference=0.47500  below=0/3
t=75869  fraction=0.85000  peak_slope=5.125e-05  t_peak=18721  comparison cadence=37442  difference=0.14875  below=0/3
t=74884  fraction=0.85125  peak_slope=4.567e-05  t_peak=17736  comparison cadence=35471  difference=0.14875  below=0/3
t=79811  fraction=0.85125  peak_slope=4.567e-05  t_peak=17736  comparison cadence=35471  difference=0.12250  below=0/3
t=75869  fraction=0.84500  peak_slope=4.288e-05  t_peak=20692  comparison cadence=41383  difference=0.18875  below=0/3
t=85723  fraction=0.86375  peak_slope=4.440e-05  t_peak=17736  comparison cadence=35471  difference=0.10125  below=0/3
t=71928  fraction=0.83375  peak_slope=4.745e-05  t_peak=18721  comparison cadence=37442  difference=0.19875  below=0/3
t=76855  fraction=0.85625  peak_slope=5.125e-05  t_peak=18721  comparison cadence=37442  difference=0.14625  below=0/3
t=75869  fraction=0.85250  peak_slope=4.567e-05  t_peak=17736  comparison cadence=35471  difference=0.14375  below=0/3
t=80796  fraction=0.85375  peak_slope=4.567e-05  t_peak=17736  comparison cadence=35471  difference=0.11750  below=0/3
t=55178  fraction=0.79750  peak_slope=4.669e-05  t_peak=17736  comparison cadence=35471  difference=0.43625  below=0/3
t=76855  fraction=0.84500  peak_slope=4.288e-05  t_peak=20692  comparison cadence=41383  difference=0.18000  below=0/3
t=86708  fraction=0.86500  peak_slope=4.440e-05  t_peak=17736  comparison cadence=35471  difference=0.10125  below=0/3
t=77840  fraction=0.85750  peak_slope=5.125e-05  t_peak=18721  comparison cadence=37442  difference=0.14375  below=0/3
t=76855  fraction=0.85250  peak_slope=4.567e-05  t_peak=17736  comparison cadence=35471  difference=0.13750  below=0/3
t=72913  fraction=0.83750  peak_slope=4.745e-05  t_peak=18721  comparison cadence=37442  difference=0.19125  below=0/3
t=81781  fraction=0.85500  peak_slope=4.567e-05  t_peak=17736  comparison cadence=35471  difference=0.11375  below=0/3
t=77840  fraction=0.84500  peak_slope=4.288e-05  t_peak=20692  comparison cadence=41383  difference=0.17375  below=0/3
t=87693  fraction=0.86500  peak_slope=4.440e-05  t_peak=17736  comparison cadence=35471  difference=0.10000  below=0/3
t=56163  fraction=0.80375  peak_slope=4.669e-05  t_peak=17736  comparison cadence=35471  difference=0.39125  below=0/3
t=78825  fraction=0.85750  peak_slope=5.125e-05  t_peak=18721  comparison cadence=37442  difference=0.13625  below=0/3
t=77840  fraction=0.85375  peak_slope=4.567e-05  t_peak=17736  comparison cadence=35471  difference=0.13000  below=0/3
t=73899  fraction=0.84000  peak_slope=4.745e-05  t_peak=18721  comparison cadence=37442  difference=0.18500  below=0/3
t=82767  fraction=0.85500  peak_slope=4.567e-05  t_peak=17736  comparison cadence=35471  difference=0.11000  below=0/3
t=78825  fraction=0.84625  peak_slope=4.288e-05  t_peak=20692  comparison cadence=41383  difference=0.16625  below=0/3
t=88678  fraction=0.86875  peak_slope=4.440e-05  t_peak=17736  comparison cadence=35471  difference=0.09250  below=0/3
t=79811  fraction=0.85875  peak_slope=5.125e-05  t_peak=18721  comparison cadence=37442  difference=0.13250  below=0/3
t=57148  fraction=0.80500  peak_slope=4.669e-05  t_peak=17736  comparison cadence=35471  difference=0.36375  below=0/3
t=78825  fraction=0.85500  peak_slope=4.567e-05  t_peak=17736  comparison cadence=35471  difference=0.12125  below=0/3
t=83752  fraction=0.85625  peak_slope=4.567e-05  t_peak=17736  comparison cadence=35471  difference=0.10375  below=0/3
t=74884  fraction=0.84250  peak_slope=4.745e-05  t_peak=18721  comparison cadence=37442  difference=0.17875  below=0/3
t=79811  fraction=0.84750  peak_slope=4.288e-05  t_peak=20692  comparison cadence=41383  difference=0.16250  below=0/3
t=89664  fraction=0.86875  peak_slope=4.440e-05  t_peak=17736  comparison cadence=35471  difference=0.08875  below=0/3
t=80796  fraction=0.86125  peak_slope=5.125e-05  t_peak=18721  comparison cadence=37442  difference=0.12750  below=0/3
t=79811  fraction=0.85625  peak_slope=4.567e-05  t_peak=17736  comparison cadence=35471  difference=0.11125  below=0/3
t=84737  fraction=0.85750  peak_slope=4.567e-05  t_peak=17736  comparison cadence=35471  difference=0.10125  below=0/3
t=75869  fraction=0.84375  peak_slope=4.745e-05  t_peak=18721  comparison cadence=37442  difference=0.17250  below=0/3
t=80796  fraction=0.84875  peak_slope=4.288e-05  t_peak=20692  comparison cadence=41383  difference=0.15625  below=0/3
t=58134  fraction=0.81000  peak_slope=4.669e-05  t_peak=17736  comparison cadence=35471  difference=0.33250  below=0/3
t=90649  fraction=0.87000  peak_slope=4.440e-05  t_peak=17736  comparison cadence=35471  difference=0.08875  below=0/3
t=81781  fraction=0.86375  peak_slope=5.125e-05  t_peak=18721  comparison cadence=37442  difference=0.12500  below=0/3
t=80796  fraction=0.85625  peak_slope=4.567e-05  t_peak=17736  comparison cadence=35471  difference=0.10375  below=0/3
t=85723  fraction=0.85750  peak_slope=4.567e-05  t_peak=17736  comparison cadence=35471  difference=0.09750  below=0/3
t=76855  fraction=0.84500  peak_slope=4.745e-05  t_peak=18721  comparison cadence=37442  difference=0.16625  below=0/3
t=81781  fraction=0.84875  peak_slope=4.288e-05  t_peak=20692  comparison cadence=41383  difference=0.15125  below=0/3
t=91634  fraction=0.87000  peak_slope=4.440e-05  t_peak=17736  comparison cadence=35471  difference=0.08625  below=0/3
t=59119  fraction=0.81375  peak_slope=4.669e-05  t_peak=17736  comparison cadence=35471  difference=0.30750  below=0/3
t=82767  fraction=0.86500  peak_slope=5.125e-05  t_peak=18721  comparison cadence=37442  difference=0.12000  below=0/3
t=81781  fraction=0.85625  peak_slope=4.567e-05  t_peak=17736  comparison cadence=35471  difference=0.09750  below=0/3
t=86708  fraction=0.85875  peak_slope=4.567e-05  t_peak=17736  comparison cadence=35471  difference=0.09500  below=0/3
t=92620  fraction=0.87125  peak_slope=4.440e-05  t_peak=17736  comparison cadence=35471  difference=0.08625  below=0/3
t=82767  fraction=0.84875  peak_slope=4.288e-05  t_peak=20692  comparison cadence=41383  difference=0.14375  below=0/3
t=77840  fraction=0.84500  peak_slope=4.745e-05  t_peak=18721  comparison cadence=37442  difference=0.15625  below=0/3
t=83752  fraction=0.86750  peak_slope=5.125e-05  t_peak=18721  comparison cadence=37442  difference=0.11750  below=0/3
t=60104  fraction=0.82125  peak_slope=4.669e-05  t_peak=17736  comparison cadence=35471  difference=0.28750  below=0/3
t=82767  fraction=0.85750  peak_slope=4.567e-05  t_peak=17736  comparison cadence=35471  difference=0.09750  below=0/3
t=93605  fraction=0.87375  peak_slope=4.440e-05  t_peak=17736  comparison cadence=35471  difference=0.08375  below=0/3
t=87693  fraction=0.86000  peak_slope=4.567e-05  t_peak=17736  comparison cadence=35471  difference=0.09500  below=0/3
t=83752  fraction=0.85125  peak_slope=4.288e-05  t_peak=20692  comparison cadence=41383  difference=0.13875  below=0/3
t=78825  fraction=0.84625  peak_slope=4.745e-05  t_peak=18721  comparison cadence=37442  difference=0.14750  below=0/3
t=84737  fraction=0.86875  peak_slope=5.125e-05  t_peak=18721  comparison cadence=37442  difference=0.11375  below=0/3
t=83752  fraction=0.85750  peak_slope=4.567e-05  t_peak=17736  comparison cadence=35471  difference=0.09250  below=0/3
t=94590  fraction=0.87375  peak_slope=4.440e-05  t_peak=17736  comparison cadence=35471  difference=0.08000  below=0/3
t=88678  fraction=0.86125  peak_slope=4.567e-05  t_peak=17736  comparison cadence=35471  difference=0.09500  below=0/3
t=84737  fraction=0.85375  peak_slope=4.288e-05  t_peak=20692  comparison cadence=41383  difference=0.13625  below=0/3
t=61090  fraction=0.82625  peak_slope=4.669e-05  t_peak=17736  comparison cadence=35471  difference=0.27500  below=0/3
t=79811  fraction=0.84625  peak_slope=4.745e-05  t_peak=18721  comparison cadence=37442  difference=0.13875  below=0/3
t=95576  fraction=0.87625  peak_slope=4.440e-05  t_peak=17736  comparison cadence=35471  difference=0.07500  below=0/3
t=85723  fraction=0.87125  peak_slope=5.125e-05  t_peak=18721  comparison cadence=37442  difference=0.11375  below=0/3
t=84737  fraction=0.85875  peak_slope=4.567e-05  t_peak=17736  comparison cadence=35471  difference=0.09000  below=0/3
t=89664  fraction=0.86125  peak_slope=4.567e-05  t_peak=17736  comparison cadence=35471  difference=0.08625  below=0/3
t=85723  fraction=0.85625  peak_slope=4.288e-05  t_peak=20692  comparison cadence=41383  difference=0.13250  below=0/3
t=80796  fraction=0.84875  peak_slope=4.745e-05  t_peak=18721  comparison cadence=37442  difference=0.13875  below=0/3
t=62075  fraction=0.82875  peak_slope=4.669e-05  t_peak=17736  comparison cadence=35471  difference=0.26000  below=0/3
t=96561  fraction=0.87625  peak_slope=4.440e-05  t_peak=17736  comparison cadence=35471  difference=0.07250  below=0/3
t=86708  fraction=0.87125  peak_slope=5.125e-05  t_peak=18721  comparison cadence=37442  difference=0.11000  below=0/3
t=85723  fraction=0.85875  peak_slope=4.567e-05  t_peak=17736  comparison cadence=35471  difference=0.08250  below=0/3
t=90649  fraction=0.86250  peak_slope=4.567e-05  t_peak=17736  comparison cadence=35471  difference=0.08125  below=0/3
t=86708  fraction=0.85750  peak_slope=4.288e-05  t_peak=20692  comparison cadence=41383  difference=0.13125  below=0/3
t=81781  fraction=0.84875  peak_slope=4.745e-05  t_peak=18721  comparison cadence=37442  difference=0.12750  below=0/3
t=97546  fraction=0.87750  peak_slope=4.440e-05  t_peak=17736  comparison cadence=35471  difference=0.06875  below=0/3
t=63060  fraction=0.83000  peak_slope=4.669e-05  t_peak=17736  comparison cadence=35471  difference=0.24500  below=0/3
t=87693  fraction=0.87250  peak_slope=5.125e-05  t_peak=18721  comparison cadence=37442  difference=0.10250  below=0/3
t=86708  fraction=0.85875  peak_slope=4.567e-05  t_peak=17736  comparison cadence=35471  difference=0.08000  below=0/3
t=91634  fraction=0.86250  peak_slope=4.567e-05  t_peak=17736  comparison cadence=35471  difference=0.07625  below=0/3
t=87693  fraction=0.85750  peak_slope=4.288e-05  t_peak=20692  comparison cadence=41383  difference=0.12875  below=0/3
t=82767  fraction=0.84875  peak_slope=4.745e-05  t_peak=18721  comparison cadence=37442  difference=0.12375  below=0/3
t=98532  fraction=0.87875  peak_slope=4.440e-05  t_peak=17736  comparison cadence=35471  difference=0.06625  below=0/3
Saved 73 remaining particles to /scratch/group/p.phy260085.000/Mass_Fraction/Outputs/Ejection_Results/remaining_particles_2099431_0.csv
t=87693  fraction=0.86000  peak_slope=4.567e-05  t_peak=17736  comparison cadence=35471  difference=0.07250  below=0/3
t=88678  fraction=0.87250  peak_slope=5.125e-05  t_peak=18721  comparison cadence=37442  difference=0.09875  below=0/3
t=92620  fraction=0.86375  peak_slope=4.567e-05  t_peak=17736  comparison cadence=35471  difference=0.07250  below=0/3
t=88678  fraction=0.86125  peak_slope=4.288e-05  t_peak=20692  comparison cadence=41383  difference=0.12875  below=0/3
t=64046  fraction=0.83000  peak_slope=4.669e-05  t_peak=17736  comparison cadence=35471  difference=0.22750  below=0/3
t=83752  fraction=0.84875  peak_slope=4.745e-05  t_peak=18721  comparison cadence=37442  difference=0.11875  below=0/3
t=88678  fraction=0.86250  peak_slope=4.567e-05  t_peak=17736  comparison cadence=35471  difference=0.07125  below=0/3
t=89664  fraction=0.87375  peak_slope=5.125e-05  t_peak=18721  comparison cadence=37442  difference=0.09750  below=0/3
t=93605  fraction=0.86625  peak_slope=4.567e-05  t_peak=17736  comparison cadence=35471  difference=0.06500  below=0/3
t=89664  fraction=0.86250  peak_slope=4.288e-05  t_peak=20692  comparison cadence=41383  difference=0.12125  below=0/3
t=84737  fraction=0.85000  peak_slope=4.745e-05  t_peak=18721  comparison cadence=37442  difference=0.11625  below=0/3
t=65031  fraction=0.83000  peak_slope=4.669e-05  t_peak=17736  comparison cadence=35471  difference=0.21375  below=0/3
t=89664  fraction=0.86625  peak_slope=4.567e-05  t_peak=17736  comparison cadence=35471  difference=0.06500  below=0/3
t=90649  fraction=0.87375  peak_slope=5.125e-05  t_peak=18721  comparison cadence=37442  difference=0.09375  below=0/3
t=94590  fraction=0.86875  peak_slope=4.567e-05  t_peak=17736  comparison cadence=35471  difference=0.06625  below=0/3
t=90649  fraction=0.86250  peak_slope=4.288e-05  t_peak=20692  comparison cadence=41383  difference=0.11625  below=0/3
t=85723  fraction=0.85000  peak_slope=4.745e-05  t_peak=18721  comparison cadence=37442  difference=0.11125  below=0/3
t=90649  fraction=0.86625  peak_slope=4.567e-05  t_peak=17736  comparison cadence=35471  difference=0.06000  below=0/3
t=91634  fraction=0.87375  peak_slope=5.125e-05  t_peak=18721  comparison cadence=37442  difference=0.08750  below=0/3
t=66016  fraction=0.83000  peak_slope=4.669e-05  t_peak=17736  comparison cadence=35471  difference=0.20875  below=0/3
t=95576  fraction=0.87000  peak_slope=4.567e-05  t_peak=17736  comparison cadence=35471  difference=0.06125  below=0/3
t=91634  fraction=0.86250  peak_slope=4.288e-05  t_peak=20692  comparison cadence=41383  difference=0.11500  below=0/3
t=86708  fraction=0.85250  peak_slope=4.745e-05  t_peak=18721  comparison cadence=37442  difference=0.10500  below=0/3
t=91634  fraction=0.86750  peak_slope=4.567e-05  t_peak=17736  comparison cadence=35471  difference=0.05750  below=0/3
t=92620  fraction=0.87500  peak_slope=5.125e-05  t_peak=18721  comparison cadence=37442  difference=0.08750  below=0/3
t=96561  fraction=0.87000  peak_slope=4.567e-05  t_peak=17736  comparison cadence=35471  difference=0.06000  below=0/3
t=92620  fraction=0.86625  peak_slope=4.288e-05  t_peak=20692  comparison cadence=41383  difference=0.10875  below=0/3
t=67002  fraction=0.83500  peak_slope=4.669e-05  t_peak=17736  comparison cadence=35471  difference=0.20125  below=0/3
t=87693  fraction=0.85250  peak_slope=4.745e-05  t_peak=18721  comparison cadence=37442  difference=0.10125  below=0/3
t=92620  fraction=0.86750  peak_slope=4.567e-05  t_peak=17736  comparison cadence=35471  difference=0.05500  below=0/3
t=93605  fraction=0.87750  peak_slope=5.125e-05  t_peak=18721  comparison cadence=37442  difference=0.08500  below=0/3
t=97546  fraction=0.87000  peak_slope=4.567e-05  t_peak=17736  comparison cadence=35471  difference=0.05875  below=0/3
t=93605  fraction=0.86750  peak_slope=4.288e-05  t_peak=20692  comparison cadence=41383  difference=0.10500  below=0/3
t=88678  fraction=0.85250  peak_slope=4.745e-05  t_peak=18721  comparison cadence=37442  difference=0.09625  below=0/3
t=67987  fraction=0.83875  peak_slope=4.669e-05  t_peak=17736  comparison cadence=35471  difference=0.19500  below=0/3
t=93605  fraction=0.86750  peak_slope=4.567e-05  t_peak=17736  comparison cadence=35471  difference=0.05125  below=0/3
t=94590  fraction=0.87750  peak_slope=5.125e-05  t_peak=18721  comparison cadence=37442  difference=0.07500  below=0/3
t=98532  fraction=0.87125  peak_slope=4.567e-05  t_peak=17736  comparison cadence=35471  difference=0.06000  below=0/3
Saved 82 remaining particles to /scratch/group/p.phy260085.000/Mass_Fraction/Outputs/Ejection_Results/remaining_particles_2099431_0.csv
t=94590  fraction=0.86750  peak_slope=4.288e-05  t_peak=20692  comparison cadence=41383  difference=0.09875  below=0/3
t=89664  fraction=0.85375  peak_slope=4.745e-05  t_peak=18721  comparison cadence=37442  difference=0.09250  below=0/3
t=94590  fraction=0.86875  peak_slope=4.567e-05  t_peak=17736  comparison cadence=35471  difference=0.04750  below=1/3
t=95576  fraction=0.87750  peak_slope=5.125e-05  t_peak=18721  comparison cadence=37442  difference=0.07125  below=0/3
t=68972  fraction=0.83875  peak_slope=4.669e-05  t_peak=17736  comparison cadence=35471  difference=0.18750  below=0/3
t=95576  fraction=0.86875  peak_slope=4.288e-05  t_peak=20692  comparison cadence=41383  difference=0.09625  below=0/3
t=90649  fraction=0.85625  peak_slope=4.745e-05  t_peak=18721  comparison cadence=37442  difference=0.08625  below=0/3
t=95576  fraction=0.86875  peak_slope=4.567e-05  t_peak=17736  comparison cadence=35471  difference=0.04250  below=2/3
t=96561  fraction=0.87750  peak_slope=5.125e-05  t_peak=18721  comparison cadence=37442  difference=0.06375  below=0/3
t=96561  fraction=0.87000  peak_slope=4.288e-05  t_peak=20692  comparison cadence=41383  difference=0.09250  below=0/3
t=91634  fraction=0.85625  peak_slope=4.745e-05  t_peak=18721  comparison cadence=37442  difference=0.08125  below=0/3
t=69957  fraction=0.84125  peak_slope=4.669e-05  t_peak=17736  comparison cadence=35471  difference=0.17625  below=0/3
t=96561  fraction=0.86875  peak_slope=4.567e-05  t_peak=17736  comparison cadence=35471  difference=0.04000  below=3/3
Stopping at t=96561.00366300682
Saved 80 remaining particles to /scratch/group/p.phy260085.000/Mass_Fraction/Outputs/Ejection_Results/remaining_particles_2099431_0.csv
t=97546  fraction=0.87750  peak_slope=5.125e-05  t_peak=18721  comparison cadence=37442  difference=0.06125  below=0/3
t=97546  fraction=0.87125  peak_slope=4.288e-05  t_peak=20692  comparison cadence=41383  difference=0.08875  below=0/3
t=92620  fraction=0.85875  peak_slope=4.745e-05  t_peak=18721  comparison cadence=37442  difference=0.08125  below=0/3
t=98532  fraction=0.87750  peak_slope=5.125e-05  t_peak=18721  comparison cadence=37442  difference=0.05875  below=0/3
Saved 80 remaining particles to /scratch/group/p.phy260085.000/Mass_Fraction/Outputs/Ejection_Results/remaining_particles_2099431_0.csv
t=70943  fraction=0.84125  peak_slope=4.669e-05  t_peak=17736  comparison cadence=35471  difference=0.17000  below=0/3
t=98532  fraction=0.87250  peak_slope=4.288e-05  t_peak=20692  comparison cadence=41383  difference=0.08250  below=0/3
Saved 80 remaining particles to /scratch/group/p.phy260085.000/Mass_Fraction/Outputs/Ejection_Results/remaining_particles_2099431_0.csv
t=93605  fraction=0.85875  peak_slope=4.745e-05  t_peak=18721  comparison cadence=37442  difference=0.08000  below=0/3
t=71928  fraction=0.84375  peak_slope=4.669e-05  t_peak=17736  comparison cadence=35471  difference=0.16125  below=0/3
t=94590  fraction=0.86000  peak_slope=4.745e-05  t_peak=18721  comparison cadence=37442  difference=0.07625  below=0/3
t=95576  fraction=0.86250  peak_slope=4.745e-05  t_peak=18721  comparison cadence=37442  difference=0.07500  below=0/3
t=72913  fraction=0.84750  peak_slope=4.669e-05  t_peak=17736  comparison cadence=35471  difference=0.15625  below=0/3
t=96561  fraction=0.86375  peak_slope=4.745e-05  t_peak=18721  comparison cadence=37442  difference=0.07000  below=0/3
t=73899  fraction=0.84750  peak_slope=4.669e-05  t_peak=17736  comparison cadence=35471  difference=0.15125  below=0/3
t=97546  fraction=0.86625  peak_slope=4.745e-05  t_peak=18721  comparison cadence=37442  difference=0.06625  below=0/3
t=74884  fraction=0.85000  peak_slope=4.669e-05  t_peak=17736  comparison cadence=35471  difference=0.14375  below=0/3
t=98532  fraction=0.86625  peak_slope=4.745e-05  t_peak=18721  comparison cadence=37442  difference=0.06375  below=0/3
Saved 79 remaining particles to /scratch/group/p.phy260085.000/Mass_Fraction/Outputs/Ejection_Results/remaining_particles_2099431_0.csv
t=75869  fraction=0.85250  peak_slope=4.669e-05  t_peak=17736  comparison cadence=35471  difference=0.13375  below=0/3
t=76855  fraction=0.85875  peak_slope=4.669e-05  t_peak=17736  comparison cadence=35471  difference=0.13500  below=0/3
t=77840  fraction=0.86250  peak_slope=4.669e-05  t_peak=17736  comparison cadence=35471  difference=0.13500  below=0/3
t=78825  fraction=0.86375  peak_slope=4.669e-05  t_peak=17736  comparison cadence=35471  difference=0.13125  below=0/3
t=79811  fraction=0.86375  peak_slope=4.669e-05  t_peak=17736  comparison cadence=35471  difference=0.11750  below=0/3
t=80796  fraction=0.86375  peak_slope=4.669e-05  t_peak=17736  comparison cadence=35471  difference=0.11375  below=0/3
t=81781  fraction=0.86500  peak_slope=4.669e-05  t_peak=17736  comparison cadence=35471  difference=0.10500  below=0/3
t=82767  fraction=0.86500  peak_slope=4.669e-05  t_peak=17736  comparison cadence=35471  difference=0.10375  below=0/3
t=83752  fraction=0.86625  peak_slope=4.669e-05  t_peak=17736  comparison cadence=35471  difference=0.10125  below=0/3
t=84737  fraction=0.86625  peak_slope=4.669e-05  t_peak=17736  comparison cadence=35471  difference=0.09750  below=0/3
t=85723  fraction=0.87125  peak_slope=4.669e-05  t_peak=17736  comparison cadence=35471  difference=0.10000  below=0/3
t=86708  fraction=0.87375  peak_slope=4.669e-05  t_peak=17736  comparison cadence=35471  difference=0.09750  below=0/3
t=87693  fraction=0.87500  peak_slope=4.669e-05  t_peak=17736  comparison cadence=35471  difference=0.09125  below=0/3
t=88678  fraction=0.87500  peak_slope=4.669e-05  t_peak=17736  comparison cadence=35471  difference=0.08375  below=0/3
t=89664  fraction=0.87500  peak_slope=4.669e-05  t_peak=17736  comparison cadence=35471  difference=0.08125  below=0/3
t=90649  fraction=0.87625  peak_slope=4.669e-05  t_peak=17736  comparison cadence=35471  difference=0.07875  below=0/3
t=91634  fraction=0.87750  peak_slope=4.669e-05  t_peak=17736  comparison cadence=35471  difference=0.07375  below=0/3
t=92620  fraction=0.87750  peak_slope=4.669e-05  t_peak=17736  comparison cadence=35471  difference=0.07250  below=0/3
t=93605  fraction=0.87750  peak_slope=4.669e-05  t_peak=17736  comparison cadence=35471  difference=0.06750  below=0/3
t=94590  fraction=0.87875  peak_slope=4.669e-05  t_peak=17736  comparison cadence=35471  difference=0.06500  below=0/3
t=95576  fraction=0.88000  peak_slope=4.669e-05  t_peak=17736  comparison cadence=35471  difference=0.05875  below=0/3
t=96561  fraction=0.88000  peak_slope=4.669e-05  t_peak=17736  comparison cadence=35471  difference=0.05375  below=0/3
t=97546  fraction=0.88000  peak_slope=4.669e-05  t_peak=17736  comparison cadence=35471  difference=0.05125  below=0/3
t=98532  fraction=0.88125  peak_slope=4.669e-05  t_peak=17736  comparison cadence=35471  difference=0.05125  below=0/3
Saved 80 remaining particles to /scratch/group/p.phy260085.000/Mass_Fraction/Outputs/Ejection_Results/remaining_particles_2099431_0.csv
