==========================================
Mass Fraction MPI Run
==========================================
Date:               Mon Sep  7 22:54:03 CDT 2026
Host:               ac052
Array job ID:       2099426
Array task ID:      0
MPI ranks:          8
CPUs per task:      1
Nodes allocated:    2
Python:             /scratch/user/u.hm357857/.conda/envs/comets/bin/python
Conda environment:  /scratch/user/u.hm357857/.conda/envs/comets
==========================================

Running 800 simulations with 1 MPI ranks
Rank 0: 800 simulations
Running 800 simulations with 1 MPI ranks
Rank 0: 800 simulations
Running 800 simulations with 1 MPI ranks
Rank 0: 800 simulations
Running 800 simulations with 1 MPI ranks
Rank 0: 800 simulations
Running 800 simulations with 1 MPI ranks
Rank 0: 800 simulations
Running 800 simulations with 1 MPI ranks
Rank 0: 800 simulations
Running 800 simulations with 1 MPI ranks
Rank 0: 800 simulations
Running 800 simulations with 1 MPI ranks
Rank 0: 800 simulations
t=35471  fraction=0.58625  peak_slope=3.806e-05  t_peak=17736  comparison cadence=35471  difference=0.58625  below=0/3
t=36457  fraction=0.59375  peak_slope=3.806e-05  t_peak=17736  comparison cadence=35471  difference=0.59375  below=0/3
t=37442  fraction=0.60250  peak_slope=3.806e-05  t_peak=17736  comparison cadence=35471  difference=0.60250  below=0/3
t=33501  fraction=0.54125  peak_slope=3.983e-05  t_peak=16750  comparison cadence=33501  difference=0.54125  below=0/3
t=38427  fraction=0.60750  peak_slope=3.806e-05  t_peak=17736  comparison cadence=35471  difference=0.60750  below=0/3
t=34486  fraction=0.55000  peak_slope=3.983e-05  t_peak=16750  comparison cadence=33501  difference=0.55000  below=0/3
t=39413  fraction=0.61250  peak_slope=3.806e-05  t_peak=17736  comparison cadence=35471  difference=0.61250  below=0/3
t=39413  fraction=0.57750  peak_slope=4.034e-05  t_peak=19706  comparison cadence=39413  difference=0.57750  below=0/3
t=37442  fraction=0.59375  peak_slope=4.313e-05  t_peak=18721  comparison cadence=37442  difference=0.59375  below=0/3
t=35471  fraction=0.55625  peak_slope=3.983e-05  t_peak=16750  comparison cadence=33501  difference=0.55625  below=0/3
t=40398  fraction=0.61625  peak_slope=3.806e-05  t_peak=17736  comparison cadence=35471  difference=0.61625  below=0/3
t=40398  fraction=0.58625  peak_slope=4.034e-05  t_peak=19706  comparison cadence=39413  difference=0.58625  below=0/3
t=38427  fraction=0.60125  peak_slope=4.313e-05  t_peak=18721  comparison cadence=37442  difference=0.60125  below=0/3
t=41383  fraction=0.61750  peak_slope=3.806e-05  t_peak=17736  comparison cadence=35471  difference=0.61750  below=0/3
t=36457  fraction=0.56625  peak_slope=3.983e-05  t_peak=16750  comparison cadence=33501  difference=0.56625  below=0/3
t=41383  fraction=0.59125  peak_slope=4.034e-05  t_peak=19706  comparison cadence=39413  difference=0.59125  below=0/3
t=41383  fraction=0.61875  peak_slope=3.983e-05  t_peak=20692  comparison cadence=41383  difference=0.61875  below=0/3
t=37442  fraction=0.54625  peak_slope=3.501e-05  t_peak=18721  comparison cadence=37442  difference=0.54625  below=0/3
t=39413  fraction=0.60750  peak_slope=4.313e-05  t_peak=18721  comparison cadence=37442  difference=0.60750  below=0/3
t=42369  fraction=0.61875  peak_slope=3.806e-05  t_peak=17736  comparison cadence=35471  difference=0.61875  below=0/3
t=37442  fraction=0.57000  peak_slope=3.983e-05  t_peak=16750  comparison cadence=33501  difference=0.57000  below=0/3
t=42369  fraction=0.59875  peak_slope=4.034e-05  t_peak=19706  comparison cadence=39413  difference=0.59875  below=0/3
t=42369  fraction=0.62125  peak_slope=3.983e-05  t_peak=20692  comparison cadence=41383  difference=0.62125  below=0/3
t=39413  fraction=0.58125  peak_slope=3.654e-05  t_peak=19706  comparison cadence=39413  difference=0.58125  below=0/3
t=38427  fraction=0.55375  peak_slope=3.501e-05  t_peak=18721  comparison cadence=37442  difference=0.55375  below=0/3
t=40398  fraction=0.61125  peak_slope=4.313e-05  t_peak=18721  comparison cadence=37442  difference=0.61125  below=0/3
t=43354  fraction=0.62500  peak_slope=3.806e-05  t_peak=17736  comparison cadence=35471  difference=0.62500  below=0/3
t=43354  fraction=0.60375  peak_slope=4.034e-05  t_peak=19706  comparison cadence=39413  difference=0.60375  below=0/3
t=43354  fraction=0.62625  peak_slope=3.983e-05  t_peak=20692  comparison cadence=41383  difference=0.62625  below=0/3
t=38427  fraction=0.57750  peak_slope=3.983e-05  t_peak=16750  comparison cadence=33501  difference=0.57750  below=0/3
t=40398  fraction=0.58750  peak_slope=3.654e-05  t_peak=19706  comparison cadence=39413  difference=0.58750  below=0/3
t=39413  fraction=0.55625  peak_slope=3.501e-05  t_peak=18721  comparison cadence=37442  difference=0.55625  below=0/3
t=44339  fraction=0.63125  peak_slope=3.806e-05  t_peak=17736  comparison cadence=35471  difference=0.63125  below=0/3
t=41383  fraction=0.61875  peak_slope=4.313e-05  t_peak=18721  comparison cadence=37442  difference=0.61875  below=0/3
t=44339  fraction=0.61250  peak_slope=4.034e-05  t_peak=19706  comparison cadence=39413  difference=0.61250  below=0/3
t=44339  fraction=0.63000  peak_slope=3.983e-05  t_peak=20692  comparison cadence=41383  difference=0.63000  below=0/3
t=39413  fraction=0.58875  peak_slope=3.983e-05  t_peak=16750  comparison cadence=33501  difference=0.58875  below=0/3
t=41383  fraction=0.60000  peak_slope=3.654e-05  t_peak=19706  comparison cadence=39413  difference=0.60000  below=0/3
t=45325  fraction=0.64000  peak_slope=3.806e-05  t_peak=17736  comparison cadence=35471  difference=0.64000  below=0/3
t=40398  fraction=0.56250  peak_slope=3.501e-05  t_peak=18721  comparison cadence=37442  difference=0.56250  below=0/3
t=39413  fraction=0.56750  peak_slope=3.578e-05  t_peak=19706  comparison cadence=39413  difference=0.56750  below=0/3
t=42369  fraction=0.62625  peak_slope=4.313e-05  t_peak=18721  comparison cadence=37442  difference=0.62625  below=0/3
t=45325  fraction=0.63625  peak_slope=3.983e-05  t_peak=20692  comparison cadence=41383  difference=0.63625  below=0/3
t=45325  fraction=0.61875  peak_slope=4.034e-05  t_peak=19706  comparison cadence=39413  difference=0.61875  below=0/3
t=42369  fraction=0.61000  peak_slope=3.654e-05  t_peak=19706  comparison cadence=39413  difference=0.61000  below=0/3
t=40398  fraction=0.59375  peak_slope=3.983e-05  t_peak=16750  comparison cadence=33501  difference=0.59375  below=0/3
t=46310  fraction=0.64250  peak_slope=3.806e-05  t_peak=17736  comparison cadence=35471  difference=0.63875  below=0/3
t=41383  fraction=0.56500  peak_slope=3.501e-05  t_peak=18721  comparison cadence=37442  difference=0.56500  below=0/3
t=43354  fraction=0.63375  peak_slope=4.313e-05  t_peak=18721  comparison cadence=37442  difference=0.63375  below=0/3
t=46310  fraction=0.63875  peak_slope=3.983e-05  t_peak=20692  comparison cadence=41383  difference=0.63875  below=0/3
t=40398  fraction=0.57500  peak_slope=3.578e-05  t_peak=19706  comparison cadence=39413  difference=0.57500  below=0/3
t=46310  fraction=0.62625  peak_slope=4.034e-05  t_peak=19706  comparison cadence=39413  difference=0.62625  below=0/3
t=43354  fraction=0.61125  peak_slope=3.654e-05  t_peak=19706  comparison cadence=39413  difference=0.61125  below=0/3
t=41383  fraction=0.59875  peak_slope=3.983e-05  t_peak=16750  comparison cadence=33501  difference=0.59875  below=0/3
t=47295  fraction=0.64500  peak_slope=3.806e-05  t_peak=17736  comparison cadence=35471  difference=0.62375  below=0/3
t=47295  fraction=0.64625  peak_slope=3.983e-05  t_peak=20692  comparison cadence=41383  difference=0.64625  below=0/3
t=47295  fraction=0.62875  peak_slope=4.034e-05  t_peak=19706  comparison cadence=39413  difference=0.62875  below=0/3
t=44339  fraction=0.64125  peak_slope=4.313e-05  t_peak=18721  comparison cadence=37442  difference=0.64125  below=0/3
t=42369  fraction=0.56875  peak_slope=3.501e-05  t_peak=18721  comparison cadence=37442  difference=0.56875  below=0/3
t=41383  fraction=0.58125  peak_slope=3.578e-05  t_peak=19706  comparison cadence=39413  difference=0.58125  below=0/3
t=44339  fraction=0.61625  peak_slope=3.654e-05  t_peak=19706  comparison cadence=39413  difference=0.61625  below=0/3
t=42369  fraction=0.60375  peak_slope=3.983e-05  t_peak=16750  comparison cadence=33501  difference=0.60375  below=0/3
t=48281  fraction=0.64500  peak_slope=3.806e-05  t_peak=17736  comparison cadence=35471  difference=0.60000  below=0/3
t=48281  fraction=0.65000  peak_slope=3.983e-05  t_peak=20692  comparison cadence=41383  difference=0.65000  below=0/3
t=48281  fraction=0.64000  peak_slope=4.034e-05  t_peak=19706  comparison cadence=39413  difference=0.64000  below=0/3
t=45325  fraction=0.64750  peak_slope=4.313e-05  t_peak=18721  comparison cadence=37442  difference=0.64750  below=0/3
t=43354  fraction=0.57500  peak_slope=3.501e-05  t_peak=18721  comparison cadence=37442  difference=0.57500  below=0/3
t=42369  fraction=0.58875  peak_slope=3.578e-05  t_peak=19706  comparison cadence=39413  difference=0.58875  below=0/3
t=45325  fraction=0.62250  peak_slope=3.654e-05  t_peak=19706  comparison cadence=39413  difference=0.62250  below=0/3
t=49266  fraction=0.64875  peak_slope=3.806e-05  t_peak=17736  comparison cadence=35471  difference=0.56750  below=0/3
t=43354  fraction=0.61750  peak_slope=3.983e-05  t_peak=16750  comparison cadence=33501  difference=0.61750  below=0/3
t=49266  fraction=0.65125  peak_slope=3.983e-05  t_peak=20692  comparison cadence=41383  difference=0.65125  below=0/3
t=49266  fraction=0.64750  peak_slope=4.034e-05  t_peak=19706  comparison cadence=39413  difference=0.64750  below=0/3
t=46310  fraction=0.65250  peak_slope=4.313e-05  t_peak=18721  comparison cadence=37442  difference=0.65250  below=0/3
t=44339  fraction=0.58250  peak_slope=3.501e-05  t_peak=18721  comparison cadence=37442  difference=0.58250  below=0/3
t=43354  fraction=0.59375  peak_slope=3.578e-05  t_peak=19706  comparison cadence=39413  difference=0.59375  below=0/3
t=46310  fraction=0.62500  peak_slope=3.654e-05  t_peak=19706  comparison cadence=39413  difference=0.62500  below=0/3
t=50251  fraction=0.65250  peak_slope=3.806e-05  t_peak=17736  comparison cadence=35471  difference=0.53625  below=0/3
t=50251  fraction=0.65500  peak_slope=3.983e-05  t_peak=20692  comparison cadence=41383  difference=0.65500  below=0/3
t=50251  fraction=0.65375  peak_slope=4.034e-05  t_peak=19706  comparison cadence=39413  difference=0.64875  below=0/3
t=44339  fraction=0.62125  peak_slope=3.983e-05  t_peak=16750  comparison cadence=33501  difference=0.61625  below=0/3
t=47295  fraction=0.65375  peak_slope=4.313e-05  t_peak=18721  comparison cadence=37442  difference=0.65375  below=0/3
t=45325  fraction=0.58750  peak_slope=3.501e-05  t_peak=18721  comparison cadence=37442  difference=0.58750  below=0/3
t=44339  fraction=0.59875  peak_slope=3.578e-05  t_peak=19706  comparison cadence=39413  difference=0.59875  below=0/3
t=47295  fraction=0.62750  peak_slope=3.654e-05  t_peak=19706  comparison cadence=39413  difference=0.62750  below=0/3
t=51236  fraction=0.65875  peak_slope=3.806e-05  t_peak=17736  comparison cadence=35471  difference=0.49500  below=0/3
t=51236  fraction=0.65625  peak_slope=3.983e-05  t_peak=20692  comparison cadence=41383  difference=0.65625  below=0/3
t=51236  fraction=0.65750  peak_slope=4.034e-05  t_peak=19706  comparison cadence=39413  difference=0.64250  below=0/3
t=45325  fraction=0.62750  peak_slope=3.983e-05  t_peak=16750  comparison cadence=33501  difference=0.60500  below=0/3
t=48281  fraction=0.65625  peak_slope=4.313e-05  t_peak=18721  comparison cadence=37442  difference=0.65125  below=0/3
t=46310  fraction=0.59125  peak_slope=3.501e-05  t_peak=18721  comparison cadence=37442  difference=0.59125  below=0/3
t=52222  fraction=0.66250  peak_slope=3.806e-05  t_peak=17736  comparison cadence=35471  difference=0.46375  below=0/3
t=45325  fraction=0.60250  peak_slope=3.578e-05  t_peak=19706  comparison cadence=39413  difference=0.60250  below=0/3
t=48281  fraction=0.63250  peak_slope=3.654e-05  t_peak=19706  comparison cadence=39413  difference=0.63250  below=0/3
t=52222  fraction=0.66250  peak_slope=3.983e-05  t_peak=20692  comparison cadence=41383  difference=0.65625  below=0/3
t=52222  fraction=0.66125  peak_slope=4.034e-05  t_peak=19706  comparison cadence=39413  difference=0.62125  below=0/3
t=46310  fraction=0.63250  peak_slope=3.983e-05  t_peak=16750  comparison cadence=33501  difference=0.58625  below=0/3
t=49266  fraction=0.65875  peak_slope=4.313e-05  t_peak=18721  comparison cadence=37442  difference=0.64500  below=0/3
t=53207  fraction=0.66375  peak_slope=3.806e-05  t_peak=17736  comparison cadence=35471  difference=0.43125  below=0/3
t=47295  fraction=0.59500  peak_slope=3.501e-05  t_peak=18721  comparison cadence=37442  difference=0.59375  below=0/3
t=49266  fraction=0.63750  peak_slope=3.654e-05  t_peak=19706  comparison cadence=39413  difference=0.63750  below=0/3
t=46310  fraction=0.60750  peak_slope=3.578e-05  t_peak=19706  comparison cadence=39413  difference=0.60750  below=0/3
t=53207  fraction=0.66500  peak_slope=3.983e-05  t_peak=20692  comparison cadence=41383  difference=0.64250  below=0/3
t=53207  fraction=0.66500  peak_slope=4.034e-05  t_peak=19706  comparison cadence=39413  difference=0.59000  below=0/3
t=50251  fraction=0.66500  peak_slope=4.313e-05  t_peak=18721  comparison cadence=37442  difference=0.63000  below=0/3
t=47295  fraction=0.63875  peak_slope=3.983e-05  t_peak=16750  comparison cadence=33501  difference=0.55125  below=0/3
t=54192  fraction=0.66500  peak_slope=3.806e-05  t_peak=17736  comparison cadence=35471  difference=0.40375  below=0/3
t=48281  fraction=0.60250  peak_slope=3.501e-05  t_peak=18721  comparison cadence=37442  difference=0.59625  below=0/3
t=50251  fraction=0.64375  peak_slope=3.654e-05  t_peak=19706  comparison cadence=39413  difference=0.63750  below=0/3
t=54192  fraction=0.67000  peak_slope=3.983e-05  t_peak=20692  comparison cadence=41383  difference=0.62375  below=0/3
t=54192  fraction=0.67125  peak_slope=4.034e-05  t_peak=19706  comparison cadence=39413  difference=0.57000  below=0/3
t=47295  fraction=0.60875  peak_slope=3.578e-05  t_peak=19706  comparison cadence=39413  difference=0.60875  below=0/3
t=51236  fraction=0.66875  peak_slope=4.313e-05  t_peak=18721  comparison cadence=37442  difference=0.59625  below=0/3
t=55178  fraction=0.67000  peak_slope=3.806e-05  t_peak=17736  comparison cadence=35471  difference=0.37125  below=0/3
t=48281  fraction=0.64125  peak_slope=3.983e-05  t_peak=16750  comparison cadence=33501  difference=0.52000  below=0/3
t=55178  fraction=0.67250  peak_slope=3.983e-05  t_peak=20692  comparison cadence=41383  difference=0.59125  below=0/3
t=49266  fraction=0.60875  peak_slope=3.501e-05  t_peak=18721  comparison cadence=37442  difference=0.59125  below=0/3
t=51236  fraction=0.64750  peak_slope=3.654e-05  t_peak=19706  comparison cadence=39413  difference=0.62875  below=0/3
t=55178  fraction=0.67250  peak_slope=4.034e-05  t_peak=19706  comparison cadence=39413  difference=0.53875  below=0/3
t=48281  fraction=0.61000  peak_slope=3.578e-05  t_peak=19706  comparison cadence=39413  difference=0.60875  below=0/3
t=52222  fraction=0.67625  peak_slope=4.313e-05  t_peak=18721  comparison cadence=37442  difference=0.56625  below=0/3
t=56163  fraction=0.67250  peak_slope=3.806e-05  t_peak=17736  comparison cadence=35471  difference=0.33625  below=0/3
t=49266  fraction=0.64750  peak_slope=3.983e-05  t_peak=16750  comparison cadence=33501  difference=0.47000  below=0/3
t=56163  fraction=0.67500  peak_slope=3.983e-05  t_peak=20692  comparison cadence=41383  difference=0.56750  below=0/3
t=56163  fraction=0.67750  peak_slope=4.034e-05  t_peak=19706  comparison cadence=39413  difference=0.49250  below=0/3
t=50251  fraction=0.61625  peak_slope=3.501e-05  t_peak=18721  comparison cadence=37442  difference=0.58625  below=0/3
t=52222  fraction=0.65500  peak_slope=3.654e-05  t_peak=19706  comparison cadence=39413  difference=0.60500  below=0/3
t=49266  fraction=0.61500  peak_slope=3.578e-05  t_peak=19706  comparison cadence=39413  difference=0.61375  below=0/3
t=57148  fraction=0.67500  peak_slope=3.806e-05  t_peak=17736  comparison cadence=35471  difference=0.30875  below=0/3
t=53207  fraction=0.67750  peak_slope=4.313e-05  t_peak=18721  comparison cadence=37442  difference=0.53125  below=0/3
t=57148  fraction=0.67500  peak_slope=3.983e-05  t_peak=20692  comparison cadence=41383  difference=0.53625  below=0/3
t=50251  fraction=0.65375  peak_slope=3.983e-05  t_peak=16750  comparison cadence=33501  difference=0.43500  below=0/3
t=57148  fraction=0.68375  peak_slope=4.034e-05  t_peak=19706  comparison cadence=39413  difference=0.44750  below=0/3
t=53207  fraction=0.65625  peak_slope=3.654e-05  t_peak=19706  comparison cadence=39413  difference=0.58250  below=0/3
t=51236  fraction=0.61750  peak_slope=3.501e-05  t_peak=18721  comparison cadence=37442  difference=0.56000  below=0/3
t=50251  fraction=0.61875  peak_slope=3.578e-05  t_peak=19706  comparison cadence=39413  difference=0.61250  below=0/3
t=58134  fraction=0.68000  peak_slope=3.806e-05  t_peak=17736  comparison cadence=35471  difference=0.29125  below=0/3
t=54192  fraction=0.68250  peak_slope=4.313e-05  t_peak=18721  comparison cadence=37442  difference=0.48000  below=0/3
t=58134  fraction=0.68000  peak_slope=3.983e-05  t_peak=20692  comparison cadence=41383  difference=0.50125  below=0/3
t=58134  fraction=0.68875  peak_slope=4.034e-05  t_peak=19706  comparison cadence=39413  difference=0.41625  below=0/3
t=51236  fraction=0.65625  peak_slope=3.983e-05  t_peak=16750  comparison cadence=33501  difference=0.41625  below=0/3
t=54192  fraction=0.66000  peak_slope=3.654e-05  t_peak=19706  comparison cadence=39413  difference=0.55250  below=0/3
t=52222  fraction=0.62125  peak_slope=3.501e-05  t_peak=18721  comparison cadence=37442  difference=0.53000  below=0/3
t=59119  fraction=0.68000  peak_slope=3.806e-05  t_peak=17736  comparison cadence=35471  difference=0.26125  below=0/3
t=51236  fraction=0.62500  peak_slope=3.578e-05  t_peak=19706  comparison cadence=39413  difference=0.60125  below=0/3
t=55178  fraction=0.68375  peak_slope=4.313e-05  t_peak=18721  comparison cadence=37442  difference=0.44250  below=0/3
t=59119  fraction=0.68125  peak_slope=3.983e-05  t_peak=20692  comparison cadence=41383  difference=0.44875  below=0/3
t=59119  fraction=0.69250  peak_slope=4.034e-05  t_peak=19706  comparison cadence=39413  difference=0.39250  below=0/3
t=52222  fraction=0.65875  peak_slope=3.983e-05  t_peak=16750  comparison cadence=33501  difference=0.38625  below=0/3
t=55178  fraction=0.66500  peak_slope=3.654e-05  t_peak=19706  comparison cadence=39413  difference=0.52250  below=0/3
t=53207  fraction=0.62375  peak_slope=3.501e-05  t_peak=18721  comparison cadence=37442  difference=0.49125  below=0/3
t=60104  fraction=0.68250  peak_slope=3.806e-05  t_peak=17736  comparison cadence=35471  difference=0.24250  below=0/3
t=60104  fraction=0.68375  peak_slope=3.983e-05  t_peak=20692  comparison cadence=41383  difference=0.42000  below=0/3
t=52222  fraction=0.62625  peak_slope=3.578e-05  t_peak=19706  comparison cadence=39413  difference=0.59000  below=0/3
t=56163  fraction=0.68500  peak_slope=4.313e-05  t_peak=18721  comparison cadence=37442  difference=0.40000  below=0/3
t=60104  fraction=0.69250  peak_slope=4.034e-05  t_peak=19706  comparison cadence=39413  difference=0.37000  below=0/3
t=53207  fraction=0.66000  peak_slope=3.983e-05  t_peak=16750  comparison cadence=33501  difference=0.34500  below=0/3
t=56163  fraction=0.66625  peak_slope=3.654e-05  t_peak=19706  comparison cadence=39413  difference=0.47250  below=0/3
t=54192  fraction=0.63000  peak_slope=3.501e-05  t_peak=18721  comparison cadence=37442  difference=0.46625  below=0/3
t=61090  fraction=0.68625  peak_slope=3.806e-05  t_peak=17736  comparison cadence=35471  difference=0.23250  below=0/3
t=61090  fraction=0.68500  peak_slope=3.983e-05  t_peak=20692  comparison cadence=41383  difference=0.38375  below=0/3
t=57148  fraction=0.68875  peak_slope=4.313e-05  t_peak=18721  comparison cadence=37442  difference=0.36750  below=0/3
t=53207  fraction=0.63125  peak_slope=3.578e-05  t_peak=19706  comparison cadence=39413  difference=0.56500  below=0/3
t=61090  fraction=0.69375  peak_slope=4.034e-05  t_peak=19706  comparison cadence=39413  difference=0.35125  below=0/3
t=54192  fraction=0.66625  peak_slope=3.983e-05  t_peak=16750  comparison cadence=33501  difference=0.31875  below=0/3
t=57148  fraction=0.66875  peak_slope=3.654e-05  t_peak=19706  comparison cadence=39413  difference=0.44625  below=0/3
t=62075  fraction=0.69000  peak_slope=3.806e-05  t_peak=17736  comparison cadence=35471  difference=0.21750  below=0/3
t=55178  fraction=0.63250  peak_slope=3.501e-05  t_peak=18721  comparison cadence=37442  difference=0.43875  below=0/3
t=62075  fraction=0.68875  peak_slope=3.983e-05  t_peak=20692  comparison cadence=41383  difference=0.35375  below=0/3
t=58134  fraction=0.68875  peak_slope=4.313e-05  t_peak=18721  comparison cadence=37442  difference=0.35000  below=0/3
t=62075  fraction=0.69750  peak_slope=4.034e-05  t_peak=19706  comparison cadence=39413  difference=0.33625  below=0/3
t=54192  fraction=0.63375  peak_slope=3.578e-05  t_peak=19706  comparison cadence=39413  difference=0.53750  below=0/3
t=55178  fraction=0.66875  peak_slope=3.983e-05  t_peak=16750  comparison cadence=33501  difference=0.29625  below=0/3
t=58134  fraction=0.67000  peak_slope=3.654e-05  t_peak=19706  comparison cadence=39413  difference=0.41875  below=0/3
t=63060  fraction=0.69250  peak_slope=3.806e-05  t_peak=17736  comparison cadence=35471  difference=0.20375  below=0/3
t=63060  fraction=0.69000  peak_slope=3.983e-05  t_peak=20692  comparison cadence=41383  difference=0.32125  below=0/3
t=56163  fraction=0.63625  peak_slope=3.501e-05  t_peak=18721  comparison cadence=37442  difference=0.40625  below=0/3
t=63060  fraction=0.70000  peak_slope=4.034e-05  t_peak=19706  comparison cadence=39413  difference=0.31625  below=0/3
t=59119  fraction=0.69125  peak_slope=4.313e-05  t_peak=18721  comparison cadence=37442  difference=0.32250  below=0/3
t=55178  fraction=0.64000  peak_slope=3.578e-05  t_peak=19706  comparison cadence=39413  difference=0.51125  below=0/3
t=64046  fraction=0.69500  peak_slope=3.806e-05  t_peak=17736  comparison cadence=35471  difference=0.18875  below=0/3
t=59119  fraction=0.67375  peak_slope=3.654e-05  t_peak=19706  comparison cadence=39413  difference=0.38625  below=0/3
t=56163  fraction=0.67000  peak_slope=3.983e-05  t_peak=16750  comparison cadence=33501  difference=0.27375  below=0/3
t=64046  fraction=0.69250  peak_slope=3.983e-05  t_peak=20692  comparison cadence=41383  difference=0.29500  below=0/3
t=57148  fraction=0.64125  peak_slope=3.501e-05  t_peak=18721  comparison cadence=37442  difference=0.38125  below=0/3
t=64046  fraction=0.70125  peak_slope=4.034e-05  t_peak=19706  comparison cadence=39413  difference=0.29250  below=0/3
t=60104  fraction=0.69250  peak_slope=4.313e-05  t_peak=18721  comparison cadence=37442  difference=0.29375  below=0/3
t=56163  fraction=0.64250  peak_slope=3.578e-05  t_peak=19706  comparison cadence=39413  difference=0.47750  below=0/3
t=65031  fraction=0.69875  peak_slope=3.806e-05  t_peak=17736  comparison cadence=35471  difference=0.17750  below=0/3
t=60104  fraction=0.67625  peak_slope=3.654e-05  t_peak=19706  comparison cadence=39413  difference=0.36000  below=0/3
t=57148  fraction=0.67250  peak_slope=3.983e-05  t_peak=16750  comparison cadence=33501  difference=0.25250  below=0/3
t=65031  fraction=0.69500  peak_slope=3.983e-05  t_peak=20692  comparison cadence=41383  difference=0.27375  below=0/3
t=65031  fraction=0.70750  peak_slope=4.034e-05  t_peak=19706  comparison cadence=39413  difference=0.28000  below=0/3
t=58134  fraction=0.64500  peak_slope=3.501e-05  t_peak=18721  comparison cadence=37442  difference=0.35625  below=0/3
t=61090  fraction=0.69375  peak_slope=4.313e-05  t_peak=18721  comparison cadence=37442  difference=0.27375  below=0/3
t=66016  fraction=0.70250  peak_slope=3.806e-05  t_peak=17736  comparison cadence=35471  difference=0.16500  below=0/3
t=57148  fraction=0.64625  peak_slope=3.578e-05  t_peak=19706  comparison cadence=39413  difference=0.43500  below=0/3
t=61090  fraction=0.67875  peak_slope=3.654e-05  t_peak=19706  comparison cadence=39413  difference=0.34000  below=0/3
t=66016  fraction=0.69625  peak_slope=3.983e-05  t_peak=20692  comparison cadence=41383  difference=0.25375  below=0/3
t=58134  fraction=0.67500  peak_slope=3.983e-05  t_peak=16750  comparison cadence=33501  difference=0.24000  below=0/3
t=66016  fraction=0.71000  peak_slope=4.034e-05  t_peak=19706  comparison cadence=39413  difference=0.26000  below=0/3
t=59119  fraction=0.64750  peak_slope=3.501e-05  t_peak=18721  comparison cadence=37442  difference=0.32125  below=0/3
t=62075  fraction=0.69750  peak_slope=4.313e-05  t_peak=18721  comparison cadence=37442  difference=0.25000  below=0/3
t=67002  fraction=0.70375  peak_slope=3.806e-05  t_peak=17736  comparison cadence=35471  difference=0.15750  below=0/3
t=62075  fraction=0.68000  peak_slope=3.654e-05  t_peak=19706  comparison cadence=39413  difference=0.31000  below=0/3
t=67002  fraction=0.69750  peak_slope=3.983e-05  t_peak=20692  comparison cadence=41383  difference=0.24000  below=0/3
t=58134  fraction=0.64750  peak_slope=3.578e-05  t_peak=19706  comparison cadence=39413  difference=0.40750  below=0/3
t=59119  fraction=0.67625  peak_slope=3.983e-05  t_peak=16750  comparison cadence=33501  difference=0.22500  below=0/3
t=67002  fraction=0.71125  peak_slope=4.034e-05  t_peak=19706  comparison cadence=39413  difference=0.24375  below=0/3
t=60104  fraction=0.64875  peak_slope=3.501e-05  t_peak=18721  comparison cadence=37442  difference=0.30250  below=0/3
t=63060  fraction=0.70125  peak_slope=4.313e-05  t_peak=18721  comparison cadence=37442  difference=0.22750  below=0/3
t=67987  fraction=0.70625  peak_slope=3.806e-05  t_peak=17736  comparison cadence=35471  difference=0.14375  below=0/3
t=67987  fraction=0.69875  peak_slope=3.983e-05  t_peak=20692  comparison cadence=41383  difference=0.23500  below=0/3
t=63060  fraction=0.68125  peak_slope=3.654e-05  t_peak=19706  comparison cadence=39413  difference=0.29000  below=0/3
t=59119  fraction=0.64875  peak_slope=3.578e-05  t_peak=19706  comparison cadence=39413  difference=0.37625  below=0/3
t=60104  fraction=0.67750  peak_slope=3.983e-05  t_peak=16750  comparison cadence=33501  difference=0.20500  below=0/3
t=67987  fraction=0.71250  peak_slope=4.034e-05  t_peak=19706  comparison cadence=39413  difference=0.22750  below=0/3
t=64046  fraction=0.70250  peak_slope=4.313e-05  t_peak=18721  comparison cadence=37442  difference=0.21125  below=0/3
t=61090  fraction=0.65375  peak_slope=3.501e-05  t_peak=18721  comparison cadence=37442  difference=0.28500  below=0/3
t=68972  fraction=0.70625  peak_slope=3.806e-05  t_peak=17736  comparison cadence=35471  difference=0.13375  below=0/3
t=68972  fraction=0.70125  peak_slope=3.983e-05  t_peak=20692  comparison cadence=41383  difference=0.22250  below=0/3
t=64046  fraction=0.68625  peak_slope=3.654e-05  t_peak=19706  comparison cadence=39413  difference=0.27250  below=0/3
t=61090  fraction=0.68375  peak_slope=3.983e-05  t_peak=16750  comparison cadence=33501  difference=0.19500  below=0/3
t=68972  fraction=0.71250  peak_slope=4.034e-05  t_peak=19706  comparison cadence=39413  difference=0.21625  below=0/3
t=60104  fraction=0.65250  peak_slope=3.578e-05  t_peak=19706  comparison cadence=39413  difference=0.35000  below=0/3
t=65031  fraction=0.70250  peak_slope=4.313e-05  t_peak=18721  comparison cadence=37442  difference=0.20000  below=0/3
t=69957  fraction=0.70750  peak_slope=3.806e-05  t_peak=17736  comparison cadence=35471  difference=0.13000  below=0/3
t=62075  fraction=0.65500  peak_slope=3.501e-05  t_peak=18721  comparison cadence=37442  difference=0.26750  below=0/3
t=69957  fraction=0.70250  peak_slope=3.983e-05  t_peak=20692  comparison cadence=41383  difference=0.21375  below=0/3
t=65031  fraction=0.69000  peak_slope=3.654e-05  t_peak=19706  comparison cadence=39413  difference=0.26875  below=0/3
t=69957  fraction=0.71500  peak_slope=4.034e-05  t_peak=19706  comparison cadence=39413  difference=0.20875  below=0/3
t=62075  fraction=0.68875  peak_slope=3.983e-05  t_peak=16750  comparison cadence=33501  difference=0.18625  below=0/3
t=61090  fraction=0.65375  peak_slope=3.578e-05  t_peak=19706  comparison cadence=39413  difference=0.32625  below=0/3
t=66016  fraction=0.70375  peak_slope=4.313e-05  t_peak=18721  comparison cadence=37442  difference=0.19000  below=0/3
t=70943  fraction=0.70750  peak_slope=3.806e-05  t_peak=17736  comparison cadence=35471  difference=0.12125  below=0/3
t=63060  fraction=0.65500  peak_slope=3.501e-05  t_peak=18721  comparison cadence=37442  difference=0.25625  below=0/3
t=70943  fraction=0.70375  peak_slope=3.983e-05  t_peak=20692  comparison cadence=41383  difference=0.19625  below=0/3
t=66016  fraction=0.69500  peak_slope=3.654e-05  t_peak=19706  comparison cadence=39413  difference=0.25000  below=0/3
t=70943  fraction=0.71500  peak_slope=4.034e-05  t_peak=19706  comparison cadence=39413  difference=0.20125  below=0/3
t=63060  fraction=0.69000  peak_slope=3.983e-05  t_peak=16750  comparison cadence=33501  difference=0.18000  below=0/3
t=62075  fraction=0.65750  peak_slope=3.578e-05  t_peak=19706  comparison cadence=39413  difference=0.30125  below=0/3
t=71928  fraction=0.70875  peak_slope=3.806e-05  t_peak=17736  comparison cadence=35471  difference=0.11500  below=0/3
t=67002  fraction=0.70625  peak_slope=4.313e-05  t_peak=18721  comparison cadence=37442  difference=0.17625  below=0/3
t=71928  fraction=0.70500  peak_slope=3.983e-05  t_peak=20692  comparison cadence=41383  difference=0.17750  below=0/3
t=64046  fraction=0.65875  peak_slope=3.501e-05  t_peak=18721  comparison cadence=37442  difference=0.24750  below=0/3
t=67002  fraction=0.69625  peak_slope=3.654e-05  t_peak=19706  comparison cadence=39413  difference=0.23750  below=0/3
t=71928  fraction=0.71750  peak_slope=4.034e-05  t_peak=19706  comparison cadence=39413  difference=0.19500  below=0/3
t=64046  fraction=0.69125  peak_slope=3.983e-05  t_peak=16750  comparison cadence=33501  difference=0.17250  below=0/3
t=72913  fraction=0.71250  peak_slope=3.806e-05  t_peak=17736  comparison cadence=35471  difference=0.11000  below=0/3
t=63060  fraction=0.66000  peak_slope=3.578e-05  t_peak=19706  comparison cadence=39413  difference=0.27500  below=0/3
t=67987  fraction=0.70750  peak_slope=4.313e-05  t_peak=18721  comparison cadence=37442  difference=0.16625  below=0/3
t=72913  fraction=0.70750  peak_slope=3.983e-05  t_peak=20692  comparison cadence=41383  difference=0.17625  below=0/3
t=65031  fraction=0.66125  peak_slope=3.501e-05  t_peak=18721  comparison cadence=37442  difference=0.22625  below=0/3
t=72913  fraction=0.71750  peak_slope=4.034e-05  t_peak=19706  comparison cadence=39413  difference=0.19000  below=0/3
t=67987  fraction=0.69750  peak_slope=3.654e-05  t_peak=19706  comparison cadence=39413  difference=0.22875  below=0/3
t=65031  fraction=0.69375  peak_slope=3.983e-05  t_peak=16750  comparison cadence=33501  difference=0.17000  below=0/3
t=73899  fraction=0.71750  peak_slope=3.806e-05  t_peak=17736  comparison cadence=35471  difference=0.11000  below=0/3
t=64046  fraction=0.66125  peak_slope=3.578e-05  t_peak=19706  comparison cadence=39413  difference=0.25625  below=0/3
t=68972  fraction=0.71000  peak_slope=4.313e-05  t_peak=18721  comparison cadence=37442  difference=0.15250  below=0/3
t=73899  fraction=0.71000  peak_slope=3.983e-05  t_peak=20692  comparison cadence=41383  difference=0.16500  below=0/3
t=66016  fraction=0.66250  peak_slope=3.501e-05  t_peak=18721  comparison cadence=37442  difference=0.21500  below=0/3
t=73899  fraction=0.72000  peak_slope=4.034e-05  t_peak=19706  comparison cadence=39413  difference=0.18250  below=0/3
t=68972  fraction=0.69875  peak_slope=3.654e-05  t_peak=19706  comparison cadence=39413  difference=0.22125  below=0/3
t=74884  fraction=0.71875  peak_slope=3.806e-05  t_peak=17736  comparison cadence=35471  difference=0.10625  below=0/3
t=66016  fraction=0.69500  peak_slope=3.983e-05  t_peak=16750  comparison cadence=33501  difference=0.16500  below=0/3
t=74884  fraction=0.71250  peak_slope=3.983e-05  t_peak=20692  comparison cadence=41383  difference=0.15000  below=0/3
t=69957  fraction=0.71125  peak_slope=4.313e-05  t_peak=18721  comparison cadence=37442  difference=0.14125  below=0/3
t=65031  fraction=0.66250  peak_slope=3.578e-05  t_peak=19706  comparison cadence=39413  difference=0.23750  below=0/3
t=74884  fraction=0.72000  peak_slope=4.034e-05  t_peak=19706  comparison cadence=39413  difference=0.17750  below=0/3
t=67002  fraction=0.66875  peak_slope=3.501e-05  t_peak=18721  comparison cadence=37442  difference=0.21125  below=0/3
t=69957  fraction=0.70125  peak_slope=3.654e-05  t_peak=19706  comparison cadence=39413  difference=0.20625  below=0/3
t=75869  fraction=0.72000  peak_slope=3.806e-05  t_peak=17736  comparison cadence=35471  difference=0.10375  below=0/3
t=67002  fraction=0.69625  peak_slope=3.983e-05  t_peak=16750  comparison cadence=33501  difference=0.15500  below=0/3
t=75869  fraction=0.71875  peak_slope=3.983e-05  t_peak=20692  comparison cadence=41383  difference=0.15000  below=0/3
t=70943  fraction=0.71125  peak_slope=4.313e-05  t_peak=18721  comparison cadence=37442  difference=0.13875  below=0/3
t=66016  fraction=0.66500  peak_slope=3.578e-05  t_peak=19706  comparison cadence=39413  difference=0.22875  below=0/3
t=75869  fraction=0.72125  peak_slope=4.034e-05  t_peak=19706  comparison cadence=39413  difference=0.16750  below=0/3
t=67987  fraction=0.66875  peak_slope=3.501e-05  t_peak=18721  comparison cadence=37442  difference=0.19625  below=0/3
t=70943  fraction=0.70375  peak_slope=3.654e-05  t_peak=19706  comparison cadence=39413  difference=0.19500  below=0/3
t=76855  fraction=0.72375  peak_slope=3.806e-05  t_peak=17736  comparison cadence=35471  difference=0.10625  below=0/3
t=67987  fraction=0.69750  peak_slope=3.983e-05  t_peak=16750  comparison cadence=33501  difference=0.14750  below=0/3
t=76855  fraction=0.72000  peak_slope=3.983e-05  t_peak=20692  comparison cadence=41383  difference=0.14125  below=0/3
t=71928  fraction=0.71375  peak_slope=4.313e-05  t_peak=18721  comparison cadence=37442  difference=0.13500  below=0/3
t=76855  fraction=0.72250  peak_slope=4.034e-05  t_peak=19706  comparison cadence=39413  difference=0.15750  below=0/3
t=67002  fraction=0.66750  peak_slope=3.578e-05  t_peak=19706  comparison cadence=39413  difference=0.21250  below=0/3
t=77840  fraction=0.72500  peak_slope=3.806e-05  t_peak=17736  comparison cadence=35471  difference=0.10625  below=0/3
t=68972  fraction=0.67250  peak_slope=3.501e-05  t_peak=18721  comparison cadence=37442  difference=0.18875  below=0/3
t=71928  fraction=0.70500  peak_slope=3.654e-05  t_peak=19706  comparison cadence=39413  difference=0.18250  below=0/3
t=68972  fraction=0.70000  peak_slope=3.983e-05  t_peak=16750  comparison cadence=33501  difference=0.14375  below=0/3
t=77840  fraction=0.72000  peak_slope=3.983e-05  t_peak=20692  comparison cadence=41383  difference=0.13750  below=0/3
t=72913  fraction=0.71500  peak_slope=4.313e-05  t_peak=18721  comparison cadence=37442  difference=0.13000  below=0/3
t=77840  fraction=0.72375  peak_slope=4.034e-05  t_peak=19706  comparison cadence=39413  difference=0.15000  below=0/3
t=67987  fraction=0.67125  peak_slope=3.578e-05  t_peak=19706  comparison cadence=39413  difference=0.19500  below=0/3
t=69957  fraction=0.70375  peak_slope=3.983e-05  t_peak=16750  comparison cadence=33501  difference=0.13750  below=0/3
t=78825  fraction=0.72625  peak_slope=3.806e-05  t_peak=17736  comparison cadence=35471  difference=0.10125  below=0/3
t=69957  fraction=0.67375  peak_slope=3.501e-05  t_peak=18721  comparison cadence=37442  difference=0.18125  below=0/3
t=72913  fraction=0.70875  peak_slope=3.654e-05  t_peak=19706  comparison cadence=39413  difference=0.17750  below=0/3
t=78825  fraction=0.72250  peak_slope=3.983e-05  t_peak=20692  comparison cadence=41383  difference=0.13375  below=0/3
t=73899  fraction=0.71500  peak_slope=4.313e-05  t_peak=18721  comparison cadence=37442  difference=0.12500  below=0/3
t=78825  fraction=0.72375  peak_slope=4.034e-05  t_peak=19706  comparison cadence=39413  difference=0.14625  below=0/3
t=70943  fraction=0.70375  peak_slope=3.983e-05  t_peak=16750  comparison cadence=33501  difference=0.13375  below=0/3
t=79811  fraction=0.72750  peak_slope=3.806e-05  t_peak=17736  comparison cadence=35471  difference=0.09625  below=0/3
t=68972  fraction=0.67125  peak_slope=3.578e-05  t_peak=19706  comparison cadence=39413  difference=0.18625  below=0/3
t=73899  fraction=0.70875  peak_slope=3.654e-05  t_peak=19706  comparison cadence=39413  difference=0.16875  below=0/3
t=70943  fraction=0.67750  peak_slope=3.501e-05  t_peak=18721  comparison cadence=37442  difference=0.17250  below=0/3
t=79811  fraction=0.72500  peak_slope=3.983e-05  t_peak=20692  comparison cadence=41383  difference=0.13125  below=0/3
t=71928  fraction=0.70500  peak_slope=3.983e-05  t_peak=16750  comparison cadence=33501  difference=0.12750  below=0/3
t=79811  fraction=0.72375  peak_slope=4.034e-05  t_peak=19706  comparison cadence=39413  difference=0.13750  below=0/3
t=74884  fraction=0.71875  peak_slope=4.313e-05  t_peak=18721  comparison cadence=37442  difference=0.12500  below=0/3
t=80796  fraction=0.72750  peak_slope=3.806e-05  t_peak=17736  comparison cadence=35471  difference=0.08750  below=0/3
t=69957  fraction=0.67250  peak_slope=3.578e-05  t_peak=19706  comparison cadence=39413  difference=0.17500  below=0/3
t=74884  fraction=0.71000  peak_slope=3.654e-05  t_peak=19706  comparison cadence=39413  difference=0.16125  below=0/3
t=80796  fraction=0.72750  peak_slope=3.983e-05  t_peak=20692  comparison cadence=41383  difference=0.12375  below=0/3
t=72913  fraction=0.70500  peak_slope=3.983e-05  t_peak=16750  comparison cadence=33501  difference=0.11625  below=0/3
t=71928  fraction=0.67750  peak_slope=3.501e-05  t_peak=18721  comparison cadence=37442  difference=0.16500  below=0/3
t=80796  fraction=0.72500  peak_slope=4.034e-05  t_peak=19706  comparison cadence=39413  difference=0.13375  below=0/3
t=75869  fraction=0.72000  peak_slope=4.313e-05  t_peak=18721  comparison cadence=37442  difference=0.11875  below=0/3
t=81781  fraction=0.73125  peak_slope=3.806e-05  t_peak=17736  comparison cadence=35471  difference=0.08875  below=0/3
t=73899  fraction=0.70750  peak_slope=3.983e-05  t_peak=16750  comparison cadence=33501  difference=0.11375  below=0/3
t=81781  fraction=0.72750  peak_slope=3.983e-05  t_peak=20692  comparison cadence=41383  difference=0.11750  below=0/3
t=75869  fraction=0.71125  peak_slope=3.654e-05  t_peak=19706  comparison cadence=39413  difference=0.15500  below=0/3
t=70943  fraction=0.67375  peak_slope=3.578e-05  t_peak=19706  comparison cadence=39413  difference=0.16375  below=0/3
t=72913  fraction=0.68125  peak_slope=3.501e-05  t_peak=18721  comparison cadence=37442  difference=0.16125  below=0/3
t=81781  fraction=0.72625  peak_slope=4.034e-05  t_peak=19706  comparison cadence=39413  difference=0.12750  below=0/3
t=76855  fraction=0.72125  peak_slope=4.313e-05  t_peak=18721  comparison cadence=37442  difference=0.11375  below=0/3
t=82767  fraction=0.73375  peak_slope=3.806e-05  t_peak=17736  comparison cadence=35471  difference=0.08875  below=0/3
t=74884  fraction=0.71125  peak_slope=3.983e-05  t_peak=16750  comparison cadence=33501  difference=0.11250  below=0/3
t=82767  fraction=0.72875  peak_slope=3.983e-05  t_peak=20692  comparison cadence=41383  difference=0.11000  below=0/3
t=76855  fraction=0.71375  peak_slope=3.654e-05  t_peak=19706  comparison cadence=39413  difference=0.14750  below=0/3
t=71928  fraction=0.67625  peak_slope=3.578e-05  t_peak=19706  comparison cadence=39413  difference=0.16000  below=0/3
t=73899  fraction=0.68375  peak_slope=3.501e-05  t_peak=18721  comparison cadence=37442  difference=0.15125  below=0/3
t=82767  fraction=0.72625  peak_slope=4.034e-05  t_peak=19706  comparison cadence=39413  difference=0.12250  below=0/3
t=77840  fraction=0.72125  peak_slope=4.313e-05  t_peak=18721  comparison cadence=37442  difference=0.11000  below=0/3
t=83752  fraction=0.73375  peak_slope=3.806e-05  t_peak=17736  comparison cadence=35471  difference=0.08875  below=0/3
t=75869  fraction=0.71500  peak_slope=3.983e-05  t_peak=16750  comparison cadence=33501  difference=0.11125  below=0/3
t=83752  fraction=0.73250  peak_slope=3.983e-05  t_peak=20692  comparison cadence=41383  difference=0.11125  below=0/3
t=77840  fraction=0.71500  peak_slope=3.654e-05  t_peak=19706  comparison cadence=39413  difference=0.14000  below=0/3
t=83752  fraction=0.72625  peak_slope=4.034e-05  t_peak=19706  comparison cadence=39413  difference=0.11375  below=0/3
t=72913  fraction=0.67750  peak_slope=3.578e-05  t_peak=19706  comparison cadence=39413  difference=0.15125  below=0/3
t=74884  fraction=0.68625  peak_slope=3.501e-05  t_peak=18721  comparison cadence=37442  difference=0.14000  below=0/3
t=76855  fraction=0.71625  peak_slope=3.983e-05  t_peak=16750  comparison cadence=33501  difference=0.09875  below=0/3
t=84737  fraction=0.73375  peak_slope=3.806e-05  t_peak=17736  comparison cadence=35471  difference=0.08500  below=0/3
t=78825  fraction=0.72125  peak_slope=4.313e-05  t_peak=18721  comparison cadence=37442  difference=0.10250  below=0/3
t=84737  fraction=0.73375  peak_slope=3.983e-05  t_peak=20692  comparison cadence=41383  difference=0.10750  below=0/3
t=78825  fraction=0.71625  peak_slope=3.654e-05  t_peak=19706  comparison cadence=39413  difference=0.13500  below=0/3
t=77840  fraction=0.71625  peak_slope=3.983e-05  t_peak=16750  comparison cadence=33501  difference=0.09500  below=0/3
t=84737  fraction=0.72750  peak_slope=4.034e-05  t_peak=19706  comparison cadence=39413  difference=0.10875  below=0/3
t=85723  fraction=0.73500  peak_slope=3.806e-05  t_peak=17736  comparison cadence=35471  difference=0.08250  below=0/3
t=73899  fraction=0.68125  peak_slope=3.578e-05  t_peak=19706  comparison cadence=39413  difference=0.14875  below=0/3
t=75869  fraction=0.68750  peak_slope=3.501e-05  t_peak=18721  comparison cadence=37442  difference=0.13375  below=0/3
t=79811  fraction=0.72250  peak_slope=4.313e-05  t_peak=18721  comparison cadence=37442  difference=0.09625  below=0/3
t=85723  fraction=0.73500  peak_slope=3.983e-05  t_peak=20692  comparison cadence=41383  difference=0.10500  below=0/3
t=78825  fraction=0.71625  peak_slope=3.983e-05  t_peak=16750  comparison cadence=33501  difference=0.08875  below=0/3
t=79811  fraction=0.71625  peak_slope=3.654e-05  t_peak=19706  comparison cadence=39413  difference=0.12875  below=0/3
t=85723  fraction=0.72875  peak_slope=4.034e-05  t_peak=19706  comparison cadence=39413  difference=0.10250  below=0/3
t=86708  fraction=0.73625  peak_slope=3.806e-05  t_peak=17736  comparison cadence=35471  difference=0.07750  below=0/3
t=80796  fraction=0.72375  peak_slope=4.313e-05  t_peak=18721  comparison cadence=37442  difference=0.09000  below=0/3
t=74884  fraction=0.68500  peak_slope=3.578e-05  t_peak=19706  comparison cadence=39413  difference=0.14625  below=0/3
t=76855  fraction=0.69125  peak_slope=3.501e-05  t_peak=18721  comparison cadence=37442  difference=0.13500  below=0/3
t=86708  fraction=0.73500  peak_slope=3.983e-05  t_peak=20692  comparison cadence=41383  difference=0.09875  below=0/3
t=79811  fraction=0.71625  peak_slope=3.983e-05  t_peak=16750  comparison cadence=33501  difference=0.08375  below=0/3
t=80796  fraction=0.71625  peak_slope=3.654e-05  t_peak=19706  comparison cadence=39413  difference=0.11625  below=0/3
t=86708  fraction=0.73000  peak_slope=4.034e-05  t_peak=19706  comparison cadence=39413  difference=0.10125  below=0/3
t=87693  fraction=0.73625  peak_slope=3.806e-05  t_peak=17736  comparison cadence=35471  difference=0.07375  below=0/3
t=81781  fraction=0.72625  peak_slope=4.313e-05  t_peak=18721  comparison cadence=37442  difference=0.08500  below=0/3
t=77840  fraction=0.69250  peak_slope=3.501e-05  t_peak=18721  comparison cadence=37442  difference=0.13000  below=0/3
t=75869  fraction=0.68625  peak_slope=3.578e-05  t_peak=19706  comparison cadence=39413  difference=0.13625  below=0/3
t=80796  fraction=0.71750  peak_slope=3.983e-05  t_peak=16750  comparison cadence=33501  difference=0.07875  below=0/3
t=87693  fraction=0.73500  peak_slope=3.983e-05  t_peak=20692  comparison cadence=41383  difference=0.09625  below=0/3
t=87693  fraction=0.73000  peak_slope=4.034e-05  t_peak=19706  comparison cadence=39413  difference=0.09000  below=0/3
t=81781  fraction=0.71625  peak_slope=3.654e-05  t_peak=19706  comparison cadence=39413  difference=0.10625  below=0/3
t=88678  fraction=0.73750  peak_slope=3.806e-05  t_peak=17736  comparison cadence=35471  difference=0.07375  below=0/3
t=82767  fraction=0.73000  peak_slope=4.313e-05  t_peak=18721  comparison cadence=37442  difference=0.08250  below=0/3
t=81781  fraction=0.71875  peak_slope=3.983e-05  t_peak=16750  comparison cadence=33501  difference=0.07750  below=0/3
t=78825  fraction=0.69375  peak_slope=3.501e-05  t_peak=18721  comparison cadence=37442  difference=0.12875  below=0/3
t=88678  fraction=0.73625  peak_slope=3.983e-05  t_peak=20692  comparison cadence=41383  difference=0.09000  below=0/3
t=76855  fraction=0.68750  peak_slope=3.578e-05  t_peak=19706  comparison cadence=39413  difference=0.13250  below=0/3
t=88678  fraction=0.73000  peak_slope=4.034e-05  t_peak=19706  comparison cadence=39413  difference=0.08250  below=0/3
t=89664  fraction=0.73875  peak_slope=3.806e-05  t_peak=17736  comparison cadence=35471  difference=0.07375  below=0/3
t=82767  fraction=0.71875  peak_slope=3.654e-05  t_peak=19706  comparison cadence=39413  difference=0.10750  below=0/3
t=82767  fraction=0.72000  peak_slope=3.983e-05  t_peak=16750  comparison cadence=33501  difference=0.07250  below=0/3
t=83752  fraction=0.73250  peak_slope=4.313e-05  t_peak=18721  comparison cadence=37442  difference=0.08000  below=0/3
t=89664  fraction=0.73625  peak_slope=3.983e-05  t_peak=20692  comparison cadence=41383  difference=0.08625  below=0/3
t=79811  fraction=0.69625  peak_slope=3.501e-05  t_peak=18721  comparison cadence=37442  difference=0.12750  below=0/3
t=77840  fraction=0.69000  peak_slope=3.578e-05  t_peak=19706  comparison cadence=39413  difference=0.12875  below=0/3
t=89664  fraction=0.73125  peak_slope=4.034e-05  t_peak=19706  comparison cadence=39413  difference=0.07750  below=0/3
t=90649  fraction=0.73875  peak_slope=3.806e-05  t_peak=17736  comparison cadence=35471  difference=0.06875  below=0/3
t=83752  fraction=0.72000  peak_slope=3.654e-05  t_peak=19706  comparison cadence=39413  difference=0.10375  below=0/3
t=83752  fraction=0.72000  peak_slope=3.983e-05  t_peak=16750  comparison cadence=33501  difference=0.06625  below=0/3
t=84737  fraction=0.73250  peak_slope=4.313e-05  t_peak=18721  comparison cadence=37442  difference=0.07875  below=0/3
t=90649  fraction=0.73625  peak_slope=3.983e-05  t_peak=20692  comparison cadence=41383  difference=0.08500  below=0/3
t=80796  fraction=0.70000  peak_slope=3.501e-05  t_peak=18721  comparison cadence=37442  difference=0.12500  below=0/3
t=78825  fraction=0.69125  peak_slope=3.578e-05  t_peak=19706  comparison cadence=39413  difference=0.12375  below=0/3
t=90649  fraction=0.73125  peak_slope=4.034e-05  t_peak=19706  comparison cadence=39413  difference=0.07375  below=0/3
t=91634  fraction=0.73875  peak_slope=3.806e-05  t_peak=17736  comparison cadence=35471  difference=0.06625  below=0/3
t=84737  fraction=0.72000  peak_slope=3.983e-05  t_peak=16750  comparison cadence=33501  difference=0.06375  below=0/3
t=84737  fraction=0.72125  peak_slope=3.654e-05  t_peak=19706  comparison cadence=39413  difference=0.09875  below=0/3
t=91634  fraction=0.73750  peak_slope=3.983e-05  t_peak=20692  comparison cadence=41383  difference=0.08250  below=0/3
t=85723  fraction=0.73250  peak_slope=4.313e-05  t_peak=18721  comparison cadence=37442  difference=0.07625  below=0/3
t=81781  fraction=0.70000  peak_slope=3.501e-05  t_peak=18721  comparison cadence=37442  difference=0.11750  below=0/3
t=91634  fraction=0.73125  peak_slope=4.034e-05  t_peak=19706  comparison cadence=39413  difference=0.07000  below=0/3
t=92620  fraction=0.74000  peak_slope=3.806e-05  t_peak=17736  comparison cadence=35471  difference=0.06500  below=0/3
t=79811  fraction=0.69250  peak_slope=3.578e-05  t_peak=19706  comparison cadence=39413  difference=0.11750  below=0/3
t=85723  fraction=0.72000  peak_slope=3.983e-05  t_peak=16750  comparison cadence=33501  difference=0.06125  below=0/3
t=85723  fraction=0.72125  peak_slope=3.654e-05  t_peak=19706  comparison cadence=39413  difference=0.09625  below=0/3
t=92620  fraction=0.73750  peak_slope=3.983e-05  t_peak=20692  comparison cadence=41383  difference=0.08125  below=0/3
t=86708  fraction=0.73250  peak_slope=4.313e-05  t_peak=18721  comparison cadence=37442  difference=0.07375  below=0/3
t=93605  fraction=0.74250  peak_slope=3.806e-05  t_peak=17736  comparison cadence=35471  difference=0.06250  below=0/3
t=92620  fraction=0.73125  peak_slope=4.034e-05  t_peak=19706  comparison cadence=39413  difference=0.06625  below=0/3
t=82767  fraction=0.70125  peak_slope=3.501e-05  t_peak=18721  comparison cadence=37442  difference=0.11375  below=0/3
t=86708  fraction=0.72250  peak_slope=3.983e-05  t_peak=16750  comparison cadence=33501  difference=0.06250  below=0/3
t=80796  fraction=0.69500  peak_slope=3.578e-05  t_peak=19706  comparison cadence=39413  difference=0.11375  below=0/3
t=86708  fraction=0.72375  peak_slope=3.654e-05  t_peak=19706  comparison cadence=39413  difference=0.09625  below=0/3
t=93605  fraction=0.73750  peak_slope=3.983e-05  t_peak=20692  comparison cadence=41383  difference=0.07500  below=0/3
t=87693  fraction=0.73250  peak_slope=4.313e-05  t_peak=18721  comparison cadence=37442  difference=0.06750  below=0/3
t=94590  fraction=0.74375  peak_slope=3.806e-05  t_peak=17736  comparison cadence=35471  difference=0.06375  below=0/3
t=87693  fraction=0.72375  peak_slope=3.983e-05  t_peak=16750  comparison cadence=33501  difference=0.05750  below=0/3
t=93605  fraction=0.73250  peak_slope=4.034e-05  t_peak=19706  comparison cadence=39413  difference=0.06125  below=0/3
t=83752  fraction=0.70125  peak_slope=3.501e-05  t_peak=18721  comparison cadence=37442  difference=0.11000  below=0/3
t=81781  fraction=0.69500  peak_slope=3.578e-05  t_peak=19706  comparison cadence=39413  difference=0.10625  below=0/3
t=87693  fraction=0.72750  peak_slope=3.654e-05  t_peak=19706  comparison cadence=39413  difference=0.09500  below=0/3
t=94590  fraction=0.73750  peak_slope=3.983e-05  t_peak=20692  comparison cadence=41383  difference=0.07250  below=0/3
t=88678  fraction=0.73250  peak_slope=4.313e-05  t_peak=18721  comparison cadence=37442  difference=0.06375  below=0/3
t=88678  fraction=0.72375  peak_slope=3.983e-05  t_peak=16750  comparison cadence=33501  difference=0.05500  below=0/3
t=95576  fraction=0.74375  peak_slope=3.806e-05  t_peak=17736  comparison cadence=35471  difference=0.06125  below=0/3
t=94590  fraction=0.73250  peak_slope=4.034e-05  t_peak=19706  comparison cadence=39413  difference=0.06000  below=0/3
t=84737  fraction=0.70500  peak_slope=3.501e-05  t_peak=18721  comparison cadence=37442  difference=0.11000  below=0/3
t=82767  fraction=0.69625  peak_slope=3.578e-05  t_peak=19706  comparison cadence=39413  difference=0.10250  below=0/3
t=88678  fraction=0.72875  peak_slope=3.654e-05  t_peak=19706  comparison cadence=39413  difference=0.09125  below=0/3
t=95576  fraction=0.74000  peak_slope=3.983e-05  t_peak=20692  comparison cadence=41383  difference=0.07000  below=0/3
t=89664  fraction=0.73625  peak_slope=4.313e-05  t_peak=18721  comparison cadence=37442  difference=0.06000  below=0/3
t=89664  fraction=0.72500  peak_slope=3.983e-05  t_peak=16750  comparison cadence=33501  difference=0.05500  below=0/3
t=96561  fraction=0.74500  peak_slope=3.806e-05  t_peak=17736  comparison cadence=35471  difference=0.05875  below=0/3
t=95576  fraction=0.73250  peak_slope=4.034e-05  t_peak=19706  comparison cadence=39413  difference=0.05500  below=0/3
t=85723  fraction=0.70500  peak_slope=3.501e-05  t_peak=18721  comparison cadence=37442  difference=0.10250  below=0/3
t=96561  fraction=0.74000  peak_slope=3.983e-05  t_peak=20692  comparison cadence=41383  difference=0.06750  below=0/3
t=89664  fraction=0.73000  peak_slope=3.654e-05  t_peak=19706  comparison cadence=39413  difference=0.08625  below=0/3
t=83752  fraction=0.69750  peak_slope=3.578e-05  t_peak=19706  comparison cadence=39413  difference=0.09875  below=0/3
t=90649  fraction=0.72625  peak_slope=3.983e-05  t_peak=16750  comparison cadence=33501  difference=0.05375  below=0/3
t=90649  fraction=0.73750  peak_slope=4.313e-05  t_peak=18721  comparison cadence=37442  difference=0.06000  below=0/3
t=97546  fraction=0.74500  peak_slope=3.806e-05  t_peak=17736  comparison cadence=35471  difference=0.05500  below=0/3
t=96561  fraction=0.73375  peak_slope=4.034e-05  t_peak=19706  comparison cadence=39413  difference=0.05000  below=0/3
t=97546  fraction=0.74000  peak_slope=3.983e-05  t_peak=20692  comparison cadence=41383  difference=0.06500  below=0/3
t=86708  fraction=0.70500  peak_slope=3.501e-05  t_peak=18721  comparison cadence=37442  difference=0.09625  below=0/3
t=90649  fraction=0.73000  peak_slope=3.654e-05  t_peak=19706  comparison cadence=39413  difference=0.08250  below=0/3
t=91634  fraction=0.72625  peak_slope=3.983e-05  t_peak=16750  comparison cadence=33501  difference=0.05125  below=0/3
t=84737  fraction=0.69750  peak_slope=3.578e-05  t_peak=19706  comparison cadence=39413  difference=0.09500  below=0/3
t=98532  fraction=0.74500  peak_slope=3.806e-05  t_peak=17736  comparison cadence=35471  difference=0.05250  below=0/3
Saved 188 remaining particles to /scratch/group/p.phy260085.000/Mass_Fraction/Outputs/Ejection_Results/remaining_particles_2099426_0.csv
t=97546  fraction=0.73375  peak_slope=4.034e-05  t_peak=19706  comparison cadence=39413  difference=0.04500  below=1/3
t=91634  fraction=0.73750  peak_slope=4.313e-05  t_peak=18721  comparison cadence=37442  difference=0.05500  below=0/3
t=98532  fraction=0.74250  peak_slope=3.983e-05  t_peak=20692  comparison cadence=41383  difference=0.06750  below=0/3
Saved 185 remaining particles to /scratch/group/p.phy260085.000/Mass_Fraction/Outputs/Ejection_Results/remaining_particles_2099426_0.csv
t=92620  fraction=0.72625  peak_slope=3.983e-05  t_peak=16750  comparison cadence=33501  difference=0.05000  below=1/3
t=87693  fraction=0.70750  peak_slope=3.501e-05  t_peak=18721  comparison cadence=37442  difference=0.09125  below=0/3
t=91634  fraction=0.73250  peak_slope=3.654e-05  t_peak=19706  comparison cadence=39413  difference=0.07750  below=0/3
t=98532  fraction=0.73375  peak_slope=4.034e-05  t_peak=19706  comparison cadence=39413  difference=0.04125  below=2/3
Saved 190 remaining particles to /scratch/group/p.phy260085.000/Mass_Fraction/Outputs/Ejection_Results/remaining_particles_2099426_0.csv
t=85723  fraction=0.69875  peak_slope=3.578e-05  t_peak=19706  comparison cadence=39413  difference=0.09125  below=0/3
t=92620  fraction=0.73750  peak_slope=4.313e-05  t_peak=18721  comparison cadence=37442  difference=0.05375  below=0/3
t=93605  fraction=0.72625  peak_slope=3.983e-05  t_peak=16750  comparison cadence=33501  difference=0.04875  below=2/3
t=92620  fraction=0.73250  peak_slope=3.654e-05  t_peak=19706  comparison cadence=39413  difference=0.07625  below=0/3
t=88678  fraction=0.70875  peak_slope=3.501e-05  t_peak=18721  comparison cadence=37442  difference=0.09125  below=0/3
t=93605  fraction=0.73750  peak_slope=4.313e-05  t_peak=18721  comparison cadence=37442  difference=0.05250  below=0/3
t=86708  fraction=0.70000  peak_slope=3.578e-05  t_peak=19706  comparison cadence=39413  difference=0.09125  below=0/3
t=94590  fraction=0.72750  peak_slope=3.983e-05  t_peak=16750  comparison cadence=33501  difference=0.04375  below=3/3
Stopping at t=94590.37093519035
Saved 194 remaining particles to /scratch/group/p.phy260085.000/Mass_Fraction/Outputs/Ejection_Results/remaining_particles_2099426_0.csv
t=93605  fraction=0.73250  peak_slope=3.654e-05  t_peak=19706  comparison cadence=39413  difference=0.07250  below=0/3
t=89664  fraction=0.71000  peak_slope=3.501e-05  t_peak=18721  comparison cadence=37442  difference=0.08875  below=0/3
t=94590  fraction=0.73750  peak_slope=4.313e-05  t_peak=18721  comparison cadence=37442  difference=0.04875  below=1/3
t=87693  fraction=0.70000  peak_slope=3.578e-05  t_peak=19706  comparison cadence=39413  difference=0.09000  below=0/3
t=94590  fraction=0.73250  peak_slope=3.654e-05  t_peak=19706  comparison cadence=39413  difference=0.06750  below=0/3
t=90649  fraction=0.71125  peak_slope=3.501e-05  t_peak=18721  comparison cadence=37442  difference=0.08750  below=0/3
t=95576  fraction=0.73750  peak_slope=4.313e-05  t_peak=18721  comparison cadence=37442  difference=0.04875  below=2/3
t=88678  fraction=0.70125  peak_slope=3.578e-05  t_peak=19706  comparison cadence=39413  difference=0.08625  below=0/3
t=95576  fraction=0.73250  peak_slope=3.654e-05  t_peak=19706  comparison cadence=39413  difference=0.06625  below=0/3
t=91634  fraction=0.71125  peak_slope=3.501e-05  t_peak=18721  comparison cadence=37442  difference=0.08125  below=0/3
t=96561  fraction=0.73750  peak_slope=4.313e-05  t_peak=18721  comparison cadence=37442  difference=0.04625  below=3/3
Stopping at t=96561.00366300682
Saved 188 remaining particles to /scratch/group/p.phy260085.000/Mass_Fraction/Outputs/Ejection_Results/remaining_particles_2099426_0.csv
t=89664  fraction=0.70125  peak_slope=3.578e-05  t_peak=19706  comparison cadence=39413  difference=0.08250  below=0/3
t=96561  fraction=0.73375  peak_slope=3.654e-05  t_peak=19706  comparison cadence=39413  difference=0.06500  below=0/3
