==========================================
Mass Fraction MPI Run
==========================================
Date:               Tue Sep  8 02:41:44 CDT 2026
Host:               ac036
Array job ID:       2099431
Array task ID:      2
MPI ranks:          8
CPUs per task:      1
Nodes allocated:    1
Python:             /scratch/user/u.hm357857/.conda/envs/comets/bin/python
Conda environment:  /scratch/user/u.hm357857/.conda/envs/comets
==========================================

Running 800 simulations with 1 MPI ranks
Rank 0: 800 simulations
Running 800 simulations with 1 MPI ranks
Rank 0: 800 simulations
Running 800 simulations with 1 MPI ranks
Rank 0: 800 simulations
Running 800 simulations with 1 MPI ranks
Rank 0: 800 simulations
Running 800 simulations with 1 MPI ranks
Rank 0: 800 simulations
Running 800 simulations with 1 MPI ranks
Rank 0: 800 simulations
Running 800 simulations with 1 MPI ranks
Rank 0: 800 simulations
Running 800 simulations with 1 MPI ranks
Rank 0: 800 simulations
t=75848  fraction=0.58375  peak_slope=1.754e-05  t_peak=37924  comparison cadence=75848  difference=0.58375  below=0/3
t=76846  fraction=0.58750  peak_slope=1.754e-05  t_peak=37924  comparison cadence=75848  difference=0.58750  below=0/3
t=77844  fraction=0.59750  peak_slope=1.754e-05  t_peak=37924  comparison cadence=75848  difference=0.59750  below=0/3
t=78842  fraction=0.60375  peak_slope=1.754e-05  t_peak=37924  comparison cadence=75848  difference=0.60375  below=0/3
t=67864  fraction=0.51375  peak_slope=1.628e-05  t_peak=33932  comparison cadence=67864  difference=0.51375  below=0/3
t=79840  fraction=0.61250  peak_slope=1.754e-05  t_peak=37924  comparison cadence=75848  difference=0.61250  below=0/3
t=77844  fraction=0.60375  peak_slope=1.954e-05  t_peak=38922  comparison cadence=77844  difference=0.60375  below=0/3
t=68862  fraction=0.51750  peak_slope=1.628e-05  t_peak=33932  comparison cadence=67864  difference=0.51750  below=0/3
t=80838  fraction=0.61750  peak_slope=1.754e-05  t_peak=37924  comparison cadence=75848  difference=0.61750  below=0/3
t=78842  fraction=0.61000  peak_slope=1.954e-05  t_peak=38922  comparison cadence=77844  difference=0.61000  below=0/3
t=81836  fraction=0.62000  peak_slope=1.754e-05  t_peak=37924  comparison cadence=75848  difference=0.62000  below=0/3
t=69860  fraction=0.52750  peak_slope=1.628e-05  t_peak=33932  comparison cadence=67864  difference=0.52750  below=0/3
t=87824  fraction=0.66250  peak_slope=1.754e-05  t_peak=43912  comparison cadence=87824  difference=0.66250  below=0/3
t=79840  fraction=0.61625  peak_slope=1.954e-05  t_peak=38922  comparison cadence=77844  difference=0.61625  below=0/3
t=82834  fraction=0.62750  peak_slope=1.754e-05  t_peak=37924  comparison cadence=75848  difference=0.62750  below=0/3
t=88822  fraction=0.66625  peak_slope=1.754e-05  t_peak=43912  comparison cadence=87824  difference=0.66625  below=0/3
t=70858  fraction=0.53375  peak_slope=1.628e-05  t_peak=33932  comparison cadence=67864  difference=0.53375  below=0/3
t=80838  fraction=0.62000  peak_slope=1.954e-05  t_peak=38922  comparison cadence=77844  difference=0.62000  below=0/3
t=83832  fraction=0.63125  peak_slope=1.754e-05  t_peak=37924  comparison cadence=75848  difference=0.63125  below=0/3
t=89820  fraction=0.67000  peak_slope=1.754e-05  t_peak=43912  comparison cadence=87824  difference=0.67000  below=0/3
t=71856  fraction=0.54000  peak_slope=1.628e-05  t_peak=33932  comparison cadence=67864  difference=0.54000  below=0/3
t=81836  fraction=0.62375  peak_slope=1.954e-05  t_peak=38922  comparison cadence=77844  difference=0.62375  below=0/3
t=84830  fraction=0.63500  peak_slope=1.754e-05  t_peak=37924  comparison cadence=75848  difference=0.63500  below=0/3
t=90818  fraction=0.67125  peak_slope=1.754e-05  t_peak=43912  comparison cadence=87824  difference=0.67125  below=0/3
t=82834  fraction=0.63000  peak_slope=1.954e-05  t_peak=38922  comparison cadence=77844  difference=0.63000  below=0/3
t=72854  fraction=0.55000  peak_slope=1.628e-05  t_peak=33932  comparison cadence=67864  difference=0.55000  below=0/3
t=91816  fraction=0.67375  peak_slope=1.754e-05  t_peak=43912  comparison cadence=87824  difference=0.67375  below=0/3
t=85828  fraction=0.63625  peak_slope=1.754e-05  t_peak=37924  comparison cadence=75848  difference=0.63625  below=0/3
t=83832  fraction=0.63625  peak_slope=1.954e-05  t_peak=38922  comparison cadence=77844  difference=0.63625  below=0/3
t=73852  fraction=0.56125  peak_slope=1.628e-05  t_peak=33932  comparison cadence=67864  difference=0.56125  below=0/3
t=92814  fraction=0.67625  peak_slope=1.754e-05  t_peak=43912  comparison cadence=87824  difference=0.67625  below=0/3
t=86826  fraction=0.64000  peak_slope=1.754e-05  t_peak=37924  comparison cadence=75848  difference=0.64000  below=0/3
t=84830  fraction=0.64000  peak_slope=1.954e-05  t_peak=38922  comparison cadence=77844  difference=0.64000  below=0/3
t=74850  fraction=0.56625  peak_slope=1.628e-05  t_peak=33932  comparison cadence=67864  difference=0.56625  below=0/3
t=93812  fraction=0.67750  peak_slope=1.754e-05  t_peak=43912  comparison cadence=87824  difference=0.67750  below=0/3
t=87824  fraction=0.64375  peak_slope=1.754e-05  t_peak=37924  comparison cadence=75848  difference=0.64375  below=0/3
t=85828  fraction=0.64375  peak_slope=1.954e-05  t_peak=38922  comparison cadence=77844  difference=0.64375  below=0/3
t=94810  fraction=0.68125  peak_slope=1.754e-05  t_peak=43912  comparison cadence=87824  difference=0.68125  below=0/3
t=88822  fraction=0.64500  peak_slope=1.754e-05  t_peak=37924  comparison cadence=75848  difference=0.64500  below=0/3
t=75848  fraction=0.57500  peak_slope=1.628e-05  t_peak=33932  comparison cadence=67864  difference=0.57500  below=0/3
t=83832  fraction=0.63500  peak_slope=2.229e-05  t_peak=41916  comparison cadence=83832  difference=0.63500  below=0/3
t=86826  fraction=0.64375  peak_slope=1.954e-05  t_peak=38922  comparison cadence=77844  difference=0.64375  below=0/3
t=95808  fraction=0.68500  peak_slope=1.754e-05  t_peak=43912  comparison cadence=87824  difference=0.68500  below=0/3
t=89820  fraction=0.64750  peak_slope=1.754e-05  t_peak=37924  comparison cadence=75848  difference=0.64750  below=0/3
t=76846  fraction=0.58000  peak_slope=1.628e-05  t_peak=33932  comparison cadence=67864  difference=0.58000  below=0/3
t=84830  fraction=0.64125  peak_slope=2.229e-05  t_peak=41916  comparison cadence=83832  difference=0.64125  below=0/3
t=87824  fraction=0.64750  peak_slope=1.954e-05  t_peak=38922  comparison cadence=77844  difference=0.64750  below=0/3
t=96806  fraction=0.68500  peak_slope=1.754e-05  t_peak=43912  comparison cadence=87824  difference=0.68500  below=0/3
t=90818  fraction=0.64875  peak_slope=1.754e-05  t_peak=37924  comparison cadence=75848  difference=0.64875  below=0/3
t=77844  fraction=0.58500  peak_slope=1.628e-05  t_peak=33932  comparison cadence=67864  difference=0.58500  below=0/3
t=85828  fraction=0.64500  peak_slope=2.229e-05  t_peak=41916  comparison cadence=83832  difference=0.64500  below=0/3
t=97804  fraction=0.68625  peak_slope=1.754e-05  t_peak=43912  comparison cadence=87824  difference=0.68625  below=0/3
t=88822  fraction=0.65250  peak_slope=1.954e-05  t_peak=38922  comparison cadence=77844  difference=0.65250  below=0/3
t=91816  fraction=0.65250  peak_slope=1.754e-05  t_peak=37924  comparison cadence=75848  difference=0.65250  below=0/3
t=86826  fraction=0.64875  peak_slope=2.229e-05  t_peak=41916  comparison cadence=83832  difference=0.64875  below=0/3
t=78842  fraction=0.59250  peak_slope=1.628e-05  t_peak=33932  comparison cadence=67864  difference=0.59250  below=0/3
t=98802  fraction=0.69250  peak_slope=1.754e-05  t_peak=43912  comparison cadence=87824  difference=0.69250  below=0/3
t=89820  fraction=0.65875  peak_slope=1.954e-05  t_peak=38922  comparison cadence=77844  difference=0.65875  below=0/3
t=92814  fraction=0.65375  peak_slope=1.754e-05  t_peak=37924  comparison cadence=75848  difference=0.65375  below=0/3
t=87824  fraction=0.65000  peak_slope=2.229e-05  t_peak=41916  comparison cadence=83832  difference=0.65000  below=0/3
t=99800  fraction=0.69375  peak_slope=1.754e-05  t_peak=43912  comparison cadence=87824  difference=0.69375  below=0/3
t=79840  fraction=0.59500  peak_slope=1.628e-05  t_peak=33932  comparison cadence=67864  difference=0.59500  below=0/3
t=90818  fraction=0.66250  peak_slope=1.954e-05  t_peak=38922  comparison cadence=77844  difference=0.66250  below=0/3
t=93812  fraction=0.66000  peak_slope=1.754e-05  t_peak=37924  comparison cadence=75848  difference=0.66000  below=0/3
t=88822  fraction=0.65375  peak_slope=2.229e-05  t_peak=41916  comparison cadence=83832  difference=0.65375  below=0/3
t=100798  fraction=0.69625  peak_slope=1.754e-05  t_peak=43912  comparison cadence=87824  difference=0.69625  below=0/3
t=91816  fraction=0.66625  peak_slope=1.954e-05  t_peak=38922  comparison cadence=77844  difference=0.66625  below=0/3
t=80838  fraction=0.60375  peak_slope=1.628e-05  t_peak=33932  comparison cadence=67864  difference=0.60375  below=0/3
t=94810  fraction=0.66500  peak_slope=1.754e-05  t_peak=37924  comparison cadence=75848  difference=0.66500  below=0/3
t=101796  fraction=0.69750  peak_slope=1.754e-05  t_peak=43912  comparison cadence=87824  difference=0.69750  below=0/3
t=89820  fraction=0.65875  peak_slope=2.229e-05  t_peak=41916  comparison cadence=83832  difference=0.65875  below=0/3
t=92814  fraction=0.67250  peak_slope=1.954e-05  t_peak=38922  comparison cadence=77844  difference=0.67250  below=0/3
t=81836  fraction=0.61000  peak_slope=1.628e-05  t_peak=33932  comparison cadence=67864  difference=0.61000  below=0/3
t=95808  fraction=0.67125  peak_slope=1.754e-05  t_peak=37924  comparison cadence=75848  difference=0.67125  below=0/3
t=102794  fraction=0.70000  peak_slope=1.754e-05  t_peak=43912  comparison cadence=87824  difference=0.70000  below=0/3
t=90818  fraction=0.66500  peak_slope=2.229e-05  t_peak=41916  comparison cadence=83832  difference=0.66500  below=0/3
t=93812  fraction=0.67500  peak_slope=1.954e-05  t_peak=38922  comparison cadence=77844  difference=0.67500  below=0/3
t=96806  fraction=0.67375  peak_slope=1.754e-05  t_peak=37924  comparison cadence=75848  difference=0.67375  below=0/3
t=82834  fraction=0.61500  peak_slope=1.628e-05  t_peak=33932  comparison cadence=67864  difference=0.61500  below=0/3
t=103792  fraction=0.70125  peak_slope=1.754e-05  t_peak=43912  comparison cadence=87824  difference=0.70125  below=0/3
t=91816  fraction=0.67125  peak_slope=2.229e-05  t_peak=41916  comparison cadence=83832  difference=0.67125  below=0/3
t=94810  fraction=0.67750  peak_slope=1.954e-05  t_peak=38922  comparison cadence=77844  difference=0.67750  below=0/3
t=97804  fraction=0.67500  peak_slope=1.754e-05  t_peak=37924  comparison cadence=75848  difference=0.67500  below=0/3
t=104790  fraction=0.70250  peak_slope=1.754e-05  t_peak=43912  comparison cadence=87824  difference=0.70250  below=0/3
t=83832  fraction=0.61625  peak_slope=1.628e-05  t_peak=33932  comparison cadence=67864  difference=0.61625  below=0/3
t=92814  fraction=0.67625  peak_slope=2.229e-05  t_peak=41916  comparison cadence=83832  difference=0.67625  below=0/3
t=95808  fraction=0.68250  peak_slope=1.954e-05  t_peak=38922  comparison cadence=77844  difference=0.68250  below=0/3
t=98802  fraction=0.67875  peak_slope=1.754e-05  t_peak=37924  comparison cadence=75848  difference=0.67875  below=0/3
t=105788  fraction=0.70625  peak_slope=1.754e-05  t_peak=43912  comparison cadence=87824  difference=0.70625  below=0/3
t=93812  fraction=0.68000  peak_slope=2.229e-05  t_peak=41916  comparison cadence=83832  difference=0.68000  below=0/3
t=84830  fraction=0.62000  peak_slope=1.628e-05  t_peak=33932  comparison cadence=67864  difference=0.62000  below=0/3
t=106786  fraction=0.71125  peak_slope=1.754e-05  t_peak=43912  comparison cadence=87824  difference=0.71125  below=0/3
t=96806  fraction=0.68625  peak_slope=1.954e-05  t_peak=38922  comparison cadence=77844  difference=0.68625  below=0/3
t=99800  fraction=0.68125  peak_slope=1.754e-05  t_peak=37924  comparison cadence=75848  difference=0.68000  below=0/3
t=94810  fraction=0.68375  peak_slope=2.229e-05  t_peak=41916  comparison cadence=83832  difference=0.68375  below=0/3
t=85828  fraction=0.62500  peak_slope=1.628e-05  t_peak=33932  comparison cadence=67864  difference=0.62500  below=0/3
t=107784  fraction=0.71125  peak_slope=1.754e-05  t_peak=43912  comparison cadence=87824  difference=0.71125  below=0/3
t=97804  fraction=0.69000  peak_slope=1.954e-05  t_peak=38922  comparison cadence=77844  difference=0.69000  below=0/3
t=100798  fraction=0.68250  peak_slope=1.754e-05  t_peak=37924  comparison cadence=75848  difference=0.67750  below=0/3
t=95808  fraction=0.68750  peak_slope=2.229e-05  t_peak=41916  comparison cadence=83832  difference=0.68750  below=0/3
t=108782  fraction=0.71375  peak_slope=1.754e-05  t_peak=43912  comparison cadence=87824  difference=0.71375  below=0/3
t=86826  fraction=0.63000  peak_slope=1.628e-05  t_peak=33932  comparison cadence=67864  difference=0.63000  below=0/3
t=98802  fraction=0.69250  peak_slope=1.954e-05  t_peak=38922  comparison cadence=77844  difference=0.69250  below=0/3
t=101796  fraction=0.68500  peak_slope=1.754e-05  t_peak=37924  comparison cadence=75848  difference=0.67500  below=0/3
t=96806  fraction=0.68750  peak_slope=2.229e-05  t_peak=41916  comparison cadence=83832  difference=0.68750  below=0/3
t=109780  fraction=0.71625  peak_slope=1.754e-05  t_peak=43912  comparison cadence=87824  difference=0.71625  below=0/3
t=87824  fraction=0.63125  peak_slope=1.628e-05  t_peak=33932  comparison cadence=67864  difference=0.63125  below=0/3
t=102794  fraction=0.68750  peak_slope=1.754e-05  t_peak=37924  comparison cadence=75848  difference=0.67125  below=0/3
t=99800  fraction=0.69500  peak_slope=1.954e-05  t_peak=38922  comparison cadence=77844  difference=0.69375  below=0/3
t=97804  fraction=0.69000  peak_slope=2.229e-05  t_peak=41916  comparison cadence=83832  difference=0.69000  below=0/3
t=110778  fraction=0.72000  peak_slope=1.754e-05  t_peak=43912  comparison cadence=87824  difference=0.72000  below=0/3
t=103792  fraction=0.69125  peak_slope=1.754e-05  t_peak=37924  comparison cadence=75848  difference=0.67125  below=0/3
t=100798  fraction=0.70000  peak_slope=1.954e-05  t_peak=38922  comparison cadence=77844  difference=0.69875  below=0/3
t=88822  fraction=0.63375  peak_slope=1.628e-05  t_peak=33932  comparison cadence=67864  difference=0.63375  below=0/3
t=98802  fraction=0.69750  peak_slope=2.229e-05  t_peak=41916  comparison cadence=83832  difference=0.69750  below=0/3
t=111776  fraction=0.72125  peak_slope=1.754e-05  t_peak=43912  comparison cadence=87824  difference=0.71750  below=0/3
t=104790  fraction=0.69500  peak_slope=1.754e-05  t_peak=37924  comparison cadence=75848  difference=0.66625  below=0/3
t=101796  fraction=0.70125  peak_slope=1.954e-05  t_peak=38922  comparison cadence=77844  difference=0.69750  below=0/3
t=83832  fraction=0.62625  peak_slope=1.804e-05  t_peak=41916  comparison cadence=83832  difference=0.62625  below=0/3
t=89820  fraction=0.63750  peak_slope=1.628e-05  t_peak=33932  comparison cadence=67864  difference=0.63750  below=0/3
t=89820  fraction=0.67000  peak_slope=1.779e-05  t_peak=44910  comparison cadence=89820  difference=0.67000  below=0/3
t=99800  fraction=0.70625  peak_slope=2.229e-05  t_peak=41916  comparison cadence=83832  difference=0.70625  below=0/3
t=112774  fraction=0.72500  peak_slope=1.754e-05  t_peak=43912  comparison cadence=87824  difference=0.72000  below=0/3
t=105788  fraction=0.69750  peak_slope=1.754e-05  t_peak=37924  comparison cadence=75848  difference=0.65500  below=0/3
t=102794  fraction=0.70250  peak_slope=1.954e-05  t_peak=38922  comparison cadence=77844  difference=0.69750  below=0/3
t=113772  fraction=0.72500  peak_slope=1.754e-05  t_peak=43912  comparison cadence=87824  difference=0.71875  below=0/3
t=100798  fraction=0.70875  peak_slope=2.229e-05  t_peak=41916  comparison cadence=83832  difference=0.70875  below=0/3
t=84830  fraction=0.63125  peak_slope=1.804e-05  t_peak=41916  comparison cadence=83832  difference=0.63125  below=0/3
t=90818  fraction=0.64000  peak_slope=1.628e-05  t_peak=33932  comparison cadence=67864  difference=0.63875  below=0/3
t=90818  fraction=0.67125  peak_slope=1.779e-05  t_peak=44910  comparison cadence=89820  difference=0.67125  below=0/3
t=106786  fraction=0.70000  peak_slope=1.754e-05  t_peak=37924  comparison cadence=75848  difference=0.64750  below=0/3
t=103792  fraction=0.71125  peak_slope=1.954e-05  t_peak=38922  comparison cadence=77844  difference=0.70375  below=0/3
t=114770  fraction=0.72750  peak_slope=1.754e-05  t_peak=43912  comparison cadence=87824  difference=0.71250  below=0/3
t=101796  fraction=0.71500  peak_slope=2.229e-05  t_peak=41916  comparison cadence=83832  difference=0.71500  below=0/3
t=91816  fraction=0.67250  peak_slope=1.779e-05  t_peak=44910  comparison cadence=89820  difference=0.67250  below=0/3
t=91816  fraction=0.64250  peak_slope=1.628e-05  t_peak=33932  comparison cadence=67864  difference=0.64125  below=0/3
t=85828  fraction=0.63500  peak_slope=1.804e-05  t_peak=41916  comparison cadence=83832  difference=0.63500  below=0/3
t=107784  fraction=0.70000  peak_slope=1.754e-05  t_peak=37924  comparison cadence=75848  difference=0.63125  below=0/3
t=115768  fraction=0.72750  peak_slope=1.754e-05  t_peak=43912  comparison cadence=87824  difference=0.70875  below=0/3
t=104790  fraction=0.71625  peak_slope=1.954e-05  t_peak=38922  comparison cadence=77844  difference=0.70375  below=0/3
t=102794  fraction=0.71750  peak_slope=2.229e-05  t_peak=41916  comparison cadence=83832  difference=0.71750  below=0/3
t=92814  fraction=0.67625  peak_slope=1.779e-05  t_peak=44910  comparison cadence=89820  difference=0.67625  below=0/3
t=92814  fraction=0.64500  peak_slope=1.628e-05  t_peak=33932  comparison cadence=67864  difference=0.63875  below=0/3
t=86826  fraction=0.63750  peak_slope=1.804e-05  t_peak=41916  comparison cadence=83832  difference=0.63750  below=0/3
t=108782  fraction=0.70500  peak_slope=1.754e-05  t_peak=37924  comparison cadence=75848  difference=0.62250  below=0/3
t=116766  fraction=0.73000  peak_slope=1.754e-05  t_peak=43912  comparison cadence=87824  difference=0.70375  below=0/3
t=105788  fraction=0.71875  peak_slope=1.954e-05  t_peak=38922  comparison cadence=77844  difference=0.70125  below=0/3
t=103792  fraction=0.71875  peak_slope=2.229e-05  t_peak=41916  comparison cadence=83832  difference=0.71875  below=0/3
t=93812  fraction=0.68375  peak_slope=1.779e-05  t_peak=44910  comparison cadence=89820  difference=0.68375  below=0/3
t=93812  fraction=0.64750  peak_slope=1.628e-05  t_peak=33932  comparison cadence=67864  difference=0.63750  below=0/3
t=117764  fraction=0.73375  peak_slope=1.754e-05  t_peak=43912  comparison cadence=87824  difference=0.69750  below=0/3
t=109780  fraction=0.70750  peak_slope=1.754e-05  t_peak=37924  comparison cadence=75848  difference=0.60875  below=0/3
t=87824  fraction=0.64250  peak_slope=1.804e-05  t_peak=41916  comparison cadence=83832  difference=0.64250  below=0/3
t=106786  fraction=0.72125  peak_slope=1.954e-05  t_peak=38922  comparison cadence=77844  difference=0.69000  below=0/3
t=104790  fraction=0.72125  peak_slope=2.229e-05  t_peak=41916  comparison cadence=83832  difference=0.72125  below=0/3
t=118762  fraction=0.73625  peak_slope=1.754e-05  t_peak=43912  comparison cadence=87824  difference=0.68500  below=0/3
t=94810  fraction=0.68875  peak_slope=1.779e-05  t_peak=44910  comparison cadence=89820  difference=0.68875  below=0/3
t=110778  fraction=0.71250  peak_slope=1.754e-05  t_peak=37924  comparison cadence=75848  difference=0.60000  below=0/3
t=94810  fraction=0.65125  peak_slope=1.628e-05  t_peak=33932  comparison cadence=67864  difference=0.63625  below=0/3
t=107784  fraction=0.72625  peak_slope=1.954e-05  t_peak=38922  comparison cadence=77844  difference=0.68750  below=0/3
t=88822  fraction=0.65250  peak_slope=1.804e-05  t_peak=41916  comparison cadence=83832  difference=0.65250  below=0/3
t=105788  fraction=0.72375  peak_slope=2.229e-05  t_peak=41916  comparison cadence=83832  difference=0.72375  below=0/3
t=119760  fraction=0.73750  peak_slope=1.754e-05  t_peak=43912  comparison cadence=87824  difference=0.66625  below=0/3
t=111776  fraction=0.71625  peak_slope=1.754e-05  t_peak=37924  comparison cadence=75848  difference=0.58750  below=0/3
t=95808  fraction=0.69500  peak_slope=1.779e-05  t_peak=44910  comparison cadence=89820  difference=0.69500  below=0/3
t=95808  fraction=0.65375  peak_slope=1.628e-05  t_peak=33932  comparison cadence=67864  difference=0.63125  below=0/3
t=108782  fraction=0.72875  peak_slope=1.954e-05  t_peak=38922  comparison cadence=77844  difference=0.67625  below=0/3
t=106786  fraction=0.72375  peak_slope=2.229e-05  t_peak=41916  comparison cadence=83832  difference=0.72375  below=0/3
t=89820  fraction=0.65375  peak_slope=1.804e-05  t_peak=41916  comparison cadence=83832  difference=0.65375  below=0/3
t=120758  fraction=0.73875  peak_slope=1.754e-05  t_peak=43912  comparison cadence=87824  difference=0.65750  below=0/3
t=112774  fraction=0.72125  peak_slope=1.754e-05  t_peak=37924  comparison cadence=75848  difference=0.57375  below=0/3
t=96806  fraction=0.69750  peak_slope=1.779e-05  t_peak=44910  comparison cadence=89820  difference=0.69750  below=0/3
t=109780  fraction=0.73125  peak_slope=1.954e-05  t_peak=38922  comparison cadence=77844  difference=0.66500  below=0/3
t=107784  fraction=0.72750  peak_slope=2.229e-05  t_peak=41916  comparison cadence=83832  difference=0.72750  below=0/3
t=96806  fraction=0.65750  peak_slope=1.628e-05  t_peak=33932  comparison cadence=67864  difference=0.62875  below=0/3
t=121756  fraction=0.74250  peak_slope=1.754e-05  t_peak=43912  comparison cadence=87824  difference=0.64750  below=0/3
t=90818  fraction=0.66000  peak_slope=1.804e-05  t_peak=41916  comparison cadence=83832  difference=0.66000  below=0/3
t=113772  fraction=0.72375  peak_slope=1.754e-05  t_peak=37924  comparison cadence=75848  difference=0.55375  below=0/3
t=85828  fraction=0.63625  peak_slope=2.154e-05  t_peak=42914  comparison cadence=85828  difference=0.63625  below=0/3
t=97804  fraction=0.70000  peak_slope=1.779e-05  t_peak=44910  comparison cadence=89820  difference=0.70000  below=0/3
t=108782  fraction=0.73125  peak_slope=2.229e-05  t_peak=41916  comparison cadence=83832  difference=0.72750  below=0/3
t=110778  fraction=0.73500  peak_slope=1.954e-05  t_peak=38922  comparison cadence=77844  difference=0.65750  below=0/3
t=122754  fraction=0.74625  peak_slope=1.754e-05  t_peak=43912  comparison cadence=87824  difference=0.62750  below=0/3
t=97804  fraction=0.66000  peak_slope=1.628e-05  t_peak=33932  comparison cadence=67864  difference=0.61875  below=0/3
t=114770  fraction=0.72750  peak_slope=1.754e-05  t_peak=37924  comparison cadence=75848  difference=0.54875  below=0/3
t=91816  fraction=0.66500  peak_slope=1.804e-05  t_peak=41916  comparison cadence=83832  difference=0.66500  below=0/3
t=86826  fraction=0.64000  peak_slope=2.154e-05  t_peak=42914  comparison cadence=85828  difference=0.64000  below=0/3
t=109780  fraction=0.73250  peak_slope=2.229e-05  t_peak=41916  comparison cadence=83832  difference=0.72250  below=0/3
t=111776  fraction=0.73625  peak_slope=1.954e-05  t_peak=38922  comparison cadence=77844  difference=0.64375  below=0/3
t=123752  fraction=0.75250  peak_slope=1.754e-05  t_peak=43912  comparison cadence=87824  difference=0.62375  below=0/3
t=98802  fraction=0.70125  peak_slope=1.779e-05  t_peak=44910  comparison cadence=89820  difference=0.70125  below=0/3
t=98802  fraction=0.66375  peak_slope=1.628e-05  t_peak=33932  comparison cadence=67864  difference=0.60625  below=0/3
t=115768  fraction=0.72875  peak_slope=1.754e-05  t_peak=37924  comparison cadence=75848  difference=0.53375  below=0/3
t=92814  fraction=0.67000  peak_slope=1.804e-05  t_peak=41916  comparison cadence=83832  difference=0.67000  below=0/3
t=124750  fraction=0.75750  peak_slope=1.754e-05  t_peak=43912  comparison cadence=87824  difference=0.61625  below=0/3
t=110778  fraction=0.73500  peak_slope=2.229e-05  t_peak=41916  comparison cadence=83832  difference=0.72125  below=0/3
t=112774  fraction=0.73875  peak_slope=1.954e-05  t_peak=38922  comparison cadence=77844  difference=0.62625  below=0/3
t=87824  fraction=0.64375  peak_slope=2.154e-05  t_peak=42914  comparison cadence=85828  difference=0.64375  below=0/3
t=99800  fraction=0.70125  peak_slope=1.779e-05  t_peak=44910  comparison cadence=89820  difference=0.70125  below=0/3
t=99800  fraction=0.66750  peak_slope=1.628e-05  t_peak=33932  comparison cadence=67864  difference=0.59000  below=0/3
t=116766  fraction=0.73375  peak_slope=1.754e-05  t_peak=37924  comparison cadence=75848  difference=0.52750  below=0/3
t=125748  fraction=0.76000  peak_slope=1.754e-05  t_peak=43912  comparison cadence=87824  difference=0.60000  below=0/3
t=111776  fraction=0.73750  peak_slope=2.229e-05  t_peak=41916  comparison cadence=83832  difference=0.71375  below=0/3
t=93812  fraction=0.67375  peak_slope=1.804e-05  t_peak=41916  comparison cadence=83832  difference=0.67375  below=0/3
t=113772  fraction=0.73875  peak_slope=1.954e-05  t_peak=38922  comparison cadence=77844  difference=0.61125  below=0/3
t=100798  fraction=0.70250  peak_slope=1.779e-05  t_peak=44910  comparison cadence=89820  difference=0.70250  below=0/3
t=88822  fraction=0.64875  peak_slope=2.154e-05  t_peak=42914  comparison cadence=85828  difference=0.64875  below=0/3
t=117764  fraction=0.73500  peak_slope=1.754e-05  t_peak=37924  comparison cadence=75848  difference=0.51250  below=0/3
t=100798  fraction=0.67250  peak_slope=1.628e-05  t_peak=33932  comparison cadence=67864  difference=0.58125  below=0/3
t=126746  fraction=0.76125  peak_slope=1.754e-05  t_peak=43912  comparison cadence=87824  difference=0.58625  below=0/3
t=112774  fraction=0.74125  peak_slope=2.229e-05  t_peak=41916  comparison cadence=83832  difference=0.70500  below=0/3
t=114770  fraction=0.74000  peak_slope=1.954e-05  t_peak=38922  comparison cadence=77844  difference=0.59125  below=0/3
t=94810  fraction=0.67875  peak_slope=1.804e-05  t_peak=41916  comparison cadence=83832  difference=0.67875  below=0/3
t=101796  fraction=0.70375  peak_slope=1.779e-05  t_peak=44910  comparison cadence=89820  difference=0.70375  below=0/3
t=118762  fraction=0.73875  peak_slope=1.754e-05  t_peak=37924  comparison cadence=75848  difference=0.50750  below=0/3
t=89820  fraction=0.65250  peak_slope=2.154e-05  t_peak=42914  comparison cadence=85828  difference=0.65250  below=0/3
t=127744  fraction=0.76375  peak_slope=1.754e-05  t_peak=43912  comparison cadence=87824  difference=0.57250  below=0/3
t=101796  fraction=0.67750  peak_slope=1.628e-05  t_peak=33932  comparison cadence=67864  difference=0.56750  below=0/3
t=113772  fraction=0.74375  peak_slope=2.229e-05  t_peak=41916  comparison cadence=83832  difference=0.70000  below=0/3
t=115768  fraction=0.74375  peak_slope=1.954e-05  t_peak=38922  comparison cadence=77844  difference=0.57500  below=0/3
t=95808  fraction=0.68500  peak_slope=1.804e-05  t_peak=41916  comparison cadence=83832  difference=0.68500  below=0/3
t=128743  fraction=0.76750  peak_slope=1.754e-05  t_peak=43912  comparison cadence=87824  difference=0.55625  below=0/3
t=102794  fraction=0.70500  peak_slope=1.779e-05  t_peak=44910  comparison cadence=89820  difference=0.70500  below=0/3
t=119760  fraction=0.74000  peak_slope=1.754e-05  t_peak=37924  comparison cadence=75848  difference=0.49250  below=0/3
t=90818  fraction=0.65750  peak_slope=2.154e-05  t_peak=42914  comparison cadence=85828  difference=0.65750  below=0/3
t=102794  fraction=0.68375  peak_slope=1.628e-05  t_peak=33932  comparison cadence=67864  difference=0.56375  below=0/3
t=114770  fraction=0.74750  peak_slope=2.229e-05  t_peak=41916  comparison cadence=83832  difference=0.68750  below=0/3
t=116766  fraction=0.74625  peak_slope=1.954e-05  t_peak=38922  comparison cadence=77844  difference=0.55625  below=0/3
t=129741  fraction=0.76875  peak_slope=1.754e-05  t_peak=43912  comparison cadence=87824  difference=0.54375  below=0/3
t=120758  fraction=0.74250  peak_slope=1.754e-05  t_peak=37924  comparison cadence=75848  difference=0.48500  below=0/3
t=103792  fraction=0.70750  peak_slope=1.779e-05  t_peak=44910  comparison cadence=89820  difference=0.70750  below=0/3
t=96806  fraction=0.68875  peak_slope=1.804e-05  t_peak=41916  comparison cadence=83832  difference=0.68875  below=0/3
t=115768  fraction=0.75125  peak_slope=2.229e-05  t_peak=41916  comparison cadence=83832  difference=0.68375  below=0/3
t=91816  fraction=0.66625  peak_slope=2.154e-05  t_peak=42914  comparison cadence=85828  difference=0.66625  below=0/3
t=103792  fraction=0.68750  peak_slope=1.628e-05  t_peak=33932  comparison cadence=67864  difference=0.55125  below=0/3
t=117764  fraction=0.74875  peak_slope=1.954e-05  t_peak=38922  comparison cadence=77844  difference=0.55250  below=0/3
t=130739  fraction=0.77000  peak_slope=1.754e-05  t_peak=43912  comparison cadence=87824  difference=0.52375  below=0/3
t=121756  fraction=0.74375  peak_slope=1.754e-05  t_peak=37924  comparison cadence=75848  difference=0.47250  below=0/3
t=104790  fraction=0.71000  peak_slope=1.779e-05  t_peak=44910  comparison cadence=89820  difference=0.71000  below=0/3
t=116766  fraction=0.75250  peak_slope=2.229e-05  t_peak=41916  comparison cadence=83832  difference=0.67000  below=0/3
t=97804  fraction=0.69625  peak_slope=1.804e-05  t_peak=41916  comparison cadence=83832  difference=0.69625  below=0/3
t=131737  fraction=0.77125  peak_slope=1.754e-05  t_peak=43912  comparison cadence=87824  difference=0.50875  below=0/3
t=104790  fraction=0.69125  peak_slope=1.628e-05  t_peak=33932  comparison cadence=67864  difference=0.54250  below=0/3
t=118762  fraction=0.75125  peak_slope=1.954e-05  t_peak=38922  comparison cadence=77844  difference=0.53750  below=0/3
t=92814  fraction=0.66875  peak_slope=2.154e-05  t_peak=42914  comparison cadence=85828  difference=0.66875  below=0/3
t=122754  fraction=0.74875  peak_slope=1.754e-05  t_peak=37924  comparison cadence=75848  difference=0.45000  below=0/3
t=105788  fraction=0.71500  peak_slope=1.779e-05  t_peak=44910  comparison cadence=89820  difference=0.71500  below=0/3
t=117764  fraction=0.75375  peak_slope=2.229e-05  t_peak=41916  comparison cadence=83832  difference=0.65500  below=0/3
t=132735  fraction=0.77125  peak_slope=1.754e-05  t_peak=43912  comparison cadence=87824  difference=0.49875  below=0/3
t=98802  fraction=0.69875  peak_slope=1.804e-05  t_peak=41916  comparison cadence=83832  difference=0.69875  below=0/3
t=119760  fraction=0.75250  peak_slope=1.954e-05  t_peak=38922  comparison cadence=77844  difference=0.53000  below=0/3
t=105788  fraction=0.69250  peak_slope=1.628e-05  t_peak=33932  comparison cadence=67864  difference=0.52750  below=0/3
t=93812  fraction=0.67375  peak_slope=2.154e-05  t_peak=42914  comparison cadence=85828  difference=0.67375  below=0/3
t=123752  fraction=0.75125  peak_slope=1.754e-05  t_peak=37924  comparison cadence=75848  difference=0.44125  below=0/3
t=118762  fraction=0.75375  peak_slope=2.229e-05  t_peak=41916  comparison cadence=83832  difference=0.64500  below=0/3
t=133733  fraction=0.77375  peak_slope=1.754e-05  t_peak=43912  comparison cadence=87824  difference=0.48625  below=0/3
t=106786  fraction=0.71750  peak_slope=1.779e-05  t_peak=44910  comparison cadence=89820  difference=0.71750  below=0/3
t=120758  fraction=0.75375  peak_slope=1.954e-05  t_peak=38922  comparison cadence=77844  difference=0.51000  below=0/3
t=99800  fraction=0.70250  peak_slope=1.804e-05  t_peak=41916  comparison cadence=83832  difference=0.70250  below=0/3
t=106786  fraction=0.69500  peak_slope=1.628e-05  t_peak=33932  comparison cadence=67864  difference=0.51000  below=0/3
t=124750  fraction=0.75250  peak_slope=1.754e-05  t_peak=37924  comparison cadence=75848  difference=0.43125  below=0/3
t=94810  fraction=0.67875  peak_slope=2.154e-05  t_peak=42914  comparison cadence=85828  difference=0.67875  below=0/3
t=119760  fraction=0.75375  peak_slope=2.229e-05  t_peak=41916  comparison cadence=83832  difference=0.62625  below=0/3
t=134731  fraction=0.77750  peak_slope=1.754e-05  t_peak=43912  comparison cadence=87824  difference=0.48250  below=0/3
t=107784  fraction=0.72000  peak_slope=1.779e-05  t_peak=44910  comparison cadence=89820  difference=0.72000  below=0/3
t=121756  fraction=0.76000  peak_slope=1.954e-05  t_peak=38922  comparison cadence=77844  difference=0.50625  below=0/3
t=125748  fraction=0.75250  peak_slope=1.754e-05  t_peak=37924  comparison cadence=75848  difference=0.41250  below=0/3
t=100798  fraction=0.70875  peak_slope=1.804e-05  t_peak=41916  comparison cadence=83832  difference=0.70875  below=0/3
t=107784  fraction=0.69625  peak_slope=1.628e-05  t_peak=33932  comparison cadence=67864  difference=0.49875  below=0/3
t=135729  fraction=0.78000  peak_slope=1.754e-05  t_peak=43912  comparison cadence=87824  difference=0.47250  below=0/3
t=120758  fraction=0.75375  peak_slope=2.229e-05  t_peak=41916  comparison cadence=83832  difference=0.61750  below=0/3
t=95808  fraction=0.68000  peak_slope=2.154e-05  t_peak=42914  comparison cadence=85828  difference=0.68000  below=0/3
t=108782  fraction=0.72125  peak_slope=1.779e-05  t_peak=44910  comparison cadence=89820  difference=0.72125  below=0/3
t=122754  fraction=0.76250  peak_slope=1.954e-05  t_peak=38922  comparison cadence=77844  difference=0.50000  below=0/3
t=126746  fraction=0.75625  peak_slope=1.754e-05  t_peak=37924  comparison cadence=75848  difference=0.40375  below=0/3
t=136727  fraction=0.78250  peak_slope=1.754e-05  t_peak=43912  comparison cadence=87824  difference=0.46125  below=0/3
t=108782  fraction=0.70125  peak_slope=1.628e-05  t_peak=33932  comparison cadence=67864  difference=0.48750  below=0/3
t=101796  fraction=0.71375  peak_slope=1.804e-05  t_peak=41916  comparison cadence=83832  difference=0.71375  below=0/3
t=121756  fraction=0.75500  peak_slope=2.229e-05  t_peak=41916  comparison cadence=83832  difference=0.58375  below=0/3
t=96806  fraction=0.68250  peak_slope=2.154e-05  t_peak=42914  comparison cadence=85828  difference=0.68250  below=0/3
t=123752  fraction=0.76250  peak_slope=1.954e-05  t_peak=38922  comparison cadence=77844  difference=0.47750  below=0/3
t=109780  fraction=0.72250  peak_slope=1.779e-05  t_peak=44910  comparison cadence=89820  difference=0.72250  below=0/3
t=127744  fraction=0.76000  peak_slope=1.754e-05  t_peak=37924  comparison cadence=75848  difference=0.40000  below=0/3
t=137725  fraction=0.78500  peak_slope=1.754e-05  t_peak=43912  comparison cadence=87824  difference=0.45250  below=0/3
t=122754  fraction=0.75750  peak_slope=2.229e-05  t_peak=41916  comparison cadence=83832  difference=0.56625  below=0/3
t=109780  fraction=0.70625  peak_slope=1.628e-05  t_peak=33932  comparison cadence=67864  difference=0.48000  below=0/3
t=102794  fraction=0.71500  peak_slope=1.804e-05  t_peak=41916  comparison cadence=83832  difference=0.71500  below=0/3
t=97804  fraction=0.68250  peak_slope=2.154e-05  t_peak=42914  comparison cadence=85828  difference=0.68250  below=0/3
t=124750  fraction=0.76500  peak_slope=1.954e-05  t_peak=38922  comparison cadence=77844  difference=0.46625  below=0/3
t=128743  fraction=0.76250  peak_slope=1.754e-05  t_peak=37924  comparison cadence=75848  difference=0.39000  below=0/3
t=110778  fraction=0.72625  peak_slope=1.779e-05  t_peak=44910  comparison cadence=89820  difference=0.72625  below=0/3
t=138723  fraction=0.78500  peak_slope=1.754e-05  t_peak=43912  comparison cadence=87824  difference=0.43625  below=0/3
t=123752  fraction=0.75875  peak_slope=2.229e-05  t_peak=41916  comparison cadence=83832  difference=0.55250  below=0/3
t=110778  fraction=0.70875  peak_slope=1.628e-05  t_peak=33932  comparison cadence=67864  difference=0.46875  below=0/3
t=103792  fraction=0.71875  peak_slope=1.804e-05  t_peak=41916  comparison cadence=83832  difference=0.71875  below=0/3
t=125748  fraction=0.76875  peak_slope=1.954e-05  t_peak=38922  comparison cadence=77844  difference=0.46375  below=0/3
t=139721  fraction=0.78500  peak_slope=1.754e-05  t_peak=43912  comparison cadence=87824  difference=0.42375  below=0/3
t=129741  fraction=0.77125  peak_slope=1.754e-05  t_peak=37924  comparison cadence=75848  difference=0.37875  below=0/3
t=98802  fraction=0.68250  peak_slope=2.154e-05  t_peak=42914  comparison cadence=85828  difference=0.68250  below=0/3
t=111776  fraction=0.72750  peak_slope=1.779e-05  t_peak=44910  comparison cadence=89820  difference=0.72625  below=0/3
t=124750  fraction=0.76000  peak_slope=2.229e-05  t_peak=41916  comparison cadence=83832  difference=0.52875  below=0/3
t=111776  fraction=0.71000  peak_slope=1.628e-05  t_peak=33932  comparison cadence=67864  difference=0.45750  below=0/3
t=140719  fraction=0.78625  peak_slope=1.754e-05  t_peak=43912  comparison cadence=87824  difference=0.41375  below=0/3
t=126746  fraction=0.77375  peak_slope=1.954e-05  t_peak=38922  comparison cadence=77844  difference=0.45375  below=0/3
t=130739  fraction=0.77250  peak_slope=1.754e-05  t_peak=37924  comparison cadence=75848  difference=0.36875  below=0/3
t=104790  fraction=0.72125  peak_slope=1.804e-05  t_peak=41916  comparison cadence=83832  difference=0.72000  below=0/3
t=112774  fraction=0.73125  peak_slope=1.779e-05  t_peak=44910  comparison cadence=89820  difference=0.73000  below=0/3
t=99800  fraction=0.68500  peak_slope=2.154e-05  t_peak=42914  comparison cadence=85828  difference=0.68500  below=0/3
t=125748  fraction=0.76250  peak_slope=2.229e-05  t_peak=41916  comparison cadence=83832  difference=0.51500  below=0/3
t=141717  fraction=0.78750  peak_slope=1.754e-05  t_peak=43912  comparison cadence=87824  difference=0.40125  below=0/3
t=112774  fraction=0.71250  peak_slope=1.628e-05  t_peak=33932  comparison cadence=67864  difference=0.44750  below=0/3
t=127744  fraction=0.77750  peak_slope=1.954e-05  t_peak=38922  comparison cadence=77844  difference=0.44125  below=0/3
t=131737  fraction=0.77250  peak_slope=1.754e-05  t_peak=37924  comparison cadence=75848  difference=0.35625  below=0/3
t=105788  fraction=0.72250  peak_slope=1.804e-05  t_peak=41916  comparison cadence=83832  difference=0.72000  below=0/3
t=126746  fraction=0.76750  peak_slope=2.229e-05  t_peak=41916  comparison cadence=83832  difference=0.50250  below=0/3
t=113772  fraction=0.73125  peak_slope=1.779e-05  t_peak=44910  comparison cadence=89820  difference=0.72875  below=0/3
t=100798  fraction=0.68500  peak_slope=2.154e-05  t_peak=42914  comparison cadence=85828  difference=0.68500  below=0/3
t=142715  fraction=0.78750  peak_slope=1.754e-05  t_peak=43912  comparison cadence=87824  difference=0.38375  below=0/3
t=128743  fraction=0.77875  peak_slope=1.954e-05  t_peak=38922  comparison cadence=77844  difference=0.41750  below=0/3
t=132735  fraction=0.77875  peak_slope=1.754e-05  t_peak=37924  comparison cadence=75848  difference=0.35500  below=0/3
t=113772  fraction=0.71500  peak_slope=1.628e-05  t_peak=33932  comparison cadence=67864  difference=0.44000  below=0/3
t=127744  fraction=0.77000  peak_slope=2.229e-05  t_peak=41916  comparison cadence=83832  difference=0.49000  below=0/3
t=106786  fraction=0.72375  peak_slope=1.804e-05  t_peak=41916  comparison cadence=83832  difference=0.72125  below=0/3
t=114770  fraction=0.73375  peak_slope=1.779e-05  t_peak=44910  comparison cadence=89820  difference=0.72500  below=0/3
t=143713  fraction=0.79000  peak_slope=1.754e-05  t_peak=43912  comparison cadence=87824  difference=0.37500  below=0/3
t=101796  fraction=0.68875  peak_slope=2.154e-05  t_peak=42914  comparison cadence=85828  difference=0.68875  below=0/3
t=129741  fraction=0.78500  peak_slope=1.954e-05  t_peak=38922  comparison cadence=77844  difference=0.41125  below=0/3
t=133733  fraction=0.77875  peak_slope=1.754e-05  t_peak=37924  comparison cadence=75848  difference=0.34375  below=0/3
t=114770  fraction=0.71750  peak_slope=1.628e-05  t_peak=33932  comparison cadence=67864  difference=0.43000  below=0/3
t=128743  fraction=0.77000  peak_slope=2.229e-05  t_peak=41916  comparison cadence=83832  difference=0.47750  below=0/3
t=144711  fraction=0.79125  peak_slope=1.754e-05  t_peak=43912  comparison cadence=87824  difference=0.36000  below=0/3
t=115768  fraction=0.73750  peak_slope=1.779e-05  t_peak=44910  comparison cadence=89820  difference=0.72375  below=0/3
t=107784  fraction=0.72875  peak_slope=1.804e-05  t_peak=41916  comparison cadence=83832  difference=0.72375  below=0/3
t=102794  fraction=0.69375  peak_slope=2.154e-05  t_peak=42914  comparison cadence=85828  difference=0.69375  below=0/3
t=134731  fraction=0.78000  peak_slope=1.754e-05  t_peak=37924  comparison cadence=75848  difference=0.34375  below=0/3
t=130739  fraction=0.78625  peak_slope=1.954e-05  t_peak=38922  comparison cadence=77844  difference=0.40250  below=0/3
t=129741  fraction=0.77250  peak_slope=2.229e-05  t_peak=41916  comparison cadence=83832  difference=0.46250  below=0/3
t=115768  fraction=0.72000  peak_slope=1.628e-05  t_peak=33932  comparison cadence=67864  difference=0.41250  below=0/3
t=145709  fraction=0.79375  peak_slope=1.754e-05  t_peak=43912  comparison cadence=87824  difference=0.34875  below=0/3
t=116766  fraction=0.74125  peak_slope=1.779e-05  t_peak=44910  comparison cadence=89820  difference=0.72125  below=0/3
t=108782  fraction=0.73125  peak_slope=1.804e-05  t_peak=41916  comparison cadence=83832  difference=0.72375  below=0/3
t=135729  fraction=0.78000  peak_slope=1.754e-05  t_peak=37924  comparison cadence=75848  difference=0.33500  below=0/3
t=131737  fraction=0.78625  peak_slope=1.954e-05  t_peak=38922  comparison cadence=77844  difference=0.39000  below=0/3
t=103792  fraction=0.69750  peak_slope=2.154e-05  t_peak=42914  comparison cadence=85828  difference=0.69750  below=0/3
t=130739  fraction=0.77625  peak_slope=2.229e-05  t_peak=41916  comparison cadence=83832  difference=0.45000  below=0/3
t=146707  fraction=0.79750  peak_slope=1.754e-05  t_peak=43912  comparison cadence=87824  difference=0.33750  below=0/3
t=116766  fraction=0.72125  peak_slope=1.628e-05  t_peak=33932  comparison cadence=67864  difference=0.39250  below=0/3
t=117764  fraction=0.74125  peak_slope=1.779e-05  t_peak=44910  comparison cadence=89820  difference=0.71625  below=0/3
t=136727  fraction=0.78125  peak_slope=1.754e-05  t_peak=37924  comparison cadence=75848  difference=0.32500  below=0/3
t=132735  fraction=0.79000  peak_slope=1.954e-05  t_peak=38922  comparison cadence=77844  difference=0.38250  below=0/3
t=109780  fraction=0.73250  peak_slope=1.804e-05  t_peak=41916  comparison cadence=83832  difference=0.72250  below=0/3
t=147705  fraction=0.79750  peak_slope=1.754e-05  t_peak=43912  comparison cadence=87824  difference=0.33125  below=0/3
t=131737  fraction=0.77625  peak_slope=2.229e-05  t_peak=41916  comparison cadence=83832  difference=0.43500  below=0/3
t=104790  fraction=0.69875  peak_slope=2.154e-05  t_peak=42914  comparison cadence=85828  difference=0.69875  below=0/3
t=117764  fraction=0.72125  peak_slope=1.628e-05  t_peak=33932  comparison cadence=67864  difference=0.38750  below=0/3
t=118762  fraction=0.74500  peak_slope=1.779e-05  t_peak=44910  comparison cadence=89820  difference=0.71125  below=0/3
t=137725  fraction=0.78125  peak_slope=1.754e-05  t_peak=37924  comparison cadence=75848  difference=0.31375  below=0/3
t=133733  fraction=0.79125  peak_slope=1.954e-05  t_peak=38922  comparison cadence=77844  difference=0.36500  below=0/3
t=148703  fraction=0.79750  peak_slope=1.754e-05  t_peak=43912  comparison cadence=87824  difference=0.32375  below=0/3
t=132735  fraction=0.77750  peak_slope=2.229e-05  t_peak=41916  comparison cadence=83832  difference=0.42000  below=0/3
t=110778  fraction=0.73500  peak_slope=1.804e-05  t_peak=41916  comparison cadence=83832  difference=0.72125  below=0/3
t=105788  fraction=0.70250  peak_slope=2.154e-05  t_peak=42914  comparison cadence=85828  difference=0.70250  below=0/3
t=118762  fraction=0.72625  peak_slope=1.628e-05  t_peak=33932  comparison cadence=67864  difference=0.37125  below=0/3
t=138723  fraction=0.78375  peak_slope=1.754e-05  t_peak=37924  comparison cadence=75848  difference=0.30250  below=0/3
t=149701  fraction=0.80250  peak_slope=1.754e-05  t_peak=43912  comparison cadence=87824  difference=0.31875  below=0/3
t=119760  fraction=0.75000  peak_slope=1.779e-05  t_peak=44910  comparison cadence=89820  difference=0.70875  below=0/3
t=134731  fraction=0.79250  peak_slope=1.954e-05  t_peak=38922  comparison cadence=77844  difference=0.35875  below=0/3
t=133733  fraction=0.78125  peak_slope=2.229e-05  t_peak=41916  comparison cadence=83832  difference=0.41000  below=0/3
t=111776  fraction=0.73750  peak_slope=1.804e-05  t_peak=41916  comparison cadence=83832  difference=0.71625  below=0/3
t=106786  fraction=0.70750  peak_slope=2.154e-05  t_peak=42914  comparison cadence=85828  difference=0.70750  below=0/3
t=150699  fraction=0.80250  peak_slope=1.754e-05  t_peak=43912  comparison cadence=87824  difference=0.31500  below=0/3
t=119760  fraction=0.72750  peak_slope=1.628e-05  t_peak=33932  comparison cadence=67864  difference=0.36250  below=0/3
t=139721  fraction=0.78625  peak_slope=1.754e-05  t_peak=37924  comparison cadence=75848  difference=0.29625  below=0/3
t=120758  fraction=0.75125  peak_slope=1.779e-05  t_peak=44910  comparison cadence=89820  difference=0.69500  below=0/3
t=135729  fraction=0.79625  peak_slope=1.954e-05  t_peak=38922  comparison cadence=77844  difference=0.35000  below=0/3
t=134731  fraction=0.78375  peak_slope=2.229e-05  t_peak=41916  comparison cadence=83832  difference=0.40000  below=0/3
t=151697  fraction=0.80250  peak_slope=1.754e-05  t_peak=43912  comparison cadence=87824  difference=0.30500  below=0/3
t=112774  fraction=0.73875  peak_slope=1.804e-05  t_peak=41916  comparison cadence=83832  difference=0.70500  below=0/3
t=140719  fraction=0.78625  peak_slope=1.754e-05  t_peak=37924  comparison cadence=75848  difference=0.29000  below=0/3
t=107784  fraction=0.71000  peak_slope=2.154e-05  t_peak=42914  comparison cadence=85828  difference=0.71000  below=0/3
t=120758  fraction=0.72875  peak_slope=1.628e-05  t_peak=33932  comparison cadence=67864  difference=0.35750  below=0/3
t=136727  fraction=0.79875  peak_slope=1.954e-05  t_peak=38922  comparison cadence=77844  difference=0.34625  below=0/3
t=121756  fraction=0.75375  peak_slope=1.779e-05  t_peak=44910  comparison cadence=89820  difference=0.69000  below=0/3
t=135729  fraction=0.78750  peak_slope=2.229e-05  t_peak=41916  comparison cadence=83832  difference=0.38375  below=0/3
t=152695  fraction=0.80500  peak_slope=1.754e-05  t_peak=43912  comparison cadence=87824  difference=0.30000  below=0/3
t=113772  fraction=0.74250  peak_slope=1.804e-05  t_peak=41916  comparison cadence=83832  difference=0.69500  below=0/3
t=141717  fraction=0.78875  peak_slope=1.754e-05  t_peak=37924  comparison cadence=75848  difference=0.28375  below=0/3
t=153693  fraction=0.80500  peak_slope=1.754e-05  t_peak=43912  comparison cadence=87824  difference=0.29500  below=0/3
t=137725  fraction=0.80125  peak_slope=1.954e-05  t_peak=38922  comparison cadence=77844  difference=0.33375  below=0/3
t=121756  fraction=0.73125  peak_slope=1.628e-05  t_peak=33932  comparison cadence=67864  difference=0.35375  below=0/3
t=108782  fraction=0.71250  peak_slope=2.154e-05  t_peak=42914  comparison cadence=85828  difference=0.71250  below=0/3
t=136727  fraction=0.78750  peak_slope=2.229e-05  t_peak=41916  comparison cadence=83832  difference=0.37250  below=0/3
t=122754  fraction=0.75625  peak_slope=1.779e-05  t_peak=44910  comparison cadence=89820  difference=0.67625  below=0/3
t=154691  fraction=0.80625  peak_slope=1.754e-05  t_peak=43912  comparison cadence=87824  difference=0.28500  below=0/3
t=142715  fraction=0.79375  peak_slope=1.754e-05  t_peak=37924  comparison cadence=75848  difference=0.27625  below=0/3
t=114770  fraction=0.74250  peak_slope=1.804e-05  t_peak=41916  comparison cadence=83832  difference=0.68375  below=0/3
t=138723  fraction=0.80250  peak_slope=1.954e-05  t_peak=38922  comparison cadence=77844  difference=0.32500  below=0/3
t=137725  fraction=0.78875  peak_slope=2.229e-05  t_peak=41916  comparison cadence=83832  difference=0.36625  below=0/3
t=122754  fraction=0.73250  peak_slope=1.628e-05  t_peak=33932  comparison cadence=67864  difference=0.34250  below=0/3
t=123752  fraction=0.75750  peak_slope=1.779e-05  t_peak=44910  comparison cadence=89820  difference=0.66625  below=0/3
t=109780  fraction=0.71500  peak_slope=2.154e-05  t_peak=42914  comparison cadence=85828  difference=0.71500  below=0/3
t=155689  fraction=0.80750  peak_slope=1.754e-05  t_peak=43912  comparison cadence=87824  difference=0.27250  below=0/3
t=143713  fraction=0.79500  peak_slope=1.754e-05  t_peak=37924  comparison cadence=75848  difference=0.27125  below=0/3
t=139721  fraction=0.80375  peak_slope=1.954e-05  t_peak=38922  comparison cadence=77844  difference=0.31625  below=0/3
t=138723  fraction=0.79000  peak_slope=2.229e-05  t_peak=41916  comparison cadence=83832  difference=0.35750  below=0/3
t=115768  fraction=0.74250  peak_slope=1.804e-05  t_peak=41916  comparison cadence=83832  difference=0.67250  below=0/3
t=124750  fraction=0.76000  peak_slope=1.779e-05  t_peak=44910  comparison cadence=89820  difference=0.65375  below=0/3
t=123752  fraction=0.73250  peak_slope=1.628e-05  t_peak=33932  comparison cadence=67864  difference=0.33375  below=0/3
t=156687  fraction=0.80875  peak_slope=1.754e-05  t_peak=43912  comparison cadence=87824  difference=0.26250  below=0/3
t=110778  fraction=0.71625  peak_slope=2.154e-05  t_peak=42914  comparison cadence=85828  difference=0.71375  below=0/3
t=144711  fraction=0.79625  peak_slope=1.754e-05  t_peak=37924  comparison cadence=75848  difference=0.26625  below=0/3
t=139721  fraction=0.79250  peak_slope=2.229e-05  t_peak=41916  comparison cadence=83832  difference=0.35375  below=0/3
t=157685  fraction=0.81125  peak_slope=1.754e-05  t_peak=43912  comparison cadence=87824  difference=0.25750  below=0/3
t=140719  fraction=0.80500  peak_slope=1.954e-05  t_peak=38922  comparison cadence=77844  difference=0.30625  below=0/3
t=125748  fraction=0.76125  peak_slope=1.779e-05  t_peak=44910  comparison cadence=89820  difference=0.63875  below=0/3
t=116766  fraction=0.74375  peak_slope=1.804e-05  t_peak=41916  comparison cadence=83832  difference=0.65625  below=0/3
t=124750  fraction=0.73750  peak_slope=1.628e-05  t_peak=33932  comparison cadence=67864  difference=0.32625  below=0/3
t=111776  fraction=0.72125  peak_slope=2.154e-05  t_peak=42914  comparison cadence=85828  difference=0.71750  below=0/3
t=145709  fraction=0.79625  peak_slope=1.754e-05  t_peak=37924  comparison cadence=75848  difference=0.25750  below=0/3
t=158683  fraction=0.81250  peak_slope=1.754e-05  t_peak=43912  comparison cadence=87824  difference=0.25500  below=0/3
t=140719  fraction=0.79375  peak_slope=2.229e-05  t_peak=41916  comparison cadence=83832  difference=0.34500  below=0/3
t=141717  fraction=0.80625  peak_slope=1.954e-05  t_peak=38922  comparison cadence=77844  difference=0.30125  below=0/3
t=126746  fraction=0.76125  peak_slope=1.779e-05  t_peak=44910  comparison cadence=89820  difference=0.62625  below=0/3
t=125748  fraction=0.74125  peak_slope=1.628e-05  t_peak=33932  comparison cadence=67864  difference=0.31625  below=0/3
t=159681  fraction=0.81250  peak_slope=1.754e-05  t_peak=43912  comparison cadence=87824  difference=0.25000  below=0/3
t=117764  fraction=0.74625  peak_slope=1.804e-05  t_peak=41916  comparison cadence=83832  difference=0.64750  below=0/3
t=146707  fraction=0.79750  peak_slope=1.754e-05  t_peak=37924  comparison cadence=75848  difference=0.25250  below=0/3
t=112774  fraction=0.72125  peak_slope=2.154e-05  t_peak=42914  comparison cadence=85828  difference=0.71250  below=0/3
t=141717  fraction=0.79375  peak_slope=2.229e-05  t_peak=41916  comparison cadence=83832  difference=0.33250  below=0/3
t=142715  fraction=0.80875  peak_slope=1.954e-05  t_peak=38922  comparison cadence=77844  difference=0.29750  below=0/3
t=160679  fraction=0.81500  peak_slope=1.754e-05  t_peak=43912  comparison cadence=87824  difference=0.24875  below=0/3
t=127744  fraction=0.76500  peak_slope=1.779e-05  t_peak=44910  comparison cadence=89820  difference=0.61500  below=0/3
t=126746  fraction=0.74250  peak_slope=1.628e-05  t_peak=33932  comparison cadence=67864  difference=0.30625  below=0/3
t=147705  fraction=0.79750  peak_slope=1.754e-05  t_peak=37924  comparison cadence=75848  difference=0.23875  below=0/3
t=118762  fraction=0.74625  peak_slope=1.804e-05  t_peak=41916  comparison cadence=83832  difference=0.63750  below=0/3
t=142715  fraction=0.79375  peak_slope=2.229e-05  t_peak=41916  comparison cadence=83832  difference=0.32500  below=0/3
t=113772  fraction=0.72500  peak_slope=2.154e-05  t_peak=42914  comparison cadence=85828  difference=0.71250  below=0/3
t=161677  fraction=0.81500  peak_slope=1.754e-05  t_peak=43912  comparison cadence=87824  difference=0.23625  below=0/3
t=143713  fraction=0.81000  peak_slope=1.954e-05  t_peak=38922  comparison cadence=77844  difference=0.28500  below=0/3
t=128743  fraction=0.76625  peak_slope=1.779e-05  t_peak=44910  comparison cadence=89820  difference=0.60500  below=0/3
t=148703  fraction=0.79750  peak_slope=1.754e-05  t_peak=37924  comparison cadence=75848  difference=0.23250  below=0/3
t=127744  fraction=0.74500  peak_slope=1.628e-05  t_peak=33932  comparison cadence=67864  difference=0.30000  below=0/3
t=162675  fraction=0.81500  peak_slope=1.754e-05  t_peak=43912  comparison cadence=87824  difference=0.22875  below=0/3
t=143713  fraction=0.79625  peak_slope=2.229e-05  t_peak=41916  comparison cadence=83832  difference=0.32000  below=0/3
t=119760  fraction=0.74875  peak_slope=1.804e-05  t_peak=41916  comparison cadence=83832  difference=0.62875  below=0/3
t=144711  fraction=0.81000  peak_slope=1.954e-05  t_peak=38922  comparison cadence=77844  difference=0.28250  below=0/3
t=114770  fraction=0.73000  peak_slope=2.154e-05  t_peak=42914  comparison cadence=85828  difference=0.71375  below=0/3
t=129741  fraction=0.76625  peak_slope=1.779e-05  t_peak=44910  comparison cadence=89820  difference=0.59375  below=0/3
t=163673  fraction=0.81500  peak_slope=1.754e-05  t_peak=43912  comparison cadence=87824  difference=0.22375  below=0/3
t=149701  fraction=0.79875  peak_slope=1.754e-05  t_peak=37924  comparison cadence=75848  difference=0.23125  below=0/3
t=128743  fraction=0.74875  peak_slope=1.628e-05  t_peak=33932  comparison cadence=67864  difference=0.29625  below=0/3
t=144711  fraction=0.80000  peak_slope=2.229e-05  t_peak=41916  comparison cadence=83832  difference=0.31125  below=0/3
t=145709  fraction=0.81250  peak_slope=1.954e-05  t_peak=38922  comparison cadence=77844  difference=0.28000  below=0/3
t=120758  fraction=0.75375  peak_slope=1.804e-05  t_peak=41916  comparison cadence=83832  difference=0.62000  below=0/3
t=164671  fraction=0.81625  peak_slope=1.754e-05  t_peak=43912  comparison cadence=87824  difference=0.21500  below=0/3
t=115768  fraction=0.73250  peak_slope=2.154e-05  t_peak=42914  comparison cadence=85828  difference=0.69750  below=0/3
t=130739  fraction=0.77250  peak_slope=1.779e-05  t_peak=44910  comparison cadence=89820  difference=0.58250  below=0/3
t=150699  fraction=0.80000  peak_slope=1.754e-05  t_peak=37924  comparison cadence=75848  difference=0.22375  below=0/3
t=145709  fraction=0.80250  peak_slope=2.229e-05  t_peak=41916  comparison cadence=83832  difference=0.30125  below=0/3
t=129741  fraction=0.75125  peak_slope=1.628e-05  t_peak=33932  comparison cadence=67864  difference=0.29375  below=0/3
t=146707  fraction=0.81250  peak_slope=1.954e-05  t_peak=38922  comparison cadence=77844  difference=0.27250  below=0/3
t=165669  fraction=0.81750  peak_slope=1.754e-05  t_peak=43912  comparison cadence=87824  difference=0.20500  below=0/3
t=121756  fraction=0.75375  peak_slope=1.804e-05  t_peak=41916  comparison cadence=83832  difference=0.60000  below=0/3
t=116766  fraction=0.73875  peak_slope=2.154e-05  t_peak=42914  comparison cadence=85828  difference=0.68875  below=0/3
t=151697  fraction=0.80000  peak_slope=1.754e-05  t_peak=37924  comparison cadence=75848  difference=0.21625  below=0/3
t=131737  fraction=0.77375  peak_slope=1.779e-05  t_peak=44910  comparison cadence=89820  difference=0.56625  below=0/3
t=146707  fraction=0.80250  peak_slope=2.229e-05  t_peak=41916  comparison cadence=83832  difference=0.28625  below=0/3
t=166667  fraction=0.81875  peak_slope=1.754e-05  t_peak=43912  comparison cadence=87824  difference=0.20375  below=0/3
t=130739  fraction=0.75500  peak_slope=1.628e-05  t_peak=33932  comparison cadence=67864  difference=0.28750  below=0/3
t=147705  fraction=0.81375  peak_slope=1.954e-05  t_peak=38922  comparison cadence=77844  difference=0.26750  below=0/3
t=122754  fraction=0.75625  peak_slope=1.804e-05  t_peak=41916  comparison cadence=83832  difference=0.58625  below=0/3
t=152695  fraction=0.80375  peak_slope=1.754e-05  t_peak=37924  comparison cadence=75848  difference=0.21625  below=0/3
t=167665  fraction=0.82250  peak_slope=1.754e-05  t_peak=43912  comparison cadence=87824  difference=0.20375  below=0/3
t=132735  fraction=0.77500  peak_slope=1.779e-05  t_peak=44910  comparison cadence=89820  difference=0.55125  below=0/3
t=117764  fraction=0.74000  peak_slope=2.154e-05  t_peak=42914  comparison cadence=85828  difference=0.67250  below=0/3
t=147705  fraction=0.80500  peak_slope=2.229e-05  t_peak=41916  comparison cadence=83832  difference=0.28375  below=0/3
t=148703  fraction=0.81375  peak_slope=1.954e-05  t_peak=38922  comparison cadence=77844  difference=0.26375  below=0/3
t=131737  fraction=0.76000  peak_slope=1.628e-05  t_peak=33932  comparison cadence=67864  difference=0.28750  below=0/3
t=168663  fraction=0.82500  peak_slope=1.754e-05  t_peak=43912  comparison cadence=87824  difference=0.20125  below=0/3
t=153693  fraction=0.80625  peak_slope=1.754e-05  t_peak=37924  comparison cadence=75848  difference=0.20875  below=0/3
t=123752  fraction=0.76125  peak_slope=1.804e-05  t_peak=41916  comparison cadence=83832  difference=0.57250  below=0/3
t=133733  fraction=0.77750  peak_slope=1.779e-05  t_peak=44910  comparison cadence=89820  difference=0.53375  below=0/3
t=148703  fraction=0.80500  peak_slope=2.229e-05  t_peak=41916  comparison cadence=83832  difference=0.27875  below=0/3
t=118762  fraction=0.74375  peak_slope=2.154e-05  t_peak=42914  comparison cadence=85828  difference=0.66500  below=0/3
t=149701  fraction=0.81500  peak_slope=1.954e-05  t_peak=38922  comparison cadence=77844  difference=0.25750  below=0/3
t=169661  fraction=0.82625  peak_slope=1.754e-05  t_peak=43912  comparison cadence=87824  difference=0.20125  below=0/3
t=132735  fraction=0.76125  peak_slope=1.628e-05  t_peak=33932  comparison cadence=67864  difference=0.27625  below=0/3
t=154691  fraction=0.80750  peak_slope=1.754e-05  t_peak=37924  comparison cadence=75848  difference=0.20375  below=0/3
t=149701  fraction=0.80500  peak_slope=2.229e-05  t_peak=41916  comparison cadence=83832  difference=0.26875  below=0/3
t=134731  fraction=0.77875  peak_slope=1.779e-05  t_peak=44910  comparison cadence=89820  difference=0.51750  below=0/3
t=124750  fraction=0.76375  peak_slope=1.804e-05  t_peak=41916  comparison cadence=83832  difference=0.55750  below=0/3
t=170659  fraction=0.82750  peak_slope=1.754e-05  t_peak=43912  comparison cadence=87824  difference=0.19750  below=0/3
t=119760  fraction=0.74625  peak_slope=2.154e-05  t_peak=42914  comparison cadence=85828  difference=0.65125  below=0/3
t=150699  fraction=0.81500  peak_slope=1.954e-05  t_peak=38922  comparison cadence=77844  difference=0.24375  below=0/3
t=133733  fraction=0.76375  peak_slope=1.628e-05  t_peak=33932  comparison cadence=67864  difference=0.27000  below=0/3
t=155689  fraction=0.80750  peak_slope=1.754e-05  t_peak=37924  comparison cadence=75848  difference=0.19500  below=0/3
t=171657  fraction=0.82875  peak_slope=1.754e-05  t_peak=43912  comparison cadence=87824  difference=0.19625  below=0/3
t=150699  fraction=0.80625  peak_slope=2.229e-05  t_peak=41916  comparison cadence=83832  difference=0.26000  below=0/3
t=135729  fraction=0.78125  peak_slope=1.779e-05  t_peak=44910  comparison cadence=89820  difference=0.50875  below=0/3
t=125748  fraction=0.76750  peak_slope=1.804e-05  t_peak=41916  comparison cadence=83832  difference=0.54375  below=0/3
t=151697  fraction=0.81625  peak_slope=1.954e-05  t_peak=38922  comparison cadence=77844  difference=0.23875  below=0/3
t=120758  fraction=0.74875  peak_slope=2.154e-05  t_peak=42914  comparison cadence=85828  difference=0.64500  below=0/3
t=156687  fraction=0.80875  peak_slope=1.754e-05  t_peak=37924  comparison cadence=75848  difference=0.19125  below=0/3
t=172655  fraction=0.82875  peak_slope=1.754e-05  t_peak=43912  comparison cadence=87824  difference=0.19000  below=0/3
t=134731  fraction=0.76625  peak_slope=1.628e-05  t_peak=33932  comparison cadence=67864  difference=0.26125  below=0/3
t=151697  fraction=0.80750  peak_slope=2.229e-05  t_peak=41916  comparison cadence=83832  difference=0.25375  below=0/3
t=136727  fraction=0.78375  peak_slope=1.779e-05  t_peak=44910  comparison cadence=89820  difference=0.49750  below=0/3
t=152695  fraction=0.81625  peak_slope=1.954e-05  t_peak=38922  comparison cadence=77844  difference=0.23125  below=0/3
t=126746  fraction=0.76875  peak_slope=1.804e-05  t_peak=41916  comparison cadence=83832  difference=0.53250  below=0/3
t=173653  fraction=0.82875  peak_slope=1.754e-05  t_peak=43912  comparison cadence=87824  difference=0.18625  below=0/3
t=157685  fraction=0.81125  peak_slope=1.754e-05  t_peak=37924  comparison cadence=75848  difference=0.19125  below=0/3
t=121756  fraction=0.75000  peak_slope=2.154e-05  t_peak=42914  comparison cadence=85828  difference=0.63125  below=0/3
t=152695  fraction=0.81125  peak_slope=2.229e-05  t_peak=41916  comparison cadence=83832  difference=0.25500  below=0/3
t=135729  fraction=0.76875  peak_slope=1.628e-05  t_peak=33932  comparison cadence=67864  difference=0.25500  below=0/3
t=174651  fraction=0.82875  peak_slope=1.754e-05  t_peak=43912  comparison cadence=87824  difference=0.17500  below=0/3
t=137725  fraction=0.78500  peak_slope=1.779e-05  t_peak=44910  comparison cadence=89820  difference=0.48500  below=0/3
t=153693  fraction=0.81750  peak_slope=1.954e-05  t_peak=38922  comparison cadence=77844  difference=0.22625  below=0/3
t=127744  fraction=0.77125  peak_slope=1.804e-05  t_peak=41916  comparison cadence=83832  difference=0.52125  below=0/3
t=158683  fraction=0.81250  peak_slope=1.754e-05  t_peak=37924  comparison cadence=75848  difference=0.18500  below=0/3
t=122754  fraction=0.75125  peak_slope=2.154e-05  t_peak=42914  comparison cadence=85828  difference=0.61000  below=0/3
t=153693  fraction=0.81250  peak_slope=2.229e-05  t_peak=41916  comparison cadence=83832  difference=0.25000  below=0/3
t=175649  fraction=0.82875  peak_slope=1.754e-05  t_peak=43912  comparison cadence=87824  difference=0.16625  below=0/3
t=136727  fraction=0.77250  peak_slope=1.628e-05  t_peak=33932  comparison cadence=67864  difference=0.25500  below=0/3
t=154691  fraction=0.82125  peak_slope=1.954e-05  t_peak=38922  comparison cadence=77844  difference=0.22500  below=0/3
t=138723  fraction=0.78750  peak_slope=1.779e-05  t_peak=44910  comparison cadence=89820  difference=0.47250  below=0/3
t=159681  fraction=0.81375  peak_slope=1.754e-05  t_peak=37924  comparison cadence=75848  difference=0.18250  below=0/3
t=176647  fraction=0.83000  peak_slope=1.754e-05  t_peak=43912  comparison cadence=87824  difference=0.16375  below=0/3
t=128743  fraction=0.77250  peak_slope=1.804e-05  t_peak=41916  comparison cadence=83832  difference=0.51625  below=0/3
t=154691  fraction=0.81375  peak_slope=2.229e-05  t_peak=41916  comparison cadence=83832  difference=0.24375  below=0/3
t=123752  fraction=0.75375  peak_slope=2.154e-05  t_peak=42914  comparison cadence=85828  difference=0.59500  below=0/3
t=137725  fraction=0.77250  peak_slope=1.628e-05  t_peak=33932  comparison cadence=67864  difference=0.24500  below=0/3
t=155689  fraction=0.82125  peak_slope=1.954e-05  t_peak=38922  comparison cadence=77844  difference=0.21750  below=0/3
t=139721  fraction=0.79250  peak_slope=1.779e-05  t_peak=44910  comparison cadence=89820  difference=0.46500  below=0/3
t=177645  fraction=0.83000  peak_slope=1.754e-05  t_peak=43912  comparison cadence=87824  difference=0.16000  below=0/3
t=160679  fraction=0.81375  peak_slope=1.754e-05  t_peak=37924  comparison cadence=75848  difference=0.17875  below=0/3
t=155689  fraction=0.81500  peak_slope=2.229e-05  t_peak=41916  comparison cadence=83832  difference=0.24500  below=0/3
t=129741  fraction=0.77500  peak_slope=1.804e-05  t_peak=41916  comparison cadence=83832  difference=0.50250  below=0/3
t=124750  fraction=0.75750  peak_slope=2.154e-05  t_peak=42914  comparison cadence=85828  difference=0.57375  below=0/3
t=178643  fraction=0.83000  peak_slope=1.754e-05  t_peak=43912  comparison cadence=87824  difference=0.15875  below=0/3
t=156687  fraction=0.82125  peak_slope=1.954e-05  t_peak=38922  comparison cadence=77844  difference=0.21125  below=0/3
t=138723  fraction=0.77625  peak_slope=1.628e-05  t_peak=33932  comparison cadence=67864  difference=0.24250  below=0/3
Saved 131 remaining particles to /scratch/group/p.phy260085.000/Mass_Fraction/Outputs/Ejection_Results/remaining_particles_2099431_2.csv
t=140719  fraction=0.79375  peak_slope=1.779e-05  t_peak=44910  comparison cadence=89820  difference=0.45250  below=0/3
t=161677  fraction=0.81500  peak_slope=1.754e-05  t_peak=37924  comparison cadence=75848  difference=0.17875  below=0/3
t=156687  fraction=0.81500  peak_slope=2.229e-05  t_peak=41916  comparison cadence=83832  difference=0.24125  below=0/3
t=130739  fraction=0.77750  peak_slope=1.804e-05  t_peak=41916  comparison cadence=83832  difference=0.48500  below=0/3
t=157685  fraction=0.82375  peak_slope=1.954e-05  t_peak=38922  comparison cadence=77844  difference=0.20750  below=0/3
t=125748  fraction=0.75750  peak_slope=2.154e-05  t_peak=42914  comparison cadence=85828  difference=0.55125  below=0/3
t=139721  fraction=0.77875  peak_slope=1.628e-05  t_peak=33932  comparison cadence=67864  difference=0.23875  below=0/3
t=162675  fraction=0.81500  peak_slope=1.754e-05  t_peak=37924  comparison cadence=75848  difference=0.17500  below=0/3
t=141717  fraction=0.79500  peak_slope=1.779e-05  t_peak=44910  comparison cadence=89820  difference=0.44250  below=0/3
t=157685  fraction=0.81625  peak_slope=2.229e-05  t_peak=41916  comparison cadence=83832  difference=0.23875  below=0/3
t=158683  fraction=0.82625  peak_slope=1.954e-05  t_peak=38922  comparison cadence=77844  difference=0.20625  below=0/3
t=131737  fraction=0.78000  peak_slope=1.804e-05  t_peak=41916  comparison cadence=83832  difference=0.47000  below=0/3
t=163673  fraction=0.81875  peak_slope=1.754e-05  t_peak=37924  comparison cadence=75848  difference=0.17500  below=0/3
t=126746  fraction=0.75750  peak_slope=2.154e-05  t_peak=42914  comparison cadence=85828  difference=0.53500  below=0/3
t=140719  fraction=0.78000  peak_slope=1.628e-05  t_peak=33932  comparison cadence=67864  difference=0.23000  below=0/3
t=142715  fraction=0.79500  peak_slope=1.779e-05  t_peak=44910  comparison cadence=89820  difference=0.43250  below=0/3
t=158683  fraction=0.81625  peak_slope=2.229e-05  t_peak=41916  comparison cadence=83832  difference=0.23125  below=0/3
t=159681  fraction=0.82625  peak_slope=1.954e-05  t_peak=38922  comparison cadence=77844  difference=0.20250  below=0/3
t=164671  fraction=0.81875  peak_slope=1.754e-05  t_peak=37924  comparison cadence=75848  difference=0.17375  below=0/3
t=132735  fraction=0.78375  peak_slope=1.804e-05  t_peak=41916  comparison cadence=83832  difference=0.45625  below=0/3
t=143713  fraction=0.79750  peak_slope=1.779e-05  t_peak=44910  comparison cadence=89820  difference=0.42250  below=0/3
t=141717  fraction=0.78000  peak_slope=1.628e-05  t_peak=33932  comparison cadence=67864  difference=0.21875  below=0/3
t=159681  fraction=0.81750  peak_slope=2.229e-05  t_peak=41916  comparison cadence=83832  difference=0.22625  below=0/3
t=127744  fraction=0.75750  peak_slope=2.154e-05  t_peak=42914  comparison cadence=85828  difference=0.51125  below=0/3
t=160679  fraction=0.82750  peak_slope=1.954e-05  t_peak=38922  comparison cadence=77844  difference=0.19750  below=0/3
t=165669  fraction=0.82125  peak_slope=1.754e-05  t_peak=37924  comparison cadence=75848  difference=0.17375  below=0/3
t=160679  fraction=0.81875  peak_slope=2.229e-05  t_peak=41916  comparison cadence=83832  difference=0.21875  below=0/3
t=144711  fraction=0.80000  peak_slope=1.779e-05  t_peak=44910  comparison cadence=89820  difference=0.41875  below=0/3
t=133733  fraction=0.78625  peak_slope=1.804e-05  t_peak=41916  comparison cadence=83832  difference=0.45000  below=0/3
t=142715  fraction=0.78250  peak_slope=1.628e-05  t_peak=33932  comparison cadence=67864  difference=0.21625  below=0/3
t=128743  fraction=0.75875  peak_slope=2.154e-05  t_peak=42914  comparison cadence=85828  difference=0.49250  below=0/3
t=161677  fraction=0.82875  peak_slope=1.954e-05  t_peak=38922  comparison cadence=77844  difference=0.19250  below=0/3
t=166667  fraction=0.82375  peak_slope=1.754e-05  t_peak=37924  comparison cadence=75848  difference=0.17500  below=0/3
t=161677  fraction=0.82000  peak_slope=2.229e-05  t_peak=41916  comparison cadence=83832  difference=0.21375  below=0/3
t=145709  fraction=0.80125  peak_slope=1.779e-05  t_peak=44910  comparison cadence=89820  difference=0.40125  below=0/3
t=134731  fraction=0.78625  peak_slope=1.804e-05  t_peak=41916  comparison cadence=83832  difference=0.43625  below=0/3
t=143713  fraction=0.78375  peak_slope=1.628e-05  t_peak=33932  comparison cadence=67864  difference=0.20875  below=0/3
t=129741  fraction=0.76000  peak_slope=2.154e-05  t_peak=42914  comparison cadence=85828  difference=0.47750  below=0/3
t=162675  fraction=0.82875  peak_slope=1.954e-05  t_peak=38922  comparison cadence=77844  difference=0.18875  below=0/3
t=167665  fraction=0.82375  peak_slope=1.754e-05  t_peak=37924  comparison cadence=75848  difference=0.17125  below=0/3
t=162675  fraction=0.82250  peak_slope=2.229e-05  t_peak=41916  comparison cadence=83832  difference=0.21625  below=0/3
t=146707  fraction=0.80375  peak_slope=1.779e-05  t_peak=44910  comparison cadence=89820  difference=0.38625  below=0/3
t=144711  fraction=0.78625  peak_slope=1.628e-05  t_peak=33932  comparison cadence=67864  difference=0.20625  below=0/3
t=135729  fraction=0.78875  peak_slope=1.804e-05  t_peak=41916  comparison cadence=83832  difference=0.42875  below=0/3
t=130739  fraction=0.76000  peak_slope=2.154e-05  t_peak=42914  comparison cadence=85828  difference=0.46375  below=0/3
t=163673  fraction=0.83250  peak_slope=1.954e-05  t_peak=38922  comparison cadence=77844  difference=0.18875  below=0/3
t=168663  fraction=0.82375  peak_slope=1.754e-05  t_peak=37924  comparison cadence=75848  difference=0.17000  below=0/3
t=163673  fraction=0.82375  peak_slope=2.229e-05  t_peak=41916  comparison cadence=83832  difference=0.21250  below=0/3
t=147705  fraction=0.80375  peak_slope=1.779e-05  t_peak=44910  comparison cadence=89820  difference=0.36875  below=0/3
t=145709  fraction=0.78875  peak_slope=1.628e-05  t_peak=33932  comparison cadence=67864  difference=0.20375  below=0/3
t=164671  fraction=0.83500  peak_slope=1.954e-05  t_peak=38922  comparison cadence=77844  difference=0.19125  below=0/3
t=136727  fraction=0.79000  peak_slope=1.804e-05  t_peak=41916  comparison cadence=83832  difference=0.41125  below=0/3
t=169661  fraction=0.82375  peak_slope=1.754e-05  t_peak=37924  comparison cadence=75848  difference=0.16375  below=0/3
t=131737  fraction=0.76125  peak_slope=2.154e-05  t_peak=42914  comparison cadence=85828  difference=0.45000  below=0/3
t=164671  fraction=0.82625  peak_slope=2.229e-05  t_peak=41916  comparison cadence=83832  difference=0.21250  below=0/3
t=148703  fraction=0.80625  peak_slope=1.779e-05  t_peak=44910  comparison cadence=89820  difference=0.35875  below=0/3
t=165669  fraction=0.83625  peak_slope=1.954e-05  t_peak=38922  comparison cadence=77844  difference=0.18875  below=0/3
t=146707  fraction=0.79125  peak_slope=1.628e-05  t_peak=33932  comparison cadence=67864  difference=0.19875  below=0/3
t=170659  fraction=0.82500  peak_slope=1.754e-05  t_peak=37924  comparison cadence=75848  difference=0.16000  below=0/3
t=165669  fraction=0.82875  peak_slope=2.229e-05  t_peak=41916  comparison cadence=83832  difference=0.20875  below=0/3
t=137725  fraction=0.79375  peak_slope=1.804e-05  t_peak=41916  comparison cadence=83832  difference=0.40125  below=0/3
t=132735  fraction=0.76250  peak_slope=2.154e-05  t_peak=42914  comparison cadence=85828  difference=0.44125  below=0/3
t=149701  fraction=0.80750  peak_slope=1.779e-05  t_peak=44910  comparison cadence=89820  difference=0.35125  below=0/3
t=166667  fraction=0.83750  peak_slope=1.954e-05  t_peak=38922  comparison cadence=77844  difference=0.18500  below=0/3
t=171657  fraction=0.82500  peak_slope=1.754e-05  t_peak=37924  comparison cadence=75848  difference=0.15375  below=0/3
t=147705  fraction=0.79125  peak_slope=1.628e-05  t_peak=33932  comparison cadence=67864  difference=0.19625  below=0/3
t=166667  fraction=0.82875  peak_slope=2.229e-05  t_peak=41916  comparison cadence=83832  difference=0.20125  below=0/3
t=138723  fraction=0.79375  peak_slope=1.804e-05  t_peak=41916  comparison cadence=83832  difference=0.38500  below=0/3
t=133733  fraction=0.76500  peak_slope=2.154e-05  t_peak=42914  comparison cadence=85828  difference=0.43250  below=0/3
t=150699  fraction=0.81375  peak_slope=1.779e-05  t_peak=44910  comparison cadence=89820  difference=0.34750  below=0/3
t=167665  fraction=0.83750  peak_slope=1.954e-05  t_peak=38922  comparison cadence=77844  difference=0.17875  below=0/3
t=172655  fraction=0.82875  peak_slope=1.754e-05  t_peak=37924  comparison cadence=75848  difference=0.15500  below=0/3
t=167665  fraction=0.83000  peak_slope=2.229e-05  t_peak=41916  comparison cadence=83832  difference=0.19500  below=0/3
t=148703  fraction=0.79250  peak_slope=1.628e-05  t_peak=33932  comparison cadence=67864  difference=0.18875  below=0/3
t=139721  fraction=0.79750  peak_slope=1.804e-05  t_peak=41916  comparison cadence=83832  difference=0.37750  below=0/3
t=134731  fraction=0.76625  peak_slope=2.154e-05  t_peak=42914  comparison cadence=85828  difference=0.42375  below=0/3
t=151697  fraction=0.81750  peak_slope=1.779e-05  t_peak=44910  comparison cadence=89820  difference=0.33500  below=0/3
t=168663  fraction=0.83875  peak_slope=1.954e-05  t_peak=38922  comparison cadence=77844  difference=0.17625  below=0/3
t=173653  fraction=0.83250  peak_slope=1.754e-05  t_peak=37924  comparison cadence=75848  difference=0.15750  below=0/3
t=168663  fraction=0.83000  peak_slope=2.229e-05  t_peak=41916  comparison cadence=83832  difference=0.18875  below=0/3
t=149701  fraction=0.79375  peak_slope=1.628e-05  t_peak=33932  comparison cadence=67864  difference=0.18375  below=0/3
t=135729  fraction=0.76750  peak_slope=2.154e-05  t_peak=42914  comparison cadence=85828  difference=0.41250  below=0/3
t=140719  fraction=0.79750  peak_slope=1.804e-05  t_peak=41916  comparison cadence=83832  difference=0.36000  below=0/3
t=152695  fraction=0.81875  peak_slope=1.779e-05  t_peak=44910  comparison cadence=89820  difference=0.33500  below=0/3
t=169661  fraction=0.83875  peak_slope=1.954e-05  t_peak=38922  comparison cadence=77844  difference=0.17250  below=0/3
t=174651  fraction=0.83375  peak_slope=1.754e-05  t_peak=37924  comparison cadence=75848  difference=0.15500  below=0/3
t=169661  fraction=0.83000  peak_slope=2.229e-05  t_peak=41916  comparison cadence=83832  difference=0.18500  below=0/3
t=150699  fraction=0.79500  peak_slope=1.628e-05  t_peak=33932  comparison cadence=67864  difference=0.18000  below=0/3
t=170659  fraction=0.83875  peak_slope=1.954e-05  t_peak=38922  comparison cadence=77844  difference=0.16625  below=0/3
t=175649  fraction=0.83500  peak_slope=1.754e-05  t_peak=37924  comparison cadence=75848  difference=0.15375  below=0/3
t=153693  fraction=0.82125  peak_slope=1.779e-05  t_peak=44910  comparison cadence=89820  difference=0.32125  below=0/3
t=136727  fraction=0.76875  peak_slope=2.154e-05  t_peak=42914  comparison cadence=85828  difference=0.40625  below=0/3
t=141717  fraction=0.79875  peak_slope=1.804e-05  t_peak=41916  comparison cadence=83832  difference=0.35125  below=0/3
t=170659  fraction=0.83250  peak_slope=2.229e-05  t_peak=41916  comparison cadence=83832  difference=0.18375  below=0/3
t=151697  fraction=0.79500  peak_slope=1.628e-05  t_peak=33932  comparison cadence=67864  difference=0.17875  below=0/3
t=171657  fraction=0.83875  peak_slope=1.954e-05  t_peak=38922  comparison cadence=77844  difference=0.16375  below=0/3
t=176647  fraction=0.83500  peak_slope=1.754e-05  t_peak=37924  comparison cadence=75848  difference=0.15250  below=0/3
t=154691  fraction=0.82375  peak_slope=1.779e-05  t_peak=44910  comparison cadence=89820  difference=0.31250  below=0/3
t=171657  fraction=0.83375  peak_slope=2.229e-05  t_peak=41916  comparison cadence=83832  difference=0.18375  below=0/3
t=137725  fraction=0.77125  peak_slope=2.154e-05  t_peak=42914  comparison cadence=85828  difference=0.39750  below=0/3
t=142715  fraction=0.80000  peak_slope=1.804e-05  t_peak=41916  comparison cadence=83832  difference=0.34500  below=0/3
t=152695  fraction=0.79500  peak_slope=1.628e-05  t_peak=33932  comparison cadence=67864  difference=0.17500  below=0/3
t=172655  fraction=0.83875  peak_slope=1.954e-05  t_peak=38922  comparison cadence=77844  difference=0.16125  below=0/3
t=177645  fraction=0.83500  peak_slope=1.754e-05  t_peak=37924  comparison cadence=75848  difference=0.15000  below=0/3
t=172655  fraction=0.83375  peak_slope=2.229e-05  t_peak=41916  comparison cadence=83832  difference=0.18000  below=0/3
t=155689  fraction=0.82625  peak_slope=1.779e-05  t_peak=44910  comparison cadence=89820  difference=0.30875  below=0/3
t=138723  fraction=0.77500  peak_slope=2.154e-05  t_peak=42914  comparison cadence=85828  difference=0.39250  below=0/3
t=143713  fraction=0.80000  peak_slope=1.804e-05  t_peak=41916  comparison cadence=83832  difference=0.33375  below=0/3
t=153693  fraction=0.79875  peak_slope=1.628e-05  t_peak=33932  comparison cadence=67864  difference=0.17375  below=0/3
t=178643  fraction=0.83500  peak_slope=1.754e-05  t_peak=37924  comparison cadence=75848  difference=0.14750  below=0/3
t=173653  fraction=0.83875  peak_slope=1.954e-05  t_peak=38922  comparison cadence=77844  difference=0.15625  below=0/3
Saved 128 remaining particles to /scratch/group/p.phy260085.000/Mass_Fraction/Outputs/Ejection_Results/remaining_particles_2099431_2.csv
t=173653  fraction=0.83500  peak_slope=2.229e-05  t_peak=41916  comparison cadence=83832  difference=0.17625  below=0/3
t=156687  fraction=0.82625  peak_slope=1.779e-05  t_peak=44910  comparison cadence=89820  difference=0.30500  below=0/3
t=139721  fraction=0.77625  peak_slope=2.154e-05  t_peak=42914  comparison cadence=85828  difference=0.38625  below=0/3
t=144711  fraction=0.80000  peak_slope=1.804e-05  t_peak=41916  comparison cadence=83832  difference=0.32500  below=0/3
t=174651  fraction=0.84000  peak_slope=1.954e-05  t_peak=38922  comparison cadence=77844  difference=0.15375  below=0/3
t=154691  fraction=0.79875  peak_slope=1.628e-05  t_peak=33932  comparison cadence=67864  difference=0.16875  below=0/3
t=174651  fraction=0.83500  peak_slope=2.229e-05  t_peak=41916  comparison cadence=83832  difference=0.17000  below=0/3
t=157685  fraction=0.82625  peak_slope=1.779e-05  t_peak=44910  comparison cadence=89820  difference=0.29125  below=0/3
t=140719  fraction=0.77750  peak_slope=2.154e-05  t_peak=42914  comparison cadence=85828  difference=0.37875  below=0/3
t=145709  fraction=0.80250  peak_slope=1.804e-05  t_peak=41916  comparison cadence=83832  difference=0.31875  below=0/3
t=175649  fraction=0.84000  peak_slope=1.954e-05  t_peak=38922  comparison cadence=77844  difference=0.15000  below=0/3
t=175649  fraction=0.83500  peak_slope=2.229e-05  t_peak=41916  comparison cadence=83832  difference=0.16375  below=0/3
t=155689  fraction=0.80000  peak_slope=1.628e-05  t_peak=33932  comparison cadence=67864  difference=0.16875  below=0/3
t=158683  fraction=0.82625  peak_slope=1.779e-05  t_peak=44910  comparison cadence=89820  difference=0.27875  below=0/3
t=141717  fraction=0.77875  peak_slope=2.154e-05  t_peak=42914  comparison cadence=85828  difference=0.36750  below=0/3
t=176647  fraction=0.84000  peak_slope=1.954e-05  t_peak=38922  comparison cadence=77844  difference=0.14750  below=0/3
t=146707  fraction=0.80375  peak_slope=1.804e-05  t_peak=41916  comparison cadence=83832  difference=0.31375  below=0/3
t=176647  fraction=0.83500  peak_slope=2.229e-05  t_peak=41916  comparison cadence=83832  difference=0.15875  below=0/3
t=156687  fraction=0.80250  peak_slope=1.628e-05  t_peak=33932  comparison cadence=67864  difference=0.16875  below=0/3
t=159681  fraction=0.82625  peak_slope=1.779e-05  t_peak=44910  comparison cadence=89820  difference=0.27250  below=0/3
t=177645  fraction=0.84000  peak_slope=1.954e-05  t_peak=38922  comparison cadence=77844  difference=0.14500  below=0/3
t=177645  fraction=0.83625  peak_slope=2.229e-05  t_peak=41916  comparison cadence=83832  difference=0.15625  below=0/3
t=142715  fraction=0.78000  peak_slope=2.154e-05  t_peak=42914  comparison cadence=85828  difference=0.35375  below=0/3
t=147705  fraction=0.80375  peak_slope=1.804e-05  t_peak=41916  comparison cadence=83832  difference=0.30500  below=0/3
t=157685  fraction=0.80875  peak_slope=1.628e-05  t_peak=33932  comparison cadence=67864  difference=0.17125  below=0/3
t=160679  fraction=0.82625  peak_slope=1.779e-05  t_peak=44910  comparison cadence=89820  difference=0.26750  below=0/3
t=178643  fraction=0.84000  peak_slope=1.954e-05  t_peak=38922  comparison cadence=77844  difference=0.14000  below=0/3
Saved 123 remaining particles to /scratch/group/p.phy260085.000/Mass_Fraction/Outputs/Ejection_Results/remaining_particles_2099431_2.csv
t=178643  fraction=0.83625  peak_slope=2.229e-05  t_peak=41916  comparison cadence=83832  difference=0.15250  below=0/3
Saved 130 remaining particles to /scratch/group/p.phy260085.000/Mass_Fraction/Outputs/Ejection_Results/remaining_particles_2099431_2.csv
t=143713  fraction=0.78375  peak_slope=2.154e-05  t_peak=42914  comparison cadence=85828  difference=0.34375  below=0/3
t=148703  fraction=0.80500  peak_slope=1.804e-05  t_peak=41916  comparison cadence=83832  difference=0.29875  below=0/3
t=161677  fraction=0.82625  peak_slope=1.779e-05  t_peak=44910  comparison cadence=89820  difference=0.25375  below=0/3
t=158683  fraction=0.81000  peak_slope=1.628e-05  t_peak=33932  comparison cadence=67864  difference=0.17000  below=0/3
t=144711  fraction=0.78625  peak_slope=2.154e-05  t_peak=42914  comparison cadence=85828  difference=0.33125  below=0/3
t=162675  fraction=0.82625  peak_slope=1.779e-05  t_peak=44910  comparison cadence=89820  difference=0.24875  below=0/3
t=149701  fraction=0.80625  peak_slope=1.804e-05  t_peak=41916  comparison cadence=83832  difference=0.28625  below=0/3
t=159681  fraction=0.81125  peak_slope=1.628e-05  t_peak=33932  comparison cadence=67864  difference=0.16875  below=0/3
t=145709  fraction=0.78750  peak_slope=2.154e-05  t_peak=42914  comparison cadence=85828  difference=0.32000  below=0/3
t=163673  fraction=0.82750  peak_slope=1.779e-05  t_peak=44910  comparison cadence=89820  difference=0.24250  below=0/3
t=150699  fraction=0.80625  peak_slope=1.804e-05  t_peak=41916  comparison cadence=83832  difference=0.27250  below=0/3
t=160679  fraction=0.81375  peak_slope=1.628e-05  t_peak=33932  comparison cadence=67864  difference=0.16875  below=0/3
t=164671  fraction=0.82875  peak_slope=1.779e-05  t_peak=44910  comparison cadence=89820  difference=0.23875  below=0/3
t=146707  fraction=0.79000  peak_slope=2.154e-05  t_peak=42914  comparison cadence=85828  difference=0.31500  below=0/3
t=161677  fraction=0.81625  peak_slope=1.628e-05  t_peak=33932  comparison cadence=67864  difference=0.16875  below=0/3
t=151697  fraction=0.80750  peak_slope=1.804e-05  t_peak=41916  comparison cadence=83832  difference=0.26375  below=0/3
t=165669  fraction=0.83125  peak_slope=1.779e-05  t_peak=44910  comparison cadence=89820  difference=0.24000  below=0/3
t=147705  fraction=0.79000  peak_slope=2.154e-05  t_peak=42914  comparison cadence=85828  difference=0.30875  below=0/3
t=162675  fraction=0.81625  peak_slope=1.628e-05  t_peak=33932  comparison cadence=67864  difference=0.16500  below=0/3
t=152695  fraction=0.80750  peak_slope=1.804e-05  t_peak=41916  comparison cadence=83832  difference=0.25750  below=0/3
t=166667  fraction=0.83375  peak_slope=1.779e-05  t_peak=44910  comparison cadence=89820  difference=0.23375  below=0/3
t=148703  fraction=0.79125  peak_slope=2.154e-05  t_peak=42914  comparison cadence=85828  difference=0.30000  below=0/3
t=163673  fraction=0.81875  peak_slope=1.628e-05  t_peak=33932  comparison cadence=67864  difference=0.16500  below=0/3
t=153693  fraction=0.80750  peak_slope=1.804e-05  t_peak=41916  comparison cadence=83832  difference=0.25250  below=0/3
t=167665  fraction=0.83500  peak_slope=1.779e-05  t_peak=44910  comparison cadence=89820  difference=0.22750  below=0/3
t=149701  fraction=0.79250  peak_slope=2.154e-05  t_peak=42914  comparison cadence=85828  difference=0.29875  below=0/3
t=164671  fraction=0.81875  peak_slope=1.628e-05  t_peak=33932  comparison cadence=67864  difference=0.16125  below=0/3
t=154691  fraction=0.80750  peak_slope=1.804e-05  t_peak=41916  comparison cadence=83832  difference=0.24750  below=0/3
t=168663  fraction=0.83500  peak_slope=1.779e-05  t_peak=44910  comparison cadence=89820  difference=0.21750  below=0/3
t=165669  fraction=0.82250  peak_slope=1.628e-05  t_peak=33932  comparison cadence=67864  difference=0.16250  below=0/3
t=150699  fraction=0.79500  peak_slope=2.154e-05  t_peak=42914  comparison cadence=85828  difference=0.28500  below=0/3
t=155689  fraction=0.81000  peak_slope=1.804e-05  t_peak=41916  comparison cadence=83832  difference=0.24375  below=0/3
t=169661  fraction=0.83500  peak_slope=1.779e-05  t_peak=44910  comparison cadence=89820  difference=0.21250  below=0/3
t=166667  fraction=0.82375  peak_slope=1.628e-05  t_peak=33932  comparison cadence=67864  difference=0.16000  below=0/3
t=151697  fraction=0.79875  peak_slope=2.154e-05  t_peak=42914  comparison cadence=85828  difference=0.27875  below=0/3
t=156687  fraction=0.81250  peak_slope=1.804e-05  t_peak=41916  comparison cadence=83832  difference=0.24250  below=0/3
t=170659  fraction=0.83500  peak_slope=1.779e-05  t_peak=44910  comparison cadence=89820  difference=0.20500  below=0/3
t=167665  fraction=0.82375  peak_slope=1.628e-05  t_peak=33932  comparison cadence=67864  difference=0.15625  below=0/3
t=152695  fraction=0.80000  peak_slope=2.154e-05  t_peak=42914  comparison cadence=85828  difference=0.27250  below=0/3
t=157685  fraction=0.81250  peak_slope=1.804e-05  t_peak=41916  comparison cadence=83832  difference=0.23750  below=0/3
t=171657  fraction=0.83500  peak_slope=1.779e-05  t_peak=44910  comparison cadence=89820  difference=0.20000  below=0/3
t=168663  fraction=0.82625  peak_slope=1.628e-05  t_peak=33932  comparison cadence=67864  difference=0.15375  below=0/3
t=153693  fraction=0.80125  peak_slope=2.154e-05  t_peak=42914  comparison cadence=85828  difference=0.26625  below=0/3
t=172655  fraction=0.83625  peak_slope=1.779e-05  t_peak=44910  comparison cadence=89820  difference=0.19500  below=0/3
t=158683  fraction=0.81375  peak_slope=1.804e-05  t_peak=41916  comparison cadence=83832  difference=0.23375  below=0/3
t=169661  fraction=0.82625  peak_slope=1.628e-05  t_peak=33932  comparison cadence=67864  difference=0.14875  below=0/3
t=154691  fraction=0.80250  peak_slope=2.154e-05  t_peak=42914  comparison cadence=85828  difference=0.26250  below=0/3
t=173653  fraction=0.83625  peak_slope=1.779e-05  t_peak=44910  comparison cadence=89820  difference=0.19125  below=0/3
t=159681  fraction=0.81375  peak_slope=1.804e-05  t_peak=41916  comparison cadence=83832  difference=0.23000  below=0/3
t=170659  fraction=0.82750  peak_slope=1.628e-05  t_peak=33932  comparison cadence=67864  difference=0.14375  below=0/3
t=155689  fraction=0.80625  peak_slope=2.154e-05  t_peak=42914  comparison cadence=85828  difference=0.26250  below=0/3
t=174651  fraction=0.83625  peak_slope=1.779e-05  t_peak=44910  comparison cadence=89820  difference=0.18375  below=0/3
t=160679  fraction=0.81500  peak_slope=1.804e-05  t_peak=41916  comparison cadence=83832  difference=0.22250  below=0/3
t=171657  fraction=0.83000  peak_slope=1.628e-05  t_peak=33932  comparison cadence=67864  difference=0.14250  below=0/3
t=175649  fraction=0.83625  peak_slope=1.779e-05  t_peak=44910  comparison cadence=89820  difference=0.17875  below=0/3
t=156687  fraction=0.80875  peak_slope=2.154e-05  t_peak=42914  comparison cadence=85828  difference=0.26000  below=0/3
t=161677  fraction=0.81625  peak_slope=1.804e-05  t_peak=41916  comparison cadence=83832  difference=0.22000  below=0/3
t=172655  fraction=0.83000  peak_slope=1.628e-05  t_peak=33932  comparison cadence=67864  difference=0.13875  below=0/3
t=176647  fraction=0.83750  peak_slope=1.779e-05  t_peak=44910  comparison cadence=89820  difference=0.17375  below=0/3
t=157685  fraction=0.81125  peak_slope=2.154e-05  t_peak=42914  comparison cadence=85828  difference=0.25125  below=0/3
t=162675  fraction=0.82125  peak_slope=1.804e-05  t_peak=41916  comparison cadence=83832  difference=0.21875  below=0/3
t=173653  fraction=0.83000  peak_slope=1.628e-05  t_peak=33932  comparison cadence=67864  difference=0.13750  below=0/3
t=177645  fraction=0.83750  peak_slope=1.779e-05  t_peak=44910  comparison cadence=89820  difference=0.17125  below=0/3
t=158683  fraction=0.81125  peak_slope=2.154e-05  t_peak=42914  comparison cadence=85828  difference=0.24250  below=0/3
t=163673  fraction=0.82125  peak_slope=1.804e-05  t_peak=41916  comparison cadence=83832  difference=0.21375  below=0/3
t=174651  fraction=0.83000  peak_slope=1.628e-05  t_peak=33932  comparison cadence=67864  difference=0.13500  below=0/3
t=178643  fraction=0.83875  peak_slope=1.779e-05  t_peak=44910  comparison cadence=89820  difference=0.17250  below=0/3
Saved 123 remaining particles to /scratch/group/p.phy260085.000/Mass_Fraction/Outputs/Ejection_Results/remaining_particles_2099431_2.csv
t=159681  fraction=0.81375  peak_slope=2.154e-05  t_peak=42914  comparison cadence=85828  difference=0.24125  below=0/3
t=164671  fraction=0.82125  peak_slope=1.804e-05  t_peak=41916  comparison cadence=83832  difference=0.20750  below=0/3
t=175649  fraction=0.83375  peak_slope=1.628e-05  t_peak=33932  comparison cadence=67864  difference=0.13750  below=0/3
t=160679  fraction=0.81500  peak_slope=2.154e-05  t_peak=42914  comparison cadence=85828  difference=0.23875  below=0/3
t=165669  fraction=0.82125  peak_slope=1.804e-05  t_peak=41916  comparison cadence=83832  difference=0.20625  below=0/3
t=176647  fraction=0.83375  peak_slope=1.628e-05  t_peak=33932  comparison cadence=67864  difference=0.13250  below=0/3
t=161677  fraction=0.81750  peak_slope=2.154e-05  t_peak=42914  comparison cadence=85828  difference=0.23375  below=0/3
t=166667  fraction=0.82375  peak_slope=1.804e-05  t_peak=41916  comparison cadence=83832  difference=0.20250  below=0/3
t=177645  fraction=0.83375  peak_slope=1.628e-05  t_peak=33932  comparison cadence=67864  difference=0.12750  below=0/3
t=162675  fraction=0.81750  peak_slope=2.154e-05  t_peak=42914  comparison cadence=85828  difference=0.22500  below=0/3
t=167665  fraction=0.82375  peak_slope=1.804e-05  t_peak=41916  comparison cadence=83832  difference=0.19750  below=0/3
t=178643  fraction=0.83375  peak_slope=1.628e-05  t_peak=33932  comparison cadence=67864  difference=0.12500  below=0/3
Saved 127 remaining particles to /scratch/group/p.phy260085.000/Mass_Fraction/Outputs/Ejection_Results/remaining_particles_2099431_2.csv
t=163673  fraction=0.81875  peak_slope=2.154e-05  t_peak=42914  comparison cadence=85828  difference=0.22125  below=0/3
t=168663  fraction=0.82500  peak_slope=1.804e-05  t_peak=41916  comparison cadence=83832  difference=0.19375  below=0/3
t=164671  fraction=0.82000  peak_slope=2.154e-05  t_peak=42914  comparison cadence=85828  difference=0.21375  below=0/3
t=169661  fraction=0.82500  peak_slope=1.804e-05  t_peak=41916  comparison cadence=83832  difference=0.19000  below=0/3
t=165669  fraction=0.82125  peak_slope=2.154e-05  t_peak=42914  comparison cadence=85828  difference=0.21375  below=0/3
t=170659  fraction=0.82750  peak_slope=1.804e-05  t_peak=41916  comparison cadence=83832  difference=0.19000  below=0/3
t=166667  fraction=0.82125  peak_slope=2.154e-05  t_peak=42914  comparison cadence=85828  difference=0.21000  below=0/3
t=171657  fraction=0.83000  peak_slope=1.804e-05  t_peak=41916  comparison cadence=83832  difference=0.18750  below=0/3
t=167665  fraction=0.82125  peak_slope=2.154e-05  t_peak=42914  comparison cadence=85828  difference=0.20875  below=0/3
t=172655  fraction=0.83500  peak_slope=1.804e-05  t_peak=41916  comparison cadence=83832  difference=0.18250  below=0/3
t=168663  fraction=0.82500  peak_slope=2.154e-05  t_peak=42914  comparison cadence=85828  difference=0.20875  below=0/3
t=173653  fraction=0.83500  peak_slope=1.804e-05  t_peak=41916  comparison cadence=83832  difference=0.18125  below=0/3
t=169661  fraction=0.82500  peak_slope=2.154e-05  t_peak=42914  comparison cadence=85828  difference=0.19750  below=0/3
t=174651  fraction=0.83500  peak_slope=1.804e-05  t_peak=41916  comparison cadence=83832  difference=0.17500  below=0/3
t=170659  fraction=0.82625  peak_slope=2.154e-05  t_peak=42914  comparison cadence=85828  difference=0.19500  below=0/3
t=175649  fraction=0.83500  peak_slope=1.804e-05  t_peak=41916  comparison cadence=83832  difference=0.17000  below=0/3
t=171657  fraction=0.82750  peak_slope=2.154e-05  t_peak=42914  comparison cadence=85828  difference=0.19125  below=0/3
t=176647  fraction=0.83500  peak_slope=1.804e-05  t_peak=41916  comparison cadence=83832  difference=0.16500  below=0/3
t=172655  fraction=0.82875  peak_slope=2.154e-05  t_peak=42914  comparison cadence=85828  difference=0.18875  below=0/3
t=177645  fraction=0.83500  peak_slope=1.804e-05  t_peak=41916  comparison cadence=83832  difference=0.16125  below=0/3
t=173653  fraction=0.82875  peak_slope=2.154e-05  t_peak=42914  comparison cadence=85828  difference=0.18500  below=0/3
t=178643  fraction=0.83625  peak_slope=1.804e-05  t_peak=41916  comparison cadence=83832  difference=0.15750  below=0/3
Saved 124 remaining particles to /scratch/group/p.phy260085.000/Mass_Fraction/Outputs/Ejection_Results/remaining_particles_2099431_2.csv
t=174651  fraction=0.82875  peak_slope=2.154e-05  t_peak=42914  comparison cadence=85828  difference=0.18000  below=0/3
t=175649  fraction=0.83125  peak_slope=2.154e-05  t_peak=42914  comparison cadence=85828  difference=0.17875  below=0/3
t=176647  fraction=0.83125  peak_slope=2.154e-05  t_peak=42914  comparison cadence=85828  difference=0.17375  below=0/3
t=177645  fraction=0.83125  peak_slope=2.154e-05  t_peak=42914  comparison cadence=85828  difference=0.16500  below=0/3
t=178643  fraction=0.83250  peak_slope=2.154e-05  t_peak=42914  comparison cadence=85828  difference=0.16375  below=0/3
Saved 126 remaining particles to /scratch/group/p.phy260085.000/Mass_Fraction/Outputs/Ejection_Results/remaining_particles_2099431_2.csv
