==========================================
Mass Fraction MPI Run
==========================================
Date:               Sun Sep 13 00:21:21 CDT 2026
Host:               ac007
Array job ID:       2117473
Array task ID:      1
MPI ranks:          4
CPUs per task:      1
Nodes allocated:    1
Python:             /scratch/user/u.hm357857/.conda/envs/comets/bin/python
Conda environment:  /scratch/user/u.hm357857/.conda/envs/comets
==========================================

1.061154760397938
1.2097703006700875
1.100785593298198
0.6948426647380253
1.0967259538644116
1.010674952093549
0.8787577350862308
1.114771133508742
1.0653100446135455
1.1812684226744512
1.0551142601825532
1.48296238519584
1.421857218268092
0.9029215908053143
1.3348860851915667
0.9432808584408339
0.6730675590594627
1.4205294506629527
1.0883787409060728
0.7489364166693877
1.4356031854904583
1.3568052466696603
0.8600677721577263
1.2446732717466333
1.4700228791159555
1.3619116689575315
0.7028593726745783
0.880118637187137
0.631555339242224
0.7515249979458414
0.9112182781057665
1.4311819755417776
1.1065136677633691
1.1142304902239444
0.7003874433175883
1.3369480082530802
1.3675288309921998
1.3793809002824386
1.0405185955812974
0.5145277820307459
0.8744525273266031
0.919877403748125
1.0933300450998487
0.5546659136361943
1.0481541425167404
1.4360926689469178
0.9269383355874607
1.0387416959716125
0.9032917207330288
0.9266875177837857
1.4626133129224477
1.0532207884877556
0.6480764849744589
0.7058066546746322
0.6969620006358211
0.6069719952217089
1.2320301135701852
0.791860141968824
1.1306646944937357
1.3665339390444902
0.7259538750250958
0.7655340136314019
1.28658699581702
1.3397330981363866
1.1094795831312079
1.1002496076132111
0.8956287233683993
1.2098324700987584
1.2154841326034913
0.7434801525569701
1.0728285971973373
0.5715897592077027
1.2793368354222643
0.9995224335855508
1.2703427231926514
1.2092938837401808
1.1061299056451432
1.2315074063800484
1.4712645969383693
1.0598970294208714
1.3337910339754053
1.1648659819118294
1.4389864513152308
1.4471111667552752
0.8659809049942141
0.5092822827375003
1.00377625674253
1.0875120518417978
0.5831435599662428
1.2467791326101239
1.4006299411182077
1.230033875538356
1.2635054848755363
1.1141825716729727
1.3886601800474372
0.5734297706334954
1.2610858636165507
0.679945101150333
0.5123998479450257
1.065496081614231
1.2997166142408496
0.6778593173248565
1.3037250965472829
1.4220014408047748
0.9343722606029137
1.082812169557179
1.408784925637903
1.181401172970798
0.9645258212151819
0.9760364305199755
0.8921389076161629
0.8746216676660348
0.8989937461884441
1.1208307124670926
1.3227206945612522
1.2098408284892042
0.7866306834852268
1.3765482622889702
1.0919040187840874
1.4793471376253078
1.0699254444284267
0.5989725525353257
0.7994280362818867
0.7721428602278886
1.387444567955531
0.9811670845250261
1.3339694812222571
1.3917039333975663
0.5675555921261054
1.3689537867552293
0.7839274760217696
0.9982381404922096
1.4913852656519613
1.1369453229430586
0.5562581404345905
0.8955329078184087
0.7503406527867372
0.6291507048014264
1.2060873044887994
0.7888281360273088
1.2880935184440503
1.3486553067008515
0.9637749851091053
0.6852834528902291
1.3959429611112983
1.0413071394755473
1.209349484804802
1.2660632564124399
0.568025265454066
1.110460930505997
1.017154095702075
0.8698255002531465
1.268724843780968
0.9742133364069945
1.2858719815777269
0.53920764486355
1.3462199155430326
1.346054791535355
1.3106213998720704
1.2528045319890289
1.1309957949565552
1.4109754611308105
1.067679405949572
1.15121800943904
1.0087517594709163
1.2791363526520398
0.9213921826816555
1.4320408129765585
0.9806308135449346
1.1963417416932638
1.4009133141198409
0.8136358264834612
1.4155369515759377
1.2830364518206427
1.3273468560410298
1.059802520062575
1.116685447883243
1.0889275008446053
0.9778051860502318
1.0967403587116802
0.8322656478777688
0.9932416584349049
1.439441952845524
1.3254685757194578
0.9365547867572435
1.1190694112124904
1.282308796671
0.6710739854382974
1.0470084862386195
1.1267926340767072
1.445792947055504
0.8102772969613878
0.6032139496386231
0.9919542957243952
0.7733517589305796
0.7746906060568501
1.2862304642872373
1.4312264978655929
1.0690083685062293
0.6517520395893865
1.371147502477064
1.1528136049033626
1.117079148373503
1.246107347437216
0.5693633568985667
0.7589851169516586
0.5266206746519126
1.0005238244150687
0.735503210164285
1.3112087598565054
1.3188284310274674
0.7838115264463057
1.2380920309504082
0.5584020353657647
0.7667750170884542
1.154430585326923
1.342739473537843
0.9155324264958167
0.5597512229912777
0.9248582895326065
0.9331111650143873
1.0785217204481754
0.7858222082266576
1.0321166159152213
1.0899404254846885
0.7949368199206074
0.7990889330925568
1.0318688818290003
1.3318007350137264
1.001115522877972
1.0935079703226689
0.5334459869262458
1.2145825246633146
1.113166354573702
0.9554365596401309
1.126802463774915
0.9314977229791437
1.1338748936794163
0.6477728020781445
1.4372737369087651
1.1970430787549744
1.4761953556835212
1.203344915170463
1.0937812007380916
1.1629633038147935
1.0284592920123592
1.4587897509971022
1.3581511821848928
0.9784091878802337
1.2472172975029543
1.0680225130910457
0.8512025261216118
1.2421771891979776
1.3980785159729703
1.2474712338887917
1.3910516853159776
1.4087217562938088
1.2098372123515972
0.5281235967954486
1.1161690434055092
0.9031130634751396
0.54853996014538
1.1020124192823055
1.246116141073257
0.5928273942498737
1.128930758808597
1.327558416228651
0.8680960699354363
1.4653455506715827
1.0095620372229963
1.1965359629187884
0.6495057146830443
0.6451396105119555
0.8250480968880661
0.5232530810720022
0.8820873337104843
1.21921859873635
1.016736404682964
1.4015653740373233
0.6842775010789122
1.354853624198159
1.2280719362865087
1.376414280072754
1.4114838451723586
0.6801051329666069
0.7300829627559113
0.5361507346082391
1.3158374388917964
0.7193699492548427
1.0788794193263245
1.2080413617486128
0.9839812837317271
1.3804248137193538
0.8402351669448471
0.9354238696164225
1.1159462864437724
1.0343117052523207
0.5427910745820853
0.8608201447812887
0.7365265587684833
0.7259162336756946
1.174974181748738
0.8432742801782318
1.4584836799434844
1.3759821087885138
0.5229836316176598
0.5658279184162298
1.0187364275010047
1.0376963262795986
1.0770957326906843
1.1697372230934524
0.9111867790342605
1.1721556295275097
1.2066683432216072
0.8144076405739655
1.2963005490110842
0.5222925435849662
1.0557687867346939
0.7851644330636419
1.3429788152037692
1.2893514300543067
1.0439016011216051
1.1235862150568705
1.0028840297397474
1.1343879221692792
1.2432928559527285
1.0145148661294392
1.0364611923043698
1.0441204122555754
0.6939834366845544
1.1211668912428299
0.641303965169046
0.8187100205408139
1.1340482080786594
0.9825044084952768
0.8799342428829386
1.2521727002141034
0.7705779690269663
0.7311595224472498
1.2624093320582495
1.324577099177798
1.2798738530519742
0.9098009122521918
1.2591061020879784
0.5700262695126398
0.8266439533315052
1.4321633509742389
0.9681613998160128
1.0873489675220838
0.8338630200455694
0.9228059843882549
1.3089731675975762
1.3362309741327234
0.7211296089661161
0.7863860401784007
0.9718020917077941
1.211319766278564
0.7646979230437805
0.5608922742578851
1.0726801174602967
1.4678352602092397
0.5837884104179759
1.4516751815802973
0.5491467812119873
0.6186463249999657
1.2362123005190002
1.0509273511449528
0.5670447499319129
0.5127534501104972
0.8837475143071034
0.9446169593585496
1.2742090514983078
0.8240031197126944
0.884030930714695
0.8729770716048741
0.5142228385277756
0.6747867189062852
0.6584806007220588
1.2764781695397032
0.6326085814912845
1.051462842143366
0.7378714671467349
0.8630682518650805
1.1133771218708672
1.2412413766087094
1.3899519217543126
1.1320565865385592
0.5471227253569355
1.2029230977691439
1.2291406200016433
1.3622583094469534
0.6592872863127285
1.3343221974192494
0.9377885691838278
1.3629498041582286
0.9967639267576011
1.3738147930066962
0.75232334900909
0.895949363804261
1.007703047596874
0.6261554798027427
1.03226669005206
1.005235996469736
0.6815591562166117
0.6704340548720511
0.6781520165136983
1.0721739335067948
1.462165467817076
1.0646542949121773
1.4265705488172749
0.5380547553480369
0.5519940611322258
1.4613736793856944
0.5713174059612282
0.7188395630993608
1.440666137343472
0.7604489739339324
1.480875206394562
1.1767154057434406
0.6756659247209946
1.1890602420746539
1.298631589150669
1.2634339092485243
1.286598832822508
0.7860064980472962
1.0788006790142857
1.1011557271749595
1.109137980025711
0.9423206612368813
1.0935551263520082
0.7878009232890231
1.1328932395236624
0.9902159349469932
1.3027723714369817
1.3628277375703517
1.4526057967640758
0.8695551983931695
1.1700889169038695
1.0926479364469959
1.0651588573210347
0.9854319165981735
0.5550774334117982
0.6637340983432506
1.3458205808293977
1.1618547344955064
0.5443835172899865
0.693501257037008
1.2330324129827908
0.8198847321942693
0.8408571273226833
1.3084968365229248
1.2609818582864514
0.5844153223297415
0.7392416549627885
1.4260072629576817
1.1805928889232242
0.8014677669884149
1.1990650515302474
0.9261462298902573
0.5985029809917857
1.099546429149938
1.260036978710326
0.9866071538149807
0.5344761126892672
0.7390840258819042
0.5582098201373501
1.085058491933654
0.7021747190570562
0.5668701238367272
0.6465516299412142
0.6933097098293375
0.5175128417751037
0.8238025533376503
1.0033863130697964
0.6992278332026226
1.0634753682095224
0.731299002514176
0.5772510576911238
1.1179422513111141
1.4881889454060808
1.2566588009939375
1.0685956955011433
0.810722107576408
1.4276442455769667
1.1996332213062417
1.3740002852409525
0.9302944282663637
1.1234551708229643
0.5180173358934593
1.0876691505326448
0.5287044806377811
1.4381083040213425
0.8308819221195098
0.8272998974274899
1.0072985136765533
0.5826564363247289
1.200836528946824
1.3139487734902437
0.8961400654216658
0.9812109585186912
0.519426494997415
1.3891212163494595
1.0576760282712339
1.321969236271126
1.0724940168952821
0.6938341904316419
0.7207610911211737
1.287146960712714
0.68820188594982
0.9983632364900147
1.1388551002433855
0.9775616167390566
1.405499373412322
1.4141045808537864
0.9165061003846947
1.42315216243404
1.0578481162295306
1.0562489809397104
1.1398626278600723
0.5513658767606854
1.1633144155144142
1.0831575981786121
1.404239699948328
0.9212409200624604
1.4416317527928038
1.476902729004031
1.0478409127213986
0.6235925976322938
0.8954213545550187
1.0039520440666334
1.2717168628614821
0.8137606435244715
1.1952997047383258
0.9932102449336715
0.8637017034063768
1.1104851265011078
1.4720821825680717
0.8166057918607774
0.588475077205266
0.8964145164764091
0.900413441155167
1.2223419911164155
0.6045479519630232
0.6397343645794037
0.7375344081403639
0.9405061869222793
0.9013430615135367
0.5755766893470498
1.0324043043252384
0.8869434447290465
1.4685698709692372
0.83874080749921
0.6486158356704212
1.1384907933078807
1.4705545112046052
1.2321432412110824
1.3070841958518493
0.9153987964256398
1.0531387220349375
1.1162064864352645
1.0442516490477218
0.6239430726325323
1.111319114402865
0.5745838140413625
1.0095488151134844
0.7865714671593211
1.1266123484757076
0.5753535615017705
0.839322065071969
1.4140453455448694
0.7205713623371229
1.2649698664738223
1.4331856171755717
0.7667727009746613
0.8569653156708839
0.66801382716611
1.163407251856055
1.24278331640381
1.2628785686763904
1.1304097624445597
0.821690696907411
0.7841054164123458
1.053983813066801
0.8398039556308516
0.6645360858322729
1.4394410931571235
0.8905550827296553
1.4746804523560704
1.0014529287639298
0.5538362767127862
1.4806808523081072
1.0501529598189243
1.1668073194775983
1.304202212542374
0.7647309796438999
1.4273550248729765
1.2983221986045281
1.3714978663225472
0.7054464062559866
1.089906650938188
0.5637626997701175
1.0243722158036646
0.9535927288067656
1.3985522577193896
1.2991625606563244
1.3505846778323747
0.8899850658309421
1.4787976955513003
1.1926781438596719
1.1501939959844751
0.9772327023018275
0.6028176481729036
1.36119078888102
0.7257063321074597
1.2175919888716784
0.8053198378630734
0.7183483254779808
1.1770831118975718
1.0104982032641296
0.7823695171904947
0.7163042385593608
0.8841794562552768
0.6001956611696155
1.3286815961016691
0.7998307072230182
0.7470501163889366
0.6986956981670434
0.5249973481662602
0.8003601698976308
0.5609477955161545
1.203263946884124
0.5541016017606553
1.0233951682210851
0.5577367290850858
0.6094700865600532
1.1072681132240187
1.0424506012821164
1.28416014695184
1.034298930421054
0.9133995654833835
1.34719128377048
1.1821437369361136
1.4584645384819241
0.8207850748860537
1.3028071208960186
0.5115820011363609
1.3150120864024966
0.9535632917303501
1.1750631337082529
0.9061033966171186
0.7648074733854473
1.401481456073574
0.5766627628058777
1.2901544349536014
1.4536789540034583
0.7609350274883825
0.8519697906593775
0.6349808974228478
1.262908617642385
1.175686973607441
1.3452789138257923
1.317997946135881
0.7332277907323365
0.8796087474588019
1.195007423272957
0.8610354412532832
0.9315241860884904
1.3506292734898657
0.7116637430255457
1.3513476067895023
1.4561094304862192
0.6009893835179991
1.3393515303416732
1.0552064396195606
1.2473575784147029
1.0929427683741315
0.6652162943565709
1.2594819385487015
1.4381927843311266
1.4115088158810758
0.7835698898246906
1.0316817882359781
0.9485707920069119
1.3849981971392349
0.5819939968775327
1.3105303847590306
1.4429964027764703
1.3619449080146369
0.8691725527579952
1.160337320206488
1.2618384360502217
1.1506546588011934
0.5372495330900041
0.7021980186931265
0.5578905652541931
1.4411288797100181
0.9730162786867473
0.8792661501673985
0.9253352556469933
0.90128794622818
1.13835511396677
0.8112285971997427
1.1708234675240212
0.89507481969034
0.7019254309984029
0.7325443886674207
0.9988270329101978
0.5418028024392777
1.440651459609914
1.2080547249624354
1.383225404988716
1.0181961409075422
0.8725804673811747
1.1096869352215937
1.3475977315748284
1.3214508284135538
0.6949817336398683
1.1224807409773727
0.6583009158251648
0.6205418512912306
0.5359481276839037
0.8884668461814447
1.0770138604991415
1.1538046874541241
1.4012351485191843
0.6269192792356895
0.919483400386985
1.3695343647851876
0.7048426665634319
0.8194955782033997
0.5449811501050442
0.7182199255281366
0.7983298247081914
1.4494155459762863
0.9007680599786281
0.662316799342736
0.7309978636510576
0.8078964722470598
0.9196160640009718
0.735493397963723
1.3150017392381177
1.195067399276228
1.0184922742262263
0.989796038225452
1.007239476803539
1.3076509879413751
Running 200 simulations with 1 MPI ranks
Rank 0: 200 simulations
1.1542793125971054
1.112540043127249
1.3438682931748769
0.6066248727806374
0.512461095989165
1.1757368474942391
0.6691707347267739
0.956301938377788
0.5422041278271986
0.7094248284998255
0.5542701873176731
0.7237450391298406
1.0345469995290564
1.2588122985092
1.1470957541613505
0.5992680351155887
1.2647051898914268
0.8183068896093114
0.5203411109498299
0.9915697945914796
1.1177006286163258
1.4006218991622106
1.478790198352086
0.9757249564868692
1.1439867534003874
1.3701411007271944
Running 200 simulations with 1 MPI ranks
Rank 0: 200 simulations
1.385188004235674
1.013426508178502
Running 200 simulations with 1 MPI ranks
Rank 0: 200 simulations
0.8342919034642644
0.7995659508794664
0.900944538484326
1.2060954126938537
0.5854681220018231
0.7385446597013106
0.6461130932472358
0.8648937849862208
1.260187360908973
1.3334577992381655
1.0024595282804107
0.7606518188759086
0.9130467716745134
1.2600766227941713
0.6236361857697943
0.7406790236183137
0.5189472300349838
0.9885523032041083
0.893119809882016
0.7188015548274248
1.3603220886112002
1.2033562764485581
1.0839474726180862
0.6610149135909573
1.458098147894909
1.2529783105058132
Running 200 simulations with 1 MPI ranks
Rank 0: 200 simulations
t=73815  fraction=0.48500  peak_slope=2.105e-05  t_peak=36908  comparison cadence=73815  difference=0.48500  below=0/3
t=74813  fraction=0.50500  peak_slope=2.105e-05  t_peak=36908  comparison cadence=73815  difference=0.50500  below=0/3
t=89775  fraction=0.58500  peak_slope=1.905e-05  t_peak=44888  comparison cadence=89775  difference=0.58500  below=0/3
t=75810  fraction=0.50500  peak_slope=2.105e-05  t_peak=36908  comparison cadence=73815  difference=0.50500  below=0/3
t=90773  fraction=0.58500  peak_slope=1.905e-05  t_peak=44888  comparison cadence=89775  difference=0.58500  below=0/3
t=76808  fraction=0.52000  peak_slope=2.105e-05  t_peak=36908  comparison cadence=73815  difference=0.52000  below=0/3
t=91770  fraction=0.59000  peak_slope=1.905e-05  t_peak=44888  comparison cadence=89775  difference=0.59000  below=0/3
t=77805  fraction=0.52000  peak_slope=2.105e-05  t_peak=36908  comparison cadence=73815  difference=0.52000  below=0/3
t=92768  fraction=0.59000  peak_slope=1.905e-05  t_peak=44888  comparison cadence=89775  difference=0.59000  below=0/3
t=78803  fraction=0.52500  peak_slope=2.105e-05  t_peak=36908  comparison cadence=73815  difference=0.52500  below=0/3
t=93765  fraction=0.59500  peak_slope=1.905e-05  t_peak=44888  comparison cadence=89775  difference=0.59500  below=0/3
t=94763  fraction=0.60000  peak_slope=1.905e-05  t_peak=44888  comparison cadence=89775  difference=0.60000  below=0/3
t=79800  fraction=0.53000  peak_slope=2.105e-05  t_peak=36908  comparison cadence=73815  difference=0.53000  below=0/3
t=95760  fraction=0.60000  peak_slope=1.905e-05  t_peak=44888  comparison cadence=89775  difference=0.60000  below=0/3
t=80798  fraction=0.53000  peak_slope=2.105e-05  t_peak=36908  comparison cadence=73815  difference=0.53000  below=0/3
t=96758  fraction=0.60500  peak_slope=1.905e-05  t_peak=44888  comparison cadence=89775  difference=0.60500  below=0/3
t=81795  fraction=0.53000  peak_slope=2.105e-05  t_peak=36908  comparison cadence=73815  difference=0.53000  below=0/3
t=97755  fraction=0.60500  peak_slope=1.905e-05  t_peak=44888  comparison cadence=89775  difference=0.60500  below=0/3
t=82793  fraction=0.53500  peak_slope=2.105e-05  t_peak=36908  comparison cadence=73815  difference=0.53500  below=0/3
t=98753  fraction=0.61000  peak_slope=1.905e-05  t_peak=44888  comparison cadence=89775  difference=0.61000  below=0/3
t=83790  fraction=0.53500  peak_slope=2.105e-05  t_peak=36908  comparison cadence=73815  difference=0.53500  below=0/3
t=99750  fraction=0.61500  peak_slope=1.905e-05  t_peak=44888  comparison cadence=89775  difference=0.61500  below=0/3
t=100748  fraction=0.62500  peak_slope=1.905e-05  t_peak=44888  comparison cadence=89775  difference=0.62500  below=0/3
t=84788  fraction=0.54000  peak_slope=2.105e-05  t_peak=36908  comparison cadence=73815  difference=0.54000  below=0/3
t=101745  fraction=0.62500  peak_slope=1.905e-05  t_peak=44888  comparison cadence=89775  difference=0.62500  below=0/3
t=79800  fraction=0.57500  peak_slope=2.206e-05  t_peak=39900  comparison cadence=79800  difference=0.57500  below=0/3
t=85785  fraction=0.54000  peak_slope=2.105e-05  t_peak=36908  comparison cadence=73815  difference=0.54000  below=0/3
t=102743  fraction=0.62500  peak_slope=1.905e-05  t_peak=44888  comparison cadence=89775  difference=0.62500  below=0/3
t=80798  fraction=0.57500  peak_slope=2.206e-05  t_peak=39900  comparison cadence=79800  difference=0.57500  below=0/3
t=86783  fraction=0.54000  peak_slope=2.105e-05  t_peak=36908  comparison cadence=73815  difference=0.54000  below=0/3
t=103740  fraction=0.62500  peak_slope=1.905e-05  t_peak=44888  comparison cadence=89775  difference=0.62500  below=0/3
t=87780  fraction=0.54500  peak_slope=2.105e-05  t_peak=36908  comparison cadence=73815  difference=0.54500  below=0/3
t=81795  fraction=0.57500  peak_slope=2.206e-05  t_peak=39900  comparison cadence=79800  difference=0.57500  below=0/3
t=104738  fraction=0.62500  peak_slope=1.905e-05  t_peak=44888  comparison cadence=89775  difference=0.62500  below=0/3
t=88778  fraction=0.55000  peak_slope=2.105e-05  t_peak=36908  comparison cadence=73815  difference=0.55000  below=0/3
t=105735  fraction=0.62500  peak_slope=1.905e-05  t_peak=44888  comparison cadence=89775  difference=0.62500  below=0/3
t=82793  fraction=0.58000  peak_slope=2.206e-05  t_peak=39900  comparison cadence=79800  difference=0.58000  below=0/3
t=106733  fraction=0.62500  peak_slope=1.905e-05  t_peak=44888  comparison cadence=89775  difference=0.62500  below=0/3
t=89775  fraction=0.55500  peak_slope=2.105e-05  t_peak=36908  comparison cadence=73815  difference=0.55500  below=0/3
t=83790  fraction=0.58500  peak_slope=2.206e-05  t_peak=39900  comparison cadence=79800  difference=0.58500  below=0/3
t=107730  fraction=0.62500  peak_slope=1.905e-05  t_peak=44888  comparison cadence=89775  difference=0.62500  below=0/3
t=90773  fraction=0.56000  peak_slope=2.105e-05  t_peak=36908  comparison cadence=73815  difference=0.56000  below=0/3
t=84788  fraction=0.58500  peak_slope=2.206e-05  t_peak=39900  comparison cadence=79800  difference=0.58500  below=0/3
t=108728  fraction=0.63500  peak_slope=1.905e-05  t_peak=44888  comparison cadence=89775  difference=0.63500  below=0/3
t=89775  fraction=0.55500  peak_slope=1.604e-05  t_peak=44888  comparison cadence=89775  difference=0.55500  below=0/3
t=91770  fraction=0.56000  peak_slope=2.105e-05  t_peak=36908  comparison cadence=73815  difference=0.56000  below=0/3
t=109725  fraction=0.63500  peak_slope=1.905e-05  t_peak=44888  comparison cadence=89775  difference=0.63500  below=0/3
t=85785  fraction=0.58500  peak_slope=2.206e-05  t_peak=39900  comparison cadence=79800  difference=0.58500  below=0/3
t=90773  fraction=0.56000  peak_slope=1.604e-05  t_peak=44888  comparison cadence=89775  difference=0.56000  below=0/3
t=92768  fraction=0.57000  peak_slope=2.105e-05  t_peak=36908  comparison cadence=73815  difference=0.57000  below=0/3
t=110723  fraction=0.64000  peak_slope=1.905e-05  t_peak=44888  comparison cadence=89775  difference=0.64000  below=0/3
t=86783  fraction=0.59000  peak_slope=2.206e-05  t_peak=39900  comparison cadence=79800  difference=0.59000  below=0/3
t=111720  fraction=0.64000  peak_slope=1.905e-05  t_peak=44888  comparison cadence=89775  difference=0.64000  below=0/3
t=93765  fraction=0.57000  peak_slope=2.105e-05  t_peak=36908  comparison cadence=73815  difference=0.57000  below=0/3
t=91770  fraction=0.56500  peak_slope=1.604e-05  t_peak=44888  comparison cadence=89775  difference=0.56500  below=0/3
t=87780  fraction=0.59500  peak_slope=2.206e-05  t_peak=39900  comparison cadence=79800  difference=0.59500  below=0/3
t=112718  fraction=0.64500  peak_slope=1.905e-05  t_peak=44888  comparison cadence=89775  difference=0.64500  below=0/3
t=94763  fraction=0.57000  peak_slope=2.105e-05  t_peak=36908  comparison cadence=73815  difference=0.57000  below=0/3
t=92768  fraction=0.56500  peak_slope=1.604e-05  t_peak=44888  comparison cadence=89775  difference=0.56500  below=0/3
t=113715  fraction=0.65000  peak_slope=1.905e-05  t_peak=44888  comparison cadence=89775  difference=0.65000  below=0/3
t=88778  fraction=0.60000  peak_slope=2.206e-05  t_peak=39900  comparison cadence=79800  difference=0.60000  below=0/3
t=95760  fraction=0.57500  peak_slope=2.105e-05  t_peak=36908  comparison cadence=73815  difference=0.57500  below=0/3
t=93765  fraction=0.56500  peak_slope=1.604e-05  t_peak=44888  comparison cadence=89775  difference=0.56500  below=0/3
t=114713  fraction=0.65000  peak_slope=1.905e-05  t_peak=44888  comparison cadence=89775  difference=0.64000  below=0/3
t=89775  fraction=0.60500  peak_slope=2.206e-05  t_peak=39900  comparison cadence=79800  difference=0.60500  below=0/3
t=96758  fraction=0.58000  peak_slope=2.105e-05  t_peak=36908  comparison cadence=73815  difference=0.58000  below=0/3
t=115710  fraction=0.65500  peak_slope=1.905e-05  t_peak=44888  comparison cadence=89775  difference=0.64500  below=0/3
t=94763  fraction=0.56500  peak_slope=1.604e-05  t_peak=44888  comparison cadence=89775  difference=0.56500  below=0/3
t=90773  fraction=0.60500  peak_slope=2.206e-05  t_peak=39900  comparison cadence=79800  difference=0.60500  below=0/3
t=97755  fraction=0.58000  peak_slope=2.105e-05  t_peak=36908  comparison cadence=73815  difference=0.58000  below=0/3
t=116708  fraction=0.65500  peak_slope=1.905e-05  t_peak=44888  comparison cadence=89775  difference=0.64000  below=0/3
t=95760  fraction=0.57000  peak_slope=1.604e-05  t_peak=44888  comparison cadence=89775  difference=0.57000  below=0/3
t=117705  fraction=0.66000  peak_slope=1.905e-05  t_peak=44888  comparison cadence=89775  difference=0.62500  below=0/3
t=91770  fraction=0.60500  peak_slope=2.206e-05  t_peak=39900  comparison cadence=79800  difference=0.60500  below=0/3
t=98753  fraction=0.58500  peak_slope=2.105e-05  t_peak=36908  comparison cadence=73815  difference=0.58500  below=0/3
t=96758  fraction=0.57000  peak_slope=1.604e-05  t_peak=44888  comparison cadence=89775  difference=0.57000  below=0/3
t=118703  fraction=0.66000  peak_slope=1.905e-05  t_peak=44888  comparison cadence=89775  difference=0.62500  below=0/3
t=99750  fraction=0.58500  peak_slope=2.105e-05  t_peak=36908  comparison cadence=73815  difference=0.58000  below=0/3
t=92768  fraction=0.61000  peak_slope=2.206e-05  t_peak=39900  comparison cadence=79800  difference=0.61000  below=0/3
t=97755  fraction=0.58000  peak_slope=1.604e-05  t_peak=44888  comparison cadence=89775  difference=0.58000  below=0/3
t=119700  fraction=0.66000  peak_slope=1.905e-05  t_peak=44888  comparison cadence=89775  difference=0.60500  below=0/3
t=100748  fraction=0.58500  peak_slope=2.105e-05  t_peak=36908  comparison cadence=73815  difference=0.57000  below=0/3
t=93765  fraction=0.61500  peak_slope=2.206e-05  t_peak=39900  comparison cadence=79800  difference=0.61500  below=0/3
t=120698  fraction=0.66000  peak_slope=1.905e-05  t_peak=44888  comparison cadence=89775  difference=0.59000  below=0/3
t=98753  fraction=0.58000  peak_slope=1.604e-05  t_peak=44888  comparison cadence=89775  difference=0.58000  below=0/3
t=101745  fraction=0.58500  peak_slope=2.105e-05  t_peak=36908  comparison cadence=73815  difference=0.54500  below=0/3
t=121695  fraction=0.66000  peak_slope=1.905e-05  t_peak=44888  comparison cadence=89775  difference=0.57000  below=0/3
t=94763  fraction=0.61500  peak_slope=2.206e-05  t_peak=39900  comparison cadence=79800  difference=0.61500  below=0/3
t=99750  fraction=0.58500  peak_slope=1.604e-05  t_peak=44888  comparison cadence=89775  difference=0.58500  below=0/3
t=122693  fraction=0.66500  peak_slope=1.905e-05  t_peak=44888  comparison cadence=89775  difference=0.56000  below=0/3
t=102743  fraction=0.58500  peak_slope=2.105e-05  t_peak=36908  comparison cadence=73815  difference=0.52500  below=0/3
t=95760  fraction=0.61500  peak_slope=2.206e-05  t_peak=39900  comparison cadence=79800  difference=0.61500  below=0/3
t=100748  fraction=0.58500  peak_slope=1.604e-05  t_peak=44888  comparison cadence=89775  difference=0.58500  below=0/3
t=123690  fraction=0.66500  peak_slope=1.905e-05  t_peak=44888  comparison cadence=89775  difference=0.54500  below=0/3
t=103740  fraction=0.58500  peak_slope=2.105e-05  t_peak=36908  comparison cadence=73815  difference=0.49000  below=0/3
t=96758  fraction=0.61500  peak_slope=2.206e-05  t_peak=39900  comparison cadence=79800  difference=0.61500  below=0/3
t=124688  fraction=0.66500  peak_slope=1.905e-05  t_peak=44888  comparison cadence=89775  difference=0.54500  below=0/3
t=101745  fraction=0.58500  peak_slope=1.604e-05  t_peak=44888  comparison cadence=89775  difference=0.58500  below=0/3
t=104738  fraction=0.58500  peak_slope=2.105e-05  t_peak=36908  comparison cadence=73815  difference=0.48500  below=0/3
t=125685  fraction=0.67500  peak_slope=1.905e-05  t_peak=44888  comparison cadence=89775  difference=0.53500  below=0/3
Saved 61 remaining particles to /scratch/group/p.phy260085.000//Mass_Fraction/Outputs/Ejection_Results/remaining_particles_2117473_1.csv
t=97755  fraction=0.61500  peak_slope=2.206e-05  t_peak=39900  comparison cadence=79800  difference=0.61500  below=0/3
t=102743  fraction=0.59500  peak_slope=1.604e-05  t_peak=44888  comparison cadence=89775  difference=0.59500  below=0/3
t=105735  fraction=0.59500  peak_slope=2.105e-05  t_peak=36908  comparison cadence=73815  difference=0.49000  below=0/3
t=98753  fraction=0.62000  peak_slope=2.206e-05  t_peak=39900  comparison cadence=79800  difference=0.62000  below=0/3
t=103740  fraction=0.59500  peak_slope=1.604e-05  t_peak=44888  comparison cadence=89775  difference=0.59500  below=0/3
t=106733  fraction=0.59500  peak_slope=2.105e-05  t_peak=36908  comparison cadence=73815  difference=0.46000  below=0/3
t=99750  fraction=0.62000  peak_slope=2.206e-05  t_peak=39900  comparison cadence=79800  difference=0.62000  below=0/3
t=104738  fraction=0.59500  peak_slope=1.604e-05  t_peak=44888  comparison cadence=89775  difference=0.59500  below=0/3
t=107730  fraction=0.60500  peak_slope=2.105e-05  t_peak=36908  comparison cadence=73815  difference=0.46000  below=0/3
t=100748  fraction=0.62000  peak_slope=2.206e-05  t_peak=39900  comparison cadence=79800  difference=0.62000  below=0/3
t=108728  fraction=0.60500  peak_slope=2.105e-05  t_peak=36908  comparison cadence=73815  difference=0.45000  below=0/3
t=105735  fraction=0.60500  peak_slope=1.604e-05  t_peak=44888  comparison cadence=89775  difference=0.60500  below=0/3
t=101745  fraction=0.62500  peak_slope=2.206e-05  t_peak=39900  comparison cadence=79800  difference=0.62500  below=0/3
t=109725  fraction=0.60500  peak_slope=2.105e-05  t_peak=36908  comparison cadence=73815  difference=0.43000  below=0/3
t=106733  fraction=0.61000  peak_slope=1.604e-05  t_peak=44888  comparison cadence=89775  difference=0.61000  below=0/3
t=102743  fraction=0.62500  peak_slope=2.206e-05  t_peak=39900  comparison cadence=79800  difference=0.61500  below=0/3
t=110723  fraction=0.61000  peak_slope=2.105e-05  t_peak=36908  comparison cadence=73815  difference=0.40000  below=0/3
t=107730  fraction=0.61000  peak_slope=1.604e-05  t_peak=44888  comparison cadence=89775  difference=0.61000  below=0/3
t=111720  fraction=0.61000  peak_slope=2.105e-05  t_peak=36908  comparison cadence=73815  difference=0.39500  below=0/3
t=103740  fraction=0.62500  peak_slope=2.206e-05  t_peak=39900  comparison cadence=79800  difference=0.61000  below=0/3
t=108728  fraction=0.61500  peak_slope=1.604e-05  t_peak=44888  comparison cadence=89775  difference=0.61500  below=0/3
t=112718  fraction=0.61000  peak_slope=2.105e-05  t_peak=36908  comparison cadence=73815  difference=0.38000  below=0/3
t=104738  fraction=0.63500  peak_slope=2.206e-05  t_peak=39900  comparison cadence=79800  difference=0.61000  below=0/3
t=109725  fraction=0.61500  peak_slope=1.604e-05  t_peak=44888  comparison cadence=89775  difference=0.61500  below=0/3
t=113715  fraction=0.61000  peak_slope=2.105e-05  t_peak=36908  comparison cadence=73815  difference=0.36500  below=0/3
t=105735  fraction=0.64000  peak_slope=2.206e-05  t_peak=39900  comparison cadence=79800  difference=0.61500  below=0/3
t=110723  fraction=0.61500  peak_slope=1.604e-05  t_peak=44888  comparison cadence=89775  difference=0.61500  below=0/3
t=114713  fraction=0.61000  peak_slope=2.105e-05  t_peak=36908  comparison cadence=73815  difference=0.34500  below=0/3
t=106733  fraction=0.64000  peak_slope=2.206e-05  t_peak=39900  comparison cadence=79800  difference=0.60500  below=0/3
t=111720  fraction=0.62500  peak_slope=1.604e-05  t_peak=44888  comparison cadence=89775  difference=0.62500  below=0/3
t=115710  fraction=0.61500  peak_slope=2.105e-05  t_peak=36908  comparison cadence=73815  difference=0.34000  below=0/3
t=107730  fraction=0.64500  peak_slope=2.206e-05  t_peak=39900  comparison cadence=79800  difference=0.59500  below=0/3
t=112718  fraction=0.62500  peak_slope=1.604e-05  t_peak=44888  comparison cadence=89775  difference=0.62000  below=0/3
t=116708  fraction=0.61500  peak_slope=2.105e-05  t_peak=36908  comparison cadence=73815  difference=0.33500  below=0/3
t=108728  fraction=0.65000  peak_slope=2.206e-05  t_peak=39900  comparison cadence=79800  difference=0.58000  below=0/3
t=113715  fraction=0.62500  peak_slope=1.604e-05  t_peak=44888  comparison cadence=89775  difference=0.61000  below=0/3
t=117705  fraction=0.61500  peak_slope=2.105e-05  t_peak=36908  comparison cadence=73815  difference=0.32000  below=0/3
t=109725  fraction=0.65000  peak_slope=2.206e-05  t_peak=39900  comparison cadence=79800  difference=0.56000  below=0/3
t=114713  fraction=0.62500  peak_slope=1.604e-05  t_peak=44888  comparison cadence=89775  difference=0.59500  below=0/3
t=118703  fraction=0.61500  peak_slope=2.105e-05  t_peak=36908  comparison cadence=73815  difference=0.31500  below=0/3
t=110723  fraction=0.65000  peak_slope=2.206e-05  t_peak=39900  comparison cadence=79800  difference=0.55500  below=0/3
t=115710  fraction=0.63000  peak_slope=1.604e-05  t_peak=44888  comparison cadence=89775  difference=0.59000  below=0/3
t=119700  fraction=0.61500  peak_slope=2.105e-05  t_peak=36908  comparison cadence=73815  difference=0.28500  below=0/3
t=120698  fraction=0.61500  peak_slope=2.105e-05  t_peak=36908  comparison cadence=73815  difference=0.28000  below=0/3
t=116708  fraction=0.63500  peak_slope=1.604e-05  t_peak=44888  comparison cadence=89775  difference=0.57500  below=0/3
t=111720  fraction=0.65000  peak_slope=2.206e-05  t_peak=39900  comparison cadence=79800  difference=0.54000  below=0/3
t=121695  fraction=0.62000  peak_slope=2.105e-05  t_peak=36908  comparison cadence=73815  difference=0.27000  below=0/3
t=117705  fraction=0.63500  peak_slope=1.604e-05  t_peak=44888  comparison cadence=89775  difference=0.56500  below=0/3
t=112718  fraction=0.65000  peak_slope=2.206e-05  t_peak=39900  comparison cadence=79800  difference=0.53000  below=0/3
t=122693  fraction=0.62000  peak_slope=2.105e-05  t_peak=36908  comparison cadence=73815  difference=0.27000  below=0/3
t=118703  fraction=0.64000  peak_slope=1.604e-05  t_peak=44888  comparison cadence=89775  difference=0.56500  below=0/3
t=113715  fraction=0.65000  peak_slope=2.206e-05  t_peak=39900  comparison cadence=79800  difference=0.52500  below=0/3
t=123690  fraction=0.62000  peak_slope=2.105e-05  t_peak=36908  comparison cadence=73815  difference=0.26500  below=0/3
t=119700  fraction=0.64500  peak_slope=1.604e-05  t_peak=44888  comparison cadence=89775  difference=0.56500  below=0/3
t=114713  fraction=0.65000  peak_slope=2.206e-05  t_peak=39900  comparison cadence=79800  difference=0.51000  below=0/3
t=124688  fraction=0.62000  peak_slope=2.105e-05  t_peak=36908  comparison cadence=73815  difference=0.24000  below=0/3
t=120698  fraction=0.64500  peak_slope=1.604e-05  t_peak=44888  comparison cadence=89775  difference=0.55500  below=0/3
t=115710  fraction=0.66500  peak_slope=2.206e-05  t_peak=39900  comparison cadence=79800  difference=0.49500  below=0/3
t=125685  fraction=0.62500  peak_slope=2.105e-05  t_peak=36908  comparison cadence=73815  difference=0.24000  below=0/3
Saved 69 remaining particles to /scratch/group/p.phy260085.000//Mass_Fraction/Outputs/Ejection_Results/remaining_particles_2117473_1.csv
t=121695  fraction=0.64500  peak_slope=1.604e-05  t_peak=44888  comparison cadence=89775  difference=0.54000  below=0/3
t=116708  fraction=0.67000  peak_slope=2.206e-05  t_peak=39900  comparison cadence=79800  difference=0.48000  below=0/3
t=122693  fraction=0.65000  peak_slope=1.604e-05  t_peak=44888  comparison cadence=89775  difference=0.52500  below=0/3
t=117705  fraction=0.67000  peak_slope=2.206e-05  t_peak=39900  comparison cadence=79800  difference=0.45500  below=0/3
t=123690  fraction=0.65000  peak_slope=1.604e-05  t_peak=44888  comparison cadence=89775  difference=0.50000  below=0/3
t=118703  fraction=0.67000  peak_slope=2.206e-05  t_peak=39900  comparison cadence=79800  difference=0.44000  below=0/3
t=124688  fraction=0.65000  peak_slope=1.604e-05  t_peak=44888  comparison cadence=89775  difference=0.49500  below=0/3
t=119700  fraction=0.67000  peak_slope=2.206e-05  t_peak=39900  comparison cadence=79800  difference=0.42000  below=0/3
t=125685  fraction=0.65500  peak_slope=1.604e-05  t_peak=44888  comparison cadence=89775  difference=0.50000  below=0/3
Saved 67 remaining particles to /scratch/group/p.phy260085.000//Mass_Fraction/Outputs/Ejection_Results/remaining_particles_2117473_1.csv
t=120698  fraction=0.67000  peak_slope=2.206e-05  t_peak=39900  comparison cadence=79800  difference=0.40500  below=0/3
t=121695  fraction=0.67000  peak_slope=2.206e-05  t_peak=39900  comparison cadence=79800  difference=0.39500  below=0/3
t=122693  fraction=0.67500  peak_slope=2.206e-05  t_peak=39900  comparison cadence=79800  difference=0.39500  below=0/3
t=123690  fraction=0.67500  peak_slope=2.206e-05  t_peak=39900  comparison cadence=79800  difference=0.39000  below=0/3
t=124688  fraction=0.67500  peak_slope=2.206e-05  t_peak=39900  comparison cadence=79800  difference=0.38500  below=0/3
t=125685  fraction=0.67500  peak_slope=2.206e-05  t_peak=39900  comparison cadence=79800  difference=0.37000  below=0/3
Saved 63 remaining particles to /scratch/group/p.phy260085.000//Mass_Fraction/Outputs/Ejection_Results/remaining_particles_2117473_1.csv
