==========================================
Mass Fraction MPI Run
==========================================
Date:               Sun Sep 13 02:10:36 CDT 2026
Host:               ac050
Array job ID:       2117473
Array task ID:      2
MPI ranks:          4
CPUs per task:      1
Nodes allocated:    1
Python:             /scratch/user/u.hm357857/.conda/envs/comets/bin/python
Conda environment:  /scratch/user/u.hm357857/.conda/envs/comets
==========================================

1.2135003740436765
1.102177517795281
0.8671475618213984
1.381751072243365
1.1805632624707636
0.7980498243975811
1.0892904066027462
1.3532861327795844
1.3142831236701609
1.0349003209859906
1.0737878364251503
1.3801402406887051
0.6594831595395232
1.0598282528266223
0.6821421888252895
0.852607878999619
1.1388095081606393
1.0567372102705275
0.6300666610344815
1.1778858385462725
1.3064214091087172
0.6440886487936206
1.0205072739967784
1.1979791963802788
1.2489339827220363
1.3154767367064177
0.7223181322627263
1.355591570755179
1.3716553615870497
0.7086222218833267
1.4255767720595507
1.3631763996993618
1.2012594163147938
1.3314273821213702
1.0473641967211171
1.3660141683367593
0.8783814156611378
1.117755358989283
0.6502935709213867
0.92465480703696
1.391654554723942
1.166128076447045
0.7460250485544795
1.1308604363868537
1.360803771493534
0.6961436317029185
1.4049889163492928
1.365555160365789
0.9946512494033639
1.2769587524037882
1.2646718154835677
0.6960846017483842
1.0656362447349288
1.2479236702571326
1.4003651228507623
1.1476085365522846
1.2985487009441492
1.0072450678936937
0.8651955556408717
1.28356925761978
0.8378935533863217
0.6286397322728547
1.4119093175989672
1.2510509291594683
0.9861610633069469
1.3166801716154903
1.3491291436622197
0.9046657073737383
1.405471544804591
1.1968519809660327
1.0865950226778873
1.1722297851256922
0.7364746196743254
1.043342118450362
1.0602343174096416
0.6363781025491339
1.2310920809488943
1.053254055946923
1.2903595602542848
1.1168777896952897
1.2258610197334021
1.420040079365004
0.874635421928381
1.2647285450533317
0.6979035314619282
0.9351920967178116
1.0209655488670957
1.2326458967671914
0.6823815187512723
1.2734803901682756
1.0515285417450764
0.9597332143658299
1.028155873628599
1.2023497207448204
1.3463374920792996
0.6944132597342915
1.3765935344995515
0.6192830391290602
0.6411024187887114
0.9122675777157507
0.8969186655331739
1.3445201333219192
1.2669790651591342
1.4242630958709377
0.6201503012712175
1.034902271734557
1.1291497125844587
1.2978247578113304
1.050348203984135
0.6175654838975725
0.9873130867062601
0.9483495209508073
1.3901532899740723
0.7187757843580039
1.2787217008231098
1.3569778725800794
0.6419320844802483
1.3948836600707404
0.5788082811533719
0.9160617858455244
1.0082054941179124
1.108177118310329
0.824764770808677
0.6409280214151036
0.6399808698955138
0.837838683207771
1.3369763292992065
0.9561369102947741
1.3612041182476393
1.4243853775502604
0.9446005018500632
0.7041594457253102
1.1750831465875011
1.0963459718097104
1.3184093592772346
1.1706200016139874
0.9069198984466181
1.0639640178695744
1.3025198659029809
0.8440767695154184
1.2058191620031415
0.6544790988904032
1.285477821773668
0.9440720337699737
1.1140661954567503
1.353511470295658
1.3028192828000111
1.2986211135844397
1.095070520199573
1.2610873613534468
1.3798126074413428
1.170443796969011
1.2583272506558754
1.301149672289856
0.6982920331112832
1.2435537513179864
0.9338617965597598
0.7361144210943975
1.237485158457061
0.9700813884240647
0.6099347976970637
1.2278829528235704
1.2614885347259301
0.8533233641901566
0.7453014125361932
1.0032346884812866
1.2747834682019277
0.6181077246821458
1.3099871662429967
0.7793144266067507
0.7627517938926031
1.2493510411803916
1.2342021856099674
0.7840610117277992
0.8667872765005729
0.9162111561719953
0.6297634577776399
1.084132885959237
0.8823933942429925
0.6062035901544849
0.6248221208647409
0.9123330459622246
0.9292966888994374
0.5847557973538792
1.4131833554772495
0.5912337014952079
1.366522366477772
0.66143159997451
0.9566311660568667
0.8688748951133307
0.6816929272816855
0.9328938513296916
1.3031181847526923
1.2106494054600463
1.2598629822199565
0.9604137502426922
1.0069018793536535
1.141480165171552
1.3266447073753378
1.0750887592599827
0.8255335998948922
0.9048370343775738
0.8081491776785407
1.127747406148539
0.9461389407583063
1.2325401633836315
1.0990371728465829
0.6424850135717696
1.1352221664203874
0.7141156362780086
0.8468504505444969
1.1814379132996238
1.110407067204779
0.6354261930460149
0.8911530068668281
0.590878652834189
0.6848501837033055
1.4125477547645273
0.6141202566254421
1.037676554073265
1.4128326583834612
0.9075470844852265
0.6812107716087391
1.3610454869326167
1.2601565194119795
1.3788479852525355
1.0127033957650997
0.7196312292644482
1.2404313578079376
1.3334220545670425
0.9594766061043143
1.4194623374111646
0.7479802277370661
1.0091422171444437
0.6261310180353413
1.294150072574902
1.0597848211927376
1.1706992592045393
1.4093987830003947
1.1112114982552592
1.2036939640883357
1.1709319970132197
1.3779902280838012
1.0976093288217805
1.0001449202799235
0.9557507286815345
1.1303968672536198
0.9206240666578749
0.9077770112532835
1.1096925509725346
0.8722249835171502
0.9574442213105907
1.0490120216384444
1.2969251343710861
0.6729879289221798
0.9531080084272923
1.023428849291492
1.1675478341354344
0.6047498735737
1.2844595194714885
0.5881534358743961
0.6187833765436748
1.224679871329672
1.0204993310632147
0.6791037062593016
0.7023303482529337
0.8172279956137761
0.9539178541675271
1.1185750538756984
0.8199230176154252
0.6673448892420746
0.9953900353393006
0.7135822353764241
0.6566985408470413
0.7023620414585838
0.605976096761181
0.9273021628723805
0.9531045712346218
1.0933670200575338
1.0552788693187867
1.0534579990290245
0.9721422515202488
1.1580416309562578
1.412158688953911
1.2922106819836725
1.1326961384575114
0.8069572424785068
0.8016214401320044
0.7003794169313314
1.3174394695206884
0.7911770093966162
1.2662089741608673
1.2995379729929297
0.625019200580756
1.339163383219169
0.9356682766767874
0.7710963246644268
1.167695717808192
1.378768375704499
0.8355526068959396
0.7279944361579411
0.6284070753449037
0.7183990312643986
1.1214000164019373
0.7572368240737785
1.0610487907846833
1.0992466680229311
0.7701910517909956
0.94617436414625
1.3346770685548224
1.3886927875969952
1.4123315733393778
1.007661518350697
0.7243162411989069
1.2027229318728005
1.188315944497157
0.8445462214006378
1.0254940157558072
0.9212633224053017
1.3802079345740434
0.618286342315219
1.24070094157971
1.011124019072454
1.068352328969159
1.0243311226997744
1.1903431998061371
1.026342867973753
1.163815406294363
1.39265893149074
1.2457656852955714
1.4227438914152377
0.8626480499143037
1.3848453220925478
0.7788090841900042
0.7362656207162298
1.2193813394497994
0.5887919335613657
0.6286969863041069
1.3191572995642644
1.2807273210869168
0.8681374865857011
0.8207716184764995
1.1133874047603087
1.3284501059668907
0.862323719618313
1.076211150897344
0.8526096040976587
0.9596427187213408
1.397510125561227
1.2982386316336516
0.8302243657324095
0.7455083296058648
0.835902629952623
0.646984396388456
1.3049596095783265
0.6380139006314907
0.814717654341497
0.7563670435664382
0.8313109591900883
0.7234787574269855
0.8009268208322311
0.9499846779288318
0.5818623376140568
0.7445457284757855
0.9813497612406511
0.5893584585388242
1.2988039243390503
1.372926112071831
1.315049380660521
0.7265659531578315
1.10358107346459
1.261583384440554
1.2806803668358344
1.217984515432589
0.6525770944653677
0.8595645228703015
0.9452006385655853
1.1038375878448947
0.6261308345747084
1.216006098865337
1.1973100132683336
0.7748711965401276
1.2041163561235162
0.5912038219049648
0.645216092518055
1.0785338913619071
1.396700886282193
0.9032034180842203
0.5933777804162698
0.9383991689365254
0.9284091672937453
1.1667050230606426
0.9070133735376604
1.2363788068208303
1.1793189717900479
0.6757510291870961
0.8261920508096534
1.2785344859663264
1.2677402323979698
1.2257537770775486
1.3855387493109677
0.9334691675971829
1.1512778223248548
1.3507255368425009
0.9438514807665087
1.3920004708058027
0.8980937306382808
1.177217681509811
0.9352312843407177
1.2854717232459616
1.068283304233218
1.1109959479959908
1.263490157219728
1.3226559048973132
1.2410559759157007
1.123688514962959
1.4214601129234228
1.418765654600995
1.2657711495730688
0.6188769585486499
1.1088635360767238
0.5724154023271241
0.7859415286964729
1.1417258787479885
0.9401040709622683
0.749875835612357
1.4026489635060904
1.1732405281081093
0.7808788881116416
0.855845559103274
1.4126238396630597
1.188482824588593
0.9092880367467535
1.4205510126562904
0.7558590994680818
0.7650800458971719
1.191728184210973
1.242129167715706
0.6112896535896398
0.6200044184609381
0.9608673246206891
0.849146377095158
1.2487499527392973
0.8769911842527021
0.991855213643669
0.6580424348845042
0.6698894130584412
0.7878626498669498
0.8028204166522791
1.0967333418492364
0.9653156434221561
0.6109971201682802
0.904222424038138
1.3202407268928602
0.8556783303010171
1.3771979653487054
1.190577543313612
1.3795993617922833
1.3462910653083484
0.6018585737726312
1.2700479650995238
1.1898581465827094
1.1429075592024494
0.9134754389173338
1.2163670231209252
0.7836873366710291
1.1473356702825506
0.7084444819773464
1.1934560917269867
0.6800613403392133
0.7389891950795399
1.3957146832545428
0.7896323690070525
1.1945705562067965
1.3041279225825333
0.777831445107926
0.6368669154971384
0.6572149970786192
1.2175508694761141
1.328791319279455
1.277841866844341
1.0375138096413383
0.5778961468061466
0.9216175054778344
1.0186410027042423
0.7932625605378335
0.7958244614294319
1.117809890689931
0.8258155570506593
1.3824262123747053
1.3815328164039014
0.8657801423010705
1.2171987460948501
1.1272428521743274
1.1417369826098638
1.0586339250085897
0.8414133584644616
1.109955125860666
1.400913326385605
1.1048012712441888
0.9144228382233667
1.042170191690268
0.8651706619169803
1.3028260410196602
0.7869433761678166
1.1160957639841895
1.3098181912210787
1.4157986765218291
0.9330184131902719
1.270253293903244
1.3007317863394818
1.130419340683996
0.6141660897024391
0.8550239395855753
0.9177960479365135
1.1590670426905951
0.697102445909766
0.6384835756437097
0.9765537275177665
0.5998598445993952
1.3728511184102297
0.6024799772809836
1.2175994567496213
0.9747225932217977
1.1451841605863553
0.7375058346310366
0.6774833766406518
1.2212969492662693
1.4054616155049067
1.0128031296008495
1.1838853752301215
0.8115278283236937
1.3321855856646327
1.1721045806643815
1.0369765713712824
0.8406108896787119
1.286276026877627
0.9136978643707181
1.2512235641133231
0.9582658561952219
1.316674117968259
0.7680264473266882
0.7205331320726774
1.0162729711948826
0.6370540305750356
1.0817643831421617
1.176640801474856
0.8078622329987951
0.8878359342956227
0.7938901009445689
1.127664342696252
1.2581861996956725
1.3320995337412436
1.0979046522526377
0.5850403868916787
0.6387362586606959
1.2358745246609413
0.7250130046283948
0.9765264778263122
1.1451810233800126
0.761487024644597
1.153031061290126
1.2522915748353436
0.6379492145300462
1.2449874874532694
1.4268986951548395
1.219057716431717
1.257636426000609
0.835495593593069
1.255079193352277
1.2170776567078958
1.0147548662499526
0.9695024744060254
1.1468246279982541
0.8251770395462591
1.2816344179396155
0.5839456417714647
1.4235432024763777
1.1917713838477186
1.252890319786037
0.9603166126760472
1.0015483090015698
1.1735541780148417
1.3273572746518694
0.6706694908981881
0.9566855944827047
0.721582475130845
1.1441953865389227
0.7389778839810186
0.7132133303307674
1.209863385397244
1.1776509266796513
1.1749438826397123
1.2314927896545873
0.6739270445057831
1.1122081731651856
1.091403297803242
1.2870861379648537
0.9224029699484132
1.1032690473885345
0.6718620451130217
1.26963203118417
0.7040589071013557
1.3493559060237512
0.6644945141437661
0.8580722925801105
1.1091240316587332
0.9282756716471339
1.3086723797858708
1.3886871798816318
0.7464969478238804
0.924234703033689
0.9857976877722163
1.1709455443146726
1.0559492057056268
1.0523629673187556
1.2817998615311494
0.5840358800939912
0.7230068963742091
1.371304544270347
0.9425048601293708
0.845947376384641
1.249490704783831
0.8463577160662086
1.0926340244770716
1.3252699043672307
0.6201029889926324
1.2522254268595494
1.2178234060908473
1.3015181306167234
1.2520783137533364
0.7044462194502861
1.2360863989316768
1.3241631818567956
1.361806454697308
0.9040656475920812
1.0601236189935457
0.7069225576676273
1.0824648553141165
0.9570364153356856
1.3912500375196264
1.3785815347165178
1.0015772005809997
0.8917284385670118
1.297185247199228
1.4042747054072637
1.1305480176183593
0.9957717050824426
0.8570795261554942
0.7251587747030372
1.1060032788797463
0.8140348328787914
0.7885955095302828
1.3916897990261123
1.054860356849063
1.4259134638613957
1.1316816464354613
0.6543863302513548
1.3265806529678588
1.1677755627096047
1.2064285659251868
0.7642652710066481
1.003529619696744
0.7554815158854311
1.3177361612599987
0.7382161605208911
1.0671801330477924
0.9461760460625492
0.6608590521261908
1.0704724146870233
0.8813481032095682
1.0661854394077734
1.2631425888990777
0.7767304135619161
0.9203741998912455
0.9248065880957614
1.2760739314940663
1.073487644142018
1.3303104158964645
1.3561742062073665
0.5839412219516543
0.9224194662287744
1.0999388867939122
0.869184087758168
0.6098369257410144
1.0703132988706945
0.8929665373209672
1.0244890666087492
1.2510444096331932
0.8506990990401124
1.3816309203633736
1.3260047884985435
1.2253640525840246
1.0523502443963006
0.9914498348031502
1.0281888817222147
1.3052192208699251
1.3562171224361088
0.8221842329357325
1.1338602483497915
1.1813380012940229
1.2192640937258923
0.9856303489469288
1.0883842931189533
0.7040632756273946
0.8680734916557789
1.3853736448648541
0.6742021972318498
0.6085520186646426
0.6270236250239206
0.95634852774137
0.7442349004502884
0.574433487496513
0.7273155926420882
0.9373046490437935
1.0014320639098238
1.0757768011284992
1.0963356860318374
0.6573980231784533
1.316404800960584
0.6112450127316377
1.2157306915232957
1.1074705638450428
1.1677432967231385
0.9179472709784738
1.339658558899261
1.2583007505257147
1.1444612266949268
0.6271912279862526
0.9881585262389161
1.07314689424417
1.2095455663620012
1.1169778475667762
0.9306434155493521
1.317725017009291
1.269317425924391
Running 200 simulations with 1 MPI ranks
Rank 0: 200 simulations
0.9121905638333307
1.2783541767487405
0.933190116599438
0.9519426387871133
0.5966910323484707
0.7301202921593257
1.2628958104436587
0.8030647833964075
1.235843357526801
0.7146776942248398
0.6548493648728927
0.7092546633347209
0.8718038983775515
0.8738663103739843
0.7760029429494233
1.0142466032355597
0.898655197535335
0.7098937289367494
0.9611658270751233
1.2688182167299464
0.6562462778653162
0.9942576754576179
0.7311045324829055
0.8339653987714812
1.1698257467239603
1.0717050172555993
1.2543522324141296
1.1967265464346226
1.2896930144199286
0.7926717586445011
0.8670083588163635
0.9835181994250843
1.4185160374426427
0.7753985632000975
0.9090820050357129
0.9063364182413898
0.7324027690362511
0.8723893212728766
0.5723255414033164
1.2347312009621487
1.4200697993687963
1.0479113166123957
0.998715856848134
1.1041902054415111
1.2913842545073888
Running 200 simulations with 1 MPI ranks
Rank 0: 200 simulations
1.2876516304702907
1.3611696877646704
0.8897769808043263
1.1759293263883768
1.075164880017579
Running 200 simulations with 1 MPI ranks
Rank 0: 200 simulations
0.6919254923581544
1.4276541974338088
0.6470375695581975
0.6830005183511897
0.6727201162548544
0.6009605138298957
0.8643066088015569
0.6396249052593014
1.104691255141623
1.038188651213038
1.1449959543565489
0.9575194164037013
1.254058501821007
1.369128445639406
Running 200 simulations with 1 MPI ranks
Rank 0: 200 simulations
t=91885  fraction=0.44000  peak_slope=1.602e-05  t_peak=45942  comparison cadence=91885  difference=0.44000  below=0/3
t=92883  fraction=0.45000  peak_slope=1.602e-05  t_peak=45942  comparison cadence=91885  difference=0.45000  below=0/3
t=93882  fraction=0.45500  peak_slope=1.602e-05  t_peak=45942  comparison cadence=91885  difference=0.45500  below=0/3
t=94881  fraction=0.45500  peak_slope=1.602e-05  t_peak=45942  comparison cadence=91885  difference=0.45500  below=0/3
t=95880  fraction=0.45500  peak_slope=1.602e-05  t_peak=45942  comparison cadence=91885  difference=0.45500  below=0/3
t=96878  fraction=0.45500  peak_slope=1.602e-05  t_peak=45942  comparison cadence=91885  difference=0.45500  below=0/3
t=97877  fraction=0.46000  peak_slope=1.602e-05  t_peak=45942  comparison cadence=91885  difference=0.46000  below=0/3
t=98876  fraction=0.46000  peak_slope=1.602e-05  t_peak=45942  comparison cadence=91885  difference=0.46000  below=0/3
t=99875  fraction=0.46000  peak_slope=1.602e-05  t_peak=45942  comparison cadence=91885  difference=0.46000  below=0/3
t=100873  fraction=0.47000  peak_slope=1.602e-05  t_peak=45942  comparison cadence=91885  difference=0.47000  below=0/3
t=101872  fraction=0.47500  peak_slope=1.602e-05  t_peak=45942  comparison cadence=91885  difference=0.47500  below=0/3
t=102871  fraction=0.48000  peak_slope=1.602e-05  t_peak=45942  comparison cadence=91885  difference=0.48000  below=0/3
t=103870  fraction=0.49500  peak_slope=1.602e-05  t_peak=45942  comparison cadence=91885  difference=0.49500  below=0/3
t=104868  fraction=0.49500  peak_slope=1.602e-05  t_peak=45942  comparison cadence=91885  difference=0.49500  below=0/3
t=105867  fraction=0.50000  peak_slope=1.602e-05  t_peak=45942  comparison cadence=91885  difference=0.50000  below=0/3
t=106866  fraction=0.50500  peak_slope=1.602e-05  t_peak=45942  comparison cadence=91885  difference=0.50500  below=0/3
t=107865  fraction=0.50500  peak_slope=1.602e-05  t_peak=45942  comparison cadence=91885  difference=0.50500  below=0/3
t=108863  fraction=0.50500  peak_slope=1.602e-05  t_peak=45942  comparison cadence=91885  difference=0.50500  below=0/3
t=109862  fraction=0.50500  peak_slope=1.602e-05  t_peak=45942  comparison cadence=91885  difference=0.50500  below=0/3
t=110861  fraction=0.51000  peak_slope=1.602e-05  t_peak=45942  comparison cadence=91885  difference=0.51000  below=0/3
t=111860  fraction=0.51500  peak_slope=1.602e-05  t_peak=45942  comparison cadence=91885  difference=0.51500  below=0/3
t=112858  fraction=0.53500  peak_slope=1.602e-05  t_peak=45942  comparison cadence=91885  difference=0.53500  below=0/3
t=113857  fraction=0.54000  peak_slope=1.602e-05  t_peak=45942  comparison cadence=91885  difference=0.54000  below=0/3
t=114856  fraction=0.54500  peak_slope=1.602e-05  t_peak=45942  comparison cadence=91885  difference=0.54500  below=0/3
t=115855  fraction=0.54500  peak_slope=1.602e-05  t_peak=45942  comparison cadence=91885  difference=0.54500  below=0/3
t=116853  fraction=0.54500  peak_slope=1.602e-05  t_peak=45942  comparison cadence=91885  difference=0.54500  below=0/3
t=117852  fraction=0.54500  peak_slope=1.602e-05  t_peak=45942  comparison cadence=91885  difference=0.54500  below=0/3
t=118851  fraction=0.54500  peak_slope=1.602e-05  t_peak=45942  comparison cadence=91885  difference=0.54500  below=0/3
t=119850  fraction=0.54500  peak_slope=1.602e-05  t_peak=45942  comparison cadence=91885  difference=0.54000  below=0/3
t=120848  fraction=0.55000  peak_slope=1.602e-05  t_peak=45942  comparison cadence=91885  difference=0.54500  below=0/3
t=121847  fraction=0.55500  peak_slope=1.602e-05  t_peak=45942  comparison cadence=91885  difference=0.55000  below=0/3
t=122846  fraction=0.55500  peak_slope=1.602e-05  t_peak=45942  comparison cadence=91885  difference=0.55000  below=0/3
t=123845  fraction=0.55500  peak_slope=1.602e-05  t_peak=45942  comparison cadence=91885  difference=0.55000  below=0/3
t=124843  fraction=0.55500  peak_slope=1.602e-05  t_peak=45942  comparison cadence=91885  difference=0.54000  below=0/3
t=125842  fraction=0.55500  peak_slope=1.602e-05  t_peak=45942  comparison cadence=91885  difference=0.54000  below=0/3
t=129837  fraction=0.57500  peak_slope=1.202e-05  t_peak=64919  comparison cadence=129837  difference=0.57500  below=0/3
t=126841  fraction=0.55500  peak_slope=1.602e-05  t_peak=45942  comparison cadence=91885  difference=0.53500  below=0/3
t=130836  fraction=0.57500  peak_slope=1.202e-05  t_peak=64919  comparison cadence=129837  difference=0.57500  below=0/3
t=127840  fraction=0.55500  peak_slope=1.602e-05  t_peak=45942  comparison cadence=91885  difference=0.53500  below=0/3
t=123845  fraction=0.56000  peak_slope=1.502e-05  t_peak=61922  comparison cadence=123845  difference=0.56000  below=0/3
t=131835  fraction=0.57500  peak_slope=1.202e-05  t_peak=64919  comparison cadence=129837  difference=0.57500  below=0/3
t=128838  fraction=0.55500  peak_slope=1.602e-05  t_peak=45942  comparison cadence=91885  difference=0.52500  below=0/3
t=124843  fraction=0.56000  peak_slope=1.502e-05  t_peak=61922  comparison cadence=123845  difference=0.56000  below=0/3
t=132833  fraction=0.57500  peak_slope=1.202e-05  t_peak=64919  comparison cadence=129837  difference=0.57500  below=0/3
t=129837  fraction=0.56000  peak_slope=1.602e-05  t_peak=45942  comparison cadence=91885  difference=0.52500  below=0/3
t=125842  fraction=0.56500  peak_slope=1.502e-05  t_peak=61922  comparison cadence=123845  difference=0.56500  below=0/3
t=133832  fraction=0.58000  peak_slope=1.202e-05  t_peak=64919  comparison cadence=129837  difference=0.58000  below=0/3
t=130836  fraction=0.56000  peak_slope=1.602e-05  t_peak=45942  comparison cadence=91885  difference=0.51500  below=0/3
t=126841  fraction=0.56500  peak_slope=1.502e-05  t_peak=61922  comparison cadence=123845  difference=0.56500  below=0/3
t=134831  fraction=0.58500  peak_slope=1.202e-05  t_peak=64919  comparison cadence=129837  difference=0.58500  below=0/3
t=131835  fraction=0.56000  peak_slope=1.602e-05  t_peak=45942  comparison cadence=91885  difference=0.51500  below=0/3
t=127840  fraction=0.56500  peak_slope=1.502e-05  t_peak=61922  comparison cadence=123845  difference=0.56500  below=0/3
t=135830  fraction=0.58500  peak_slope=1.202e-05  t_peak=64919  comparison cadence=129837  difference=0.58500  below=0/3
t=132833  fraction=0.56000  peak_slope=1.602e-05  t_peak=45942  comparison cadence=91885  difference=0.50500  below=0/3
t=128838  fraction=0.56500  peak_slope=1.502e-05  t_peak=61922  comparison cadence=123845  difference=0.56500  below=0/3
t=136828  fraction=0.59000  peak_slope=1.202e-05  t_peak=64919  comparison cadence=129837  difference=0.59000  below=0/3
t=133832  fraction=0.56000  peak_slope=1.602e-05  t_peak=45942  comparison cadence=91885  difference=0.50000  below=0/3
t=129837  fraction=0.57000  peak_slope=1.502e-05  t_peak=61922  comparison cadence=123845  difference=0.57000  below=0/3
t=137827  fraction=0.59000  peak_slope=1.202e-05  t_peak=64919  comparison cadence=129837  difference=0.59000  below=0/3
t=134831  fraction=0.56000  peak_slope=1.602e-05  t_peak=45942  comparison cadence=91885  difference=0.47500  below=0/3
t=130836  fraction=0.57000  peak_slope=1.502e-05  t_peak=61922  comparison cadence=123845  difference=0.57000  below=0/3
t=138826  fraction=0.59000  peak_slope=1.202e-05  t_peak=64919  comparison cadence=129837  difference=0.59000  below=0/3
t=135830  fraction=0.56000  peak_slope=1.602e-05  t_peak=45942  comparison cadence=91885  difference=0.45500  below=0/3
t=139824  fraction=0.59000  peak_slope=1.202e-05  t_peak=64919  comparison cadence=129837  difference=0.59000  below=0/3
t=131835  fraction=0.57500  peak_slope=1.502e-05  t_peak=61922  comparison cadence=123845  difference=0.57500  below=0/3
t=136828  fraction=0.56000  peak_slope=1.602e-05  t_peak=45942  comparison cadence=91885  difference=0.45000  below=0/3
t=140823  fraction=0.59000  peak_slope=1.202e-05  t_peak=64919  comparison cadence=129837  difference=0.59000  below=0/3
t=132833  fraction=0.57500  peak_slope=1.502e-05  t_peak=61922  comparison cadence=123845  difference=0.57500  below=0/3
t=137827  fraction=0.56000  peak_slope=1.602e-05  t_peak=45942  comparison cadence=91885  difference=0.42500  below=0/3
t=141822  fraction=0.59000  peak_slope=1.202e-05  t_peak=64919  comparison cadence=129837  difference=0.59000  below=0/3
t=133832  fraction=0.57500  peak_slope=1.502e-05  t_peak=61922  comparison cadence=123845  difference=0.57500  below=0/3
t=138826  fraction=0.56000  peak_slope=1.602e-05  t_peak=45942  comparison cadence=91885  difference=0.42000  below=0/3
t=142821  fraction=0.59500  peak_slope=1.202e-05  t_peak=64919  comparison cadence=129837  difference=0.59500  below=0/3
t=134831  fraction=0.57500  peak_slope=1.502e-05  t_peak=61922  comparison cadence=123845  difference=0.57500  below=0/3
t=139824  fraction=0.56500  peak_slope=1.602e-05  t_peak=45942  comparison cadence=91885  difference=0.41500  below=0/3
t=143819  fraction=0.59500  peak_slope=1.202e-05  t_peak=64919  comparison cadence=129837  difference=0.59500  below=0/3
t=135830  fraction=0.58000  peak_slope=1.502e-05  t_peak=61922  comparison cadence=123845  difference=0.58000  below=0/3
t=140823  fraction=0.57500  peak_slope=1.602e-05  t_peak=45942  comparison cadence=91885  difference=0.42500  below=0/3
t=144818  fraction=0.59500  peak_slope=1.202e-05  t_peak=64919  comparison cadence=129837  difference=0.59500  below=0/3
t=136828  fraction=0.58500  peak_slope=1.502e-05  t_peak=61922  comparison cadence=123845  difference=0.58500  below=0/3
t=141822  fraction=0.58000  peak_slope=1.602e-05  t_peak=45942  comparison cadence=91885  difference=0.43000  below=0/3
t=145817  fraction=0.59500  peak_slope=1.202e-05  t_peak=64919  comparison cadence=129837  difference=0.59500  below=0/3
t=142821  fraction=0.58000  peak_slope=1.602e-05  t_peak=45942  comparison cadence=91885  difference=0.42000  below=0/3
t=137827  fraction=0.58500  peak_slope=1.502e-05  t_peak=61922  comparison cadence=123845  difference=0.58500  below=0/3
t=146816  fraction=0.60000  peak_slope=1.202e-05  t_peak=64919  comparison cadence=129837  difference=0.60000  below=0/3
t=143819  fraction=0.58000  peak_slope=1.602e-05  t_peak=45942  comparison cadence=91885  difference=0.42000  below=0/3
t=138826  fraction=0.58500  peak_slope=1.502e-05  t_peak=61922  comparison cadence=123845  difference=0.58500  below=0/3
t=147814  fraction=0.60000  peak_slope=1.202e-05  t_peak=64919  comparison cadence=129837  difference=0.60000  below=0/3
t=144818  fraction=0.59000  peak_slope=1.602e-05  t_peak=45942  comparison cadence=91885  difference=0.42000  below=0/3
t=139824  fraction=0.59500  peak_slope=1.502e-05  t_peak=61922  comparison cadence=123845  difference=0.59500  below=0/3
t=148813  fraction=0.60000  peak_slope=1.202e-05  t_peak=64919  comparison cadence=129837  difference=0.60000  below=0/3
t=145817  fraction=0.59000  peak_slope=1.602e-05  t_peak=45942  comparison cadence=91885  difference=0.41500  below=0/3
t=140823  fraction=0.59500  peak_slope=1.502e-05  t_peak=61922  comparison cadence=123845  difference=0.59500  below=0/3
t=149812  fraction=0.60000  peak_slope=1.202e-05  t_peak=64919  comparison cadence=129837  difference=0.60000  below=0/3
t=146816  fraction=0.60000  peak_slope=1.602e-05  t_peak=45942  comparison cadence=91885  difference=0.41000  below=0/3
t=150811  fraction=0.60000  peak_slope=1.202e-05  t_peak=64919  comparison cadence=129837  difference=0.60000  below=0/3
t=141822  fraction=0.60000  peak_slope=1.502e-05  t_peak=61922  comparison cadence=123845  difference=0.60000  below=0/3
t=147814  fraction=0.60000  peak_slope=1.602e-05  t_peak=45942  comparison cadence=91885  difference=0.39000  below=0/3
t=151809  fraction=0.60000  peak_slope=1.202e-05  t_peak=64919  comparison cadence=129837  difference=0.60000  below=0/3
t=142821  fraction=0.60000  peak_slope=1.502e-05  t_peak=61922  comparison cadence=123845  difference=0.60000  below=0/3
t=148813  fraction=0.60500  peak_slope=1.602e-05  t_peak=45942  comparison cadence=91885  difference=0.38500  below=0/3
t=152808  fraction=0.60000  peak_slope=1.202e-05  t_peak=64919  comparison cadence=129837  difference=0.60000  below=0/3
t=143819  fraction=0.60000  peak_slope=1.502e-05  t_peak=61922  comparison cadence=123845  difference=0.60000  below=0/3
t=149812  fraction=0.60500  peak_slope=1.602e-05  t_peak=45942  comparison cadence=91885  difference=0.38000  below=0/3
t=153807  fraction=0.61000  peak_slope=1.202e-05  t_peak=64919  comparison cadence=129837  difference=0.61000  below=0/3
t=144818  fraction=0.60000  peak_slope=1.502e-05  t_peak=61922  comparison cadence=123845  difference=0.60000  below=0/3
t=150811  fraction=0.60500  peak_slope=1.602e-05  t_peak=45942  comparison cadence=91885  difference=0.38000  below=0/3
t=154806  fraction=0.61000  peak_slope=1.202e-05  t_peak=64919  comparison cadence=129837  difference=0.61000  below=0/3
t=145817  fraction=0.60000  peak_slope=1.502e-05  t_peak=61922  comparison cadence=123845  difference=0.60000  below=0/3
t=151809  fraction=0.60500  peak_slope=1.602e-05  t_peak=45942  comparison cadence=91885  difference=0.38000  below=0/3
t=155804  fraction=0.61000  peak_slope=1.202e-05  t_peak=64919  comparison cadence=129837  difference=0.61000  below=0/3
t=146816  fraction=0.60000  peak_slope=1.502e-05  t_peak=61922  comparison cadence=123845  difference=0.60000  below=0/3
t=152808  fraction=0.60500  peak_slope=1.602e-05  t_peak=45942  comparison cadence=91885  difference=0.37000  below=0/3
t=156803  fraction=0.61000  peak_slope=1.202e-05  t_peak=64919  comparison cadence=129837  difference=0.61000  below=0/3
t=153807  fraction=0.60500  peak_slope=1.602e-05  t_peak=45942  comparison cadence=91885  difference=0.36000  below=0/3
t=147814  fraction=0.60000  peak_slope=1.502e-05  t_peak=61922  comparison cadence=123845  difference=0.60000  below=0/3
t=157802  fraction=0.61000  peak_slope=1.202e-05  t_peak=64919  comparison cadence=129837  difference=0.61000  below=0/3
t=154806  fraction=0.60500  peak_slope=1.602e-05  t_peak=45942  comparison cadence=91885  difference=0.35500  below=0/3
t=148813  fraction=0.60000  peak_slope=1.502e-05  t_peak=61922  comparison cadence=123845  difference=0.60000  below=0/3
t=158801  fraction=0.61000  peak_slope=1.202e-05  t_peak=64919  comparison cadence=129837  difference=0.61000  below=0/3
t=155804  fraction=0.60500  peak_slope=1.602e-05  t_peak=45942  comparison cadence=91885  difference=0.35000  below=0/3
t=149812  fraction=0.60500  peak_slope=1.502e-05  t_peak=61922  comparison cadence=123845  difference=0.60500  below=0/3
t=159799  fraction=0.61500  peak_slope=1.202e-05  t_peak=64919  comparison cadence=129837  difference=0.61500  below=0/3
t=156803  fraction=0.60500  peak_slope=1.602e-05  t_peak=45942  comparison cadence=91885  difference=0.34000  below=0/3
t=150811  fraction=0.60500  peak_slope=1.502e-05  t_peak=61922  comparison cadence=123845  difference=0.60500  below=0/3
t=160798  fraction=0.62000  peak_slope=1.202e-05  t_peak=64919  comparison cadence=129837  difference=0.62000  below=0/3
t=133832  fraction=0.54000  peak_slope=1.402e-05  t_peak=66916  comparison cadence=133832  difference=0.54000  below=0/3
t=157802  fraction=0.60500  peak_slope=1.602e-05  t_peak=45942  comparison cadence=91885  difference=0.33500  below=0/3
t=161797  fraction=0.62000  peak_slope=1.202e-05  t_peak=64919  comparison cadence=129837  difference=0.62000  below=0/3
t=151809  fraction=0.60500  peak_slope=1.502e-05  t_peak=61922  comparison cadence=123845  difference=0.60500  below=0/3
t=134831  fraction=0.54000  peak_slope=1.402e-05  t_peak=66916  comparison cadence=133832  difference=0.54000  below=0/3
t=158801  fraction=0.60500  peak_slope=1.602e-05  t_peak=45942  comparison cadence=91885  difference=0.31500  below=0/3
t=162796  fraction=0.62000  peak_slope=1.202e-05  t_peak=64919  comparison cadence=129837  difference=0.62000  below=0/3
t=152808  fraction=0.60500  peak_slope=1.502e-05  t_peak=61922  comparison cadence=123845  difference=0.60500  below=0/3
t=135830  fraction=0.54000  peak_slope=1.402e-05  t_peak=66916  comparison cadence=133832  difference=0.54000  below=0/3
t=159799  fraction=0.60500  peak_slope=1.602e-05  t_peak=45942  comparison cadence=91885  difference=0.30000  below=0/3
t=163794  fraction=0.62000  peak_slope=1.202e-05  t_peak=64919  comparison cadence=129837  difference=0.62000  below=0/3
t=153807  fraction=0.60500  peak_slope=1.502e-05  t_peak=61922  comparison cadence=123845  difference=0.60500  below=0/3
t=160798  fraction=0.60500  peak_slope=1.602e-05  t_peak=45942  comparison cadence=91885  difference=0.30000  below=0/3
t=136828  fraction=0.54000  peak_slope=1.402e-05  t_peak=66916  comparison cadence=133832  difference=0.54000  below=0/3
t=164793  fraction=0.62000  peak_slope=1.202e-05  t_peak=64919  comparison cadence=129837  difference=0.61500  below=0/3
t=154806  fraction=0.60500  peak_slope=1.502e-05  t_peak=61922  comparison cadence=123845  difference=0.60500  below=0/3
t=161797  fraction=0.60500  peak_slope=1.602e-05  t_peak=45942  comparison cadence=91885  difference=0.29500  below=0/3
t=137827  fraction=0.55000  peak_slope=1.402e-05  t_peak=66916  comparison cadence=133832  difference=0.55000  below=0/3
t=165792  fraction=0.62000  peak_slope=1.202e-05  t_peak=64919  comparison cadence=129837  difference=0.61500  below=0/3
t=155804  fraction=0.60500  peak_slope=1.502e-05  t_peak=61922  comparison cadence=123845  difference=0.60500  below=0/3
t=162796  fraction=0.61000  peak_slope=1.602e-05  t_peak=45942  comparison cadence=91885  difference=0.30000  below=0/3
t=166791  fraction=0.62000  peak_slope=1.202e-05  t_peak=64919  comparison cadence=129837  difference=0.61000  below=0/3
t=138826  fraction=0.55500  peak_slope=1.402e-05  t_peak=66916  comparison cadence=133832  difference=0.55500  below=0/3
t=156803  fraction=0.61500  peak_slope=1.502e-05  t_peak=61922  comparison cadence=123845  difference=0.61500  below=0/3
t=163794  fraction=0.61000  peak_slope=1.602e-05  t_peak=45942  comparison cadence=91885  difference=0.30000  below=0/3
t=167789  fraction=0.62000  peak_slope=1.202e-05  t_peak=64919  comparison cadence=129837  difference=0.59000  below=0/3
t=139824  fraction=0.56000  peak_slope=1.402e-05  t_peak=66916  comparison cadence=133832  difference=0.56000  below=0/3
t=157802  fraction=0.61500  peak_slope=1.502e-05  t_peak=61922  comparison cadence=123845  difference=0.60500  below=0/3
t=164793  fraction=0.61000  peak_slope=1.602e-05  t_peak=45942  comparison cadence=91885  difference=0.29500  below=0/3
t=168788  fraction=0.62000  peak_slope=1.202e-05  t_peak=64919  comparison cadence=129837  difference=0.59000  below=0/3
t=140823  fraction=0.56000  peak_slope=1.402e-05  t_peak=66916  comparison cadence=133832  difference=0.56000  below=0/3
t=158801  fraction=0.62000  peak_slope=1.502e-05  t_peak=61922  comparison cadence=123845  difference=0.61000  below=0/3
t=165792  fraction=0.61000  peak_slope=1.602e-05  t_peak=45942  comparison cadence=91885  difference=0.29500  below=0/3
t=169787  fraction=0.62000  peak_slope=1.202e-05  t_peak=64919  comparison cadence=129837  difference=0.57500  below=0/3
t=141822  fraction=0.56000  peak_slope=1.402e-05  t_peak=66916  comparison cadence=133832  difference=0.56000  below=0/3
t=166791  fraction=0.61000  peak_slope=1.602e-05  t_peak=45942  comparison cadence=91885  difference=0.28500  below=0/3
t=159799  fraction=0.62000  peak_slope=1.502e-05  t_peak=61922  comparison cadence=123845  difference=0.61000  below=0/3
t=170786  fraction=0.62000  peak_slope=1.202e-05  t_peak=64919  comparison cadence=129837  difference=0.57000  below=0/3
t=142821  fraction=0.56000  peak_slope=1.402e-05  t_peak=66916  comparison cadence=133832  difference=0.56000  below=0/3
t=167789  fraction=0.61500  peak_slope=1.602e-05  t_peak=45942  comparison cadence=91885  difference=0.28500  below=0/3
t=160798  fraction=0.62000  peak_slope=1.502e-05  t_peak=61922  comparison cadence=123845  difference=0.59500  below=0/3
t=171784  fraction=0.62000  peak_slope=1.202e-05  t_peak=64919  comparison cadence=129837  difference=0.56000  below=0/3
t=168788  fraction=0.62000  peak_slope=1.602e-05  t_peak=45942  comparison cadence=91885  difference=0.28000  below=0/3
t=143819  fraction=0.56000  peak_slope=1.402e-05  t_peak=66916  comparison cadence=133832  difference=0.56000  below=0/3
t=161797  fraction=0.62000  peak_slope=1.502e-05  t_peak=61922  comparison cadence=123845  difference=0.58500  below=0/3
t=172783  fraction=0.62000  peak_slope=1.202e-05  t_peak=64919  comparison cadence=129837  difference=0.56000  below=0/3
t=169787  fraction=0.62000  peak_slope=1.602e-05  t_peak=45942  comparison cadence=91885  difference=0.26500  below=0/3
t=162796  fraction=0.63000  peak_slope=1.502e-05  t_peak=61922  comparison cadence=123845  difference=0.59000  below=0/3
t=144818  fraction=0.57000  peak_slope=1.402e-05  t_peak=66916  comparison cadence=133832  difference=0.57000  below=0/3
t=173782  fraction=0.62000  peak_slope=1.202e-05  t_peak=64919  comparison cadence=129837  difference=0.55000  below=0/3
t=170786  fraction=0.62000  peak_slope=1.602e-05  t_peak=45942  comparison cadence=91885  difference=0.25500  below=0/3
t=163794  fraction=0.63000  peak_slope=1.502e-05  t_peak=61922  comparison cadence=123845  difference=0.58500  below=0/3
t=174781  fraction=0.62000  peak_slope=1.202e-05  t_peak=64919  comparison cadence=129837  difference=0.53500  below=0/3
t=145817  fraction=0.57500  peak_slope=1.402e-05  t_peak=66916  comparison cadence=133832  difference=0.57500  below=0/3
t=171784  fraction=0.62500  peak_slope=1.602e-05  t_peak=45942  comparison cadence=91885  difference=0.25500  below=0/3
t=175779  fraction=0.62000  peak_slope=1.202e-05  t_peak=64919  comparison cadence=129837  difference=0.52000  below=0/3
t=164793  fraction=0.63000  peak_slope=1.502e-05  t_peak=61922  comparison cadence=123845  difference=0.58000  below=0/3
t=146816  fraction=0.57500  peak_slope=1.402e-05  t_peak=66916  comparison cadence=133832  difference=0.57500  below=0/3
t=172783  fraction=0.63000  peak_slope=1.602e-05  t_peak=45942  comparison cadence=91885  difference=0.25500  below=0/3
t=176778  fraction=0.62000  peak_slope=1.202e-05  t_peak=64919  comparison cadence=129837  difference=0.52000  below=0/3
t=165792  fraction=0.63000  peak_slope=1.502e-05  t_peak=61922  comparison cadence=123845  difference=0.58000  below=0/3
t=147814  fraction=0.57500  peak_slope=1.402e-05  t_peak=66916  comparison cadence=133832  difference=0.57500  below=0/3
t=173782  fraction=0.63000  peak_slope=1.602e-05  t_peak=45942  comparison cadence=91885  difference=0.25500  below=0/3
t=177777  fraction=0.62000  peak_slope=1.202e-05  t_peak=64919  comparison cadence=129837  difference=0.51500  below=0/3
t=166791  fraction=0.63000  peak_slope=1.502e-05  t_peak=61922  comparison cadence=123845  difference=0.57500  below=0/3
t=148813  fraction=0.57500  peak_slope=1.402e-05  t_peak=66916  comparison cadence=133832  difference=0.57500  below=0/3
t=174781  fraction=0.63000  peak_slope=1.602e-05  t_peak=45942  comparison cadence=91885  difference=0.24500  below=0/3
t=178776  fraction=0.62500  peak_slope=1.202e-05  t_peak=64919  comparison cadence=129837  difference=0.51500  below=0/3
t=167789  fraction=0.63500  peak_slope=1.502e-05  t_peak=61922  comparison cadence=123845  difference=0.56500  below=0/3
t=149812  fraction=0.58000  peak_slope=1.402e-05  t_peak=66916  comparison cadence=133832  difference=0.58000  below=0/3
t=179774  fraction=0.63000  peak_slope=1.202e-05  t_peak=64919  comparison cadence=129837  difference=0.51000  below=0/3
t=175779  fraction=0.63000  peak_slope=1.602e-05  t_peak=45942  comparison cadence=91885  difference=0.24000  below=0/3
t=168788  fraction=0.63500  peak_slope=1.502e-05  t_peak=61922  comparison cadence=123845  difference=0.56000  below=0/3
t=150811  fraction=0.58000  peak_slope=1.402e-05  t_peak=66916  comparison cadence=133832  difference=0.58000  below=0/3
t=180773  fraction=0.63500  peak_slope=1.202e-05  t_peak=64919  comparison cadence=129837  difference=0.50500  below=0/3
t=176778  fraction=0.63000  peak_slope=1.602e-05  t_peak=45942  comparison cadence=91885  difference=0.23500  below=0/3
t=169787  fraction=0.63500  peak_slope=1.502e-05  t_peak=61922  comparison cadence=123845  difference=0.55000  below=0/3
t=181772  fraction=0.63500  peak_slope=1.202e-05  t_peak=64919  comparison cadence=129837  difference=0.50000  below=0/3
t=177777  fraction=0.63000  peak_slope=1.602e-05  t_peak=45942  comparison cadence=91885  difference=0.22000  below=0/3
t=151809  fraction=0.58500  peak_slope=1.402e-05  t_peak=66916  comparison cadence=133832  difference=0.58500  below=0/3
t=170786  fraction=0.63500  peak_slope=1.502e-05  t_peak=61922  comparison cadence=123845  difference=0.53500  below=0/3
t=182771  fraction=0.63500  peak_slope=1.202e-05  t_peak=64919  comparison cadence=129837  difference=0.48000  below=0/3
t=178776  fraction=0.63000  peak_slope=1.602e-05  t_peak=45942  comparison cadence=91885  difference=0.21500  below=0/3
t=152808  fraction=0.58500  peak_slope=1.402e-05  t_peak=66916  comparison cadence=133832  difference=0.58500  below=0/3
t=171784  fraction=0.63500  peak_slope=1.502e-05  t_peak=61922  comparison cadence=123845  difference=0.53000  below=0/3
t=183769  fraction=0.63500  peak_slope=1.202e-05  t_peak=64919  comparison cadence=129837  difference=0.48000  below=0/3
t=179774  fraction=0.63000  peak_slope=1.602e-05  t_peak=45942  comparison cadence=91885  difference=0.21500  below=0/3
t=153807  fraction=0.58500  peak_slope=1.402e-05  t_peak=66916  comparison cadence=133832  difference=0.58500  below=0/3
t=172783  fraction=0.63500  peak_slope=1.502e-05  t_peak=61922  comparison cadence=123845  difference=0.52500  below=0/3
t=184768  fraction=0.63500  peak_slope=1.202e-05  t_peak=64919  comparison cadence=129837  difference=0.46500  below=0/3
t=180773  fraction=0.63000  peak_slope=1.602e-05  t_peak=45942  comparison cadence=91885  difference=0.21500  below=0/3
t=154806  fraction=0.59000  peak_slope=1.402e-05  t_peak=66916  comparison cadence=133832  difference=0.59000  below=0/3
t=173782  fraction=0.63500  peak_slope=1.502e-05  t_peak=61922  comparison cadence=123845  difference=0.51500  below=0/3
t=185767  fraction=0.64000  peak_slope=1.202e-05  t_peak=64919  comparison cadence=129837  difference=0.46500  below=0/3
t=181772  fraction=0.63000  peak_slope=1.602e-05  t_peak=45942  comparison cadence=91885  difference=0.20500  below=0/3
t=155804  fraction=0.59000  peak_slope=1.402e-05  t_peak=66916  comparison cadence=133832  difference=0.59000  below=0/3
t=174781  fraction=0.63500  peak_slope=1.502e-05  t_peak=61922  comparison cadence=123845  difference=0.50000  below=0/3
t=186766  fraction=0.64000  peak_slope=1.202e-05  t_peak=64919  comparison cadence=129837  difference=0.46000  below=0/3
t=182771  fraction=0.63000  peak_slope=1.602e-05  t_peak=45942  comparison cadence=91885  difference=0.20000  below=0/3
t=187764  fraction=0.64000  peak_slope=1.202e-05  t_peak=64919  comparison cadence=129837  difference=0.44500  below=0/3
t=156803  fraction=0.59000  peak_slope=1.402e-05  t_peak=66916  comparison cadence=133832  difference=0.59000  below=0/3
t=175779  fraction=0.63500  peak_slope=1.502e-05  t_peak=61922  comparison cadence=123845  difference=0.49500  below=0/3
t=183769  fraction=0.63000  peak_slope=1.602e-05  t_peak=45942  comparison cadence=91885  difference=0.19000  below=0/3
t=188763  fraction=0.64500  peak_slope=1.202e-05  t_peak=64919  comparison cadence=129837  difference=0.45000  below=0/3
t=176778  fraction=0.63500  peak_slope=1.502e-05  t_peak=61922  comparison cadence=123845  difference=0.49000  below=0/3
t=157802  fraction=0.59000  peak_slope=1.402e-05  t_peak=66916  comparison cadence=133832  difference=0.59000  below=0/3
t=184768  fraction=0.63000  peak_slope=1.602e-05  t_peak=45942  comparison cadence=91885  difference=0.18000  below=0/3
t=189762  fraction=0.64500  peak_slope=1.202e-05  t_peak=64919  comparison cadence=129837  difference=0.44000  below=0/3
t=177777  fraction=0.63500  peak_slope=1.502e-05  t_peak=61922  comparison cadence=123845  difference=0.48500  below=0/3
t=158801  fraction=0.59500  peak_slope=1.402e-05  t_peak=66916  comparison cadence=133832  difference=0.59500  below=0/3
t=185767  fraction=0.63000  peak_slope=1.602e-05  t_peak=45942  comparison cadence=91885  difference=0.17500  below=0/3
t=190761  fraction=0.64500  peak_slope=1.202e-05  t_peak=64919  comparison cadence=129837  difference=0.43000  below=0/3
t=178776  fraction=0.63500  peak_slope=1.502e-05  t_peak=61922  comparison cadence=123845  difference=0.47500  below=0/3
t=186766  fraction=0.63000  peak_slope=1.602e-05  t_peak=45942  comparison cadence=91885  difference=0.17500  below=0/3
t=159799  fraction=0.60000  peak_slope=1.402e-05  t_peak=66916  comparison cadence=133832  difference=0.60000  below=0/3
t=191759  fraction=0.64500  peak_slope=1.202e-05  t_peak=64919  comparison cadence=129837  difference=0.42000  below=0/3
t=187764  fraction=0.63000  peak_slope=1.602e-05  t_peak=45942  comparison cadence=91885  difference=0.17500  below=0/3
t=179774  fraction=0.64000  peak_slope=1.502e-05  t_peak=61922  comparison cadence=123845  difference=0.47500  below=0/3
t=160798  fraction=0.60000  peak_slope=1.402e-05  t_peak=66916  comparison cadence=133832  difference=0.60000  below=0/3
t=192758  fraction=0.65000  peak_slope=1.202e-05  t_peak=64919  comparison cadence=129837  difference=0.42000  below=0/3
t=188763  fraction=0.63000  peak_slope=1.602e-05  t_peak=45942  comparison cadence=91885  difference=0.17500  below=0/3
t=180773  fraction=0.64000  peak_slope=1.502e-05  t_peak=61922  comparison cadence=123845  difference=0.47000  below=0/3
t=161797  fraction=0.60000  peak_slope=1.402e-05  t_peak=66916  comparison cadence=133832  difference=0.60000  below=0/3
t=193757  fraction=0.65000  peak_slope=1.202e-05  t_peak=64919  comparison cadence=129837  difference=0.39500  below=0/3
t=189762  fraction=0.63000  peak_slope=1.602e-05  t_peak=45942  comparison cadence=91885  difference=0.17000  below=0/3
t=181772  fraction=0.64000  peak_slope=1.502e-05  t_peak=61922  comparison cadence=123845  difference=0.44500  below=0/3
t=162796  fraction=0.60000  peak_slope=1.402e-05  t_peak=66916  comparison cadence=133832  difference=0.60000  below=0/3
t=194756  fraction=0.65000  peak_slope=1.202e-05  t_peak=64919  comparison cadence=129837  difference=0.38500  below=0/3
t=190761  fraction=0.63000  peak_slope=1.602e-05  t_peak=45942  comparison cadence=91885  difference=0.17000  below=0/3
t=182771  fraction=0.64000  peak_slope=1.502e-05  t_peak=61922  comparison cadence=123845  difference=0.43500  below=0/3
t=195754  fraction=0.65000  peak_slope=1.202e-05  t_peak=64919  comparison cadence=129837  difference=0.38000  below=0/3
t=163794  fraction=0.60000  peak_slope=1.402e-05  t_peak=66916  comparison cadence=133832  difference=0.60000  below=0/3
t=191759  fraction=0.63500  peak_slope=1.602e-05  t_peak=45942  comparison cadence=91885  difference=0.17500  below=0/3
t=183769  fraction=0.64000  peak_slope=1.502e-05  t_peak=61922  comparison cadence=123845  difference=0.42000  below=0/3
t=196753  fraction=0.65000  peak_slope=1.202e-05  t_peak=64919  comparison cadence=129837  difference=0.38000  below=0/3
t=164793  fraction=0.60000  peak_slope=1.402e-05  t_peak=66916  comparison cadence=133832  difference=0.60000  below=0/3
t=192758  fraction=0.64000  peak_slope=1.602e-05  t_peak=45942  comparison cadence=91885  difference=0.17000  below=0/3
t=184768  fraction=0.64000  peak_slope=1.502e-05  t_peak=61922  comparison cadence=123845  difference=0.41500  below=0/3
t=197752  fraction=0.65000  peak_slope=1.202e-05  t_peak=64919  comparison cadence=129837  difference=0.37000  below=0/3
t=165792  fraction=0.60500  peak_slope=1.402e-05  t_peak=66916  comparison cadence=133832  difference=0.60500  below=0/3
t=193757  fraction=0.65000  peak_slope=1.602e-05  t_peak=45942  comparison cadence=91885  difference=0.17500  below=0/3
t=185767  fraction=0.64000  peak_slope=1.502e-05  t_peak=61922  comparison cadence=123845  difference=0.39500  below=0/3
t=198751  fraction=0.65000  peak_slope=1.202e-05  t_peak=64919  comparison cadence=129837  difference=0.37000  below=0/3
t=166791  fraction=0.60500  peak_slope=1.402e-05  t_peak=66916  comparison cadence=133832  difference=0.59500  below=0/3
t=194756  fraction=0.65000  peak_slope=1.602e-05  t_peak=45942  comparison cadence=91885  difference=0.17000  below=0/3
t=199749  fraction=0.65000  peak_slope=1.202e-05  t_peak=64919  comparison cadence=129837  difference=0.36500  below=0/3
t=186766  fraction=0.64500  peak_slope=1.502e-05  t_peak=61922  comparison cadence=123845  difference=0.39500  below=0/3
t=167789  fraction=0.60500  peak_slope=1.402e-05  t_peak=66916  comparison cadence=133832  difference=0.59500  below=0/3
t=195754  fraction=0.65500  peak_slope=1.602e-05  t_peak=45942  comparison cadence=91885  difference=0.16000  below=0/3
t=200748  fraction=0.65000  peak_slope=1.202e-05  t_peak=64919  comparison cadence=129837  difference=0.35500  below=0/3
t=187764  fraction=0.64500  peak_slope=1.502e-05  t_peak=61922  comparison cadence=123845  difference=0.39000  below=0/3
t=196753  fraction=0.65500  peak_slope=1.602e-05  t_peak=45942  comparison cadence=91885  difference=0.16000  below=0/3
t=168788  fraction=0.61000  peak_slope=1.402e-05  t_peak=66916  comparison cadence=133832  difference=0.60000  below=0/3
t=201747  fraction=0.65000  peak_slope=1.202e-05  t_peak=64919  comparison cadence=129837  difference=0.35000  below=0/3
t=188763  fraction=0.64500  peak_slope=1.502e-05  t_peak=61922  comparison cadence=123845  difference=0.39000  below=0/3
t=197752  fraction=0.65500  peak_slope=1.602e-05  t_peak=45942  comparison cadence=91885  difference=0.15500  below=0/3
t=169787  fraction=0.61000  peak_slope=1.402e-05  t_peak=66916  comparison cadence=133832  difference=0.60000  below=0/3
t=202746  fraction=0.65000  peak_slope=1.202e-05  t_peak=64919  comparison cadence=129837  difference=0.33500  below=0/3
t=189762  fraction=0.65000  peak_slope=1.502e-05  t_peak=61922  comparison cadence=123845  difference=0.38500  below=0/3
t=198751  fraction=0.65500  peak_slope=1.602e-05  t_peak=45942  comparison cadence=91885  difference=0.15000  below=0/3
t=203744  fraction=0.65000  peak_slope=1.202e-05  t_peak=64919  comparison cadence=129837  difference=0.32500  below=0/3
t=170786  fraction=0.61000  peak_slope=1.402e-05  t_peak=66916  comparison cadence=133832  difference=0.59500  below=0/3
t=190761  fraction=0.65000  peak_slope=1.502e-05  t_peak=61922  comparison cadence=123845  difference=0.38000  below=0/3
t=199749  fraction=0.66000  peak_slope=1.602e-05  t_peak=45942  comparison cadence=91885  difference=0.15500  below=0/3
t=204743  fraction=0.65500  peak_slope=1.202e-05  t_peak=64919  comparison cadence=129837  difference=0.32000  below=0/3
t=171784  fraction=0.61000  peak_slope=1.402e-05  t_peak=66916  comparison cadence=133832  difference=0.59000  below=0/3
t=191759  fraction=0.65500  peak_slope=1.502e-05  t_peak=61922  comparison cadence=123845  difference=0.37000  below=0/3
t=200748  fraction=0.66000  peak_slope=1.602e-05  t_peak=45942  comparison cadence=91885  difference=0.15500  below=0/3
t=205742  fraction=0.65500  peak_slope=1.202e-05  t_peak=64919  comparison cadence=129837  difference=0.31000  below=0/3
t=172783  fraction=0.61500  peak_slope=1.402e-05  t_peak=66916  comparison cadence=133832  difference=0.59000  below=0/3
t=192758  fraction=0.65500  peak_slope=1.502e-05  t_peak=61922  comparison cadence=123845  difference=0.36500  below=0/3
t=201747  fraction=0.66000  peak_slope=1.602e-05  t_peak=45942  comparison cadence=91885  difference=0.15500  below=0/3
t=206741  fraction=0.65500  peak_slope=1.202e-05  t_peak=64919  comparison cadence=129837  difference=0.31000  below=0/3
t=173782  fraction=0.62000  peak_slope=1.402e-05  t_peak=66916  comparison cadence=133832  difference=0.59500  below=0/3
t=193757  fraction=0.65500  peak_slope=1.502e-05  t_peak=61922  comparison cadence=123845  difference=0.35500  below=0/3
t=202746  fraction=0.66500  peak_slope=1.602e-05  t_peak=45942  comparison cadence=91885  difference=0.15500  below=0/3
t=207739  fraction=0.65500  peak_slope=1.202e-05  t_peak=64919  comparison cadence=129837  difference=0.30000  below=0/3
t=174781  fraction=0.62000  peak_slope=1.402e-05  t_peak=66916  comparison cadence=133832  difference=0.59000  below=0/3
t=194756  fraction=0.65500  peak_slope=1.502e-05  t_peak=61922  comparison cadence=123845  difference=0.35000  below=0/3
t=203744  fraction=0.66500  peak_slope=1.602e-05  t_peak=45942  comparison cadence=91885  difference=0.15000  below=0/3
t=208738  fraction=0.65500  peak_slope=1.202e-05  t_peak=64919  comparison cadence=129837  difference=0.29000  below=0/3
t=175779  fraction=0.62000  peak_slope=1.402e-05  t_peak=66916  comparison cadence=133832  difference=0.58500  below=0/3
t=204743  fraction=0.66500  peak_slope=1.602e-05  t_peak=45942  comparison cadence=91885  difference=0.13000  below=0/3
t=195754  fraction=0.65500  peak_slope=1.502e-05  t_peak=61922  comparison cadence=123845  difference=0.35000  below=0/3
t=209737  fraction=0.65500  peak_slope=1.202e-05  t_peak=64919  comparison cadence=129837  difference=0.29000  below=0/3
t=205742  fraction=0.66500  peak_slope=1.602e-05  t_peak=45942  comparison cadence=91885  difference=0.12500  below=0/3
t=176778  fraction=0.62000  peak_slope=1.402e-05  t_peak=66916  comparison cadence=133832  difference=0.58500  below=0/3
t=210735  fraction=0.65500  peak_slope=1.202e-05  t_peak=64919  comparison cadence=129837  difference=0.28000  below=0/3
t=196753  fraction=0.65500  peak_slope=1.502e-05  t_peak=61922  comparison cadence=123845  difference=0.33500  below=0/3
t=206741  fraction=0.67000  peak_slope=1.602e-05  t_peak=45942  comparison cadence=91885  difference=0.12500  below=0/3
t=211734  fraction=0.65500  peak_slope=1.202e-05  t_peak=64919  comparison cadence=129837  difference=0.26500  below=0/3
t=177777  fraction=0.62000  peak_slope=1.402e-05  t_peak=66916  comparison cadence=133832  difference=0.57500  below=0/3
t=197752  fraction=0.65500  peak_slope=1.502e-05  t_peak=61922  comparison cadence=123845  difference=0.33000  below=0/3
t=207739  fraction=0.67000  peak_slope=1.602e-05  t_peak=45942  comparison cadence=91885  difference=0.12500  below=0/3
t=212733  fraction=0.65500  peak_slope=1.202e-05  t_peak=64919  comparison cadence=129837  difference=0.26000  below=0/3
t=178776  fraction=0.62000  peak_slope=1.402e-05  t_peak=66916  comparison cadence=133832  difference=0.56000  below=0/3
t=198751  fraction=0.66000  peak_slope=1.502e-05  t_peak=61922  comparison cadence=123845  difference=0.32500  below=0/3
t=213732  fraction=0.65500  peak_slope=1.202e-05  t_peak=64919  comparison cadence=129837  difference=0.26000  below=0/3
t=208738  fraction=0.67500  peak_slope=1.602e-05  t_peak=45942  comparison cadence=91885  difference=0.13000  below=0/3
t=199749  fraction=0.66000  peak_slope=1.502e-05  t_peak=61922  comparison cadence=123845  difference=0.32000  below=0/3
t=179774  fraction=0.62000  peak_slope=1.402e-05  t_peak=66916  comparison cadence=133832  difference=0.55500  below=0/3
t=214730  fraction=0.65500  peak_slope=1.202e-05  t_peak=64919  comparison cadence=129837  difference=0.26000  below=0/3
t=209737  fraction=0.67500  peak_slope=1.602e-05  t_peak=45942  comparison cadence=91885  difference=0.13000  below=0/3
t=200748  fraction=0.66500  peak_slope=1.502e-05  t_peak=61922  comparison cadence=123845  difference=0.32000  below=0/3
t=180773  fraction=0.62500  peak_slope=1.402e-05  t_peak=66916  comparison cadence=133832  difference=0.54500  below=0/3
t=215729  fraction=0.65500  peak_slope=1.202e-05  t_peak=64919  comparison cadence=129837  difference=0.25500  below=0/3
t=210735  fraction=0.67500  peak_slope=1.602e-05  t_peak=45942  comparison cadence=91885  difference=0.13000  below=0/3
t=201747  fraction=0.66500  peak_slope=1.502e-05  t_peak=61922  comparison cadence=123845  difference=0.31500  below=0/3
t=181772  fraction=0.63000  peak_slope=1.402e-05  t_peak=66916  comparison cadence=133832  difference=0.55000  below=0/3
t=216728  fraction=0.65500  peak_slope=1.202e-05  t_peak=64919  comparison cadence=129837  difference=0.24500  below=0/3
t=211734  fraction=0.67500  peak_slope=1.602e-05  t_peak=45942  comparison cadence=91885  difference=0.13000  below=0/3
t=202746  fraction=0.66500  peak_slope=1.502e-05  t_peak=61922  comparison cadence=123845  difference=0.31000  below=0/3
t=182771  fraction=0.63000  peak_slope=1.402e-05  t_peak=66916  comparison cadence=133832  difference=0.55000  below=0/3
t=217727  fraction=0.66000  peak_slope=1.202e-05  t_peak=64919  comparison cadence=129837  difference=0.24500  below=0/3
t=212733  fraction=0.67500  peak_slope=1.602e-05  t_peak=45942  comparison cadence=91885  difference=0.12500  below=0/3
t=203744  fraction=0.66500  peak_slope=1.502e-05  t_peak=61922  comparison cadence=123845  difference=0.30000  below=0/3
t=218725  fraction=0.66000  peak_slope=1.202e-05  t_peak=64919  comparison cadence=129837  difference=0.24000  below=0/3
t=183769  fraction=0.63000  peak_slope=1.402e-05  t_peak=66916  comparison cadence=133832  difference=0.54000  below=0/3
t=213732  fraction=0.67500  peak_slope=1.602e-05  t_peak=45942  comparison cadence=91885  difference=0.12000  below=0/3
t=204743  fraction=0.66500  peak_slope=1.502e-05  t_peak=61922  comparison cadence=123845  difference=0.29500  below=0/3
t=219724  fraction=0.66000  peak_slope=1.202e-05  t_peak=64919  comparison cadence=129837  difference=0.23500  below=0/3
t=184768  fraction=0.63000  peak_slope=1.402e-05  t_peak=66916  comparison cadence=133832  difference=0.53500  below=0/3
t=214730  fraction=0.67500  peak_slope=1.602e-05  t_peak=45942  comparison cadence=91885  difference=0.12000  below=0/3
t=220723  fraction=0.66000  peak_slope=1.202e-05  t_peak=64919  comparison cadence=129837  difference=0.23000  below=0/3
t=205742  fraction=0.66500  peak_slope=1.502e-05  t_peak=61922  comparison cadence=123845  difference=0.29000  below=0/3
t=215729  fraction=0.68000  peak_slope=1.602e-05  t_peak=45942  comparison cadence=91885  difference=0.12500  below=0/3
t=185767  fraction=0.63000  peak_slope=1.402e-05  t_peak=66916  comparison cadence=133832  difference=0.52000  below=0/3
t=221722  fraction=0.66000  peak_slope=1.202e-05  t_peak=64919  comparison cadence=129837  difference=0.22000  below=0/3
t=206741  fraction=0.66500  peak_slope=1.502e-05  t_peak=61922  comparison cadence=123845  difference=0.28500  below=0/3
t=216728  fraction=0.68000  peak_slope=1.602e-05  t_peak=45942  comparison cadence=91885  difference=0.12500  below=0/3
t=186766  fraction=0.63000  peak_slope=1.402e-05  t_peak=66916  comparison cadence=133832  difference=0.51000  below=0/3
t=222720  fraction=0.66000  peak_slope=1.202e-05  t_peak=64919  comparison cadence=129837  difference=0.22000  below=0/3
t=207739  fraction=0.66500  peak_slope=1.502e-05  t_peak=61922  comparison cadence=123845  difference=0.28000  below=0/3
t=217727  fraction=0.68000  peak_slope=1.602e-05  t_peak=45942  comparison cadence=91885  difference=0.12500  below=0/3
t=187764  fraction=0.63000  peak_slope=1.402e-05  t_peak=66916  comparison cadence=133832  difference=0.50000  below=0/3
t=223719  fraction=0.66000  peak_slope=1.202e-05  t_peak=64919  comparison cadence=129837  difference=0.22000  below=0/3
t=208738  fraction=0.67000  peak_slope=1.502e-05  t_peak=61922  comparison cadence=123845  difference=0.28000  below=0/3
t=218725  fraction=0.68000  peak_slope=1.602e-05  t_peak=45942  comparison cadence=91885  difference=0.12500  below=0/3
t=188763  fraction=0.63000  peak_slope=1.402e-05  t_peak=66916  comparison cadence=133832  difference=0.48500  below=0/3
t=224718  fraction=0.66000  peak_slope=1.202e-05  t_peak=64919  comparison cadence=129837  difference=0.20500  below=0/3
t=219724  fraction=0.68000  peak_slope=1.602e-05  t_peak=45942  comparison cadence=91885  difference=0.12500  below=0/3
t=209737  fraction=0.67000  peak_slope=1.502e-05  t_peak=61922  comparison cadence=123845  difference=0.28000  below=0/3
t=225717  fraction=0.66500  peak_slope=1.202e-05  t_peak=64919  comparison cadence=129837  difference=0.21000  below=0/3
t=189762  fraction=0.63000  peak_slope=1.402e-05  t_peak=66916  comparison cadence=133832  difference=0.48500  below=0/3
t=220723  fraction=0.68000  peak_slope=1.602e-05  t_peak=45942  comparison cadence=91885  difference=0.12500  below=0/3
t=210735  fraction=0.67000  peak_slope=1.502e-05  t_peak=61922  comparison cadence=123845  difference=0.27500  below=0/3
t=226715  fraction=0.66500  peak_slope=1.202e-05  t_peak=64919  comparison cadence=129837  difference=0.21000  below=0/3
t=190761  fraction=0.63500  peak_slope=1.402e-05  t_peak=66916  comparison cadence=133832  difference=0.48000  below=0/3
t=221722  fraction=0.68000  peak_slope=1.602e-05  t_peak=45942  comparison cadence=91885  difference=0.12000  below=0/3
t=211734  fraction=0.67000  peak_slope=1.502e-05  t_peak=61922  comparison cadence=123845  difference=0.26000  below=0/3
t=227714  fraction=0.66500  peak_slope=1.202e-05  t_peak=64919  comparison cadence=129837  difference=0.20000  below=0/3
t=191759  fraction=0.63500  peak_slope=1.402e-05  t_peak=66916  comparison cadence=133832  difference=0.46500  below=0/3
t=222720  fraction=0.68000  peak_slope=1.602e-05  t_peak=45942  comparison cadence=91885  difference=0.12000  below=0/3
t=212733  fraction=0.67000  peak_slope=1.502e-05  t_peak=61922  comparison cadence=123845  difference=0.25000  below=0/3
t=228713  fraction=0.67500  peak_slope=1.202e-05  t_peak=64919  comparison cadence=129837  difference=0.20500  below=0/3
t=223719  fraction=0.68000  peak_slope=1.602e-05  t_peak=45942  comparison cadence=91885  difference=0.12000  below=0/3
t=192758  fraction=0.63500  peak_slope=1.402e-05  t_peak=66916  comparison cadence=133832  difference=0.46500  below=0/3
t=213732  fraction=0.67500  peak_slope=1.502e-05  t_peak=61922  comparison cadence=123845  difference=0.24000  below=0/3
t=229712  fraction=0.67500  peak_slope=1.202e-05  t_peak=64919  comparison cadence=129837  difference=0.20000  below=0/3
Saved 61 remaining particles to /scratch/group/p.phy260085.000//Mass_Fraction/Outputs/Ejection_Results/remaining_particles_2117473_2.csv
t=224718  fraction=0.68000  peak_slope=1.602e-05  t_peak=45942  comparison cadence=91885  difference=0.12000  below=0/3
t=193757  fraction=0.63500  peak_slope=1.402e-05  t_peak=66916  comparison cadence=133832  difference=0.46000  below=0/3
t=214730  fraction=0.67500  peak_slope=1.502e-05  t_peak=61922  comparison cadence=123845  difference=0.22500  below=0/3
t=225717  fraction=0.68000  peak_slope=1.602e-05  t_peak=45942  comparison cadence=91885  difference=0.12000  below=0/3
t=215729  fraction=0.68000  peak_slope=1.502e-05  t_peak=61922  comparison cadence=123845  difference=0.22500  below=0/3
t=194756  fraction=0.63500  peak_slope=1.402e-05  t_peak=66916  comparison cadence=133832  difference=0.45000  below=0/3
t=226715  fraction=0.68500  peak_slope=1.602e-05  t_peak=45942  comparison cadence=91885  difference=0.12500  below=0/3
t=216728  fraction=0.68000  peak_slope=1.502e-05  t_peak=61922  comparison cadence=123845  difference=0.21500  below=0/3
t=195754  fraction=0.63500  peak_slope=1.402e-05  t_peak=66916  comparison cadence=133832  difference=0.44000  below=0/3
t=227714  fraction=0.68500  peak_slope=1.602e-05  t_peak=45942  comparison cadence=91885  difference=0.12500  below=0/3
t=217727  fraction=0.68000  peak_slope=1.502e-05  t_peak=61922  comparison cadence=123845  difference=0.21000  below=0/3
t=196753  fraction=0.63500  peak_slope=1.402e-05  t_peak=66916  comparison cadence=133832  difference=0.42000  below=0/3
t=228713  fraction=0.68500  peak_slope=1.602e-05  t_peak=45942  comparison cadence=91885  difference=0.12500  below=0/3
t=218725  fraction=0.68000  peak_slope=1.502e-05  t_peak=61922  comparison cadence=123845  difference=0.20000  below=0/3
t=197752  fraction=0.63500  peak_slope=1.402e-05  t_peak=66916  comparison cadence=133832  difference=0.41500  below=0/3
t=229712  fraction=0.68500  peak_slope=1.602e-05  t_peak=45942  comparison cadence=91885  difference=0.12500  below=0/3
Saved 59 remaining particles to /scratch/group/p.phy260085.000//Mass_Fraction/Outputs/Ejection_Results/remaining_particles_2117473_2.csv
t=219724  fraction=0.69000  peak_slope=1.502e-05  t_peak=61922  comparison cadence=123845  difference=0.21000  below=0/3
t=198751  fraction=0.64000  peak_slope=1.402e-05  t_peak=66916  comparison cadence=133832  difference=0.41000  below=0/3
t=220723  fraction=0.69000  peak_slope=1.502e-05  t_peak=61922  comparison cadence=123845  difference=0.21000  below=0/3
t=199749  fraction=0.64000  peak_slope=1.402e-05  t_peak=66916  comparison cadence=133832  difference=0.39500  below=0/3
t=221722  fraction=0.69000  peak_slope=1.502e-05  t_peak=61922  comparison cadence=123845  difference=0.21000  below=0/3
t=200748  fraction=0.64000  peak_slope=1.402e-05  t_peak=66916  comparison cadence=133832  difference=0.37500  below=0/3
t=222720  fraction=0.69000  peak_slope=1.502e-05  t_peak=61922  comparison cadence=123845  difference=0.21000  below=0/3
t=201747  fraction=0.64000  peak_slope=1.402e-05  t_peak=66916  comparison cadence=133832  difference=0.36500  below=0/3
t=223719  fraction=0.69000  peak_slope=1.502e-05  t_peak=61922  comparison cadence=123845  difference=0.20500  below=0/3
t=202746  fraction=0.64500  peak_slope=1.402e-05  t_peak=66916  comparison cadence=133832  difference=0.36500  below=0/3
t=224718  fraction=0.69000  peak_slope=1.502e-05  t_peak=61922  comparison cadence=123845  difference=0.20500  below=0/3
t=203744  fraction=0.64500  peak_slope=1.402e-05  t_peak=66916  comparison cadence=133832  difference=0.36500  below=0/3
t=225717  fraction=0.69000  peak_slope=1.502e-05  t_peak=61922  comparison cadence=123845  difference=0.20000  below=0/3
t=204743  fraction=0.64500  peak_slope=1.402e-05  t_peak=66916  comparison cadence=133832  difference=0.36000  below=0/3
t=226715  fraction=0.69000  peak_slope=1.502e-05  t_peak=61922  comparison cadence=123845  difference=0.19500  below=0/3
t=205742  fraction=0.64500  peak_slope=1.402e-05  t_peak=66916  comparison cadence=133832  difference=0.35500  below=0/3
t=227714  fraction=0.69000  peak_slope=1.502e-05  t_peak=61922  comparison cadence=123845  difference=0.18000  below=0/3
t=228713  fraction=0.69000  peak_slope=1.502e-05  t_peak=61922  comparison cadence=123845  difference=0.18000  below=0/3
t=206741  fraction=0.64500  peak_slope=1.402e-05  t_peak=66916  comparison cadence=133832  difference=0.34000  below=0/3
t=229712  fraction=0.69000  peak_slope=1.502e-05  t_peak=61922  comparison cadence=123845  difference=0.18000  below=0/3
Saved 58 remaining particles to /scratch/group/p.phy260085.000//Mass_Fraction/Outputs/Ejection_Results/remaining_particles_2117473_2.csv
t=207739  fraction=0.64500  peak_slope=1.402e-05  t_peak=66916  comparison cadence=133832  difference=0.33500  below=0/3
t=208738  fraction=0.65000  peak_slope=1.402e-05  t_peak=66916  comparison cadence=133832  difference=0.32500  below=0/3
t=209737  fraction=0.65500  peak_slope=1.402e-05  t_peak=66916  comparison cadence=133832  difference=0.32500  below=0/3
t=210735  fraction=0.65500  peak_slope=1.402e-05  t_peak=66916  comparison cadence=133832  difference=0.32000  below=0/3
t=211734  fraction=0.65500  peak_slope=1.402e-05  t_peak=66916  comparison cadence=133832  difference=0.32000  below=0/3
t=212733  fraction=0.65500  peak_slope=1.402e-05  t_peak=66916  comparison cadence=133832  difference=0.31000  below=0/3
t=213732  fraction=0.65500  peak_slope=1.402e-05  t_peak=66916  comparison cadence=133832  difference=0.30500  below=0/3
t=214730  fraction=0.65500  peak_slope=1.402e-05  t_peak=66916  comparison cadence=133832  difference=0.30000  below=0/3
t=215729  fraction=0.65500  peak_slope=1.402e-05  t_peak=66916  comparison cadence=133832  difference=0.29500  below=0/3
t=216728  fraction=0.65500  peak_slope=1.402e-05  t_peak=66916  comparison cadence=133832  difference=0.29500  below=0/3
t=217727  fraction=0.65500  peak_slope=1.402e-05  t_peak=66916  comparison cadence=133832  difference=0.29500  below=0/3
t=218725  fraction=0.65500  peak_slope=1.402e-05  t_peak=66916  comparison cadence=133832  difference=0.28500  below=0/3
t=219724  fraction=0.65500  peak_slope=1.402e-05  t_peak=66916  comparison cadence=133832  difference=0.28000  below=0/3
t=220723  fraction=0.65500  peak_slope=1.402e-05  t_peak=66916  comparison cadence=133832  difference=0.27500  below=0/3
t=221722  fraction=0.65500  peak_slope=1.402e-05  t_peak=66916  comparison cadence=133832  difference=0.27500  below=0/3
t=222720  fraction=0.65500  peak_slope=1.402e-05  t_peak=66916  comparison cadence=133832  difference=0.27000  below=0/3
t=223719  fraction=0.65500  peak_slope=1.402e-05  t_peak=66916  comparison cadence=133832  difference=0.26500  below=0/3
t=224718  fraction=0.65500  peak_slope=1.402e-05  t_peak=66916  comparison cadence=133832  difference=0.26500  below=0/3
t=225717  fraction=0.65500  peak_slope=1.402e-05  t_peak=66916  comparison cadence=133832  difference=0.26000  below=0/3
t=226715  fraction=0.65500  peak_slope=1.402e-05  t_peak=66916  comparison cadence=133832  difference=0.25000  below=0/3
t=227714  fraction=0.65500  peak_slope=1.402e-05  t_peak=66916  comparison cadence=133832  difference=0.24000  below=0/3
t=228713  fraction=0.65500  peak_slope=1.402e-05  t_peak=66916  comparison cadence=133832  difference=0.22500  below=0/3
t=229712  fraction=0.65500  peak_slope=1.402e-05  t_peak=66916  comparison cadence=133832  difference=0.21500  below=0/3
Saved 66 remaining particles to /scratch/group/p.phy260085.000//Mass_Fraction/Outputs/Ejection_Results/remaining_particles_2117473_2.csv
