==========================================
Mass Fraction MPI Run
==========================================
Date:               Sat Sep 12 22:53:21 CDT 2026
Host:               ac017
Array job ID:       2117473
Array task ID:      0
MPI ranks:          4
CPUs per task:      1
Nodes allocated:    1
Python:             /scratch/user/u.hm357857/.conda/envs/comets/bin/python
Conda environment:  /scratch/user/u.hm357857/.conda/envs/comets
==========================================

1.5402288242922078
0.7407856353066324
1.397267825915672
1.2198346964206406
0.9325850274011205
1.1636922977884476
1.5039032051720502
1.382114460644656
1.4880414274214102
1.1771014554157537
1.2057710474082106
0.611975542156607
1.4855438279674784
0.9448717969543324
0.5301158048612308
1.2321516508814172
1.3654056733903903
0.6978793514110684
1.097572413238841
1.0471487182834327
0.8826745589643482
1.3275335212986268
1.0895702517200268
1.0932501126462673
0.8554379658892344
0.6240972587758824
0.45023076880671764
0.5165985463660776
0.5754847064167469
1.480176455677479
1.450366563323605
1.47425104868872
0.9812175734645948
1.1054530653176793
1.2960139786320328
1.4835434657831272
1.2345086696396532
0.7843818394506321
0.866528074172084
0.8221963378953071
1.083307916296081
0.7129228418251636
1.0882318568433758
1.3900138981806092
0.44685296930601764
1.4518766062547552
0.9490833220240408
0.5604642457936729
1.102193733523928
1.311042923322294
0.5452117619254293
0.6608535309811367
0.5040090761397378
0.5911279795301627
1.0626236900495758
0.6239448838755185
1.490202850661234
1.1161211914040037
0.7107242643875245
0.8182649535780322
1.3911477847579843
1.5223955871517956
1.437592062825597
1.2061070891728773
0.48158680898623707
1.1637096947293277
1.2153528987200708
0.7936443436562801
1.0780503395782624
0.6961364789415109
1.1744566050515997
0.8536955318142168
1.1546026032690173
1.101427080041068
1.0655640276020018
1.2065964895319579
1.2808764447736642
1.5108175283142251
0.5501374806503824
1.5020286893125459
1.1448937431152026
0.6322637089421903
1.3004367770836975
1.017191554054479
1.3856565407566053
1.344254911035915
1.2522141278761874
1.4373347648966428
0.4717372320478534
1.3628223956977195
0.5045668790073667
0.7860948787038622
1.447893512018993
1.0996608682007634
0.4531619852995512
1.4944773312217783
1.188388872512941
0.5321275595107802
1.1686976707135328
1.1827975819617538
1.0245326694192873
0.7529437774418022
0.6692077705799202
0.9188781905365209
0.46002876600855286
0.661708970002526
1.4248916357935186
1.560474864949951
1.4236167174534387
0.5570778336005479
1.5072085811809472
1.302863307674508
1.140459064273793
1.4938189909203605
0.5113104904481791
0.7746618656754879
0.6221847091572942
1.0700548622982888
0.4600295278910039
1.5597942306186048
1.4700687994537065
0.6725008683606855
1.4934632416715243
0.8389129788854699
0.4767626740783002
1.1035928859020876
1.5413007295922638
0.8493975273761425
0.6825591184094042
0.6992851403850219
0.6066743035363424
1.4738530004978276
0.8897541031444998
1.3350756059239304
1.4612677220051424
0.8247985252071524
0.9055514659783988
1.4944649653993443
1.0239604815650287
1.0834842110697356
1.2296019624704944
0.7436090598223769
1.3019432122080987
1.0760553634751875
0.515768996553423
1.4989052547031623
0.5347659396306372
1.2828723676028684
0.4374899341401994
1.010816630750743
1.5480856163771617
1.0384251494954466
1.2546188639319662
1.3261407785670647
1.3047218129294043
0.6386033669102188
1.0661555120131374
1.5206965358271702
0.9218359371526149
1.4768602604777041
1.378877952421477
1.3326834910008345
1.2075635263982902
1.4998832350673004
1.5558997824923333
0.9912740795437452
1.526229096033504
0.46905017209266664
0.9430990985664095
1.1187453791560997
1.291118354028824
0.5829532990057853
1.262587968289148
1.4783400171128196
0.8263265724334867
1.1244538494252756
1.5149318455453966
1.14108583514871
0.5718250484213293
0.48763697689650165
0.5547608997193396
0.6782914803729474
0.5701847455451884
1.4922031482902496
1.048919817357328
1.4360305421128772
0.9964478857149064
1.2609893565134849
1.1936041909166208
1.3167032905064378
1.209185397321645
0.6505816727888308
0.6244778456686806
0.5843007382473138
1.3862735653701985
0.9056025333614195
1.1952075642445887
1.4713496105772763
0.9017466311825485
1.0162543447633097
0.9999898877940124
0.7064500154378499
1.321016830570243
1.1993145736583906
0.9808414309508477
0.748027192617832
0.6426308191857872
0.9364185244242905
1.3168174449977836
0.4356363765589817
1.259290679888675
1.2070044297443112
0.7407740239866072
0.5786734295814515
1.077210750041692
1.39315782871923
1.1583761733794016
1.3122347897252689
0.679064175539296
1.1141016187479351
1.2739465492536868
0.7320020615454215
1.2810616658979037
0.6983925239149544
1.0682779197218597
0.5653866835528703
1.1844211335708135
1.1257720768255957
1.1249389009933217
1.0380968080790587
1.035990806644465
1.51021694569264
1.2668696914260216
0.8385448483816977
1.2790302521076933
1.4154962563135962
0.9325770827785462
1.5381716248731878
1.3391225036264611
1.4936452836069176
1.3645730405469272
1.3852234175983136
1.0856171171108333
0.8359270123445997
1.5625524006717444
0.7381637719944647
0.6827473768226986
1.0292515641916766
1.1161310750763733
0.7320708900868316
1.0229686975932324
1.2504951153329427
0.9377365792843497
1.2886828347010455
1.231099822990776
1.3788970606124182
0.5878289002110392
0.767321559427408
0.45884002293318993
0.9296845124756863
0.472865852522484
1.3454629201009463
1.2763748192997266
1.3084348782885165
0.9197798461377215
1.537949490630442
1.1744318989721843
1.5152030707668116
1.1694954356504368
0.7920325182486356
0.7710105154782774
0.7909120883867156
1.3840089723273619
0.6266600625207832
1.0839623603769386
1.4628095183190484
0.6164828280130291
1.280723759216781
0.6165590016419272
0.5680732263438606
1.5019579103556253
1.0335525248871866
0.4738264395146789
0.781708832356
0.5550268858698023
0.8671487808586592
1.1247108304784408
0.9529640286408304
1.1524304122617428
1.1436146900448958
0.7292928513512675
0.7768912313888148
1.0878526632889924
1.386842123560025
1.1414734839502045
1.0392007681284303
0.9309842581932147
1.3252949720682778
1.4982848054868132
0.8799231081693515
1.2449316048471086
0.4477906441152277
1.0480642135740716
0.9714746773743429
1.0723439573462727
1.284593963773458
1.4608872635369647
1.2137438088473753
1.3066661129394905
1.4052001000815795
1.3105553223221271
1.075222119419242
1.4655212781835574
1.3489164179736433
1.424737195828986
1.3468325754687374
1.133667548028635
1.4692175250897614
0.8225846350784518
1.196208575252864
0.6163484853518011
0.5915409126958686
1.2202369623645
0.9396366963763922
0.6575086448611023
1.4209142074171073
1.5401221959095452
0.513066681304886
0.9625910908309909
1.0558040824232755
1.3989894528311897
0.5379825601302356
1.3123459035586142
0.7987988219853477
0.4937663083969773
1.3461352248080523
1.1630368942599931
0.725888956178268
0.5142289851405887
0.8299357802023941
0.8505220313763555
1.53375132052697
0.7239990930449434
0.8957335770456343
0.9307989440201552
0.5808324779199278
0.9754789859930202
0.7647155158910157
1.2167100083748048
0.49972443986572623
1.4795269823631794
0.5722523423027986
0.8296132685653476
1.1352695749319928
1.2163127303694174
1.0535333992117792
1.4869459359920214
0.7510559425442469
1.1638187389180756
1.1172538066496631
1.2385273108843173
0.8936054035079697
1.5205695152422902
0.7783056276475753
1.3079496386705074
0.4499720592672294
1.2013227440875682
0.8704824770019732
0.45148255111421337
1.2810191271436262
0.43651743284722916
1.1727948858214625
1.165704510810395
0.9047719967216894
0.8215692239044368
0.4605478419844428
1.489521886213382
1.224910691058502
1.381013580227434
1.189406516054571
0.5539324116229752
0.6943016499039533
1.448938650335579
0.9663293072723208
0.7705753869454781
1.055407122231128
0.8423074286743477
1.5501545239536902
1.1408360414095131
0.6092201154381369
1.4875434794782607
1.264258013951577
1.4540341456542318
1.1691875220979193
0.6132802862238976
1.5293100529842723
1.050467206401515
1.2916073975911158
1.2976123009786098
1.1346496164525441
1.3732242873618954
1.1495153348122273
0.5926413832981223
1.4795528555556847
0.6086122265745504
0.7598990406482449
1.017445715799558
0.7630187239885331
0.9699297758830108
1.251503137775451
1.30528590638749
0.8502380979280748
0.6422680247978974
1.0297127648140694
1.2396987136491182
0.8137709451623146
1.2462179103122035
0.8973863203048456
0.8817419760198221
1.324754277996703
1.274219035833267
0.4406639588172792
0.5604074065435822
0.7109512425048214
0.6285860641980028
1.2190029244964782
0.5937914025360114
0.7283217766474919
0.5750298390218889
0.9048423256247491
0.9218785432279525
0.7012149234767384
1.0776354534830623
0.6958895266331965
1.0740922927305316
0.5439222518679041
0.660402899496917
1.3133326292717895
1.0955587534570523
1.3279706824542903
1.2971072456395631
0.7522608213516361
1.2231457028729873
1.0213318704461796
1.1113766915847403
0.5129430889613551
1.4452768837269945
0.7660889843535424
1.2789295393572795
0.6732301624380085
1.408399951606
0.8368377203029844
0.49269556854629853
1.1546582062178767
0.571851735767068
1.1358304323539328
1.0503661133742659
0.8920269211704897
0.6653399925139039
0.7003840881344909
1.0218167126447404
1.2428907411954797
1.547625975963019
1.1000086169564927
0.7582561705060471
0.7605879155621116
1.5544750224344588
0.5935479998103731
0.7419868038813959
1.1414593191244138
1.2272964322745303
1.3343952510863657
0.9856344471362563
1.1099367591677773
0.8228711782919264
0.8282687772554863
1.504801114668966
0.8613037060763181
0.6472302739514916
1.379080086129644
1.0005926354878518
0.4575683390330302
0.5739771949343483
1.1474365609292094
1.5378897585093152
0.46812447249114675
1.53831944380107
0.651261627836802
0.7297492997229456
1.3644103574243254
1.2929259243627715
0.6868366599863556
0.7792719517679061
0.8531532099002737
0.8641897030554315
1.2043237834936547
0.9181373293417807
0.6811208909303744
0.49042984092184105
0.6388412636272518
0.9363903397115488
0.5911319693632866
1.1068550475400476
0.7043884747079301
1.1079373160669181
0.43893241657489507
0.8442799910143681
1.1403296604877209
1.5412556500597208
1.1459365774081844
1.274202195960291
0.7836990102682815
1.458520611405656
1.4367034464378823
1.2090358568025206
0.7690070226230605
1.0096130183981804
0.7539633244496804
1.557254600319574
0.9271718915846883
1.4858367028260404
0.9042740439687271
0.7945729204341052
1.3317135318048146
0.7374176500941654
1.205743499869093
1.4667375999022054
0.839876836540131
0.914680801961968
0.6603259558020852
1.3293220950204905
1.0756445269207513
1.3737031171445349
1.487747682552628
0.7654304322854305
0.8262631076877979
1.345682759528882
0.9550310446019402
0.7371634764827248
1.5012063980314019
0.5941086592755638
1.4227710228022767
1.2071302478139825
0.8906677075310063
1.5195309156034704
1.1026600867706513
1.3231709581950266
1.0305415893082934
0.8722798926024047
1.5405863207324901
1.3771006564985138
1.4976162979859189
0.8897891999114781
1.5606003134824937
1.3229336535551772
1.0914410585098484
1.0778835949870584
0.7840523531744599
1.2334581644330491
0.45230515629763324
0.4796928909341584
1.5059388734610712
0.641264414480523
0.7816383866002743
1.4598142355233303
1.3862149043450505
0.7334765754439141
0.7773061482129238
1.2539564661450084
1.4870540393981913
0.8201854678927958
1.2736984584366582
0.7936527211082361
0.7833602729862267
1.0362552908377733
1.2902894926392765
0.6568325356076827
0.8037888444678394
0.7191038499499713
0.6404024164239506
1.1093401954714759
0.8764520576352673
0.9198194763876725
0.5907619977845385
0.541477448978089
0.6006722689568493
0.537700598188156
1.2270200704611733
0.9328774335758762
1.0846383737358156
0.7996366617022328
0.5200339564458406
1.4276392330643712
1.4972573072938453
1.0163706783711732
1.258000221924632
0.8807503931245917
1.3998839260619582
1.4689708345484365
1.3944559111615331
0.7801714452225356
1.1585812255035024
0.5247355750440732
1.3776568558436468
0.9233737223856423
1.4463903782718568
0.5453847064241494
0.8007790977957835
1.3443675133918047
0.7020263768783628
1.5478985110219319
1.1344002384144811
0.535574251646681
0.7026511363504891
0.8426343190290264
1.1764127592412492
1.0392447720134939
1.2903701501197926
1.2928012996384952
0.49924036211189415
0.5520821524963436
1.4734642743689499
0.5228977814887075
0.5258565484235952
1.3245905883021019
0.6332596320928624
1.039102643154396
1.3011342859128845
0.8342026233425686
1.1901063881341494
1.1306647829360503
1.001122765709084
1.3454026400017118
0.5158274288290235
1.2394503774462013
1.2738507494192328
1.490615994823327
0.8819985067517819
1.1459532729777844
1.2168398099907194
0.7971107552381627
0.668509653262837
0.588310192926836
1.238530129600523
0.6595349424548339
1.1242273357574557
0.5880208422492933
1.0150546620826721
1.0150711028797426
1.1229986050371403
0.7377173386862218
1.392689329983385
1.5110413664436977
1.3700774737600754
0.5478125362229704
0.48690141022246713
0.466206475318487
1.3200197111173297
0.57504423850898
0.8603565211752715
0.9748503050336372
0.8063522972398595
1.5387646169801161
1.3905871846611082
1.4292500759992692
0.6840601457092733
0.8293450236270203
1.221451069599687
0.4495903421326692
0.6656130526686778
0.6913439787970805
0.8220675954425726
0.850392196365631
0.6187878630319075
1.1806623845227153
1.2321669350088187
1.5104794294909378
0.4977413574447967
1.1098488810045344
1.315605748924831
Running 200 simulations with 1 MPI ranks
Rank 0: 200 simulations
0.5414547881329718
1.0747535256519034
1.564383372792833
0.7498680770558339
1.351432573784939
1.2405179783033076
1.112401092092918
1.4244953768494515
0.7953018551478803
1.2654842552866035
1.3094892944213836
1.1323650430447538
0.9865671142801204
1.2391918104761626
0.8889731948005442
1.2882856220445964
0.5618232718282997
1.271893919885856
1.372005248422342
1.3507120217028916
0.6360481213367913
1.530496319584259
1.1017506604742953
1.0624909483672187
0.6110631041862977
0.966525782501682
1.0875259957516101
0.6406434179421676
1.510807133910101
1.4478096153745827
1.004526548498191
0.9420900846650533
1.0363807420269375
1.5501624963965077
1.1583103038304619
0.7732918624189918
0.8183017138034898
0.9511187915544084
1.3544747484849315
0.49265182703227783
0.6315790180404275
0.8836904037494505
0.4596561763177572
1.5608417541447817
1.247428286617513
1.3289286202837522
0.820987869298167
0.9379608927689361
1.3143398232722538
0.6650272198413725
0.8441369978881473
0.9280830299269627
0.9726824847667153
0.6114885550563024
0.9725252595918323
1.4498530850398814
1.0898274949040723
1.2878677013816846
0.7069344750697162
1.1886975862296971
1.344811174781303
Running 200 simulations with 1 MPI ranks
Rank 0: 200 simulations
1.49085535144498
0.989524251039002
1.1917597830294113
1.4872156074840728
1.3552799410682512
0.6990055510392645
1.3925008660701896
1.1924292339158427
1.3137022875302622
0.9819979102067882
0.710655244259981
0.5966720016029167
1.3381771891306862
0.8132047771848022
0.7259399931801847
0.8887415581610234
0.8699382039057848
1.3053802065978433
1.3738371366848492
1.0834167943043977
0.6529966762840539
0.6559827673304265
1.1918530869098223
0.5873015699925588
0.6619153156767938
0.565674077117409
0.6582532192387403
0.7511066524767025
0.5406044733008054
1.3235394498016348
1.2514544458833954
1.3427210002039232
0.8147330679340685
1.0916762070615575
1.3461555866243033
Running 200 simulations with 1 MPI ranks
Rank 0: 200 simulations
0.5566418564941776
1.3004754049739442
0.5806675613911472
0.9584621634801116
0.8331207219964947
0.7663681828530653
1.2321529546483168
1.3606840359039054
1.5516178008981893
0.8413919771165509
0.8549083633258174
1.5272673744415763
0.7298882152695446
0.9516841962735717
0.7762572670703525
0.8068528394242162
0.7703102545749261
0.8473671244011344
1.5060501672304651
1.542818408119624
1.464392345139097
0.9008709841044444
1.163144694005102
1.4842517867745597
Running 200 simulations with 1 MPI ranks
Rank 0: 200 simulations
t=67663  fraction=0.66000  peak_slope=2.412e-05  t_peak=33831  comparison cadence=67663  difference=0.66000  below=0/3
t=68658  fraction=0.67000  peak_slope=2.412e-05  t_peak=33831  comparison cadence=67663  difference=0.67000  below=0/3
t=69653  fraction=0.67500  peak_slope=2.412e-05  t_peak=33831  comparison cadence=67663  difference=0.67500  below=0/3
t=70648  fraction=0.67500  peak_slope=2.412e-05  t_peak=33831  comparison cadence=67663  difference=0.67500  below=0/3
t=71643  fraction=0.68500  peak_slope=2.412e-05  t_peak=33831  comparison cadence=67663  difference=0.68500  below=0/3
t=51742  fraction=0.56000  peak_slope=2.713e-05  t_peak=25871  comparison cadence=51742  difference=0.56000  below=0/3
t=72638  fraction=0.69000  peak_slope=2.412e-05  t_peak=33831  comparison cadence=67663  difference=0.69000  below=0/3
t=73633  fraction=0.69000  peak_slope=2.412e-05  t_peak=33831  comparison cadence=67663  difference=0.69000  below=0/3
t=52737  fraction=0.56000  peak_slope=2.713e-05  t_peak=25871  comparison cadence=51742  difference=0.56000  below=0/3
t=74628  fraction=0.69500  peak_slope=2.412e-05  t_peak=33831  comparison cadence=67663  difference=0.69500  below=0/3
t=53732  fraction=0.57000  peak_slope=2.713e-05  t_peak=25871  comparison cadence=51742  difference=0.57000  below=0/3
t=75623  fraction=0.70000  peak_slope=2.412e-05  t_peak=33831  comparison cadence=67663  difference=0.70000  below=0/3
t=76618  fraction=0.70000  peak_slope=2.412e-05  t_peak=33831  comparison cadence=67663  difference=0.70000  below=0/3
t=54727  fraction=0.57500  peak_slope=2.713e-05  t_peak=25871  comparison cadence=51742  difference=0.57500  below=0/3
t=77613  fraction=0.70500  peak_slope=2.412e-05  t_peak=33831  comparison cadence=67663  difference=0.70500  below=0/3
t=55722  fraction=0.58500  peak_slope=2.713e-05  t_peak=25871  comparison cadence=51742  difference=0.58500  below=0/3
t=78608  fraction=0.71000  peak_slope=2.412e-05  t_peak=33831  comparison cadence=67663  difference=0.71000  below=0/3
t=79603  fraction=0.71500  peak_slope=2.412e-05  t_peak=33831  comparison cadence=67663  difference=0.71500  below=0/3
t=56717  fraction=0.58500  peak_slope=2.713e-05  t_peak=25871  comparison cadence=51742  difference=0.58500  below=0/3
t=80598  fraction=0.71500  peak_slope=2.412e-05  t_peak=33831  comparison cadence=67663  difference=0.71500  below=0/3
t=57712  fraction=0.58500  peak_slope=2.713e-05  t_peak=25871  comparison cadence=51742  difference=0.58500  below=0/3
t=81593  fraction=0.71500  peak_slope=2.412e-05  t_peak=33831  comparison cadence=67663  difference=0.71500  below=0/3
t=58707  fraction=0.60000  peak_slope=2.713e-05  t_peak=25871  comparison cadence=51742  difference=0.60000  below=0/3
t=82588  fraction=0.71500  peak_slope=2.412e-05  t_peak=33831  comparison cadence=67663  difference=0.70500  below=0/3
t=83583  fraction=0.72000  peak_slope=2.412e-05  t_peak=33831  comparison cadence=67663  difference=0.70500  below=0/3
t=59702  fraction=0.60000  peak_slope=2.713e-05  t_peak=25871  comparison cadence=51742  difference=0.60000  below=0/3
t=84578  fraction=0.72500  peak_slope=2.412e-05  t_peak=33831  comparison cadence=67663  difference=0.69500  below=0/3
t=60697  fraction=0.60500  peak_slope=2.713e-05  t_peak=25871  comparison cadence=51742  difference=0.60500  below=0/3
t=85573  fraction=0.73500  peak_slope=2.412e-05  t_peak=33831  comparison cadence=67663  difference=0.69000  below=0/3
t=61692  fraction=0.61000  peak_slope=2.713e-05  t_peak=25871  comparison cadence=51742  difference=0.61000  below=0/3
t=86568  fraction=0.73500  peak_slope=2.412e-05  t_peak=33831  comparison cadence=67663  difference=0.68500  below=0/3
t=87563  fraction=0.73500  peak_slope=2.412e-05  t_peak=33831  comparison cadence=67663  difference=0.67000  below=0/3
t=62687  fraction=0.61000  peak_slope=2.713e-05  t_peak=25871  comparison cadence=51742  difference=0.61000  below=0/3
t=88558  fraction=0.74000  peak_slope=2.412e-05  t_peak=33831  comparison cadence=67663  difference=0.66500  below=0/3
t=63682  fraction=0.61000  peak_slope=2.713e-05  t_peak=25871  comparison cadence=51742  difference=0.61000  below=0/3
t=89553  fraction=0.74000  peak_slope=2.412e-05  t_peak=33831  comparison cadence=67663  difference=0.65500  below=0/3
Saved 51 remaining particles to /scratch/group/p.phy260085.000//Mass_Fraction/Outputs/Ejection_Results/remaining_particles_2117473_0.csv
t=64677  fraction=0.62500  peak_slope=2.713e-05  t_peak=25871  comparison cadence=51742  difference=0.62500  below=0/3
t=65672  fraction=0.64000  peak_slope=2.713e-05  t_peak=25871  comparison cadence=51742  difference=0.64000  below=0/3
t=66667  fraction=0.64500  peak_slope=2.713e-05  t_peak=25871  comparison cadence=51742  difference=0.64500  below=0/3
t=59702  fraction=0.55000  peak_slope=3.015e-05  t_peak=29851  comparison cadence=59702  difference=0.55000  below=0/3
t=67663  fraction=0.65000  peak_slope=2.713e-05  t_peak=25871  comparison cadence=51742  difference=0.65000  below=0/3
t=60697  fraction=0.55000  peak_slope=3.015e-05  t_peak=29851  comparison cadence=59702  difference=0.55000  below=0/3
t=57712  fraction=0.56500  peak_slope=2.814e-05  t_peak=28856  comparison cadence=57712  difference=0.56500  below=0/3
t=68658  fraction=0.65000  peak_slope=2.713e-05  t_peak=25871  comparison cadence=51742  difference=0.65000  below=0/3
t=61692  fraction=0.55000  peak_slope=3.015e-05  t_peak=29851  comparison cadence=59702  difference=0.55000  below=0/3
t=69653  fraction=0.65000  peak_slope=2.713e-05  t_peak=25871  comparison cadence=51742  difference=0.64500  below=0/3
t=58707  fraction=0.57000  peak_slope=2.814e-05  t_peak=28856  comparison cadence=57712  difference=0.57000  below=0/3
t=62687  fraction=0.56000  peak_slope=3.015e-05  t_peak=29851  comparison cadence=59702  difference=0.56000  below=0/3
t=70648  fraction=0.65500  peak_slope=2.713e-05  t_peak=25871  comparison cadence=51742  difference=0.63500  below=0/3
t=59702  fraction=0.57000  peak_slope=2.814e-05  t_peak=28856  comparison cadence=57712  difference=0.57000  below=0/3
t=63682  fraction=0.57000  peak_slope=3.015e-05  t_peak=29851  comparison cadence=59702  difference=0.57000  below=0/3
t=71643  fraction=0.66000  peak_slope=2.713e-05  t_peak=25871  comparison cadence=51742  difference=0.61000  below=0/3
t=60697  fraction=0.57000  peak_slope=2.814e-05  t_peak=28856  comparison cadence=57712  difference=0.57000  below=0/3
t=64677  fraction=0.57500  peak_slope=3.015e-05  t_peak=29851  comparison cadence=59702  difference=0.57500  below=0/3
t=72638  fraction=0.66500  peak_slope=2.713e-05  t_peak=25871  comparison cadence=51742  difference=0.61000  below=0/3
t=61692  fraction=0.57500  peak_slope=2.814e-05  t_peak=28856  comparison cadence=57712  difference=0.57500  below=0/3
t=65672  fraction=0.57500  peak_slope=3.015e-05  t_peak=29851  comparison cadence=59702  difference=0.57500  below=0/3
t=73633  fraction=0.66500  peak_slope=2.713e-05  t_peak=25871  comparison cadence=51742  difference=0.59000  below=0/3
t=62687  fraction=0.58000  peak_slope=2.814e-05  t_peak=28856  comparison cadence=57712  difference=0.58000  below=0/3
t=74628  fraction=0.66500  peak_slope=2.713e-05  t_peak=25871  comparison cadence=51742  difference=0.57000  below=0/3
t=66667  fraction=0.58000  peak_slope=3.015e-05  t_peak=29851  comparison cadence=59702  difference=0.58000  below=0/3
t=75623  fraction=0.67500  peak_slope=2.713e-05  t_peak=25871  comparison cadence=51742  difference=0.54000  below=0/3
t=63682  fraction=0.58000  peak_slope=2.814e-05  t_peak=28856  comparison cadence=57712  difference=0.58000  below=0/3
t=67663  fraction=0.58000  peak_slope=3.015e-05  t_peak=29851  comparison cadence=59702  difference=0.58000  below=0/3
t=76618  fraction=0.67500  peak_slope=2.713e-05  t_peak=25871  comparison cadence=51742  difference=0.52000  below=0/3
t=64677  fraction=0.58000  peak_slope=2.814e-05  t_peak=28856  comparison cadence=57712  difference=0.58000  below=0/3
t=68658  fraction=0.59000  peak_slope=3.015e-05  t_peak=29851  comparison cadence=59702  difference=0.59000  below=0/3
t=77613  fraction=0.67500  peak_slope=2.713e-05  t_peak=25871  comparison cadence=51742  difference=0.48500  below=0/3
t=65672  fraction=0.60000  peak_slope=2.814e-05  t_peak=28856  comparison cadence=57712  difference=0.60000  below=0/3
t=69653  fraction=0.59500  peak_slope=3.015e-05  t_peak=29851  comparison cadence=59702  difference=0.59500  below=0/3
t=78608  fraction=0.69000  peak_slope=2.713e-05  t_peak=25871  comparison cadence=51742  difference=0.49000  below=0/3
t=70648  fraction=0.60000  peak_slope=3.015e-05  t_peak=29851  comparison cadence=59702  difference=0.60000  below=0/3
t=66667  fraction=0.61000  peak_slope=2.814e-05  t_peak=28856  comparison cadence=57712  difference=0.61000  below=0/3
t=79603  fraction=0.69000  peak_slope=2.713e-05  t_peak=25871  comparison cadence=51742  difference=0.47500  below=0/3
t=71643  fraction=0.61000  peak_slope=3.015e-05  t_peak=29851  comparison cadence=59702  difference=0.61000  below=0/3
t=67663  fraction=0.61500  peak_slope=2.814e-05  t_peak=28856  comparison cadence=57712  difference=0.61500  below=0/3
t=80598  fraction=0.69500  peak_slope=2.713e-05  t_peak=25871  comparison cadence=51742  difference=0.45000  below=0/3
t=72638  fraction=0.61000  peak_slope=3.015e-05  t_peak=29851  comparison cadence=59702  difference=0.61000  below=0/3
t=68658  fraction=0.61500  peak_slope=2.814e-05  t_peak=28856  comparison cadence=57712  difference=0.61500  below=0/3
t=81593  fraction=0.69500  peak_slope=2.713e-05  t_peak=25871  comparison cadence=51742  difference=0.44000  below=0/3
t=73633  fraction=0.61000  peak_slope=3.015e-05  t_peak=29851  comparison cadence=59702  difference=0.61000  below=0/3
t=82588  fraction=0.71000  peak_slope=2.713e-05  t_peak=25871  comparison cadence=51742  difference=0.44000  below=0/3
t=69653  fraction=0.61500  peak_slope=2.814e-05  t_peak=28856  comparison cadence=57712  difference=0.61500  below=0/3
t=83583  fraction=0.71000  peak_slope=2.713e-05  t_peak=25871  comparison cadence=51742  difference=0.40500  below=0/3
t=74628  fraction=0.61500  peak_slope=3.015e-05  t_peak=29851  comparison cadence=59702  difference=0.61500  below=0/3
t=70648  fraction=0.61500  peak_slope=2.814e-05  t_peak=28856  comparison cadence=57712  difference=0.61500  below=0/3
t=84578  fraction=0.71500  peak_slope=2.713e-05  t_peak=25871  comparison cadence=51742  difference=0.39500  below=0/3
t=75623  fraction=0.61500  peak_slope=3.015e-05  t_peak=29851  comparison cadence=59702  difference=0.61500  below=0/3
t=71643  fraction=0.62000  peak_slope=2.814e-05  t_peak=28856  comparison cadence=57712  difference=0.62000  below=0/3
t=85573  fraction=0.71500  peak_slope=2.713e-05  t_peak=25871  comparison cadence=51742  difference=0.36000  below=0/3
t=76618  fraction=0.61500  peak_slope=3.015e-05  t_peak=29851  comparison cadence=59702  difference=0.60500  below=0/3
t=72638  fraction=0.62000  peak_slope=2.814e-05  t_peak=28856  comparison cadence=57712  difference=0.62000  below=0/3
t=86568  fraction=0.72500  peak_slope=2.713e-05  t_peak=25871  comparison cadence=51742  difference=0.36000  below=0/3
t=77613  fraction=0.62000  peak_slope=3.015e-05  t_peak=29851  comparison cadence=59702  difference=0.60500  below=0/3
t=73633  fraction=0.62000  peak_slope=2.814e-05  t_peak=28856  comparison cadence=57712  difference=0.61000  below=0/3
t=87563  fraction=0.72500  peak_slope=2.713e-05  t_peak=25871  comparison cadence=51742  difference=0.34500  below=0/3
t=78608  fraction=0.62000  peak_slope=3.015e-05  t_peak=29851  comparison cadence=59702  difference=0.60000  below=0/3
t=74628  fraction=0.62000  peak_slope=2.814e-05  t_peak=28856  comparison cadence=57712  difference=0.61000  below=0/3
t=88558  fraction=0.73000  peak_slope=2.713e-05  t_peak=25871  comparison cadence=51742  difference=0.33500  below=0/3
t=79603  fraction=0.62000  peak_slope=3.015e-05  t_peak=29851  comparison cadence=59702  difference=0.59500  below=0/3
t=75623  fraction=0.62000  peak_slope=2.814e-05  t_peak=28856  comparison cadence=57712  difference=0.60500  below=0/3
t=89553  fraction=0.73500  peak_slope=2.713e-05  t_peak=25871  comparison cadence=51742  difference=0.33500  below=0/3
Saved 51 remaining particles to /scratch/group/p.phy260085.000//Mass_Fraction/Outputs/Ejection_Results/remaining_particles_2117473_0.csv
t=80598  fraction=0.62500  peak_slope=3.015e-05  t_peak=29851  comparison cadence=59702  difference=0.58000  below=0/3
t=76618  fraction=0.62000  peak_slope=2.814e-05  t_peak=28856  comparison cadence=57712  difference=0.59500  below=0/3
t=81593  fraction=0.63500  peak_slope=3.015e-05  t_peak=29851  comparison cadence=59702  difference=0.57500  below=0/3
t=77613  fraction=0.62000  peak_slope=2.814e-05  t_peak=28856  comparison cadence=57712  difference=0.58500  below=0/3
t=82588  fraction=0.64000  peak_slope=3.015e-05  t_peak=29851  comparison cadence=59702  difference=0.57500  below=0/3
t=78608  fraction=0.62500  peak_slope=2.814e-05  t_peak=28856  comparison cadence=57712  difference=0.57000  below=0/3
t=83583  fraction=0.64500  peak_slope=3.015e-05  t_peak=29851  comparison cadence=59702  difference=0.55500  below=0/3
t=79603  fraction=0.62500  peak_slope=2.814e-05  t_peak=28856  comparison cadence=57712  difference=0.55500  below=0/3
t=84578  fraction=0.65000  peak_slope=3.015e-05  t_peak=29851  comparison cadence=59702  difference=0.54500  below=0/3
t=80598  fraction=0.63000  peak_slope=2.814e-05  t_peak=28856  comparison cadence=57712  difference=0.51000  below=0/3
t=85573  fraction=0.65000  peak_slope=3.015e-05  t_peak=29851  comparison cadence=59702  difference=0.51000  below=0/3
t=81593  fraction=0.63000  peak_slope=2.814e-05  t_peak=28856  comparison cadence=57712  difference=0.49000  below=0/3
t=86568  fraction=0.65000  peak_slope=3.015e-05  t_peak=29851  comparison cadence=59702  difference=0.48000  below=0/3
t=82588  fraction=0.63000  peak_slope=2.814e-05  t_peak=28856  comparison cadence=57712  difference=0.46000  below=0/3
t=87563  fraction=0.65000  peak_slope=3.015e-05  t_peak=29851  comparison cadence=59702  difference=0.44500  below=0/3
t=88558  fraction=0.65000  peak_slope=3.015e-05  t_peak=29851  comparison cadence=59702  difference=0.43000  below=0/3
t=83583  fraction=0.63000  peak_slope=2.814e-05  t_peak=28856  comparison cadence=57712  difference=0.44000  below=0/3
t=89553  fraction=0.65500  peak_slope=3.015e-05  t_peak=29851  comparison cadence=59702  difference=0.40000  below=0/3
Saved 66 remaining particles to /scratch/group/p.phy260085.000//Mass_Fraction/Outputs/Ejection_Results/remaining_particles_2117473_0.csv
t=84578  fraction=0.63000  peak_slope=2.814e-05  t_peak=28856  comparison cadence=57712  difference=0.42000  below=0/3
t=85573  fraction=0.64000  peak_slope=2.814e-05  t_peak=28856  comparison cadence=57712  difference=0.39500  below=0/3
t=86568  fraction=0.64000  peak_slope=2.814e-05  t_peak=28856  comparison cadence=57712  difference=0.36000  below=0/3
t=87563  fraction=0.64500  peak_slope=2.814e-05  t_peak=28856  comparison cadence=57712  difference=0.33500  below=0/3
t=88558  fraction=0.64500  peak_slope=2.814e-05  t_peak=28856  comparison cadence=57712  difference=0.32000  below=0/3
t=89553  fraction=0.64500  peak_slope=2.814e-05  t_peak=28856  comparison cadence=57712  difference=0.31500  below=0/3
Saved 70 remaining particles to /scratch/group/p.phy260085.000//Mass_Fraction/Outputs/Ejection_Results/remaining_particles_2117473_0.csv
