==========================================
Mass Fraction MPI Run
==========================================
Date:               Fri Sep 18 23:38:17 CDT 2026
Host:               ac047
Array job ID:       2143305
Array task ID:      0
MPI ranks:          4
CPUs per task:      1
Nodes allocated:    2
Python:             /scratch/user/u.hm357857/.conda/envs/comets/bin/python
Conda environment:  /scratch/user/u.hm357857/.conda/envs/comets
==========================================

1.7510487592417818
1.415558039688677
0.8351876473808382
0.5912408992210993
2.0187081253168837
1.88646939748996
1.5775447629006534
1.253350480978869
0.5954940877672732
0.6135714624673628
2.4467689532392836
1.428856688979428
2.3551311380968145
1.6972155573147119
1.0844852103844365
1.8627884054590782
1.703138873791119
2.2964400830040876
1.508252234136653
2.2324906545548364
1.7143341673881989
1.8024372736083798
0.6024397487377826
0.7994379786921166
2.1076546411109707
2.24756629769536
0.9484117188589789
0.834630015021097
0.6393638023336552
0.8384177855879297
1.0543413064766212
2.279200726538744
1.1158778505820692
2.162082243489816
0.8946893294317024
0.8094825910477788
2.3100569347878044
1.434946896846169
1.0517345938624811
1.749970870563062
0.7541780317284451
0.6099805980716784
2.104170807428346
1.9893674151470528
1.9638186162297477
2.2708156968640183
2.1807011942111303
1.0075752209780156
0.6505266301300594
0.5935447063866026
0.7237291387392133
0.9316707730525128
0.5144886425434425
0.6650387851071959
0.8847491763723371
0.677783618681288
0.781612311119198
0.533605519802094
1.3212290800439526
1.730107584985201
1.5816668214042147
2.08431030029287
1.3556564861519478
2.3336623905669542
0.8793620953535659
0.9829942389595795
1.0160510483564364
2.062916325998572
1.7021962993531088
1.593076506020687
1.6740507811492094
2.009172536356723
1.334877133516446
1.4134515019758287
0.5676958813624546
0.749131187616921
0.7059446713350008
0.7809848655456266
0.8873227281716767
0.9757233380353958
2.2173398808320415
1.3608227404285222
0.8554348681898383
0.7027459148663806
2.1497939209469004
1.7231633594080564
1.7249468421130698
1.027458443188225
0.8285276112261502
0.749273443367495
1.553619695450531
1.2386866118375537
0.9244403979675586
0.8318140462588346
0.5444747137007541
0.7989848752724045
1.2300233722502076
1.3899124835692218
1.8797857168128678
1.5077339637009368
0.9204055920096516
0.8005769353308365
0.9504029785630193
0.5883341825198549
0.6213688404536244
0.8299958734514522
0.643447996835044
0.9060432767292323
1.4554078162268038
1.0346884260127396
0.8673036630226647
0.9144162296238719
2.3037523976317646
1.99856425638065
2.3308245259467433
2.1791295693494863
0.8632185238648002
0.5716205954602935
0.5094254022609306
0.7047370705613938
2.3879107992130075
1.9925629554010538
1.9329008777746586
2.050856165837855
1.0931499017638826
1.8989117605190224
1.8707755155270918
2.4445193055736265
0.8550626163910214
0.631130022218945
2.1391988236706077
1.5318455637106105
1.0377823577065346
1.6560260924199874
0.9818988421835397
0.6581205802250263
2.1498121659662677
1.843514110065591
0.5308497973722752
0.6942579852448927
1.4237342758678293
1.319111814580771
0.6455302470934081
0.9449939248081005
1.4755641048238624
2.2467121111328723
2.4561415357022014
2.229896473917056
1.5964062619280404
1.1709073084895096
2.117991792881839
1.1661102463472721
1.2541843573338527
1.6450371601819853
1.4767846269380591
2.4007425153282247
1.9165419063496842
2.380016577943447
2.027782235780213
2.1586199507238977
1.4919057691169177
2.197819105358433
2.2172001732209363
1.8701028622510187
0.7907723941031737
0.8585896315137788
1.1754917674830008
1.9597303499801928
0.9537548891340054
0.9055795566795053
0.9359318763064983
0.6223262515190164
1.0127293498070866
1.4835065192342565
0.8988309973916717
0.8802983141908516
0.7449220908893501
0.5500914185159889
1.2648610427851303
1.8176763739706505
1.0499005126228687
1.81636008314684
0.5121710340516449
0.6254305528071598
0.9101974077176385
0.8890081081622079
1.425725014290417
2.3045302263146388
2.2765138252065458
2.4549692313582243
0.8117903095416794
0.9203272201335841
2.218074156533741
1.0437240668097654
0.5051153071695509
0.5298138243344048
0.8712877000558578
0.6674420779452113
1.366180560578013
1.759258322158209
2.2274415731171775
1.9790866244833127
0.8202895792834537
0.6913184064181013
0.6557033679819524
0.528914692172959
0.9038386653524673
0.5549870989877654
0.6545347426628203
0.9330594272440347
1.776727735275644
1.4006541282474536
0.8985475565427206
0.7678624247968252
0.9934207585118396
0.9727488124602934
0.6876733783590553
0.7957323140436757
0.7701074819397938
0.9382956239058309
0.6536274105560159
0.648438676833216
0.9036488529716675
0.6121680877576314
1.9698188147641014
2.15952111993236
0.6379793128397804
0.6781953381046752
1.029086426811726
1.9966373291742316
0.6215921462081098
0.6790106776348059
0.5577230871670027
0.9881836419179593
1.8819232716368153
1.0703944352442658
1.8949961216195959
2.346157923704336
1.7299687133361743
2.3660319590783017
1.870605861113737
1.7246121467019955
0.5491894563706785
0.6935054948656951
1.0483190447447894
2.0888988240417694
1.4147935452196179
1.2061221052627868
1.3288002492611348
2.3996570889400166
0.7251611261162674
0.995868902426646
1.4530678879034202
1.3375108638954567
0.7505831508780374
0.6105749971482484
1.3053044364772126
1.8068749817995287
0.9962607099825427
0.8067905339554666
1.248817778891219
1.4889672404170498
0.7550793300668396
0.5324335515438561
0.8455774468700864
0.6667182786273946
1.4570765158849923
1.7947499421194022
0.9046693483771935
0.8485494011182186
1.14735771568192
1.804727437265119
1.231007103006804
2.4783796660461705
0.5963564434131923
0.7031414940310199
0.8793102762190044
0.757833556626814
0.6166673632449993
0.8148463905839651
1.8142424949449814
2.272622214697569
1.749722544372108
2.208571624257488
1.3100618483841455
2.1630337911162725
1.4003320390917036
1.0935597873046126
0.6464700929884932
0.8921852792451572
0.8514247173168995
0.6780549329454892
1.9202056095973163
1.3369553702925032
0.5358506115266382
0.882964926457708
0.8851687874113582
0.8036015985445714
1.2408634965060605
2.240039636860683
0.5597204722605118
0.987920415429011
1.4250321357360811
1.7799589911872034
2.4276954259659815
2.4665183215629316
0.8983229349209962
0.7196541880121985
1.3001774210077128
1.9224048704620695
1.2219459803333157
2.4271578669726717
1.9667513586069911
1.185865525048355
1.1978975874277458
1.5738263771996328
0.6912713751671807
0.8726210337463276
1.888713918483335
1.6900439862397454
1.094112077669855
1.8436813059540624
1.343949316172046
1.0826956844903675
0.6423800336754486
0.7792106698829451
1.517119328806937
1.2265883889931266
0.5931047209025528
0.9791637457380196
1.3870706844139704
1.596172670572082
0.5284950380487838
0.656288305784517
1.5851369567511404
2.493584929612712
2.0730464901177643
1.7110324560568055
1.3961947036507416
1.9320299809515313
0.5997671734448518
0.5460757940973378
1.7152212578951247
1.1071762329931012
2.0176314209781996
1.5466793507069927
1.758393759546761
2.3088384690074775
0.5184971770492202
0.7467021082681629
0.7981303064058587
0.6086797159789541
0.8005512144401685
0.8667829869241512
1.380739696198733
1.648306495402019
0.654781721554544
0.6165810928010255
0.9463848691649249
0.5223136853934727
0.7082365180665483
0.9097658653704523
0.9622241383113554
0.7520354535753261
1.6215272532077543
1.1764789214193412
1.7461924434273866
1.284224743497769
2.2019331503093227
2.113621451850435
0.5273982173247722
0.5184020874677678
0.5609133360985498
0.5906755127258119
1.1237475177303193
1.5523826618130907
0.7349660203670865
0.7095112405694797
0.8008241532293277
0.7749231782606014
0.6964569748894633
0.6563930400523303
0.9427301831985575
0.7424236487867357
0.5619814523812894
0.7956412457971982
0.588379793524672
0.8864437140675141
2.216839552370569
2.104724423328186
2.3998269519076145
1.6697029799192893
2.160139620253085
1.471514449138318
0.8937859524318965
0.9205294275229445
1.6465466469894667
2.2918977059554813
1.9210157119649427
1.8280245878308405
Running 200 simulations with 1 MPI ranks
Rank 0: 200 simulations
Running 200 simulations with 1 MPI ranks
Rank 0: 200 simulations
1.6545866505543287
1.9395773253726039
0.7760179925634512
0.7245401071103309
1.7735956913331918
2.2642705147321447
2.27880568316385
1.6866697774586756
0.9224141404146662
0.7621828434796015
1.4073326411134015
2.4575649702410858
1.4057007114017368
2.4318474038969256
2.1078429643419003
1.8438660264467701
1.0577617283200207
1.253341487432364
2.4443697464722627
2.4040921633015895
2.4677812767253053
2.1222316158197647
0.992473057143981
0.5397650713373852
2.178703912236417
1.1877295900775513
0.7868004801882551
0.5891116364927338
0.8214083517131074
0.6752933383910891
1.5852402800635967
1.5161151408590263
1.3867471456462113
1.2972203703432794
0.7810647278592086
0.8732913570210991
1.958628496156788
1.6619401249350398
1.302834753387731
1.3357715243982073
0.6777175304351393
0.5837891793592749
1.393041154294941
1.370541924495177
1.4253854065982918
2.382944534083828
1.1565279772562307
1.2204206985915147
0.5741736584052222
0.7477668294789319
0.6589726536151824
0.9591521478782135
0.7857704627264197
0.8323175420225005
0.6491279225778512
0.5284697836008388
0.6462529488214794
0.5092512603591606
2.1538983098765794
1.0337777757372217
1.2299964475728884
1.0564001367667386
1.6073296562029808
1.9929113887567316
0.5263688374676434
0.5819898655943465
1.980473789650878
1.164247021765326
2.1615145660999033
1.129337313289277
2.123000793342193
1.4076076188372686
1.8130716619712697
1.3642684258497721
0.7909644972829226
0.7079711021734072
0.6766619789746743
0.870775896441401
0.6847733535771697
0.9145708903812013
2.319282697338572
2.0613827043736914
0.5679062587633646
0.9129847564742046
2.407246232523822
2.106784152310434
2.392633395904849
2.423334670203122
0.9866340931814463
0.9185497387614242
2.0316338812422545
1.2167715045248761
0.6902917797009607
0.7574206877918817
0.7749673107922772
0.6154226885572625
2.4726851415713096
2.1485575792699545
2.413272381505643
2.073284844581822
0.6149874833658795
0.5688079568196371
0.7225530461701551
0.5472300977394047
0.8667482946456531
0.999249106714641
0.8499108842342801
0.5950836390592167
1.9276915912939872
1.9492301926541051
0.6599462811461323
0.8719699936873214
1.9475561335924891
1.1530468078462586
2.370013065438453
1.039081954207501
0.9022229703782686
0.5124833104776348
0.6008488576951467
0.6998968188858807
2.47390188751488
1.8483225949644864
1.1542371578639337
1.7992705110735183
1.3208892201896696
1.724453008269851
2.4531441153090414
2.050997261283162
0.6841058084186017
0.6515887507615805
1.0843786346150943
1.4890072598679587
1.8274812859638168
2.158465251870556
0.6516055337082329
0.6144407983006799
2.330002457810953
1.755681305120523
0.9593213962062206
0.837492373227588
1.2616395602142223
1.6223175638574587
0.751535856626238
0.7906380151681387
1.1915813285986443
1.7012983653570313
1.7792482646419325
1.337300915110977
1.6444207398024133
2.2046012219957007
2.286940440093725
2.4433983577579927
1.6617966939621824
1.1367171226003419
1.9401014647506343
2.3097880763865835
1.025332292104291
2.4028783122680855
2.0438658640542577
2.1150163199328977
2.238612771963544
1.6439967909595516
2.2029264849590304
2.145577189441748
0.8204904756211394
0.6231746753677356
2.024689165024416
1.5168461810671152
0.8067328332431627
0.5791434279793852
0.8127269967360347
0.887858443161164
1.4860964390491618
1.4151527078785782
0.8471760995165435
0.6901059404476529
0.5838484043232801
0.6133691596426221
1.3390595894699333
1.8115101915536578
1.6577330338052665
1.1381882864068342
0.600444631970375
0.878273154870577
0.9779832574520928
0.911123491528682
1.4298264640294311
2.2873971036282805
1.0184631034108063
1.1199804978743342
0.5589098763764745
0.7913732057718528
1.5309442161896076
1.653454065842644
0.8425593170107829
0.6785891018711934
0.6725330550456375
0.6951833250641464
1.2460764985922712
1.5459002948366845
2.0563867676211784
1.7501669718914172
0.9013859371701345
0.6024249160179294
0.6411056041341292
0.8432717302154276
0.5799895256878869
0.5942658699442435
0.8105229250950473
0.5632566478146384
1.4478257112325534
1.549306186253421
0.8776956283704687
0.695147828491077
0.7155198119549651
0.9839225534385099
0.9141955810329971
0.7187968517438437
0.8772847864926666
0.5914048096103794
0.8806503330776823
0.7373914616405016
0.6224840884069783
0.8227299114997708
1.7384739772205071
0.7718788297003853
1.657385777059663
2.3629638850390977
0.9836901704529053
1.6016679905854918
0.8279549472593808
0.728117481844411
0.591416133754638
0.7186581614129502
1.2181106238855668
1.548191891882764
1.4235066471883826
1.7993205102706842
1.2848273051963797
1.2949962360783114
1.7086079559164378
0.7543915235126084
2.3711935813208607
0.6516563530452631
1.7034065266549163
1.906886057819737
2.2406536754669113
2.4427152785283637
1.3415756849993583
0.8343565715581653
1.0612238116524233
0.6281299737426489
1.5983375981431998
0.8568803615279907
1.8276018113070664
0.6066652526120169
1.1941784244823985
1.771169110006361
0.7534457587064769
0.7185364160581134
2.498251841853512
1.6445768265846086
0.6185197221096368
0.680766883136517
0.8200248943703219
2.137645097993711
0.5305796648190139
1.1672386275282804
0.710065616360159
0.944485452074104
2.114147138143041
1.991181822066448
2.4790283295126674
1.3610203191221073
0.6649268362925969
0.8619196717677069
0.8253370085132274
0.625101878388493
0.7113855340616344
0.8923334995318934
1.270613112747685
2.370531545205105
2.499885291686124
2.3816787232381
2.213224528551487
2.078499770718372
2.3393050928844468
2.213799150009817
0.6616688684744256
0.5786780056135423
0.6448746514444516
0.8560599059094289
1.9830713340708273
1.2816669287588904
0.6986648126006405
0.6899863440229268
0.7775300922803188
0.786769188994727
2.035848153493778
1.5401415520251112
0.6304571373776144
0.7639110304144215
1.2371300516838915
1.668797958664478
2.1667271566853743
2.011837729137826
0.5268818516115701
0.8904367597298626
1.5953309317375615
2.2373923643337466
2.4699779888890028
2.1645089902648813
1.2922542325929378
1.5377471205414233
1.18929863729397
1.7103162746411347
0.5230714772278195
0.6217991001561536
1.222843057967648
2.0808015876184736
2.465991834222492
1.5001330797255883
1.4987443288538744
1.4433675061231617
0.8508264716046037
0.817934191779535
1.2701731893312402
2.361351063569233
0.6932259339990353
0.695996587700099
2.432958157055831
0.8161316122649585
1.4816754394980267
0.5434390847277112
1.5230914577954837
1.938026524171358
1.6115284269430403
1.9044863446666727
1.4179534820479138
1.0225678469705222
0.5094836363365061
0.9940372372435813
2.0110431102586035
2.233251456197509
2.47957623031296
1.1845559981599774
2.065251895644542
1.723738498360644
0.6232492131086911
0.8978724036972563
0.606292347797189
0.6524159655312292
0.7973750618484736
0.746532505792231
2.1672874952850094
1.3791552644505654
0.6257223953952599
0.8684297607853133
0.710454835766296
0.586145319657552
0.8180712218725217
0.8072676889438475
0.7405756179547097
0.6088234944569229
1.0930234833282175
2.184057956220342
1.9221499148479548
1.3930781298077282
1.1736504900457714
1.1039333252291665
0.851477724627026
0.5862193681900967
0.8626822791168163
0.8241257774551196
1.9130778581710408
2.1295165971477727
0.6622095392011305
0.6656525733869784
0.7353499212680502
0.6382903369548837
0.6180301855021355
0.9058168671605782
0.6848820611426254
0.9234345474227803
0.7896106268937502
0.6791410730096621
0.7535417695255432
0.8550898111635348
1.062113953034048
1.0843593299140426
1.2353387177258504
2.216240027242298
1.237272283955773
1.5302020001448966
0.8007485668409204
0.5483522471836103
2.0145882946665323
1.7542101091365534
2.45534073334506
1.1563680023662462
Running 200 simulations with 1 MPI ranks
Rank 0: 200 simulations
Running 200 simulations with 1 MPI ranks
Rank 0: 200 simulations
t=45772  fraction=0.37500  peak_slope=1.809e-05  t_peak=22886  comparison cadence=45772  difference=0.37500  below=0/3
t=46767  fraction=0.38000  peak_slope=1.809e-05  t_peak=22886  comparison cadence=45772  difference=0.38000  below=0/3
t=47762  fraction=0.38500  peak_slope=1.809e-05  t_peak=22886  comparison cadence=45772  difference=0.38500  below=0/3
t=48757  fraction=0.39000  peak_slope=1.809e-05  t_peak=22886  comparison cadence=45772  difference=0.39000  below=0/3
t=49752  fraction=0.39500  peak_slope=1.809e-05  t_peak=22886  comparison cadence=45772  difference=0.39500  below=0/3
t=50747  fraction=0.41000  peak_slope=1.809e-05  t_peak=22886  comparison cadence=45772  difference=0.41000  below=0/3
t=51742  fraction=0.41500  peak_slope=1.809e-05  t_peak=22886  comparison cadence=45772  difference=0.41500  below=0/3
t=52737  fraction=0.41500  peak_slope=1.809e-05  t_peak=22886  comparison cadence=45772  difference=0.41500  below=0/3
t=53732  fraction=0.41500  peak_slope=1.809e-05  t_peak=22886  comparison cadence=45772  difference=0.41500  below=0/3
t=54727  fraction=0.42000  peak_slope=1.809e-05  t_peak=22886  comparison cadence=45772  difference=0.42000  below=0/3
t=55722  fraction=0.42500  peak_slope=1.809e-05  t_peak=22886  comparison cadence=45772  difference=0.42500  below=0/3
t=56717  fraction=0.42500  peak_slope=1.809e-05  t_peak=22886  comparison cadence=45772  difference=0.42500  below=0/3
t=57712  fraction=0.43000  peak_slope=1.809e-05  t_peak=22886  comparison cadence=45772  difference=0.43000  below=0/3
t=58707  fraction=0.43000  peak_slope=1.809e-05  t_peak=22886  comparison cadence=45772  difference=0.43000  below=0/3
t=55722  fraction=0.41000  peak_slope=1.909e-05  t_peak=27861  comparison cadence=55722  difference=0.41000  below=0/3
t=59702  fraction=0.43000  peak_slope=1.809e-05  t_peak=22886  comparison cadence=45772  difference=0.43000  below=0/3
t=56717  fraction=0.41000  peak_slope=1.909e-05  t_peak=27861  comparison cadence=55722  difference=0.41000  below=0/3
t=60697  fraction=0.43500  peak_slope=1.809e-05  t_peak=22886  comparison cadence=45772  difference=0.43500  below=0/3
t=57712  fraction=0.41000  peak_slope=1.909e-05  t_peak=27861  comparison cadence=55722  difference=0.41000  below=0/3
t=61692  fraction=0.44000  peak_slope=1.809e-05  t_peak=22886  comparison cadence=45772  difference=0.44000  below=0/3
t=58707  fraction=0.41000  peak_slope=1.909e-05  t_peak=27861  comparison cadence=55722  difference=0.41000  below=0/3
t=62687  fraction=0.45000  peak_slope=1.809e-05  t_peak=22886  comparison cadence=45772  difference=0.44500  below=0/3
t=59702  fraction=0.41500  peak_slope=1.909e-05  t_peak=27861  comparison cadence=55722  difference=0.41500  below=0/3
t=63682  fraction=0.45000  peak_slope=1.809e-05  t_peak=22886  comparison cadence=45772  difference=0.43000  below=0/3
t=60697  fraction=0.42500  peak_slope=1.909e-05  t_peak=27861  comparison cadence=55722  difference=0.42500  below=0/3
t=64677  fraction=0.46000  peak_slope=1.809e-05  t_peak=22886  comparison cadence=45772  difference=0.42500  below=0/3
t=61692  fraction=0.42500  peak_slope=1.909e-05  t_peak=27861  comparison cadence=55722  difference=0.42500  below=0/3
t=65672  fraction=0.46500  peak_slope=1.809e-05  t_peak=22886  comparison cadence=45772  difference=0.40500  below=0/3
t=62687  fraction=0.43000  peak_slope=1.909e-05  t_peak=27861  comparison cadence=55722  difference=0.43000  below=0/3
t=66667  fraction=0.46500  peak_slope=1.809e-05  t_peak=22886  comparison cadence=45772  difference=0.39500  below=0/3
t=53732  fraction=0.35500  peak_slope=1.608e-05  t_peak=26866  comparison cadence=53732  difference=0.35500  below=0/3
t=63682  fraction=0.43000  peak_slope=1.909e-05  t_peak=27861  comparison cadence=55722  difference=0.43000  below=0/3
t=67663  fraction=0.47000  peak_slope=1.809e-05  t_peak=22886  comparison cadence=45772  difference=0.38000  below=0/3
t=54727  fraction=0.36500  peak_slope=1.608e-05  t_peak=26866  comparison cadence=53732  difference=0.36500  below=0/3
t=64677  fraction=0.43500  peak_slope=1.909e-05  t_peak=27861  comparison cadence=55722  difference=0.43500  below=0/3
t=68658  fraction=0.47000  peak_slope=1.809e-05  t_peak=22886  comparison cadence=45772  difference=0.36000  below=0/3
t=55722  fraction=0.36500  peak_slope=1.608e-05  t_peak=26866  comparison cadence=53732  difference=0.36500  below=0/3
t=65672  fraction=0.44000  peak_slope=1.909e-05  t_peak=27861  comparison cadence=55722  difference=0.44000  below=0/3
t=69653  fraction=0.47500  peak_slope=1.809e-05  t_peak=22886  comparison cadence=45772  difference=0.35500  below=0/3
t=66667  fraction=0.44500  peak_slope=1.909e-05  t_peak=27861  comparison cadence=55722  difference=0.44500  below=0/3
t=56717  fraction=0.37000  peak_slope=1.608e-05  t_peak=26866  comparison cadence=53732  difference=0.37000  below=0/3
t=70648  fraction=0.47500  peak_slope=1.809e-05  t_peak=22886  comparison cadence=45772  difference=0.34000  below=0/3
t=67663  fraction=0.45000  peak_slope=1.909e-05  t_peak=27861  comparison cadence=55722  difference=0.45000  below=0/3
t=71643  fraction=0.47500  peak_slope=1.809e-05  t_peak=22886  comparison cadence=45772  difference=0.33000  below=0/3
t=57712  fraction=0.37000  peak_slope=1.608e-05  t_peak=26866  comparison cadence=53732  difference=0.37000  below=0/3
t=68658  fraction=0.45500  peak_slope=1.909e-05  t_peak=27861  comparison cadence=55722  difference=0.45500  below=0/3
t=72638  fraction=0.47500  peak_slope=1.809e-05  t_peak=22886  comparison cadence=45772  difference=0.31500  below=0/3
t=58707  fraction=0.38000  peak_slope=1.608e-05  t_peak=26866  comparison cadence=53732  difference=0.38000  below=0/3
t=73633  fraction=0.47500  peak_slope=1.809e-05  t_peak=22886  comparison cadence=45772  difference=0.28500  below=0/3
t=69653  fraction=0.45500  peak_slope=1.909e-05  t_peak=27861  comparison cadence=55722  difference=0.45500  below=0/3
t=59702  fraction=0.38500  peak_slope=1.608e-05  t_peak=26866  comparison cadence=53732  difference=0.38500  below=0/3
t=74628  fraction=0.47500  peak_slope=1.809e-05  t_peak=22886  comparison cadence=45772  difference=0.27500  below=0/3
t=70648  fraction=0.45500  peak_slope=1.909e-05  t_peak=27861  comparison cadence=55722  difference=0.45500  below=0/3
t=75623  fraction=0.47500  peak_slope=1.809e-05  t_peak=22886  comparison cadence=45772  difference=0.25500  below=0/3
t=60697  fraction=0.38500  peak_slope=1.608e-05  t_peak=26866  comparison cadence=53732  difference=0.38500  below=0/3
t=71643  fraction=0.46000  peak_slope=1.909e-05  t_peak=27861  comparison cadence=55722  difference=0.46000  below=0/3
t=65672  fraction=0.45500  peak_slope=2.211e-05  t_peak=32836  comparison cadence=65672  difference=0.45500  below=0/3
t=76618  fraction=0.47500  peak_slope=1.809e-05  t_peak=22886  comparison cadence=45772  difference=0.24500  below=0/3
t=72638  fraction=0.46000  peak_slope=1.909e-05  t_peak=27861  comparison cadence=55722  difference=0.45500  below=0/3
t=61692  fraction=0.39000  peak_slope=1.608e-05  t_peak=26866  comparison cadence=53732  difference=0.39000  below=0/3
t=66667  fraction=0.46000  peak_slope=2.211e-05  t_peak=32836  comparison cadence=65672  difference=0.46000  below=0/3
t=77613  fraction=0.47500  peak_slope=1.809e-05  t_peak=22886  comparison cadence=45772  difference=0.23000  below=0/3
t=73633  fraction=0.46000  peak_slope=1.909e-05  t_peak=27861  comparison cadence=55722  difference=0.45000  below=0/3
t=62687  fraction=0.39500  peak_slope=1.608e-05  t_peak=26866  comparison cadence=53732  difference=0.39500  below=0/3
t=78608  fraction=0.47500  peak_slope=1.809e-05  t_peak=22886  comparison cadence=45772  difference=0.21500  below=0/3
t=67663  fraction=0.46000  peak_slope=2.211e-05  t_peak=32836  comparison cadence=65672  difference=0.46000  below=0/3
t=74628  fraction=0.46500  peak_slope=1.909e-05  t_peak=27861  comparison cadence=55722  difference=0.45000  below=0/3
t=63682  fraction=0.39500  peak_slope=1.608e-05  t_peak=26866  comparison cadence=53732  difference=0.39500  below=0/3
t=79603  fraction=0.47500  peak_slope=1.809e-05  t_peak=22886  comparison cadence=45772  difference=0.20500  below=0/3
t=68658  fraction=0.46000  peak_slope=2.211e-05  t_peak=32836  comparison cadence=65672  difference=0.46000  below=0/3
t=75623  fraction=0.47000  peak_slope=1.909e-05  t_peak=27861  comparison cadence=55722  difference=0.45500  below=0/3
t=80598  fraction=0.48000  peak_slope=1.809e-05  t_peak=22886  comparison cadence=45772  difference=0.20000  below=0/3
t=64677  fraction=0.40500  peak_slope=1.608e-05  t_peak=26866  comparison cadence=53732  difference=0.40500  below=0/3
t=76618  fraction=0.47000  peak_slope=1.909e-05  t_peak=27861  comparison cadence=55722  difference=0.44000  below=0/3
t=69653  fraction=0.46500  peak_slope=2.211e-05  t_peak=32836  comparison cadence=65672  difference=0.46500  below=0/3
t=81593  fraction=0.48000  peak_slope=1.809e-05  t_peak=22886  comparison cadence=45772  difference=0.19000  below=0/3
t=77613  fraction=0.47500  peak_slope=1.909e-05  t_peak=27861  comparison cadence=55722  difference=0.43000  below=0/3
t=65672  fraction=0.41000  peak_slope=1.608e-05  t_peak=26866  comparison cadence=53732  difference=0.41000  below=0/3
t=70648  fraction=0.46500  peak_slope=2.211e-05  t_peak=32836  comparison cadence=65672  difference=0.46500  below=0/3
t=82588  fraction=0.48000  peak_slope=1.809e-05  t_peak=22886  comparison cadence=45772  difference=0.17500  below=0/3
t=78608  fraction=0.48500  peak_slope=1.909e-05  t_peak=27861  comparison cadence=55722  difference=0.43000  below=0/3
t=66667  fraction=0.41000  peak_slope=1.608e-05  t_peak=26866  comparison cadence=53732  difference=0.41000  below=0/3
t=71643  fraction=0.46500  peak_slope=2.211e-05  t_peak=32836  comparison cadence=65672  difference=0.46500  below=0/3
t=83583  fraction=0.48000  peak_slope=1.809e-05  t_peak=22886  comparison cadence=45772  difference=0.16500  below=0/3
t=79603  fraction=0.49500  peak_slope=1.909e-05  t_peak=27861  comparison cadence=55722  difference=0.40500  below=0/3
t=72638  fraction=0.46500  peak_slope=2.211e-05  t_peak=32836  comparison cadence=65672  difference=0.46500  below=0/3
t=84578  fraction=0.48000  peak_slope=1.809e-05  t_peak=22886  comparison cadence=45772  difference=0.15500  below=0/3
t=67663  fraction=0.41500  peak_slope=1.608e-05  t_peak=26866  comparison cadence=53732  difference=0.41500  below=0/3
t=80598  fraction=0.49500  peak_slope=1.909e-05  t_peak=27861  comparison cadence=55722  difference=0.39000  below=0/3
t=85573  fraction=0.48500  peak_slope=1.809e-05  t_peak=22886  comparison cadence=45772  difference=0.15000  below=0/3
t=73633  fraction=0.46500  peak_slope=2.211e-05  t_peak=32836  comparison cadence=65672  difference=0.46500  below=0/3
t=68658  fraction=0.41500  peak_slope=1.608e-05  t_peak=26866  comparison cadence=53732  difference=0.41500  below=0/3
t=81593  fraction=0.49500  peak_slope=1.909e-05  t_peak=27861  comparison cadence=55722  difference=0.37500  below=0/3
t=86568  fraction=0.49000  peak_slope=1.809e-05  t_peak=22886  comparison cadence=45772  difference=0.15000  below=0/3
t=74628  fraction=0.46500  peak_slope=2.211e-05  t_peak=32836  comparison cadence=65672  difference=0.46500  below=0/3
t=82588  fraction=0.50000  peak_slope=1.909e-05  t_peak=27861  comparison cadence=55722  difference=0.37500  below=0/3
t=69653  fraction=0.42000  peak_slope=1.608e-05  t_peak=26866  comparison cadence=53732  difference=0.42000  below=0/3
t=87563  fraction=0.49000  peak_slope=1.809e-05  t_peak=22886  comparison cadence=45772  difference=0.14000  below=0/3
t=75623  fraction=0.46500  peak_slope=2.211e-05  t_peak=32836  comparison cadence=65672  difference=0.46500  below=0/3
t=83583  fraction=0.50000  peak_slope=1.909e-05  t_peak=27861  comparison cadence=55722  difference=0.35000  below=0/3
t=70648  fraction=0.43000  peak_slope=1.608e-05  t_peak=26866  comparison cadence=53732  difference=0.43000  below=0/3
t=88558  fraction=0.49000  peak_slope=1.809e-05  t_peak=22886  comparison cadence=45772  difference=0.12000  below=0/3
t=84578  fraction=0.50000  peak_slope=1.909e-05  t_peak=27861  comparison cadence=55722  difference=0.33500  below=0/3
t=76618  fraction=0.46500  peak_slope=2.211e-05  t_peak=32836  comparison cadence=65672  difference=0.46500  below=0/3
t=89553  fraction=0.49000  peak_slope=1.809e-05  t_peak=22886  comparison cadence=45772  difference=0.12000  below=0/3
t=71643  fraction=0.43500  peak_slope=1.608e-05  t_peak=26866  comparison cadence=53732  difference=0.43500  below=0/3
t=85573  fraction=0.50000  peak_slope=1.909e-05  t_peak=27861  comparison cadence=55722  difference=0.31500  below=0/3
t=77613  fraction=0.46500  peak_slope=2.211e-05  t_peak=32836  comparison cadence=65672  difference=0.46500  below=0/3
t=90548  fraction=0.49500  peak_slope=1.809e-05  t_peak=22886  comparison cadence=45772  difference=0.12000  below=0/3
t=72638  fraction=0.43500  peak_slope=1.608e-05  t_peak=26866  comparison cadence=53732  difference=0.42500  below=0/3
t=86568  fraction=0.50500  peak_slope=1.909e-05  t_peak=27861  comparison cadence=55722  difference=0.30000  below=0/3
t=78608  fraction=0.46500  peak_slope=2.211e-05  t_peak=32836  comparison cadence=65672  difference=0.46500  below=0/3
t=91543  fraction=0.49500  peak_slope=1.809e-05  t_peak=22886  comparison cadence=45772  difference=0.12000  below=0/3
t=87563  fraction=0.50500  peak_slope=1.909e-05  t_peak=27861  comparison cadence=55722  difference=0.28500  below=0/3
t=73633  fraction=0.43500  peak_slope=1.608e-05  t_peak=26866  comparison cadence=53732  difference=0.42000  below=0/3
t=92538  fraction=0.49500  peak_slope=1.809e-05  t_peak=22886  comparison cadence=45772  difference=0.11500  below=0/3
t=79603  fraction=0.47000  peak_slope=2.211e-05  t_peak=32836  comparison cadence=65672  difference=0.47000  below=0/3
t=88558  fraction=0.51500  peak_slope=1.909e-05  t_peak=27861  comparison cadence=55722  difference=0.28500  below=0/3
t=93533  fraction=0.50500  peak_slope=1.809e-05  t_peak=22886  comparison cadence=45772  difference=0.12000  below=0/3
t=74628  fraction=0.43500  peak_slope=1.608e-05  t_peak=26866  comparison cadence=53732  difference=0.41000  below=0/3
t=80598  fraction=0.47000  peak_slope=2.211e-05  t_peak=32836  comparison cadence=65672  difference=0.47000  below=0/3
t=89553  fraction=0.51500  peak_slope=1.909e-05  t_peak=27861  comparison cadence=55722  difference=0.27000  below=0/3
t=94529  fraction=0.50500  peak_slope=1.809e-05  t_peak=22886  comparison cadence=45772  difference=0.11500  below=0/3
t=75623  fraction=0.44000  peak_slope=1.608e-05  t_peak=26866  comparison cadence=53732  difference=0.41500  below=0/3
t=81593  fraction=0.47000  peak_slope=2.211e-05  t_peak=32836  comparison cadence=65672  difference=0.46500  below=0/3
t=90548  fraction=0.52000  peak_slope=1.909e-05  t_peak=27861  comparison cadence=55722  difference=0.26000  below=0/3
t=95524  fraction=0.50500  peak_slope=1.809e-05  t_peak=22886  comparison cadence=45772  difference=0.11000  below=0/3
t=76618  fraction=0.45000  peak_slope=1.608e-05  t_peak=26866  comparison cadence=53732  difference=0.40500  below=0/3
t=82588  fraction=0.47500  peak_slope=2.211e-05  t_peak=32836  comparison cadence=65672  difference=0.47000  below=0/3
t=91543  fraction=0.52000  peak_slope=1.909e-05  t_peak=27861  comparison cadence=55722  difference=0.24000  below=0/3
t=96519  fraction=0.50500  peak_slope=1.809e-05  t_peak=22886  comparison cadence=45772  difference=0.09500  below=0/3
t=92538  fraction=0.52500  peak_slope=1.909e-05  t_peak=27861  comparison cadence=55722  difference=0.24000  below=0/3
t=77613  fraction=0.45000  peak_slope=1.608e-05  t_peak=26866  comparison cadence=53732  difference=0.38500  below=0/3
t=83583  fraction=0.47500  peak_slope=2.211e-05  t_peak=32836  comparison cadence=65672  difference=0.46500  below=0/3
t=97514  fraction=0.50500  peak_slope=1.809e-05  t_peak=22886  comparison cadence=45772  difference=0.09000  below=0/3
t=93533  fraction=0.52500  peak_slope=1.909e-05  t_peak=27861  comparison cadence=55722  difference=0.23500  below=0/3
t=98509  fraction=0.50500  peak_slope=1.809e-05  t_peak=22886  comparison cadence=45772  difference=0.09000  below=0/3
t=84578  fraction=0.47500  peak_slope=2.211e-05  t_peak=32836  comparison cadence=65672  difference=0.45000  below=0/3
t=78608  fraction=0.45500  peak_slope=1.608e-05  t_peak=26866  comparison cadence=53732  difference=0.37500  below=0/3
t=94529  fraction=0.53000  peak_slope=1.909e-05  t_peak=27861  comparison cadence=55722  difference=0.23500  below=0/3
t=99504  fraction=0.50500  peak_slope=1.809e-05  t_peak=22886  comparison cadence=45772  difference=0.09000  below=0/3
t=85573  fraction=0.48000  peak_slope=2.211e-05  t_peak=32836  comparison cadence=65672  difference=0.45000  below=0/3
t=79603  fraction=0.46500  peak_slope=1.608e-05  t_peak=26866  comparison cadence=53732  difference=0.36500  below=0/3
t=100499  fraction=0.51000  peak_slope=1.809e-05  t_peak=22886  comparison cadence=45772  difference=0.09000  below=0/3
t=95524  fraction=0.53000  peak_slope=1.909e-05  t_peak=27861  comparison cadence=55722  difference=0.22500  below=0/3
t=86568  fraction=0.48500  peak_slope=2.211e-05  t_peak=32836  comparison cadence=65672  difference=0.44500  below=0/3
t=80598  fraction=0.46500  peak_slope=1.608e-05  t_peak=26866  comparison cadence=53732  difference=0.36000  below=0/3
t=101494  fraction=0.51000  peak_slope=1.809e-05  t_peak=22886  comparison cadence=45772  difference=0.08500  below=0/3
t=96519  fraction=0.53000  peak_slope=1.909e-05  t_peak=27861  comparison cadence=55722  difference=0.22500  below=0/3
t=87563  fraction=0.48500  peak_slope=2.211e-05  t_peak=32836  comparison cadence=65672  difference=0.43000  below=0/3
t=81593  fraction=0.47000  peak_slope=1.608e-05  t_peak=26866  comparison cadence=53732  difference=0.35500  below=0/3
t=102489  fraction=0.51000  peak_slope=1.809e-05  t_peak=22886  comparison cadence=45772  difference=0.08500  below=0/3
t=97514  fraction=0.53000  peak_slope=1.909e-05  t_peak=27861  comparison cadence=55722  difference=0.21500  below=0/3
t=88558  fraction=0.49000  peak_slope=2.211e-05  t_peak=32836  comparison cadence=65672  difference=0.43000  below=0/3
t=103484  fraction=0.51000  peak_slope=1.809e-05  t_peak=22886  comparison cadence=45772  difference=0.08000  below=0/3
t=98509  fraction=0.53000  peak_slope=1.909e-05  t_peak=27861  comparison cadence=55722  difference=0.21500  below=0/3
t=82588  fraction=0.47000  peak_slope=1.608e-05  t_peak=26866  comparison cadence=53732  difference=0.33500  below=0/3
t=104479  fraction=0.51000  peak_slope=1.809e-05  t_peak=22886  comparison cadence=45772  difference=0.08000  below=0/3
t=89553  fraction=0.49500  peak_slope=2.211e-05  t_peak=32836  comparison cadence=65672  difference=0.41500  below=0/3
t=99504  fraction=0.53000  peak_slope=1.909e-05  t_peak=27861  comparison cadence=55722  difference=0.21000  below=0/3
t=83583  fraction=0.47500  peak_slope=1.608e-05  t_peak=26866  comparison cadence=53732  difference=0.31500  below=0/3
t=105474  fraction=0.51500  peak_slope=1.809e-05  t_peak=22886  comparison cadence=45772  difference=0.08500  below=0/3
t=100499  fraction=0.53500  peak_slope=1.909e-05  t_peak=27861  comparison cadence=55722  difference=0.21000  below=0/3
t=90548  fraction=0.49500  peak_slope=2.211e-05  t_peak=32836  comparison cadence=65672  difference=0.40500  below=0/3
t=84578  fraction=0.47500  peak_slope=1.608e-05  t_peak=26866  comparison cadence=53732  difference=0.29500  below=0/3
t=106469  fraction=0.51500  peak_slope=1.809e-05  t_peak=22886  comparison cadence=45772  difference=0.08000  below=0/3
t=101494  fraction=0.54000  peak_slope=1.909e-05  t_peak=27861  comparison cadence=55722  difference=0.20500  below=0/3
t=91543  fraction=0.49500  peak_slope=2.211e-05  t_peak=32836  comparison cadence=65672  difference=0.38000  below=0/3
t=107464  fraction=0.51500  peak_slope=1.809e-05  t_peak=22886  comparison cadence=45772  difference=0.07500  below=0/3
t=85573  fraction=0.47500  peak_slope=1.608e-05  t_peak=26866  comparison cadence=53732  difference=0.29500  below=0/3
t=102489  fraction=0.54000  peak_slope=1.909e-05  t_peak=27861  comparison cadence=55722  difference=0.20000  below=0/3
t=92538  fraction=0.50000  peak_slope=2.211e-05  t_peak=32836  comparison cadence=65672  difference=0.36500  below=0/3
t=108459  fraction=0.51500  peak_slope=1.809e-05  t_peak=22886  comparison cadence=45772  difference=0.06500  below=0/3
t=103484  fraction=0.54000  peak_slope=1.909e-05  t_peak=27861  comparison cadence=55722  difference=0.18500  below=0/3
t=86568  fraction=0.47500  peak_slope=1.608e-05  t_peak=26866  comparison cadence=53732  difference=0.28000  below=0/3
t=93533  fraction=0.50000  peak_slope=2.211e-05  t_peak=32836  comparison cadence=65672  difference=0.36000  below=0/3
t=109454  fraction=0.51500  peak_slope=1.809e-05  t_peak=22886  comparison cadence=45772  difference=0.06500  below=0/3
t=104479  fraction=0.54000  peak_slope=1.909e-05  t_peak=27861  comparison cadence=55722  difference=0.16500  below=0/3
t=87563  fraction=0.48000  peak_slope=1.608e-05  t_peak=26866  comparison cadence=53732  difference=0.26500  below=0/3
t=94529  fraction=0.50500  peak_slope=2.211e-05  t_peak=32836  comparison cadence=65672  difference=0.33500  below=0/3
t=110449  fraction=0.51500  peak_slope=1.809e-05  t_peak=22886  comparison cadence=45772  difference=0.05500  below=0/3
t=105474  fraction=0.54000  peak_slope=1.909e-05  t_peak=27861  comparison cadence=55722  difference=0.16000  below=0/3
t=111444  fraction=0.51500  peak_slope=1.809e-05  t_peak=22886  comparison cadence=45772  difference=0.05000  below=1/3
t=88558  fraction=0.48000  peak_slope=1.608e-05  t_peak=26866  comparison cadence=53732  difference=0.25500  below=0/3
t=95524  fraction=0.51500  peak_slope=2.211e-05  t_peak=32836  comparison cadence=65672  difference=0.32000  below=0/3
t=106469  fraction=0.54500  peak_slope=1.909e-05  t_peak=27861  comparison cadence=55722  difference=0.16500  below=0/3
t=112439  fraction=0.51500  peak_slope=1.809e-05  t_peak=22886  comparison cadence=45772  difference=0.05000  below=2/3
t=89553  fraction=0.48000  peak_slope=1.608e-05  t_peak=26866  comparison cadence=53732  difference=0.25000  below=0/3
t=96519  fraction=0.52000  peak_slope=2.211e-05  t_peak=32836  comparison cadence=65672  difference=0.30500  below=0/3
t=107464  fraction=0.55000  peak_slope=1.909e-05  t_peak=27861  comparison cadence=55722  difference=0.16500  below=0/3
t=113434  fraction=0.51500  peak_slope=1.809e-05  t_peak=22886  comparison cadence=45772  difference=0.04500  below=3/3
Stopping at t=113434.23968393877
Saved 94 remaining particles to /scratch/group/p.phy260085.000//Mass_Fraction/Outputs/Ejection_Results/remaining_particles_2143305_0.csv
t=108459  fraction=0.55000  peak_slope=1.909e-05  t_peak=27861  comparison cadence=55722  difference=0.15500  below=0/3
t=97514  fraction=0.52000  peak_slope=2.211e-05  t_peak=32836  comparison cadence=65672  difference=0.29000  below=0/3
t=90548  fraction=0.48000  peak_slope=1.608e-05  t_peak=26866  comparison cadence=53732  difference=0.24500  below=0/3
t=109454  fraction=0.55000  peak_slope=1.909e-05  t_peak=27861  comparison cadence=55722  difference=0.14500  below=0/3
t=98509  fraction=0.52500  peak_slope=2.211e-05  t_peak=32836  comparison cadence=65672  difference=0.27500  below=0/3
t=91543  fraction=0.48000  peak_slope=1.608e-05  t_peak=26866  comparison cadence=53732  difference=0.23000  below=0/3
t=110449  fraction=0.55000  peak_slope=1.909e-05  t_peak=27861  comparison cadence=55722  difference=0.14500  below=0/3
t=99504  fraction=0.52500  peak_slope=2.211e-05  t_peak=32836  comparison cadence=65672  difference=0.26000  below=0/3
t=92538  fraction=0.48000  peak_slope=1.608e-05  t_peak=26866  comparison cadence=53732  difference=0.22500  below=0/3
t=111444  fraction=0.55000  peak_slope=1.909e-05  t_peak=27861  comparison cadence=55722  difference=0.14000  below=0/3
t=100499  fraction=0.52500  peak_slope=2.211e-05  t_peak=32836  comparison cadence=65672  difference=0.24000  below=0/3
t=93533  fraction=0.48000  peak_slope=1.608e-05  t_peak=26866  comparison cadence=53732  difference=0.20500  below=0/3
t=112439  fraction=0.55000  peak_slope=1.909e-05  t_peak=27861  comparison cadence=55722  difference=0.14000  below=0/3
t=101494  fraction=0.52500  peak_slope=2.211e-05  t_peak=32836  comparison cadence=65672  difference=0.23500  below=0/3
t=113434  fraction=0.55000  peak_slope=1.909e-05  t_peak=27861  comparison cadence=55722  difference=0.14000  below=0/3
t=94529  fraction=0.48000  peak_slope=1.608e-05  t_peak=26866  comparison cadence=53732  difference=0.19000  below=0/3
t=102489  fraction=0.52500  peak_slope=2.211e-05  t_peak=32836  comparison cadence=65672  difference=0.22500  below=0/3
t=114429  fraction=0.55000  peak_slope=1.909e-05  t_peak=27861  comparison cadence=55722  difference=0.14000  below=0/3
t=95524  fraction=0.49000  peak_slope=1.608e-05  t_peak=26866  comparison cadence=53732  difference=0.18500  below=0/3
t=103484  fraction=0.52500  peak_slope=2.211e-05  t_peak=32836  comparison cadence=65672  difference=0.21500  below=0/3
t=115424  fraction=0.55000  peak_slope=1.909e-05  t_peak=27861  comparison cadence=55722  difference=0.13500  below=0/3
t=96519  fraction=0.49000  peak_slope=1.608e-05  t_peak=26866  comparison cadence=53732  difference=0.18500  below=0/3
t=116419  fraction=0.55000  peak_slope=1.909e-05  t_peak=27861  comparison cadence=55722  difference=0.12500  below=0/3
t=104479  fraction=0.52500  peak_slope=2.211e-05  t_peak=32836  comparison cadence=65672  difference=0.20500  below=0/3
t=97514  fraction=0.49000  peak_slope=1.608e-05  t_peak=26866  comparison cadence=53732  difference=0.18000  below=0/3
t=117414  fraction=0.55000  peak_slope=1.909e-05  t_peak=27861  comparison cadence=55722  difference=0.12500  below=0/3
t=105474  fraction=0.52500  peak_slope=2.211e-05  t_peak=32836  comparison cadence=65672  difference=0.20500  below=0/3
t=98509  fraction=0.49500  peak_slope=1.608e-05  t_peak=26866  comparison cadence=53732  difference=0.18500  below=0/3
t=118409  fraction=0.55000  peak_slope=1.909e-05  t_peak=27861  comparison cadence=55722  difference=0.12000  below=0/3
t=106469  fraction=0.53000  peak_slope=2.211e-05  t_peak=32836  comparison cadence=65672  difference=0.19500  below=0/3
t=119404  fraction=0.55500  peak_slope=1.909e-05  t_peak=27861  comparison cadence=55722  difference=0.12500  below=0/3
t=99504  fraction=0.49500  peak_slope=1.608e-05  t_peak=26866  comparison cadence=53732  difference=0.18500  below=0/3
t=107464  fraction=0.53500  peak_slope=2.211e-05  t_peak=32836  comparison cadence=65672  difference=0.18500  below=0/3
t=120400  fraction=0.55500  peak_slope=1.909e-05  t_peak=27861  comparison cadence=55722  difference=0.12000  below=0/3
t=100499  fraction=0.49500  peak_slope=1.608e-05  t_peak=26866  comparison cadence=53732  difference=0.17500  below=0/3
t=108459  fraction=0.53500  peak_slope=2.211e-05  t_peak=32836  comparison cadence=65672  difference=0.18000  below=0/3
t=121395  fraction=0.55500  peak_slope=1.909e-05  t_peak=27861  comparison cadence=55722  difference=0.11500  below=0/3
t=101494  fraction=0.49500  peak_slope=1.608e-05  t_peak=26866  comparison cadence=53732  difference=0.17500  below=0/3
t=109454  fraction=0.54000  peak_slope=2.211e-05  t_peak=32836  comparison cadence=65672  difference=0.18000  below=0/3
t=122390  fraction=0.55500  peak_slope=1.909e-05  t_peak=27861  comparison cadence=55722  difference=0.11000  below=0/3
t=102489  fraction=0.50000  peak_slope=1.608e-05  t_peak=26866  comparison cadence=53732  difference=0.17000  below=0/3
t=110449  fraction=0.54500  peak_slope=2.211e-05  t_peak=32836  comparison cadence=65672  difference=0.18500  below=0/3
t=123385  fraction=0.55500  peak_slope=1.909e-05  t_peak=27861  comparison cadence=55722  difference=0.10500  below=0/3
t=124380  fraction=0.55500  peak_slope=1.909e-05  t_peak=27861  comparison cadence=55722  difference=0.10000  below=0/3
t=103484  fraction=0.50000  peak_slope=1.608e-05  t_peak=26866  comparison cadence=53732  difference=0.17000  below=0/3
t=111444  fraction=0.55000  peak_slope=2.211e-05  t_peak=32836  comparison cadence=65672  difference=0.18000  below=0/3
t=125375  fraction=0.55500  peak_slope=1.909e-05  t_peak=27861  comparison cadence=55722  difference=0.10000  below=0/3
t=112439  fraction=0.55000  peak_slope=2.211e-05  t_peak=32836  comparison cadence=65672  difference=0.17500  below=0/3
t=104479  fraction=0.50000  peak_slope=1.608e-05  t_peak=26866  comparison cadence=53732  difference=0.16000  below=0/3
t=126370  fraction=0.55500  peak_slope=1.909e-05  t_peak=27861  comparison cadence=55722  difference=0.10000  below=0/3
t=113434  fraction=0.56000  peak_slope=2.211e-05  t_peak=32836  comparison cadence=65672  difference=0.17500  below=0/3
t=105474  fraction=0.50000  peak_slope=1.608e-05  t_peak=26866  comparison cadence=53732  difference=0.16000  below=0/3
t=127365  fraction=0.55500  peak_slope=1.909e-05  t_peak=27861  comparison cadence=55722  difference=0.09500  below=0/3
t=114429  fraction=0.56000  peak_slope=2.211e-05  t_peak=32836  comparison cadence=65672  difference=0.16500  below=0/3
t=106469  fraction=0.50000  peak_slope=1.608e-05  t_peak=26866  comparison cadence=53732  difference=0.14500  below=0/3
t=128360  fraction=0.55500  peak_slope=1.909e-05  t_peak=27861  comparison cadence=55722  difference=0.09500  below=0/3
t=115424  fraction=0.56000  peak_slope=2.211e-05  t_peak=32836  comparison cadence=65672  difference=0.16000  below=0/3
t=107464  fraction=0.50000  peak_slope=1.608e-05  t_peak=26866  comparison cadence=53732  difference=0.14500  below=0/3
t=129355  fraction=0.55500  peak_slope=1.909e-05  t_peak=27861  comparison cadence=55722  difference=0.09500  below=0/3
t=116419  fraction=0.56000  peak_slope=2.211e-05  t_peak=32836  comparison cadence=65672  difference=0.16000  below=0/3
t=130350  fraction=0.55500  peak_slope=1.909e-05  t_peak=27861  comparison cadence=55722  difference=0.09000  below=0/3
t=108459  fraction=0.50500  peak_slope=1.608e-05  t_peak=26866  comparison cadence=53732  difference=0.14000  below=0/3
t=117414  fraction=0.56000  peak_slope=2.211e-05  t_peak=32836  comparison cadence=65672  difference=0.15500  below=0/3
t=131345  fraction=0.55500  peak_slope=1.909e-05  t_peak=27861  comparison cadence=55722  difference=0.08500  below=0/3
t=109454  fraction=0.50500  peak_slope=1.608e-05  t_peak=26866  comparison cadence=53732  difference=0.14000  below=0/3
t=118409  fraction=0.56000  peak_slope=2.211e-05  t_peak=32836  comparison cadence=65672  difference=0.15500  below=0/3
t=132340  fraction=0.55500  peak_slope=1.909e-05  t_peak=27861  comparison cadence=55722  difference=0.08500  below=0/3
t=110449  fraction=0.51000  peak_slope=1.608e-05  t_peak=26866  comparison cadence=53732  difference=0.14000  below=0/3
t=133335  fraction=0.55500  peak_slope=1.909e-05  t_peak=27861  comparison cadence=55722  difference=0.08000  below=0/3
t=119404  fraction=0.56000  peak_slope=2.211e-05  t_peak=32836  comparison cadence=65672  difference=0.14500  below=0/3
t=111444  fraction=0.51000  peak_slope=1.608e-05  t_peak=26866  comparison cadence=53732  difference=0.14000  below=0/3
t=134330  fraction=0.55500  peak_slope=1.909e-05  t_peak=27861  comparison cadence=55722  difference=0.07000  below=0/3
t=120400  fraction=0.56000  peak_slope=2.211e-05  t_peak=32836  comparison cadence=65672  difference=0.14500  below=0/3
t=112439  fraction=0.51000  peak_slope=1.608e-05  t_peak=26866  comparison cadence=53732  difference=0.13000  below=0/3
t=135325  fraction=0.55500  peak_slope=1.909e-05  t_peak=27861  comparison cadence=55722  difference=0.06000  below=0/3
t=121395  fraction=0.56000  peak_slope=2.211e-05  t_peak=32836  comparison cadence=65672  difference=0.14500  below=0/3
t=113434  fraction=0.51000  peak_slope=1.608e-05  t_peak=26866  comparison cadence=53732  difference=0.12500  below=0/3
t=136320  fraction=0.56000  peak_slope=1.909e-05  t_peak=27861  comparison cadence=55722  difference=0.06500  below=0/3
t=122390  fraction=0.56000  peak_slope=2.211e-05  t_peak=32836  comparison cadence=65672  difference=0.14000  below=0/3
t=137315  fraction=0.56000  peak_slope=1.909e-05  t_peak=27861  comparison cadence=55722  difference=0.06500  below=0/3
t=114429  fraction=0.51000  peak_slope=1.608e-05  t_peak=26866  comparison cadence=53732  difference=0.12500  below=0/3
t=123385  fraction=0.56000  peak_slope=2.211e-05  t_peak=32836  comparison cadence=65672  difference=0.13500  below=0/3
t=138310  fraction=0.56000  peak_slope=1.909e-05  t_peak=27861  comparison cadence=55722  difference=0.06000  below=0/3
t=115424  fraction=0.51500  peak_slope=1.608e-05  t_peak=26866  comparison cadence=53732  difference=0.12500  below=0/3
t=124380  fraction=0.56500  peak_slope=2.211e-05  t_peak=32836  comparison cadence=65672  difference=0.14000  below=0/3
t=139305  fraction=0.56000  peak_slope=1.909e-05  t_peak=27861  comparison cadence=55722  difference=0.06000  below=0/3
t=116419  fraction=0.52000  peak_slope=1.608e-05  t_peak=26866  comparison cadence=53732  difference=0.12500  below=0/3
t=125375  fraction=0.57000  peak_slope=2.211e-05  t_peak=32836  comparison cadence=65672  difference=0.14000  below=0/3
t=140300  fraction=0.56000  peak_slope=1.909e-05  t_peak=27861  comparison cadence=55722  difference=0.06000  below=0/3
t=117414  fraction=0.52000  peak_slope=1.608e-05  t_peak=26866  comparison cadence=53732  difference=0.12500  below=0/3
t=141295  fraction=0.56000  peak_slope=1.909e-05  t_peak=27861  comparison cadence=55722  difference=0.06000  below=0/3
t=126370  fraction=0.57000  peak_slope=2.211e-05  t_peak=32836  comparison cadence=65672  difference=0.13500  below=0/3
t=118409  fraction=0.52000  peak_slope=1.608e-05  t_peak=26866  comparison cadence=53732  difference=0.11500  below=0/3
t=142290  fraction=0.56000  peak_slope=1.909e-05  t_peak=27861  comparison cadence=55722  difference=0.05500  below=0/3
t=127365  fraction=0.57000  peak_slope=2.211e-05  t_peak=32836  comparison cadence=65672  difference=0.13500  below=0/3
t=143285  fraction=0.56000  peak_slope=1.909e-05  t_peak=27861  comparison cadence=55722  difference=0.05500  below=0/3
t=119404  fraction=0.52000  peak_slope=1.608e-05  t_peak=26866  comparison cadence=53732  difference=0.11000  below=0/3
t=128360  fraction=0.57000  peak_slope=2.211e-05  t_peak=32836  comparison cadence=65672  difference=0.12500  below=0/3
t=144280  fraction=0.56000  peak_slope=1.909e-05  t_peak=27861  comparison cadence=55722  difference=0.04500  below=1/3
t=120400  fraction=0.52000  peak_slope=1.608e-05  t_peak=26866  comparison cadence=53732  difference=0.11000  below=0/3
t=129355  fraction=0.57000  peak_slope=2.211e-05  t_peak=32836  comparison cadence=65672  difference=0.12000  below=0/3
t=145275  fraction=0.56000  peak_slope=1.909e-05  t_peak=27861  comparison cadence=55722  difference=0.04500  below=2/3
t=130350  fraction=0.57000  peak_slope=2.211e-05  t_peak=32836  comparison cadence=65672  difference=0.11500  below=0/3
t=121395  fraction=0.52000  peak_slope=1.608e-05  t_peak=26866  comparison cadence=53732  difference=0.10500  below=0/3
t=146270  fraction=0.56000  peak_slope=1.909e-05  t_peak=27861  comparison cadence=55722  difference=0.04000  below=3/3
Stopping at t=146270.4669608684
Saved 85 remaining particles to /scratch/group/p.phy260085.000//Mass_Fraction/Outputs/Ejection_Results/remaining_particles_2143305_0.csv
t=131345  fraction=0.57500  peak_slope=2.211e-05  t_peak=32836  comparison cadence=65672  difference=0.12000  below=0/3
t=122390  fraction=0.52000  peak_slope=1.608e-05  t_peak=26866  comparison cadence=53732  difference=0.10500  below=0/3
t=132340  fraction=0.57500  peak_slope=2.211e-05  t_peak=32836  comparison cadence=65672  difference=0.11500  below=0/3
t=123385  fraction=0.52000  peak_slope=1.608e-05  t_peak=26866  comparison cadence=53732  difference=0.10000  below=0/3
t=133335  fraction=0.58000  peak_slope=2.211e-05  t_peak=32836  comparison cadence=65672  difference=0.12000  below=0/3
t=124380  fraction=0.52500  peak_slope=1.608e-05  t_peak=26866  comparison cadence=53732  difference=0.09500  below=0/3
t=134330  fraction=0.58000  peak_slope=2.211e-05  t_peak=32836  comparison cadence=65672  difference=0.12000  below=0/3
t=125375  fraction=0.52500  peak_slope=1.608e-05  t_peak=26866  comparison cadence=53732  difference=0.09000  below=0/3
t=135325  fraction=0.58000  peak_slope=2.211e-05  t_peak=32836  comparison cadence=65672  difference=0.11500  below=0/3
t=126370  fraction=0.52500  peak_slope=1.608e-05  t_peak=26866  comparison cadence=53732  difference=0.09000  below=0/3
t=136320  fraction=0.58000  peak_slope=2.211e-05  t_peak=32836  comparison cadence=65672  difference=0.11500  below=0/3
t=127365  fraction=0.52500  peak_slope=1.608e-05  t_peak=26866  comparison cadence=53732  difference=0.09000  below=0/3
t=137315  fraction=0.58000  peak_slope=2.211e-05  t_peak=32836  comparison cadence=65672  difference=0.11500  below=0/3
t=128360  fraction=0.52500  peak_slope=1.608e-05  t_peak=26866  comparison cadence=53732  difference=0.09000  below=0/3
t=138310  fraction=0.58000  peak_slope=2.211e-05  t_peak=32836  comparison cadence=65672  difference=0.11500  below=0/3
t=129355  fraction=0.52500  peak_slope=1.608e-05  t_peak=26866  comparison cadence=53732  difference=0.08500  below=0/3
t=139305  fraction=0.58000  peak_slope=2.211e-05  t_peak=32836  comparison cadence=65672  difference=0.11500  below=0/3
t=130350  fraction=0.52500  peak_slope=1.608e-05  t_peak=26866  comparison cadence=53732  difference=0.07500  below=0/3
t=140300  fraction=0.58000  peak_slope=2.211e-05  t_peak=32836  comparison cadence=65672  difference=0.11500  below=0/3
t=131345  fraction=0.52500  peak_slope=1.608e-05  t_peak=26866  comparison cadence=53732  difference=0.07500  below=0/3
t=141295  fraction=0.58000  peak_slope=2.211e-05  t_peak=32836  comparison cadence=65672  difference=0.11500  below=0/3
t=132340  fraction=0.52500  peak_slope=1.608e-05  t_peak=26866  comparison cadence=53732  difference=0.07000  below=0/3
t=142290  fraction=0.58000  peak_slope=2.211e-05  t_peak=32836  comparison cadence=65672  difference=0.11500  below=0/3
t=133335  fraction=0.52500  peak_slope=1.608e-05  t_peak=26866  comparison cadence=53732  difference=0.06000  below=0/3
t=143285  fraction=0.58000  peak_slope=2.211e-05  t_peak=32836  comparison cadence=65672  difference=0.11500  below=0/3
t=134330  fraction=0.52500  peak_slope=1.608e-05  t_peak=26866  comparison cadence=53732  difference=0.06000  below=0/3
t=144280  fraction=0.58000  peak_slope=2.211e-05  t_peak=32836  comparison cadence=65672  difference=0.11500  below=0/3
t=135325  fraction=0.52500  peak_slope=1.608e-05  t_peak=26866  comparison cadence=53732  difference=0.05500  below=0/3
t=145275  fraction=0.58000  peak_slope=2.211e-05  t_peak=32836  comparison cadence=65672  difference=0.11000  below=0/3
t=146270  fraction=0.58000  peak_slope=2.211e-05  t_peak=32836  comparison cadence=65672  difference=0.11000  below=0/3
t=136320  fraction=0.52500  peak_slope=1.608e-05  t_peak=26866  comparison cadence=53732  difference=0.05500  below=0/3
t=147266  fraction=0.58000  peak_slope=2.211e-05  t_peak=32836  comparison cadence=65672  difference=0.11000  below=0/3
t=137315  fraction=0.52500  peak_slope=1.608e-05  t_peak=26866  comparison cadence=53732  difference=0.05000  below=0/3
t=148261  fraction=0.58000  peak_slope=2.211e-05  t_peak=32836  comparison cadence=65672  difference=0.10500  below=0/3
t=138310  fraction=0.52500  peak_slope=1.608e-05  t_peak=26866  comparison cadence=53732  difference=0.05000  below=0/3
t=149256  fraction=0.58000  peak_slope=2.211e-05  t_peak=32836  comparison cadence=65672  difference=0.10500  below=0/3
t=139305  fraction=0.52500  peak_slope=1.608e-05  t_peak=26866  comparison cadence=53732  difference=0.05000  below=0/3
t=150251  fraction=0.58000  peak_slope=2.211e-05  t_peak=32836  comparison cadence=65672  difference=0.10500  below=0/3
t=140300  fraction=0.52500  peak_slope=1.608e-05  t_peak=26866  comparison cadence=53732  difference=0.05000  below=0/3
t=151246  fraction=0.58500  peak_slope=2.211e-05  t_peak=32836  comparison cadence=65672  difference=0.10500  below=0/3
t=141295  fraction=0.53000  peak_slope=1.608e-05  t_peak=26866  comparison cadence=53732  difference=0.05000  below=0/3
t=152241  fraction=0.58500  peak_slope=2.211e-05  t_peak=32836  comparison cadence=65672  difference=0.10000  below=0/3
t=142290  fraction=0.53000  peak_slope=1.608e-05  t_peak=26866  comparison cadence=53732  difference=0.05000  below=0/3
t=153236  fraction=0.58500  peak_slope=2.211e-05  t_peak=32836  comparison cadence=65672  difference=0.10000  below=0/3
t=143285  fraction=0.53000  peak_slope=1.608e-05  t_peak=26866  comparison cadence=53732  difference=0.05000  below=0/3
t=154231  fraction=0.58500  peak_slope=2.211e-05  t_peak=32836  comparison cadence=65672  difference=0.09500  below=0/3
t=144280  fraction=0.53000  peak_slope=1.608e-05  t_peak=26866  comparison cadence=53732  difference=0.05000  below=0/3
t=155226  fraction=0.58500  peak_slope=2.211e-05  t_peak=32836  comparison cadence=65672  difference=0.09000  below=0/3
t=145275  fraction=0.53000  peak_slope=1.608e-05  t_peak=26866  comparison cadence=53732  difference=0.05000  below=0/3
t=156221  fraction=0.58500  peak_slope=2.211e-05  t_peak=32836  comparison cadence=65672  difference=0.09000  below=0/3
t=146270  fraction=0.53000  peak_slope=1.608e-05  t_peak=26866  comparison cadence=53732  difference=0.05000  below=0/3
t=157216  fraction=0.58500  peak_slope=2.211e-05  t_peak=32836  comparison cadence=65672  difference=0.09000  below=0/3
t=147266  fraction=0.53000  peak_slope=1.608e-05  t_peak=26866  comparison cadence=53732  difference=0.05000  below=0/3
t=158211  fraction=0.58500  peak_slope=2.211e-05  t_peak=32836  comparison cadence=65672  difference=0.08500  below=0/3
t=148261  fraction=0.53000  peak_slope=1.608e-05  t_peak=26866  comparison cadence=53732  difference=0.05000  below=0/3
t=159206  fraction=0.58500  peak_slope=2.211e-05  t_peak=32836  comparison cadence=65672  difference=0.08500  below=0/3
t=149256  fraction=0.53000  peak_slope=1.608e-05  t_peak=26866  comparison cadence=53732  difference=0.04000  below=1/3
t=160201  fraction=0.58500  peak_slope=2.211e-05  t_peak=32836  comparison cadence=65672  difference=0.08000  below=0/3
t=150251  fraction=0.53000  peak_slope=1.608e-05  t_peak=26866  comparison cadence=53732  difference=0.04000  below=2/3
t=161196  fraction=0.58500  peak_slope=2.211e-05  t_peak=32836  comparison cadence=65672  difference=0.07000  below=0/3
t=162191  fraction=0.58500  peak_slope=2.211e-05  t_peak=32836  comparison cadence=65672  difference=0.06500  below=0/3
t=151246  fraction=0.53000  peak_slope=1.608e-05  t_peak=26866  comparison cadence=53732  difference=0.04000  below=3/3
Stopping at t=151245.65291191835
Saved 93 remaining particles to /scratch/group/p.phy260085.000//Mass_Fraction/Outputs/Ejection_Results/remaining_particles_2143305_0.csv
t=163186  fraction=0.59000  peak_slope=2.211e-05  t_peak=32836  comparison cadence=65672  difference=0.07000  below=0/3
t=164181  fraction=0.59000  peak_slope=2.211e-05  t_peak=32836  comparison cadence=65672  difference=0.06500  below=0/3
t=165176  fraction=0.59000  peak_slope=2.211e-05  t_peak=32836  comparison cadence=65672  difference=0.06500  below=0/3
t=166171  fraction=0.59000  peak_slope=2.211e-05  t_peak=32836  comparison cadence=65672  difference=0.06500  below=0/3
t=167166  fraction=0.59000  peak_slope=2.211e-05  t_peak=32836  comparison cadence=65672  difference=0.06500  below=0/3
t=168161  fraction=0.59000  peak_slope=2.211e-05  t_peak=32836  comparison cadence=65672  difference=0.06500  below=0/3
t=169156  fraction=0.59000  peak_slope=2.211e-05  t_peak=32836  comparison cadence=65672  difference=0.06500  below=0/3
t=170151  fraction=0.59000  peak_slope=2.211e-05  t_peak=32836  comparison cadence=65672  difference=0.06500  below=0/3
t=171146  fraction=0.59000  peak_slope=2.211e-05  t_peak=32836  comparison cadence=65672  difference=0.06500  below=0/3
t=172141  fraction=0.59000  peak_slope=2.211e-05  t_peak=32836  comparison cadence=65672  difference=0.06000  below=0/3
t=173136  fraction=0.59000  peak_slope=2.211e-05  t_peak=32836  comparison cadence=65672  difference=0.05500  below=0/3
t=174132  fraction=0.59000  peak_slope=2.211e-05  t_peak=32836  comparison cadence=65672  difference=0.05500  below=0/3
t=175127  fraction=0.59000  peak_slope=2.211e-05  t_peak=32836  comparison cadence=65672  difference=0.05000  below=1/3
t=176122  fraction=0.59000  peak_slope=2.211e-05  t_peak=32836  comparison cadence=65672  difference=0.04500  below=2/3
t=177117  fraction=0.59000  peak_slope=2.211e-05  t_peak=32836  comparison cadence=65672  difference=0.04000  below=3/3
Stopping at t=177116.61985737807
Saved 81 remaining particles to /scratch/group/p.phy260085.000//Mass_Fraction/Outputs/Ejection_Results/remaining_particles_2143305_0.csv
