==========================================
Mass Fraction MPI Run
==========================================
Date:               Sat Sep 19 10:38:39 CDT 2026
Host:               ac050
Array job ID:       2143305
Array task ID:      3
MPI ranks:          4
CPUs per task:      1
Nodes allocated:    1
Python:             /scratch/user/u.hm357857/.conda/envs/comets/bin/python
Conda environment:  /scratch/user/u.hm357857/.conda/envs/comets
==========================================

1.3219416011942702
1.5945381330747628
1.4351997691913934
2.3617752996563395
0.6277515800575844
0.6119142361362631
0.8659124529780353
1.1352429134790154
0.6653609302121897
2.4797021339100365
1.0046680675115824
2.1276053889146307
1.4180955994092086
2.179512765452413
1.2252047335114646
0.6724603359753764
0.5644208629164698
1.7736443439028524
1.5547662666581727
0.9828011977685949
1.1624049512379222
0.7711101610175566
1.7544201750341815
1.49177624506312
2.119781411402186
1.0130184939913365
1.5661026329469112
1.6808917241916408
1.2091175692376535
1.9696029500161079
1.2794331952781843
2.4853490415184285
1.5468224429410498
1.6156858919745367
1.1383303677446306
2.1867442833435207
1.1278031151854475
1.373594926724205
2.3178673692258136
2.2023844634524288
2.2246495104482387
2.079515496043757
1.942698995040804
0.6614773633761469
0.7984445426410502
1.92399134952715
0.6172270053640925
1.6301963476974064
1.0120168485513257
0.758955657881744
1.2321547004346431
0.8467609096273144
0.7796039658341842
2.0246560176169313
0.8334069389918859
0.8587379492160876
0.6797180485682581
0.9762906241015854
0.6206439764267526
1.6830585703671406
1.893094539235793
0.6426979341061883
1.699057043689373
2.1291551245942824
2.0552317807464355
2.370387853389863
2.164674237069603
0.9962385763659733
0.9568956277345849
1.135452688023058
0.5107069341186002
1.1577124297560786
1.4094042130542819
0.6266706793407641
1.5547358999037917
1.2494077219820854
1.9424244930957308
1.4437202013503778
1.0126704053015136
0.7881663603347036
1.5320710172488257
0.8942824550415283
0.880794645325609
1.752366656318271
1.7709163728027955
0.9815232215518785
1.0577081948096403
2.400486377222019
2.2588993123805468
2.2845924422096764
2.2406902689688013
1.5931898561393676
1.5386528533799977
1.5600057738016424
2.422726222128406
0.7315667086526214
0.596710271758399
1.4553543127451571
0.5390184442749599
0.5981768839902
0.9434206737580515
0.6010317983017438
0.9446776201520057
0.7291921313987577
0.9581520996608264
0.6497583081832145
0.9793148217684053
0.9201884173524515
0.575432464527831
0.7630798852427458
0.6907276713885084
0.6445547491384542
0.9567998426185995
0.5381675481436261
0.9721675874593061
2.3845289609344125
2.22142670970851
0.5060880084829678
2.3759807070159074
1.9229156232059301
2.1803941531744413
1.3516502765315455
1.4796702615831148
1.147205127890583
1.4412952165451527
2.229100569351593
1.0066344180369469
0.9236106491302318
0.689841716632255
2.4314615015785517
0.9180122412651235
1.6689696443298123
1.4799437064842864
0.8274715951818399
1.2240496976966144
2.0869190605174652
2.099881830250245
1.5392903790147006
1.8651612626388798
1.6519347429497402
1.495476776339765
2.122080655702832
1.0720992224470383
2.1721847885631487
2.3392711125888743
1.968166368526544
2.042260546649528
0.6232145011640188
0.6668476525881426
1.12148576212436
0.855898722109711
0.5375421640281091
0.6643309042968826
0.8251002626638939
0.6921390040130697
0.8702828137035521
0.5842491016194887
0.5232572587157881
0.8652640294556413
1.1562266655585616
1.7248498937350152
0.8837048868380282
1.940809320840698
0.85040951895373
0.731118941027781
1.9630030400915768
0.8858565366957207
1.0129901551712777
1.9573690507486763
0.6265738037350777
1.6649093373936514
1.575866261533287
1.0473297648710247
1.0719523130115542
2.3593997762123426
0.7511330286240095
0.6408310529974399
1.7383647659755874
0.7106426457037975
2.4766490116517894
1.599255527780244
0.9165331575761211
2.442515222443391
0.8374386540474996
0.6870309678459112
1.1599386885248
0.5800904367726607
0.5687762133221415
0.7665492603854067
0.6025639358527954
0.8437681660199551
1.88218799676948
2.2608111163839073
0.6714469900928894
1.0705261054245043
2.204724531598174
1.7216964007075366
2.4527502937944208
2.0928978444357904
0.7539905092703425
0.6613561621546096
2.2126419685970404
0.8693029102203663
0.7063884486800958
0.8520158711290973
0.5746686722595489
0.5998841012828365
0.6862997448302368
0.8455425829972163
0.8882265639645601
0.9294654171865595
0.9606651343840439
0.7955245569771343
0.8006401347371099
0.5031063090842649
1.5442762813237014
1.5713164074951909
0.8133247355335717
1.1206044436103508
0.9391415575444623
0.5581565037766525
1.9252848638103779
0.5576071674438854
1.7088955837921167
1.0758993329440782
0.5909978114524652
2.4137544002489495
1.006694457613027
1.173356464902674
2.149101759142541
1.6995770694007581
0.6550624999183532
0.7125902983014267
1.7417770722507282
0.5668459164737529
0.9252468604396298
0.5371100038827714
0.7131478087546287
0.6529008383688
1.4305243378721146
1.0241256027050456
0.6996031665610557
1.7751160115494307
1.1819004222129312
2.041793729079653
1.3929709518646813
2.197018420170484
1.184085220753987
1.4022620906178687
2.4779125389826513
1.954495330148431
2.235385842189552
1.6454397169318231
1.8190066803594984
1.1646115764353675
0.9033770359518027
0.793476756627219
2.201200803557807
0.8086252377118903
1.7580505394624746
1.8292706494794575
0.8600954308653714
1.0739942823012618
1.398358966668709
1.5043335381989416
1.9220360609748508
2.327738648118121
0.6167578367025935
1.3040987502683161
0.5951626296447043
0.5335996970510533
2.4003156273577844
0.6761114810056243
1.4691075846326278
1.9472590854034526
0.8970576889999013
1.2668247009991709
0.5772375128749798
0.6651197580318591
2.0456975454742112
0.6017679658206335
1.9414271202006752
2.4266456165601724
0.5291537911444293
2.1397525029708726
0.7521379015067219
0.8988605262822769
1.3384309257262426
0.6093436325217281
1.9653868583256724
2.345032071762639
1.1632989529640998
1.026197761880315
1.8602865113990426
1.201265649996946
2.4886541817267736
1.1900633288214544
1.2718797480792854
1.7697705717002132
1.2474276326510085
1.1598438053507105
1.9776420361419227
2.3420730958821747
1.6867707826171423
1.767635434724533
1.014924862532138
2.0304790167218716
1.0488950861684536
1.8063212833155824
1.2739428303860814
1.892166950462573
1.6423958377821586
1.7760584368421548
1.0259770034420026
1.7583599407890893
1.852830037118887
2.1020843948383274
2.3668940969461056
2.1430693730033576
1.7131838355194566
1.041057048944899
1.3112381314482517
1.0355967328848141
1.7175639695098113
2.2309120262339555
1.4920106924598922
1.0875571392389627
0.8254355057101322
2.202468581893249
0.6278733669480876
0.5011759592752202
2.1389797115692897
0.7243047455361735
1.0557502458906338
1.61552789211333
0.6590709610367632
2.344699069080262
0.6977824852539551
0.6902249077179845
0.6109158491852991
0.5275312960238453
0.6270483544259629
0.5077834443073301
2.18806927533692
0.6064333139192586
1.1989115000422488
1.2919893049952254
0.7064562861818615
2.1049119047076896
0.5369470700167582
0.5975030959116758
0.7640590346826412
0.5996964391895052
0.6275768816719091
0.6557658783898022
1.7145153702823106
0.9699772138867674
1.8671514777748115
2.4550215423895363
1.4322575087391138
1.829933722309351
1.8747394529199088
2.2759716969486936
0.8560527889157076
1.0846223150484404
0.8602830319964558
0.8456470963142302
0.7022408784523261
0.8164423400162506
0.5786974394200182
0.5795065106454134
1.6291645407498823
0.5298436208574935
1.8462334959716176
1.211498767251628
1.9616293573509989
1.3719456522477287
1.3720031501124141
2.1863273871749
1.4989224407071344
0.609011000876121
0.5951006323895176
0.9499531274135944
0.9724076827945152
1.2082115592649114
2.1335410772036703
1.1203641617597915
1.6483713140177014
0.7771734434964317
0.7194307205988439
0.9137711930308701
0.5373798101875419
0.6150583793241002
0.6064390693104235
0.7440906798231184
0.9532043670246251
1.067199851718784
1.1101503620063569
1.0842518987141736
2.035675797226106
2.488337123797555
1.5373065814025038
1.0146393399532225
1.0462004310292459
0.5877909630396081
0.7464154453158842
0.9117212788410964
0.6275650362274467
0.6501250594831474
0.5569484782958263
0.5543480100425836
0.5449333372808538
0.5482973055035646
0.9143688139463169
0.6878348442233813
0.6299762776775903
0.9999191845215954
0.7561736243876733
0.9520282965826576
0.5026041995863305
2.221396573070806
1.820874142059176
2.2474090652985512
1.8668068662482231
0.5476813231610904
0.7032330587138171
0.5752032034070451
0.7537538630451226
0.7570624184519165
0.8855894469061467
0.6251338609477288
0.955253273256983
0.7688398674180471
0.5023434018651413
0.5163830877678478
0.7457401915001198
0.9759064515167157
0.7233999307522802
0.8819704163403694
0.5394074453574269
0.8332190717945116
0.6055445593818545
0.8625592714949071
0.746460872469682
0.5360633721876964
0.7734638789562801
0.8748619231249832
0.7973615863535175
1.0613630484790881
1.848963209128392
1.2239804821423628
2.3850354652941843
0.9964262999249163
0.5044772123309677
0.7643637570644539
0.5665374627010138
2.2753226832825186
1.4460471742487313
1.5537524512036063
1.5634300217948351
0.852757584078151
0.9070278252804229
0.9627956511068603
0.5615233740898529
0.8573162491022954
0.7941045957902065
0.6540379147470026
0.9630021042155132
1.5991952383107992
1.0791850361911053
1.8276831612331275
1.8743369220019301
1.0669818662579724
1.853777699717081
2.2384632784230067
1.601537312049952
2.1679974367554786
1.4165774614986215
2.0725346431880824
1.2167491175643939
1.453838263022155
2.4895255693997536
1.1261828631481383
1.9250093784707196
0.6969719212081915
0.8658442725570428
0.7037729620503138
0.8371197304466382
2.134135740599542
1.5706902682190438
1.7507063399785516
2.1407941777945214
1.0819497369398139
2.2154803717462155
1.0078846883555466
1.8963178809999577
2.212049016986027
1.4365405633639432
1.3325145316697897
1.5893284871003577
0.5373802287241246
0.9089436491364713
0.8636728409693095
0.5663203968606405
1.8589322727249502
1.2616940824223546
1.018493727054722
1.4030098783294513
0.9617930035721496
0.9561131049797728
0.6996993628314974
0.9293948506042947
1.929933826172998
1.766913932453629
1.3990698785016455
2.369262685164683
0.5729793027614876
0.6976007849931305
0.743006312150015
0.7301848285597159
1.6925331634812188
2.222001063658238
1.184132828374809
2.234130135061201
0.9788379333041278
0.9755583491157894
0.5395785873620236
0.8182493932243898
0.6766469293632665
0.6665961698171601
0.8011281998825708
0.9246603128430134
1.5302786426164405
1.2848627197874354
2.0355347590678687
2.4981979768599833
0.6320104693180328
0.9462684842179665
0.6343407018882117
0.8934318167684607
1.4449908548089467
2.178172705450064
1.0746831859439914
2.4367305457127912
2.2283579488020964
1.211781970219939
1.8770366057062133
2.016344096276593
0.7696565984448268
0.8849351620312884
0.536053012082423
0.6938120815599711
0.8250375751265946
0.6353674833347667
0.6810376596742274
0.5352552932251853
0.7629462628339774
0.7594846528112237
0.8897314030579458
0.8448491750076579
1.5673850335648423
1.6406275690399559
1.0480718579999764
1.6558052346874381
1.2190199401857866
1.273155543351004
2.381639424757661
1.4716827446041825
1.33733771160355
1.3564885090174905
1.7479630315987358
1.6970412620363624
1.8480854139363927
2.3505767080660602
1.0660657634531456
1.6816221303605496
0.9840729247187125
0.9610263551118952
0.9312561047841047
0.7637568892948214
0.842135531119643
0.5281365269694255
0.7659263863695197
0.629183582232461
1.9467896184417741
2.3502187762178117
1.0686604703678717
1.1344695541831606
0.767576380444844
0.8044865839068382
0.8493822926802048
0.7483961167223117
0.8194410581589529
0.6786947319268937
0.9316211552227368
0.5401362056822757
1.5121924819368
1.8050856886900974
2.0199477048988443
1.9208566626271604
0.9103016070937322
0.9636456290734818
0.5371752820265436
0.650723871689319
1.7498089173686888
2.3369052224144236
2.2932294974445693
1.2034911431195776
2.071967201240163
2.3053198852880534
1.56683444628642
1.4583247331244316
0.673871560610684
0.9762135538441619
0.9106634866684616
0.9501148252458274
1.2096582697065679
2.2004615032995267
1.2834734994707668
1.5398270302550459
1.4445688767699318
1.1291747275742956
1.7182576626130748
1.396484404360245
1.7333353654060646
2.3938912057722552
1.8456028452992959
2.478927072772777
1.5807371631831089
2.1697449558388744
1.0323554556615657
1.9868705653775152
0.8321059218760356
0.7658412948922838
0.8054918581888018
0.7211514978129245
2.056000493564542
1.2255704905803673
1.4340333189603576
1.030638397010935
1.0661545887023527
1.6379728153373923
1.7538635505123277
2.3095272491672714
1.5479337468943506
1.7578523871020866
1.1611282504694798
1.3352745426526744
0.7197821667733666
0.6761522092438021
0.7426097975549297
0.8157966964631909
1.4890820590381895
1.7142579874326211
1.6008716095585276
2.284287030068194
0.8357744226620837
0.7217472151861946
0.8514667961604374
0.8487151659035984
1.8054614603129564
2.435616228447203
2.205930320786745
2.3643894612604974
0.5665790203618366
0.8713904297954758
0.7299150551750901
0.7055843617101565
2.0626447389051528
1.7093208612437452
1.2023413425598177
1.8224805620470677
2.1373684205532237
1.1058663135397537
2.4521328344282445
1.64195602317992
1.6624611780263594
1.5096184656270548
1.7890836065393945
1.894399584087475
0.7956213551372217
0.5172612091650104
0.8565571308591615
0.8884741851549841
2.4838544044926443
1.4826393300621095
2.0675143066750947
2.3882859322545933
2.3957614330094748
1.4126952643252406
1.4417816474942677
1.3789915845861014
1.4143698881740254
1.5062957016895524
1.094737226035361
2.079073931844877
0.529582589725386
0.6140564892254845
0.6196814903925997
0.9605862240314753
0.6818770231750486
0.5412615047207772
0.7179471358520588
0.9552699196723174
0.5945572013747469
0.9319777596875691
0.9935853264870003
0.6033277013707989
1.478087216242169
1.978803252252448
1.7925244905993922
1.2291955016634601
0.6249497947627065
0.5314019466442665
0.8254541963353752
0.9454530938880359
0.5378880555377474
0.9208367140908631
0.5128192267151124
0.5749229122693909
0.5713376858616718
0.5107908019655372
0.8352061075102508
0.6310527741181384
0.7022954159951764
0.6827552379741599
0.6728451409057218
0.5664356000036654
1.9334491073657958
2.382119042982831
2.1386497343741615
1.3244438820992814
1.7289242992945018
1.6638838641666884
1.1415792136252825
1.440792691118188
2.369841234986885
1.67693624706054
1.3262421987835427
2.3397738999541366
0.6241762598753215
0.8347787194198693
0.5866888771522388
0.7696554356185294
0.534699937698448
0.792579470305506
0.5051005078477308
0.5800751544877086
2.218490921661382
2.4569163606721203
1.4070763343602295
2.0408349378171984
0.714412833574811
0.6041100963553607
0.7283811869727848
0.5769735154426793
0.890075546710352
0.9797601274764305
0.8299278923433469
0.6916346935749936
0.909864308774915
0.6537501642397249
0.5600415465753882
0.6401559959279092
0.5382495776562879
0.7607627812287352
0.6851843684297414
0.8807171675974295
0.5850744560146064
0.8198267058151283
0.510064624255151
0.6721111898825775
0.5938288195234466
0.93428612076392
0.8977308267131552
0.8885587089468742
1.3474036747940061
2.2920369394694933
2.0154290603652907
1.8962060429768333
1.2789500651484194
2.059221715726736
1.2517602746408014
2.090933939798105
1.5447985386666665
1.3932852171548777
1.2796624135419299
1.7766732318804115
0.6319320736323315
0.9334001679005492
0.672598143369481
0.675469535888428
1.22716276050314
2.240320671797898
2.3888677060728516
2.3564632534383096
1.5476937426188369
1.3356343786827338
1.2748240572212846
1.1970398532081754
Running 200 simulations with 1 MPI ranks
Rank 0: 200 simulations
Running 200 simulations with 1 MPI ranks
Rank 0: 200 simulations
Running 200 simulations with 1 MPI ranks
Rank 0: 200 simulations
Running 200 simulations with 1 MPI ranks
Rank 0: 200 simulations
