==========================================
Mass Fraction MPI Run
==========================================
Date:               Sat Sep 19 05:42:58 CDT 2026
Host:               ac020
Array job ID:       2143305
Array task ID:      2
MPI ranks:          4
CPUs per task:      1
Nodes allocated:    1
Python:             /scratch/user/u.hm357857/.conda/envs/comets/bin/python
Conda environment:  /scratch/user/u.hm357857/.conda/envs/comets
==========================================

2.2900324454222942
1.0992227410148008
2.1304559673912005
2.1653203279436735
0.7993712666643678
0.9637424563414998
0.5702456761352344
0.9370531282497103
1.064269547796694
1.6803824877275222
2.187696156413126
1.8522739656855896
2.342006831279736
1.8673905249602205
2.29760723891227
2.1977455433494253
0.6844371592962092
0.5040066176949931
0.9435395647885525
0.5617729674865566
2.170626880743687
1.2203243100917056
1.9047875303522135
1.0934821191354709
1.0113830760029188
2.441263340639562
1.9799337206795047
1.4069531704957419
1.0029814192303996
1.7326531376301433
1.3625695381377718
1.0799039773602817
2.4769464026936645
1.616880512686957
1.7486378289142923
2.455510401800825
2.301931838854507
1.4679905336775674
1.0067978927426213
1.236147332183891
1.7857341944479364
1.3925598483785628
2.471809872696758
1.6644948467775842
0.8342464643062192
0.914198792972911
0.8333787497527652
0.7334339466125236
1.6002562742301487
2.2318692043152573
2.3516180433532625
1.6732813389006973
0.6575205237651917
0.5840957386151988
0.5535778725348723
0.6404335182304146
0.8878707943878967
0.8219201143637467
0.5869251796697252
0.620700431661281
1.6471894433414924
1.8440211748421553
1.4166544572809454
2.1766580819976156
1.0892731438621297
1.4962253193696138
1.2279456918409928
2.178270681505186
0.9118878479578985
0.8845608904800983
0.787770524827237
0.6740380472064448
2.4736205301921146
1.5930123041990334
1.6110815761875519
1.4599935686572867
2.1853492963440195
1.5800059391816998
1.9272427930568328
2.2176937184212404
0.9626721275961081
0.7863060687966754
0.9681782976497624
0.5495162019294976
1.0189983022594238
1.7889716635783475
1.4950465028483104
2.308351497090862
2.1023907672555486
1.7193563381377797
1.9958756188145426
1.9028840672902991
1.4946079172732691
2.499705465087155
2.4422015264795984
1.682336850115703
0.9145304479853475
0.7724067932550015
0.6183194859069754
0.9883620041504764
0.5937827103289486
0.5941454630134029
0.8926303070865191
0.570707792093174
0.5361329738073901
0.8673584734614647
0.6489081048161096
0.6658962674226511
0.910031241546595
0.9744878901718084
0.9518879225408554
0.9093833924310535
0.8466608627568737
0.7678014741771912
0.5295733844573693
0.7058237367056874
1.8231476546013707
1.9888513293553367
1.2089780458338102
1.7630373765520906
1.590865990421484
2.0106083390376823
1.6125432546794256
1.302627396369582
1.4190371988280712
2.0360025912358135
2.290136468621349
1.2553582784428179
0.8897664958212078
0.9797506416653743
0.6206304841999358
0.9151950896484751
2.456795434297048
1.2511532029541785
1.2259849828655263
2.286089874219707
1.7272477836035744
2.2944122398493314
2.4517190252816876
1.2379020204898397
1.0368264841117427
1.0745819137333534
1.294592179889986
2.039316110487613
2.199705265709127
1.6800697460570742
2.0400976150259176
1.3453684384847309
0.9450992425752065
0.7866014716482586
0.529869462304843
0.6613675558350585
0.7417679007165383
0.9207186681452333
0.6276630452647606
0.9858892688459528
0.9768448896203513
0.8711910054238169
0.6866977354914132
0.5099254646866849
1.1553286342410396
2.2122428207031506
1.5900610563852946
2.3688663485192425
0.5342716410209694
0.907254771773427
0.5709171503570706
0.9064990148359651
1.884548510465886
1.3367961264252153
1.6275363292657947
1.3205389888104098
1.322812345546919
1.6412343882680567
2.0129997816640905
2.4062683623332646
0.7541762100762899
0.6151836186314603
0.7227933001238797
0.5098227990523649
2.2735810000812684
2.1201117574444783
2.258073322618414
1.3316391198642745
0.7100211931426063
0.7398865560576346
0.5488249730810408
0.951639219179488
0.8024248716513825
0.8144074345383853
0.8363954370177425
0.840586530135817
1.4809878056357648
2.056389046739591
2.2069330434920142
1.3421276730847582
2.3188238353933674
1.345901402964138
1.8708594093376023
2.3330951141019822
0.6390572082218732
0.9548480323920245
0.7333546140770901
0.9417620232419346
0.9630424246041016
0.8994872755085895
0.851582595312568
0.6303225529975396
0.7421527136363589
0.5674146270909461
0.6441322815851387
0.6886796104627377
0.666995372838105
0.7924595533908418
0.6360432721763218
0.6320658639389821
2.129713712238467
1.8861993680690181
1.1921227602625621
2.0258315504116613
0.6949879899377785
0.5716044015739661
0.7694977395367407
0.9257276364703926
1.9281637222089922
1.4829916553676317
1.9331046421897522
1.206182619736288
1.912402001122039
2.389755729079571
1.6318535694857372
2.070774003964999
0.7137633529292517
0.9320776008594704
0.7773196772939956
0.6994975677454017
0.6077441839744548
0.6943419372525612
0.6016255339457173
0.8359910792215075
2.4810633713484256
1.068834693775165
1.9905765545767218
2.4128485228357315
2.1979727624879652
1.5014064226776676
1.1738522718361746
2.156351122815882
1.6075815577180859
1.0061267394108557
2.174218681781803
1.8255781732687606
1.2194120611966044
1.9230327651687407
2.1800811542079335
1.3680871496448805
0.7197652767180475
0.9462583582045784
0.6216646323500701
0.6504373757216209
1.4518147196188544
1.9899172245450165
1.0696543510448957
2.456662230605519
1.1496471039480112
2.4089134585516865
1.3527608162344258
1.7397520957459138
0.9837339893289194
0.7221782099148202
0.9267770513388728
0.8392581032234219
1.2150964305207972
2.0763333776276607
2.1403075378563114
2.374842728948433
0.6376480772667596
0.8309822321029593
0.616471464847048
0.9443197773227001
2.2962504105931645
1.2549067112895698
1.0281189596257634
1.608913531225247
0.9939611467129688
0.517232188900254
0.6377982005320961
0.7630486035982758
1.9536094919085845
2.4714876791502367
2.137410495891342
1.2138824155801737
1.9777400546231658
1.2220562947916063
1.9880007687348655
1.884371901778765
1.1392015345077278
2.2742328242060177
1.2917849550144014
1.023295929899182
2.0971735996496714
1.309251935199236
1.0767894382426006
2.3746511274849618
2.2152753473679088
1.5967479085487968
1.2621357604328292
1.559116145089784
1.3449834630787272
2.1213904204827174
2.011094069998917
1.2394299164518092
1.825019087291536
2.176319669239088
2.3028913128991633
1.130160028340517
2.3132189471188243
1.9377373271187335
1.149562267659134
2.3228346555182418
1.9370617742026537
1.0557145497693576
1.8498225619256154
2.2055094412743608
1.1046496265184955
1.0241618539135702
2.2427472121583363
1.524475342656923
0.6595616983474459
0.5821534460526218
0.5803840296479588
0.9544700338219478
1.4302603978777666
2.0503699432155464
2.253073226345057
1.3436202759746338
0.7634036655796156
0.9740732128932126
0.6288636159919347
0.7587889305279509
0.9780117467588596
0.5240869762323417
0.5827412020166308
0.7182577128247245
1.247006791775521
1.8216001616612278
1.5463499387571897
1.8172210125077024
0.9362413745317983
0.7036747806011223
0.9257227028600648
0.8916509801206068
0.6548452110965339
0.5599829662702309
0.904152696257625
0.6427980285993888
1.5749672317270798
2.089378688553651
2.2569818436841054
2.491563787556756
1.539738987099953
1.5695899463175436
1.1098538231175685
1.3693167531783692
0.6339256060296508
0.5239910637331906
0.7382726047381041
0.9680883929628393
0.8667726640060907
0.5169821320328993
0.7144860369924171
0.5118722293604872
2.1172457803221003
1.3327295064151574
2.4492735389193565
1.6370659491090447
1.260804250664692
1.6149277412748158
1.6736351978276283
2.2675577184390483
0.6772622408350868
0.6484692126506751
0.6965005470206311
0.8727764629141245
2.3694199115777033
2.431016666369597
2.215242233396884
1.0360913519280648
0.5838073558946275
0.6448723419812538
0.6324941408993543
0.8511557355471981
0.8614806002965948
0.5892791008485327
0.709360514269114
0.9372459349381144
2.136478860029119
1.155011519016085
1.5650560814703636
2.1952417697007847
2.205153258921026
1.7531178624569028
1.9964744988345307
1.8153702647509629
0.7909505672379934
0.7233867538492051
0.747704354017428
0.9973081536820675
0.8183665212116003
0.9168423063916735
0.7825276970325139
0.7202803409462256
0.7651692162877213
0.7332614726678515
0.6557255727384439
0.8400938634576252
0.8098536257493141
0.5835777636847966
0.9334900081573394
0.5561298933384689
1.1719432508379575
1.1621453658965377
1.4793025099029948
1.5444174463058291
0.5949150583774899
0.5449896706583682
0.7486548119970331
0.5997555957691376
0.5029733432693378
0.9381166495572011
0.7119270774433576
0.8998818513721858
0.5671152471457204
0.6449802461337442
0.5981343870545586
0.8514422874115055
0.69898001784092
0.8159358760866628
0.9609799549524076
0.5986256953242406
0.6528457812760967
0.854856418538162
0.8026723051488556
0.7048979454124271
0.9544394773519704
0.7041160690410904
0.9475985153408087
0.9482720365749329
1.1859615596434074
1.8685365182399696
1.9469697619280844
1.457211697356837
0.8306427304784274
0.9448915800910987
0.745139716534861
0.9494740051354338
1.7711998527272468
2.182697592649819
2.4427974062119255
1.6930582900249171
0.5566819622690355
0.8541602926546914
0.5091501986664132
0.6606064867530302
0.5421822766780352
0.5044947554733799
0.7182539530854612
0.741668614824029
2.4291387374713755
1.860723989230065
1.934958200890554
2.0015544529811296
2.0932532607180327
1.3304473628091502
1.0595578053275951
2.379010273251398
1.907482695600883
2.0293321024309545
2.1633216286081365
1.9691583476783594
1.1014255136551403
2.0843285801841547
2.1991421951441295
1.771681135210497
0.540657352284889
0.5361083032312339
0.5851866768852394
0.6045792098289423
1.4498025025512757
1.8453197119330347
1.686647360247397
2.4255681125033166
1.949489297494398
1.9521317307689983
1.8445199674307362
1.540182486900974
1.168644479665632
2.4646366635708468
2.013821193932297
2.096844426313365
0.6962901559783019
0.739000439994712
0.7505770622487338
0.7055195511185738
1.0968001746002725
2.4620637285697757
2.1467782180311445
1.3812377689393116
0.7281570453302035
0.6584599609850966
0.8095755636489711
0.7629688942974807
1.1822649768558575
1.3980808658806847
2.2590654182516436
2.4536784177526996
0.6225731207643117
0.6563907212085616
0.517564271738287
0.6293082552556319
2.378293680361762
1.4531210276629032
1.9908458516483205
2.266788264965153
0.667237480471713
0.9213909212677606
0.8279946590024694
0.7980505286454168
0.5241600046215631
0.7969213888685773
0.6867893570799541
0.6713131003577268
1.2818219488043745
1.1642569210236147
2.244652395979038
2.4763873593328656
0.5391242772714702
0.5787058798191442
0.7690826038710155
0.8291595505574663
2.4702045725586785
1.4327158495215044
1.582150726303214
2.002003465721944
1.6140788466046974
1.8579024262501833
2.079904402566405
2.1809963916518518
0.9783250946032664
0.8496124254493915
0.8832373873338935
0.6102294528043218
0.5952376470015917
0.6709049068687385
0.6601096623312829
0.8792273692790731
0.7703139006710644
0.8122610676458646
0.9170015128168163
0.6478024260263108
2.3399651438093376
1.7472888307570231
1.4623910024758318
2.029061843264508
1.1402426989303858
2.181592345223293
1.088405265910097
1.9606010648234558
1.939513936535365
2.04318177510953
1.7440071406415838
1.5374585068777524
2.3709268273462207
1.9585111431360205
1.4385596330265567
2.1494960482261374
0.9158527001104064
0.5767334559110369
0.5844807563214246
0.7877588550962347
0.6532660961339058
0.828811941247354
0.9586543923970654
0.686133001892087
1.474899294672435
2.3709888139315605
1.6700753061816551
2.2555377966977637
0.833769793416982
0.5841621850950658
0.9138239715243355
0.527083992539003
0.9580706646858581
0.8335615715307272
0.6741495018320713
0.9430361539686073
1.5018956378755983
2.1623494504584455
1.050762636537041
2.318231820694757
0.9390184048525609
0.9480663484650355
0.9444922848666002
0.9468857942060516
1.278434451650448
1.5676059333761367
1.2744194896763354
1.8247295393200524
1.093538795211775
2.207247391733052
2.4540983573057336
1.0928009760641495
0.6489308893708571
0.5802478351971665
0.6077287897102774
0.690178324424493
2.2227523887897602
2.3180844649507546
2.131702006136555
1.103315729006739
1.031944964829549
2.461705710920582
1.7374936737782531
2.0928936840683927
1.3320241342488064
1.752695417456507
2.4000107040952297
2.0806805806694837
2.3497558248250052
2.473686158400909
1.78598541728612
1.4873039406690913
0.6041292424700766
0.7382165860180072
0.6815772314908424
0.9448620756420378
1.437657599775472
1.5717222302767135
2.1319188162905895
2.220647352549806
2.4871696597457955
2.49913480865842
1.9323219110287817
1.6680418048479628
1.4118210466304497
1.7100851938530297
1.6506544450112455
1.5810810059193063
0.615517932366469
0.6920557357722772
0.5773290619335878
0.6086258026810096
1.5704812163085675
2.126490077114423
2.314195184285964
1.3114801959240112
0.6338102482028671
0.5293549613072452
0.9032515874181624
0.6122667274294695
2.167929907133971
1.1260042897156044
1.2994158321005735
2.448063842914084
0.9949302393197681
0.6773429451900432
0.9377611507255432
0.9304766098580677
2.149845626717851
2.1817443407762935
1.522572482438269
2.2880760516486576
2.192847606446783
1.1527708754780714
1.2775357523194688
1.6712256498585263
1.5349502017310614
2.4158839986734613
2.154817503857526
1.6930069124053795
0.500204385144441
0.6466328781107704
0.5883365681737723
0.5467871538153886
1.2131149180157683
2.1283177761124428
1.6549526669022594
2.401203782186962
1.1100572294804107
1.4628036867905534
1.9236660511039272
1.795440334566496
1.9417666480161588
1.5767839092405018
2.443633784852175
1.477032531148117
0.7851100360611649
0.6393885944840522
0.7819634059764207
0.859512885419641
0.9216338439091476
0.8565141828767999
0.6993434763467352
0.777537508133086
0.8132633629082283
0.9552784044029896
0.5616767857713243
0.8973370057810534
1.5862596980848918
1.1799308008983644
2.3293721805305636
2.070125553652171
0.8628502857877034
0.8941385073620847
0.5619710277184138
0.8662289867208852
0.5362105663143403
0.5269166337776667
0.93253207162255
0.5135709767432066
0.7693556858977105
0.5690339747999686
0.6880345550241727
0.9291469825805149
0.7198256932102777
0.5106443881936278
0.9714651860431428
0.7016556001532952
2.2080786347085866
2.3528914664740253
2.1083504155934882
2.2998560268881896
1.1931884429089779
1.4515888046750343
1.665259892324193
2.2457882725396763
1.6820585696281727
2.2044052227997635
1.5892299231422722
1.5970161293996619
0.9790056169400579
0.8617891011880583
0.7729119461773268
0.758590701690911
0.9448381123283702
0.7516814063410162
0.8353910171045871
0.5744922897136506
2.438349000964421
2.104534869190774
2.4935109783692675
1.5217038939867802
0.8015053933889861
0.5651230349295324
0.6599348649754677
0.6246579577554102
0.6952041612643027
0.9086227926498139
0.7978217682306614
0.5903091952618345
0.8807093611859895
0.8659026527134202
0.7291601495550097
0.9902211708662313
0.829862165294573
0.5673260421875086
0.8590268575711717
0.8658888573106276
0.6305936922153648
0.6418587414782152
0.7162864482163896
0.7191993856976959
0.6312554140766669
0.9566940531529209
0.6918454449672125
2.0459586834806816
0.8822485334728492
2.1113953345697816
2.402422043677881
1.095478207445433
1.0690910193502043
1.8440216774058178
2.4488262150462705
1.9695213673077188
1.3605097504407184
2.4539228175350063
1.8839983850273132
0.6409525419412685
2.3417792802377564
0.7521371353869389
0.8263449203988948
1.081364171363539
0.9513184030352368
1.8222875228371933
1.016242821223535
1.9375359038442812
1.072614830035912
1.9350254913336684
1.1835430518485817
Running 200 simulations with 1 MPI ranks
Rank 0: 200 simulations
2.0179552017132476
Running 200 simulations with 1 MPI ranks
Rank 0: 200 simulations
Running 200 simulations with 1 MPI ranks
Rank 0: 200 simulations
Running 200 simulations with 1 MPI ranks
Rank 0: 200 simulations
t=97877  fraction=0.20500  peak_slope=7.009e-06  t_peak=48939  comparison cadence=97877  difference=0.20500  below=0/3
t=98876  fraction=0.20500  peak_slope=7.009e-06  t_peak=48939  comparison cadence=97877  difference=0.20500  below=0/3
t=111860  fraction=0.29000  peak_slope=9.011e-06  t_peak=55930  comparison cadence=111860  difference=0.29000  below=0/3
t=99875  fraction=0.21500  peak_slope=7.009e-06  t_peak=48939  comparison cadence=97877  difference=0.21500  below=0/3
t=112858  fraction=0.29000  peak_slope=9.011e-06  t_peak=55930  comparison cadence=111860  difference=0.29000  below=0/3
t=100873  fraction=0.21500  peak_slope=7.009e-06  t_peak=48939  comparison cadence=97877  difference=0.21500  below=0/3
t=113857  fraction=0.29000  peak_slope=9.011e-06  t_peak=55930  comparison cadence=111860  difference=0.29000  below=0/3
t=101872  fraction=0.21500  peak_slope=7.009e-06  t_peak=48939  comparison cadence=97877  difference=0.21500  below=0/3
t=114856  fraction=0.29000  peak_slope=9.011e-06  t_peak=55930  comparison cadence=111860  difference=0.29000  below=0/3
t=102871  fraction=0.22000  peak_slope=7.009e-06  t_peak=48939  comparison cadence=97877  difference=0.22000  below=0/3
t=115855  fraction=0.29000  peak_slope=9.011e-06  t_peak=55930  comparison cadence=111860  difference=0.29000  below=0/3
t=103870  fraction=0.22000  peak_slope=7.009e-06  t_peak=48939  comparison cadence=97877  difference=0.22000  below=0/3
t=116853  fraction=0.29000  peak_slope=9.011e-06  t_peak=55930  comparison cadence=111860  difference=0.29000  below=0/3
t=104868  fraction=0.22500  peak_slope=7.009e-06  t_peak=48939  comparison cadence=97877  difference=0.22500  below=0/3
t=117852  fraction=0.29000  peak_slope=9.011e-06  t_peak=55930  comparison cadence=111860  difference=0.29000  below=0/3
t=118851  fraction=0.29000  peak_slope=9.011e-06  t_peak=55930  comparison cadence=111860  difference=0.29000  below=0/3
t=105867  fraction=0.22500  peak_slope=7.009e-06  t_peak=48939  comparison cadence=97877  difference=0.22500  below=0/3
t=119850  fraction=0.29000  peak_slope=9.011e-06  t_peak=55930  comparison cadence=111860  difference=0.29000  below=0/3
t=106866  fraction=0.22500  peak_slope=7.009e-06  t_peak=48939  comparison cadence=97877  difference=0.22500  below=0/3
t=120848  fraction=0.29500  peak_slope=9.011e-06  t_peak=55930  comparison cadence=111860  difference=0.29500  below=0/3
t=107865  fraction=0.22500  peak_slope=7.009e-06  t_peak=48939  comparison cadence=97877  difference=0.22500  below=0/3
t=121847  fraction=0.29500  peak_slope=9.011e-06  t_peak=55930  comparison cadence=111860  difference=0.29500  below=0/3
t=108863  fraction=0.23500  peak_slope=7.009e-06  t_peak=48939  comparison cadence=97877  difference=0.23500  below=0/3
t=122846  fraction=0.29500  peak_slope=9.011e-06  t_peak=55930  comparison cadence=111860  difference=0.29500  below=0/3
t=109862  fraction=0.24500  peak_slope=7.009e-06  t_peak=48939  comparison cadence=97877  difference=0.24500  below=0/3
t=123845  fraction=0.30000  peak_slope=9.011e-06  t_peak=55930  comparison cadence=111860  difference=0.30000  below=0/3
t=110861  fraction=0.25000  peak_slope=7.009e-06  t_peak=48939  comparison cadence=97877  difference=0.25000  below=0/3
t=124843  fraction=0.30000  peak_slope=9.011e-06  t_peak=55930  comparison cadence=111860  difference=0.30000  below=0/3
t=125842  fraction=0.30500  peak_slope=9.011e-06  t_peak=55930  comparison cadence=111860  difference=0.30500  below=0/3
t=111860  fraction=0.25000  peak_slope=7.009e-06  t_peak=48939  comparison cadence=97877  difference=0.25000  below=0/3
t=126841  fraction=0.30500  peak_slope=9.011e-06  t_peak=55930  comparison cadence=111860  difference=0.30500  below=0/3
t=112858  fraction=0.25000  peak_slope=7.009e-06  t_peak=48939  comparison cadence=97877  difference=0.25000  below=0/3
t=127840  fraction=0.30500  peak_slope=9.011e-06  t_peak=55930  comparison cadence=111860  difference=0.30500  below=0/3
t=113857  fraction=0.25000  peak_slope=7.009e-06  t_peak=48939  comparison cadence=97877  difference=0.25000  below=0/3
t=128838  fraction=0.30500  peak_slope=9.011e-06  t_peak=55930  comparison cadence=111860  difference=0.30500  below=0/3
t=114856  fraction=0.25500  peak_slope=7.009e-06  t_peak=48939  comparison cadence=97877  difference=0.25500  below=0/3
t=129837  fraction=0.30500  peak_slope=9.011e-06  t_peak=55930  comparison cadence=111860  difference=0.30500  below=0/3
t=115855  fraction=0.25500  peak_slope=7.009e-06  t_peak=48939  comparison cadence=97877  difference=0.25500  below=0/3
t=130836  fraction=0.31000  peak_slope=9.011e-06  t_peak=55930  comparison cadence=111860  difference=0.31000  below=0/3
t=116853  fraction=0.26000  peak_slope=7.009e-06  t_peak=48939  comparison cadence=97877  difference=0.26000  below=0/3
t=131835  fraction=0.31000  peak_slope=9.011e-06  t_peak=55930  comparison cadence=111860  difference=0.31000  below=0/3
t=117852  fraction=0.26000  peak_slope=7.009e-06  t_peak=48939  comparison cadence=97877  difference=0.26000  below=0/3
t=132833  fraction=0.31000  peak_slope=9.011e-06  t_peak=55930  comparison cadence=111860  difference=0.31000  below=0/3
t=133832  fraction=0.31000  peak_slope=9.011e-06  t_peak=55930  comparison cadence=111860  difference=0.31000  below=0/3
t=118851  fraction=0.26000  peak_slope=7.009e-06  t_peak=48939  comparison cadence=97877  difference=0.26000  below=0/3
t=134831  fraction=0.31000  peak_slope=9.011e-06  t_peak=55930  comparison cadence=111860  difference=0.31000  below=0/3
t=119850  fraction=0.26000  peak_slope=7.009e-06  t_peak=48939  comparison cadence=97877  difference=0.26000  below=0/3
t=107865  fraction=0.18500  peak_slope=7.009e-06  t_peak=53932  comparison cadence=107865  difference=0.18500  below=0/3
t=135830  fraction=0.31000  peak_slope=9.011e-06  t_peak=55930  comparison cadence=111860  difference=0.31000  below=0/3
t=120848  fraction=0.26000  peak_slope=7.009e-06  t_peak=48939  comparison cadence=97877  difference=0.26000  below=0/3
t=108863  fraction=0.18500  peak_slope=7.009e-06  t_peak=53932  comparison cadence=107865  difference=0.18500  below=0/3
t=117852  fraction=0.22500  peak_slope=8.010e-06  t_peak=58926  comparison cadence=117852  difference=0.22500  below=0/3
t=136828  fraction=0.31000  peak_slope=9.011e-06  t_peak=55930  comparison cadence=111860  difference=0.31000  below=0/3
t=121847  fraction=0.26500  peak_slope=7.009e-06  t_peak=48939  comparison cadence=97877  difference=0.26500  below=0/3
t=137827  fraction=0.31000  peak_slope=9.011e-06  t_peak=55930  comparison cadence=111860  difference=0.31000  below=0/3
t=118851  fraction=0.23000  peak_slope=8.010e-06  t_peak=58926  comparison cadence=117852  difference=0.23000  below=0/3
t=109862  fraction=0.18500  peak_slope=7.009e-06  t_peak=53932  comparison cadence=107865  difference=0.18500  below=0/3
t=122846  fraction=0.26500  peak_slope=7.009e-06  t_peak=48939  comparison cadence=97877  difference=0.26500  below=0/3
t=138826  fraction=0.31000  peak_slope=9.011e-06  t_peak=55930  comparison cadence=111860  difference=0.31000  below=0/3
t=119850  fraction=0.23000  peak_slope=8.010e-06  t_peak=58926  comparison cadence=117852  difference=0.23000  below=0/3
t=110861  fraction=0.18500  peak_slope=7.009e-06  t_peak=53932  comparison cadence=107865  difference=0.18500  below=0/3
t=123845  fraction=0.26500  peak_slope=7.009e-06  t_peak=48939  comparison cadence=97877  difference=0.26500  below=0/3
t=139824  fraction=0.31000  peak_slope=9.011e-06  t_peak=55930  comparison cadence=111860  difference=0.31000  below=0/3
t=120848  fraction=0.23000  peak_slope=8.010e-06  t_peak=58926  comparison cadence=117852  difference=0.23000  below=0/3
t=111860  fraction=0.18500  peak_slope=7.009e-06  t_peak=53932  comparison cadence=107865  difference=0.18500  below=0/3
t=124843  fraction=0.26500  peak_slope=7.009e-06  t_peak=48939  comparison cadence=97877  difference=0.26500  below=0/3
t=140823  fraction=0.31000  peak_slope=9.011e-06  t_peak=55930  comparison cadence=111860  difference=0.31000  below=0/3
t=121847  fraction=0.23000  peak_slope=8.010e-06  t_peak=58926  comparison cadence=117852  difference=0.23000  below=0/3
t=112858  fraction=0.18500  peak_slope=7.009e-06  t_peak=53932  comparison cadence=107865  difference=0.18500  below=0/3
t=125842  fraction=0.26500  peak_slope=7.009e-06  t_peak=48939  comparison cadence=97877  difference=0.26500  below=0/3
t=141822  fraction=0.31500  peak_slope=9.011e-06  t_peak=55930  comparison cadence=111860  difference=0.31500  below=0/3
t=122846  fraction=0.23000  peak_slope=8.010e-06  t_peak=58926  comparison cadence=117852  difference=0.23000  below=0/3
t=142821  fraction=0.31500  peak_slope=9.011e-06  t_peak=55930  comparison cadence=111860  difference=0.31500  below=0/3
t=113857  fraction=0.18500  peak_slope=7.009e-06  t_peak=53932  comparison cadence=107865  difference=0.18500  below=0/3
t=126841  fraction=0.26500  peak_slope=7.009e-06  t_peak=48939  comparison cadence=97877  difference=0.26500  below=0/3
t=123845  fraction=0.23000  peak_slope=8.010e-06  t_peak=58926  comparison cadence=117852  difference=0.23000  below=0/3
t=143819  fraction=0.31500  peak_slope=9.011e-06  t_peak=55930  comparison cadence=111860  difference=0.31500  below=0/3
t=127840  fraction=0.26500  peak_slope=7.009e-06  t_peak=48939  comparison cadence=97877  difference=0.26500  below=0/3
t=114856  fraction=0.18500  peak_slope=7.009e-06  t_peak=53932  comparison cadence=107865  difference=0.18500  below=0/3
t=124843  fraction=0.23000  peak_slope=8.010e-06  t_peak=58926  comparison cadence=117852  difference=0.23000  below=0/3
t=144818  fraction=0.31500  peak_slope=9.011e-06  t_peak=55930  comparison cadence=111860  difference=0.31000  below=0/3
t=128838  fraction=0.26500  peak_slope=7.009e-06  t_peak=48939  comparison cadence=97877  difference=0.26500  below=0/3
t=115855  fraction=0.19000  peak_slope=7.009e-06  t_peak=53932  comparison cadence=107865  difference=0.19000  below=0/3
t=145817  fraction=0.32500  peak_slope=9.011e-06  t_peak=55930  comparison cadence=111860  difference=0.32000  below=0/3
t=125842  fraction=0.23000  peak_slope=8.010e-06  t_peak=58926  comparison cadence=117852  difference=0.23000  below=0/3
t=129837  fraction=0.26500  peak_slope=7.009e-06  t_peak=48939  comparison cadence=97877  difference=0.26500  below=0/3
t=116853  fraction=0.19000  peak_slope=7.009e-06  t_peak=53932  comparison cadence=107865  difference=0.19000  below=0/3
t=146816  fraction=0.32500  peak_slope=9.011e-06  t_peak=55930  comparison cadence=111860  difference=0.32000  below=0/3
t=126841  fraction=0.23000  peak_slope=8.010e-06  t_peak=58926  comparison cadence=117852  difference=0.23000  below=0/3
t=130836  fraction=0.26500  peak_slope=7.009e-06  t_peak=48939  comparison cadence=97877  difference=0.26500  below=0/3
t=147814  fraction=0.32500  peak_slope=9.011e-06  t_peak=55930  comparison cadence=111860  difference=0.31000  below=0/3
t=117852  fraction=0.19000  peak_slope=7.009e-06  t_peak=53932  comparison cadence=107865  difference=0.19000  below=0/3
t=127840  fraction=0.23000  peak_slope=8.010e-06  t_peak=58926  comparison cadence=117852  difference=0.23000  below=0/3
t=131835  fraction=0.26500  peak_slope=7.009e-06  t_peak=48939  comparison cadence=97877  difference=0.26500  below=0/3
t=148813  fraction=0.32500  peak_slope=9.011e-06  t_peak=55930  comparison cadence=111860  difference=0.31000  below=0/3
t=118851  fraction=0.19500  peak_slope=7.009e-06  t_peak=53932  comparison cadence=107865  difference=0.19500  below=0/3
t=128838  fraction=0.23500  peak_slope=8.010e-06  t_peak=58926  comparison cadence=117852  difference=0.23500  below=0/3
t=132833  fraction=0.26500  peak_slope=7.009e-06  t_peak=48939  comparison cadence=97877  difference=0.26500  below=0/3
t=149812  fraction=0.32500  peak_slope=9.011e-06  t_peak=55930  comparison cadence=111860  difference=0.30500  below=0/3
t=119850  fraction=0.19500  peak_slope=7.009e-06  t_peak=53932  comparison cadence=107865  difference=0.19500  below=0/3
t=129837  fraction=0.23500  peak_slope=8.010e-06  t_peak=58926  comparison cadence=117852  difference=0.23500  below=0/3
t=133832  fraction=0.26500  peak_slope=7.009e-06  t_peak=48939  comparison cadence=97877  difference=0.26500  below=0/3
t=150811  fraction=0.33500  peak_slope=9.011e-06  t_peak=55930  comparison cadence=111860  difference=0.31000  below=0/3
t=120848  fraction=0.19500  peak_slope=7.009e-06  t_peak=53932  comparison cadence=107865  difference=0.19500  below=0/3
t=151809  fraction=0.33500  peak_slope=9.011e-06  t_peak=55930  comparison cadence=111860  difference=0.31000  below=0/3
t=130836  fraction=0.23500  peak_slope=8.010e-06  t_peak=58926  comparison cadence=117852  difference=0.23500  below=0/3
t=134831  fraction=0.26500  peak_slope=7.009e-06  t_peak=48939  comparison cadence=97877  difference=0.26000  below=0/3
t=152808  fraction=0.33500  peak_slope=9.011e-06  t_peak=55930  comparison cadence=111860  difference=0.30500  below=0/3
t=121847  fraction=0.19500  peak_slope=7.009e-06  t_peak=53932  comparison cadence=107865  difference=0.19500  below=0/3
t=131835  fraction=0.23500  peak_slope=8.010e-06  t_peak=58926  comparison cadence=117852  difference=0.23500  below=0/3
t=135830  fraction=0.26500  peak_slope=7.009e-06  t_peak=48939  comparison cadence=97877  difference=0.25000  below=0/3
t=153807  fraction=0.33500  peak_slope=9.011e-06  t_peak=55930  comparison cadence=111860  difference=0.29500  below=0/3
t=122846  fraction=0.19500  peak_slope=7.009e-06  t_peak=53932  comparison cadence=107865  difference=0.19500  below=0/3
t=132833  fraction=0.23500  peak_slope=8.010e-06  t_peak=58926  comparison cadence=117852  difference=0.23500  below=0/3
t=136828  fraction=0.26500  peak_slope=7.009e-06  t_peak=48939  comparison cadence=97877  difference=0.24500  below=0/3
t=154806  fraction=0.34000  peak_slope=9.011e-06  t_peak=55930  comparison cadence=111860  difference=0.30000  below=0/3
t=137827  fraction=0.26500  peak_slope=7.009e-06  t_peak=48939  comparison cadence=97877  difference=0.24000  below=0/3
t=123845  fraction=0.19500  peak_slope=7.009e-06  t_peak=53932  comparison cadence=107865  difference=0.19500  below=0/3
t=133832  fraction=0.23500  peak_slope=8.010e-06  t_peak=58926  comparison cadence=117852  difference=0.23500  below=0/3
t=155804  fraction=0.34000  peak_slope=9.011e-06  t_peak=55930  comparison cadence=111860  difference=0.29500  below=0/3
t=138826  fraction=0.26500  peak_slope=7.009e-06  t_peak=48939  comparison cadence=97877  difference=0.23500  below=0/3
t=134831  fraction=0.24000  peak_slope=8.010e-06  t_peak=58926  comparison cadence=117852  difference=0.24000  below=0/3
t=124843  fraction=0.19500  peak_slope=7.009e-06  t_peak=53932  comparison cadence=107865  difference=0.19500  below=0/3
t=156803  fraction=0.34000  peak_slope=9.011e-06  t_peak=55930  comparison cadence=111860  difference=0.28500  below=0/3
t=139824  fraction=0.26500  peak_slope=7.009e-06  t_peak=48939  comparison cadence=97877  difference=0.23000  below=0/3
t=135830  fraction=0.24000  peak_slope=8.010e-06  t_peak=58926  comparison cadence=117852  difference=0.24000  below=0/3
t=157802  fraction=0.34000  peak_slope=9.011e-06  t_peak=55930  comparison cadence=111860  difference=0.28500  below=0/3
t=125842  fraction=0.19500  peak_slope=7.009e-06  t_peak=53932  comparison cadence=107865  difference=0.19500  below=0/3
t=140823  fraction=0.26500  peak_slope=7.009e-06  t_peak=48939  comparison cadence=97877  difference=0.23000  below=0/3
t=158801  fraction=0.34500  peak_slope=9.011e-06  t_peak=55930  comparison cadence=111860  difference=0.28500  below=0/3
t=136828  fraction=0.24000  peak_slope=8.010e-06  t_peak=58926  comparison cadence=117852  difference=0.24000  below=0/3
t=126841  fraction=0.19500  peak_slope=7.009e-06  t_peak=53932  comparison cadence=107865  difference=0.19500  below=0/3
t=159799  fraction=0.34500  peak_slope=9.011e-06  t_peak=55930  comparison cadence=111860  difference=0.28000  below=0/3
t=141822  fraction=0.26500  peak_slope=7.009e-06  t_peak=48939  comparison cadence=97877  difference=0.23000  below=0/3
t=137827  fraction=0.24000  peak_slope=8.010e-06  t_peak=58926  comparison cadence=117852  difference=0.24000  below=0/3
t=127840  fraction=0.19500  peak_slope=7.009e-06  t_peak=53932  comparison cadence=107865  difference=0.19500  below=0/3
t=160798  fraction=0.34500  peak_slope=9.011e-06  t_peak=55930  comparison cadence=111860  difference=0.27500  below=0/3
t=142821  fraction=0.26500  peak_slope=7.009e-06  t_peak=48939  comparison cadence=97877  difference=0.22000  below=0/3
t=138826  fraction=0.24000  peak_slope=8.010e-06  t_peak=58926  comparison cadence=117852  difference=0.24000  below=0/3
t=128838  fraction=0.19500  peak_slope=7.009e-06  t_peak=53932  comparison cadence=107865  difference=0.19500  below=0/3
t=161797  fraction=0.35000  peak_slope=9.011e-06  t_peak=55930  comparison cadence=111860  difference=0.27500  below=0/3
t=143819  fraction=0.27500  peak_slope=7.009e-06  t_peak=48939  comparison cadence=97877  difference=0.22500  below=0/3
t=139824  fraction=0.24500  peak_slope=8.010e-06  t_peak=58926  comparison cadence=117852  difference=0.24500  below=0/3
t=162796  fraction=0.35500  peak_slope=9.011e-06  t_peak=55930  comparison cadence=111860  difference=0.27500  below=0/3
t=129837  fraction=0.19500  peak_slope=7.009e-06  t_peak=53932  comparison cadence=107865  difference=0.19500  below=0/3
t=144818  fraction=0.27500  peak_slope=7.009e-06  t_peak=48939  comparison cadence=97877  difference=0.22500  below=0/3
t=140823  fraction=0.24500  peak_slope=8.010e-06  t_peak=58926  comparison cadence=117852  difference=0.24500  below=0/3
t=163794  fraction=0.35500  peak_slope=9.011e-06  t_peak=55930  comparison cadence=111860  difference=0.27500  below=0/3
t=130836  fraction=0.19500  peak_slope=7.009e-06  t_peak=53932  comparison cadence=107865  difference=0.19500  below=0/3
t=145817  fraction=0.27500  peak_slope=7.009e-06  t_peak=48939  comparison cadence=97877  difference=0.21000  below=0/3
t=141822  fraction=0.24500  peak_slope=8.010e-06  t_peak=58926  comparison cadence=117852  difference=0.24500  below=0/3
t=164793  fraction=0.35500  peak_slope=9.011e-06  t_peak=55930  comparison cadence=111860  difference=0.26500  below=0/3
t=131835  fraction=0.19500  peak_slope=7.009e-06  t_peak=53932  comparison cadence=107865  difference=0.19500  below=0/3
t=146816  fraction=0.27500  peak_slope=7.009e-06  t_peak=48939  comparison cadence=97877  difference=0.20500  below=0/3
t=165792  fraction=0.35500  peak_slope=9.011e-06  t_peak=55930  comparison cadence=111860  difference=0.25500  below=0/3
t=142821  fraction=0.24500  peak_slope=8.010e-06  t_peak=58926  comparison cadence=117852  difference=0.24500  below=0/3
t=132833  fraction=0.19500  peak_slope=7.009e-06  t_peak=53932  comparison cadence=107865  difference=0.19500  below=0/3
t=147814  fraction=0.27500  peak_slope=7.009e-06  t_peak=48939  comparison cadence=97877  difference=0.20500  below=0/3
t=166791  fraction=0.35500  peak_slope=9.011e-06  t_peak=55930  comparison cadence=111860  difference=0.24500  below=0/3
t=143819  fraction=0.24500  peak_slope=8.010e-06  t_peak=58926  comparison cadence=117852  difference=0.24500  below=0/3
t=133832  fraction=0.20000  peak_slope=7.009e-06  t_peak=53932  comparison cadence=107865  difference=0.20000  below=0/3
t=167789  fraction=0.35500  peak_slope=9.011e-06  t_peak=55930  comparison cadence=111860  difference=0.23000  below=0/3
t=148813  fraction=0.27500  peak_slope=7.009e-06  t_peak=48939  comparison cadence=97877  difference=0.20000  below=0/3
t=144818  fraction=0.25500  peak_slope=8.010e-06  t_peak=58926  comparison cadence=117852  difference=0.25500  below=0/3
t=168788  fraction=0.36000  peak_slope=9.011e-06  t_peak=55930  comparison cadence=111860  difference=0.23500  below=0/3
t=149812  fraction=0.27500  peak_slope=7.009e-06  t_peak=48939  comparison cadence=97877  difference=0.19500  below=0/3
t=134831  fraction=0.20000  peak_slope=7.009e-06  t_peak=53932  comparison cadence=107865  difference=0.20000  below=0/3
t=145817  fraction=0.25500  peak_slope=8.010e-06  t_peak=58926  comparison cadence=117852  difference=0.25500  below=0/3
t=169787  fraction=0.36000  peak_slope=9.011e-06  t_peak=55930  comparison cadence=111860  difference=0.23000  below=0/3
t=150811  fraction=0.27500  peak_slope=7.009e-06  t_peak=48939  comparison cadence=97877  difference=0.19000  below=0/3
t=135830  fraction=0.20000  peak_slope=7.009e-06  t_peak=53932  comparison cadence=107865  difference=0.20000  below=0/3
t=146816  fraction=0.25500  peak_slope=8.010e-06  t_peak=58926  comparison cadence=117852  difference=0.25500  below=0/3
t=170786  fraction=0.36000  peak_slope=9.011e-06  t_peak=55930  comparison cadence=111860  difference=0.22500  below=0/3
t=151809  fraction=0.27500  peak_slope=7.009e-06  t_peak=48939  comparison cadence=97877  difference=0.19000  below=0/3
t=136828  fraction=0.20000  peak_slope=7.009e-06  t_peak=53932  comparison cadence=107865  difference=0.20000  below=0/3
t=147814  fraction=0.25500  peak_slope=8.010e-06  t_peak=58926  comparison cadence=117852  difference=0.25500  below=0/3
t=171784  fraction=0.36000  peak_slope=9.011e-06  t_peak=55930  comparison cadence=111860  difference=0.22500  below=0/3
t=152808  fraction=0.27500  peak_slope=7.009e-06  t_peak=48939  comparison cadence=97877  difference=0.18500  below=0/3
t=137827  fraction=0.20000  peak_slope=7.009e-06  t_peak=53932  comparison cadence=107865  difference=0.20000  below=0/3
t=172783  fraction=0.36000  peak_slope=9.011e-06  t_peak=55930  comparison cadence=111860  difference=0.22000  below=0/3
t=148813  fraction=0.25500  peak_slope=8.010e-06  t_peak=58926  comparison cadence=117852  difference=0.25500  below=0/3
t=153807  fraction=0.27500  peak_slope=7.009e-06  t_peak=48939  comparison cadence=97877  difference=0.18500  below=0/3
t=173782  fraction=0.36000  peak_slope=9.011e-06  t_peak=55930  comparison cadence=111860  difference=0.21000  below=0/3
t=138826  fraction=0.20000  peak_slope=7.009e-06  t_peak=53932  comparison cadence=107865  difference=0.20000  below=0/3
t=149812  fraction=0.26000  peak_slope=8.010e-06  t_peak=58926  comparison cadence=117852  difference=0.26000  below=0/3
t=154806  fraction=0.27500  peak_slope=7.009e-06  t_peak=48939  comparison cadence=97877  difference=0.17500  below=0/3
t=174781  fraction=0.36000  peak_slope=9.011e-06  t_peak=55930  comparison cadence=111860  difference=0.20500  below=0/3
t=139824  fraction=0.20500  peak_slope=7.009e-06  t_peak=53932  comparison cadence=107865  difference=0.20500  below=0/3
t=150811  fraction=0.26000  peak_slope=8.010e-06  t_peak=58926  comparison cadence=117852  difference=0.26000  below=0/3
t=155804  fraction=0.27500  peak_slope=7.009e-06  t_peak=48939  comparison cadence=97877  difference=0.17500  below=0/3
t=175779  fraction=0.36000  peak_slope=9.011e-06  t_peak=55930  comparison cadence=111860  difference=0.20000  below=0/3
t=151809  fraction=0.26000  peak_slope=8.010e-06  t_peak=58926  comparison cadence=117852  difference=0.26000  below=0/3
t=140823  fraction=0.20500  peak_slope=7.009e-06  t_peak=53932  comparison cadence=107865  difference=0.20500  below=0/3
t=176778  fraction=0.36000  peak_slope=9.011e-06  t_peak=55930  comparison cadence=111860  difference=0.19500  below=0/3
t=156803  fraction=0.28000  peak_slope=7.009e-06  t_peak=48939  comparison cadence=97877  difference=0.17500  below=0/3
t=152808  fraction=0.26500  peak_slope=8.010e-06  t_peak=58926  comparison cadence=117852  difference=0.26500  below=0/3
t=141822  fraction=0.20500  peak_slope=7.009e-06  t_peak=53932  comparison cadence=107865  difference=0.20500  below=0/3
t=177777  fraction=0.36000  peak_slope=9.011e-06  t_peak=55930  comparison cadence=111860  difference=0.19000  below=0/3
t=157802  fraction=0.28000  peak_slope=7.009e-06  t_peak=48939  comparison cadence=97877  difference=0.17000  below=0/3
t=153807  fraction=0.26500  peak_slope=8.010e-06  t_peak=58926  comparison cadence=117852  difference=0.26500  below=0/3
t=178776  fraction=0.36000  peak_slope=9.011e-06  t_peak=55930  comparison cadence=111860  difference=0.18500  below=0/3
t=142821  fraction=0.20500  peak_slope=7.009e-06  t_peak=53932  comparison cadence=107865  difference=0.20500  below=0/3
t=158801  fraction=0.28000  peak_slope=7.009e-06  t_peak=48939  comparison cadence=97877  difference=0.17000  below=0/3
t=154806  fraction=0.26500  peak_slope=8.010e-06  t_peak=58926  comparison cadence=117852  difference=0.26500  below=0/3
t=179774  fraction=0.36000  peak_slope=9.011e-06  t_peak=55930  comparison cadence=111860  difference=0.18500  below=0/3
t=143819  fraction=0.20500  peak_slope=7.009e-06  t_peak=53932  comparison cadence=107865  difference=0.20000  below=0/3
t=159799  fraction=0.28000  peak_slope=7.009e-06  t_peak=48939  comparison cadence=97877  difference=0.17000  below=0/3
t=180773  fraction=0.36000  peak_slope=9.011e-06  t_peak=55930  comparison cadence=111860  difference=0.18500  below=0/3
t=155804  fraction=0.26500  peak_slope=8.010e-06  t_peak=58926  comparison cadence=117852  difference=0.26000  below=0/3
t=144818  fraction=0.20500  peak_slope=7.009e-06  t_peak=53932  comparison cadence=107865  difference=0.19500  below=0/3
t=160798  fraction=0.28000  peak_slope=7.009e-06  t_peak=48939  comparison cadence=97877  difference=0.16500  below=0/3
t=181772  fraction=0.36000  peak_slope=9.011e-06  t_peak=55930  comparison cadence=111860  difference=0.18500  below=0/3
t=156803  fraction=0.26500  peak_slope=8.010e-06  t_peak=58926  comparison cadence=117852  difference=0.26000  below=0/3
t=145817  fraction=0.20500  peak_slope=7.009e-06  t_peak=53932  comparison cadence=107865  difference=0.19500  below=0/3
t=161797  fraction=0.28000  peak_slope=7.009e-06  t_peak=48939  comparison cadence=97877  difference=0.16500  below=0/3
t=182771  fraction=0.36000  peak_slope=9.011e-06  t_peak=55930  comparison cadence=111860  difference=0.16500  below=0/3
t=157802  fraction=0.27000  peak_slope=8.010e-06  t_peak=58926  comparison cadence=117852  difference=0.25500  below=0/3
t=162796  fraction=0.28000  peak_slope=7.009e-06  t_peak=48939  comparison cadence=97877  difference=0.16500  below=0/3
t=183769  fraction=0.36500  peak_slope=9.011e-06  t_peak=55930  comparison cadence=111860  difference=0.16500  below=0/3
t=146816  fraction=0.20500  peak_slope=7.009e-06  t_peak=53932  comparison cadence=107865  difference=0.19500  below=0/3
t=158801  fraction=0.27500  peak_slope=8.010e-06  t_peak=58926  comparison cadence=117852  difference=0.26000  below=0/3
t=184768  fraction=0.36500  peak_slope=9.011e-06  t_peak=55930  comparison cadence=111860  difference=0.16500  below=0/3
t=163794  fraction=0.28000  peak_slope=7.009e-06  t_peak=48939  comparison cadence=97877  difference=0.15500  below=0/3
t=147814  fraction=0.20500  peak_slope=7.009e-06  t_peak=53932  comparison cadence=107865  difference=0.19000  below=0/3
t=159799  fraction=0.27500  peak_slope=8.010e-06  t_peak=58926  comparison cadence=117852  difference=0.25500  below=0/3
t=185767  fraction=0.36500  peak_slope=9.011e-06  t_peak=55930  comparison cadence=111860  difference=0.16500  below=0/3
t=164793  fraction=0.28000  peak_slope=7.009e-06  t_peak=48939  comparison cadence=97877  difference=0.15000  below=0/3
t=148813  fraction=0.20500  peak_slope=7.009e-06  t_peak=53932  comparison cadence=107865  difference=0.18500  below=0/3
t=186766  fraction=0.36500  peak_slope=9.011e-06  t_peak=55930  comparison cadence=111860  difference=0.16500  below=0/3
t=160798  fraction=0.27500  peak_slope=8.010e-06  t_peak=58926  comparison cadence=117852  difference=0.25000  below=0/3
t=165792  fraction=0.28000  peak_slope=7.009e-06  t_peak=48939  comparison cadence=97877  difference=0.14500  below=0/3
t=149812  fraction=0.20500  peak_slope=7.009e-06  t_peak=53932  comparison cadence=107865  difference=0.18500  below=0/3
t=187764  fraction=0.36500  peak_slope=9.011e-06  t_peak=55930  comparison cadence=111860  difference=0.16500  below=0/3
t=161797  fraction=0.27500  peak_slope=8.010e-06  t_peak=58926  comparison cadence=117852  difference=0.24500  below=0/3
t=166791  fraction=0.28000  peak_slope=7.009e-06  t_peak=48939  comparison cadence=97877  difference=0.14500  below=0/3
t=188763  fraction=0.36500  peak_slope=9.011e-06  t_peak=55930  comparison cadence=111860  difference=0.16000  below=0/3
t=150811  fraction=0.20500  peak_slope=7.009e-06  t_peak=53932  comparison cadence=107865  difference=0.18500  below=0/3
t=162796  fraction=0.27500  peak_slope=8.010e-06  t_peak=58926  comparison cadence=117852  difference=0.24000  below=0/3
t=167789  fraction=0.28000  peak_slope=7.009e-06  t_peak=48939  comparison cadence=97877  difference=0.14500  below=0/3
t=189762  fraction=0.36500  peak_slope=9.011e-06  t_peak=55930  comparison cadence=111860  difference=0.16000  below=0/3
t=151809  fraction=0.20500  peak_slope=7.009e-06  t_peak=53932  comparison cadence=107865  difference=0.18000  below=0/3
t=163794  fraction=0.27500  peak_slope=8.010e-06  t_peak=58926  comparison cadence=117852  difference=0.23500  below=0/3
t=168788  fraction=0.28000  peak_slope=7.009e-06  t_peak=48939  comparison cadence=97877  difference=0.14500  below=0/3
t=190761  fraction=0.36500  peak_slope=9.011e-06  t_peak=55930  comparison cadence=111860  difference=0.16000  below=0/3
t=152808  fraction=0.21000  peak_slope=7.009e-06  t_peak=53932  comparison cadence=107865  difference=0.17500  below=0/3
t=164793  fraction=0.27500  peak_slope=8.010e-06  t_peak=58926  comparison cadence=117852  difference=0.23500  below=0/3
t=191759  fraction=0.36500  peak_slope=9.011e-06  t_peak=55930  comparison cadence=111860  difference=0.15500  below=0/3
t=169787  fraction=0.28000  peak_slope=7.009e-06  t_peak=48939  comparison cadence=97877  difference=0.13000  below=0/3
t=153807  fraction=0.21000  peak_slope=7.009e-06  t_peak=53932  comparison cadence=107865  difference=0.17500  below=0/3
t=165792  fraction=0.27500  peak_slope=8.010e-06  t_peak=58926  comparison cadence=117852  difference=0.23000  below=0/3
t=192758  fraction=0.36500  peak_slope=9.011e-06  t_peak=55930  comparison cadence=111860  difference=0.15500  below=0/3
t=170786  fraction=0.28000  peak_slope=7.009e-06  t_peak=48939  comparison cadence=97877  difference=0.12500  below=0/3
t=154806  fraction=0.21000  peak_slope=7.009e-06  t_peak=53932  comparison cadence=107865  difference=0.17500  below=0/3
t=193757  fraction=0.36500  peak_slope=9.011e-06  t_peak=55930  comparison cadence=111860  difference=0.15000  below=0/3
t=166791  fraction=0.28000  peak_slope=8.010e-06  t_peak=58926  comparison cadence=117852  difference=0.22000  below=0/3
t=171784  fraction=0.28500  peak_slope=7.009e-06  t_peak=48939  comparison cadence=97877  difference=0.12500  below=0/3
t=194756  fraction=0.36500  peak_slope=9.011e-06  t_peak=55930  comparison cadence=111860  difference=0.14500  below=0/3
t=155804  fraction=0.21000  peak_slope=7.009e-06  t_peak=53932  comparison cadence=107865  difference=0.17500  below=0/3
t=167789  fraction=0.28000  peak_slope=8.010e-06  t_peak=58926  comparison cadence=117852  difference=0.22000  below=0/3
t=172783  fraction=0.29000  peak_slope=7.009e-06  t_peak=48939  comparison cadence=97877  difference=0.12500  below=0/3
t=195754  fraction=0.36500  peak_slope=9.011e-06  t_peak=55930  comparison cadence=111860  difference=0.14500  below=0/3
t=168788  fraction=0.28000  peak_slope=8.010e-06  t_peak=58926  comparison cadence=117852  difference=0.21500  below=0/3
t=156803  fraction=0.21000  peak_slope=7.009e-06  t_peak=53932  comparison cadence=107865  difference=0.17000  below=0/3
t=173782  fraction=0.29000  peak_slope=7.009e-06  t_peak=48939  comparison cadence=97877  difference=0.12500  below=0/3
t=196753  fraction=0.37000  peak_slope=9.011e-06  t_peak=55930  comparison cadence=111860  difference=0.15000  below=0/3
t=169787  fraction=0.28000  peak_slope=8.010e-06  t_peak=58926  comparison cadence=117852  difference=0.20500  below=0/3
t=157802  fraction=0.21000  peak_slope=7.009e-06  t_peak=53932  comparison cadence=107865  difference=0.16500  below=0/3
t=174781  fraction=0.29000  peak_slope=7.009e-06  t_peak=48939  comparison cadence=97877  difference=0.12000  below=0/3
t=197752  fraction=0.37000  peak_slope=9.011e-06  t_peak=55930  comparison cadence=111860  difference=0.15000  below=0/3
t=170786  fraction=0.28000  peak_slope=8.010e-06  t_peak=58926  comparison cadence=117852  difference=0.20500  below=0/3
t=175779  fraction=0.29000  peak_slope=7.009e-06  t_peak=48939  comparison cadence=97877  difference=0.11500  below=0/3
t=158801  fraction=0.21500  peak_slope=7.009e-06  t_peak=53932  comparison cadence=107865  difference=0.16500  below=0/3
t=198751  fraction=0.37000  peak_slope=9.011e-06  t_peak=55930  comparison cadence=111860  difference=0.14000  below=0/3
t=171784  fraction=0.28000  peak_slope=8.010e-06  t_peak=58926  comparison cadence=117852  difference=0.20000  below=0/3
t=199749  fraction=0.37000  peak_slope=9.011e-06  t_peak=55930  comparison cadence=111860  difference=0.13500  below=0/3
t=176778  fraction=0.29000  peak_slope=7.009e-06  t_peak=48939  comparison cadence=97877  difference=0.11000  below=0/3
t=159799  fraction=0.22000  peak_slope=7.009e-06  t_peak=53932  comparison cadence=107865  difference=0.16500  below=0/3
t=200748  fraction=0.37500  peak_slope=9.011e-06  t_peak=55930  comparison cadence=111860  difference=0.14000  below=0/3
t=172783  fraction=0.28000  peak_slope=8.010e-06  t_peak=58926  comparison cadence=117852  difference=0.19000  below=0/3
t=177777  fraction=0.29000  peak_slope=7.009e-06  t_peak=48939  comparison cadence=97877  difference=0.11000  below=0/3
t=160798  fraction=0.22000  peak_slope=7.009e-06  t_peak=53932  comparison cadence=107865  difference=0.15500  below=0/3
t=201747  fraction=0.37500  peak_slope=9.011e-06  t_peak=55930  comparison cadence=111860  difference=0.13500  below=0/3
t=178776  fraction=0.29000  peak_slope=7.009e-06  t_peak=48939  comparison cadence=97877  difference=0.10500  below=0/3
t=173782  fraction=0.28000  peak_slope=8.010e-06  t_peak=58926  comparison cadence=117852  difference=0.18000  below=0/3
t=161797  fraction=0.22500  peak_slope=7.009e-06  t_peak=53932  comparison cadence=107865  difference=0.15000  below=0/3
t=202746  fraction=0.37500  peak_slope=9.011e-06  t_peak=55930  comparison cadence=111860  difference=0.13000  below=0/3
t=179774  fraction=0.29000  peak_slope=7.009e-06  t_peak=48939  comparison cadence=97877  difference=0.10500  below=0/3
t=174781  fraction=0.28000  peak_slope=8.010e-06  t_peak=58926  comparison cadence=117852  difference=0.18000  below=0/3
t=162796  fraction=0.22500  peak_slope=7.009e-06  t_peak=53932  comparison cadence=107865  difference=0.15000  below=0/3
t=203744  fraction=0.37500  peak_slope=9.011e-06  t_peak=55930  comparison cadence=111860  difference=0.13000  below=0/3
t=180773  fraction=0.29500  peak_slope=7.009e-06  t_peak=48939  comparison cadence=97877  difference=0.11000  below=0/3
t=175779  fraction=0.28000  peak_slope=8.010e-06  t_peak=58926  comparison cadence=117852  difference=0.17000  below=0/3
t=204743  fraction=0.37500  peak_slope=9.011e-06  t_peak=55930  comparison cadence=111860  difference=0.12500  below=0/3
t=163794  fraction=0.22500  peak_slope=7.009e-06  t_peak=53932  comparison cadence=107865  difference=0.15000  below=0/3
t=181772  fraction=0.29500  peak_slope=7.009e-06  t_peak=48939  comparison cadence=97877  difference=0.10500  below=0/3
t=176778  fraction=0.28000  peak_slope=8.010e-06  t_peak=58926  comparison cadence=117852  difference=0.16000  below=0/3
t=205742  fraction=0.37500  peak_slope=9.011e-06  t_peak=55930  comparison cadence=111860  difference=0.12500  below=0/3
t=164793  fraction=0.22500  peak_slope=7.009e-06  t_peak=53932  comparison cadence=107865  difference=0.14500  below=0/3
t=182771  fraction=0.29500  peak_slope=7.009e-06  t_peak=48939  comparison cadence=97877  difference=0.10500  below=0/3
t=206741  fraction=0.38000  peak_slope=9.011e-06  t_peak=55930  comparison cadence=111860  difference=0.13000  below=0/3
t=177777  fraction=0.28000  peak_slope=8.010e-06  t_peak=58926  comparison cadence=117852  difference=0.15500  below=0/3
t=165792  fraction=0.22500  peak_slope=7.009e-06  t_peak=53932  comparison cadence=107865  difference=0.14500  below=0/3
t=207739  fraction=0.38000  peak_slope=9.011e-06  t_peak=55930  comparison cadence=111860  difference=0.13000  below=0/3
t=183769  fraction=0.29500  peak_slope=7.009e-06  t_peak=48939  comparison cadence=97877  difference=0.10500  below=0/3
t=178776  fraction=0.28000  peak_slope=8.010e-06  t_peak=58926  comparison cadence=117852  difference=0.15000  below=0/3
t=166791  fraction=0.22500  peak_slope=7.009e-06  t_peak=53932  comparison cadence=107865  difference=0.13500  below=0/3
t=208738  fraction=0.38000  peak_slope=9.011e-06  t_peak=55930  comparison cadence=111860  difference=0.12500  below=0/3
t=184768  fraction=0.30000  peak_slope=7.009e-06  t_peak=48939  comparison cadence=97877  difference=0.11000  below=0/3
t=179774  fraction=0.28000  peak_slope=8.010e-06  t_peak=58926  comparison cadence=117852  difference=0.15000  below=0/3
t=167789  fraction=0.22500  peak_slope=7.009e-06  t_peak=53932  comparison cadence=107865  difference=0.13500  below=0/3
t=209737  fraction=0.38000  peak_slope=9.011e-06  t_peak=55930  comparison cadence=111860  difference=0.12500  below=0/3
t=185767  fraction=0.30500  peak_slope=7.009e-06  t_peak=48939  comparison cadence=97877  difference=0.11500  below=0/3
t=180773  fraction=0.28000  peak_slope=8.010e-06  t_peak=58926  comparison cadence=117852  difference=0.15000  below=0/3
t=210735  fraction=0.38000  peak_slope=9.011e-06  t_peak=55930  comparison cadence=111860  difference=0.12000  below=0/3
t=168788  fraction=0.22500  peak_slope=7.009e-06  t_peak=53932  comparison cadence=107865  difference=0.12500  below=0/3
t=186766  fraction=0.30500  peak_slope=7.009e-06  t_peak=48939  comparison cadence=97877  difference=0.11500  below=0/3
t=181772  fraction=0.28000  peak_slope=8.010e-06  t_peak=58926  comparison cadence=117852  difference=0.14500  below=0/3
t=211734  fraction=0.38000  peak_slope=9.011e-06  t_peak=55930  comparison cadence=111860  difference=0.11000  below=0/3
t=169787  fraction=0.22500  peak_slope=7.009e-06  t_peak=53932  comparison cadence=107865  difference=0.12500  below=0/3
t=187764  fraction=0.30500  peak_slope=7.009e-06  t_peak=48939  comparison cadence=97877  difference=0.11000  below=0/3
t=212733  fraction=0.38000  peak_slope=9.011e-06  t_peak=55930  comparison cadence=111860  difference=0.11000  below=0/3
t=182771  fraction=0.28000  peak_slope=8.010e-06  t_peak=58926  comparison cadence=117852  difference=0.14500  below=0/3
t=170786  fraction=0.22500  peak_slope=7.009e-06  t_peak=53932  comparison cadence=107865  difference=0.12500  below=0/3
t=188763  fraction=0.30500  peak_slope=7.009e-06  t_peak=48939  comparison cadence=97877  difference=0.10500  below=0/3
t=213732  fraction=0.38000  peak_slope=9.011e-06  t_peak=55930  comparison cadence=111860  difference=0.11000  below=0/3
t=183769  fraction=0.28000  peak_slope=8.010e-06  t_peak=58926  comparison cadence=117852  difference=0.14500  below=0/3
t=171784  fraction=0.22500  peak_slope=7.009e-06  t_peak=53932  comparison cadence=107865  difference=0.12000  below=0/3
t=189762  fraction=0.30500  peak_slope=7.009e-06  t_peak=48939  comparison cadence=97877  difference=0.10500  below=0/3
t=214730  fraction=0.38500  peak_slope=9.011e-06  t_peak=55930  comparison cadence=111860  difference=0.11000  below=0/3
t=184768  fraction=0.28000  peak_slope=8.010e-06  t_peak=58926  comparison cadence=117852  difference=0.14500  below=0/3
t=215729  fraction=0.38500  peak_slope=9.011e-06  t_peak=55930  comparison cadence=111860  difference=0.11000  below=0/3
t=172783  fraction=0.22500  peak_slope=7.009e-06  t_peak=53932  comparison cadence=107865  difference=0.12000  below=0/3
t=190761  fraction=0.30500  peak_slope=7.009e-06  t_peak=48939  comparison cadence=97877  difference=0.10500  below=0/3
t=185767  fraction=0.28000  peak_slope=8.010e-06  t_peak=58926  comparison cadence=117852  difference=0.14500  below=0/3
t=216728  fraction=0.38500  peak_slope=9.011e-06  t_peak=55930  comparison cadence=111860  difference=0.10500  below=0/3
t=173782  fraction=0.22500  peak_slope=7.009e-06  t_peak=53932  comparison cadence=107865  difference=0.12000  below=0/3
t=191759  fraction=0.30500  peak_slope=7.009e-06  t_peak=48939  comparison cadence=97877  difference=0.10000  below=0/3
t=186766  fraction=0.28000  peak_slope=8.010e-06  t_peak=58926  comparison cadence=117852  difference=0.14500  below=0/3
t=217727  fraction=0.38500  peak_slope=9.011e-06  t_peak=55930  comparison cadence=111860  difference=0.10500  below=0/3
t=192758  fraction=0.30500  peak_slope=7.009e-06  t_peak=48939  comparison cadence=97877  difference=0.10000  below=0/3
t=174781  fraction=0.22500  peak_slope=7.009e-06  t_peak=53932  comparison cadence=107865  difference=0.11500  below=0/3
t=218725  fraction=0.39000  peak_slope=9.011e-06  t_peak=55930  comparison cadence=111860  difference=0.10500  below=0/3
t=187764  fraction=0.28000  peak_slope=8.010e-06  t_peak=58926  comparison cadence=117852  difference=0.14000  below=0/3
t=193757  fraction=0.30500  peak_slope=7.009e-06  t_peak=48939  comparison cadence=97877  difference=0.10000  below=0/3
t=175779  fraction=0.22500  peak_slope=7.009e-06  t_peak=53932  comparison cadence=107865  difference=0.11000  below=0/3
t=219724  fraction=0.39000  peak_slope=9.011e-06  t_peak=55930  comparison cadence=111860  difference=0.10500  below=0/3
t=188763  fraction=0.28500  peak_slope=8.010e-06  t_peak=58926  comparison cadence=117852  difference=0.13500  below=0/3
t=194756  fraction=0.30500  peak_slope=7.009e-06  t_peak=48939  comparison cadence=97877  difference=0.10000  below=0/3
t=176778  fraction=0.22500  peak_slope=7.009e-06  t_peak=53932  comparison cadence=107865  difference=0.10500  below=0/3
t=220723  fraction=0.39000  peak_slope=9.011e-06  t_peak=55930  comparison cadence=111860  difference=0.10000  below=0/3
t=189762  fraction=0.28500  peak_slope=8.010e-06  t_peak=58926  comparison cadence=117852  difference=0.13500  below=0/3
t=195754  fraction=0.31000  peak_slope=7.009e-06  t_peak=48939  comparison cadence=97877  difference=0.10500  below=0/3
t=221722  fraction=0.39000  peak_slope=9.011e-06  t_peak=55930  comparison cadence=111860  difference=0.10000  below=0/3
t=177777  fraction=0.22500  peak_slope=7.009e-06  t_peak=53932  comparison cadence=107865  difference=0.10500  below=0/3
t=190761  fraction=0.28500  peak_slope=8.010e-06  t_peak=58926  comparison cadence=117852  difference=0.13500  below=0/3
t=222720  fraction=0.39000  peak_slope=9.011e-06  t_peak=55930  comparison cadence=111860  difference=0.10000  below=0/3
t=196753  fraction=0.31000  peak_slope=7.009e-06  t_peak=48939  comparison cadence=97877  difference=0.10500  below=0/3
t=178776  fraction=0.22500  peak_slope=7.009e-06  t_peak=53932  comparison cadence=107865  difference=0.10500  below=0/3
t=191759  fraction=0.28500  peak_slope=8.010e-06  t_peak=58926  comparison cadence=117852  difference=0.13500  below=0/3
t=223719  fraction=0.39000  peak_slope=9.011e-06  t_peak=55930  comparison cadence=111860  difference=0.10000  below=0/3
t=197752  fraction=0.31000  peak_slope=7.009e-06  t_peak=48939  comparison cadence=97877  difference=0.09500  below=0/3
t=179774  fraction=0.22500  peak_slope=7.009e-06  t_peak=53932  comparison cadence=107865  difference=0.10500  below=0/3
t=192758  fraction=0.28500  peak_slope=8.010e-06  t_peak=58926  comparison cadence=117852  difference=0.13000  below=0/3
t=224718  fraction=0.39000  peak_slope=9.011e-06  t_peak=55930  comparison cadence=111860  difference=0.10000  below=0/3
t=198751  fraction=0.31000  peak_slope=7.009e-06  t_peak=48939  comparison cadence=97877  difference=0.09500  below=0/3
t=180773  fraction=0.22500  peak_slope=7.009e-06  t_peak=53932  comparison cadence=107865  difference=0.10500  below=0/3
t=225717  fraction=0.39000  peak_slope=9.011e-06  t_peak=55930  comparison cadence=111860  difference=0.10000  below=0/3
t=193757  fraction=0.29000  peak_slope=8.010e-06  t_peak=58926  comparison cadence=117852  difference=0.13500  below=0/3
t=199749  fraction=0.31000  peak_slope=7.009e-06  t_peak=48939  comparison cadence=97877  difference=0.09500  below=0/3
t=181772  fraction=0.22500  peak_slope=7.009e-06  t_peak=53932  comparison cadence=107865  difference=0.10500  below=0/3
t=226715  fraction=0.39000  peak_slope=9.011e-06  t_peak=55930  comparison cadence=111860  difference=0.10000  below=0/3
t=194756  fraction=0.29000  peak_slope=8.010e-06  t_peak=58926  comparison cadence=117852  difference=0.13500  below=0/3
t=200748  fraction=0.31000  peak_slope=7.009e-06  t_peak=48939  comparison cadence=97877  difference=0.09000  below=0/3
t=227714  fraction=0.39000  peak_slope=9.011e-06  t_peak=55930  comparison cadence=111860  difference=0.10000  below=0/3
t=182771  fraction=0.22500  peak_slope=7.009e-06  t_peak=53932  comparison cadence=107865  difference=0.09500  below=0/3
t=195754  fraction=0.29000  peak_slope=8.010e-06  t_peak=58926  comparison cadence=117852  difference=0.13500  below=0/3
t=201747  fraction=0.31000  peak_slope=7.009e-06  t_peak=48939  comparison cadence=97877  difference=0.09000  below=0/3
t=228713  fraction=0.39000  peak_slope=9.011e-06  t_peak=55930  comparison cadence=111860  difference=0.10000  below=0/3
t=183769  fraction=0.22500  peak_slope=7.009e-06  t_peak=53932  comparison cadence=107865  difference=0.08500  below=0/3
t=196753  fraction=0.29000  peak_slope=8.010e-06  t_peak=58926  comparison cadence=117852  difference=0.13500  below=0/3
t=202746  fraction=0.31500  peak_slope=7.009e-06  t_peak=48939  comparison cadence=97877  difference=0.09000  below=0/3
t=229712  fraction=0.39000  peak_slope=9.011e-06  t_peak=55930  comparison cadence=111860  difference=0.10000  below=0/3
t=184768  fraction=0.22500  peak_slope=7.009e-06  t_peak=53932  comparison cadence=107865  difference=0.08500  below=0/3
t=197752  fraction=0.29000  peak_slope=8.010e-06  t_peak=58926  comparison cadence=117852  difference=0.13000  below=0/3
t=230710  fraction=0.39000  peak_slope=9.011e-06  t_peak=55930  comparison cadence=111860  difference=0.10000  below=0/3
t=203744  fraction=0.32000  peak_slope=7.009e-06  t_peak=48939  comparison cadence=97877  difference=0.09500  below=0/3
t=185767  fraction=0.22500  peak_slope=7.009e-06  t_peak=53932  comparison cadence=107865  difference=0.08000  below=0/3
t=231709  fraction=0.39000  peak_slope=9.011e-06  t_peak=55930  comparison cadence=111860  difference=0.10000  below=0/3
t=198751  fraction=0.29000  peak_slope=8.010e-06  t_peak=58926  comparison cadence=117852  difference=0.13000  below=0/3
t=204743  fraction=0.32000  peak_slope=7.009e-06  t_peak=48939  comparison cadence=97877  difference=0.09500  below=0/3
t=232708  fraction=0.39000  peak_slope=9.011e-06  t_peak=55930  comparison cadence=111860  difference=0.09500  below=0/3
t=186766  fraction=0.23000  peak_slope=7.009e-06  t_peak=53932  comparison cadence=107865  difference=0.08500  below=0/3
t=199749  fraction=0.29000  peak_slope=8.010e-06  t_peak=58926  comparison cadence=117852  difference=0.13000  below=0/3
t=205742  fraction=0.32000  peak_slope=7.009e-06  t_peak=48939  comparison cadence=97877  difference=0.09500  below=0/3
t=233707  fraction=0.39000  peak_slope=9.011e-06  t_peak=55930  comparison cadence=111860  difference=0.09500  below=0/3
t=187764  fraction=0.23000  peak_slope=7.009e-06  t_peak=53932  comparison cadence=107865  difference=0.08500  below=0/3
t=200748  fraction=0.29000  peak_slope=8.010e-06  t_peak=58926  comparison cadence=117852  difference=0.13000  below=0/3
t=206741  fraction=0.32000  peak_slope=7.009e-06  t_peak=48939  comparison cadence=97877  difference=0.08500  below=0/3
t=234705  fraction=0.39000  peak_slope=9.011e-06  t_peak=55930  comparison cadence=111860  difference=0.09500  below=0/3
t=188763  fraction=0.23000  peak_slope=7.009e-06  t_peak=53932  comparison cadence=107865  difference=0.08500  below=0/3
t=201747  fraction=0.29000  peak_slope=8.010e-06  t_peak=58926  comparison cadence=117852  difference=0.13000  below=0/3
t=207739  fraction=0.32000  peak_slope=7.009e-06  t_peak=48939  comparison cadence=97877  difference=0.07500  below=0/3
t=235704  fraction=0.39000  peak_slope=9.011e-06  t_peak=55930  comparison cadence=111860  difference=0.09000  below=0/3
t=189762  fraction=0.23000  peak_slope=7.009e-06  t_peak=53932  comparison cadence=107865  difference=0.08500  below=0/3
t=208738  fraction=0.32000  peak_slope=7.009e-06  t_peak=48939  comparison cadence=97877  difference=0.07000  below=0/3
t=202746  fraction=0.29000  peak_slope=8.010e-06  t_peak=58926  comparison cadence=117852  difference=0.12500  below=0/3
t=236703  fraction=0.39500  peak_slope=9.011e-06  t_peak=55930  comparison cadence=111860  difference=0.09500  below=0/3
t=209737  fraction=0.32000  peak_slope=7.009e-06  t_peak=48939  comparison cadence=97877  difference=0.07000  below=0/3
t=190761  fraction=0.23000  peak_slope=7.009e-06  t_peak=53932  comparison cadence=107865  difference=0.08000  below=0/3
t=237702  fraction=0.39500  peak_slope=9.011e-06  t_peak=55930  comparison cadence=111860  difference=0.09000  below=0/3
t=203744  fraction=0.29000  peak_slope=8.010e-06  t_peak=58926  comparison cadence=117852  difference=0.12500  below=0/3
t=238700  fraction=0.39500  peak_slope=9.011e-06  t_peak=55930  comparison cadence=111860  difference=0.09000  below=0/3
t=210735  fraction=0.32000  peak_slope=7.009e-06  t_peak=48939  comparison cadence=97877  difference=0.07000  below=0/3
t=191759  fraction=0.23000  peak_slope=7.009e-06  t_peak=53932  comparison cadence=107865  difference=0.08000  below=0/3
t=204743  fraction=0.29000  peak_slope=8.010e-06  t_peak=58926  comparison cadence=117852  difference=0.12000  below=0/3
t=239699  fraction=0.40000  peak_slope=9.011e-06  t_peak=55930  comparison cadence=111860  difference=0.09500  below=0/3
t=211734  fraction=0.32000  peak_slope=7.009e-06  t_peak=48939  comparison cadence=97877  difference=0.07000  below=0/3
t=205742  fraction=0.29000  peak_slope=8.010e-06  t_peak=58926  comparison cadence=117852  difference=0.12000  below=0/3
t=192758  fraction=0.23000  peak_slope=7.009e-06  t_peak=53932  comparison cadence=107865  difference=0.07500  below=0/3
t=240698  fraction=0.40000  peak_slope=9.011e-06  t_peak=55930  comparison cadence=111860  difference=0.09500  below=0/3
t=212733  fraction=0.32000  peak_slope=7.009e-06  t_peak=48939  comparison cadence=97877  difference=0.06500  below=0/3
t=206741  fraction=0.29000  peak_slope=8.010e-06  t_peak=58926  comparison cadence=117852  difference=0.12000  below=0/3
t=193757  fraction=0.23000  peak_slope=7.009e-06  t_peak=53932  comparison cadence=107865  difference=0.07500  below=0/3
t=241697  fraction=0.40000  peak_slope=9.011e-06  t_peak=55930  comparison cadence=111860  difference=0.09500  below=0/3
t=213732  fraction=0.32000  peak_slope=7.009e-06  t_peak=48939  comparison cadence=97877  difference=0.06500  below=0/3
t=207739  fraction=0.29000  peak_slope=8.010e-06  t_peak=58926  comparison cadence=117852  difference=0.12000  below=0/3
t=194756  fraction=0.23000  peak_slope=7.009e-06  t_peak=53932  comparison cadence=107865  difference=0.07500  below=0/3
t=242695  fraction=0.40000  peak_slope=9.011e-06  t_peak=55930  comparison cadence=111860  difference=0.09000  below=0/3
t=214730  fraction=0.32000  peak_slope=7.009e-06  t_peak=48939  comparison cadence=97877  difference=0.06000  below=0/3
t=243694  fraction=0.40000  peak_slope=9.011e-06  t_peak=55930  comparison cadence=111860  difference=0.09000  below=0/3
t=208738  fraction=0.29000  peak_slope=8.010e-06  t_peak=58926  comparison cadence=117852  difference=0.11500  below=0/3
t=195754  fraction=0.23000  peak_slope=7.009e-06  t_peak=53932  comparison cadence=107865  difference=0.07000  below=0/3
t=215729  fraction=0.32000  peak_slope=7.009e-06  t_peak=48939  comparison cadence=97877  difference=0.06000  below=0/3
t=244693  fraction=0.40000  peak_slope=9.011e-06  t_peak=55930  comparison cadence=111860  difference=0.09000  below=0/3
t=209737  fraction=0.29000  peak_slope=8.010e-06  t_peak=58926  comparison cadence=117852  difference=0.11500  below=0/3
t=196753  fraction=0.23000  peak_slope=7.009e-06  t_peak=53932  comparison cadence=107865  difference=0.07000  below=0/3
t=245692  fraction=0.40000  peak_slope=9.011e-06  t_peak=55930  comparison cadence=111860  difference=0.09000  below=0/3
t=216728  fraction=0.32000  peak_slope=7.009e-06  t_peak=48939  comparison cadence=97877  difference=0.06000  below=0/3
t=210735  fraction=0.29000  peak_slope=8.010e-06  t_peak=58926  comparison cadence=117852  difference=0.11500  below=0/3
t=197752  fraction=0.23000  peak_slope=7.009e-06  t_peak=53932  comparison cadence=107865  difference=0.07000  below=0/3
t=246690  fraction=0.40000  peak_slope=9.011e-06  t_peak=55930  comparison cadence=111860  difference=0.09000  below=0/3
t=217727  fraction=0.32000  peak_slope=7.009e-06  t_peak=48939  comparison cadence=97877  difference=0.06000  below=0/3
t=211734  fraction=0.29000  peak_slope=8.010e-06  t_peak=58926  comparison cadence=117852  difference=0.11000  below=0/3
t=198751  fraction=0.23000  peak_slope=7.009e-06  t_peak=53932  comparison cadence=107865  difference=0.07000  below=0/3
t=247689  fraction=0.40000  peak_slope=9.011e-06  t_peak=55930  comparison cadence=111860  difference=0.09000  below=0/3
t=218725  fraction=0.32000  peak_slope=7.009e-06  t_peak=48939  comparison cadence=97877  difference=0.06000  below=0/3
t=248688  fraction=0.40000  peak_slope=9.011e-06  t_peak=55930  comparison cadence=111860  difference=0.09000  below=0/3
t=212733  fraction=0.29000  peak_slope=8.010e-06  t_peak=58926  comparison cadence=117852  difference=0.11000  below=0/3
t=199749  fraction=0.23500  peak_slope=7.009e-06  t_peak=53932  comparison cadence=107865  difference=0.07500  below=0/3
t=219724  fraction=0.32000  peak_slope=7.009e-06  t_peak=48939  comparison cadence=97877  difference=0.05500  below=0/3
t=249687  fraction=0.40000  peak_slope=9.011e-06  t_peak=55930  comparison cadence=111860  difference=0.09000  below=0/3
t=213732  fraction=0.29000  peak_slope=8.010e-06  t_peak=58926  comparison cadence=117852  difference=0.11000  below=0/3
t=200748  fraction=0.23500  peak_slope=7.009e-06  t_peak=53932  comparison cadence=107865  difference=0.07000  below=0/3
t=220723  fraction=0.32000  peak_slope=7.009e-06  t_peak=48939  comparison cadence=97877  difference=0.05500  below=0/3
t=250685  fraction=0.40000  peak_slope=9.011e-06  t_peak=55930  comparison cadence=111860  difference=0.09000  below=0/3
t=214730  fraction=0.29000  peak_slope=8.010e-06  t_peak=58926  comparison cadence=117852  difference=0.11000  below=0/3
t=201747  fraction=0.23500  peak_slope=7.009e-06  t_peak=53932  comparison cadence=107865  difference=0.07000  below=0/3
t=221722  fraction=0.32000  peak_slope=7.009e-06  t_peak=48939  comparison cadence=97877  difference=0.05500  below=0/3
t=251684  fraction=0.40000  peak_slope=9.011e-06  t_peak=55930  comparison cadence=111860  difference=0.09000  below=0/3
t=215729  fraction=0.29000  peak_slope=8.010e-06  t_peak=58926  comparison cadence=117852  difference=0.11000  below=0/3
t=202746  fraction=0.23500  peak_slope=7.009e-06  t_peak=53932  comparison cadence=107865  difference=0.07000  below=0/3
t=252683  fraction=0.40000  peak_slope=9.011e-06  t_peak=55930  comparison cadence=111860  difference=0.09000  below=0/3
t=222720  fraction=0.32000  peak_slope=7.009e-06  t_peak=48939  comparison cadence=97877  difference=0.05500  below=0/3
t=216728  fraction=0.29000  peak_slope=8.010e-06  t_peak=58926  comparison cadence=117852  difference=0.11000  below=0/3
t=253682  fraction=0.40000  peak_slope=9.011e-06  t_peak=55930  comparison cadence=111860  difference=0.08500  below=0/3
t=203744  fraction=0.23500  peak_slope=7.009e-06  t_peak=53932  comparison cadence=107865  difference=0.07000  below=0/3
t=223719  fraction=0.32000  peak_slope=7.009e-06  t_peak=48939  comparison cadence=97877  difference=0.05500  below=0/3
t=254680  fraction=0.40500  peak_slope=9.011e-06  t_peak=55930  comparison cadence=111860  difference=0.09000  below=0/3
t=217727  fraction=0.29000  peak_slope=8.010e-06  t_peak=58926  comparison cadence=117852  difference=0.10500  below=0/3
t=204743  fraction=0.23500  peak_slope=7.009e-06  t_peak=53932  comparison cadence=107865  difference=0.06500  below=0/3
t=224718  fraction=0.32000  peak_slope=7.009e-06  t_peak=48939  comparison cadence=97877  difference=0.05500  below=0/3
t=255679  fraction=0.41000  peak_slope=9.011e-06  t_peak=55930  comparison cadence=111860  difference=0.09500  below=0/3
t=218725  fraction=0.29000  peak_slope=8.010e-06  t_peak=58926  comparison cadence=117852  difference=0.10000  below=0/3
t=205742  fraction=0.23500  peak_slope=7.009e-06  t_peak=53932  comparison cadence=107865  difference=0.06500  below=0/3
t=225717  fraction=0.32000  peak_slope=7.009e-06  t_peak=48939  comparison cadence=97877  difference=0.05500  below=0/3
t=256678  fraction=0.41000  peak_slope=9.011e-06  t_peak=55930  comparison cadence=111860  difference=0.09500  below=0/3
t=219724  fraction=0.29000  peak_slope=8.010e-06  t_peak=58926  comparison cadence=117852  difference=0.09500  below=0/3
t=206741  fraction=0.23500  peak_slope=7.009e-06  t_peak=53932  comparison cadence=107865  difference=0.06500  below=0/3
t=226715  fraction=0.32000  peak_slope=7.009e-06  t_peak=48939  comparison cadence=97877  difference=0.05500  below=0/3
t=257677  fraction=0.41000  peak_slope=9.011e-06  t_peak=55930  comparison cadence=111860  difference=0.08500  below=0/3
t=220723  fraction=0.29000  peak_slope=8.010e-06  t_peak=58926  comparison cadence=117852  difference=0.09000  below=0/3
t=227714  fraction=0.32000  peak_slope=7.009e-06  t_peak=48939  comparison cadence=97877  difference=0.05500  below=0/3
t=207739  fraction=0.23500  peak_slope=7.009e-06  t_peak=53932  comparison cadence=107865  difference=0.06000  below=0/3
t=258675  fraction=0.41000  peak_slope=9.011e-06  t_peak=55930  comparison cadence=111860  difference=0.08500  below=0/3
t=228713  fraction=0.32000  peak_slope=7.009e-06  t_peak=48939  comparison cadence=97877  difference=0.05500  below=0/3
t=221722  fraction=0.30000  peak_slope=8.010e-06  t_peak=58926  comparison cadence=117852  difference=0.10000  below=0/3
t=259674  fraction=0.41000  peak_slope=9.011e-06  t_peak=55930  comparison cadence=111860  difference=0.08500  below=0/3
t=208738  fraction=0.24000  peak_slope=7.009e-06  t_peak=53932  comparison cadence=107865  difference=0.06000  below=0/3
t=260673  fraction=0.41000  peak_slope=9.011e-06  t_peak=55930  comparison cadence=111860  difference=0.08500  below=0/3
t=229712  fraction=0.32000  peak_slope=7.009e-06  t_peak=48939  comparison cadence=97877  difference=0.05500  below=0/3
t=222720  fraction=0.30000  peak_slope=8.010e-06  t_peak=58926  comparison cadence=117852  difference=0.10000  below=0/3
t=209737  fraction=0.24000  peak_slope=7.009e-06  t_peak=53932  comparison cadence=107865  difference=0.06000  below=0/3
t=261672  fraction=0.41000  peak_slope=9.011e-06  t_peak=55930  comparison cadence=111860  difference=0.08500  below=0/3
t=230710  fraction=0.32500  peak_slope=7.009e-06  t_peak=48939  comparison cadence=97877  difference=0.06000  below=0/3
t=223719  fraction=0.30000  peak_slope=8.010e-06  t_peak=58926  comparison cadence=117852  difference=0.09500  below=0/3
t=210735  fraction=0.24500  peak_slope=7.009e-06  t_peak=53932  comparison cadence=107865  difference=0.06500  below=0/3
t=262670  fraction=0.41000  peak_slope=9.011e-06  t_peak=55930  comparison cadence=111860  difference=0.07500  below=0/3
t=231709  fraction=0.32500  peak_slope=7.009e-06  t_peak=48939  comparison cadence=97877  difference=0.06000  below=0/3
t=224718  fraction=0.30500  peak_slope=8.010e-06  t_peak=58926  comparison cadence=117852  difference=0.09000  below=0/3
t=211734  fraction=0.24500  peak_slope=7.009e-06  t_peak=53932  comparison cadence=107865  difference=0.06500  below=0/3
t=263669  fraction=0.41000  peak_slope=9.011e-06  t_peak=55930  comparison cadence=111860  difference=0.07500  below=0/3
t=232708  fraction=0.32500  peak_slope=7.009e-06  t_peak=48939  comparison cadence=97877  difference=0.06000  below=0/3
t=225717  fraction=0.30500  peak_slope=8.010e-06  t_peak=58926  comparison cadence=117852  difference=0.09000  below=0/3
t=212733  fraction=0.24500  peak_slope=7.009e-06  t_peak=53932  comparison cadence=107865  difference=0.06000  below=0/3
t=264668  fraction=0.41000  peak_slope=9.011e-06  t_peak=55930  comparison cadence=111860  difference=0.07500  below=0/3
t=233707  fraction=0.32500  peak_slope=7.009e-06  t_peak=48939  comparison cadence=97877  difference=0.06000  below=0/3
t=265667  fraction=0.41000  peak_slope=9.011e-06  t_peak=55930  comparison cadence=111860  difference=0.07500  below=0/3
t=226715  fraction=0.30500  peak_slope=8.010e-06  t_peak=58926  comparison cadence=117852  difference=0.09000  below=0/3
t=213732  fraction=0.24500  peak_slope=7.009e-06  t_peak=53932  comparison cadence=107865  difference=0.06000  below=0/3
t=234705  fraction=0.32500  peak_slope=7.009e-06  t_peak=48939  comparison cadence=97877  difference=0.06000  below=0/3
t=266665  fraction=0.41000  peak_slope=9.011e-06  t_peak=55930  comparison cadence=111860  difference=0.07000  below=0/3
t=227714  fraction=0.31500  peak_slope=8.010e-06  t_peak=58926  comparison cadence=117852  difference=0.10000  below=0/3
t=214730  fraction=0.24500  peak_slope=7.009e-06  t_peak=53932  comparison cadence=107865  difference=0.06000  below=0/3
t=235704  fraction=0.33000  peak_slope=7.009e-06  t_peak=48939  comparison cadence=97877  difference=0.06500  below=0/3
t=267664  fraction=0.41000  peak_slope=9.011e-06  t_peak=55930  comparison cadence=111860  difference=0.07000  below=0/3
t=228713  fraction=0.31500  peak_slope=8.010e-06  t_peak=58926  comparison cadence=117852  difference=0.10000  below=0/3
t=215729  fraction=0.24500  peak_slope=7.009e-06  t_peak=53932  comparison cadence=107865  difference=0.06000  below=0/3
t=268663  fraction=0.41000  peak_slope=9.011e-06  t_peak=55930  comparison cadence=111860  difference=0.07000  below=0/3
t=236703  fraction=0.33000  peak_slope=7.009e-06  t_peak=48939  comparison cadence=97877  difference=0.06500  below=0/3
t=229712  fraction=0.31500  peak_slope=8.010e-06  t_peak=58926  comparison cadence=117852  difference=0.09000  below=0/3
t=216728  fraction=0.24500  peak_slope=7.009e-06  t_peak=53932  comparison cadence=107865  difference=0.06000  below=0/3
t=269662  fraction=0.41000  peak_slope=9.011e-06  t_peak=55930  comparison cadence=111860  difference=0.07000  below=0/3
t=237702  fraction=0.33000  peak_slope=7.009e-06  t_peak=48939  comparison cadence=97877  difference=0.06500  below=0/3
t=230710  fraction=0.31500  peak_slope=8.010e-06  t_peak=58926  comparison cadence=117852  difference=0.09000  below=0/3
t=270660  fraction=0.41000  peak_slope=9.011e-06  t_peak=55930  comparison cadence=111860  difference=0.06500  below=0/3
t=217727  fraction=0.24500  peak_slope=7.009e-06  t_peak=53932  comparison cadence=107865  difference=0.06000  below=0/3
t=238700  fraction=0.33000  peak_slope=7.009e-06  t_peak=48939  comparison cadence=97877  difference=0.06500  below=0/3
t=231709  fraction=0.31500  peak_slope=8.010e-06  t_peak=58926  comparison cadence=117852  difference=0.09000  below=0/3
t=271659  fraction=0.41000  peak_slope=9.011e-06  t_peak=55930  comparison cadence=111860  difference=0.06500  below=0/3
t=218725  fraction=0.24500  peak_slope=7.009e-06  t_peak=53932  comparison cadence=107865  difference=0.06000  below=0/3
t=239699  fraction=0.33000  peak_slope=7.009e-06  t_peak=48939  comparison cadence=97877  difference=0.06500  below=0/3
t=272658  fraction=0.41000  peak_slope=9.011e-06  t_peak=55930  comparison cadence=111860  difference=0.06500  below=0/3
t=232708  fraction=0.31500  peak_slope=8.010e-06  t_peak=58926  comparison cadence=117852  difference=0.09000  below=0/3
t=219724  fraction=0.24500  peak_slope=7.009e-06  t_peak=53932  comparison cadence=107865  difference=0.06000  below=0/3
t=240698  fraction=0.33000  peak_slope=7.009e-06  t_peak=48939  comparison cadence=97877  difference=0.06500  below=0/3
t=273657  fraction=0.41000  peak_slope=9.011e-06  t_peak=55930  comparison cadence=111860  difference=0.06000  below=0/3
t=233707  fraction=0.31500  peak_slope=8.010e-06  t_peak=58926  comparison cadence=117852  difference=0.09000  below=0/3
t=220723  fraction=0.24500  peak_slope=7.009e-06  t_peak=53932  comparison cadence=107865  difference=0.06000  below=0/3
t=241697  fraction=0.33000  peak_slope=7.009e-06  t_peak=48939  comparison cadence=97877  difference=0.05500  below=0/3
t=274655  fraction=0.41000  peak_slope=9.011e-06  t_peak=55930  comparison cadence=111860  difference=0.05500  below=0/3
t=234705  fraction=0.31500  peak_slope=8.010e-06  t_peak=58926  comparison cadence=117852  difference=0.09000  below=0/3
t=221722  fraction=0.24500  peak_slope=7.009e-06  t_peak=53932  comparison cadence=107865  difference=0.06000  below=0/3
t=242695  fraction=0.33000  peak_slope=7.009e-06  t_peak=48939  comparison cadence=97877  difference=0.05500  below=0/3
t=275654  fraction=0.41000  peak_slope=9.011e-06  t_peak=55930  comparison cadence=111860  difference=0.05500  below=0/3
t=235704  fraction=0.31500  peak_slope=8.010e-06  t_peak=58926  comparison cadence=117852  difference=0.09000  below=0/3
t=276653  fraction=0.41000  peak_slope=9.011e-06  t_peak=55930  comparison cadence=111860  difference=0.05500  below=0/3
t=243694  fraction=0.33000  peak_slope=7.009e-06  t_peak=48939  comparison cadence=97877  difference=0.05500  below=0/3
t=222720  fraction=0.24500  peak_slope=7.009e-06  t_peak=53932  comparison cadence=107865  difference=0.06000  below=0/3
t=236703  fraction=0.31500  peak_slope=8.010e-06  t_peak=58926  comparison cadence=117852  difference=0.08500  below=0/3
t=277652  fraction=0.41000  peak_slope=9.011e-06  t_peak=55930  comparison cadence=111860  difference=0.05500  below=0/3
t=244693  fraction=0.33000  peak_slope=7.009e-06  t_peak=48939  comparison cadence=97877  difference=0.05500  below=0/3
t=223719  fraction=0.24500  peak_slope=7.009e-06  t_peak=53932  comparison cadence=107865  difference=0.05500  below=0/3
t=278650  fraction=0.41000  peak_slope=9.011e-06  t_peak=55930  comparison cadence=111860  difference=0.05500  below=0/3
t=237702  fraction=0.31500  peak_slope=8.010e-06  t_peak=58926  comparison cadence=117852  difference=0.08500  below=0/3
t=245692  fraction=0.33000  peak_slope=7.009e-06  t_peak=48939  comparison cadence=97877  difference=0.05500  below=0/3
t=224718  fraction=0.24500  peak_slope=7.009e-06  t_peak=53932  comparison cadence=107865  difference=0.05500  below=0/3
t=279649  fraction=0.41000  peak_slope=9.011e-06  t_peak=55930  comparison cadence=111860  difference=0.05500  below=0/3
t=238700  fraction=0.31500  peak_slope=8.010e-06  t_peak=58926  comparison cadence=117852  difference=0.08500  below=0/3
t=246690  fraction=0.33000  peak_slope=7.009e-06  t_peak=48939  comparison cadence=97877  difference=0.05500  below=0/3
t=225717  fraction=0.24500  peak_slope=7.009e-06  t_peak=53932  comparison cadence=107865  difference=0.05500  below=0/3
t=280648  fraction=0.41000  peak_slope=9.011e-06  t_peak=55930  comparison cadence=111860  difference=0.05000  below=1/3
t=239699  fraction=0.31500  peak_slope=8.010e-06  t_peak=58926  comparison cadence=117852  difference=0.08500  below=0/3
t=247689  fraction=0.33000  peak_slope=7.009e-06  t_peak=48939  comparison cadence=97877  difference=0.05500  below=0/3
t=226715  fraction=0.24500  peak_slope=7.009e-06  t_peak=53932  comparison cadence=107865  difference=0.05000  below=1/3
t=281646  fraction=0.41500  peak_slope=9.011e-06  t_peak=55930  comparison cadence=111860  difference=0.05500  below=0/3
t=240698  fraction=0.31500  peak_slope=8.010e-06  t_peak=58926  comparison cadence=117852  difference=0.08500  below=0/3
t=248688  fraction=0.33000  peak_slope=7.009e-06  t_peak=48939  comparison cadence=97877  difference=0.05500  below=0/3
t=282645  fraction=0.41500  peak_slope=9.011e-06  t_peak=55930  comparison cadence=111860  difference=0.05500  below=0/3
t=227714  fraction=0.24500  peak_slope=7.009e-06  t_peak=53932  comparison cadence=107865  difference=0.05000  below=2/3
t=249687  fraction=0.33000  peak_slope=7.009e-06  t_peak=48939  comparison cadence=97877  difference=0.05500  below=0/3
t=241697  fraction=0.31500  peak_slope=8.010e-06  t_peak=58926  comparison cadence=117852  difference=0.08500  below=0/3
t=283644  fraction=0.41500  peak_slope=9.011e-06  t_peak=55930  comparison cadence=111860  difference=0.05500  below=0/3
t=228713  fraction=0.24500  peak_slope=7.009e-06  t_peak=53932  comparison cadence=107865  difference=0.05000  below=3/3
Stopping at t=228712.92970650975
Saved 149 remaining particles to /scratch/group/p.phy260085.000//Mass_Fraction/Outputs/Ejection_Results/remaining_particles_2143305_2.csv
t=250685  fraction=0.33000  peak_slope=7.009e-06  t_peak=48939  comparison cadence=97877  difference=0.05500  below=0/3
t=242695  fraction=0.31500  peak_slope=8.010e-06  t_peak=58926  comparison cadence=117852  difference=0.08500  below=0/3
t=284643  fraction=0.41500  peak_slope=9.011e-06  t_peak=55930  comparison cadence=111860  difference=0.05500  below=0/3
t=251684  fraction=0.33000  peak_slope=7.009e-06  t_peak=48939  comparison cadence=97877  difference=0.05500  below=0/3
t=285641  fraction=0.41500  peak_slope=9.011e-06  t_peak=55930  comparison cadence=111860  difference=0.05500  below=0/3
t=243694  fraction=0.31500  peak_slope=8.010e-06  t_peak=58926  comparison cadence=117852  difference=0.08500  below=0/3
t=286640  fraction=0.41500  peak_slope=9.011e-06  t_peak=55930  comparison cadence=111860  difference=0.05500  below=0/3
t=252683  fraction=0.33000  peak_slope=7.009e-06  t_peak=48939  comparison cadence=97877  difference=0.05500  below=0/3
t=244693  fraction=0.31500  peak_slope=8.010e-06  t_peak=58926  comparison cadence=117852  difference=0.08500  below=0/3
t=287639  fraction=0.41500  peak_slope=9.011e-06  t_peak=55930  comparison cadence=111860  difference=0.05500  below=0/3
t=253682  fraction=0.33000  peak_slope=7.009e-06  t_peak=48939  comparison cadence=97877  difference=0.05500  below=0/3
t=245692  fraction=0.31500  peak_slope=8.010e-06  t_peak=58926  comparison cadence=117852  difference=0.08500  below=0/3
t=288638  fraction=0.41500  peak_slope=9.011e-06  t_peak=55930  comparison cadence=111860  difference=0.05500  below=0/3
t=254680  fraction=0.33000  peak_slope=7.009e-06  t_peak=48939  comparison cadence=97877  difference=0.05000  below=1/3
t=246690  fraction=0.31500  peak_slope=8.010e-06  t_peak=58926  comparison cadence=117852  difference=0.08000  below=0/3
t=289636  fraction=0.41500  peak_slope=9.011e-06  t_peak=55930  comparison cadence=111860  difference=0.05500  below=0/3
t=255679  fraction=0.33000  peak_slope=7.009e-06  t_peak=48939  comparison cadence=97877  difference=0.05000  below=2/3
t=247689  fraction=0.31500  peak_slope=8.010e-06  t_peak=58926  comparison cadence=117852  difference=0.08000  below=0/3
t=290635  fraction=0.41500  peak_slope=9.011e-06  t_peak=55930  comparison cadence=111860  difference=0.05500  below=0/3
t=256678  fraction=0.33000  peak_slope=7.009e-06  t_peak=48939  comparison cadence=97877  difference=0.05000  below=3/3
Stopping at t=256677.82940861574
Saved 133 remaining particles to /scratch/group/p.phy260085.000//Mass_Fraction/Outputs/Ejection_Results/remaining_particles_2143305_2.csv
t=291634  fraction=0.41500  peak_slope=9.011e-06  t_peak=55930  comparison cadence=111860  difference=0.05500  below=0/3
t=248688  fraction=0.31500  peak_slope=8.010e-06  t_peak=58926  comparison cadence=117852  difference=0.08000  below=0/3
t=292633  fraction=0.41500  peak_slope=9.011e-06  t_peak=55930  comparison cadence=111860  difference=0.05500  below=0/3
t=249687  fraction=0.31500  peak_slope=8.010e-06  t_peak=58926  comparison cadence=117852  difference=0.08000  below=0/3
t=293631  fraction=0.42000  peak_slope=9.011e-06  t_peak=55930  comparison cadence=111860  difference=0.06000  below=0/3
t=250685  fraction=0.31500  peak_slope=8.010e-06  t_peak=58926  comparison cadence=117852  difference=0.08000  below=0/3
t=294630  fraction=0.42000  peak_slope=9.011e-06  t_peak=55930  comparison cadence=111860  difference=0.06000  below=0/3
t=251684  fraction=0.31500  peak_slope=8.010e-06  t_peak=58926  comparison cadence=117852  difference=0.08000  below=0/3
t=295629  fraction=0.42000  peak_slope=9.011e-06  t_peak=55930  comparison cadence=111860  difference=0.05500  below=0/3
t=252683  fraction=0.32000  peak_slope=8.010e-06  t_peak=58926  comparison cadence=117852  difference=0.08000  below=0/3
t=296628  fraction=0.42000  peak_slope=9.011e-06  t_peak=55930  comparison cadence=111860  difference=0.05500  below=0/3
t=297626  fraction=0.42000  peak_slope=9.011e-06  t_peak=55930  comparison cadence=111860  difference=0.05500  below=0/3
t=253682  fraction=0.32000  peak_slope=8.010e-06  t_peak=58926  comparison cadence=117852  difference=0.08000  below=0/3
t=298625  fraction=0.42000  peak_slope=9.011e-06  t_peak=55930  comparison cadence=111860  difference=0.05500  below=0/3
t=254680  fraction=0.32000  peak_slope=8.010e-06  t_peak=58926  comparison cadence=117852  difference=0.08000  below=0/3
t=299624  fraction=0.42000  peak_slope=9.011e-06  t_peak=55930  comparison cadence=111860  difference=0.05500  below=0/3
t=255679  fraction=0.32000  peak_slope=8.010e-06  t_peak=58926  comparison cadence=117852  difference=0.08000  below=0/3
t=300623  fraction=0.42500  peak_slope=9.011e-06  t_peak=55930  comparison cadence=111860  difference=0.06000  below=0/3
t=256678  fraction=0.32000  peak_slope=8.010e-06  t_peak=58926  comparison cadence=117852  difference=0.08000  below=0/3
t=301621  fraction=0.42500  peak_slope=9.011e-06  t_peak=55930  comparison cadence=111860  difference=0.06000  below=0/3
t=302620  fraction=0.42500  peak_slope=9.011e-06  t_peak=55930  comparison cadence=111860  difference=0.06000  below=0/3
t=257677  fraction=0.32000  peak_slope=8.010e-06  t_peak=58926  comparison cadence=117852  difference=0.07500  below=0/3
t=303619  fraction=0.42500  peak_slope=9.011e-06  t_peak=55930  comparison cadence=111860  difference=0.06000  below=0/3
t=258675  fraction=0.32000  peak_slope=8.010e-06  t_peak=58926  comparison cadence=117852  difference=0.07500  below=0/3
t=304618  fraction=0.42500  peak_slope=9.011e-06  t_peak=55930  comparison cadence=111860  difference=0.06000  below=0/3
t=259674  fraction=0.32000  peak_slope=8.010e-06  t_peak=58926  comparison cadence=117852  difference=0.07500  below=0/3
t=305616  fraction=0.42500  peak_slope=9.011e-06  t_peak=55930  comparison cadence=111860  difference=0.06000  below=0/3
t=260673  fraction=0.32500  peak_slope=8.010e-06  t_peak=58926  comparison cadence=117852  difference=0.08000  below=0/3
t=306615  fraction=0.42500  peak_slope=9.011e-06  t_peak=55930  comparison cadence=111860  difference=0.06000  below=0/3
t=261672  fraction=0.32500  peak_slope=8.010e-06  t_peak=58926  comparison cadence=117852  difference=0.08000  below=0/3
t=307614  fraction=0.42500  peak_slope=9.011e-06  t_peak=55930  comparison cadence=111860  difference=0.06000  below=0/3
t=308613  fraction=0.42500  peak_slope=9.011e-06  t_peak=55930  comparison cadence=111860  difference=0.05500  below=0/3
t=262670  fraction=0.32500  peak_slope=8.010e-06  t_peak=58926  comparison cadence=117852  difference=0.07000  below=0/3
t=309611  fraction=0.42500  peak_slope=9.011e-06  t_peak=55930  comparison cadence=111860  difference=0.05500  below=0/3
t=263669  fraction=0.32500  peak_slope=8.010e-06  t_peak=58926  comparison cadence=117852  difference=0.07000  below=0/3
t=310610  fraction=0.42500  peak_slope=9.011e-06  t_peak=55930  comparison cadence=111860  difference=0.05500  below=0/3
t=264668  fraction=0.32500  peak_slope=8.010e-06  t_peak=58926  comparison cadence=117852  difference=0.07000  below=0/3
t=311609  fraction=0.42500  peak_slope=9.011e-06  t_peak=55930  comparison cadence=111860  difference=0.05500  below=0/3
t=265667  fraction=0.32500  peak_slope=8.010e-06  t_peak=58926  comparison cadence=117852  difference=0.07000  below=0/3
t=312608  fraction=0.42500  peak_slope=9.011e-06  t_peak=55930  comparison cadence=111860  difference=0.05000  below=1/3
t=266665  fraction=0.32500  peak_slope=8.010e-06  t_peak=58926  comparison cadence=117852  difference=0.07000  below=0/3
t=313606  fraction=0.42500  peak_slope=9.011e-06  t_peak=55930  comparison cadence=111860  difference=0.05000  below=2/3
t=314605  fraction=0.42500  peak_slope=9.011e-06  t_peak=55930  comparison cadence=111860  difference=0.05000  below=3/3
Stopping at t=314605.12164869247
Saved 112 remaining particles to /scratch/group/p.phy260085.000//Mass_Fraction/Outputs/Ejection_Results/remaining_particles_2143305_2.csv
t=267664  fraction=0.32500  peak_slope=8.010e-06  t_peak=58926  comparison cadence=117852  difference=0.06500  below=0/3
t=268663  fraction=0.32500  peak_slope=8.010e-06  t_peak=58926  comparison cadence=117852  difference=0.06500  below=0/3
t=269662  fraction=0.32500  peak_slope=8.010e-06  t_peak=58926  comparison cadence=117852  difference=0.06500  below=0/3
t=270660  fraction=0.32500  peak_slope=8.010e-06  t_peak=58926  comparison cadence=117852  difference=0.06000  below=0/3
t=271659  fraction=0.32500  peak_slope=8.010e-06  t_peak=58926  comparison cadence=117852  difference=0.06000  below=0/3
t=272658  fraction=0.32500  peak_slope=8.010e-06  t_peak=58926  comparison cadence=117852  difference=0.06000  below=0/3
t=273657  fraction=0.32500  peak_slope=8.010e-06  t_peak=58926  comparison cadence=117852  difference=0.06000  below=0/3
t=274655  fraction=0.32500  peak_slope=8.010e-06  t_peak=58926  comparison cadence=117852  difference=0.06000  below=0/3
t=275654  fraction=0.32500  peak_slope=8.010e-06  t_peak=58926  comparison cadence=117852  difference=0.05500  below=0/3
t=276653  fraction=0.32500  peak_slope=8.010e-06  t_peak=58926  comparison cadence=117852  difference=0.05000  below=1/3
t=277652  fraction=0.32500  peak_slope=8.010e-06  t_peak=58926  comparison cadence=117852  difference=0.05000  below=2/3
t=278650  fraction=0.32500  peak_slope=8.010e-06  t_peak=58926  comparison cadence=117852  difference=0.05000  below=3/3
Stopping at t=278650.2506031276
Saved 132 remaining particles to /scratch/group/p.phy260085.000//Mass_Fraction/Outputs/Ejection_Results/remaining_particles_2143305_2.csv
