==========================================
Mass Fraction MPI Run
==========================================
Date:               Sat Sep 19 02:10:18 CDT 2026
Host:               ac001
Array job ID:       2143305
Array task ID:      1
MPI ranks:          4
CPUs per task:      1
Nodes allocated:    1
Python:             /scratch/user/u.hm357857/.conda/envs/comets/bin/python
Conda environment:  /scratch/user/u.hm357857/.conda/envs/comets
==========================================

2.4420767945640804
2.2090554234338837
1.8801198169459223
1.3379733618084693
0.7168198110543839
0.5886713070267662
0.8876638806405666
0.8503588238218136
1.06140138585753
2.0940676477236555
1.3598709399734308
1.754524250759516
2.162205139929319
1.6387599250650409
1.150110471263364
2.17488792374046
0.5048902719708823
0.997627574783724
0.5533142397860924
2.221973515589183
0.8900979313021897
2.0319146841900966
1.5610697939287128
2.0661642685473884
2.331883798977441
2.0421718098172477
1.672091879883357
1.3290842729249106
1.037926073211308
2.1404731393362777
1.9861547703080844
2.1378505111181862
2.0855179344550567
2.159562076495102
1.9171628509095835
1.6225079647049967
1.6504133221024557
1.8004119686451627
1.0424679791105018
2.0210857288286173
1.667843519131005
1.283285978727411
1.1703256772282287
0.8047439837283543
1.7968258875519845
0.7891433546823972
0.9908992881122686
2.1914966427771105
0.6257069991201875
2.497925684076219
1.579396138260216
0.8853702735868655
1.7608211758954573
0.7429707736399398
0.959056401877626
0.6130008495910602
0.5703239442084903
0.6818916748383248
0.780402804243206
1.5948092378154506
0.8780885671436711
1.1663304669141337
1.3795698703917507
2.2561657543282454
1.3458430904402825
2.266968857828307
1.3569613148808872
0.8594865420107897
2.186649973989307
0.8113582919951983
0.995022523204186
2.4754633722593784
0.5211103200476277
1.7739818843656283
2.3012723814699227
1.9693544372687461
2.125638979386137
2.2157151606418943
1.436618257125901
0.6912460067552804
2.15530270302333
0.5238650949147643
0.8164102294397589
1.1198805009097546
0.8948355199080483
1.4127429221849677
1.6983191048475308
2.289500524585215
2.07259299789227
1.2413094315365683
1.1718344788913622
1.3517929186077298
1.3051055702213352
1.4253633326170374
2.2553451545934955
0.8570684583816457
1.570374827340567
0.6888344014792341
0.9430478773179815
0.7685619043524059
0.5804132445424445
0.5260787252686687
0.6065714374564175
0.6996118428311301
0.6602554888231897
0.8108418208727624
0.8163196410537468
0.8878197655419304
0.7616604184063553
0.7488830828388857
0.7339894673570191
0.7677443181730348
0.8090119678932826
0.5473167426047274
0.9776028740239804
2.2330041299208565
0.9927425623620785
1.6881183223098866
1.7418240165852694
2.4146572581661574
2.0209077624962664
2.198391818601653
1.823486084739773
1.1747753065765205
2.0779841201883067
2.1915751404900465
1.0372172369419204
0.5805413024599734
2.450808176379346
0.5069982662670485
0.7247236840902169
2.3042957734143323
0.976677756767299
2.436115632497084
2.2025153536571502
1.9469420689668864
1.0887897103080577
1.5654059900025195
1.515855011417494
1.6382922915403817
1.865537597914199
2.246249831291584
1.307653988218954
2.1005232688286046
2.284958029213739
2.0455089813526337
0.7040279598778162
1.826795426354939
1.4253469184316525
0.6142676804580433
0.5558784452579342
0.9040746176032879
0.579631224166077
0.9710149657807505
0.532239463134768
0.8668745186068478
0.5487149930961315
0.9635384603913726
0.9585754683273588
1.9294482849187908
0.9616997485472225
2.3971999915335034
1.2198182461791658
0.7966067837614526
2.2603313607586824
0.7972267964516051
1.464944245412155
0.995971173271328
0.7934015620094814
1.1422196712997557
1.2898268078183364
1.3647670403059076
1.5593450957659414
1.0441007864406346
0.5055737082080457
1.4644208906728948
1.4596759804154467
0.9793854720338642
0.8193409808010057
1.8708308797948134
0.8878179196341441
1.260219371631766
1.061838107549914
1.6717029475880267
0.9733553945712244
0.5828524827920172
0.5678513466395276
0.5228567513015822
0.7855940187990085
0.9548895412702438
0.8867949355425649
1.3283343657700009
0.8101790431983689
2.2250702931946362
2.26700271549563
2.2448905628485143
1.0854832820132323
1.8046549427094858
1.1253459415712905
0.537731635765254
1.2354305297858716
0.725941905740543
0.6853106777180835
0.9729847369844116
0.9741982276603045
0.7429353808385344
0.9933330485851839
0.586392826047546
0.9882621494826824
0.5180367036314484
0.6967857178150363
0.7974516766826283
0.8068766336216416
0.534505221850363
0.8408616198484298
0.7500726685805112
1.5309150404691836
1.0802078278722813
2.085742000366877
1.2215310308771419
0.6208498769223874
0.695502264212942
0.9030479359203929
1.9955735874401888
0.5880102106362954
1.77994132368665
1.3230615613389134
1.5354371725225575
2.0885116864942037
1.248423561417071
1.0341526305660664
0.6416914120330285
1.1627719967712478
0.6181897546452995
0.9136991691462132
0.5030268039327195
0.6102941023194248
0.9612519929874286
0.744457945115028
0.7584328974146488
1.81775560188106
1.974258020274207
2.1599744463565234
1.9195558219810174
1.9951467564764471
1.5785899751331467
1.3525415041764013
1.2050159660495279
2.337158859074703
2.184148209745593
1.4648869649672287
1.005501963262355
2.0223686079867913
2.291173610426055
1.1737036344420464
0.7848660210050236
1.011128928571989
0.7934506374849072
0.536211613249669
0.8938571210292239
1.199810896447216
1.3830129223600949
1.0265110299886249
2.442909371100628
1.2405396554554156
2.479123155054451
1.5838015721956564
2.029722847161934
0.5124666376279279
0.6024238126790001
0.9490290014642343
0.5149982116526013
1.5582234180379948
1.0034851510907523
2.060047276139845
1.253610848044858
0.8251199209271058
0.6297488629772895
0.7585142150988475
0.8038235553557852
1.5089706692180764
2.326041251593781
2.2116542135741133
1.438238890592963
0.656588735931402
0.5095852575619053
0.6934869864915674
0.7033671630696017
2.3691483829320212
1.763786058889233
1.1368536008416945
1.7085110667080867
1.6190295388927658
2.4704662453737614
2.407760988793163
2.340972507426029
1.972617038416894
2.1373891116673938
1.0923881587962003
1.8732535576635434
1.8982383647146186
2.0001751053787467
1.3891182993071451
1.8414176639468163
2.0149134161384925
1.0611019734395535
2.2135317686718947
1.1768104582081846
1.823960590666094
1.5549683731553845
1.2587365472646344
1.8499304783619162
2.272846357135973
2.4421358682605905
2.1630862899347845
2.2841470742899905
1.5769417492105986
1.984754676858289
2.143075677828791
2.222239690301009
2.1663290601840974
1.4628485585453892
1.6320581652720074
2.457728006293192
1.477621756610311
1.0459662111786288
2.3961356797954947
0.9898155186698279
2.16111159970537
0.7948164588291997
0.9229933189090048
1.2717566061796228
0.650299017478929
2.069263149730969
1.205283444138538
0.8648925008386615
1.8895533420232922
0.631135032067052
0.6443307532194867
0.6258493667679674
0.9649015240126031
0.7339640848502607
0.8827905597043031
1.245212259594422
0.7776775156594324
2.1591939931002933
1.5852900448628142
0.9472150803610724
1.6780211356307015
0.9453710494808543
0.9264930622719036
0.8814005988211174
0.5797243789726232
0.5533845653267728
0.6482758907468709
1.1501586316817838
0.7622862635287633
1.9326712304836637
2.070547333450667
1.927117094616671
2.1068831600282447
1.1803110134605532
1.3326038540311875
0.6745689832642046
1.8881476424212464
0.7135290114851436
0.7811654028260189
0.9477932220994574
0.9065116784319265
0.5325902118131052
1.2265652399123965
0.6471467881808735
0.9457036362703721
1.989180548230533
1.3336827353853222
1.598301391827787
1.808193615950532
1.6271979261805405
0.723224405047588
1.4947711831815256
2.4318379043066494
0.5397604138607854
1.2427406888480865
0.7542915920695831
0.6460633481705558
1.6164075526023691
0.5615237902347652
1.8073184376980924
1.9451660727993838
0.9450242224952563
0.5762790798799242
0.5226369329372836
0.7244311072373375
0.9784496408315158
1.6653401208356564
0.6723142163302844
0.5626734777285122
1.242508880232325
1.7759282578321027
2.3698588368328486
2.497377564894184
2.4398009963679175
0.940338289198386
1.6419287133300333
1.7652706984001272
0.578415502666758
0.9921352403811737
0.5799507063411862
0.6210242248178616
0.7574526027994506
0.9137944558758638
0.6727968714514622
0.6903047337774337
0.5458141094210383
0.8700668662193729
0.6899693193774035
0.8532525036139977
0.6010201778548834
1.7962811940318253
0.9579667040949451
0.559830305113147
1.0094052104070577
0.9846230891033748
1.7607010382647168
1.6196448236682037
0.9161498770848804
0.6504173632167396
0.5100936745969501
0.5016239292585971
0.8777966400830324
0.6501975706070056
0.8058750051861585
0.7121551947068017
0.6534763201109862
0.9403016772288701
0.7996283784154394
0.9355168656975963
0.7523403556430933
0.974887015401022
0.5079444107411286
0.7617379141941343
0.882557031782085
0.6345003360735837
0.9164814650248381
0.8477539711952939
1.1187596015054508
0.969763187436411
0.8228688189177829
0.5847627710034022
0.8586912154652853
1.6450268220486184
1.1588555338141406
1.340511145076319
1.5392947068150713
0.7915033611218011
0.574544352706502
0.9112605158051689
0.9072177049470884
1.0612791011711857
2.2946373230234673
1.2615700559656262
0.7519659094209089
0.9470441889181559
0.8391595448672253
0.5649663289249703
0.9947283357005907
2.4593659244277037
0.5113679004440606
0.9187142602719338
1.564492054526704
2.127204171559581
2.314514366758058
1.2934697375896793
1.5302962220606473
1.6109865443396745
2.132869028078244
1.317076956951788
1.3899687040749034
1.2771027527537673
1.8694913540619909
1.6789863271833991
1.1185192740608443
0.5205262483331577
1.0671298979318515
2.0328949235164977
0.7537132787922711
1.0506119056499488
0.6906437950122177
0.8805203969083428
1.931672403762093
1.4916420432219981
1.0715158878570488
1.4088036865911677
2.060890140856336
1.7176046428343372
2.091228020617163
1.1036453298225188
1.484670646597253
1.8508311181120125
0.8631984019874279
1.44685609844763
0.5682795649081867
0.5175316497148581
1.589185715023665
0.7028571361382774
1.8191538861002685
2.2718416677855773
0.6711620528739469
2.2220701453639045
0.9857442234863893
0.877695751261188
1.5933502960562302
0.9408697118354374
2.28268870837147
1.5599238670314999
0.6900737329830706
2.0961170917198766
0.9523246078633676
0.9307253019263126
1.4890539713141302
0.8924800834789761
1.6628250102701743
1.700131835292392
0.6111862536658705
1.6820212092217242
0.8791458214475216
0.7181406670788995
0.9393877026829629
0.9600464400553803
0.6423309144380868
0.5570736713503529
1.6421182910829568
1.5943747497208152
0.8156369481091216
1.2288965151244644
0.7951588889474487
0.839538222111938
1.6327517099740687
0.5905910786453553
1.919078945762243
1.8268052193885298
0.9987881586917442
1.1287887563900707
2.4611353234706774
1.2778177433318443
2.4648880153996506
1.8616375139791355
0.9654468754377306
0.9868909626120375
1.981630805811986
0.6172993854322165
0.892292535457212
0.8349289828679303
0.910545492020447
0.8629990056749972
0.6590783949756123
0.9988726766719545
0.6425862661211332
0.8230161306751055
1.3934233430262797
1.0439751938444357
0.7869956495110708
1.9256104831721343
1.885692417239082
1.8549490460633409
1.0173565606642847
1.6621474227157116
1.2010200848452444
2.1060074263653745
2.0231159500622056
2.455980678927084
1.4310089498898395
1.4119172685371515
1.9345964509631448
1.0963870679880123
0.8893500314560677
0.6807531046487101
1.3568613205428735
0.5690903636146999
0.9896548983854128
0.9603181422342881
0.812905617695077
0.6944492378627043
1.121780923299168
2.460032913665347
0.88099825205912
2.3184282899220214
0.848182454969163
0.5142075897671764
1.005355845561626
0.6870552580252125
0.7779068965347113
0.5406327069541979
0.7123578795256411
0.5735641568181089
1.527556162951911
2.1001636318387904
0.9783672784253479
1.5463860216771075
0.865495605054281
0.5281376374673349
1.0903030095351287
0.8254692415236086
1.8776658321019823
1.3155489624453223
0.809641180024071
2.0745755032776376
1.6562629216638531
1.8795651055275617
1.0366582162884748
1.1961587734528232
0.5980264223039233
1.7485639708260083
0.8675664795534666
0.8677434916479846
1.6363757804236319
0.7778360998091154
2.136949967206547
1.0806773366907794
1.8454146248189653
1.7937087049540263
1.2435491221882646
1.0474525836362518
2.287275174624384
1.4417625408947257
2.2578347708973214
2.4903195325558003
2.4582348355547436
2.1272331174781898
2.365019329928137
1.5349495546709715
1.5304346824052038
0.8660831014616145
0.8839934531690954
0.9435354601917205
1.2650415174810037
0.9236777677562269
1.488628661109983
1.5459021509443556
2.15967044732059
1.8543644540512243
1.302506037977312
1.297881880678283
1.1727087472078588
1.0204063364910891
2.372880906642271
1.6707673604899966
1.5739427717196217
0.8308543034295546
0.7111247943684396
0.8310395265268494
2.1742355304265346
0.5877219491897425
1.4371714725545717
2.2528890862695805
0.8661214132753075
1.6192686749349978
0.9235800155942419
0.8423505525163271
0.5340120858606288
1.591632582072716
2.29537898420758
1.987354282443703
0.9991106869885998
1.7853456540383497
0.7081716145607448
0.8106217969586105
2.4309631307990194
0.5358008404126919
1.5417879486819657
1.476169543918366
1.2006780102779069
2.277312985454583
1.3331999037435693
2.01806292877329
1.1752499009647566
1.7557823400546595
2.1508981682005555
1.6110506973652483
0.9076171084064221
2.3018528510871414
0.9577509997671017
0.6424168954752472
0.6216040792167201
1.932225262042089
1.0425772885082023
1.6324719102585301
2.047909717514013
1.2675614731972664
1.98241007581346
1.8210781519766512
1.2334027031662886
2.2477084648243255
1.0551076482359985
1.0766809789122895
0.7958316528665178
2.0294028411416223
0.7442599298691347
0.7746573999603699
0.6300835671666194
0.9212931039473122
0.929180434724252
0.9089923081197605
0.8553667180730011
0.8708238490850564
0.9433572293618004
0.8460415260762926
0.7937652079506319
1.8824333187760685
1.0493682765668262
2.0714533803245625
1.5188305464132235
0.8171809074874525
0.7788904547852802
0.6485279485151543
0.512694173404189
0.8480556176934436
0.8988534865745053
0.687849150987085
0.8700046832379875
0.6687175164291914
0.5615481415108354
0.6888606665680841
0.6643747085316473
0.6764623083711104
0.8099568679112481
0.6560821456653366
2.0050233205303867
0.7599018799008237
2.448696912554472
1.0329981744252825
1.9872882170880009
1.0389307987437308
2.167483245712759
1.4456504332798108
1.565806889535621
2.016325797230331
2.471426821530481
2.248323220445458
2.28432984615885
0.7880885633208388
0.8396076446947773
0.503355120736299
0.7774244769251923
0.9226175170843381
0.5206401741343465
0.7007799332167033
0.6963557794942923
1.7740725822178138
1.3901275088086715
1.5223434093200996
1.4765909673790851
0.7134039417628408
0.7460342278739303
0.5886716329812728
0.7968089592269549
0.9632262305071595
0.761286862357966
0.57356659147651
0.5702152016725618
0.5127457310993981
0.7217026145340828
0.9867974907216968
0.9694153497913008
0.8771999439972055
0.7978050565342865
0.6717532053527112
0.7038057707871799
0.9157956659982321
0.6990962094756445
0.756078262962298
0.5979987907868609
0.7611422650892945
0.584071065918369
0.7867782860391479
2.3590593458350613
0.5638862370709836
1.3546095046720594
1.3480873360375139
2.421842068926428
1.8621544130727101
2.2657837263710503
1.1953981507924523
1.6797436464914746
1.790440834372336
2.232350503516566
2.384071017535215
1.0219933187522632
0.752023997481678
0.8459696445169909
0.7088985222052511
0.6138162424640574
1.6689969945422534
1.3780665778222154
1.9393967906082583
1.8539048055454532
2.3066234009310653
1.1197945523163668
1.6822574622084487
Running 200 simulations with 1 MPI ranks
Rank 0: 200 simulations
2.1663897816426685
Running 200 simulations with 1 MPI ranks
Rank 0: 200 simulations
Running 200 simulations with 1 MPI ranks
Rank 0: 200 simulations
Running 200 simulations with 1 MPI ranks
Rank 0: 200 simulations
t=65835  fraction=0.36000  peak_slope=1.704e-05  t_peak=32918  comparison cadence=65835  difference=0.36000  below=0/3
t=66833  fraction=0.36500  peak_slope=1.704e-05  t_peak=32918  comparison cadence=65835  difference=0.36500  below=0/3
t=67830  fraction=0.36500  peak_slope=1.704e-05  t_peak=32918  comparison cadence=65835  difference=0.36500  below=0/3
t=68828  fraction=0.37000  peak_slope=1.704e-05  t_peak=32918  comparison cadence=65835  difference=0.37000  below=0/3
t=69825  fraction=0.37000  peak_slope=1.704e-05  t_peak=32918  comparison cadence=65835  difference=0.37000  below=0/3
t=70823  fraction=0.37500  peak_slope=1.704e-05  t_peak=32918  comparison cadence=65835  difference=0.37500  below=0/3
t=71820  fraction=0.37500  peak_slope=1.704e-05  t_peak=32918  comparison cadence=65835  difference=0.37500  below=0/3
t=72818  fraction=0.37500  peak_slope=1.704e-05  t_peak=32918  comparison cadence=65835  difference=0.37500  below=0/3
t=73815  fraction=0.37500  peak_slope=1.704e-05  t_peak=32918  comparison cadence=65835  difference=0.37500  below=0/3
t=74813  fraction=0.37500  peak_slope=1.704e-05  t_peak=32918  comparison cadence=65835  difference=0.37500  below=0/3
t=75810  fraction=0.37500  peak_slope=1.704e-05  t_peak=32918  comparison cadence=65835  difference=0.37500  below=0/3
t=76808  fraction=0.38000  peak_slope=1.704e-05  t_peak=32918  comparison cadence=65835  difference=0.38000  below=0/3
t=77805  fraction=0.38000  peak_slope=1.704e-05  t_peak=32918  comparison cadence=65835  difference=0.38000  below=0/3
t=78803  fraction=0.38000  peak_slope=1.704e-05  t_peak=32918  comparison cadence=65835  difference=0.38000  below=0/3
t=79800  fraction=0.38000  peak_slope=1.704e-05  t_peak=32918  comparison cadence=65835  difference=0.38000  below=0/3
t=80798  fraction=0.38000  peak_slope=1.704e-05  t_peak=32918  comparison cadence=65835  difference=0.38000  below=0/3
t=81795  fraction=0.38000  peak_slope=1.704e-05  t_peak=32918  comparison cadence=65835  difference=0.38000  below=0/3
t=82793  fraction=0.38500  peak_slope=1.704e-05  t_peak=32918  comparison cadence=65835  difference=0.38500  below=0/3
t=83790  fraction=0.39000  peak_slope=1.704e-05  t_peak=32918  comparison cadence=65835  difference=0.39000  below=0/3
t=84788  fraction=0.39500  peak_slope=1.704e-05  t_peak=32918  comparison cadence=65835  difference=0.39500  below=0/3
t=85785  fraction=0.40000  peak_slope=1.704e-05  t_peak=32918  comparison cadence=65835  difference=0.40000  below=0/3
t=86783  fraction=0.40500  peak_slope=1.704e-05  t_peak=32918  comparison cadence=65835  difference=0.40500  below=0/3
t=87780  fraction=0.41500  peak_slope=1.704e-05  t_peak=32918  comparison cadence=65835  difference=0.41000  below=0/3
t=88778  fraction=0.41500  peak_slope=1.704e-05  t_peak=32918  comparison cadence=65835  difference=0.40000  below=0/3
t=89775  fraction=0.41500  peak_slope=1.704e-05  t_peak=32918  comparison cadence=65835  difference=0.40000  below=0/3
t=89775  fraction=0.33000  peak_slope=1.203e-05  t_peak=44888  comparison cadence=89775  difference=0.33000  below=0/3
t=90773  fraction=0.41500  peak_slope=1.704e-05  t_peak=32918  comparison cadence=65835  difference=0.40000  below=0/3
t=90773  fraction=0.33000  peak_slope=1.203e-05  t_peak=44888  comparison cadence=89775  difference=0.33000  below=0/3
t=75810  fraction=0.28500  peak_slope=1.203e-05  t_peak=37905  comparison cadence=75810  difference=0.28500  below=0/3
t=91770  fraction=0.42500  peak_slope=1.704e-05  t_peak=32918  comparison cadence=65835  difference=0.40000  below=0/3
t=91770  fraction=0.33000  peak_slope=1.203e-05  t_peak=44888  comparison cadence=89775  difference=0.33000  below=0/3
t=76808  fraction=0.29000  peak_slope=1.203e-05  t_peak=37905  comparison cadence=75810  difference=0.29000  below=0/3
t=92768  fraction=0.42500  peak_slope=1.704e-05  t_peak=32918  comparison cadence=65835  difference=0.39500  below=0/3
t=92768  fraction=0.33000  peak_slope=1.203e-05  t_peak=44888  comparison cadence=89775  difference=0.33000  below=0/3
t=93765  fraction=0.42500  peak_slope=1.704e-05  t_peak=32918  comparison cadence=65835  difference=0.39500  below=0/3
t=77805  fraction=0.29000  peak_slope=1.203e-05  t_peak=37905  comparison cadence=75810  difference=0.29000  below=0/3
t=93765  fraction=0.33500  peak_slope=1.203e-05  t_peak=44888  comparison cadence=89775  difference=0.33500  below=0/3
t=94763  fraction=0.42500  peak_slope=1.704e-05  t_peak=32918  comparison cadence=65835  difference=0.38000  below=0/3
t=78803  fraction=0.29000  peak_slope=1.203e-05  t_peak=37905  comparison cadence=75810  difference=0.29000  below=0/3
t=94763  fraction=0.34500  peak_slope=1.203e-05  t_peak=44888  comparison cadence=89775  difference=0.34500  below=0/3
t=95760  fraction=0.43000  peak_slope=1.704e-05  t_peak=32918  comparison cadence=65835  difference=0.36500  below=0/3
t=79800  fraction=0.29500  peak_slope=1.203e-05  t_peak=37905  comparison cadence=75810  difference=0.29500  below=0/3
t=95760  fraction=0.35500  peak_slope=1.203e-05  t_peak=44888  comparison cadence=89775  difference=0.35500  below=0/3
t=96758  fraction=0.43000  peak_slope=1.704e-05  t_peak=32918  comparison cadence=65835  difference=0.35500  below=0/3
t=96758  fraction=0.36000  peak_slope=1.203e-05  t_peak=44888  comparison cadence=89775  difference=0.36000  below=0/3
t=80798  fraction=0.29500  peak_slope=1.203e-05  t_peak=37905  comparison cadence=75810  difference=0.29500  below=0/3
t=95760  fraction=0.37000  peak_slope=1.303e-05  t_peak=47880  comparison cadence=95760  difference=0.37000  below=0/3
t=97755  fraction=0.43000  peak_slope=1.704e-05  t_peak=32918  comparison cadence=65835  difference=0.33500  below=0/3
t=97755  fraction=0.36000  peak_slope=1.203e-05  t_peak=44888  comparison cadence=89775  difference=0.36000  below=0/3
t=81795  fraction=0.30000  peak_slope=1.203e-05  t_peak=37905  comparison cadence=75810  difference=0.30000  below=0/3
t=96758  fraction=0.37000  peak_slope=1.303e-05  t_peak=47880  comparison cadence=95760  difference=0.37000  below=0/3
t=98753  fraction=0.43500  peak_slope=1.704e-05  t_peak=32918  comparison cadence=65835  difference=0.32000  below=0/3
t=98753  fraction=0.36500  peak_slope=1.203e-05  t_peak=44888  comparison cadence=89775  difference=0.36500  below=0/3
t=97755  fraction=0.37000  peak_slope=1.303e-05  t_peak=47880  comparison cadence=95760  difference=0.37000  below=0/3
t=99750  fraction=0.43500  peak_slope=1.704e-05  t_peak=32918  comparison cadence=65835  difference=0.31000  below=0/3
t=82793  fraction=0.30000  peak_slope=1.203e-05  t_peak=37905  comparison cadence=75810  difference=0.30000  below=0/3
t=99750  fraction=0.36500  peak_slope=1.203e-05  t_peak=44888  comparison cadence=89775  difference=0.36500  below=0/3
t=98753  fraction=0.37000  peak_slope=1.303e-05  t_peak=47880  comparison cadence=95760  difference=0.37000  below=0/3
t=100748  fraction=0.43500  peak_slope=1.704e-05  t_peak=32918  comparison cadence=65835  difference=0.29000  below=0/3
t=83790  fraction=0.30000  peak_slope=1.203e-05  t_peak=37905  comparison cadence=75810  difference=0.30000  below=0/3
t=100748  fraction=0.36500  peak_slope=1.203e-05  t_peak=44888  comparison cadence=89775  difference=0.36500  below=0/3
t=99750  fraction=0.37500  peak_slope=1.303e-05  t_peak=47880  comparison cadence=95760  difference=0.37500  below=0/3
t=101745  fraction=0.43500  peak_slope=1.704e-05  t_peak=32918  comparison cadence=65835  difference=0.28500  below=0/3
t=84788  fraction=0.30500  peak_slope=1.203e-05  t_peak=37905  comparison cadence=75810  difference=0.30500  below=0/3
t=101745  fraction=0.36500  peak_slope=1.203e-05  t_peak=44888  comparison cadence=89775  difference=0.36500  below=0/3
t=100748  fraction=0.37500  peak_slope=1.303e-05  t_peak=47880  comparison cadence=95760  difference=0.37500  below=0/3
t=102743  fraction=0.44000  peak_slope=1.704e-05  t_peak=32918  comparison cadence=65835  difference=0.27000  below=0/3
t=85785  fraction=0.30500  peak_slope=1.203e-05  t_peak=37905  comparison cadence=75810  difference=0.30500  below=0/3
t=102743  fraction=0.36500  peak_slope=1.203e-05  t_peak=44888  comparison cadence=89775  difference=0.36500  below=0/3
t=101745  fraction=0.38000  peak_slope=1.303e-05  t_peak=47880  comparison cadence=95760  difference=0.38000  below=0/3
t=103740  fraction=0.44000  peak_slope=1.704e-05  t_peak=32918  comparison cadence=65835  difference=0.27000  below=0/3
t=103740  fraction=0.36500  peak_slope=1.203e-05  t_peak=44888  comparison cadence=89775  difference=0.36500  below=0/3
t=86783  fraction=0.30500  peak_slope=1.203e-05  t_peak=37905  comparison cadence=75810  difference=0.30500  below=0/3
t=102743  fraction=0.38500  peak_slope=1.303e-05  t_peak=47880  comparison cadence=95760  difference=0.38500  below=0/3
t=104738  fraction=0.44000  peak_slope=1.704e-05  t_peak=32918  comparison cadence=65835  difference=0.26000  below=0/3
t=104738  fraction=0.36500  peak_slope=1.203e-05  t_peak=44888  comparison cadence=89775  difference=0.36500  below=0/3
t=103740  fraction=0.38500  peak_slope=1.303e-05  t_peak=47880  comparison cadence=95760  difference=0.38500  below=0/3
t=105735  fraction=0.44000  peak_slope=1.704e-05  t_peak=32918  comparison cadence=65835  difference=0.25500  below=0/3
t=87780  fraction=0.30500  peak_slope=1.203e-05  t_peak=37905  comparison cadence=75810  difference=0.30500  below=0/3
t=105735  fraction=0.36500  peak_slope=1.203e-05  t_peak=44888  comparison cadence=89775  difference=0.36500  below=0/3
t=104738  fraction=0.38500  peak_slope=1.303e-05  t_peak=47880  comparison cadence=95760  difference=0.38500  below=0/3
t=106733  fraction=0.44000  peak_slope=1.704e-05  t_peak=32918  comparison cadence=65835  difference=0.23500  below=0/3
t=88778  fraction=0.30500  peak_slope=1.203e-05  t_peak=37905  comparison cadence=75810  difference=0.30500  below=0/3
t=106733  fraction=0.36500  peak_slope=1.203e-05  t_peak=44888  comparison cadence=89775  difference=0.36500  below=0/3
t=105735  fraction=0.38500  peak_slope=1.303e-05  t_peak=47880  comparison cadence=95760  difference=0.38500  below=0/3
t=107730  fraction=0.44500  peak_slope=1.704e-05  t_peak=32918  comparison cadence=65835  difference=0.23000  below=0/3
t=89775  fraction=0.30500  peak_slope=1.203e-05  t_peak=37905  comparison cadence=75810  difference=0.30500  below=0/3
t=107730  fraction=0.37000  peak_slope=1.203e-05  t_peak=44888  comparison cadence=89775  difference=0.37000  below=0/3
t=108728  fraction=0.44500  peak_slope=1.704e-05  t_peak=32918  comparison cadence=65835  difference=0.22000  below=0/3
t=106733  fraction=0.38500  peak_slope=1.303e-05  t_peak=47880  comparison cadence=95760  difference=0.38500  below=0/3
t=90773  fraction=0.31000  peak_slope=1.203e-05  t_peak=37905  comparison cadence=75810  difference=0.31000  below=0/3
t=108728  fraction=0.37500  peak_slope=1.203e-05  t_peak=44888  comparison cadence=89775  difference=0.37500  below=0/3
t=109725  fraction=0.44500  peak_slope=1.704e-05  t_peak=32918  comparison cadence=65835  difference=0.21500  below=0/3
t=107730  fraction=0.38500  peak_slope=1.303e-05  t_peak=47880  comparison cadence=95760  difference=0.38500  below=0/3
t=91770  fraction=0.31000  peak_slope=1.203e-05  t_peak=37905  comparison cadence=75810  difference=0.31000  below=0/3
t=109725  fraction=0.38000  peak_slope=1.203e-05  t_peak=44888  comparison cadence=89775  difference=0.38000  below=0/3
t=110723  fraction=0.44500  peak_slope=1.704e-05  t_peak=32918  comparison cadence=65835  difference=0.20000  below=0/3
t=108728  fraction=0.39000  peak_slope=1.303e-05  t_peak=47880  comparison cadence=95760  difference=0.39000  below=0/3
t=110723  fraction=0.38000  peak_slope=1.203e-05  t_peak=44888  comparison cadence=89775  difference=0.38000  below=0/3
t=111720  fraction=0.44500  peak_slope=1.704e-05  t_peak=32918  comparison cadence=65835  difference=0.18500  below=0/3
t=109725  fraction=0.39000  peak_slope=1.303e-05  t_peak=47880  comparison cadence=95760  difference=0.39000  below=0/3
t=92768  fraction=0.31500  peak_slope=1.203e-05  t_peak=37905  comparison cadence=75810  difference=0.31500  below=0/3
t=111720  fraction=0.38500  peak_slope=1.203e-05  t_peak=44888  comparison cadence=89775  difference=0.38000  below=0/3
t=112718  fraction=0.44500  peak_slope=1.704e-05  t_peak=32918  comparison cadence=65835  difference=0.17000  below=0/3
t=110723  fraction=0.39500  peak_slope=1.303e-05  t_peak=47880  comparison cadence=95760  difference=0.39500  below=0/3
t=93765  fraction=0.31500  peak_slope=1.203e-05  t_peak=37905  comparison cadence=75810  difference=0.31500  below=0/3
t=113715  fraction=0.44500  peak_slope=1.704e-05  t_peak=32918  comparison cadence=65835  difference=0.16500  below=0/3
t=112718  fraction=0.38500  peak_slope=1.203e-05  t_peak=44888  comparison cadence=89775  difference=0.38000  below=0/3
t=111720  fraction=0.39500  peak_slope=1.303e-05  t_peak=47880  comparison cadence=95760  difference=0.39500  below=0/3
t=94763  fraction=0.31500  peak_slope=1.203e-05  t_peak=37905  comparison cadence=75810  difference=0.31500  below=0/3
t=114713  fraction=0.44500  peak_slope=1.704e-05  t_peak=32918  comparison cadence=65835  difference=0.15500  below=0/3
t=113715  fraction=0.38500  peak_slope=1.203e-05  t_peak=44888  comparison cadence=89775  difference=0.38000  below=0/3
t=112718  fraction=0.40000  peak_slope=1.303e-05  t_peak=47880  comparison cadence=95760  difference=0.40000  below=0/3
t=95760  fraction=0.31500  peak_slope=1.203e-05  t_peak=37905  comparison cadence=75810  difference=0.31500  below=0/3
t=115710  fraction=0.44500  peak_slope=1.704e-05  t_peak=32918  comparison cadence=65835  difference=0.13500  below=0/3
t=114713  fraction=0.39000  peak_slope=1.203e-05  t_peak=44888  comparison cadence=89775  difference=0.38500  below=0/3
t=113715  fraction=0.40000  peak_slope=1.303e-05  t_peak=47880  comparison cadence=95760  difference=0.40000  below=0/3
t=96758  fraction=0.31500  peak_slope=1.203e-05  t_peak=37905  comparison cadence=75810  difference=0.31500  below=0/3
t=116708  fraction=0.45000  peak_slope=1.704e-05  t_peak=32918  comparison cadence=65835  difference=0.14000  below=0/3
t=115710  fraction=0.39000  peak_slope=1.203e-05  t_peak=44888  comparison cadence=89775  difference=0.38500  below=0/3
t=114713  fraction=0.40000  peak_slope=1.303e-05  t_peak=47880  comparison cadence=95760  difference=0.40000  below=0/3
t=117705  fraction=0.45500  peak_slope=1.704e-05  t_peak=32918  comparison cadence=65835  difference=0.13500  below=0/3
t=97755  fraction=0.32000  peak_slope=1.203e-05  t_peak=37905  comparison cadence=75810  difference=0.32000  below=0/3
t=116708  fraction=0.39500  peak_slope=1.203e-05  t_peak=44888  comparison cadence=89775  difference=0.39000  below=0/3
t=115710  fraction=0.40000  peak_slope=1.303e-05  t_peak=47880  comparison cadence=95760  difference=0.40000  below=0/3
t=118703  fraction=0.45500  peak_slope=1.704e-05  t_peak=32918  comparison cadence=65835  difference=0.13000  below=0/3
t=117705  fraction=0.39500  peak_slope=1.203e-05  t_peak=44888  comparison cadence=89775  difference=0.39000  below=0/3
t=116708  fraction=0.40000  peak_slope=1.303e-05  t_peak=47880  comparison cadence=95760  difference=0.40000  below=0/3
t=98753  fraction=0.33000  peak_slope=1.203e-05  t_peak=37905  comparison cadence=75810  difference=0.33000  below=0/3
t=119700  fraction=0.45500  peak_slope=1.704e-05  t_peak=32918  comparison cadence=65835  difference=0.13000  below=0/3
t=118703  fraction=0.39500  peak_slope=1.203e-05  t_peak=44888  comparison cadence=89775  difference=0.38500  below=0/3
t=117705  fraction=0.40000  peak_slope=1.303e-05  t_peak=47880  comparison cadence=95760  difference=0.40000  below=0/3
t=99750  fraction=0.33000  peak_slope=1.203e-05  t_peak=37905  comparison cadence=75810  difference=0.33000  below=0/3
t=120698  fraction=0.45500  peak_slope=1.704e-05  t_peak=32918  comparison cadence=65835  difference=0.12000  below=0/3
t=119700  fraction=0.40000  peak_slope=1.203e-05  t_peak=44888  comparison cadence=89775  difference=0.38000  below=0/3
t=118703  fraction=0.40000  peak_slope=1.303e-05  t_peak=47880  comparison cadence=95760  difference=0.40000  below=0/3
t=100748  fraction=0.33500  peak_slope=1.203e-05  t_peak=37905  comparison cadence=75810  difference=0.33500  below=0/3
t=121695  fraction=0.45500  peak_slope=1.704e-05  t_peak=32918  comparison cadence=65835  difference=0.11000  below=0/3
t=119700  fraction=0.40000  peak_slope=1.303e-05  t_peak=47880  comparison cadence=95760  difference=0.40000  below=0/3
t=120698  fraction=0.40000  peak_slope=1.203e-05  t_peak=44888  comparison cadence=89775  difference=0.37000  below=0/3
t=101745  fraction=0.33500  peak_slope=1.203e-05  t_peak=37905  comparison cadence=75810  difference=0.33500  below=0/3
t=122693  fraction=0.46000  peak_slope=1.704e-05  t_peak=32918  comparison cadence=65835  difference=0.11500  below=0/3
t=120698  fraction=0.40000  peak_slope=1.303e-05  t_peak=47880  comparison cadence=95760  difference=0.39500  below=0/3
t=121695  fraction=0.40500  peak_slope=1.203e-05  t_peak=44888  comparison cadence=89775  difference=0.36000  below=0/3
t=123690  fraction=0.47000  peak_slope=1.704e-05  t_peak=32918  comparison cadence=65835  difference=0.12000  below=0/3
t=102743  fraction=0.34000  peak_slope=1.203e-05  t_peak=37905  comparison cadence=75810  difference=0.34000  below=0/3
t=121695  fraction=0.40000  peak_slope=1.303e-05  t_peak=47880  comparison cadence=95760  difference=0.39500  below=0/3
t=122693  fraction=0.40500  peak_slope=1.203e-05  t_peak=44888  comparison cadence=89775  difference=0.35500  below=0/3
t=124688  fraction=0.47000  peak_slope=1.704e-05  t_peak=32918  comparison cadence=65835  difference=0.11500  below=0/3
t=122693  fraction=0.40000  peak_slope=1.303e-05  t_peak=47880  comparison cadence=95760  difference=0.39500  below=0/3
t=123690  fraction=0.40500  peak_slope=1.203e-05  t_peak=44888  comparison cadence=89775  difference=0.34500  below=0/3
t=103740  fraction=0.34000  peak_slope=1.203e-05  t_peak=37905  comparison cadence=75810  difference=0.34000  below=0/3
t=125685  fraction=0.47000  peak_slope=1.704e-05  t_peak=32918  comparison cadence=65835  difference=0.11500  below=0/3
t=123690  fraction=0.40000  peak_slope=1.303e-05  t_peak=47880  comparison cadence=95760  difference=0.39500  below=0/3
t=124688  fraction=0.40500  peak_slope=1.203e-05  t_peak=44888  comparison cadence=89775  difference=0.33500  below=0/3
t=104738  fraction=0.34000  peak_slope=1.203e-05  t_peak=37905  comparison cadence=75810  difference=0.32500  below=0/3
t=126683  fraction=0.47000  peak_slope=1.704e-05  t_peak=32918  comparison cadence=65835  difference=0.11500  below=0/3
t=124688  fraction=0.40000  peak_slope=1.303e-05  t_peak=47880  comparison cadence=95760  difference=0.38500  below=0/3
t=125685  fraction=0.40500  peak_slope=1.203e-05  t_peak=44888  comparison cadence=89775  difference=0.33000  below=0/3
t=105735  fraction=0.34500  peak_slope=1.203e-05  t_peak=37905  comparison cadence=75810  difference=0.33000  below=0/3
t=127680  fraction=0.47000  peak_slope=1.704e-05  t_peak=32918  comparison cadence=65835  difference=0.11000  below=0/3
t=125685  fraction=0.40000  peak_slope=1.303e-05  t_peak=47880  comparison cadence=95760  difference=0.37500  below=0/3
t=126683  fraction=0.41000  peak_slope=1.203e-05  t_peak=44888  comparison cadence=89775  difference=0.33500  below=0/3
t=106733  fraction=0.34500  peak_slope=1.203e-05  t_peak=37905  comparison cadence=75810  difference=0.32000  below=0/3
t=128678  fraction=0.47000  peak_slope=1.704e-05  t_peak=32918  comparison cadence=65835  difference=0.11000  below=0/3
t=126683  fraction=0.40000  peak_slope=1.303e-05  t_peak=47880  comparison cadence=95760  difference=0.37500  below=0/3
t=127680  fraction=0.41000  peak_slope=1.203e-05  t_peak=44888  comparison cadence=89775  difference=0.33500  below=0/3
t=129675  fraction=0.47000  peak_slope=1.704e-05  t_peak=32918  comparison cadence=65835  difference=0.11000  below=0/3
t=107730  fraction=0.34500  peak_slope=1.203e-05  t_peak=37905  comparison cadence=75810  difference=0.31000  below=0/3
t=127680  fraction=0.40000  peak_slope=1.303e-05  t_peak=47880  comparison cadence=95760  difference=0.37000  below=0/3
t=128678  fraction=0.41000  peak_slope=1.203e-05  t_peak=44888  comparison cadence=89775  difference=0.33500  below=0/3
t=130673  fraction=0.47000  peak_slope=1.704e-05  t_peak=32918  comparison cadence=65835  difference=0.11000  below=0/3
t=128678  fraction=0.40500  peak_slope=1.303e-05  t_peak=47880  comparison cadence=95760  difference=0.36500  below=0/3
t=108728  fraction=0.34500  peak_slope=1.203e-05  t_peak=37905  comparison cadence=75810  difference=0.30500  below=0/3
t=129675  fraction=0.41000  peak_slope=1.203e-05  t_peak=44888  comparison cadence=89775  difference=0.33500  below=0/3
t=131670  fraction=0.47000  peak_slope=1.704e-05  t_peak=32918  comparison cadence=65835  difference=0.11000  below=0/3
t=129675  fraction=0.40500  peak_slope=1.303e-05  t_peak=47880  comparison cadence=95760  difference=0.35000  below=0/3
t=130673  fraction=0.42000  peak_slope=1.203e-05  t_peak=44888  comparison cadence=89775  difference=0.33000  below=0/3
t=109725  fraction=0.34500  peak_slope=1.203e-05  t_peak=37905  comparison cadence=75810  difference=0.30000  below=0/3
t=132668  fraction=0.47000  peak_slope=1.704e-05  t_peak=32918  comparison cadence=65835  difference=0.10500  below=0/3
t=130673  fraction=0.40500  peak_slope=1.303e-05  t_peak=47880  comparison cadence=95760  difference=0.35000  below=0/3
t=131670  fraction=0.42000  peak_slope=1.203e-05  t_peak=44888  comparison cadence=89775  difference=0.31500  below=0/3
t=110723  fraction=0.34500  peak_slope=1.203e-05  t_peak=37905  comparison cadence=75810  difference=0.28000  below=0/3
t=133665  fraction=0.47000  peak_slope=1.704e-05  t_peak=32918  comparison cadence=65835  difference=0.10500  below=0/3
t=131670  fraction=0.40500  peak_slope=1.303e-05  t_peak=47880  comparison cadence=95760  difference=0.34000  below=0/3
t=132668  fraction=0.42000  peak_slope=1.203e-05  t_peak=44888  comparison cadence=89775  difference=0.31000  below=0/3
t=134663  fraction=0.47500  peak_slope=1.704e-05  t_peak=32918  comparison cadence=65835  difference=0.10500  below=0/3
t=111720  fraction=0.35000  peak_slope=1.203e-05  t_peak=37905  comparison cadence=75810  difference=0.27500  below=0/3
t=132668  fraction=0.41000  peak_slope=1.303e-05  t_peak=47880  comparison cadence=95760  difference=0.32500  below=0/3
t=133665  fraction=0.42000  peak_slope=1.203e-05  t_peak=44888  comparison cadence=89775  difference=0.29500  below=0/3
t=135660  fraction=0.47500  peak_slope=1.704e-05  t_peak=32918  comparison cadence=65835  difference=0.10500  below=0/3
t=112718  fraction=0.35500  peak_slope=1.203e-05  t_peak=37905  comparison cadence=75810  difference=0.27000  below=0/3
t=133665  fraction=0.41500  peak_slope=1.303e-05  t_peak=47880  comparison cadence=95760  difference=0.32500  below=0/3
t=134663  fraction=0.42000  peak_slope=1.203e-05  t_peak=44888  comparison cadence=89775  difference=0.28500  below=0/3
t=136658  fraction=0.47500  peak_slope=1.704e-05  t_peak=32918  comparison cadence=65835  difference=0.10000  below=0/3
t=113715  fraction=0.36000  peak_slope=1.203e-05  t_peak=37905  comparison cadence=75810  difference=0.26000  below=0/3
t=134663  fraction=0.41500  peak_slope=1.303e-05  t_peak=47880  comparison cadence=95760  difference=0.31000  below=0/3
t=135660  fraction=0.42500  peak_slope=1.203e-05  t_peak=44888  comparison cadence=89775  difference=0.28000  below=0/3
t=137655  fraction=0.47500  peak_slope=1.704e-05  t_peak=32918  comparison cadence=65835  difference=0.10000  below=0/3
t=135660  fraction=0.41500  peak_slope=1.303e-05  t_peak=47880  comparison cadence=95760  difference=0.31000  below=0/3
t=114713  fraction=0.36000  peak_slope=1.203e-05  t_peak=37905  comparison cadence=75810  difference=0.25500  below=0/3
t=136658  fraction=0.42500  peak_slope=1.203e-05  t_peak=44888  comparison cadence=89775  difference=0.27000  below=0/3
t=138653  fraction=0.47500  peak_slope=1.704e-05  t_peak=32918  comparison cadence=65835  difference=0.10000  below=0/3
t=136658  fraction=0.41500  peak_slope=1.303e-05  t_peak=47880  comparison cadence=95760  difference=0.30500  below=0/3
t=137655  fraction=0.42500  peak_slope=1.203e-05  t_peak=44888  comparison cadence=89775  difference=0.26500  below=0/3
t=115710  fraction=0.36500  peak_slope=1.203e-05  t_peak=37905  comparison cadence=75810  difference=0.25000  below=0/3
t=139650  fraction=0.48000  peak_slope=1.704e-05  t_peak=32918  comparison cadence=65835  difference=0.10500  below=0/3
t=137655  fraction=0.42000  peak_slope=1.303e-05  t_peak=47880  comparison cadence=95760  difference=0.30500  below=0/3
t=138653  fraction=0.42500  peak_slope=1.203e-05  t_peak=44888  comparison cadence=89775  difference=0.26000  below=0/3
t=140648  fraction=0.48500  peak_slope=1.704e-05  t_peak=32918  comparison cadence=65835  difference=0.11000  below=0/3
t=116708  fraction=0.36500  peak_slope=1.203e-05  t_peak=37905  comparison cadence=75810  difference=0.24500  below=0/3
t=138653  fraction=0.42500  peak_slope=1.303e-05  t_peak=47880  comparison cadence=95760  difference=0.30500  below=0/3
t=139650  fraction=0.43000  peak_slope=1.203e-05  t_peak=44888  comparison cadence=89775  difference=0.26000  below=0/3
t=141645  fraction=0.48500  peak_slope=1.704e-05  t_peak=32918  comparison cadence=65835  difference=0.11000  below=0/3
t=117705  fraction=0.36500  peak_slope=1.203e-05  t_peak=37905  comparison cadence=75810  difference=0.24000  below=0/3
t=139650  fraction=0.42500  peak_slope=1.303e-05  t_peak=47880  comparison cadence=95760  difference=0.29000  below=0/3
t=140648  fraction=0.43000  peak_slope=1.203e-05  t_peak=44888  comparison cadence=89775  difference=0.25500  below=0/3
t=142643  fraction=0.48500  peak_slope=1.704e-05  t_peak=32918  comparison cadence=65835  difference=0.10500  below=0/3
t=118703  fraction=0.36500  peak_slope=1.203e-05  t_peak=37905  comparison cadence=75810  difference=0.23500  below=0/3
t=140648  fraction=0.42500  peak_slope=1.303e-05  t_peak=47880  comparison cadence=95760  difference=0.27500  below=0/3
t=141645  fraction=0.43500  peak_slope=1.203e-05  t_peak=44888  comparison cadence=89775  difference=0.25000  below=0/3
t=143640  fraction=0.48500  peak_slope=1.704e-05  t_peak=32918  comparison cadence=65835  difference=0.10500  below=0/3
t=141645  fraction=0.42500  peak_slope=1.303e-05  t_peak=47880  comparison cadence=95760  difference=0.26000  below=0/3
t=119700  fraction=0.36500  peak_slope=1.203e-05  t_peak=37905  comparison cadence=75810  difference=0.23000  below=0/3
t=142643  fraction=0.43500  peak_slope=1.203e-05  t_peak=44888  comparison cadence=89775  difference=0.25000  below=0/3
t=144638  fraction=0.49000  peak_slope=1.704e-05  t_peak=32918  comparison cadence=65835  difference=0.11000  below=0/3
t=142643  fraction=0.42500  peak_slope=1.303e-05  t_peak=47880  comparison cadence=95760  difference=0.24500  below=0/3
t=120698  fraction=0.36500  peak_slope=1.203e-05  t_peak=37905  comparison cadence=75810  difference=0.22500  below=0/3
t=143640  fraction=0.43500  peak_slope=1.203e-05  t_peak=44888  comparison cadence=89775  difference=0.24000  below=0/3
t=145636  fraction=0.49000  peak_slope=1.704e-05  t_peak=32918  comparison cadence=65835  difference=0.11000  below=0/3
t=143640  fraction=0.42500  peak_slope=1.303e-05  t_peak=47880  comparison cadence=95760  difference=0.24000  below=0/3
t=144638  fraction=0.43500  peak_slope=1.203e-05  t_peak=44888  comparison cadence=89775  difference=0.23500  below=0/3
t=146633  fraction=0.49000  peak_slope=1.704e-05  t_peak=32918  comparison cadence=65835  difference=0.11000  below=0/3
t=121695  fraction=0.36500  peak_slope=1.203e-05  t_peak=37905  comparison cadence=75810  difference=0.22500  below=0/3
t=144638  fraction=0.42500  peak_slope=1.303e-05  t_peak=47880  comparison cadence=95760  difference=0.22500  below=0/3
t=147631  fraction=0.49000  peak_slope=1.704e-05  t_peak=32918  comparison cadence=65835  difference=0.11000  below=0/3
t=145636  fraction=0.43500  peak_slope=1.203e-05  t_peak=44888  comparison cadence=89775  difference=0.23000  below=0/3
t=122693  fraction=0.36500  peak_slope=1.203e-05  t_peak=37905  comparison cadence=75810  difference=0.20000  below=0/3
t=145636  fraction=0.42500  peak_slope=1.303e-05  t_peak=47880  comparison cadence=95760  difference=0.22000  below=0/3
t=148628  fraction=0.49000  peak_slope=1.704e-05  t_peak=32918  comparison cadence=65835  difference=0.10500  below=0/3
t=146633  fraction=0.43500  peak_slope=1.203e-05  t_peak=44888  comparison cadence=89775  difference=0.22000  below=0/3
t=146633  fraction=0.43500  peak_slope=1.303e-05  t_peak=47880  comparison cadence=95760  difference=0.22000  below=0/3
t=123690  fraction=0.36500  peak_slope=1.203e-05  t_peak=37905  comparison cadence=75810  difference=0.19500  below=0/3
t=149626  fraction=0.49000  peak_slope=1.704e-05  t_peak=32918  comparison cadence=65835  difference=0.10000  below=0/3
t=147631  fraction=0.44000  peak_slope=1.203e-05  t_peak=44888  comparison cadence=89775  difference=0.22000  below=0/3
t=147631  fraction=0.43500  peak_slope=1.303e-05  t_peak=47880  comparison cadence=95760  difference=0.22000  below=0/3
t=124688  fraction=0.36500  peak_slope=1.203e-05  t_peak=37905  comparison cadence=75810  difference=0.18500  below=0/3
t=150623  fraction=0.49500  peak_slope=1.704e-05  t_peak=32918  comparison cadence=65835  difference=0.10000  below=0/3
t=148628  fraction=0.44000  peak_slope=1.203e-05  t_peak=44888  comparison cadence=89775  difference=0.22000  below=0/3
t=148628  fraction=0.43500  peak_slope=1.303e-05  t_peak=47880  comparison cadence=95760  difference=0.21500  below=0/3
t=125685  fraction=0.36500  peak_slope=1.203e-05  t_peak=37905  comparison cadence=75810  difference=0.18500  below=0/3
t=151621  fraction=0.49500  peak_slope=1.704e-05  t_peak=32918  comparison cadence=65835  difference=0.09500  below=0/3
t=149626  fraction=0.44000  peak_slope=1.203e-05  t_peak=44888  comparison cadence=89775  difference=0.21500  below=0/3
t=149626  fraction=0.43500  peak_slope=1.303e-05  t_peak=47880  comparison cadence=95760  difference=0.21500  below=0/3
t=152618  fraction=0.49500  peak_slope=1.704e-05  t_peak=32918  comparison cadence=65835  difference=0.09000  below=0/3
t=126683  fraction=0.36500  peak_slope=1.203e-05  t_peak=37905  comparison cadence=75810  difference=0.17000  below=0/3
t=150623  fraction=0.44000  peak_slope=1.203e-05  t_peak=44888  comparison cadence=89775  difference=0.21000  below=0/3
t=150623  fraction=0.43500  peak_slope=1.303e-05  t_peak=47880  comparison cadence=95760  difference=0.20500  below=0/3
t=153616  fraction=0.49500  peak_slope=1.704e-05  t_peak=32918  comparison cadence=65835  difference=0.08000  below=0/3
t=151621  fraction=0.44000  peak_slope=1.203e-05  t_peak=44888  comparison cadence=89775  difference=0.21000  below=0/3
t=127680  fraction=0.36500  peak_slope=1.203e-05  t_peak=37905  comparison cadence=75810  difference=0.17000  below=0/3
t=151621  fraction=0.44500  peak_slope=1.303e-05  t_peak=47880  comparison cadence=95760  difference=0.21000  below=0/3
t=154613  fraction=0.49500  peak_slope=1.704e-05  t_peak=32918  comparison cadence=65835  difference=0.08000  below=0/3
t=152618  fraction=0.44000  peak_slope=1.203e-05  t_peak=44888  comparison cadence=89775  difference=0.21000  below=0/3
t=152618  fraction=0.44500  peak_slope=1.303e-05  t_peak=47880  comparison cadence=95760  difference=0.20500  below=0/3
t=128678  fraction=0.36500  peak_slope=1.203e-05  t_peak=37905  comparison cadence=75810  difference=0.16500  below=0/3
t=155611  fraction=0.49500  peak_slope=1.704e-05  t_peak=32918  comparison cadence=65835  difference=0.08000  below=0/3
t=153616  fraction=0.44000  peak_slope=1.203e-05  t_peak=44888  comparison cadence=89775  difference=0.21000  below=0/3
t=153616  fraction=0.44500  peak_slope=1.303e-05  t_peak=47880  comparison cadence=95760  difference=0.19500  below=0/3
t=129675  fraction=0.36500  peak_slope=1.203e-05  t_peak=37905  comparison cadence=75810  difference=0.15500  below=0/3
t=156608  fraction=0.49500  peak_slope=1.704e-05  t_peak=32918  comparison cadence=65835  difference=0.08000  below=0/3
t=154613  fraction=0.44000  peak_slope=1.203e-05  t_peak=44888  comparison cadence=89775  difference=0.20500  below=0/3
t=154613  fraction=0.44500  peak_slope=1.303e-05  t_peak=47880  comparison cadence=95760  difference=0.18500  below=0/3
t=130673  fraction=0.36500  peak_slope=1.203e-05  t_peak=37905  comparison cadence=75810  difference=0.15000  below=0/3
t=157606  fraction=0.49500  peak_slope=1.704e-05  t_peak=32918  comparison cadence=65835  difference=0.07000  below=0/3
t=155611  fraction=0.44500  peak_slope=1.303e-05  t_peak=47880  comparison cadence=95760  difference=0.17500  below=0/3
t=155611  fraction=0.44500  peak_slope=1.203e-05  t_peak=44888  comparison cadence=89775  difference=0.21000  below=0/3
t=158603  fraction=0.49500  peak_slope=1.704e-05  t_peak=32918  comparison cadence=65835  difference=0.07000  below=0/3
t=131670  fraction=0.36500  peak_slope=1.203e-05  t_peak=37905  comparison cadence=75810  difference=0.14500  below=0/3
t=156608  fraction=0.44500  peak_slope=1.303e-05  t_peak=47880  comparison cadence=95760  difference=0.17000  below=0/3
t=156608  fraction=0.44500  peak_slope=1.203e-05  t_peak=44888  comparison cadence=89775  difference=0.21000  below=0/3
t=159601  fraction=0.50000  peak_slope=1.704e-05  t_peak=32918  comparison cadence=65835  difference=0.07500  below=0/3
t=132668  fraction=0.36500  peak_slope=1.203e-05  t_peak=37905  comparison cadence=75810  difference=0.14500  below=0/3
t=157606  fraction=0.44500  peak_slope=1.303e-05  t_peak=47880  comparison cadence=95760  difference=0.16500  below=0/3
t=157606  fraction=0.44500  peak_slope=1.203e-05  t_peak=44888  comparison cadence=89775  difference=0.20500  below=0/3
t=160598  fraction=0.50000  peak_slope=1.704e-05  t_peak=32918  comparison cadence=65835  difference=0.07500  below=0/3
t=158603  fraction=0.44500  peak_slope=1.303e-05  t_peak=47880  comparison cadence=95760  difference=0.16500  below=0/3
t=158603  fraction=0.44500  peak_slope=1.203e-05  t_peak=44888  comparison cadence=89775  difference=0.19500  below=0/3
t=133665  fraction=0.36500  peak_slope=1.203e-05  t_peak=37905  comparison cadence=75810  difference=0.14000  below=0/3
t=161596  fraction=0.50000  peak_slope=1.704e-05  t_peak=32918  comparison cadence=65835  difference=0.07000  below=0/3
t=159601  fraction=0.44500  peak_slope=1.303e-05  t_peak=47880  comparison cadence=95760  difference=0.16500  below=0/3
t=159601  fraction=0.44500  peak_slope=1.203e-05  t_peak=44888  comparison cadence=89775  difference=0.19500  below=0/3
t=134663  fraction=0.36500  peak_slope=1.203e-05  t_peak=37905  comparison cadence=75810  difference=0.13000  below=0/3
t=162593  fraction=0.50000  peak_slope=1.704e-05  t_peak=32918  comparison cadence=65835  difference=0.07000  below=0/3
t=160598  fraction=0.45000  peak_slope=1.303e-05  t_peak=47880  comparison cadence=95760  difference=0.16000  below=0/3
t=160598  fraction=0.45000  peak_slope=1.203e-05  t_peak=44888  comparison cadence=89775  difference=0.19500  below=0/3
t=135660  fraction=0.36500  peak_slope=1.203e-05  t_peak=37905  comparison cadence=75810  difference=0.12500  below=0/3
t=163591  fraction=0.50000  peak_slope=1.704e-05  t_peak=32918  comparison cadence=65835  difference=0.07000  below=0/3
t=161596  fraction=0.45000  peak_slope=1.303e-05  t_peak=47880  comparison cadence=95760  difference=0.15500  below=0/3
t=161596  fraction=0.45000  peak_slope=1.203e-05  t_peak=44888  comparison cadence=89775  difference=0.18500  below=0/3
t=164588  fraction=0.50000  peak_slope=1.704e-05  t_peak=32918  comparison cadence=65835  difference=0.06500  below=0/3
t=136658  fraction=0.36500  peak_slope=1.203e-05  t_peak=37905  comparison cadence=75810  difference=0.12500  below=0/3
t=162593  fraction=0.45000  peak_slope=1.303e-05  t_peak=47880  comparison cadence=95760  difference=0.15000  below=0/3
t=162593  fraction=0.45000  peak_slope=1.203e-05  t_peak=44888  comparison cadence=89775  difference=0.18000  below=0/3
t=165586  fraction=0.50000  peak_slope=1.704e-05  t_peak=32918  comparison cadence=65835  difference=0.06500  below=0/3
t=163591  fraction=0.45000  peak_slope=1.303e-05  t_peak=47880  comparison cadence=95760  difference=0.14500  below=0/3
t=137655  fraction=0.36500  peak_slope=1.203e-05  t_peak=37905  comparison cadence=75810  difference=0.12000  below=0/3
t=163591  fraction=0.45000  peak_slope=1.203e-05  t_peak=44888  comparison cadence=89775  difference=0.18000  below=0/3
t=166583  fraction=0.50000  peak_slope=1.704e-05  t_peak=32918  comparison cadence=65835  difference=0.06500  below=0/3
t=164588  fraction=0.45000  peak_slope=1.303e-05  t_peak=47880  comparison cadence=95760  difference=0.14500  below=0/3
t=138653  fraction=0.37000  peak_slope=1.203e-05  t_peak=37905  comparison cadence=75810  difference=0.12000  below=0/3
t=164588  fraction=0.45000  peak_slope=1.203e-05  t_peak=44888  comparison cadence=89775  difference=0.17500  below=0/3
t=167581  fraction=0.50000  peak_slope=1.704e-05  t_peak=32918  comparison cadence=65835  difference=0.06500  below=0/3
t=165586  fraction=0.45000  peak_slope=1.303e-05  t_peak=47880  comparison cadence=95760  difference=0.14500  below=0/3
t=165586  fraction=0.45000  peak_slope=1.203e-05  t_peak=44888  comparison cadence=89775  difference=0.17500  below=0/3
t=139650  fraction=0.37000  peak_slope=1.203e-05  t_peak=37905  comparison cadence=75810  difference=0.11500  below=0/3
t=168578  fraction=0.50000  peak_slope=1.704e-05  t_peak=32918  comparison cadence=65835  difference=0.06000  below=0/3
t=166583  fraction=0.45500  peak_slope=1.303e-05  t_peak=47880  comparison cadence=95760  difference=0.14500  below=0/3
t=166583  fraction=0.45000  peak_slope=1.203e-05  t_peak=44888  comparison cadence=89775  difference=0.17500  below=0/3
t=140648  fraction=0.37000  peak_slope=1.203e-05  t_peak=37905  comparison cadence=75810  difference=0.11500  below=0/3
t=169576  fraction=0.50000  peak_slope=1.704e-05  t_peak=32918  comparison cadence=65835  difference=0.06000  below=0/3
t=167581  fraction=0.45500  peak_slope=1.303e-05  t_peak=47880  comparison cadence=95760  difference=0.14500  below=0/3
t=167581  fraction=0.45500  peak_slope=1.203e-05  t_peak=44888  comparison cadence=89775  difference=0.18000  below=0/3
t=170573  fraction=0.50000  peak_slope=1.704e-05  t_peak=32918  comparison cadence=65835  difference=0.06000  below=0/3
t=141645  fraction=0.37000  peak_slope=1.203e-05  t_peak=37905  comparison cadence=75810  difference=0.11500  below=0/3
t=168578  fraction=0.45500  peak_slope=1.303e-05  t_peak=47880  comparison cadence=95760  difference=0.14000  below=0/3
t=168578  fraction=0.45500  peak_slope=1.203e-05  t_peak=44888  comparison cadence=89775  difference=0.16000  below=0/3
t=171571  fraction=0.50000  peak_slope=1.704e-05  t_peak=32918  comparison cadence=65835  difference=0.06000  below=0/3
t=169576  fraction=0.45500  peak_slope=1.303e-05  t_peak=47880  comparison cadence=95760  difference=0.14000  below=0/3
t=142643  fraction=0.37000  peak_slope=1.203e-05  t_peak=37905  comparison cadence=75810  difference=0.11000  below=0/3
t=169576  fraction=0.46000  peak_slope=1.203e-05  t_peak=44888  comparison cadence=89775  difference=0.16000  below=0/3
t=172568  fraction=0.50500  peak_slope=1.704e-05  t_peak=32918  comparison cadence=65835  difference=0.06500  below=0/3
t=170573  fraction=0.45500  peak_slope=1.303e-05  t_peak=47880  comparison cadence=95760  difference=0.14000  below=0/3
t=143640  fraction=0.37000  peak_slope=1.203e-05  t_peak=37905  comparison cadence=75810  difference=0.11000  below=0/3
t=170573  fraction=0.46000  peak_slope=1.203e-05  t_peak=44888  comparison cadence=89775  difference=0.16000  below=0/3
t=173566  fraction=0.50500  peak_slope=1.704e-05  t_peak=32918  comparison cadence=65835  difference=0.06000  below=0/3
t=171571  fraction=0.45500  peak_slope=1.303e-05  t_peak=47880  comparison cadence=95760  difference=0.13500  below=0/3
t=144638  fraction=0.37000  peak_slope=1.203e-05  t_peak=37905  comparison cadence=75810  difference=0.10000  below=0/3
t=171571  fraction=0.46000  peak_slope=1.203e-05  t_peak=44888  comparison cadence=89775  difference=0.16000  below=0/3
t=174563  fraction=0.50500  peak_slope=1.704e-05  t_peak=32918  comparison cadence=65835  difference=0.06000  below=0/3
t=172568  fraction=0.45500  peak_slope=1.303e-05  t_peak=47880  comparison cadence=95760  difference=0.13500  below=0/3
t=172568  fraction=0.46000  peak_slope=1.203e-05  t_peak=44888  comparison cadence=89775  difference=0.15500  below=0/3
t=145636  fraction=0.37000  peak_slope=1.203e-05  t_peak=37905  comparison cadence=75810  difference=0.10000  below=0/3
t=175561  fraction=0.50500  peak_slope=1.704e-05  t_peak=32918  comparison cadence=65835  difference=0.06000  below=0/3
t=173566  fraction=0.46000  peak_slope=1.303e-05  t_peak=47880  comparison cadence=95760  difference=0.13500  below=0/3
t=173566  fraction=0.46000  peak_slope=1.203e-05  t_peak=44888  comparison cadence=89775  difference=0.15500  below=0/3
t=176558  fraction=0.50500  peak_slope=1.704e-05  t_peak=32918  comparison cadence=65835  difference=0.06000  below=0/3
t=146633  fraction=0.37000  peak_slope=1.203e-05  t_peak=37905  comparison cadence=75810  difference=0.10000  below=0/3
t=174563  fraction=0.46000  peak_slope=1.303e-05  t_peak=47880  comparison cadence=95760  difference=0.12500  below=0/3
t=174563  fraction=0.46500  peak_slope=1.203e-05  t_peak=44888  comparison cadence=89775  difference=0.15500  below=0/3
t=177556  fraction=0.50500  peak_slope=1.704e-05  t_peak=32918  comparison cadence=65835  difference=0.06000  below=0/3
t=175561  fraction=0.46000  peak_slope=1.303e-05  t_peak=47880  comparison cadence=95760  difference=0.12000  below=0/3
t=147631  fraction=0.37000  peak_slope=1.203e-05  t_peak=37905  comparison cadence=75810  difference=0.09500  below=0/3
t=175561  fraction=0.46500  peak_slope=1.203e-05  t_peak=44888  comparison cadence=89775  difference=0.15500  below=0/3
t=178553  fraction=0.50500  peak_slope=1.704e-05  t_peak=32918  comparison cadence=65835  difference=0.06000  below=0/3
t=176558  fraction=0.46000  peak_slope=1.303e-05  t_peak=47880  comparison cadence=95760  difference=0.11500  below=0/3
t=148628  fraction=0.37000  peak_slope=1.203e-05  t_peak=37905  comparison cadence=75810  difference=0.09500  below=0/3
t=176558  fraction=0.47000  peak_slope=1.203e-05  t_peak=44888  comparison cadence=89775  difference=0.14500  below=0/3
t=179551  fraction=0.50500  peak_slope=1.704e-05  t_peak=32918  comparison cadence=65835  difference=0.06000  below=0/3
t=177556  fraction=0.46500  peak_slope=1.303e-05  t_peak=47880  comparison cadence=95760  difference=0.12000  below=0/3
t=149626  fraction=0.37000  peak_slope=1.203e-05  t_peak=37905  comparison cadence=75810  difference=0.09500  below=0/3
t=180548  fraction=0.50500  peak_slope=1.704e-05  t_peak=32918  comparison cadence=65835  difference=0.06000  below=0/3
t=177556  fraction=0.47000  peak_slope=1.203e-05  t_peak=44888  comparison cadence=89775  difference=0.14000  below=0/3
t=178553  fraction=0.46500  peak_slope=1.303e-05  t_peak=47880  comparison cadence=95760  difference=0.12000  below=0/3
t=150623  fraction=0.37000  peak_slope=1.203e-05  t_peak=37905  comparison cadence=75810  difference=0.08500  below=0/3
t=181546  fraction=0.50500  peak_slope=1.704e-05  t_peak=32918  comparison cadence=65835  difference=0.06000  below=0/3
t=179551  fraction=0.46500  peak_slope=1.303e-05  t_peak=47880  comparison cadence=95760  difference=0.12000  below=0/3
t=178553  fraction=0.47000  peak_slope=1.203e-05  t_peak=44888  comparison cadence=89775  difference=0.14000  below=0/3
t=180548  fraction=0.46500  peak_slope=1.303e-05  t_peak=47880  comparison cadence=95760  difference=0.12000  below=0/3
t=182543  fraction=0.50500  peak_slope=1.704e-05  t_peak=32918  comparison cadence=65835  difference=0.05500  below=0/3
t=179551  fraction=0.47000  peak_slope=1.203e-05  t_peak=44888  comparison cadence=89775  difference=0.14000  below=0/3
t=151621  fraction=0.37000  peak_slope=1.203e-05  t_peak=37905  comparison cadence=75810  difference=0.08500  below=0/3
t=181546  fraction=0.46500  peak_slope=1.303e-05  t_peak=47880  comparison cadence=95760  difference=0.12000  below=0/3
t=183541  fraction=0.50500  peak_slope=1.704e-05  t_peak=32918  comparison cadence=65835  difference=0.05000  below=1/3
t=180548  fraction=0.47000  peak_slope=1.203e-05  t_peak=44888  comparison cadence=89775  difference=0.14000  below=0/3
t=152618  fraction=0.37000  peak_slope=1.203e-05  t_peak=37905  comparison cadence=75810  difference=0.08000  below=0/3
t=182543  fraction=0.46500  peak_slope=1.303e-05  t_peak=47880  comparison cadence=95760  difference=0.12000  below=0/3
t=184538  fraction=0.50500  peak_slope=1.704e-05  t_peak=32918  comparison cadence=65835  difference=0.05000  below=2/3
t=181546  fraction=0.47000  peak_slope=1.203e-05  t_peak=44888  comparison cadence=89775  difference=0.14000  below=0/3
t=153616  fraction=0.38000  peak_slope=1.203e-05  t_peak=37905  comparison cadence=75810  difference=0.09000  below=0/3
t=183541  fraction=0.46500  peak_slope=1.303e-05  t_peak=47880  comparison cadence=95760  difference=0.11500  below=0/3
t=185536  fraction=0.50500  peak_slope=1.704e-05  t_peak=32918  comparison cadence=65835  difference=0.05000  below=3/3
Stopping at t=185535.64062795468
Saved 96 remaining particles to /scratch/group/p.phy260085.000//Mass_Fraction/Outputs/Ejection_Results/remaining_particles_2143305_1.csv
t=182543  fraction=0.47000  peak_slope=1.203e-05  t_peak=44888  comparison cadence=89775  difference=0.14000  below=0/3
t=154613  fraction=0.38000  peak_slope=1.203e-05  t_peak=37905  comparison cadence=75810  difference=0.09000  below=0/3
t=184538  fraction=0.46500  peak_slope=1.303e-05  t_peak=47880  comparison cadence=95760  difference=0.11500  below=0/3
t=183541  fraction=0.47000  peak_slope=1.203e-05  t_peak=44888  comparison cadence=89775  difference=0.13500  below=0/3
t=155611  fraction=0.38000  peak_slope=1.203e-05  t_peak=37905  comparison cadence=75810  difference=0.08500  below=0/3
t=185536  fraction=0.46500  peak_slope=1.303e-05  t_peak=47880  comparison cadence=95760  difference=0.11000  below=0/3
t=184538  fraction=0.47000  peak_slope=1.203e-05  t_peak=44888  comparison cadence=89775  difference=0.12500  below=0/3
t=186533  fraction=0.46500  peak_slope=1.303e-05  t_peak=47880  comparison cadence=95760  difference=0.11000  below=0/3
t=156608  fraction=0.38500  peak_slope=1.203e-05  t_peak=37905  comparison cadence=75810  difference=0.09000  below=0/3
t=185536  fraction=0.47000  peak_slope=1.203e-05  t_peak=44888  comparison cadence=89775  difference=0.11500  below=0/3
t=187531  fraction=0.46500  peak_slope=1.303e-05  t_peak=47880  comparison cadence=95760  difference=0.10000  below=0/3
t=186533  fraction=0.47000  peak_slope=1.203e-05  t_peak=44888  comparison cadence=89775  difference=0.11000  below=0/3
t=157606  fraction=0.38500  peak_slope=1.203e-05  t_peak=37905  comparison cadence=75810  difference=0.08500  below=0/3
t=188528  fraction=0.46500  peak_slope=1.303e-05  t_peak=47880  comparison cadence=95760  difference=0.10000  below=0/3
t=187531  fraction=0.47500  peak_slope=1.203e-05  t_peak=44888  comparison cadence=89775  difference=0.11500  below=0/3
t=158603  fraction=0.38500  peak_slope=1.203e-05  t_peak=37905  comparison cadence=75810  difference=0.08500  below=0/3
t=189526  fraction=0.46500  peak_slope=1.303e-05  t_peak=47880  comparison cadence=95760  difference=0.10000  below=0/3
t=188528  fraction=0.47500  peak_slope=1.203e-05  t_peak=44888  comparison cadence=89775  difference=0.11000  below=0/3
t=159601  fraction=0.39000  peak_slope=1.203e-05  t_peak=37905  comparison cadence=75810  difference=0.09000  below=0/3
t=190523  fraction=0.46500  peak_slope=1.303e-05  t_peak=47880  comparison cadence=95760  difference=0.10000  below=0/3
t=189526  fraction=0.47500  peak_slope=1.203e-05  t_peak=44888  comparison cadence=89775  difference=0.11000  below=0/3
t=191521  fraction=0.46500  peak_slope=1.303e-05  t_peak=47880  comparison cadence=95760  difference=0.09500  below=0/3
t=160598  fraction=0.39000  peak_slope=1.203e-05  t_peak=37905  comparison cadence=75810  difference=0.08500  below=0/3
t=190523  fraction=0.47500  peak_slope=1.203e-05  t_peak=44888  comparison cadence=89775  difference=0.11000  below=0/3
t=192518  fraction=0.46500  peak_slope=1.303e-05  t_peak=47880  comparison cadence=95760  difference=0.09500  below=0/3
t=161596  fraction=0.39000  peak_slope=1.203e-05  t_peak=37905  comparison cadence=75810  difference=0.08500  below=0/3
t=191521  fraction=0.47500  peak_slope=1.203e-05  t_peak=44888  comparison cadence=89775  difference=0.11000  below=0/3
t=193516  fraction=0.47000  peak_slope=1.303e-05  t_peak=47880  comparison cadence=95760  difference=0.10000  below=0/3
t=162593  fraction=0.39000  peak_slope=1.203e-05  t_peak=37905  comparison cadence=75810  difference=0.08500  below=0/3
t=192518  fraction=0.47500  peak_slope=1.203e-05  t_peak=44888  comparison cadence=89775  difference=0.11000  below=0/3
t=194513  fraction=0.47500  peak_slope=1.303e-05  t_peak=47880  comparison cadence=95760  difference=0.10500  below=0/3
t=193516  fraction=0.47500  peak_slope=1.203e-05  t_peak=44888  comparison cadence=89775  difference=0.11000  below=0/3
t=163591  fraction=0.39000  peak_slope=1.203e-05  t_peak=37905  comparison cadence=75810  difference=0.08500  below=0/3
t=195511  fraction=0.47500  peak_slope=1.303e-05  t_peak=47880  comparison cadence=95760  difference=0.10000  below=0/3
t=194513  fraction=0.47500  peak_slope=1.203e-05  t_peak=44888  comparison cadence=89775  difference=0.11000  below=0/3
t=164588  fraction=0.39000  peak_slope=1.203e-05  t_peak=37905  comparison cadence=75810  difference=0.08500  below=0/3
t=196508  fraction=0.47500  peak_slope=1.303e-05  t_peak=47880  comparison cadence=95760  difference=0.10000  below=0/3
t=195511  fraction=0.47500  peak_slope=1.203e-05  t_peak=44888  comparison cadence=89775  difference=0.11000  below=0/3
t=197506  fraction=0.47500  peak_slope=1.303e-05  t_peak=47880  comparison cadence=95760  difference=0.09500  below=0/3
t=165586  fraction=0.39000  peak_slope=1.203e-05  t_peak=37905  comparison cadence=75810  difference=0.08500  below=0/3
t=196508  fraction=0.47500  peak_slope=1.203e-05  t_peak=44888  comparison cadence=89775  difference=0.11000  below=0/3
t=198503  fraction=0.47500  peak_slope=1.303e-05  t_peak=47880  comparison cadence=95760  difference=0.09000  below=0/3
t=166583  fraction=0.39000  peak_slope=1.203e-05  t_peak=37905  comparison cadence=75810  difference=0.08000  below=0/3
t=197506  fraction=0.47500  peak_slope=1.203e-05  t_peak=44888  comparison cadence=89775  difference=0.10500  below=0/3
t=199501  fraction=0.47500  peak_slope=1.303e-05  t_peak=47880  comparison cadence=95760  difference=0.09000  below=0/3
t=167581  fraction=0.39000  peak_slope=1.203e-05  t_peak=37905  comparison cadence=75810  difference=0.08000  below=0/3
t=198503  fraction=0.47500  peak_slope=1.203e-05  t_peak=44888  comparison cadence=89775  difference=0.10000  below=0/3
t=200498  fraction=0.47500  peak_slope=1.303e-05  t_peak=47880  comparison cadence=95760  difference=0.09000  below=0/3
t=168578  fraction=0.39000  peak_slope=1.203e-05  t_peak=37905  comparison cadence=75810  difference=0.07500  below=0/3
t=199501  fraction=0.47500  peak_slope=1.203e-05  t_peak=44888  comparison cadence=89775  difference=0.09500  below=0/3
t=201496  fraction=0.47500  peak_slope=1.303e-05  t_peak=47880  comparison cadence=95760  difference=0.09000  below=0/3
t=202493  fraction=0.47500  peak_slope=1.303e-05  t_peak=47880  comparison cadence=95760  difference=0.09000  below=0/3
t=200498  fraction=0.47500  peak_slope=1.203e-05  t_peak=44888  comparison cadence=89775  difference=0.09500  below=0/3
t=169576  fraction=0.39000  peak_slope=1.203e-05  t_peak=37905  comparison cadence=75810  difference=0.07500  below=0/3
t=203491  fraction=0.47500  peak_slope=1.303e-05  t_peak=47880  comparison cadence=95760  difference=0.09000  below=0/3
t=201496  fraction=0.48000  peak_slope=1.203e-05  t_peak=44888  comparison cadence=89775  difference=0.09500  below=0/3
t=170573  fraction=0.39000  peak_slope=1.203e-05  t_peak=37905  comparison cadence=75810  difference=0.07500  below=0/3
t=204488  fraction=0.47500  peak_slope=1.303e-05  t_peak=47880  comparison cadence=95760  difference=0.08500  below=0/3
t=202493  fraction=0.48000  peak_slope=1.203e-05  t_peak=44888  comparison cadence=89775  difference=0.09500  below=0/3
t=171571  fraction=0.40000  peak_slope=1.203e-05  t_peak=37905  comparison cadence=75810  difference=0.08500  below=0/3
t=205486  fraction=0.47500  peak_slope=1.303e-05  t_peak=47880  comparison cadence=95760  difference=0.08500  below=0/3
t=203491  fraction=0.48000  peak_slope=1.203e-05  t_peak=44888  comparison cadence=89775  difference=0.09500  below=0/3
t=172568  fraction=0.40000  peak_slope=1.203e-05  t_peak=37905  comparison cadence=75810  difference=0.08500  below=0/3
t=206483  fraction=0.47500  peak_slope=1.303e-05  t_peak=47880  comparison cadence=95760  difference=0.08000  below=0/3
t=204488  fraction=0.48000  peak_slope=1.203e-05  t_peak=44888  comparison cadence=89775  difference=0.09000  below=0/3
t=207481  fraction=0.47500  peak_slope=1.303e-05  t_peak=47880  comparison cadence=95760  difference=0.08000  below=0/3
t=173566  fraction=0.40000  peak_slope=1.203e-05  t_peak=37905  comparison cadence=75810  difference=0.08000  below=0/3
t=205486  fraction=0.48000  peak_slope=1.203e-05  t_peak=44888  comparison cadence=89775  difference=0.09000  below=0/3
t=208478  fraction=0.47500  peak_slope=1.303e-05  t_peak=47880  comparison cadence=95760  difference=0.07500  below=0/3
t=174563  fraction=0.40000  peak_slope=1.203e-05  t_peak=37905  comparison cadence=75810  difference=0.07000  below=0/3
t=206483  fraction=0.48000  peak_slope=1.203e-05  t_peak=44888  comparison cadence=89775  difference=0.08500  below=0/3
t=209476  fraction=0.47500  peak_slope=1.303e-05  t_peak=47880  comparison cadence=95760  difference=0.07500  below=0/3
t=207481  fraction=0.48000  peak_slope=1.203e-05  t_peak=44888  comparison cadence=89775  difference=0.08500  below=0/3
t=175561  fraction=0.40000  peak_slope=1.203e-05  t_peak=37905  comparison cadence=75810  difference=0.07000  below=0/3
t=210473  fraction=0.47500  peak_slope=1.303e-05  t_peak=47880  comparison cadence=95760  difference=0.07500  below=0/3
t=208478  fraction=0.48000  peak_slope=1.203e-05  t_peak=44888  comparison cadence=89775  difference=0.08500  below=0/3
t=176558  fraction=0.40000  peak_slope=1.203e-05  t_peak=37905  comparison cadence=75810  difference=0.06500  below=0/3
t=211471  fraction=0.47500  peak_slope=1.303e-05  t_peak=47880  comparison cadence=95760  difference=0.07500  below=0/3
t=209476  fraction=0.48000  peak_slope=1.203e-05  t_peak=44888  comparison cadence=89775  difference=0.08000  below=0/3
t=212468  fraction=0.47500  peak_slope=1.303e-05  t_peak=47880  comparison cadence=95760  difference=0.07500  below=0/3
t=177556  fraction=0.40000  peak_slope=1.203e-05  t_peak=37905  comparison cadence=75810  difference=0.06500  below=0/3
t=210473  fraction=0.48000  peak_slope=1.203e-05  t_peak=44888  comparison cadence=89775  difference=0.08000  below=0/3
t=213466  fraction=0.48000  peak_slope=1.303e-05  t_peak=47880  comparison cadence=95760  difference=0.08000  below=0/3
t=178553  fraction=0.40000  peak_slope=1.203e-05  t_peak=37905  comparison cadence=75810  difference=0.06000  below=0/3
t=211471  fraction=0.48000  peak_slope=1.203e-05  t_peak=44888  comparison cadence=89775  difference=0.07500  below=0/3
t=214463  fraction=0.48000  peak_slope=1.303e-05  t_peak=47880  comparison cadence=95760  difference=0.08000  below=0/3
t=179551  fraction=0.40500  peak_slope=1.203e-05  t_peak=37905  comparison cadence=75810  difference=0.06500  below=0/3
t=212468  fraction=0.48000  peak_slope=1.203e-05  t_peak=44888  comparison cadence=89775  difference=0.07500  below=0/3
t=215461  fraction=0.48000  peak_slope=1.303e-05  t_peak=47880  comparison cadence=95760  difference=0.08000  below=0/3
t=180548  fraction=0.40500  peak_slope=1.203e-05  t_peak=37905  comparison cadence=75810  difference=0.06500  below=0/3
t=213466  fraction=0.48000  peak_slope=1.203e-05  t_peak=44888  comparison cadence=89775  difference=0.07500  below=0/3
t=216458  fraction=0.48000  peak_slope=1.303e-05  t_peak=47880  comparison cadence=95760  difference=0.08000  below=0/3
t=214463  fraction=0.48500  peak_slope=1.203e-05  t_peak=44888  comparison cadence=89775  difference=0.08000  below=0/3
t=181546  fraction=0.40500  peak_slope=1.203e-05  t_peak=37905  comparison cadence=75810  difference=0.06000  below=0/3
t=217456  fraction=0.48000  peak_slope=1.303e-05  t_peak=47880  comparison cadence=95760  difference=0.08000  below=0/3
t=215461  fraction=0.48500  peak_slope=1.203e-05  t_peak=44888  comparison cadence=89775  difference=0.08000  below=0/3
t=218453  fraction=0.48000  peak_slope=1.303e-05  t_peak=47880  comparison cadence=95760  difference=0.08000  below=0/3
t=182543  fraction=0.40500  peak_slope=1.203e-05  t_peak=37905  comparison cadence=75810  difference=0.06000  below=0/3
t=216458  fraction=0.48500  peak_slope=1.203e-05  t_peak=44888  comparison cadence=89775  difference=0.07500  below=0/3
t=219451  fraction=0.48000  peak_slope=1.303e-05  t_peak=47880  comparison cadence=95760  difference=0.08000  below=0/3
t=183541  fraction=0.40500  peak_slope=1.203e-05  t_peak=37905  comparison cadence=75810  difference=0.06000  below=0/3
t=220448  fraction=0.48000  peak_slope=1.303e-05  t_peak=47880  comparison cadence=95760  difference=0.08000  below=0/3
t=217456  fraction=0.48500  peak_slope=1.203e-05  t_peak=44888  comparison cadence=89775  difference=0.07500  below=0/3
t=184538  fraction=0.40500  peak_slope=1.203e-05  t_peak=37905  comparison cadence=75810  difference=0.06000  below=0/3
t=221446  fraction=0.48000  peak_slope=1.303e-05  t_peak=47880  comparison cadence=95760  difference=0.08000  below=0/3
t=218453  fraction=0.48500  peak_slope=1.203e-05  t_peak=44888  comparison cadence=89775  difference=0.07500  below=0/3
t=185536  fraction=0.40500  peak_slope=1.203e-05  t_peak=37905  comparison cadence=75810  difference=0.06000  below=0/3
t=222443  fraction=0.48000  peak_slope=1.303e-05  t_peak=47880  comparison cadence=95760  difference=0.08000  below=0/3
t=219451  fraction=0.48500  peak_slope=1.203e-05  t_peak=44888  comparison cadence=89775  difference=0.07500  below=0/3
t=223441  fraction=0.48000  peak_slope=1.303e-05  t_peak=47880  comparison cadence=95760  difference=0.08000  below=0/3
t=186533  fraction=0.40500  peak_slope=1.203e-05  t_peak=37905  comparison cadence=75810  difference=0.06000  below=0/3
t=220448  fraction=0.48500  peak_slope=1.203e-05  t_peak=44888  comparison cadence=89775  difference=0.06500  below=0/3
t=224438  fraction=0.48000  peak_slope=1.303e-05  t_peak=47880  comparison cadence=95760  difference=0.07500  below=0/3
t=221446  fraction=0.48500  peak_slope=1.203e-05  t_peak=44888  comparison cadence=89775  difference=0.06500  below=0/3
t=187531  fraction=0.40500  peak_slope=1.203e-05  t_peak=37905  comparison cadence=75810  difference=0.05500  below=0/3
t=225436  fraction=0.48000  peak_slope=1.303e-05  t_peak=47880  comparison cadence=95760  difference=0.07500  below=0/3
t=222443  fraction=0.49000  peak_slope=1.203e-05  t_peak=44888  comparison cadence=89775  difference=0.07000  below=0/3
t=188528  fraction=0.40500  peak_slope=1.203e-05  t_peak=37905  comparison cadence=75810  difference=0.05000  below=0/3
t=226433  fraction=0.48000  peak_slope=1.303e-05  t_peak=47880  comparison cadence=95760  difference=0.07500  below=0/3
t=223441  fraction=0.49000  peak_slope=1.203e-05  t_peak=44888  comparison cadence=89775  difference=0.07000  below=0/3
t=189526  fraction=0.40500  peak_slope=1.203e-05  t_peak=37905  comparison cadence=75810  difference=0.04500  below=1/3
t=227431  fraction=0.48000  peak_slope=1.303e-05  t_peak=47880  comparison cadence=95760  difference=0.07500  below=0/3
t=224438  fraction=0.49500  peak_slope=1.203e-05  t_peak=44888  comparison cadence=89775  difference=0.07500  below=0/3
t=228428  fraction=0.48000  peak_slope=1.303e-05  t_peak=47880  comparison cadence=95760  difference=0.07000  below=0/3
t=190523  fraction=0.40500  peak_slope=1.203e-05  t_peak=37905  comparison cadence=75810  difference=0.04500  below=2/3
t=225436  fraction=0.49500  peak_slope=1.203e-05  t_peak=44888  comparison cadence=89775  difference=0.07000  below=0/3
t=229426  fraction=0.48000  peak_slope=1.303e-05  t_peak=47880  comparison cadence=95760  difference=0.06500  below=0/3
t=191521  fraction=0.40500  peak_slope=1.203e-05  t_peak=37905  comparison cadence=75810  difference=0.04000  below=3/3
Stopping at t=191520.66129337257
Saved 114 remaining particles to /scratch/group/p.phy260085.000//Mass_Fraction/Outputs/Ejection_Results/remaining_particles_2143305_1.csv
t=226433  fraction=0.49500  peak_slope=1.203e-05  t_peak=44888  comparison cadence=89775  difference=0.07000  below=0/3
t=230423  fraction=0.48000  peak_slope=1.303e-05  t_peak=47880  comparison cadence=95760  difference=0.06500  below=0/3
t=227431  fraction=0.49500  peak_slope=1.203e-05  t_peak=44888  comparison cadence=89775  difference=0.07000  below=0/3
t=231421  fraction=0.48500  peak_slope=1.303e-05  t_peak=47880  comparison cadence=95760  difference=0.07000  below=0/3
t=228428  fraction=0.49500  peak_slope=1.203e-05  t_peak=44888  comparison cadence=89775  difference=0.07000  below=0/3
t=232418  fraction=0.48500  peak_slope=1.303e-05  t_peak=47880  comparison cadence=95760  difference=0.07000  below=0/3
t=229426  fraction=0.49500  peak_slope=1.203e-05  t_peak=44888  comparison cadence=89775  difference=0.06500  below=0/3
t=233416  fraction=0.48500  peak_slope=1.303e-05  t_peak=47880  comparison cadence=95760  difference=0.06500  below=0/3
t=230423  fraction=0.49500  peak_slope=1.203e-05  t_peak=44888  comparison cadence=89775  difference=0.06500  below=0/3
t=234413  fraction=0.48500  peak_slope=1.303e-05  t_peak=47880  comparison cadence=95760  difference=0.06000  below=0/3
t=231421  fraction=0.49500  peak_slope=1.203e-05  t_peak=44888  comparison cadence=89775  difference=0.06000  below=0/3
t=235411  fraction=0.48500  peak_slope=1.303e-05  t_peak=47880  comparison cadence=95760  difference=0.06000  below=0/3
t=232418  fraction=0.50000  peak_slope=1.203e-05  t_peak=44888  comparison cadence=89775  difference=0.06500  below=0/3
t=236408  fraction=0.48500  peak_slope=1.303e-05  t_peak=47880  comparison cadence=95760  difference=0.06000  below=0/3
t=233416  fraction=0.50000  peak_slope=1.203e-05  t_peak=44888  comparison cadence=89775  difference=0.06500  below=0/3
t=237406  fraction=0.48500  peak_slope=1.303e-05  t_peak=47880  comparison cadence=95760  difference=0.06000  below=0/3
t=234413  fraction=0.50000  peak_slope=1.203e-05  t_peak=44888  comparison cadence=89775  difference=0.06500  below=0/3
t=238403  fraction=0.48500  peak_slope=1.303e-05  t_peak=47880  comparison cadence=95760  difference=0.06000  below=0/3
t=239401  fraction=0.48500  peak_slope=1.303e-05  t_peak=47880  comparison cadence=95760  difference=0.06000  below=0/3
t=235411  fraction=0.50000  peak_slope=1.203e-05  t_peak=44888  comparison cadence=89775  difference=0.06500  below=0/3
t=240398  fraction=0.48500  peak_slope=1.303e-05  t_peak=47880  comparison cadence=95760  difference=0.06000  below=0/3
t=236408  fraction=0.50000  peak_slope=1.203e-05  t_peak=44888  comparison cadence=89775  difference=0.06500  below=0/3
t=241396  fraction=0.48500  peak_slope=1.303e-05  t_peak=47880  comparison cadence=95760  difference=0.06000  below=0/3
t=237406  fraction=0.50000  peak_slope=1.203e-05  t_peak=44888  comparison cadence=89775  difference=0.06000  below=0/3
t=242393  fraction=0.48500  peak_slope=1.303e-05  t_peak=47880  comparison cadence=95760  difference=0.05000  below=1/3
t=238403  fraction=0.50000  peak_slope=1.203e-05  t_peak=44888  comparison cadence=89775  difference=0.06000  below=0/3
t=243391  fraction=0.48500  peak_slope=1.303e-05  t_peak=47880  comparison cadence=95760  difference=0.05000  below=2/3
t=239401  fraction=0.50000  peak_slope=1.203e-05  t_peak=44888  comparison cadence=89775  difference=0.06000  below=0/3
t=244388  fraction=0.48500  peak_slope=1.303e-05  t_peak=47880  comparison cadence=95760  difference=0.05000  below=3/3
Stopping at t=244388.3438378973
Saved 97 remaining particles to /scratch/group/p.phy260085.000//Mass_Fraction/Outputs/Ejection_Results/remaining_particles_2143305_1.csv
t=240398  fraction=0.50000  peak_slope=1.203e-05  t_peak=44888  comparison cadence=89775  difference=0.06000  below=0/3
t=241396  fraction=0.50000  peak_slope=1.203e-05  t_peak=44888  comparison cadence=89775  difference=0.06000  below=0/3
t=242393  fraction=0.50000  peak_slope=1.203e-05  t_peak=44888  comparison cadence=89775  difference=0.06000  below=0/3
t=243391  fraction=0.50000  peak_slope=1.203e-05  t_peak=44888  comparison cadence=89775  difference=0.06000  below=0/3
t=244388  fraction=0.50000  peak_slope=1.203e-05  t_peak=44888  comparison cadence=89775  difference=0.06000  below=0/3
t=245386  fraction=0.50000  peak_slope=1.203e-05  t_peak=44888  comparison cadence=89775  difference=0.05500  below=0/3
t=246383  fraction=0.50000  peak_slope=1.203e-05  t_peak=44888  comparison cadence=89775  difference=0.05500  below=0/3
t=247381  fraction=0.50000  peak_slope=1.203e-05  t_peak=44888  comparison cadence=89775  difference=0.05500  below=0/3
t=248378  fraction=0.50500  peak_slope=1.203e-05  t_peak=44888  comparison cadence=89775  difference=0.06000  below=0/3
t=249376  fraction=0.50500  peak_slope=1.203e-05  t_peak=44888  comparison cadence=89775  difference=0.06000  below=0/3
t=250373  fraction=0.50500  peak_slope=1.203e-05  t_peak=44888  comparison cadence=89775  difference=0.05500  below=0/3
t=251371  fraction=0.50500  peak_slope=1.203e-05  t_peak=44888  comparison cadence=89775  difference=0.05500  below=0/3
t=252368  fraction=0.50500  peak_slope=1.203e-05  t_peak=44888  comparison cadence=89775  difference=0.05500  below=0/3
t=253366  fraction=0.50500  peak_slope=1.203e-05  t_peak=44888  comparison cadence=89775  difference=0.05500  below=0/3
t=254363  fraction=0.50500  peak_slope=1.203e-05  t_peak=44888  comparison cadence=89775  difference=0.05500  below=0/3
t=255361  fraction=0.50500  peak_slope=1.203e-05  t_peak=44888  comparison cadence=89775  difference=0.05500  below=0/3
t=256358  fraction=0.50500  peak_slope=1.203e-05  t_peak=44888  comparison cadence=89775  difference=0.05500  below=0/3
t=257356  fraction=0.50500  peak_slope=1.203e-05  t_peak=44888  comparison cadence=89775  difference=0.05000  below=1/3
t=258353  fraction=0.50500  peak_slope=1.203e-05  t_peak=44888  comparison cadence=89775  difference=0.05000  below=2/3
t=259351  fraction=0.50500  peak_slope=1.203e-05  t_peak=44888  comparison cadence=89775  difference=0.04500  below=3/3
Stopping at t=259350.89550144202
Saved 94 remaining particles to /scratch/group/p.phy260085.000//Mass_Fraction/Outputs/Ejection_Results/remaining_particles_2143305_1.csv
