==========================================
Mass Fraction MPI Run
==========================================
Date:               Sat Sep 19 20:17:58 CDT 2026
Host:               ac003
Array job ID:       2145715
Array task ID:      3
MPI ranks:          4
CPUs per task:      1
Nodes allocated:    1
Python:             /scratch/user/u.hm357857/.conda/envs/comets/bin/python
Conda environment:  /scratch/user/u.hm357857/.conda/envs/comets
==========================================

8.028287692875745
7.5649619384706135
9.145161098531581
14.31912248724725
4.3388782786232145
1.059951565630993
2.6290785938406946
2.6016473395991273
6.286527917880048
13.613323270047967
12.260693744734406
13.112146749485312
7.795696432435437
14.62699297017491
8.131374221118342
12.756918877013515
4.734632374997291
2.1276919855448306
2.605222773050634
1.0002631611820494
5.728996798461709
12.403035249382224
12.312923740047832
8.66526214952018
12.61633752331446
6.30234163690488
12.999973630576584
9.342976507579017
9.480252478634766
10.953195083348419
8.975463946018222
7.219124792049075
14.215859762360711
9.9852995931921
5.220939518689312
14.275421181671668
10.406731016278258
11.49156485132748
12.911700549560544
8.712791164137066
7.3259120884786055
11.091795148806895
13.815862199564087
10.882202375684425
3.4994088182550556
1.2792125769634648
2.84003515448249
1.5326918820800248
11.42155380884444
12.265682927114899
12.93046042097575
13.3296179301937
3.5418884136020288
3.8480923873781507
4.332974288033286
2.9490202606725786
4.219900579660118
1.0883928690856268
2.600000732368007
3.427679115318076
9.760095764117398
14.75122969993132
11.45230232147511
5.053258237871233
5.167004725219392
12.754151124434468
12.885064532246764
9.138087380553396
4.2011551922630375
1.0174654861216559
2.127711970967851
3.1095262099579624
10.968409774594594
13.035700278477304
9.073181396158091
14.228419949890416
5.593789724501862
9.00774823628544
8.966348244935517
9.58877098534965
3.616875855332793
1.8782876663303751
1.296239069312556
3.7437941966916073
10.215357837439335
11.32944081385318
12.629188570991097
5.36957292278172
7.0122814792397445
5.856015700055744
14.318545409580672
13.245439635756842
9.470923290334191
9.72028388275628
6.907041539707893
5.899817952962032
1.673698143068088
3.1326681672473873
1.7592702927720496
1.81390181250925
3.312643244802297
3.4702093066042967
2.473233787723905
2.5419254263235493
2.2653019621930555
4.577257248742733
3.2029305093967153
2.2244112046830202
4.199201438196241
1.4288710876606148
4.212511447973654
4.297685086566485
4.724280958263531
1.9459314498669742
4.506223513438327
1.0403887830460876
14.889262242147932
6.407239430832008
8.954971350305
14.118078527584618
13.135065274510389
11.711385968521034
11.078913839934076
13.411295665587474
13.150150867422951
11.868542670411184
5.556697600116753
14.794427080553044
1.4298177191554622
2.0492680430767165
3.8733059043679736
1.3147256844531006
8.263731724483101
13.868014246588134
11.440891369987597
7.622759729405454
11.630168230087953
14.143189352594666
6.057135446235473
8.974565827584417
10.29798940499941
11.705878968459809
9.669524206112325
12.421897038043479
13.972380418405347
12.56979351648596
10.275035314997368
6.733861741413385
4.226082430583224
1.7082399742495333
2.4173511710360085
2.531615246936061
4.128917896635131
1.8380706798483724
3.355910769721134
4.725538051269789
1.1570564058324622
4.765531911356295
3.273609593212824
2.7968557797605547
13.000879625705338
10.825704243584685
12.529088804020388
7.033107835143754
2.3761031296018515
3.991435882474817
2.7326220332272735
2.1238603512725325
6.543662995989536
14.53770154211863
14.708498086624788
8.033336183083287
13.528951293269822
9.112863681174272
8.560864578415934
10.706965495466388
4.876086730758733
3.4290252875325673
1.113393974590244
2.7637550448898307
13.86843994222883
7.57156174558416
13.516511242511971
7.559733864980185
3.427002781848086
1.9003503281000018
1.4211683462169225
1.953923684596064
3.3563670884211962
3.1415853656576744
2.2855090516270486
1.8445755931015992
10.283992251734041
6.814440548732631
14.682636308371853
10.50053860453503
13.745414185525828
11.16999142565287
10.595974270513164
8.755413485527255
4.608631550104665
4.234035913219929
2.2666676171184474
3.823840869009206
2.979870910255214
2.3260412946271534
2.9862388384533562
2.5145409973108666
3.6670361886597362
4.2978069791549185
2.4523038919511393
4.633537869463184
4.942542593086052
1.3740369642478631
4.56492697334373
4.466311797067792
12.955936022979484
7.049375532067122
8.109195665742078
6.322545778555675
2.7086899174806107
4.046542800775104
4.1278927325852415
3.2532309681166627
11.193457109202171
8.42990428519868
8.126079435909741
10.787809952037854
7.88844219469206
7.952049380378499
11.768357274388276
7.199941230653794
1.2186431904583
3.0668652499128575
2.617973751891474
3.2988063601585296
1.5837186516814126
3.658479009401637
1.4326567823627698
2.2283212101946783
10.223919854802642
8.572684829762768
13.30733037965725
10.069653776714818
11.184695440920635
13.053543923143007
10.546422021169573
8.863465359376477
10.707071644141829
12.019036597533013
9.448817583640452
12.026941570903247
5.02884517647506
10.352665605583873
13.24160510027755
8.200100570672305
2.199552570834046
4.742502142278213
2.4811347108162725
4.378274601159015
14.687762573849094
14.29055755468456
12.771611276850457
6.649971395595725
13.209452123718586
14.115112815989113
14.215068941357059
11.688382719883139
1.7374081705981337
3.1674915912208608
4.54812637103362
2.7711173027538063
12.148448239342693
11.819295136585202
13.850102893263628
12.092923612294054
3.9783920492490408
3.937600930273482
4.865890290247053
4.60670544142714
10.71866396456217
6.400286955960325
13.492823699917846
14.905683174930044
2.648464653773505
1.137937471360809
3.2268742587973933
2.47188370357513
6.86233785954253
14.622923290458058
10.889644705073726
8.246349118527732
13.550299273061578
7.549382096453358
6.084554574981622
6.05082777539795
6.806695934293025
10.585283336083018
6.937559936661931
10.746047302655768
7.641294406140034
6.716750913614838
6.138513294586133
9.780777432283191
14.98034731137033
5.945682428871603
5.5074502454314285
10.572572620753906
8.21028373193525
5.379474905096887
7.117070235451866
13.678127969400627
11.689819958840816
11.416818749328572
5.267820197407506
7.654484752342815
12.864187125437663
9.60516624395428
12.543164910093697
5.856052813841201
12.212606933707214
10.533409258429552
14.536151587661225
14.7899399215296
7.733800681822239
8.423794670985036
8.523201478577619
13.52370846239703
1.2589294469019952
3.5469887864835927
3.0387137977881538
4.049208456287613
5.9239376517546285
12.73704374050789
8.144040108670602
14.580903151106961
3.654287160932445
3.0644496482270243
1.5916470110687002
4.768948010968046
3.771733238694215
4.081441645418089
1.6773731650090973
1.5852744428199474
11.551166077660483
8.559640511715747
9.341921564846261
10.593879970389597
4.150298602456826
4.741501485636057
2.382237140648934
3.8346014114629843
1.1770755185124528
1.8564372499742632
4.8364565751258715
4.061954556123693
11.69442378686363
7.595062735246341
12.384675045402513
9.122277940000624
10.978566349882573
12.49817266381547
11.897968102910777
11.432827336411034
2.7940249348254738
3.5515221628316365
4.614172017651859
2.513800654489614
2.0107423606615398
3.082621042832846
2.999851159022837
1.7126655790597907
8.001963739442207
6.547014844146538
9.50135429629948
10.98243757563322
13.69188271466728
7.3531800088405515
7.46443060932304
10.860944428587144
3.9162361444945235
3.2904880563308354
4.1504550974960175
4.6941337764772975
6.162071117799245
10.200315677652918
9.339721339307347
12.979279777642637
2.690792296303398
1.3500330507500742
1.7095294167560997
4.355961787664953
4.3847073335158715
1.653934590028176
3.670893335606859
3.578749939895614
5.957047715921532
14.974697494926
7.796124253432546
13.197478493357952
9.970258968994791
7.5697148445443565
7.549086387498438
13.447193825447531
1.6185915676093843
4.206366390191423
3.7883034743842807
3.4490419444619604
2.4661282184032367
3.38352915121069
2.3228561753493255
1.1578875853360548
4.919507716685889
3.0629644906021913
3.064570249212358
1.7346612089483129
1.1554401420806752
3.9035476922763896
1.4699144281702559
9.905516892153528
2.629854556254131
6.006806225329203
8.180975399261635
3.240394630341661
12.042468001250104
4.421967021102763
2.791442477379837
2.903316082663312
1.5507808649271726
3.056983983206023
1.8654803250389542
1.5131005218717553
3.21541885965757
1.9559290509661245
4.792103779955514
4.664779539349539
3.473849002166128
2.664278894389218
4.239545585259515
3.8188733593327386
4.660193459659556
2.8741502307923694
4.5903610241058175
4.230885845330855
3.907683648617401
3.7736272495241483
3.449819287715365
9.134881951164772
1.1961513304392648
6.692830958476245
5.685373837836921
3.4600714589058605
12.639855045602342
4.769871312563589
2.258074096969615
8.191150414727511
4.992247193098434
8.116067481588251
10.11467350465161
4.114384839705215
13.848688726920784
1.9573566551297166
1.6777596712699476
2.3953982755612317
2.2293435162565745
1.0540538277644091
1.7813256569649365
11.950029972478452
2.2328009220174714
13.994803902643765
10.319249506126324
7.78103840812761
14.888758960571401
13.602296145683004
8.72695381745613
7.399618205196614
9.091860375431562
10.140059924415276
10.902887509216054
11.464117105854674
9.486617144937663
7.616982893761702
14.256239072131848
2.4618522718321683
5.149291675438398
1.3473140253423805
3.202497805212508
11.592121792228276
2.2121939866231877
6.319894955215798
9.568616616387732
13.962916206213444
11.569518553293825
5.41629969749247
6.529720926007632
11.924167294815149
13.036586649903255
7.912195628477071
10.034995886566382
3.9147232264785816
11.896874654863037
2.3594590556701442
2.9933280298303586
6.967562584396127
2.5892632176409256
11.191496219331665
5.732470892323684
3.7027742685915483
8.497098450634464
2.1833660050971195
1.4303155574243238
12.839658629056045
2.8468016673611927
9.377082702185309
9.563656301838801
2.664010858765967
14.732221577120567
2.503059859206144
4.321802682633721
10.403280571173767
2.9337276497654075
6.2453833328464015
6.197061551976732
2.0055432031553524
14.047553060597194
1.8361264685139251
3.7894982600966465
1.7788638548873879
2.170560843353695
4.1412731605906075
3.666089045038795
11.679127202326338
3.3683098922515504
14.002482570402556
12.654834855082052
1.3571740301117954
14.943379231039687
3.1482697958242962
3.3377344041956305
11.400958348468947
4.665280620870742
5.700141064102176
10.666116382876965
6.602013316256268
7.525008401095886
9.129455354587348
10.905435724984367
4.075935068710663
12.783693639480015
2.3959263914695224
3.083125558746104
1.4530772585199179
3.3727502782846317
2.229109849429479
1.9002522908673485
2.995069544865442
2.8394821201619953
4.638748002069296
3.7596475458284124
5.9104360276560595
3.541386957699672
9.888866180063816
7.231939595451698
10.956644119597858
11.08027560256831
11.701255333755313
13.510733288092219
5.823430221464504
11.345825231823088
14.464728588644729
6.674668064835201
9.767506228883173
10.328642196110081
9.834513740521324
5.532017889749615
1.859457126633849
8.371024908632336
2.0779175174550173
4.382640606382282
4.2338555015904875
1.6600697685645436
2.2833484634924983
1.2630106447120464
5.002773970729555
4.206808500211613
10.216300565642014
10.64298582922737
1.0189436931306557
10.75874543157251
4.361244576761095
2.5654191777289848
4.173667480008776
2.710937944136883
2.1761024033760337
2.735837517009733
11.358057473735723
1.3007425149827694
14.462516666372633
8.329334564057294
1.0372076892782984
14.703908006822092
2.4825226459736367
3.0758339037411297
13.416127613504766
4.1377847690046705
5.458852120204204
9.034448274055396
10.485411523231365
9.84809284293028
12.541272642837862
12.98803351596001
2.7190484703806472
7.580161353503964
2.7809959366007133
2.0087987963998093
10.331418317987898
3.212329034998585
13.505900411737166
9.351069579609215
12.861316977378497
10.937900653086924
6.569250943978032
7.977267409040836
9.155916222221375
8.237818120129916
11.1581432400962
7.705027881524708
7.409034776787776
5.942572826501266
10.085317186000768
8.730380699725801
1.9380225832048508
12.528016621003184
4.087750818545605
4.702200851489641
10.48442659992508
1.6056848398681334
10.88380801115128
8.035754057263429
14.728750022724464
8.920658027882142
10.142480448114696
12.321232247169043
14.79879788722615
6.205901161212886
13.762423801234988
13.25268161383181
2.0097774195239895
8.872422313590231
2.795554304106148
2.791357229608189
11.320728794849463
1.7783494563675188
13.201338485984875
8.219631948169429
2.241651035362881
13.860742854285798
1.8059746744175933
2.749515362048599
13.889865080841036
4.037434935876568
8.225212314399153
9.873678062819344
1.4025916207604667
14.76021608333465
4.766907081153279
4.459200418262384
5.819134804827099
4.087094804857184
7.512514134539405
8.188264082411319
5.4179646288777015
9.02865687814
14.054472759114825
11.372399560083972
13.402439270209749
8.927039221536583
13.363086862581344
10.064934911329097
3.074108272219603
14.528314992991124
4.193296508463455
2.3334580477315416
7.826416205549997
3.6178069735952185
5.6737323447346
8.547968573766026
13.924477920638887
5.029455842253152
9.617258507557338
8.701900000112515
13.578117008484158
10.780139539706369
12.634284156064126
11.290354089555237
4.706086510194455
9.52329973390529
3.2713682112851625
1.7530968247680345
4.137902910930961
4.356918525088923
3.4958970865425547
3.236816343890028
3.544951726550034
3.468592705384636
3.795613224869905
2.115052211749826
13.6795090126261
3.448874465203608
9.51196922692046
12.838665459589905
6.400795529309125
3.599943675310609
3.5961773582507393
1.7043772569757385
2.470392029833254
4.4616762975527
2.368751393015962
2.4295662114087335
2.699081754125557
3.983517667634602
2.5757056659694886
4.761838873077792
4.198592579156614
3.8953562085517976
2.993023205136462
3.5259696068038897
4.366402970487947
6.632483855451266
8.594837413351723
13.69648743307666
10.855588731741044
12.62236754992415
5.211821126751514
10.235974981449747
10.00575358221085
13.289096742125981
11.524589184570493
8.94045690205965
11.201447252277585
2.9685458794991604
3.6057476917503224
3.935042497229617
4.978756484942215
2.749891198996157
4.548299042362021
2.783385698809541
4.26915148763417
12.724342063299268
12.062625580122774
10.38174932162127
8.404209039782998
1.479031797153426
2.3065262026552724
3.3487314527013545
2.7899079691105357
1.7680710385363474
2.967916270067706
4.002437353777246
4.746182132341361
1.0237622256555148
3.7377169286580783
3.3124589121714654
3.221703739550453
4.112656803217735
2.582740742364715
3.3209684502239467
1.9113688985288126
2.6267595302574334
4.41253947228375
1.5249655355424085
3.1583237407979463
1.4129596837448197
4.910218637684503
1.0218110159253975
4.673802963808578
8.360374375646325
11.135561051144492
13.812935365987432
13.354177997569224
8.173527500243097
9.92418566069535
8.828486242611572
6.726689388464797
14.846541526094612
12.78517770154155
14.581814340815493
12.194413274946001
1.2029025078728846
2.5445035136680016
3.6819047726241534
2.855524062140965
11.392471017490285
5.460553240628156
12.299246716901267
9.20543421452522
14.702362062377663
9.407902126757739
10.224641019366041
10.938895736427359
Running 200 simulations with 1 MPI ranks
Rank 0: 200 simulations
Running 200 simulations with 1 MPI ranks
Rank 0: 200 simulations
Running 200 simulations with 1 MPI ranks
Rank 0: 200 simulations
Running 200 simulations with 1 MPI ranks
Rank 0: 200 simulations
t=625705  fraction=0.12500  peak_slope=4.475e-07  t_peak=312853  comparison cadence=625705  difference=0.12500  below=0/3
t=636879  fraction=0.12500  peak_slope=4.475e-07  t_peak=312853  comparison cadence=625705  difference=0.12500  below=0/3
t=648052  fraction=0.12500  peak_slope=4.475e-07  t_peak=312853  comparison cadence=625705  difference=0.12500  below=0/3
t=849171  fraction=0.12500  peak_slope=5.370e-07  t_peak=424586  comparison cadence=849171  difference=0.12500  below=0/3
t=860345  fraction=0.12500  peak_slope=5.370e-07  t_peak=424586  comparison cadence=849171  difference=0.12500  below=0/3
t=871518  fraction=0.12500  peak_slope=5.370e-07  t_peak=424586  comparison cadence=849171  difference=0.12500  below=0/3
t=882691  fraction=0.13500  peak_slope=5.370e-07  t_peak=424586  comparison cadence=849171  difference=0.13500  below=0/3
t=893865  fraction=0.13500  peak_slope=5.370e-07  t_peak=424586  comparison cadence=849171  difference=0.13500  below=0/3
t=905038  fraction=0.14000  peak_slope=5.370e-07  t_peak=424586  comparison cadence=849171  difference=0.14000  below=0/3
t=916211  fraction=0.14000  peak_slope=5.370e-07  t_peak=424586  comparison cadence=849171  difference=0.14000  below=0/3
t=927385  fraction=0.14500  peak_slope=5.370e-07  t_peak=424586  comparison cadence=849171  difference=0.14500  below=0/3
t=938558  fraction=0.16500  peak_slope=5.370e-07  t_peak=469279  comparison cadence=938558  difference=0.16500  below=0/3
t=938558  fraction=0.15000  peak_slope=5.370e-07  t_peak=424586  comparison cadence=849171  difference=0.15000  below=0/3
t=949731  fraction=0.16500  peak_slope=5.370e-07  t_peak=469279  comparison cadence=938558  difference=0.16500  below=0/3
t=949731  fraction=0.15000  peak_slope=5.370e-07  t_peak=424586  comparison cadence=849171  difference=0.15000  below=0/3
t=960905  fraction=0.16500  peak_slope=5.370e-07  t_peak=469279  comparison cadence=938558  difference=0.16500  below=0/3
t=960905  fraction=0.15000  peak_slope=5.370e-07  t_peak=424586  comparison cadence=849171  difference=0.15000  below=0/3
t=972078  fraction=0.17000  peak_slope=5.370e-07  t_peak=469279  comparison cadence=938558  difference=0.17000  below=0/3
t=972078  fraction=0.15000  peak_slope=5.370e-07  t_peak=424586  comparison cadence=849171  difference=0.15000  below=0/3
t=983251  fraction=0.17000  peak_slope=5.370e-07  t_peak=469279  comparison cadence=938558  difference=0.17000  below=0/3
t=983251  fraction=0.15000  peak_slope=5.370e-07  t_peak=424586  comparison cadence=849171  difference=0.15000  below=0/3
t=994424  fraction=0.17500  peak_slope=5.370e-07  t_peak=469279  comparison cadence=938558  difference=0.17500  below=0/3
t=994424  fraction=0.15500  peak_slope=5.370e-07  t_peak=424586  comparison cadence=849171  difference=0.15500  below=0/3
t=1005598  fraction=0.17500  peak_slope=5.370e-07  t_peak=469279  comparison cadence=938558  difference=0.17500  below=0/3
t=1005598  fraction=0.15500  peak_slope=5.370e-07  t_peak=424586  comparison cadence=849171  difference=0.15500  below=0/3
t=1016771  fraction=0.17500  peak_slope=5.370e-07  t_peak=469279  comparison cadence=938558  difference=0.17500  below=0/3
t=1016771  fraction=0.15500  peak_slope=5.370e-07  t_peak=424586  comparison cadence=849171  difference=0.15500  below=0/3
t=1027944  fraction=0.17500  peak_slope=5.370e-07  t_peak=469279  comparison cadence=938558  difference=0.17500  below=0/3
t=1027944  fraction=0.15500  peak_slope=5.370e-07  t_peak=424586  comparison cadence=849171  difference=0.15500  below=0/3
t=1039118  fraction=0.17500  peak_slope=5.370e-07  t_peak=469279  comparison cadence=938558  difference=0.17500  below=0/3
t=1039118  fraction=0.15500  peak_slope=5.370e-07  t_peak=424586  comparison cadence=849171  difference=0.15500  below=0/3
t=1050291  fraction=0.17500  peak_slope=5.370e-07  t_peak=469279  comparison cadence=938558  difference=0.17500  below=0/3
t=1050291  fraction=0.15500  peak_slope=5.370e-07  t_peak=424586  comparison cadence=849171  difference=0.15500  below=0/3
t=1061464  fraction=0.17500  peak_slope=5.370e-07  t_peak=469279  comparison cadence=938558  difference=0.17500  below=0/3
t=1061464  fraction=0.15500  peak_slope=5.370e-07  t_peak=424586  comparison cadence=849171  difference=0.15500  below=0/3
t=1072638  fraction=0.17500  peak_slope=5.370e-07  t_peak=469279  comparison cadence=938558  difference=0.17500  below=0/3
t=1072638  fraction=0.15500  peak_slope=5.370e-07  t_peak=424586  comparison cadence=849171  difference=0.15500  below=0/3
t=1083811  fraction=0.17500  peak_slope=5.370e-07  t_peak=469279  comparison cadence=938558  difference=0.17500  below=0/3
t=1083811  fraction=0.15500  peak_slope=5.370e-07  t_peak=424586  comparison cadence=849171  difference=0.15500  below=0/3
t=1094984  fraction=0.17500  peak_slope=5.370e-07  t_peak=469279  comparison cadence=938558  difference=0.17500  below=0/3
t=1094984  fraction=0.16000  peak_slope=5.370e-07  t_peak=424586  comparison cadence=849171  difference=0.16000  below=0/3
t=1106158  fraction=0.17500  peak_slope=5.370e-07  t_peak=469279  comparison cadence=938558  difference=0.17500  below=0/3
t=1106158  fraction=0.16000  peak_slope=5.370e-07  t_peak=424586  comparison cadence=849171  difference=0.16000  below=0/3
t=1117331  fraction=0.17500  peak_slope=5.370e-07  t_peak=469279  comparison cadence=938558  difference=0.17500  below=0/3
t=1117331  fraction=0.16000  peak_slope=5.370e-07  t_peak=424586  comparison cadence=849171  difference=0.16000  below=0/3
t=1128504  fraction=0.17500  peak_slope=5.370e-07  t_peak=469279  comparison cadence=938558  difference=0.17000  below=0/3
t=1128504  fraction=0.16000  peak_slope=5.370e-07  t_peak=424586  comparison cadence=849171  difference=0.15500  below=0/3
t=1139678  fraction=0.17500  peak_slope=5.370e-07  t_peak=469279  comparison cadence=938558  difference=0.17000  below=0/3
t=1139678  fraction=0.16000  peak_slope=5.370e-07  t_peak=424586  comparison cadence=849171  difference=0.15500  below=0/3
t=1150851  fraction=0.17500  peak_slope=5.370e-07  t_peak=469279  comparison cadence=938558  difference=0.17000  below=0/3
t=1150851  fraction=0.16000  peak_slope=5.370e-07  t_peak=424586  comparison cadence=849171  difference=0.15000  below=0/3
t=1162024  fraction=0.17500  peak_slope=5.370e-07  t_peak=469279  comparison cadence=938558  difference=0.17000  below=0/3
t=1162024  fraction=0.16000  peak_slope=5.370e-07  t_peak=424586  comparison cadence=849171  difference=0.14500  below=0/3
t=1173197  fraction=0.17500  peak_slope=5.370e-07  t_peak=469279  comparison cadence=938558  difference=0.17000  below=0/3
t=1173197  fraction=0.16000  peak_slope=5.370e-07  t_peak=424586  comparison cadence=849171  difference=0.14000  below=0/3
t=1184371  fraction=0.17500  peak_slope=5.370e-07  t_peak=469279  comparison cadence=938558  difference=0.17000  below=0/3
t=1184371  fraction=0.16000  peak_slope=5.370e-07  t_peak=424586  comparison cadence=849171  difference=0.13000  below=0/3
t=1195544  fraction=0.17500  peak_slope=5.370e-07  t_peak=469279  comparison cadence=938558  difference=0.17000  below=0/3
t=1195544  fraction=0.16000  peak_slope=5.370e-07  t_peak=424586  comparison cadence=849171  difference=0.13000  below=0/3
t=1206717  fraction=0.17500  peak_slope=5.370e-07  t_peak=469279  comparison cadence=938558  difference=0.17000  below=0/3
t=1206717  fraction=0.16000  peak_slope=5.370e-07  t_peak=424586  comparison cadence=849171  difference=0.12500  below=0/3
t=1217891  fraction=0.17500  peak_slope=5.370e-07  t_peak=469279  comparison cadence=938558  difference=0.17000  below=0/3
t=1217891  fraction=0.16000  peak_slope=5.370e-07  t_peak=424586  comparison cadence=849171  difference=0.12500  below=0/3
t=1229064  fraction=0.17500  peak_slope=5.370e-07  t_peak=469279  comparison cadence=938558  difference=0.16000  below=0/3
t=1229064  fraction=0.16000  peak_slope=5.370e-07  t_peak=424586  comparison cadence=849171  difference=0.12000  below=0/3
t=1240237  fraction=0.17500  peak_slope=5.370e-07  t_peak=469279  comparison cadence=938558  difference=0.15000  below=0/3
t=1240237  fraction=0.16000  peak_slope=5.370e-07  t_peak=424586  comparison cadence=849171  difference=0.11000  below=0/3
t=1318450  fraction=0.19500  peak_slope=5.370e-07  t_peak=659225  comparison cadence=1318450  difference=0.19500  below=0/3
t=1251411  fraction=0.18000  peak_slope=5.370e-07  t_peak=469279  comparison cadence=938558  difference=0.15500  below=0/3
t=1251411  fraction=0.16000  peak_slope=5.370e-07  t_peak=424586  comparison cadence=849171  difference=0.11000  below=0/3
t=1329624  fraction=0.19500  peak_slope=5.370e-07  t_peak=659225  comparison cadence=1318450  difference=0.19500  below=0/3
t=1262584  fraction=0.18000  peak_slope=5.370e-07  t_peak=469279  comparison cadence=938558  difference=0.15500  below=0/3
t=1262584  fraction=0.16000  peak_slope=5.370e-07  t_peak=424586  comparison cadence=849171  difference=0.10000  below=0/3
t=1340797  fraction=0.20000  peak_slope=5.370e-07  t_peak=659225  comparison cadence=1318450  difference=0.20000  below=0/3
t=1273757  fraction=0.18500  peak_slope=5.370e-07  t_peak=469279  comparison cadence=938558  difference=0.15000  below=0/3
t=1273757  fraction=0.16000  peak_slope=5.370e-07  t_peak=424586  comparison cadence=849171  difference=0.09500  below=0/3
t=1351970  fraction=0.20000  peak_slope=5.370e-07  t_peak=659225  comparison cadence=1318450  difference=0.20000  below=0/3
t=1284931  fraction=0.18500  peak_slope=5.370e-07  t_peak=469279  comparison cadence=938558  difference=0.14000  below=0/3
t=1284931  fraction=0.16000  peak_slope=5.370e-07  t_peak=424586  comparison cadence=849171  difference=0.09500  below=0/3
t=1363144  fraction=0.20000  peak_slope=5.370e-07  t_peak=659225  comparison cadence=1318450  difference=0.20000  below=0/3
t=1296104  fraction=0.18500  peak_slope=5.370e-07  t_peak=469279  comparison cadence=938558  difference=0.13500  below=0/3
t=1296104  fraction=0.16000  peak_slope=5.370e-07  t_peak=424586  comparison cadence=849171  difference=0.09000  below=0/3
t=1374317  fraction=0.20000  peak_slope=5.370e-07  t_peak=659225  comparison cadence=1318450  difference=0.20000  below=0/3
t=1307277  fraction=0.18500  peak_slope=5.370e-07  t_peak=469279  comparison cadence=938558  difference=0.13500  below=0/3
t=1307277  fraction=0.16000  peak_slope=5.370e-07  t_peak=424586  comparison cadence=849171  difference=0.09000  below=0/3
t=1385490  fraction=0.20000  peak_slope=5.370e-07  t_peak=659225  comparison cadence=1318450  difference=0.20000  below=0/3
t=1139678  fraction=0.17500  peak_slope=5.370e-07  t_peak=569839  comparison cadence=1139678  difference=0.17500  below=0/3
t=1318450  fraction=0.19000  peak_slope=5.370e-07  t_peak=469279  comparison cadence=938558  difference=0.14000  below=0/3
t=1396664  fraction=0.20000  peak_slope=5.370e-07  t_peak=659225  comparison cadence=1318450  difference=0.20000  below=0/3
t=1318450  fraction=0.16000  peak_slope=5.370e-07  t_peak=424586  comparison cadence=849171  difference=0.08000  below=0/3
t=1150851  fraction=0.18000  peak_slope=5.370e-07  t_peak=569839  comparison cadence=1139678  difference=0.18000  below=0/3
t=1329624  fraction=0.19500  peak_slope=5.370e-07  t_peak=469279  comparison cadence=938558  difference=0.14000  below=0/3
t=1407837  fraction=0.20000  peak_slope=5.370e-07  t_peak=659225  comparison cadence=1318450  difference=0.20000  below=0/3
t=1329624  fraction=0.16000  peak_slope=5.370e-07  t_peak=424586  comparison cadence=849171  difference=0.08000  below=0/3
t=1340797  fraction=0.19500  peak_slope=5.370e-07  t_peak=469279  comparison cadence=938558  difference=0.14000  below=0/3
t=1162024  fraction=0.18000  peak_slope=5.370e-07  t_peak=569839  comparison cadence=1139678  difference=0.18000  below=0/3
t=1419010  fraction=0.20000  peak_slope=5.370e-07  t_peak=659225  comparison cadence=1318450  difference=0.20000  below=0/3
t=1340797  fraction=0.16000  peak_slope=5.370e-07  t_peak=424586  comparison cadence=849171  difference=0.07500  below=0/3
t=1351970  fraction=0.20000  peak_slope=5.370e-07  t_peak=469279  comparison cadence=938558  difference=0.14500  below=0/3
t=1430184  fraction=0.20500  peak_slope=5.370e-07  t_peak=659225  comparison cadence=1318450  difference=0.20500  below=0/3
t=1173197  fraction=0.18000  peak_slope=5.370e-07  t_peak=569839  comparison cadence=1139678  difference=0.18000  below=0/3
t=1351970  fraction=0.16000  peak_slope=5.370e-07  t_peak=424586  comparison cadence=849171  difference=0.06500  below=0/3
t=1363144  fraction=0.20000  peak_slope=5.370e-07  t_peak=469279  comparison cadence=938558  difference=0.14000  below=0/3
t=1441357  fraction=0.20500  peak_slope=5.370e-07  t_peak=659225  comparison cadence=1318450  difference=0.20500  below=0/3
t=1184371  fraction=0.18000  peak_slope=5.370e-07  t_peak=569839  comparison cadence=1139678  difference=0.18000  below=0/3
t=1363144  fraction=0.16000  peak_slope=5.370e-07  t_peak=424586  comparison cadence=849171  difference=0.06500  below=0/3
t=1374317  fraction=0.20000  peak_slope=5.370e-07  t_peak=469279  comparison cadence=938558  difference=0.13000  below=0/3
t=1452530  fraction=0.20500  peak_slope=5.370e-07  t_peak=659225  comparison cadence=1318450  difference=0.20500  below=0/3
t=1374317  fraction=0.16000  peak_slope=5.370e-07  t_peak=424586  comparison cadence=849171  difference=0.06500  below=0/3
t=1195544  fraction=0.18000  peak_slope=5.370e-07  t_peak=569839  comparison cadence=1139678  difference=0.18000  below=0/3
t=1385490  fraction=0.20000  peak_slope=5.370e-07  t_peak=469279  comparison cadence=938558  difference=0.12000  below=0/3
t=1463703  fraction=0.21000  peak_slope=5.370e-07  t_peak=659225  comparison cadence=1318450  difference=0.21000  below=0/3
t=1385490  fraction=0.16000  peak_slope=5.370e-07  t_peak=424586  comparison cadence=849171  difference=0.06500  below=0/3
t=1206717  fraction=0.18000  peak_slope=5.370e-07  t_peak=569839  comparison cadence=1139678  difference=0.18000  below=0/3
t=1396664  fraction=0.20000  peak_slope=5.370e-07  t_peak=469279  comparison cadence=938558  difference=0.12000  below=0/3
t=1474877  fraction=0.21000  peak_slope=5.370e-07  t_peak=659225  comparison cadence=1318450  difference=0.21000  below=0/3
t=1396664  fraction=0.16500  peak_slope=5.370e-07  t_peak=424586  comparison cadence=849171  difference=0.07000  below=0/3
t=1217891  fraction=0.18000  peak_slope=5.370e-07  t_peak=569839  comparison cadence=1139678  difference=0.18000  below=0/3
t=1407837  fraction=0.20000  peak_slope=5.370e-07  t_peak=469279  comparison cadence=938558  difference=0.11500  below=0/3
t=1486050  fraction=0.21000  peak_slope=5.370e-07  t_peak=659225  comparison cadence=1318450  difference=0.21000  below=0/3
t=1407837  fraction=0.16500  peak_slope=5.370e-07  t_peak=424586  comparison cadence=849171  difference=0.07000  below=0/3
t=1419010  fraction=0.20000  peak_slope=5.370e-07  t_peak=469279  comparison cadence=938558  difference=0.11000  below=0/3
t=1497223  fraction=0.21000  peak_slope=5.370e-07  t_peak=659225  comparison cadence=1318450  difference=0.21000  below=0/3
t=1229064  fraction=0.18500  peak_slope=5.370e-07  t_peak=569839  comparison cadence=1139678  difference=0.18500  below=0/3
t=1419010  fraction=0.16500  peak_slope=5.370e-07  t_peak=424586  comparison cadence=849171  difference=0.07000  below=0/3
t=1508397  fraction=0.21000  peak_slope=5.370e-07  t_peak=659225  comparison cadence=1318450  difference=0.21000  below=0/3
t=1430184  fraction=0.20000  peak_slope=5.370e-07  t_peak=469279  comparison cadence=938558  difference=0.11000  below=0/3
t=1240237  fraction=0.18500  peak_slope=5.370e-07  t_peak=569839  comparison cadence=1139678  difference=0.18500  below=0/3
t=1430184  fraction=0.16500  peak_slope=5.370e-07  t_peak=424586  comparison cadence=849171  difference=0.06500  below=0/3
t=1519570  fraction=0.21000  peak_slope=5.370e-07  t_peak=659225  comparison cadence=1318450  difference=0.21000  below=0/3
t=1441357  fraction=0.20000  peak_slope=5.370e-07  t_peak=469279  comparison cadence=938558  difference=0.11000  below=0/3
t=1251411  fraction=0.18500  peak_slope=5.370e-07  t_peak=569839  comparison cadence=1139678  difference=0.18500  below=0/3
t=1441357  fraction=0.17000  peak_slope=5.370e-07  t_peak=424586  comparison cadence=849171  difference=0.07000  below=0/3
t=1530743  fraction=0.21000  peak_slope=5.370e-07  t_peak=659225  comparison cadence=1318450  difference=0.21000  below=0/3
t=1452530  fraction=0.20000  peak_slope=5.370e-07  t_peak=469279  comparison cadence=938558  difference=0.11000  below=0/3
t=1262584  fraction=0.18500  peak_slope=5.370e-07  t_peak=569839  comparison cadence=1139678  difference=0.18500  below=0/3
t=1452530  fraction=0.17000  peak_slope=5.370e-07  t_peak=424586  comparison cadence=849171  difference=0.07000  below=0/3
t=1541917  fraction=0.21000  peak_slope=5.370e-07  t_peak=659225  comparison cadence=1318450  difference=0.21000  below=0/3
t=1463703  fraction=0.20000  peak_slope=5.370e-07  t_peak=469279  comparison cadence=938558  difference=0.11000  below=0/3
t=1463703  fraction=0.17000  peak_slope=5.370e-07  t_peak=424586  comparison cadence=849171  difference=0.06500  below=0/3
t=1273757  fraction=0.19000  peak_slope=5.370e-07  t_peak=569839  comparison cadence=1139678  difference=0.19000  below=0/3
t=1553090  fraction=0.21000  peak_slope=5.370e-07  t_peak=659225  comparison cadence=1318450  difference=0.20500  below=0/3
t=1474877  fraction=0.20000  peak_slope=5.370e-07  t_peak=469279  comparison cadence=938558  difference=0.10000  below=0/3
t=1474877  fraction=0.17000  peak_slope=5.370e-07  t_peak=424586  comparison cadence=849171  difference=0.06500  below=0/3
t=1564263  fraction=0.21000  peak_slope=5.370e-07  t_peak=659225  comparison cadence=1318450  difference=0.20500  below=0/3
t=1284931  fraction=0.19000  peak_slope=5.370e-07  t_peak=569839  comparison cadence=1139678  difference=0.19000  below=0/3
t=1486050  fraction=0.20000  peak_slope=5.370e-07  t_peak=469279  comparison cadence=938558  difference=0.10000  below=0/3
t=1575437  fraction=0.21000  peak_slope=5.370e-07  t_peak=659225  comparison cadence=1318450  difference=0.20000  below=0/3
t=1486050  fraction=0.17000  peak_slope=5.370e-07  t_peak=424586  comparison cadence=849171  difference=0.06500  below=0/3
t=1497223  fraction=0.20000  peak_slope=5.370e-07  t_peak=469279  comparison cadence=938558  difference=0.09500  below=0/3
t=1296104  fraction=0.19500  peak_slope=5.370e-07  t_peak=569839  comparison cadence=1139678  difference=0.19500  below=0/3
t=1586610  fraction=0.21000  peak_slope=5.370e-07  t_peak=659225  comparison cadence=1318450  difference=0.19500  below=0/3
t=1497223  fraction=0.17000  peak_slope=5.370e-07  t_peak=424586  comparison cadence=849171  difference=0.06000  below=0/3
t=1508397  fraction=0.20000  peak_slope=5.370e-07  t_peak=469279  comparison cadence=938558  difference=0.09000  below=0/3
t=1307277  fraction=0.19500  peak_slope=5.370e-07  t_peak=569839  comparison cadence=1139678  difference=0.19500  below=0/3
t=1597783  fraction=0.21000  peak_slope=5.370e-07  t_peak=659225  comparison cadence=1318450  difference=0.19500  below=0/3
t=1508397  fraction=0.17000  peak_slope=5.370e-07  t_peak=424586  comparison cadence=849171  difference=0.06000  below=0/3
t=1519570  fraction=0.20000  peak_slope=5.370e-07  t_peak=469279  comparison cadence=938558  difference=0.08000  below=0/3
t=1318450  fraction=0.19500  peak_slope=5.370e-07  t_peak=569839  comparison cadence=1139678  difference=0.19500  below=0/3
t=1608956  fraction=0.21000  peak_slope=5.370e-07  t_peak=659225  comparison cadence=1318450  difference=0.19000  below=0/3
t=1519570  fraction=0.17000  peak_slope=5.370e-07  t_peak=424586  comparison cadence=849171  difference=0.05500  below=0/3
t=1530743  fraction=0.20000  peak_slope=5.370e-07  t_peak=469279  comparison cadence=938558  difference=0.07500  below=0/3
t=1620130  fraction=0.21000  peak_slope=5.370e-07  t_peak=659225  comparison cadence=1318450  difference=0.18000  below=0/3
t=1329624  fraction=0.19500  peak_slope=5.370e-07  t_peak=569839  comparison cadence=1139678  difference=0.19500  below=0/3
t=1530743  fraction=0.17000  peak_slope=5.370e-07  t_peak=424586  comparison cadence=849171  difference=0.05500  below=0/3
t=1541917  fraction=0.20000  peak_slope=5.370e-07  t_peak=469279  comparison cadence=938558  difference=0.07500  below=0/3
t=1631303  fraction=0.21000  peak_slope=5.370e-07  t_peak=659225  comparison cadence=1318450  difference=0.17500  below=0/3
t=1340797  fraction=0.19500  peak_slope=5.370e-07  t_peak=569839  comparison cadence=1139678  difference=0.19500  below=0/3
t=1541917  fraction=0.17000  peak_slope=5.370e-07  t_peak=424586  comparison cadence=849171  difference=0.05500  below=0/3
t=1553090  fraction=0.20000  peak_slope=5.370e-07  t_peak=469279  comparison cadence=938558  difference=0.07000  below=0/3
t=1642476  fraction=0.21000  peak_slope=5.370e-07  t_peak=659225  comparison cadence=1318450  difference=0.17500  below=0/3
t=1553090  fraction=0.17000  peak_slope=5.370e-07  t_peak=424586  comparison cadence=849171  difference=0.05500  below=0/3
t=1351970  fraction=0.19500  peak_slope=5.370e-07  t_peak=569839  comparison cadence=1139678  difference=0.19500  below=0/3
t=1564263  fraction=0.20000  peak_slope=5.370e-07  t_peak=469279  comparison cadence=938558  difference=0.07000  below=0/3
t=1653650  fraction=0.21000  peak_slope=5.370e-07  t_peak=659225  comparison cadence=1318450  difference=0.17500  below=0/3
t=1564263  fraction=0.17000  peak_slope=5.370e-07  t_peak=424586  comparison cadence=849171  difference=0.05500  below=0/3
t=1575437  fraction=0.20000  peak_slope=5.370e-07  t_peak=469279  comparison cadence=938558  difference=0.07000  below=0/3
t=1363144  fraction=0.19500  peak_slope=5.370e-07  t_peak=569839  comparison cadence=1139678  difference=0.19000  below=0/3
t=1664823  fraction=0.21000  peak_slope=5.370e-07  t_peak=659225  comparison cadence=1318450  difference=0.17500  below=0/3
t=1575437  fraction=0.17000  peak_slope=5.370e-07  t_peak=424586  comparison cadence=849171  difference=0.05500  below=0/3
t=1586610  fraction=0.20000  peak_slope=5.370e-07  t_peak=469279  comparison cadence=938558  difference=0.07000  below=0/3
t=1374317  fraction=0.19500  peak_slope=5.370e-07  t_peak=569839  comparison cadence=1139678  difference=0.18500  below=0/3
t=1675996  fraction=0.21000  peak_slope=5.370e-07  t_peak=659225  comparison cadence=1318450  difference=0.17000  below=0/3
t=1586610  fraction=0.17000  peak_slope=5.370e-07  t_peak=424586  comparison cadence=849171  difference=0.05500  below=0/3
t=1597783  fraction=0.20000  peak_slope=5.370e-07  t_peak=469279  comparison cadence=938558  difference=0.06500  below=0/3
t=1687170  fraction=0.21000  peak_slope=5.370e-07  t_peak=659225  comparison cadence=1318450  difference=0.17000  below=0/3
t=1385490  fraction=0.19500  peak_slope=5.370e-07  t_peak=569839  comparison cadence=1139678  difference=0.18000  below=0/3
t=1597783  fraction=0.17000  peak_slope=5.370e-07  t_peak=424586  comparison cadence=849171  difference=0.05500  below=0/3
t=1608956  fraction=0.20000  peak_slope=5.370e-07  t_peak=469279  comparison cadence=938558  difference=0.06500  below=0/3
t=1698343  fraction=0.21000  peak_slope=5.370e-07  t_peak=659225  comparison cadence=1318450  difference=0.16000  below=0/3
t=1396664  fraction=0.19500  peak_slope=5.370e-07  t_peak=569839  comparison cadence=1139678  difference=0.18000  below=0/3
t=1608956  fraction=0.17000  peak_slope=5.370e-07  t_peak=424586  comparison cadence=849171  difference=0.05000  below=0/3
t=1620130  fraction=0.20000  peak_slope=5.370e-07  t_peak=469279  comparison cadence=938558  difference=0.06500  below=0/3
t=1709516  fraction=0.21000  peak_slope=5.370e-07  t_peak=659225  comparison cadence=1318450  difference=0.15500  below=0/3
t=1407837  fraction=0.19500  peak_slope=5.370e-07  t_peak=569839  comparison cadence=1139678  difference=0.18000  below=0/3
t=1620130  fraction=0.17000  peak_slope=5.370e-07  t_peak=424586  comparison cadence=849171  difference=0.05000  below=0/3
t=1631303  fraction=0.20000  peak_slope=5.370e-07  t_peak=469279  comparison cadence=938558  difference=0.06500  below=0/3
t=1720690  fraction=0.21000  peak_slope=5.370e-07  t_peak=659225  comparison cadence=1318450  difference=0.15000  below=0/3
t=1419010  fraction=0.20000  peak_slope=5.370e-07  t_peak=569839  comparison cadence=1139678  difference=0.18500  below=0/3
t=1631303  fraction=0.17000  peak_slope=5.370e-07  t_peak=424586  comparison cadence=849171  difference=0.04500  below=1/3
t=1642476  fraction=0.20000  peak_slope=5.370e-07  t_peak=469279  comparison cadence=938558  difference=0.06500  below=0/3
t=1731863  fraction=0.21000  peak_slope=5.370e-07  t_peak=659225  comparison cadence=1318450  difference=0.14500  below=0/3
t=1642476  fraction=0.17000  peak_slope=5.370e-07  t_peak=424586  comparison cadence=849171  difference=0.04500  below=2/3
t=1653650  fraction=0.20000  peak_slope=5.370e-07  t_peak=469279  comparison cadence=938558  difference=0.06000  below=0/3
t=1430184  fraction=0.20000  peak_slope=5.370e-07  t_peak=569839  comparison cadence=1139678  difference=0.18000  below=0/3
t=1743036  fraction=0.21000  peak_slope=5.370e-07  t_peak=659225  comparison cadence=1318450  difference=0.14500  below=0/3
t=1653650  fraction=0.17000  peak_slope=5.370e-07  t_peak=424586  comparison cadence=849171  difference=0.04500  below=3/3
Stopping at t=1653649.719923754
Saved 166 remaining particles to /scratch/group/p.phy260085.000//Mass_Fraction/Outputs/Ejection_Results/remaining_particles_2145715_3.csv
t=1664823  fraction=0.20000  peak_slope=5.370e-07  t_peak=469279  comparison cadence=938558  difference=0.06000  below=0/3
t=1754210  fraction=0.21000  peak_slope=5.370e-07  t_peak=659225  comparison cadence=1318450  difference=0.13500  below=0/3
t=1441357  fraction=0.20500  peak_slope=5.370e-07  t_peak=569839  comparison cadence=1139678  difference=0.18000  below=0/3
t=1675996  fraction=0.20000  peak_slope=5.370e-07  t_peak=469279  comparison cadence=938558  difference=0.06000  below=0/3
t=1765383  fraction=0.21000  peak_slope=5.370e-07  t_peak=659225  comparison cadence=1318450  difference=0.13000  below=0/3
t=1452530  fraction=0.20500  peak_slope=5.370e-07  t_peak=569839  comparison cadence=1139678  difference=0.18000  below=0/3
t=1776556  fraction=0.21000  peak_slope=5.370e-07  t_peak=659225  comparison cadence=1318450  difference=0.13000  below=0/3
t=1687170  fraction=0.20000  peak_slope=5.370e-07  t_peak=469279  comparison cadence=938558  difference=0.06000  below=0/3
t=1463703  fraction=0.20500  peak_slope=5.370e-07  t_peak=569839  comparison cadence=1139678  difference=0.17500  below=0/3
t=1787729  fraction=0.21500  peak_slope=5.370e-07  t_peak=659225  comparison cadence=1318450  difference=0.13000  below=0/3
t=1698343  fraction=0.20000  peak_slope=5.370e-07  t_peak=469279  comparison cadence=938558  difference=0.05500  below=0/3
t=1474877  fraction=0.21000  peak_slope=5.370e-07  t_peak=569839  comparison cadence=1139678  difference=0.18000  below=0/3
t=1798903  fraction=0.22000  peak_slope=5.370e-07  t_peak=659225  comparison cadence=1318450  difference=0.13000  below=0/3
t=1709516  fraction=0.20000  peak_slope=5.370e-07  t_peak=469279  comparison cadence=938558  difference=0.05000  below=0/3
t=1810076  fraction=0.22000  peak_slope=5.370e-07  t_peak=659225  comparison cadence=1318450  difference=0.13000  below=0/3
t=1486050  fraction=0.21000  peak_slope=5.370e-07  t_peak=569839  comparison cadence=1139678  difference=0.17000  below=0/3
t=1720690  fraction=0.20000  peak_slope=5.370e-07  t_peak=469279  comparison cadence=938558  difference=0.05000  below=0/3
t=1821249  fraction=0.22000  peak_slope=5.370e-07  t_peak=659225  comparison cadence=1318450  difference=0.12500  below=0/3
t=1731863  fraction=0.20000  peak_slope=5.370e-07  t_peak=469279  comparison cadence=938558  difference=0.05000  below=0/3
t=1497223  fraction=0.21000  peak_slope=5.370e-07  t_peak=569839  comparison cadence=1139678  difference=0.17000  below=0/3
t=1832423  fraction=0.22000  peak_slope=5.370e-07  t_peak=659225  comparison cadence=1318450  difference=0.12500  below=0/3
t=1743036  fraction=0.20000  peak_slope=5.370e-07  t_peak=469279  comparison cadence=938558  difference=0.05000  below=0/3
t=1508397  fraction=0.21000  peak_slope=5.370e-07  t_peak=569839  comparison cadence=1139678  difference=0.17000  below=0/3
t=1843596  fraction=0.22000  peak_slope=5.370e-07  t_peak=659225  comparison cadence=1318450  difference=0.12000  below=0/3
t=1754210  fraction=0.20000  peak_slope=5.370e-07  t_peak=469279  comparison cadence=938558  difference=0.05000  below=0/3
t=1519570  fraction=0.21000  peak_slope=5.370e-07  t_peak=569839  comparison cadence=1139678  difference=0.16500  below=0/3
t=1854769  fraction=0.22000  peak_slope=5.370e-07  t_peak=659225  comparison cadence=1318450  difference=0.12000  below=0/3
t=1765383  fraction=0.20000  peak_slope=5.370e-07  t_peak=469279  comparison cadence=938558  difference=0.05000  below=0/3
t=1530743  fraction=0.21000  peak_slope=5.370e-07  t_peak=569839  comparison cadence=1139678  difference=0.16500  below=0/3
t=1865943  fraction=0.22000  peak_slope=5.370e-07  t_peak=659225  comparison cadence=1318450  difference=0.12000  below=0/3
t=1776556  fraction=0.20000  peak_slope=5.370e-07  t_peak=469279  comparison cadence=938558  difference=0.04500  below=1/3
t=1877116  fraction=0.22000  peak_slope=5.370e-07  t_peak=659225  comparison cadence=1318450  difference=0.12000  below=0/3
t=1541917  fraction=0.21000  peak_slope=5.370e-07  t_peak=569839  comparison cadence=1139678  difference=0.16000  below=0/3
t=1787729  fraction=0.20000  peak_slope=5.370e-07  t_peak=469279  comparison cadence=938558  difference=0.04000  below=2/3
t=1888289  fraction=0.22000  peak_slope=5.370e-07  t_peak=659225  comparison cadence=1318450  difference=0.12000  below=0/3
t=1553090  fraction=0.21000  peak_slope=5.370e-07  t_peak=569839  comparison cadence=1139678  difference=0.15500  below=0/3
t=1798903  fraction=0.20000  peak_slope=5.370e-07  t_peak=469279  comparison cadence=938558  difference=0.04000  below=3/3
Stopping at t=1798902.7358630027
Saved 160 remaining particles to /scratch/group/p.phy260085.000//Mass_Fraction/Outputs/Ejection_Results/remaining_particles_2145715_3.csv
t=1899463  fraction=0.22000  peak_slope=5.370e-07  t_peak=659225  comparison cadence=1318450  difference=0.12000  below=0/3
t=1564263  fraction=0.21000  peak_slope=5.370e-07  t_peak=569839  comparison cadence=1139678  difference=0.15000  below=0/3
t=1910636  fraction=0.22000  peak_slope=5.370e-07  t_peak=659225  comparison cadence=1318450  difference=0.11500  below=0/3
t=1575437  fraction=0.21000  peak_slope=5.370e-07  t_peak=569839  comparison cadence=1139678  difference=0.15000  below=0/3
t=1921809  fraction=0.22000  peak_slope=5.370e-07  t_peak=659225  comparison cadence=1318450  difference=0.11500  below=0/3
t=1586610  fraction=0.21000  peak_slope=5.370e-07  t_peak=569839  comparison cadence=1139678  difference=0.14500  below=0/3
t=1932982  fraction=0.22000  peak_slope=5.370e-07  t_peak=659225  comparison cadence=1318450  difference=0.09500  below=0/3
t=1944156  fraction=0.22000  peak_slope=5.370e-07  t_peak=659225  comparison cadence=1318450  difference=0.09500  below=0/3
t=1597783  fraction=0.21000  peak_slope=5.370e-07  t_peak=569839  comparison cadence=1139678  difference=0.13500  below=0/3
t=1955329  fraction=0.22000  peak_slope=5.370e-07  t_peak=659225  comparison cadence=1318450  difference=0.09500  below=0/3
t=1608956  fraction=0.21000  peak_slope=5.370e-07  t_peak=569839  comparison cadence=1139678  difference=0.13500  below=0/3
t=1966502  fraction=0.22000  peak_slope=5.370e-07  t_peak=659225  comparison cadence=1318450  difference=0.09500  below=0/3
t=1620130  fraction=0.21000  peak_slope=5.370e-07  t_peak=569839  comparison cadence=1139678  difference=0.13500  below=0/3
t=1977676  fraction=0.22000  peak_slope=5.370e-07  t_peak=659225  comparison cadence=1318450  difference=0.08500  below=0/3
t=1631303  fraction=0.21000  peak_slope=5.370e-07  t_peak=569839  comparison cadence=1139678  difference=0.13500  below=0/3
t=1988849  fraction=0.22500  peak_slope=5.370e-07  t_peak=659225  comparison cadence=1318450  difference=0.09000  below=0/3
t=1642476  fraction=0.21500  peak_slope=5.370e-07  t_peak=569839  comparison cadence=1139678  difference=0.14000  below=0/3
t=2000022  fraction=0.22500  peak_slope=5.370e-07  t_peak=659225  comparison cadence=1318450  difference=0.09000  below=0/3
t=2011196  fraction=0.22500  peak_slope=5.370e-07  t_peak=659225  comparison cadence=1318450  difference=0.09000  below=0/3
t=1653650  fraction=0.21500  peak_slope=5.370e-07  t_peak=569839  comparison cadence=1139678  difference=0.13500  below=0/3
t=2022369  fraction=0.22500  peak_slope=5.370e-07  t_peak=659225  comparison cadence=1318450  difference=0.08500  below=0/3
t=1664823  fraction=0.21500  peak_slope=5.370e-07  t_peak=569839  comparison cadence=1139678  difference=0.13000  below=0/3
t=2033542  fraction=0.22500  peak_slope=5.370e-07  t_peak=659225  comparison cadence=1318450  difference=0.08000  below=0/3
t=1675996  fraction=0.21500  peak_slope=5.370e-07  t_peak=569839  comparison cadence=1139678  difference=0.12500  below=0/3
t=2044716  fraction=0.22500  peak_slope=5.370e-07  t_peak=659225  comparison cadence=1318450  difference=0.07500  below=0/3
t=1687170  fraction=0.21500  peak_slope=5.370e-07  t_peak=569839  comparison cadence=1139678  difference=0.12500  below=0/3
t=2055889  fraction=0.22500  peak_slope=5.370e-07  t_peak=659225  comparison cadence=1318450  difference=0.07500  below=0/3
t=2067062  fraction=0.22500  peak_slope=5.370e-07  t_peak=659225  comparison cadence=1318450  difference=0.07500  below=0/3
t=1698343  fraction=0.21500  peak_slope=5.370e-07  t_peak=569839  comparison cadence=1139678  difference=0.12000  below=0/3
t=2078235  fraction=0.22500  peak_slope=5.370e-07  t_peak=659225  comparison cadence=1318450  difference=0.07500  below=0/3
t=1709516  fraction=0.21500  peak_slope=5.370e-07  t_peak=569839  comparison cadence=1139678  difference=0.10500  below=0/3
t=2089409  fraction=0.22500  peak_slope=5.370e-07  t_peak=659225  comparison cadence=1318450  difference=0.07500  below=0/3
t=1720690  fraction=0.21500  peak_slope=5.370e-07  t_peak=569839  comparison cadence=1139678  difference=0.10000  below=0/3
t=2100582  fraction=0.22500  peak_slope=5.370e-07  t_peak=659225  comparison cadence=1318450  difference=0.07500  below=0/3
t=1731863  fraction=0.21500  peak_slope=5.370e-07  t_peak=569839  comparison cadence=1139678  difference=0.10000  below=0/3
t=2111755  fraction=0.22500  peak_slope=5.370e-07  t_peak=659225  comparison cadence=1318450  difference=0.07500  below=0/3
t=1743036  fraction=0.21500  peak_slope=5.370e-07  t_peak=569839  comparison cadence=1139678  difference=0.10000  below=0/3
t=2122929  fraction=0.22500  peak_slope=5.370e-07  t_peak=659225  comparison cadence=1318450  difference=0.07500  below=0/3
t=2134102  fraction=0.22500  peak_slope=5.370e-07  t_peak=659225  comparison cadence=1318450  difference=0.07500  below=0/3
t=1754210  fraction=0.21500  peak_slope=5.370e-07  t_peak=569839  comparison cadence=1139678  difference=0.10000  below=0/3
t=2145275  fraction=0.22500  peak_slope=5.370e-07  t_peak=659225  comparison cadence=1318450  difference=0.07500  below=0/3
t=1765383  fraction=0.21500  peak_slope=5.370e-07  t_peak=569839  comparison cadence=1139678  difference=0.09500  below=0/3
t=2156449  fraction=0.22500  peak_slope=5.370e-07  t_peak=659225  comparison cadence=1318450  difference=0.07500  below=0/3
t=1776556  fraction=0.21500  peak_slope=5.370e-07  t_peak=569839  comparison cadence=1139678  difference=0.09000  below=0/3
t=2167622  fraction=0.22500  peak_slope=5.370e-07  t_peak=659225  comparison cadence=1318450  difference=0.06500  below=0/3
t=1787729  fraction=0.21500  peak_slope=5.370e-07  t_peak=569839  comparison cadence=1139678  difference=0.09000  below=0/3
t=2178795  fraction=0.22500  peak_slope=5.370e-07  t_peak=659225  comparison cadence=1318450  difference=0.06500  below=0/3
t=2189969  fraction=0.22500  peak_slope=5.370e-07  t_peak=659225  comparison cadence=1318450  difference=0.06500  below=0/3
t=1798903  fraction=0.21500  peak_slope=5.370e-07  t_peak=569839  comparison cadence=1139678  difference=0.09000  below=0/3
t=2201142  fraction=0.22500  peak_slope=5.370e-07  t_peak=659225  comparison cadence=1318450  difference=0.06500  below=0/3
t=1810076  fraction=0.21500  peak_slope=5.370e-07  t_peak=569839  comparison cadence=1139678  difference=0.09000  below=0/3
t=2212315  fraction=0.22500  peak_slope=5.370e-07  t_peak=659225  comparison cadence=1318450  difference=0.06500  below=0/3
t=1821249  fraction=0.21500  peak_slope=5.370e-07  t_peak=569839  comparison cadence=1139678  difference=0.09000  below=0/3
t=2223488  fraction=0.22500  peak_slope=5.370e-07  t_peak=659225  comparison cadence=1318450  difference=0.06000  below=0/3
t=1832423  fraction=0.21500  peak_slope=5.370e-07  t_peak=569839  comparison cadence=1139678  difference=0.09000  below=0/3
t=2234662  fraction=0.22500  peak_slope=5.370e-07  t_peak=659225  comparison cadence=1318450  difference=0.05500  below=0/3
t=1843596  fraction=0.21500  peak_slope=5.370e-07  t_peak=569839  comparison cadence=1139678  difference=0.08500  below=0/3
t=2245835  fraction=0.22500  peak_slope=5.370e-07  t_peak=659225  comparison cadence=1318450  difference=0.05500  below=0/3
t=2257008  fraction=0.22500  peak_slope=5.370e-07  t_peak=659225  comparison cadence=1318450  difference=0.05000  below=0/3
t=1854769  fraction=0.21500  peak_slope=5.370e-07  t_peak=569839  comparison cadence=1139678  difference=0.08500  below=0/3
t=2268182  fraction=0.22500  peak_slope=5.370e-07  t_peak=659225  comparison cadence=1318450  difference=0.05000  below=0/3
t=1865943  fraction=0.21500  peak_slope=5.370e-07  t_peak=569839  comparison cadence=1139678  difference=0.08000  below=0/3
t=2279355  fraction=0.22500  peak_slope=5.370e-07  t_peak=659225  comparison cadence=1318450  difference=0.05000  below=0/3
t=1877116  fraction=0.21500  peak_slope=5.370e-07  t_peak=569839  comparison cadence=1139678  difference=0.08000  below=0/3
t=2290528  fraction=0.22500  peak_slope=5.370e-07  t_peak=659225  comparison cadence=1318450  difference=0.05000  below=0/3
t=1888289  fraction=0.21500  peak_slope=5.370e-07  t_peak=569839  comparison cadence=1139678  difference=0.08000  below=0/3
t=2301702  fraction=0.22500  peak_slope=5.370e-07  t_peak=659225  comparison cadence=1318450  difference=0.05000  below=0/3
t=1899463  fraction=0.21500  peak_slope=5.370e-07  t_peak=569839  comparison cadence=1139678  difference=0.08000  below=0/3
t=2312875  fraction=0.22500  peak_slope=5.370e-07  t_peak=659225  comparison cadence=1318450  difference=0.05000  below=0/3
t=2324048  fraction=0.22500  peak_slope=5.370e-07  t_peak=659225  comparison cadence=1318450  difference=0.04500  below=1/3
t=1910636  fraction=0.21500  peak_slope=5.370e-07  t_peak=569839  comparison cadence=1139678  difference=0.08000  below=0/3
t=2335222  fraction=0.22500  peak_slope=5.370e-07  t_peak=659225  comparison cadence=1318450  difference=0.04500  below=2/3
t=1921809  fraction=0.21500  peak_slope=5.370e-07  t_peak=569839  comparison cadence=1139678  difference=0.08000  below=0/3
t=2346395  fraction=0.22500  peak_slope=5.370e-07  t_peak=659225  comparison cadence=1318450  difference=0.04500  below=3/3
Stopping at t=2346394.872864786
Saved 155 remaining particles to /scratch/group/p.phy260085.000//Mass_Fraction/Outputs/Ejection_Results/remaining_particles_2145715_3.csv
t=1932982  fraction=0.21500  peak_slope=5.370e-07  t_peak=569839  comparison cadence=1139678  difference=0.08000  below=0/3
t=1944156  fraction=0.21500  peak_slope=5.370e-07  t_peak=569839  comparison cadence=1139678  difference=0.07500  below=0/3
t=1955329  fraction=0.21500  peak_slope=5.370e-07  t_peak=569839  comparison cadence=1139678  difference=0.07500  below=0/3
t=1966502  fraction=0.21500  peak_slope=5.370e-07  t_peak=569839  comparison cadence=1139678  difference=0.07000  below=0/3
t=1977676  fraction=0.21500  peak_slope=5.370e-07  t_peak=569839  comparison cadence=1139678  difference=0.06500  below=0/3
t=1988849  fraction=0.21500  peak_slope=5.370e-07  t_peak=569839  comparison cadence=1139678  difference=0.05500  below=0/3
t=2000022  fraction=0.21500  peak_slope=5.370e-07  t_peak=569839  comparison cadence=1139678  difference=0.05500  below=0/3
t=2011196  fraction=0.21500  peak_slope=5.370e-07  t_peak=569839  comparison cadence=1139678  difference=0.05500  below=0/3
t=2022369  fraction=0.21500  peak_slope=5.370e-07  t_peak=569839  comparison cadence=1139678  difference=0.05000  below=1/3
t=2033542  fraction=0.21500  peak_slope=5.370e-07  t_peak=569839  comparison cadence=1139678  difference=0.05000  below=2/3
t=2044716  fraction=0.21500  peak_slope=5.370e-07  t_peak=569839  comparison cadence=1139678  difference=0.05000  below=3/3
Stopping at t=2044715.5320678852
Saved 157 remaining particles to /scratch/group/p.phy260085.000//Mass_Fraction/Outputs/Ejection_Results/remaining_particles_2145715_3.csv
