==========================================
Mass Fraction MPI Run
==========================================
Date:               Sat Sep 19 19:15:04 CDT 2026
Host:               ac052
Array job ID:       2145693
Array task ID:      3
MPI ranks:          4
CPUs per task:      1
Nodes allocated:    1
Python:             /scratch/user/u.hm357857/.conda/envs/comets/bin/python
Conda environment:  /scratch/user/u.hm357857/.conda/envs/comets
==========================================

7.811539931646994
14.523671768143744
11.902374888140812
14.309710749419262
4.2841599938958055
1.6386473685384688
5.645480699488096
2.424914654713189
3.8732812710950335
5.4382027838024225
6.875160814957476
11.892663391877615
9.112896408164847
9.863389262546981
7.534335297638041
9.198477673375471
1.0898126096083907
1.920003724880691
2.4884933335747794
2.350527590315433
7.1191736374737316
6.0414648776766935
11.127659320384389
13.251716176926461
9.274538285137151
9.985814946636788
7.176764097193928
14.295965772107134
6.778647948099471
11.652965001939068
12.20871659259403
8.023456345222337
14.37468494762537
6.106590892570258
12.403764551041451
7.555604088359761
5.770064033882928
14.458457572845063
5.305689885800854
13.419793836240796
9.078653912827736
9.04705669933507
5.757575169573975
9.177320100127776
3.3493837914416495
3.7623756115558065
4.160971943416359
4.809533104080996
14.328923741101253
8.64862071191708
6.198213285877646
7.776505309579868
2.216262433402912
3.8453200997168557
2.434867401357244
3.0934806592055013
2.1584847941839325
1.785255357182562
4.853445267804489
4.413301310734028
12.53855863378174
11.389127894820527
9.52648156748665
8.504266055147694
13.873451559833727
10.911572992394973
5.750250960295482
12.484850507084904
4.0328421734231465
3.950627068993149
2.9229884193271123
1.8254200407617684
13.13840055913844
9.061452782839618
7.218061767340208
8.28875545418061
5.76188510948958
14.082244501250376
8.837356885994664
10.349113584565757
4.777397239284854
1.8645450660137781
2.9243057064753413
4.518469333936772
13.628749569190187
11.086855759551057
12.592486127371231
12.60282722359998
12.858995481684342
7.6609725995683196
13.44734703010565
10.077766613728578
6.595024232331305
14.067221990482478
12.532153466218205
5.122359925804167
2.8200554113660745
2.652647140234613
3.1076946236925336
4.757502233500959
2.1881819996064156
2.7251133279082844
4.719670071358982
3.7627508604912014
3.8605952045738374
2.1528047460775293
4.918232355396148
2.638500593033564
2.798195285101527
2.0789175519378227
3.8052352124675375
3.506546104869124
4.691952493934881
2.9649038576046327
1.0136925610304104
3.0672883361918886
5.290574371078208
6.044975185280465
13.83532517751499
13.635760265885835
6.526265425024029
7.955959519085423
6.557547181036709
7.473007034261916
8.338708147356211
7.32897916005501
7.0307818555739585
14.60024553968443
4.1756841910594735
1.597570667416127
2.549250229279535
4.574618785053223
14.712007406372871
5.1596197706615134
8.51460501363636
9.132597946872366
6.366050293306127
8.549207897457245
9.59941621673764
13.17440779702209
6.106799078654804
8.818043055806909
9.172968881570391
7.920792979530715
9.830566471672597
9.634025665086845
14.1797518327993
13.983211569829232
2.6632711542222087
4.962701999650358
4.776785774269288
4.59118289792096
3.7131800132450525
3.7441142225554724
1.9620394888503498
1.6511959014209197
4.337590444723799
2.9185525576527374
3.9517627220326137
3.4685953252850603
11.219407300490856
7.9053712839877495
11.18937338937116
6.167277068394917
3.27951932338887
3.7252328077839567
3.463507780638236
1.34000078907451
6.147649430260048
11.61266006230777
6.889663931583233
14.748985301040653
14.737249458839432
14.985783984536447
7.227690403462354
5.157005024957093
3.167107132915553
1.637371605851265
1.8963757391169418
3.8304930463031095
5.16951728449602
7.003839920598439
6.513604716370448
8.098424983736205
2.038129083023276
2.8086639613363715
2.4236723088372822
1.0787823177862919
3.8201411518086297
1.8381984320827232
4.192324330317913
4.683791365410336
10.280804218430664
13.863128829039805
10.754668541310874
5.652829323369758
7.099054262272594
12.048289873117312
12.529369504974065
12.38387538300043
3.0894403777873927
3.2567210046319572
1.9326108025102506
3.437407196822842
1.2735507496242136
4.174649178145887
4.553778706780732
3.3911756415469827
3.6240362373813606
4.048553628003268
2.6391693985331997
2.1489935446661095
4.800769717582373
1.7223484542881904
2.707639282892942
4.813219372152291
5.865190921020279
14.967047031826826
11.068739107673933
8.517640297636216
3.1411058326468804
3.1220416412753638
2.816212645878116
2.3264024196122506
10.919648203398856
11.562371852448035
6.059214994059947
8.685028062663603
9.336240718845914
6.212705736896213
10.08838098818843
14.960591991717362
3.2808833424665536
1.0436849425080807
2.9649314501431157
1.1912454421689467
2.127451567274484
4.985880585860093
1.1892711926834276
4.0686664416347575
14.856926520014092
12.958621477604986
5.635724018643204
8.97241386772981
11.772906108656326
8.023845907381773
13.61078963058104
11.49522666315815
12.311164921669977
9.28719988560224
7.779179349857924
10.47288298782529
8.364311751616162
13.692804251652614
7.4069935850165205
10.13514031436656
3.2470848334575817
2.7933694977582606
4.828105758896706
2.7061289559596324
8.765264077137655
12.330474244005458
8.131509440728733
13.885354762696902
8.009294789516717
6.91544984301864
10.855190476983612
10.365158144177023
1.2016822166970007
2.1891540206268703
2.202457018773684
4.359143363680885
8.566374581753374
9.325539005010663
9.939482109659842
13.898601072686676
2.9500394908658123
1.7775493204896349
3.3411887545835794
2.995135752683979
6.030112307867296
14.333090218633098
11.22996941523331
6.097834810443984
4.481851100257998
2.4238852026007445
3.139202778755287
2.3634086839697943
10.646341276905263
8.599685136938072
5.998820731890082
13.929774523294682
10.947596044399786
11.27671468439917
6.950768870214653
7.944335549487391
11.741954281952157
10.490251574379691
14.464456183641303
8.791720784557642
6.091145694916568
11.121899591422508
7.991261364495958
6.847415914365733
7.48975746903243
11.429732579028062
13.294545391593608
13.147042367932194
13.690833867637274
10.843475399803062
5.492725392417932
7.594996496007425
7.245713793010794
9.766436058239218
7.624232653743544
11.05294747201741
14.356205833990971
5.087007587062264
8.36280448907446
9.987457175690617
11.683824223567349
5.46787276270935
12.404677937349367
9.998249494238422
5.302683201725136
11.675583586916472
7.084050148997272
13.422166266290583
1.8026592210301224
4.50259825851675
4.572582261746142
3.425863631265437
9.284300466761428
11.427413116402832
10.361618762658392
9.769913890632054
4.746252799508152
4.67865045502151
1.3689820944359963
1.7121516886188117
2.971887946882891
3.98034468965988
4.856178733632472
1.431693859258608
8.269814742507638
10.956838475310542
12.744642083655545
13.41292064967776
3.0383519496614397
3.95607697355115
4.071236692780996
3.259106361834054
1.4902918798878901
2.6550803666345897
3.7348177397087903
4.2518309895071456
12.493059548509747
11.937871248474451
14.897787708159125
13.939264800659334
13.667821478393998
12.155561924060262
9.705408042377478
7.2679611336784316
1.788668583499005
1.1758905200541294
4.267345728094515
2.647761139998824
3.2157210187396794
1.7729469849284545
2.2384701342149045
1.1548437393262292
14.713045941227723
6.597400784938526
13.398586728646158
5.9153128292798485
14.223654615191343
7.88496501973881
10.977245063436628
10.420847921545086
4.028498126868019
4.711422961252898
3.3780886595401816
2.13067734873231
13.393742953910722
6.111971583988117
14.92417288451145
11.585108229783366
2.1134065398075075
1.2076745529445243
1.2254073569787516
2.405573031756577
2.075075973773456
3.3649614259571363
1.0238381374106393
3.227686099499237
7.704898068825724
13.204775339372713
7.696376355601537
5.473933388562491
8.336982934527526
9.41421705275732
12.570384358914504
11.85683361612332
3.189036002546482
4.345861640160738
1.0042887050649028
2.567747875346111
2.1160505380946066
3.470210731130737
3.933674718212915
2.1607405448915484
2.186369010629896
2.9469844806489505
1.8204323020851265
4.268497913623343
2.981193848069948
4.619571593832221
2.4251825004056395
3.602228317692953
10.748300406934787
8.182424235105103
11.498543745858644
13.945550646051654
3.6887481268513773
4.6514431566612835
3.106045490597301
1.6695292440599356
1.0188203559498774
1.3595938500952602
4.495494788952399
3.582045522733337
3.8211194072395123
3.3428937555236238
1.0449823874028064
4.135109980812787
2.856917450614857
3.7597296705645804
4.364565946637505
3.1148861046203318
1.4078920174302145
1.3475135832500116
4.162268461364242
1.7944839435933506
4.724607002838489
4.862315085155709
2.1122176084487565
2.165886908847281
12.490588541601522
10.625079617355128
14.898908601975656
12.865514958424374
4.5546402371731105
3.1016198828149766
4.830726804936905
4.916426395416308
6.905665365543752
6.234705887620972
5.1992673600383394
14.788778113207488
4.6936800953534235
4.787244515810561
2.9712256623433526
1.0589440063183257
3.7355400116641433
2.5621817914540133
2.8277930150095463
3.3007544401205635
7.444543427110657
14.261520426226824
7.859154040158582
13.223314101528535
10.12706534427313
5.492828890041618
7.705926760175529
10.748144292832642
6.44352284752607
14.11698599222185
12.068133575398285
7.291175282867154
7.728670599184677
8.82890332745197
5.811364670954767
5.971655995536049
3.4197941276612194
1.1130297963339597
4.05171246868357
3.3808047093714184
10.670676243651236
13.84428840969995
10.346171406420268
14.014675754266724
5.8941833344368675
14.461403783965281
11.251599907728902
6.339914087645443
14.095705144329836
11.185824137872068
10.596258629178775
13.304735343645618
3.1804883855650843
4.412466128209098
1.552929962630003
1.0564362174818833
5.037315530357379
12.643285709808303
9.55206681254399
14.464362447641511
2.0855080280987295
4.816704681310896
2.4488890010898694
3.6261764278222888
5.7710228961958006
12.640601703656646
5.723818082830096
10.714665519010055
2.302944541412268
1.0267991650782289
2.8567928629592636
2.4135520594228095
10.411627116047121
7.984090186838147
8.156231736503404
8.052907507085138
4.608990510575156
3.461845369935268
3.812432736376902
3.5718042489973065
2.715423096296809
1.6711393595941382
1.6085594587551881
4.395764594124547
9.00573544194257
10.027194775914262
7.285586392894512
8.835573771691166
3.0403739231977482
4.035400687553857
1.049170572902678
2.134195103225168
12.192932974298557
11.073783115131368
13.220381357735068
10.273699879298999
5.8431461901334805
8.059861368494865
11.357500170063311
9.602876694016242
4.374010793101999
4.795102749737431
3.1607881326698224
2.705010890847331
3.3736478206592935
3.003391381150454
4.110921464269188
2.105114389429329
1.4449300240960672
3.6149175487433474
2.7902017117091873
3.1835493533546995
14.894178268973603
11.583131175066447
5.758058095513893
7.849501834197586
7.3038396103273096
8.80476628718621
9.715494524300103
7.888807226615242
6.700828203718921
8.643463840382491
9.972172845120774
11.676858868952213
8.903754112375154
5.806822065319617
6.782516214442634
12.035706189260074
1.4172172960307328
1.433130199969677
1.9378393367619218
3.9776307746507817
3.371211784031302
3.6909269191821488
1.8845182378793086
4.2624168548915025
12.898601505281437
6.387609509973272
6.483147566598139
7.819832317593293
3.6248743888202175
4.875797104066846
4.562734081075933
1.8114885290159397
2.53234430805882
3.115535793866401
1.0082952686245017
3.3783081089493616
9.72255409482079
12.409950899510804
10.234391469480569
12.120569412882146
2.070723957469123
2.503154312470055
2.6943942616238896
1.4169618648452404
10.97151541482087
7.414422026250719
8.215188347344741
13.999876188482476
9.233367693939044
6.330480609556945
8.960794376919713
11.37937912591564
4.8668068858843085
4.720586740240094
2.6243707686238307
2.080901578466304
12.31278463266808
9.243636550740693
13.78890065885821
9.091945135336411
12.11610276370069
14.805397757750514
11.276809184602127
11.643510377019743
9.15843793079322
14.03448868838746
12.352041328390804
7.734115931218037
5.249242424697613
6.225814233435893
9.563184093404935
11.855973546847924
1.7669331171810656
3.7602407462578173
4.799252202584723
4.033707537019641
7.89109751807989
14.358099477908763
11.963035097790357
8.559175441383786
13.927285978318533
8.940177706015035
6.734224444355911
9.6621968195325
12.926838123807082
14.110613361065623
12.425587046046415
10.490481160062647
4.1115317478156586
4.619766658882021
1.7026546662090745
4.015277209685226
11.931248881348685
13.148494993250203
9.434966297442562
6.2721849192897015
4.534667337454541
1.1618204333214663
3.993661450092962
1.8629767036803746
8.787408410210102
14.854808278341237
6.163948677857617
9.25568051700947
3.2529260817370527
2.7872359059371097
4.015252804378741
2.6823064178970375
8.919415810101153
11.331582191776217
8.100230825409744
9.10768571533366
14.863671256647825
12.926309672161238
12.586446401909324
8.898049068290401
5.638542497984695
10.063572810430372
8.882215757378887
10.464286656273416
4.912354557909185
1.8765371546734335
3.086117075734548
3.3305328021987304
13.05407302925479
9.456585489865049
5.026417256225648
6.106508355643417
6.45752190144989
7.068468631586116
11.365590807444871
12.156150879031888
5.579299159390557
10.729704866135727
14.83885385572774
5.469591187084127
3.077547491149753
2.628580406018455
1.76391852261382
3.7830340464372214
4.3392239526153435
2.0130480993510793
2.3423331320032315
2.961319178741586
3.3449809901045855
3.302018126412838
1.1833711309165418
2.570005435806086
9.370058812085048
10.851233519158448
6.855701958946476
7.26083604818184
3.519629105072195
2.1348290022781433
2.0889941899172912
3.5312739260435295
3.0032249117667518
2.448815439246767
4.052746062610576
1.4334362182650713
1.5762172977757594
2.52329062390334
4.821341021847893
4.903192926783456
3.3932762591456296
3.127813424259203
4.951455807635455
2.3872235712926795
12.88094988443887
8.620850177766437
9.176661496714047
13.874723504075988
13.197666620458705
10.351045836889227
10.251046015043691
8.355558961259401
13.2512083987203
6.738081061830129
12.555406679455722
11.574833767387162
4.785682147676566
4.978167326318344
4.7576608259834074
2.3125641726198434
2.3165762914148367
1.1816246338138376
3.525301131308115
4.943196425260192
12.277352570685753
6.97152755832583
7.110594586324574
12.136393305384328
1.1169654042741715
3.026581837400849
2.7270756793686486
2.4231165672812827
4.308029541650649
2.1137470557692457
3.811059161930441
4.344896764277923
3.121601392824767
2.0186855838998587
2.5805108751147157
1.4239301682921504
4.951292467813333
3.1192849197262995
3.4919415817140482
4.611003587950393
2.024137026826876
1.907370410188383
1.1518005422547857
4.61492974429474
2.6084171568062935
1.6446000740437152
1.3006830781219785
1.6827560156435752
5.220280320100329
11.462879456184023
5.687139982650862
10.088801120378314
7.157428065906403
13.257527797123053
12.072352941817048
6.090900696893339
10.290789146506869
10.653786895606315
12.425433744029151
7.648571528671916
4.252283517757419
3.9082412061894343
4.5513854025132465
4.406413110643594
12.351551849642277
7.768561974094568
10.799782254537458
9.724869626417089
14.210269709045102
10.374980005083188
12.299269034216225
10.227238736743157
Running 200 simulations with 1 MPI ranks
Rank 0: 200 simulations
Running 200 simulations with 1 MPI ranks
Rank 0: 200 simulations
Running 200 simulations with 1 MPI ranks
Rank 0: 200 simulations
Running 200 simulations with 1 MPI ranks
Rank 0: 200 simulations
t=547492  fraction=0.10500  peak_slope=4.475e-07  t_peak=245813  comparison cadence=491626  difference=0.10500  below=0/3
t=558665  fraction=0.11000  peak_slope=4.475e-07  t_peak=245813  comparison cadence=491626  difference=0.11000  below=0/3
t=569839  fraction=0.11000  peak_slope=4.475e-07  t_peak=245813  comparison cadence=491626  difference=0.11000  below=0/3
t=581012  fraction=0.11000  peak_slope=4.475e-07  t_peak=245813  comparison cadence=491626  difference=0.11000  below=0/3
t=592185  fraction=0.11000  peak_slope=4.475e-07  t_peak=245813  comparison cadence=491626  difference=0.11000  below=0/3
t=603359  fraction=0.11000  peak_slope=4.475e-07  t_peak=245813  comparison cadence=491626  difference=0.11000  below=0/3
t=614532  fraction=0.11500  peak_slope=4.475e-07  t_peak=245813  comparison cadence=491626  difference=0.11500  below=0/3
t=625705  fraction=0.11500  peak_slope=4.475e-07  t_peak=245813  comparison cadence=491626  difference=0.11500  below=0/3
t=636879  fraction=0.11500  peak_slope=4.475e-07  t_peak=245813  comparison cadence=491626  difference=0.11500  below=0/3
t=648052  fraction=0.11500  peak_slope=4.475e-07  t_peak=245813  comparison cadence=491626  difference=0.11500  below=0/3
t=659225  fraction=0.11500  peak_slope=4.475e-07  t_peak=245813  comparison cadence=491626  difference=0.11500  below=0/3
t=670399  fraction=0.12000  peak_slope=4.475e-07  t_peak=245813  comparison cadence=491626  difference=0.12000  below=0/3
t=681572  fraction=0.12500  peak_slope=4.475e-07  t_peak=245813  comparison cadence=491626  difference=0.12500  below=0/3
t=692745  fraction=0.13000  peak_slope=4.475e-07  t_peak=245813  comparison cadence=491626  difference=0.12500  below=0/3
t=703918  fraction=0.13000  peak_slope=4.475e-07  t_peak=245813  comparison cadence=491626  difference=0.12500  below=0/3
t=715092  fraction=0.13000  peak_slope=4.475e-07  t_peak=245813  comparison cadence=491626  difference=0.11500  below=0/3
t=726265  fraction=0.13000  peak_slope=4.475e-07  t_peak=245813  comparison cadence=491626  difference=0.11000  below=0/3
t=737438  fraction=0.13000  peak_slope=4.475e-07  t_peak=245813  comparison cadence=491626  difference=0.10500  below=0/3
t=759785  fraction=0.18000  peak_slope=8.950e-07  t_peak=379893  comparison cadence=759785  difference=0.18000  below=0/3
t=748612  fraction=0.13000  peak_slope=4.475e-07  t_peak=245813  comparison cadence=491626  difference=0.10000  below=0/3
t=770958  fraction=0.18000  peak_slope=8.950e-07  t_peak=379893  comparison cadence=759785  difference=0.18000  below=0/3
t=759785  fraction=0.13000  peak_slope=4.475e-07  t_peak=245813  comparison cadence=491626  difference=0.10000  below=0/3
t=782132  fraction=0.18000  peak_slope=8.950e-07  t_peak=379893  comparison cadence=759785  difference=0.18000  below=0/3
t=770958  fraction=0.13000  peak_slope=4.475e-07  t_peak=245813  comparison cadence=491626  difference=0.10000  below=0/3
t=793305  fraction=0.18500  peak_slope=8.950e-07  t_peak=379893  comparison cadence=759785  difference=0.18500  below=0/3
t=782132  fraction=0.13500  peak_slope=4.475e-07  t_peak=245813  comparison cadence=491626  difference=0.10500  below=0/3
t=804478  fraction=0.18500  peak_slope=8.950e-07  t_peak=379893  comparison cadence=759785  difference=0.18500  below=0/3
t=793305  fraction=0.13500  peak_slope=4.475e-07  t_peak=245813  comparison cadence=491626  difference=0.10000  below=0/3
t=815652  fraction=0.18500  peak_slope=8.950e-07  t_peak=379893  comparison cadence=759785  difference=0.18500  below=0/3
t=804478  fraction=0.13500  peak_slope=4.475e-07  t_peak=245813  comparison cadence=491626  difference=0.10000  below=0/3
t=826825  fraction=0.18500  peak_slope=8.950e-07  t_peak=379893  comparison cadence=759785  difference=0.18500  below=0/3
t=815652  fraction=0.14500  peak_slope=4.475e-07  t_peak=245813  comparison cadence=491626  difference=0.11000  below=0/3
t=837998  fraction=0.19000  peak_slope=8.950e-07  t_peak=379893  comparison cadence=759785  difference=0.19000  below=0/3
t=804478  fraction=0.21000  peak_slope=7.160e-07  t_peak=402239  comparison cadence=804478  difference=0.21000  below=0/3
t=826825  fraction=0.14500  peak_slope=4.475e-07  t_peak=245813  comparison cadence=491626  difference=0.10000  below=0/3
t=849171  fraction=0.19000  peak_slope=8.950e-07  t_peak=379893  comparison cadence=759785  difference=0.19000  below=0/3
t=815652  fraction=0.21500  peak_slope=7.160e-07  t_peak=402239  comparison cadence=804478  difference=0.21500  below=0/3
t=837998  fraction=0.14500  peak_slope=4.475e-07  t_peak=245813  comparison cadence=491626  difference=0.09500  below=0/3
t=860345  fraction=0.19500  peak_slope=8.950e-07  t_peak=379893  comparison cadence=759785  difference=0.19500  below=0/3
t=826825  fraction=0.21500  peak_slope=7.160e-07  t_peak=402239  comparison cadence=804478  difference=0.21500  below=0/3
t=849171  fraction=0.14500  peak_slope=4.475e-07  t_peak=245813  comparison cadence=491626  difference=0.09500  below=0/3
t=871518  fraction=0.19500  peak_slope=8.950e-07  t_peak=379893  comparison cadence=759785  difference=0.19500  below=0/3
t=837998  fraction=0.21500  peak_slope=7.160e-07  t_peak=402239  comparison cadence=804478  difference=0.21500  below=0/3
t=860345  fraction=0.14500  peak_slope=4.475e-07  t_peak=245813  comparison cadence=491626  difference=0.08500  below=0/3
t=882691  fraction=0.19500  peak_slope=8.950e-07  t_peak=379893  comparison cadence=759785  difference=0.19500  below=0/3
t=849171  fraction=0.21500  peak_slope=7.160e-07  t_peak=402239  comparison cadence=804478  difference=0.21500  below=0/3
t=871518  fraction=0.14500  peak_slope=4.475e-07  t_peak=245813  comparison cadence=491626  difference=0.08500  below=0/3
t=893865  fraction=0.19500  peak_slope=8.950e-07  t_peak=379893  comparison cadence=759785  difference=0.19500  below=0/3
t=860345  fraction=0.22000  peak_slope=7.160e-07  t_peak=402239  comparison cadence=804478  difference=0.22000  below=0/3
t=882691  fraction=0.14500  peak_slope=4.475e-07  t_peak=245813  comparison cadence=491626  difference=0.08500  below=0/3
t=905038  fraction=0.19500  peak_slope=8.950e-07  t_peak=379893  comparison cadence=759785  difference=0.19500  below=0/3
t=871518  fraction=0.22000  peak_slope=7.160e-07  t_peak=402239  comparison cadence=804478  difference=0.22000  below=0/3
t=893865  fraction=0.15000  peak_slope=4.475e-07  t_peak=245813  comparison cadence=491626  difference=0.08500  below=0/3
t=916211  fraction=0.19500  peak_slope=8.950e-07  t_peak=379893  comparison cadence=759785  difference=0.19500  below=0/3
t=882691  fraction=0.22000  peak_slope=7.160e-07  t_peak=402239  comparison cadence=804478  difference=0.22000  below=0/3
t=905038  fraction=0.15000  peak_slope=4.475e-07  t_peak=245813  comparison cadence=491626  difference=0.08500  below=0/3
t=927385  fraction=0.19500  peak_slope=8.950e-07  t_peak=379893  comparison cadence=759785  difference=0.19500  below=0/3
t=893865  fraction=0.22000  peak_slope=7.160e-07  t_peak=402239  comparison cadence=804478  difference=0.22000  below=0/3
t=916211  fraction=0.15000  peak_slope=4.475e-07  t_peak=245813  comparison cadence=491626  difference=0.08500  below=0/3
t=938558  fraction=0.19500  peak_slope=8.950e-07  t_peak=379893  comparison cadence=759785  difference=0.19500  below=0/3
t=905038  fraction=0.22000  peak_slope=7.160e-07  t_peak=402239  comparison cadence=804478  difference=0.22000  below=0/3
t=960905  fraction=0.17500  peak_slope=5.370e-07  t_peak=480452  comparison cadence=960905  difference=0.17500  below=0/3
t=927385  fraction=0.15500  peak_slope=4.475e-07  t_peak=245813  comparison cadence=491626  difference=0.09000  below=0/3
t=949731  fraction=0.19500  peak_slope=8.950e-07  t_peak=379893  comparison cadence=759785  difference=0.19500  below=0/3
t=972078  fraction=0.17500  peak_slope=5.370e-07  t_peak=480452  comparison cadence=960905  difference=0.17500  below=0/3
t=916211  fraction=0.22000  peak_slope=7.160e-07  t_peak=402239  comparison cadence=804478  difference=0.22000  below=0/3
t=938558  fraction=0.15500  peak_slope=4.475e-07  t_peak=245813  comparison cadence=491626  difference=0.07500  below=0/3
t=960905  fraction=0.19500  peak_slope=8.950e-07  t_peak=379893  comparison cadence=759785  difference=0.19500  below=0/3
t=983251  fraction=0.17500  peak_slope=5.370e-07  t_peak=480452  comparison cadence=960905  difference=0.17500  below=0/3
t=927385  fraction=0.22000  peak_slope=7.160e-07  t_peak=402239  comparison cadence=804478  difference=0.22000  below=0/3
t=949731  fraction=0.15500  peak_slope=4.475e-07  t_peak=245813  comparison cadence=491626  difference=0.07000  below=0/3
t=972078  fraction=0.19500  peak_slope=8.950e-07  t_peak=379893  comparison cadence=759785  difference=0.19500  below=0/3
t=994424  fraction=0.17500  peak_slope=5.370e-07  t_peak=480452  comparison cadence=960905  difference=0.17500  below=0/3
t=938558  fraction=0.22000  peak_slope=7.160e-07  t_peak=402239  comparison cadence=804478  difference=0.22000  below=0/3
t=960905  fraction=0.16000  peak_slope=4.475e-07  t_peak=245813  comparison cadence=491626  difference=0.07000  below=0/3
t=983251  fraction=0.19500  peak_slope=8.950e-07  t_peak=379893  comparison cadence=759785  difference=0.19000  below=0/3
t=1005598  fraction=0.17500  peak_slope=5.370e-07  t_peak=480452  comparison cadence=960905  difference=0.17500  below=0/3
t=949731  fraction=0.22000  peak_slope=7.160e-07  t_peak=402239  comparison cadence=804478  difference=0.22000  below=0/3
t=972078  fraction=0.16500  peak_slope=4.475e-07  t_peak=245813  comparison cadence=491626  difference=0.07500  below=0/3
t=994424  fraction=0.19500  peak_slope=8.950e-07  t_peak=379893  comparison cadence=759785  difference=0.18500  below=0/3
t=1016771  fraction=0.17500  peak_slope=5.370e-07  t_peak=480452  comparison cadence=960905  difference=0.17500  below=0/3
t=960905  fraction=0.22500  peak_slope=7.160e-07  t_peak=402239  comparison cadence=804478  difference=0.22500  below=0/3
t=983251  fraction=0.16500  peak_slope=4.475e-07  t_peak=245813  comparison cadence=491626  difference=0.07500  below=0/3
t=1005598  fraction=0.19500  peak_slope=8.950e-07  t_peak=379893  comparison cadence=759785  difference=0.18500  below=0/3
t=1027944  fraction=0.17500  peak_slope=5.370e-07  t_peak=480452  comparison cadence=960905  difference=0.17500  below=0/3
t=972078  fraction=0.22500  peak_slope=7.160e-07  t_peak=402239  comparison cadence=804478  difference=0.22500  below=0/3
t=994424  fraction=0.16500  peak_slope=4.475e-07  t_peak=245813  comparison cadence=491626  difference=0.07500  below=0/3
t=1016771  fraction=0.19500  peak_slope=8.950e-07  t_peak=379893  comparison cadence=759785  difference=0.18000  below=0/3
t=1039118  fraction=0.17500  peak_slope=5.370e-07  t_peak=480452  comparison cadence=960905  difference=0.17500  below=0/3
t=983251  fraction=0.22500  peak_slope=7.160e-07  t_peak=402239  comparison cadence=804478  difference=0.22500  below=0/3
t=1005598  fraction=0.16500  peak_slope=4.475e-07  t_peak=245813  comparison cadence=491626  difference=0.07500  below=0/3
t=1027944  fraction=0.20500  peak_slope=8.950e-07  t_peak=379893  comparison cadence=759785  difference=0.18000  below=0/3
t=1050291  fraction=0.17500  peak_slope=5.370e-07  t_peak=480452  comparison cadence=960905  difference=0.17500  below=0/3
t=994424  fraction=0.22500  peak_slope=7.160e-07  t_peak=402239  comparison cadence=804478  difference=0.22500  below=0/3
t=1016771  fraction=0.16500  peak_slope=4.475e-07  t_peak=245813  comparison cadence=491626  difference=0.07500  below=0/3
t=1039118  fraction=0.20500  peak_slope=8.950e-07  t_peak=379893  comparison cadence=759785  difference=0.18000  below=0/3
t=1061464  fraction=0.17500  peak_slope=5.370e-07  t_peak=480452  comparison cadence=960905  difference=0.17500  below=0/3
t=1005598  fraction=0.22500  peak_slope=7.160e-07  t_peak=402239  comparison cadence=804478  difference=0.22500  below=0/3
t=1027944  fraction=0.16500  peak_slope=4.475e-07  t_peak=245813  comparison cadence=491626  difference=0.07500  below=0/3
t=1050291  fraction=0.20500  peak_slope=8.950e-07  t_peak=379893  comparison cadence=759785  difference=0.18000  below=0/3
t=1072638  fraction=0.17500  peak_slope=5.370e-07  t_peak=480452  comparison cadence=960905  difference=0.17500  below=0/3
t=1016771  fraction=0.22500  peak_slope=7.160e-07  t_peak=402239  comparison cadence=804478  difference=0.22500  below=0/3
t=1039118  fraction=0.17000  peak_slope=4.475e-07  t_peak=245813  comparison cadence=491626  difference=0.06500  below=0/3
t=1061464  fraction=0.20500  peak_slope=8.950e-07  t_peak=379893  comparison cadence=759785  difference=0.17000  below=0/3
t=1083811  fraction=0.17500  peak_slope=5.370e-07  t_peak=480452  comparison cadence=960905  difference=0.17500  below=0/3
t=1027944  fraction=0.22500  peak_slope=7.160e-07  t_peak=402239  comparison cadence=804478  difference=0.22500  below=0/3
t=1072638  fraction=0.20500  peak_slope=8.950e-07  t_peak=379893  comparison cadence=759785  difference=0.17000  below=0/3
t=1050291  fraction=0.17000  peak_slope=4.475e-07  t_peak=245813  comparison cadence=491626  difference=0.06000  below=0/3
t=1094984  fraction=0.18000  peak_slope=5.370e-07  t_peak=480452  comparison cadence=960905  difference=0.18000  below=0/3
t=1039118  fraction=0.22500  peak_slope=7.160e-07  t_peak=402239  comparison cadence=804478  difference=0.22500  below=0/3
t=1083811  fraction=0.20500  peak_slope=8.950e-07  t_peak=379893  comparison cadence=759785  difference=0.17000  below=0/3
t=1061464  fraction=0.17000  peak_slope=4.475e-07  t_peak=245813  comparison cadence=491626  difference=0.06000  below=0/3
t=1106158  fraction=0.19000  peak_slope=5.370e-07  t_peak=480452  comparison cadence=960905  difference=0.19000  below=0/3
t=1050291  fraction=0.22500  peak_slope=7.160e-07  t_peak=402239  comparison cadence=804478  difference=0.21500  below=0/3
t=1094984  fraction=0.20500  peak_slope=8.950e-07  t_peak=379893  comparison cadence=759785  difference=0.15500  below=0/3
t=1072638  fraction=0.17000  peak_slope=4.475e-07  t_peak=245813  comparison cadence=491626  difference=0.06000  below=0/3
t=1117331  fraction=0.19000  peak_slope=5.370e-07  t_peak=480452  comparison cadence=960905  difference=0.19000  below=0/3
t=1061464  fraction=0.22500  peak_slope=7.160e-07  t_peak=402239  comparison cadence=804478  difference=0.21500  below=0/3
t=1106158  fraction=0.20500  peak_slope=8.950e-07  t_peak=379893  comparison cadence=759785  difference=0.14000  below=0/3
t=1083811  fraction=0.17000  peak_slope=4.475e-07  t_peak=245813  comparison cadence=491626  difference=0.06000  below=0/3
t=1128504  fraction=0.20000  peak_slope=5.370e-07  t_peak=480452  comparison cadence=960905  difference=0.20000  below=0/3
t=1117331  fraction=0.20500  peak_slope=8.950e-07  t_peak=379893  comparison cadence=759785  difference=0.14000  below=0/3
t=1139678  fraction=0.20000  peak_slope=5.370e-07  t_peak=480452  comparison cadence=960905  difference=0.19500  below=0/3
t=1072638  fraction=0.22500  peak_slope=7.160e-07  t_peak=402239  comparison cadence=804478  difference=0.20500  below=0/3
t=1094984  fraction=0.17000  peak_slope=4.475e-07  t_peak=245813  comparison cadence=491626  difference=0.06000  below=0/3
t=1150851  fraction=0.20000  peak_slope=5.370e-07  t_peak=480452  comparison cadence=960905  difference=0.19500  below=0/3
t=1128504  fraction=0.20500  peak_slope=8.950e-07  t_peak=379893  comparison cadence=759785  difference=0.12500  below=0/3
t=1083811  fraction=0.22500  peak_slope=7.160e-07  t_peak=402239  comparison cadence=804478  difference=0.19500  below=0/3
t=1106158  fraction=0.17000  peak_slope=4.475e-07  t_peak=245813  comparison cadence=491626  difference=0.05500  below=0/3
t=1162024  fraction=0.20000  peak_slope=5.370e-07  t_peak=480452  comparison cadence=960905  difference=0.19500  below=0/3
t=1139678  fraction=0.21000  peak_slope=8.950e-07  t_peak=379893  comparison cadence=759785  difference=0.12500  below=0/3
t=1117331  fraction=0.17000  peak_slope=4.475e-07  t_peak=245813  comparison cadence=491626  difference=0.05500  below=0/3
t=1094984  fraction=0.22500  peak_slope=7.160e-07  t_peak=402239  comparison cadence=804478  difference=0.19500  below=0/3
t=1173197  fraction=0.20000  peak_slope=5.370e-07  t_peak=480452  comparison cadence=960905  difference=0.19000  below=0/3
t=1150851  fraction=0.21000  peak_slope=8.950e-07  t_peak=379893  comparison cadence=759785  difference=0.12000  below=0/3
t=1128504  fraction=0.17000  peak_slope=4.475e-07  t_peak=245813  comparison cadence=491626  difference=0.05500  below=0/3
t=1106158  fraction=0.22500  peak_slope=7.160e-07  t_peak=402239  comparison cadence=804478  difference=0.19000  below=0/3
t=1184371  fraction=0.20000  peak_slope=5.370e-07  t_peak=480452  comparison cadence=960905  difference=0.19000  below=0/3
t=1162024  fraction=0.21000  peak_slope=8.950e-07  t_peak=379893  comparison cadence=759785  difference=0.12000  below=0/3
t=1139678  fraction=0.17000  peak_slope=4.475e-07  t_peak=245813  comparison cadence=491626  difference=0.05500  below=0/3
t=1117331  fraction=0.22500  peak_slope=7.160e-07  t_peak=402239  comparison cadence=804478  difference=0.19000  below=0/3
t=1195544  fraction=0.20000  peak_slope=5.370e-07  t_peak=480452  comparison cadence=960905  difference=0.18500  below=0/3
t=1173197  fraction=0.21000  peak_slope=8.950e-07  t_peak=379893  comparison cadence=759785  difference=0.12000  below=0/3
t=1150851  fraction=0.17000  peak_slope=4.475e-07  t_peak=245813  comparison cadence=491626  difference=0.05500  below=0/3
t=1128504  fraction=0.22500  peak_slope=7.160e-07  t_peak=402239  comparison cadence=804478  difference=0.19000  below=0/3
t=1206717  fraction=0.20000  peak_slope=5.370e-07  t_peak=480452  comparison cadence=960905  difference=0.18000  below=0/3
t=1184371  fraction=0.21000  peak_slope=8.950e-07  t_peak=379893  comparison cadence=759785  difference=0.11500  below=0/3
t=1162024  fraction=0.17000  peak_slope=4.475e-07  t_peak=245813  comparison cadence=491626  difference=0.05000  below=0/3
t=1139678  fraction=0.22500  peak_slope=7.160e-07  t_peak=402239  comparison cadence=804478  difference=0.19000  below=0/3
t=1217891  fraction=0.20000  peak_slope=5.370e-07  t_peak=480452  comparison cadence=960905  difference=0.18000  below=0/3
t=1195544  fraction=0.21000  peak_slope=8.950e-07  t_peak=379893  comparison cadence=759785  difference=0.11500  below=0/3
t=1173197  fraction=0.17000  peak_slope=4.475e-07  t_peak=245813  comparison cadence=491626  difference=0.04500  below=1/3
t=1150851  fraction=0.22500  peak_slope=7.160e-07  t_peak=402239  comparison cadence=804478  difference=0.18500  below=0/3
t=1229064  fraction=0.20000  peak_slope=5.370e-07  t_peak=480452  comparison cadence=960905  difference=0.18000  below=0/3
t=1206717  fraction=0.21000  peak_slope=8.950e-07  t_peak=379893  comparison cadence=759785  difference=0.10000  below=0/3
t=1184371  fraction=0.17000  peak_slope=4.475e-07  t_peak=245813  comparison cadence=491626  difference=0.04000  below=2/3
t=1162024  fraction=0.22500  peak_slope=7.160e-07  t_peak=402239  comparison cadence=804478  difference=0.17500  below=0/3
t=1240237  fraction=0.20000  peak_slope=5.370e-07  t_peak=480452  comparison cadence=960905  difference=0.18000  below=0/3
t=1217891  fraction=0.21500  peak_slope=8.950e-07  t_peak=379893  comparison cadence=759785  difference=0.09500  below=0/3
t=1195544  fraction=0.17000  peak_slope=4.475e-07  t_peak=245813  comparison cadence=491626  difference=0.04000  below=3/3
Stopping at t=1195544.0542692007
Saved 165 remaining particles to /scratch/group/p.phy260085.000//Mass_Fraction/Outputs/Ejection_Results/remaining_particles_2145693_3.csv
t=1173197  fraction=0.22500  peak_slope=7.160e-07  t_peak=402239  comparison cadence=804478  difference=0.15500  below=0/3
t=1251411  fraction=0.20000  peak_slope=5.370e-07  t_peak=480452  comparison cadence=960905  difference=0.17000  below=0/3
t=1229064  fraction=0.22000  peak_slope=8.950e-07  t_peak=379893  comparison cadence=759785  difference=0.09500  below=0/3
t=1184371  fraction=0.22500  peak_slope=7.160e-07  t_peak=402239  comparison cadence=804478  difference=0.15500  below=0/3
t=1262584  fraction=0.20000  peak_slope=5.370e-07  t_peak=480452  comparison cadence=960905  difference=0.16500  below=0/3
t=1240237  fraction=0.22500  peak_slope=8.950e-07  t_peak=379893  comparison cadence=759785  difference=0.10000  below=0/3
t=1195544  fraction=0.22500  peak_slope=7.160e-07  t_peak=402239  comparison cadence=804478  difference=0.15500  below=0/3
t=1273757  fraction=0.20000  peak_slope=5.370e-07  t_peak=480452  comparison cadence=960905  difference=0.16500  below=0/3
t=1251411  fraction=0.22500  peak_slope=8.950e-07  t_peak=379893  comparison cadence=759785  difference=0.09500  below=0/3
t=1206717  fraction=0.22500  peak_slope=7.160e-07  t_peak=402239  comparison cadence=804478  difference=0.14500  below=0/3
t=1284931  fraction=0.20000  peak_slope=5.370e-07  t_peak=480452  comparison cadence=960905  difference=0.16500  below=0/3
t=1262584  fraction=0.22500  peak_slope=8.950e-07  t_peak=379893  comparison cadence=759785  difference=0.09500  below=0/3
t=1217891  fraction=0.22500  peak_slope=7.160e-07  t_peak=402239  comparison cadence=804478  difference=0.14000  below=0/3
t=1296104  fraction=0.20000  peak_slope=5.370e-07  t_peak=480452  comparison cadence=960905  difference=0.16500  below=0/3
t=1273757  fraction=0.22500  peak_slope=8.950e-07  t_peak=379893  comparison cadence=759785  difference=0.09000  below=0/3
t=1229064  fraction=0.22500  peak_slope=7.160e-07  t_peak=402239  comparison cadence=804478  difference=0.13500  below=0/3
t=1307277  fraction=0.20000  peak_slope=5.370e-07  t_peak=480452  comparison cadence=960905  difference=0.16000  below=0/3
t=1284931  fraction=0.23000  peak_slope=8.950e-07  t_peak=379893  comparison cadence=759785  difference=0.08500  below=0/3
t=1318450  fraction=0.20500  peak_slope=5.370e-07  t_peak=480452  comparison cadence=960905  difference=0.16000  below=0/3
t=1240237  fraction=0.22500  peak_slope=7.160e-07  t_peak=402239  comparison cadence=804478  difference=0.12500  below=0/3
t=1296104  fraction=0.23000  peak_slope=8.950e-07  t_peak=379893  comparison cadence=759785  difference=0.08500  below=0/3
t=1329624  fraction=0.20500  peak_slope=5.370e-07  t_peak=480452  comparison cadence=960905  difference=0.16000  below=0/3
t=1251411  fraction=0.22500  peak_slope=7.160e-07  t_peak=402239  comparison cadence=804478  difference=0.12500  below=0/3
t=1307277  fraction=0.23000  peak_slope=8.950e-07  t_peak=379893  comparison cadence=759785  difference=0.08500  below=0/3
t=1340797  fraction=0.20500  peak_slope=5.370e-07  t_peak=480452  comparison cadence=960905  difference=0.15500  below=0/3
t=1262584  fraction=0.22500  peak_slope=7.160e-07  t_peak=402239  comparison cadence=804478  difference=0.12500  below=0/3
t=1318450  fraction=0.23000  peak_slope=8.950e-07  t_peak=379893  comparison cadence=759785  difference=0.08500  below=0/3
t=1351970  fraction=0.20500  peak_slope=5.370e-07  t_peak=480452  comparison cadence=960905  difference=0.15000  below=0/3
t=1273757  fraction=0.22500  peak_slope=7.160e-07  t_peak=402239  comparison cadence=804478  difference=0.12000  below=0/3
t=1329624  fraction=0.23000  peak_slope=8.950e-07  t_peak=379893  comparison cadence=759785  difference=0.08500  below=0/3
t=1363144  fraction=0.20500  peak_slope=5.370e-07  t_peak=480452  comparison cadence=960905  difference=0.15000  below=0/3
t=1284931  fraction=0.22500  peak_slope=7.160e-07  t_peak=402239  comparison cadence=804478  difference=0.12000  below=0/3
t=1340797  fraction=0.23000  peak_slope=8.950e-07  t_peak=379893  comparison cadence=759785  difference=0.08500  below=0/3
t=1374317  fraction=0.20500  peak_slope=5.370e-07  t_peak=480452  comparison cadence=960905  difference=0.15000  below=0/3
t=1296104  fraction=0.23000  peak_slope=7.160e-07  t_peak=402239  comparison cadence=804478  difference=0.10500  below=0/3
t=1351970  fraction=0.23000  peak_slope=8.950e-07  t_peak=379893  comparison cadence=759785  difference=0.08000  below=0/3
t=1385490  fraction=0.20500  peak_slope=5.370e-07  t_peak=480452  comparison cadence=960905  difference=0.15000  below=0/3
t=1307277  fraction=0.23000  peak_slope=7.160e-07  t_peak=402239  comparison cadence=804478  difference=0.10500  below=0/3
t=1363144  fraction=0.23000  peak_slope=8.950e-07  t_peak=379893  comparison cadence=759785  difference=0.08000  below=0/3
t=1396664  fraction=0.20500  peak_slope=5.370e-07  t_peak=480452  comparison cadence=960905  difference=0.13000  below=0/3
t=1318450  fraction=0.23000  peak_slope=7.160e-07  t_peak=402239  comparison cadence=804478  difference=0.10500  below=0/3
t=1374317  fraction=0.23000  peak_slope=8.950e-07  t_peak=379893  comparison cadence=759785  difference=0.08000  below=0/3
t=1407837  fraction=0.20500  peak_slope=5.370e-07  t_peak=480452  comparison cadence=960905  difference=0.12500  below=0/3
t=1329624  fraction=0.23000  peak_slope=7.160e-07  t_peak=402239  comparison cadence=804478  difference=0.10000  below=0/3
t=1385490  fraction=0.23000  peak_slope=8.950e-07  t_peak=379893  comparison cadence=759785  difference=0.08000  below=0/3
t=1419010  fraction=0.20500  peak_slope=5.370e-07  t_peak=480452  comparison cadence=960905  difference=0.12500  below=0/3
t=1340797  fraction=0.23000  peak_slope=7.160e-07  t_peak=402239  comparison cadence=804478  difference=0.10000  below=0/3
t=1396664  fraction=0.23000  peak_slope=8.950e-07  t_peak=379893  comparison cadence=759785  difference=0.08000  below=0/3
t=1430184  fraction=0.20500  peak_slope=5.370e-07  t_peak=480452  comparison cadence=960905  difference=0.12500  below=0/3
t=1351970  fraction=0.23000  peak_slope=7.160e-07  t_peak=402239  comparison cadence=804478  difference=0.10000  below=0/3
t=1407837  fraction=0.23000  peak_slope=8.950e-07  t_peak=379893  comparison cadence=759785  difference=0.08000  below=0/3
t=1441357  fraction=0.20500  peak_slope=5.370e-07  t_peak=480452  comparison cadence=960905  difference=0.12000  below=0/3
t=1363144  fraction=0.23000  peak_slope=7.160e-07  t_peak=402239  comparison cadence=804478  difference=0.09500  below=0/3
t=1419010  fraction=0.23000  peak_slope=8.950e-07  t_peak=379893  comparison cadence=759785  difference=0.08000  below=0/3
t=1452530  fraction=0.20500  peak_slope=5.370e-07  t_peak=480452  comparison cadence=960905  difference=0.12000  below=0/3
t=1374317  fraction=0.23000  peak_slope=7.160e-07  t_peak=402239  comparison cadence=804478  difference=0.09000  below=0/3
t=1430184  fraction=0.23000  peak_slope=8.950e-07  t_peak=379893  comparison cadence=759785  difference=0.07500  below=0/3
t=1463703  fraction=0.20500  peak_slope=5.370e-07  t_peak=480452  comparison cadence=960905  difference=0.11000  below=0/3
t=1385490  fraction=0.23000  peak_slope=7.160e-07  t_peak=402239  comparison cadence=804478  difference=0.09000  below=0/3
t=1441357  fraction=0.23000  peak_slope=8.950e-07  t_peak=379893  comparison cadence=759785  difference=0.07000  below=0/3
t=1474877  fraction=0.20500  peak_slope=5.370e-07  t_peak=480452  comparison cadence=960905  difference=0.10500  below=0/3
t=1396664  fraction=0.23000  peak_slope=7.160e-07  t_peak=402239  comparison cadence=804478  difference=0.07500  below=0/3
t=1452530  fraction=0.23000  peak_slope=8.950e-07  t_peak=379893  comparison cadence=759785  difference=0.07000  below=0/3
t=1486050  fraction=0.20500  peak_slope=5.370e-07  t_peak=480452  comparison cadence=960905  difference=0.10500  below=0/3
t=1407837  fraction=0.23000  peak_slope=7.160e-07  t_peak=402239  comparison cadence=804478  difference=0.07500  below=0/3
t=1463703  fraction=0.23000  peak_slope=8.950e-07  t_peak=379893  comparison cadence=759785  difference=0.06500  below=0/3
t=1497223  fraction=0.21000  peak_slope=5.370e-07  t_peak=480452  comparison cadence=960905  difference=0.10500  below=0/3
t=1419010  fraction=0.23000  peak_slope=7.160e-07  t_peak=402239  comparison cadence=804478  difference=0.06500  below=0/3
t=1474877  fraction=0.23000  peak_slope=8.950e-07  t_peak=379893  comparison cadence=759785  difference=0.06500  below=0/3
t=1508397  fraction=0.21000  peak_slope=5.370e-07  t_peak=480452  comparison cadence=960905  difference=0.10500  below=0/3
t=1519570  fraction=0.21000  peak_slope=5.370e-07  t_peak=480452  comparison cadence=960905  difference=0.10000  below=0/3
t=1486050  fraction=0.23000  peak_slope=8.950e-07  t_peak=379893  comparison cadence=759785  difference=0.06000  below=0/3
t=1430184  fraction=0.23000  peak_slope=7.160e-07  t_peak=402239  comparison cadence=804478  difference=0.06500  below=0/3
t=1530743  fraction=0.21000  peak_slope=5.370e-07  t_peak=480452  comparison cadence=960905  difference=0.10000  below=0/3
t=1497223  fraction=0.23000  peak_slope=8.950e-07  t_peak=379893  comparison cadence=759785  difference=0.05500  below=0/3
t=1441357  fraction=0.23000  peak_slope=7.160e-07  t_peak=402239  comparison cadence=804478  difference=0.06000  below=0/3
t=1541917  fraction=0.21000  peak_slope=5.370e-07  t_peak=480452  comparison cadence=960905  difference=0.10000  below=0/3
t=1508397  fraction=0.23000  peak_slope=8.950e-07  t_peak=379893  comparison cadence=759785  difference=0.05500  below=0/3
t=1452530  fraction=0.23000  peak_slope=7.160e-07  t_peak=402239  comparison cadence=804478  difference=0.05000  below=0/3
t=1553090  fraction=0.21000  peak_slope=5.370e-07  t_peak=480452  comparison cadence=960905  difference=0.09500  below=0/3
t=1519570  fraction=0.23000  peak_slope=8.950e-07  t_peak=379893  comparison cadence=759785  difference=0.05000  below=0/3
t=1463703  fraction=0.23000  peak_slope=7.160e-07  t_peak=402239  comparison cadence=804478  difference=0.05000  below=0/3
t=1564263  fraction=0.21000  peak_slope=5.370e-07  t_peak=480452  comparison cadence=960905  difference=0.09500  below=0/3
t=1530743  fraction=0.23000  peak_slope=8.950e-07  t_peak=379893  comparison cadence=759785  difference=0.05000  below=0/3
t=1474877  fraction=0.23000  peak_slope=7.160e-07  t_peak=402239  comparison cadence=804478  difference=0.04500  below=1/3
t=1575437  fraction=0.21500  peak_slope=5.370e-07  t_peak=480452  comparison cadence=960905  difference=0.10000  below=0/3
t=1541917  fraction=0.23000  peak_slope=8.950e-07  t_peak=379893  comparison cadence=759785  difference=0.05000  below=0/3
t=1486050  fraction=0.23000  peak_slope=7.160e-07  t_peak=402239  comparison cadence=804478  difference=0.04500  below=2/3
t=1586610  fraction=0.21500  peak_slope=5.370e-07  t_peak=480452  comparison cadence=960905  difference=0.09500  below=0/3
t=1553090  fraction=0.23000  peak_slope=8.950e-07  t_peak=379893  comparison cadence=759785  difference=0.04500  below=1/3
t=1497223  fraction=0.23000  peak_slope=7.160e-07  t_peak=402239  comparison cadence=804478  difference=0.04500  below=3/3
Stopping at t=1497223.3950661016
Saved 154 remaining particles to /scratch/group/p.phy260085.000//Mass_Fraction/Outputs/Ejection_Results/remaining_particles_2145693_3.csv
t=1597783  fraction=0.21500  peak_slope=5.370e-07  t_peak=480452  comparison cadence=960905  difference=0.08500  below=0/3
t=1564263  fraction=0.23000  peak_slope=8.950e-07  t_peak=379893  comparison cadence=759785  difference=0.04500  below=2/3
t=1608956  fraction=0.22000  peak_slope=5.370e-07  t_peak=480452  comparison cadence=960905  difference=0.09000  below=0/3
t=1575437  fraction=0.23000  peak_slope=8.950e-07  t_peak=379893  comparison cadence=759785  difference=0.04500  below=3/3
Stopping at t=1575436.557494928
Saved 153 remaining particles to /scratch/group/p.phy260085.000//Mass_Fraction/Outputs/Ejection_Results/remaining_particles_2145693_3.csv
t=1620130  fraction=0.22000  peak_slope=5.370e-07  t_peak=480452  comparison cadence=960905  difference=0.08500  below=0/3
t=1631303  fraction=0.22000  peak_slope=5.370e-07  t_peak=480452  comparison cadence=960905  difference=0.08500  below=0/3
t=1642476  fraction=0.22000  peak_slope=5.370e-07  t_peak=480452  comparison cadence=960905  difference=0.08000  below=0/3
t=1653650  fraction=0.22000  peak_slope=5.370e-07  t_peak=480452  comparison cadence=960905  difference=0.08000  below=0/3
t=1664823  fraction=0.22000  peak_slope=5.370e-07  t_peak=480452  comparison cadence=960905  difference=0.07500  below=0/3
t=1675996  fraction=0.22000  peak_slope=5.370e-07  t_peak=480452  comparison cadence=960905  difference=0.07000  below=0/3
t=1687170  fraction=0.22000  peak_slope=5.370e-07  t_peak=480452  comparison cadence=960905  difference=0.07000  below=0/3
t=1698343  fraction=0.22000  peak_slope=5.370e-07  t_peak=480452  comparison cadence=960905  difference=0.07000  below=0/3
t=1709516  fraction=0.22000  peak_slope=5.370e-07  t_peak=480452  comparison cadence=960905  difference=0.07000  below=0/3
t=1720690  fraction=0.22000  peak_slope=5.370e-07  t_peak=480452  comparison cadence=960905  difference=0.06500  below=0/3
t=1731863  fraction=0.22000  peak_slope=5.370e-07  t_peak=480452  comparison cadence=960905  difference=0.06000  below=0/3
t=1743036  fraction=0.22000  peak_slope=5.370e-07  t_peak=480452  comparison cadence=960905  difference=0.06000  below=0/3
t=1754210  fraction=0.22000  peak_slope=5.370e-07  t_peak=480452  comparison cadence=960905  difference=0.05500  below=0/3
t=1765383  fraction=0.22000  peak_slope=5.370e-07  t_peak=480452  comparison cadence=960905  difference=0.05500  below=0/3
t=1776556  fraction=0.22000  peak_slope=5.370e-07  t_peak=480452  comparison cadence=960905  difference=0.05500  below=0/3
t=1787729  fraction=0.22000  peak_slope=5.370e-07  t_peak=480452  comparison cadence=960905  difference=0.05500  below=0/3
t=1798903  fraction=0.22000  peak_slope=5.370e-07  t_peak=480452  comparison cadence=960905  difference=0.05500  below=0/3
t=1810076  fraction=0.22000  peak_slope=5.370e-07  t_peak=480452  comparison cadence=960905  difference=0.05500  below=0/3
t=1821249  fraction=0.22000  peak_slope=5.370e-07  t_peak=480452  comparison cadence=960905  difference=0.05500  below=0/3
t=1832423  fraction=0.22000  peak_slope=5.370e-07  t_peak=480452  comparison cadence=960905  difference=0.05500  below=0/3
t=1843596  fraction=0.22000  peak_slope=5.370e-07  t_peak=480452  comparison cadence=960905  difference=0.05500  below=0/3
t=1854769  fraction=0.22000  peak_slope=5.370e-07  t_peak=480452  comparison cadence=960905  difference=0.05000  below=1/3
t=1865943  fraction=0.22000  peak_slope=5.370e-07  t_peak=480452  comparison cadence=960905  difference=0.04500  below=2/3
t=1877116  fraction=0.22000  peak_slope=5.370e-07  t_peak=480452  comparison cadence=960905  difference=0.04500  below=3/3
Stopping at t=1877115.8982918288
Saved 156 remaining particles to /scratch/group/p.phy260085.000//Mass_Fraction/Outputs/Ejection_Results/remaining_particles_2145693_3.csv
