==========================================
Mass Fraction MPI Run
==========================================
Date:               Sat Sep 19 16:21:06 CDT 2026
Host:               ac003
Array job ID:       2145715
Array task ID:      2
MPI ranks:          4
CPUs per task:      1
Nodes allocated:    1
Python:             /scratch/user/u.hm357857/.conda/envs/comets/bin/python
Conda environment:  /scratch/user/u.hm357857/.conda/envs/comets
==========================================

5.835163121661257
10.613052261957721
14.265663122244035
12.971683802102415
4.00557580456551
2.162696010872836
3.0805301238828915
4.470043096795548
9.543748878889243
14.666852289795235
5.325776785858912
11.818142144421763
13.660328942339401
12.39783300917177
5.724546364803242
8.11808556063059
3.0099593488423464
3.446292927405967
1.1145457011088644
1.3247716586734835
11.65928256438902
9.756771154728185
12.212383711088048
5.806502463493633
13.604572120375911
6.3997380539073205
7.2117757865734635
10.030979399641746
7.051658050965033
14.317992054745943
7.6477090246792905
10.535436805721407
13.511455496777828
14.707131461482387
9.044469476638426
10.253327442817675
9.603365053143907
8.468351206688371
9.884620144888185
8.056104081631263
13.553839272942001
5.478020104646243
5.968181489930881
13.53198959988107
1.8321922297354343
2.5527720256937956
3.3420362777427286
3.5945590347574874
5.833708705221787
7.858714131289445
6.1733358698484775
8.571452831709015
1.261726135667781
1.7881931297742417
2.4518756805126336
3.87594426736673
2.6303559844528603
1.5252571801701946
3.153218900386411
2.6747091603777333
11.768593071366043
10.628664141170072
12.989639429322006
6.676182778324364
6.041022690811488
8.345450883378085
6.66442883983898
13.057987514716148
4.886114780856797
4.765420724386347
3.4685165126402207
2.8941842863978433
14.093251840775626
7.174918936265913
11.003267809985687
8.5665777367208
8.042519549418861
11.996423763919779
12.690330037450632
6.753515562733657
3.5020369869859835
2.216700011781469
2.8078401037349465
1.8305048483446966
11.884511816482016
13.808371336613197
7.632098775127326
13.307239408927689
13.252827913842228
7.934280342807164
12.011708762647812
6.884691392057187
14.991915639358732
7.173819177104041
5.338316229900469
7.019754875597356
1.8599053748709427
3.814155941337052
1.4016417168737552
2.161035661409836
3.280262988573578
4.664197358393773
4.328904870222837
4.541154431025786
2.256249444418095
3.9565275865993055
3.1076210620089415
2.4574537161591694
1.0241294810056774
2.7824402954871217
2.930005690245959
2.4226875098915928
2.3928240125383775
3.2984647214661935
1.2454584865888436
3.171699880210568
9.675725839718087
7.30216484292486
8.570236265567733
9.272537946503164
6.410975619597135
12.88269602050087
6.946986508856465
8.646932996735133
6.205300248341212
14.448131868257377
11.446012433128779
10.887716300055867
3.3789681363975075
3.839788208407743
1.8139662323454795
3.4646764788959583
5.244962630798092
14.870799571686666
9.538081451805436
6.602299057981527
9.530701865488632
7.848305850444673
14.073311373659052
7.293578712050576
12.211331459059448
5.618890355064798
9.345470731618352
10.103260752013098
13.34853680429009
13.238131131513223
13.456844596795515
6.71345696331736
1.124656122665768
1.5793514670891056
4.728829029486199
4.946474956818442
3.2247936023899673
3.400313146322693
3.490681402183835
2.0384566864123124
3.0606119431763075
4.439930520174962
3.000570700809919
4.4360322627143205
11.256837292994089
11.16956856371321
12.603128745801648
11.179086271123502
3.1967857408785947
3.9362866089159354
1.6926490037925093
1.1324725445181008
7.971690848220792
10.715357619093151
11.813229136942956
12.456007768877907
11.793496746948463
7.479715641688369
12.685742437718655
5.82386126534362
2.441606499811109
4.400982522369988
4.206140631929392
1.8144390035419047
5.902306054068287
5.14208613359054
11.692258863638235
13.769476731755859
2.566014468019672
4.154799043394431
1.8821995588471787
3.5232965580946827
4.933696591260557
4.951613073273872
4.779545408386031
4.848246803693657
12.813027280004686
7.194091668819713
11.183128943139977
6.834251151122136
12.997171930307804
5.657590616431973
11.186587653052682
6.567646668181998
2.110459598118951
3.0095280566225884
1.880104036121848
1.3285147354481683
4.337550742976511
4.764979472796556
2.815318886189082
1.3174453715668264
1.0899824367412858
1.419097813431808
3.85992367799229
3.7680381736079545
4.248510139180236
3.274012465722599
2.845218397127677
2.394022259829076
14.120994116535485
9.734214680229067
9.499342270681517
12.867326211474367
3.6188020674145696
3.193229166127299
2.4645088160764566
4.328502647807115
13.131333904267454
14.858747109901817
12.308581273113194
9.686327045812222
6.0497394772207045
9.121649761393464
8.121568012998445
14.759310602054134
4.348418058761402
1.3182401632536132
2.3740318529688405
3.5260959773634486
2.378400580017225
1.586297327981527
4.942379483259531
1.8063234179757997
7.37021071908776
12.202690505185252
6.716518235052727
8.660699507450632
5.956495316550047
11.778695112641083
11.857405157932591
5.749819539766917
8.384041514949411
8.736981046831989
9.130141687657456
6.220388928469532
14.022902451070829
12.227133742508931
8.412711311704989
9.72778970358729
3.023278867827106
4.19882469048118
3.7521163992788735
1.3936783291890324
10.864722692993471
13.993920582507462
14.714330222808801
13.99145491231294
10.67234952208261
11.836659454825481
14.703359967528106
8.817448752545822
4.690975525085076
1.5276040045610548
4.651834763329011
4.680669299850555
11.269236472345725
8.818920461448894
8.568812367323687
12.676095298093141
4.683429549337003
2.004553032200467
4.781391299538171
1.7663690217939392
9.451523854878413
12.095102113455866
10.888656122096688
9.14988277051727
3.1505996425737233
2.854785649967886
4.005605517121049
3.141552085375
13.323719428700567
5.410016357028754
14.779484541496458
10.473834545783715
12.959233797141625
12.630256557070638
11.078789220699997
8.798774834824954
13.810347180205305
6.741021170621552
8.861424632985054
13.35914729699239
6.623935734835131
12.858902677586427
11.600297245271918
14.483894543818876
14.704685365624512
14.361111023006677
10.347481235624977
9.24020460964659
14.829233352679344
8.407130956226698
14.983515679454962
12.381045035887738
9.949915749158396
13.40562191809324
8.88792219844037
14.579347024562122
10.100410841491888
11.071836687148807
9.179868787664212
14.354936606144175
9.544926078695438
12.596702163349136
12.01046845428735
6.534490592743937
12.184327213988478
7.688883219027179
12.092344331228743
8.294662777240482
4.09134866697132
4.870420616559557
4.194388030869625
2.989448094907319
11.062191453512796
7.640450097170156
12.359518452594596
8.56739330482044
4.023279288753247
1.232483621277201
4.2214431917320185
1.0200548088897663
3.7814182768328157
3.8175002862336225
1.9132308730521737
2.6811883068984503
14.380121775330034
7.287572056858039
10.632884400500991
5.377002279562356
1.8944548983354874
4.311974150610284
3.1747925608858925
1.9738602738863555
1.4292367093604317
4.103433860548105
2.6689803759378266
1.4839966773200919
11.971686820767856
8.948036135907866
6.454744200274774
6.369206269548961
5.181135096483476
7.997834195928065
14.817355646105668
5.757973980563601
3.4858405087544426
3.0827172646742116
4.041507518815537
4.1358100200814025
3.4776219152707735
1.6695026763060188
2.710625836549288
2.1933070795601624
9.579209643624317
5.042106922775929
11.901997719456949
5.969423955026131
9.599758259879088
12.771236137894167
5.920387416862312
2.582340607845889
5.395845610464437
3.4732309367054173
1.183419344458152
2.950653158829984
7.895142230242733
10.74529727770797
9.789709161414336
14.224592068417062
4.564096667226298
2.038254534388103
4.794168108957379
3.291268457109698
4.487695428577416
3.987041432277589
1.798530873031265
2.571971373082747
8.112521260175097
8.128634277584347
9.131599564257208
11.704337834082756
12.908869752146146
5.981495806350127
5.864934417095053
13.79738981270456
4.644412488459679
4.5603596134601645
4.758243055049774
3.3456311383870956
2.1360590623131737
1.802763291778136
3.1180586780590365
2.1751729544892036
3.9506886935373875
1.354349742393298
4.65500877759188
3.9105943823067166
2.881360367338786
4.11456956279477
4.89695374931942
2.4687675297699885
7.545034686522547
12.338116495770436
13.739683872921361
13.598773568805223
4.572227649960591
1.1058789694155542
2.6368794919217624
2.6984706050909173
1.1841992772695904
4.941911076965198
1.8851742981608663
1.5324189584164798
3.0410485788398853
1.9436402077161667
1.8095872078700368
1.2552112295468034
1.1081124443072303
1.0995469889471767
1.0611747148435438
2.698005706857436
3.563784722656987
2.072553410062745
2.299328556373389
3.516588888418287
4.185407933633181
2.5033878639996354
3.2154714855121136
1.6456489368640121
9.15386374336885
12.891027533948357
11.41212578221581
13.708463879217565
3.362463935213729
1.7316149747691667
4.8911507015383755
1.5673435102951756
8.744860121360107
9.032115755876596
11.651589566565796
12.141649912263826
2.902043578032854
1.862016678033474
1.2351189194133214
1.3941582419825238
1.3494404375670914
4.509714685428106
2.31663068232315
4.492874044492929
8.604645377462079
14.764864275350146
6.017044727514489
6.039236605055331
7.188208180996418
5.973588652278235
6.7982028847647715
14.846122465207028
12.570991781508003
11.189818815038661
10.666469158669804
13.394093680136422
11.68954422051263
8.689222898694346
10.45447938041633
8.032937132799947
1.746387168324894
4.57373607590977
3.803725264869259
3.4741166514218147
14.456258261022807
11.237962173018406
11.833605368506698
5.00885228808162
12.84047355638513
10.231467671058084
10.296510046886823
12.546677229117286
11.340261024300208
7.79669577287036
12.955121414225015
5.485165322852285
3.631858182928566
3.014708503981742
3.8051876417375974
2.111514151771326
11.492803068647653
5.424121532748253
6.532860337252723
11.48505786572581
3.076922042214831
1.1087650076370927
2.2386950501744747
4.321599941001373
13.602277320486063
10.903837790134869
11.562354203996621
6.96027653808351
4.840170122359018
3.7162772069816232
3.454430941243754
3.575998279460808
10.291828632841606
6.3347645939311175
7.190167373620154
8.55918777935335
1.5927200702311093
1.0894645838089634
2.654626581362846
4.884899355890342
4.56002959613633
4.980110688232614
3.372358502525541
4.8094747971310685
8.446120877611829
7.121655205256115
5.869667186964253
11.826389105440093
2.526983386343833
3.0295058383302504
4.15065226638802
2.2866336490298576
5.875718366867043
10.538943756151813
11.945184426579676
11.271327882181446
10.28769678218235
12.659448109068194
11.254973101644058
8.881982577578224
4.198479216082376
4.8114860750944075
2.4004383655860337
3.0432746309078413
3.8413537394421047
2.6299858941111443
2.4476959272006575
2.169373927499987
4.013495778344817
2.6955200389308698
2.172356159360642
2.672557146131236
12.96643559474711
9.837345492164088
9.477611745983467
5.774944434238668
14.150616242493008
5.899052306479074
7.237443753676185
7.72452414131741
10.979415668152512
14.325076546109832
11.192894039560883
13.494442784494739
13.113355749516614
9.440458335152442
11.382059467688045
13.690631622801487
1.3115907024400717
3.9604164099228822
2.427890240565686
4.43277169370168
4.876760876658275
2.000889261554279
2.2614469042984076
4.185951580179374
11.728254478474588
10.64673696996849
12.243912078311721
10.38443480889451
3.0999869078412723
3.4815689332748803
1.7520814264992763
2.9956891539240895
2.0696554242721388
2.4348202635718845
2.4426043840581575
2.0384355785958914
8.549310708670097
11.266964914138658
10.546798651675044
6.439970382062122
1.5275238249662597
4.937226081433122
1.5124692623715439
4.610417822375787
8.421457651492673
10.312428014830953
7.24563648764117
14.228070741604517
13.076250384395255
7.770635301175847
7.845962220574077
7.961375763716967
4.000446241869178
1.8380945989778579
1.5893898859166153
2.1183531302282117
13.545594888064375
11.758050642168563
7.689273190536666
10.948688269419762
10.725447706146879
14.056878181461304
8.438316838070552
14.037791292542003
7.229106544569167
7.373079611810028
5.237253054550975
7.931058371259416
7.020559488695097
8.985532562961538
8.21346525282748
6.233864310967231
2.8243111918099433
1.5348828944455901
4.603926761523105
2.901244400937533
11.524323473898225
11.989245579004569
8.377808581373277
8.803500501317517
14.137050877753815
12.173286185547454
12.03384115858018
9.742974187600538
14.990656042245828
14.928483883536265
6.617920271647898
13.594764828307603
4.20267198738614
1.1204977986871385
3.7378138852094627
4.8448492659650935
11.329330230653525
6.001707404562472
13.639804450515372
9.91244940763686
3.97468158539114
1.7032829160734004
1.4964580780658965
2.6780353970086974
13.945055014218774
11.6791532824492
11.186158683223816
14.736835270213424
4.163151058516925
3.796098381333271
2.4566834660115218
2.9474608975926726
7.175167390306985
5.1518265694516625
7.801713022694601
9.148816796775701
8.8472458878707
14.848102535999223
12.222047311515635
10.38557450952803
8.712809592184847
12.44757760089284
11.675569530740361
10.795212321379742
2.940032119770375
2.013542791632708
3.4184193818095507
4.283229261225603
6.977822299438832
10.61019650303626
10.72213181273612
6.9676532961914734
8.506573567897656
11.172899845494495
8.481474648380797
5.564377607910349
6.773278023009336
5.500603086827226
12.764163194938604
10.971724965215028
2.1327587747636687
3.450736888020544
1.5771625731162273
1.4208039388186138
4.80336647991054
4.385770432669886
1.0728174842236755
4.4505771972936765
4.833480649772008
4.81475578847907
1.8126307565848085
2.607615438032766
9.819696462230244
12.952868093683616
9.092025183554782
7.075208487420918
4.009726735185417
3.0808664266963928
2.879689717118018
4.365124463127536
2.7449940263812143
3.1476731447993287
3.77260939708035
2.463324079434348
4.491251257979622
4.032142115287564
1.9559419440376158
4.564541045614466
1.7480225533654177
4.270734441277171
4.137826772749962
4.757681799996169
6.660797506035086
14.929444237420244
5.388882476064776
12.447210894299527
9.118207322094058
13.581693915159882
12.467505527370838
10.582357009958379
6.042721769956184
12.33080022819228
7.746451395354301
13.719633780908246
4.954487690327623
4.385136097645818
2.1229899447536393
1.6890641050706825
1.6147767784775517
4.867516088196048
4.338686009553508
2.2795615006259546
5.736976438298063
6.536904181685471
13.89382003628587
11.352379770560642
2.8419323970928465
4.029989285438579
2.2220222438749477
1.1203224871296786
1.264339337289977
4.5513689324472875
1.8553779552704333
2.171663280820167
2.8404557642031265
3.670671781286278
1.4160741892711952
4.029128159343873
1.6724052784184846
1.8686223584232984
3.1854487401161324
2.5435645235652196
1.0815364127409826
4.148392519849589
1.0779387503232893
3.5945276496962393
2.242053332862329
3.7425188219773324
1.595485076005486
1.673583996954786
14.207568589603442
7.191818127637144
13.80196531601419
10.289192293899358
12.700328952157228
12.504081943245328
6.146643724617325
8.59277254387739
5.400497427682195
6.647883187671926
12.702977294576788
8.464218537059386
4.700356070842468
4.4708685122115766
4.764126923364452
2.525905730409726
8.148582737468692
13.123622352578664
14.825613369804994
8.415561322935845
5.577472913132768
8.795989058236167
14.131018971587505
9.599624650429586
Running 200 simulations with 1 MPI ranks
Rank 0: 200 simulations
Running 200 simulations with 1 MPI ranks
Rank 0: 200 simulations
Running 200 simulations with 1 MPI ranks
Rank 0: 200 simulations
Running 200 simulations with 1 MPI ranks
Rank 0: 200 simulations
t=357322  fraction=0.16000  peak_slope=1.075e-06  t_peak=178661  comparison cadence=357322  difference=0.16000  below=0/3
t=368489  fraction=0.17000  peak_slope=1.075e-06  t_peak=178661  comparison cadence=357322  difference=0.17000  below=0/3
t=379655  fraction=0.17500  peak_slope=1.075e-06  t_peak=178661  comparison cadence=357322  difference=0.17500  below=0/3
t=390821  fraction=0.17500  peak_slope=1.075e-06  t_peak=178661  comparison cadence=357322  difference=0.17500  below=0/3
t=401988  fraction=0.19000  peak_slope=1.075e-06  t_peak=178661  comparison cadence=357322  difference=0.19000  below=0/3
t=413154  fraction=0.19500  peak_slope=1.075e-06  t_peak=178661  comparison cadence=357322  difference=0.19500  below=0/3
t=424320  fraction=0.19500  peak_slope=1.075e-06  t_peak=178661  comparison cadence=357322  difference=0.19500  below=0/3
t=435487  fraction=0.20000  peak_slope=1.075e-06  t_peak=178661  comparison cadence=357322  difference=0.20000  below=0/3
t=446653  fraction=0.20500  peak_slope=1.075e-06  t_peak=178661  comparison cadence=357322  difference=0.20500  below=0/3
t=379655  fraction=0.20500  peak_slope=1.612e-06  t_peak=189828  comparison cadence=379655  difference=0.20500  below=0/3
t=457819  fraction=0.21500  peak_slope=1.075e-06  t_peak=178661  comparison cadence=357322  difference=0.21500  below=0/3
t=390821  fraction=0.20500  peak_slope=1.612e-06  t_peak=189828  comparison cadence=379655  difference=0.20500  below=0/3
t=468986  fraction=0.21500  peak_slope=1.075e-06  t_peak=178661  comparison cadence=357322  difference=0.21500  below=0/3
t=401988  fraction=0.20500  peak_slope=1.612e-06  t_peak=189828  comparison cadence=379655  difference=0.20500  below=0/3
t=480152  fraction=0.22000  peak_slope=1.075e-06  t_peak=178661  comparison cadence=357322  difference=0.21500  below=0/3
t=413154  fraction=0.21000  peak_slope=1.612e-06  t_peak=189828  comparison cadence=379655  difference=0.21000  below=0/3
t=446653  fraction=0.21000  peak_slope=1.702e-06  t_peak=223326  comparison cadence=446653  difference=0.21000  below=0/3
t=491318  fraction=0.22000  peak_slope=1.075e-06  t_peak=178661  comparison cadence=357322  difference=0.20500  below=0/3
t=424320  fraction=0.21000  peak_slope=1.612e-06  t_peak=189828  comparison cadence=379655  difference=0.21000  below=0/3
t=457819  fraction=0.21500  peak_slope=1.702e-06  t_peak=223326  comparison cadence=446653  difference=0.21500  below=0/3
t=502485  fraction=0.22000  peak_slope=1.075e-06  t_peak=178661  comparison cadence=357322  difference=0.19500  below=0/3
t=435487  fraction=0.21000  peak_slope=1.612e-06  t_peak=189828  comparison cadence=379655  difference=0.21000  below=0/3
t=468986  fraction=0.21500  peak_slope=1.702e-06  t_peak=223326  comparison cadence=446653  difference=0.21500  below=0/3
t=513651  fraction=0.22500  peak_slope=1.075e-06  t_peak=178661  comparison cadence=357322  difference=0.19000  below=0/3
t=480152  fraction=0.22000  peak_slope=1.702e-06  t_peak=223326  comparison cadence=446653  difference=0.22000  below=0/3
t=446653  fraction=0.22000  peak_slope=1.612e-06  t_peak=189828  comparison cadence=379655  difference=0.22000  below=0/3
t=524817  fraction=0.22500  peak_slope=1.075e-06  t_peak=178661  comparison cadence=357322  difference=0.19000  below=0/3
t=535984  fraction=0.22500  peak_slope=1.075e-06  t_peak=178661  comparison cadence=357322  difference=0.16000  below=0/3
t=491318  fraction=0.22000  peak_slope=1.702e-06  t_peak=223326  comparison cadence=446653  difference=0.22000  below=0/3
t=457819  fraction=0.22000  peak_slope=1.612e-06  t_peak=189828  comparison cadence=379655  difference=0.22000  below=0/3
t=547150  fraction=0.22500  peak_slope=1.075e-06  t_peak=178661  comparison cadence=357322  difference=0.15500  below=0/3
t=502485  fraction=0.22500  peak_slope=1.702e-06  t_peak=223326  comparison cadence=446653  difference=0.22500  below=0/3
t=468986  fraction=0.22000  peak_slope=1.612e-06  t_peak=189828  comparison cadence=379655  difference=0.22000  below=0/3
t=558316  fraction=0.22500  peak_slope=1.075e-06  t_peak=178661  comparison cadence=357322  difference=0.15000  below=0/3
t=513651  fraction=0.23000  peak_slope=1.702e-06  t_peak=223326  comparison cadence=446653  difference=0.23000  below=0/3
t=480152  fraction=0.22000  peak_slope=1.612e-06  t_peak=189828  comparison cadence=379655  difference=0.21500  below=0/3
t=569483  fraction=0.22500  peak_slope=1.075e-06  t_peak=178661  comparison cadence=357322  difference=0.14500  below=0/3
t=491318  fraction=0.21500  peak_slope=1.164e-06  t_peak=245659  comparison cadence=491318  difference=0.21500  below=0/3
t=524817  fraction=0.23000  peak_slope=1.702e-06  t_peak=223326  comparison cadence=446653  difference=0.23000  below=0/3
t=491318  fraction=0.22500  peak_slope=1.612e-06  t_peak=189828  comparison cadence=379655  difference=0.20000  below=0/3
t=580649  fraction=0.22500  peak_slope=1.075e-06  t_peak=178661  comparison cadence=357322  difference=0.14000  below=0/3
t=502485  fraction=0.21500  peak_slope=1.164e-06  t_peak=245659  comparison cadence=491318  difference=0.21500  below=0/3
t=535984  fraction=0.23000  peak_slope=1.702e-06  t_peak=223326  comparison cadence=446653  difference=0.23000  below=0/3
t=502485  fraction=0.22500  peak_slope=1.612e-06  t_peak=189828  comparison cadence=379655  difference=0.19500  below=0/3
t=591815  fraction=0.22500  peak_slope=1.075e-06  t_peak=178661  comparison cadence=357322  difference=0.13000  below=0/3
t=547150  fraction=0.23000  peak_slope=1.702e-06  t_peak=223326  comparison cadence=446653  difference=0.22500  below=0/3
t=513651  fraction=0.21500  peak_slope=1.164e-06  t_peak=245659  comparison cadence=491318  difference=0.21500  below=0/3
t=513651  fraction=0.23000  peak_slope=1.612e-06  t_peak=189828  comparison cadence=379655  difference=0.19500  below=0/3
t=602982  fraction=0.22500  peak_slope=1.075e-06  t_peak=178661  comparison cadence=357322  difference=0.12000  below=0/3
t=558316  fraction=0.23000  peak_slope=1.702e-06  t_peak=223326  comparison cadence=446653  difference=0.22500  below=0/3
t=524817  fraction=0.22000  peak_slope=1.164e-06  t_peak=245659  comparison cadence=491318  difference=0.22000  below=0/3
t=614148  fraction=0.22500  peak_slope=1.075e-06  t_peak=178661  comparison cadence=357322  difference=0.11000  below=0/3
t=524817  fraction=0.23000  peak_slope=1.612e-06  t_peak=189828  comparison cadence=379655  difference=0.18500  below=0/3
t=569483  fraction=0.23500  peak_slope=1.702e-06  t_peak=223326  comparison cadence=446653  difference=0.22500  below=0/3
t=535984  fraction=0.22000  peak_slope=1.164e-06  t_peak=245659  comparison cadence=491318  difference=0.22000  below=0/3
t=625314  fraction=0.22500  peak_slope=1.075e-06  t_peak=178661  comparison cadence=357322  difference=0.10500  below=0/3
t=535984  fraction=0.23000  peak_slope=1.612e-06  t_peak=189828  comparison cadence=379655  difference=0.15500  below=0/3
t=580649  fraction=0.23500  peak_slope=1.702e-06  t_peak=223326  comparison cadence=446653  difference=0.21500  below=0/3
t=636480  fraction=0.23000  peak_slope=1.075e-06  t_peak=178661  comparison cadence=357322  difference=0.11000  below=0/3
t=547150  fraction=0.23000  peak_slope=1.164e-06  t_peak=245659  comparison cadence=491318  difference=0.23000  below=0/3
t=547150  fraction=0.23000  peak_slope=1.612e-06  t_peak=189828  comparison cadence=379655  difference=0.15500  below=0/3
t=591815  fraction=0.23500  peak_slope=1.702e-06  t_peak=223326  comparison cadence=446653  difference=0.20000  below=0/3
t=647647  fraction=0.23000  peak_slope=1.075e-06  t_peak=178661  comparison cadence=357322  difference=0.11000  below=0/3
t=558316  fraction=0.23000  peak_slope=1.164e-06  t_peak=245659  comparison cadence=491318  difference=0.23000  below=0/3
t=558316  fraction=0.23500  peak_slope=1.612e-06  t_peak=189828  comparison cadence=379655  difference=0.15000  below=0/3
t=658813  fraction=0.24000  peak_slope=1.075e-06  t_peak=178661  comparison cadence=357322  difference=0.11500  below=0/3
t=602982  fraction=0.23500  peak_slope=1.702e-06  t_peak=223326  comparison cadence=446653  difference=0.19000  below=0/3
t=569483  fraction=0.23000  peak_slope=1.164e-06  t_peak=245659  comparison cadence=491318  difference=0.23000  below=0/3
t=569483  fraction=0.23500  peak_slope=1.612e-06  t_peak=189828  comparison cadence=379655  difference=0.11000  below=0/3
t=669979  fraction=0.24000  peak_slope=1.075e-06  t_peak=178661  comparison cadence=357322  difference=0.11000  below=0/3
t=614148  fraction=0.23500  peak_slope=1.702e-06  t_peak=223326  comparison cadence=446653  difference=0.18000  below=0/3
t=580649  fraction=0.23000  peak_slope=1.164e-06  t_peak=245659  comparison cadence=491318  difference=0.23000  below=0/3
t=580649  fraction=0.23500  peak_slope=1.612e-06  t_peak=189828  comparison cadence=379655  difference=0.10500  below=0/3
t=681146  fraction=0.24000  peak_slope=1.075e-06  t_peak=178661  comparison cadence=357322  difference=0.10500  below=0/3
t=625314  fraction=0.23500  peak_slope=1.702e-06  t_peak=223326  comparison cadence=446653  difference=0.17000  below=0/3
t=591815  fraction=0.23000  peak_slope=1.164e-06  t_peak=245659  comparison cadence=491318  difference=0.23000  below=0/3
t=591815  fraction=0.23500  peak_slope=1.612e-06  t_peak=189828  comparison cadence=379655  difference=0.09500  below=0/3
t=692312  fraction=0.25000  peak_slope=1.075e-06  t_peak=178661  comparison cadence=357322  difference=0.11500  below=0/3
t=636480  fraction=0.23500  peak_slope=1.702e-06  t_peak=223326  comparison cadence=446653  difference=0.16500  below=0/3
t=602982  fraction=0.23000  peak_slope=1.164e-06  t_peak=245659  comparison cadence=491318  difference=0.23000  below=0/3
t=703478  fraction=0.25000  peak_slope=1.075e-06  t_peak=178661  comparison cadence=357322  difference=0.11000  below=0/3
t=602982  fraction=0.23500  peak_slope=1.612e-06  t_peak=189828  comparison cadence=379655  difference=0.09000  below=0/3
t=647647  fraction=0.23500  peak_slope=1.702e-06  t_peak=223326  comparison cadence=446653  difference=0.13000  below=0/3
t=714645  fraction=0.25000  peak_slope=1.075e-06  t_peak=178661  comparison cadence=357322  difference=0.09000  below=0/3
t=614148  fraction=0.23000  peak_slope=1.164e-06  t_peak=245659  comparison cadence=491318  difference=0.21000  below=0/3
t=614148  fraction=0.23500  peak_slope=1.612e-06  t_peak=189828  comparison cadence=379655  difference=0.09000  below=0/3
t=658813  fraction=0.23500  peak_slope=1.702e-06  t_peak=223326  comparison cadence=446653  difference=0.10500  below=0/3
t=725811  fraction=0.25000  peak_slope=1.075e-06  t_peak=178661  comparison cadence=357322  difference=0.08000  below=0/3
t=625314  fraction=0.23000  peak_slope=1.164e-06  t_peak=245659  comparison cadence=491318  difference=0.19500  below=0/3
t=625314  fraction=0.23500  peak_slope=1.612e-06  t_peak=189828  comparison cadence=379655  difference=0.08000  below=0/3
t=669979  fraction=0.23500  peak_slope=1.702e-06  t_peak=223326  comparison cadence=446653  difference=0.08500  below=0/3
t=736977  fraction=0.25000  peak_slope=1.075e-06  t_peak=178661  comparison cadence=357322  difference=0.07500  below=0/3
t=636480  fraction=0.23000  peak_slope=1.164e-06  t_peak=245659  comparison cadence=491318  difference=0.18000  below=0/3
t=636480  fraction=0.23500  peak_slope=1.612e-06  t_peak=189828  comparison cadence=379655  difference=0.07000  below=0/3
t=681146  fraction=0.23500  peak_slope=1.702e-06  t_peak=223326  comparison cadence=446653  difference=0.08500  below=0/3
t=748144  fraction=0.25000  peak_slope=1.075e-06  t_peak=178661  comparison cadence=357322  difference=0.07500  below=0/3
t=647647  fraction=0.23000  peak_slope=1.164e-06  t_peak=245659  comparison cadence=491318  difference=0.17500  below=0/3
t=647647  fraction=0.23500  peak_slope=1.612e-06  t_peak=189828  comparison cadence=379655  difference=0.06000  below=0/3
t=692312  fraction=0.23500  peak_slope=1.702e-06  t_peak=223326  comparison cadence=446653  difference=0.08000  below=0/3
t=759310  fraction=0.25000  peak_slope=1.075e-06  t_peak=178661  comparison cadence=357322  difference=0.06000  below=0/3
t=658813  fraction=0.23500  peak_slope=1.164e-06  t_peak=245659  comparison cadence=491318  difference=0.17500  below=0/3
t=658813  fraction=0.23500  peak_slope=1.612e-06  t_peak=189828  comparison cadence=379655  difference=0.06000  below=0/3
t=703478  fraction=0.23500  peak_slope=1.702e-06  t_peak=223326  comparison cadence=446653  difference=0.08000  below=0/3
t=770476  fraction=0.25000  peak_slope=1.075e-06  t_peak=178661  comparison cadence=357322  difference=0.05500  below=0/3
t=669979  fraction=0.23500  peak_slope=1.164e-06  t_peak=245659  comparison cadence=491318  difference=0.17500  below=0/3
t=781643  fraction=0.25000  peak_slope=1.075e-06  t_peak=178661  comparison cadence=357322  difference=0.05500  below=0/3
t=669979  fraction=0.23500  peak_slope=1.612e-06  t_peak=189828  comparison cadence=379655  difference=0.06000  below=0/3
t=714645  fraction=0.23500  peak_slope=1.702e-06  t_peak=223326  comparison cadence=446653  difference=0.07500  below=0/3
t=792809  fraction=0.25500  peak_slope=1.075e-06  t_peak=178661  comparison cadence=357322  difference=0.05500  below=0/3
t=681146  fraction=0.23500  peak_slope=1.164e-06  t_peak=245659  comparison cadence=491318  difference=0.16500  below=0/3
t=681146  fraction=0.23500  peak_slope=1.612e-06  t_peak=189828  comparison cadence=379655  difference=0.06000  below=0/3
t=725811  fraction=0.23500  peak_slope=1.702e-06  t_peak=223326  comparison cadence=446653  difference=0.07000  below=0/3
t=803975  fraction=0.25500  peak_slope=1.075e-06  t_peak=178661  comparison cadence=357322  difference=0.05000  below=0/3
t=692312  fraction=0.23500  peak_slope=1.164e-06  t_peak=245659  comparison cadence=491318  difference=0.14500  below=0/3
t=736977  fraction=0.23500  peak_slope=1.702e-06  t_peak=223326  comparison cadence=446653  difference=0.06000  below=0/3
t=692312  fraction=0.23500  peak_slope=1.612e-06  t_peak=189828  comparison cadence=379655  difference=0.05000  below=1/3
t=815142  fraction=0.25500  peak_slope=1.075e-06  t_peak=178661  comparison cadence=357322  difference=0.04000  below=1/3
t=703478  fraction=0.24000  peak_slope=1.164e-06  t_peak=245659  comparison cadence=491318  difference=0.14000  below=0/3
t=748144  fraction=0.23500  peak_slope=1.702e-06  t_peak=223326  comparison cadence=446653  difference=0.05500  below=0/3
t=703478  fraction=0.23500  peak_slope=1.612e-06  t_peak=189828  comparison cadence=379655  difference=0.04000  below=2/3
t=826308  fraction=0.25500  peak_slope=1.075e-06  t_peak=178661  comparison cadence=357322  difference=0.04000  below=2/3
t=759310  fraction=0.24000  peak_slope=1.702e-06  t_peak=223326  comparison cadence=446653  difference=0.06000  below=0/3
t=714645  fraction=0.24000  peak_slope=1.164e-06  t_peak=245659  comparison cadence=491318  difference=0.13500  below=0/3
t=714645  fraction=0.23500  peak_slope=1.612e-06  t_peak=189828  comparison cadence=379655  difference=0.04000  below=3/3
Stopping at t=714644.7624899728
Saved 152 remaining particles to /scratch/group/p.phy260085.000//Mass_Fraction/Outputs/Ejection_Results/remaining_particles_2145715_2.csv
t=837474  fraction=0.25500  peak_slope=1.075e-06  t_peak=178661  comparison cadence=357322  difference=0.03500  below=3/3
Stopping at t=837474.3310429368
Saved 146 remaining particles to /scratch/group/p.phy260085.000//Mass_Fraction/Outputs/Ejection_Results/remaining_particles_2145715_2.csv
t=770476  fraction=0.24000  peak_slope=1.702e-06  t_peak=223326  comparison cadence=446653  difference=0.05500  below=0/3
t=725811  fraction=0.24500  peak_slope=1.164e-06  t_peak=245659  comparison cadence=491318  difference=0.13500  below=0/3
t=781643  fraction=0.24000  peak_slope=1.702e-06  t_peak=223326  comparison cadence=446653  difference=0.05500  below=0/3
t=736977  fraction=0.24500  peak_slope=1.164e-06  t_peak=245659  comparison cadence=491318  difference=0.11000  below=0/3
t=792809  fraction=0.24000  peak_slope=1.702e-06  t_peak=223326  comparison cadence=446653  difference=0.04500  below=1/3
t=748144  fraction=0.24500  peak_slope=1.164e-06  t_peak=245659  comparison cadence=491318  difference=0.10000  below=0/3
t=803975  fraction=0.24500  peak_slope=1.702e-06  t_peak=223326  comparison cadence=446653  difference=0.05000  below=2/3
t=759310  fraction=0.24500  peak_slope=1.164e-06  t_peak=245659  comparison cadence=491318  difference=0.09500  below=0/3
t=815142  fraction=0.25000  peak_slope=1.702e-06  t_peak=223326  comparison cadence=446653  difference=0.05000  below=3/3
Stopping at t=815141.6822151252
Saved 150 remaining particles to /scratch/group/p.phy260085.000//Mass_Fraction/Outputs/Ejection_Results/remaining_particles_2145715_2.csv
t=770476  fraction=0.25500  peak_slope=1.164e-06  t_peak=245659  comparison cadence=491318  difference=0.10500  below=0/3
t=781643  fraction=0.25500  peak_slope=1.164e-06  t_peak=245659  comparison cadence=491318  difference=0.08500  below=0/3
t=792809  fraction=0.26000  peak_slope=1.164e-06  t_peak=245659  comparison cadence=491318  difference=0.09000  below=0/3
t=803975  fraction=0.26000  peak_slope=1.164e-06  t_peak=245659  comparison cadence=491318  difference=0.09000  below=0/3
t=815142  fraction=0.26000  peak_slope=1.164e-06  t_peak=245659  comparison cadence=491318  difference=0.08500  below=0/3
t=826308  fraction=0.26000  peak_slope=1.164e-06  t_peak=245659  comparison cadence=491318  difference=0.08500  below=0/3
t=837474  fraction=0.26000  peak_slope=1.164e-06  t_peak=245659  comparison cadence=491318  difference=0.08000  below=0/3
t=848641  fraction=0.26000  peak_slope=1.164e-06  t_peak=245659  comparison cadence=491318  difference=0.07000  below=0/3
t=859807  fraction=0.26000  peak_slope=1.164e-06  t_peak=245659  comparison cadence=491318  difference=0.07000  below=0/3
t=870973  fraction=0.26000  peak_slope=1.164e-06  t_peak=245659  comparison cadence=491318  difference=0.06500  below=0/3
t=882140  fraction=0.26000  peak_slope=1.164e-06  t_peak=245659  comparison cadence=491318  difference=0.06500  below=0/3
t=893306  fraction=0.26000  peak_slope=1.164e-06  t_peak=245659  comparison cadence=491318  difference=0.06500  below=0/3
t=904472  fraction=0.26000  peak_slope=1.164e-06  t_peak=245659  comparison cadence=491318  difference=0.05000  below=0/3
t=915639  fraction=0.26500  peak_slope=1.164e-06  t_peak=245659  comparison cadence=491318  difference=0.05500  below=0/3
t=926805  fraction=0.26500  peak_slope=1.164e-06  t_peak=245659  comparison cadence=491318  difference=0.05500  below=0/3
t=937971  fraction=0.26500  peak_slope=1.164e-06  t_peak=245659  comparison cadence=491318  difference=0.05500  below=0/3
t=949138  fraction=0.26500  peak_slope=1.164e-06  t_peak=245659  comparison cadence=491318  difference=0.05500  below=0/3
t=960304  fraction=0.26500  peak_slope=1.164e-06  t_peak=245659  comparison cadence=491318  difference=0.05500  below=0/3
t=971470  fraction=0.26500  peak_slope=1.164e-06  t_peak=245659  comparison cadence=491318  difference=0.05000  below=0/3
t=982637  fraction=0.26500  peak_slope=1.164e-06  t_peak=245659  comparison cadence=491318  difference=0.05000  below=0/3
t=993803  fraction=0.26500  peak_slope=1.164e-06  t_peak=245659  comparison cadence=491318  difference=0.05000  below=0/3
t=1004969  fraction=0.27000  peak_slope=1.164e-06  t_peak=245659  comparison cadence=491318  difference=0.05500  below=0/3
t=1016136  fraction=0.27000  peak_slope=1.164e-06  t_peak=245659  comparison cadence=491318  difference=0.05000  below=0/3
t=1027302  fraction=0.27000  peak_slope=1.164e-06  t_peak=245659  comparison cadence=491318  difference=0.05000  below=0/3
t=1038468  fraction=0.27000  peak_slope=1.164e-06  t_peak=245659  comparison cadence=491318  difference=0.04000  below=1/3
t=1049634  fraction=0.27000  peak_slope=1.164e-06  t_peak=245659  comparison cadence=491318  difference=0.04000  below=2/3
t=1060801  fraction=0.27000  peak_slope=1.164e-06  t_peak=245659  comparison cadence=491318  difference=0.04000  below=3/3
Stopping at t=1060800.8193210533
Saved 146 remaining particles to /scratch/group/p.phy260085.000//Mass_Fraction/Outputs/Ejection_Results/remaining_particles_2145715_2.csv
