==========================================
Mass Fraction MPI Run
==========================================
Date:               Sun Sep 20 04:20:36 CDT 2026
Host:               ac003
Array job ID:       2145715
Array task ID:      4
MPI ranks:          4
CPUs per task:      1
Nodes allocated:    1
Python:             /scratch/user/u.hm357857/.conda/envs/comets/bin/python
Conda environment:  /scratch/user/u.hm357857/.conda/envs/comets
==========================================

6.425116384546831
6.374075266608026
5.887969104943344
10.487742585109684
4.027638368076046
3.9502556855436852
1.6275917997004452
2.8818965660549476
7.5828908399280355
9.679046704131393
10.80679801537882
11.730244583786217
11.081684088584868
10.569661634965168
12.047155945807354
7.0174504980558305
3.164093870112497
4.694655243488654
1.6359721683235975
2.3900844447747023
8.83833519307948
12.094434216973315
12.394075102459228
14.551443003989718
9.118737023046798
7.847074781472206
7.0294181069704536
10.67825974991773
7.812299335719976
12.485881499649448
13.386134686175373
13.369657870603186
14.576864139150556
14.131415949505275
5.679475230140637
14.367811440874622
6.21928982984965
8.174055050663846
10.861091299198632
5.770539595285547
5.230706797915401
14.97858820904548
9.284460471336624
9.285720107837157
2.1122558322421545
4.651044252561339
2.2851449200006875
1.4668200289585291
11.288634466964918
14.70332803082161
14.948506880140814
7.371644333415805
3.003817134101374
3.873529712925792
3.4794617273876334
2.7125348560214935
2.30851555256088
2.2227898736352865
3.850698751247726
2.581777189857385
8.242898287728298
13.41174274323234
13.71589321763516
11.46721833748839
12.508477917073268
14.777522709496639
9.73486777456101
11.390197539541283
3.9179888900167725
2.1148453862315177
2.429289798839522
4.773678668442658
11.813576562072477
5.0967849974391815
10.949494656702438
7.848349741748905
9.354198201443072
12.460988782906384
9.108357610755938
14.439340002437001
3.042434736534681
2.5381579344465703
3.9695082001822923
1.8845533769383858
5.875491319146468
12.655939775295034
8.756837422023434
14.595601127761398
8.50359699463428
12.287545137319373
7.32419432390088
8.281877925578872
10.400940022930545
13.993101743174087
11.17532151214878
14.335271738978712
3.1855158376094215
2.3358364238351137
4.517136053972676
3.771781029394752
3.759910324530007
1.7461831707755446
2.3362382035719684
1.3582077600040825
2.8438907076043556
1.5333127176392356
1.3405920453638513
2.4816134081455905
4.103579685125462
4.128833448219323
3.3628412283811127
1.557515251143133
3.674278476115881
2.675476582409998
4.66197136659375
1.2496379870668943
6.026735772096661
7.014779585600004
5.297600028197507
9.305733823415352
8.35624834583799
7.19915530620986
11.940524483975405
11.407178972873592
13.18895870653334
6.146885466780984
11.961366388741377
8.060446910014365
3.6515215419685307
3.5248823907146876
3.655380542539136
1.7441495708070605
9.972936276588923
9.889927366336952
13.184103466379302
11.498167354961645
5.756969861498912
12.748478001609099
5.440491545500424
7.367109942957713
5.844231975550226
6.277614427993107
6.202284166561003
7.007756263340803
6.424364803371331
7.396909960969097
13.780705774363515
10.773567671584365
3.967926141001659
2.2089305771606584
4.1623043873350065
1.396344465983141
2.7856751777194053
2.7606412865283847
2.9390835371096795
4.539302629334415
1.6084753004692653
4.581262931048137
1.2629999225330732
3.84026270466926
14.296134709409728
5.279586127482915
12.579642263841764
13.255371227112699
1.6670165845548057
2.5998767324059004
3.9096643057395637
2.698563958975713
9.929103626387732
8.528970749540637
8.618614729017256
6.596441457436527
10.498256345347926
7.644198733642533
5.472473813502968
6.167426722811538
1.980538259373131
3.3377783782564494
2.814901778797734
3.0922875368564395
11.96617537975785
6.077139478778042
6.306974116198289
8.719428302839454
3.517633101798521
4.087868668348252
4.183381924703049
2.723575645320094
1.4514215696415387
2.822371336984159
1.756609878099718
4.226952873630854
11.261928343777086
8.58963602012344
9.137237719768258
14.258345977274269
12.740154586022552
7.002115657361929
7.6893215778069255
14.793119284265448
3.1983595576074877
1.761717890763765
2.9150362884196874
4.967156868089442
3.0778027605665774
2.7764007094003227
4.51926311018981
2.134015503908592
2.0645915799216543
3.76766017787178
1.476287242476661
1.2733704177466163
1.7135520836436635
1.2534764816692214
2.6404759485009572
3.7901020779722714
11.53850432975974
12.69826632007284
10.048854938787917
12.48035907142491
4.325397800129124
4.162084102573489
1.3350560937906533
3.2543019385218233
13.144714227183433
13.239722307826858
6.07440570805017
14.799903842924886
9.911728227332878
13.443098158974154
6.315155840199492
1.7126937849693622
13.453329629238116
1.0439072327935115
3.5086776034740326
2.9012352428926134
3.3040437046534783
1.3288901542373956
3.9529643251084723
8.018260877512018
4.1650085407321775
9.37187095740167
8.764927040154493
14.894959720418177
11.665622325910633
8.978023258487386
7.028914331028512
5.440397359433411
7.504116941580097
5.841331420625366
6.905080502078002
9.382145894248426
13.238774315493337
14.293190792884834
7.158190521554562
6.224225805136005
2.401814445122915
1.0721453109527674
2.920599677580979
3.195021605385989
5.587411248104491
11.713192857616766
11.5472183606094
7.755655557511244
5.606864178232187
13.194883400166962
5.931626931620421
5.684762668702512
4.0258761355221875
3.2808147022912273
3.13652104232671
2.1090664148623377
12.22602645208105
6.861479544644688
14.983308745971142
6.744528209504651
1.9775970253145836
1.128368728235047
2.2692282666505634
3.063801595657069
6.274209957173015
7.025507234654363
8.529953304704929
9.752788162886866
2.851047487505737
3.4223201739130817
2.4245693456572175
2.310527127347778
13.86745653965077
8.58466510782426
8.870437440480275
13.26215439697632
7.7060649623143345
5.331125190156762
5.28680911996047
14.615295196796282
5.818727728131824
7.654138331577162
6.379190519756951
13.367593107901229
10.45335443609499
8.230672899513097
9.332854839988805
6.827952743532779
14.563377412053683
7.118677188072775
6.787462281224023
14.041018103083914
7.6697406412152365
6.257617075109047
10.762666239465712
14.036702652701045
5.826796767283154
9.407543262199354
13.317515197212037
8.605783346506982
8.824468125678942
12.990126948662926
10.01800047389644
6.24302455322952
8.094229688958055
11.183113490961158
10.25211442587639
14.47680186773564
12.388961402127872
14.487146995072798
6.22684663044828
12.422881173249849
3.1335492122913355
2.168647057946089
2.089254602718814
2.7830442449912844
13.3522049868813
6.363699535738196
9.54397778392293
12.242433386584155
4.420315535145221
1.2966431678858887
1.9020962585537298
4.364528977564879
4.5524029287648045
3.84095324846895
1.0704943798645967
3.609813161215007
8.189571734404655
7.67123735444318
13.988112277780976
6.141227166694341
1.4837285494476937
4.864880761647923
1.409037222670995
2.382166728618431
3.1928912338295996
2.249126081952596
4.966673741498239
3.5060223171774827
6.152320181317736
6.240136027979377
8.484999481820214
8.166302194598952
6.727505559634926
10.395665644537626
6.582831073117931
8.335414423611304
1.193843589589672
4.610701536427282
1.5902654367954345
1.496114333138173
4.2589133002263475
4.442842601675134
4.7862938477934165
2.600704831939707
10.992590863508621
10.903781162528418
13.993299228230615
10.09577543479456
10.86667309930083
5.131600146353035
8.881991983700475
3.5229209490998867
13.036830722734695
1.3468031179163606
4.883713852807878
8.999851237674575
3.6742108515784966
5.162598143660421
12.967971030870515
2.2547495534428137
12.880731850096762
4.670332011775052
4.468063182980247
4.9774184880174825
2.8043338233323154
3.5504407065703
4.868593050057982
6.918014981655797
4.016897802239207
7.925343675221519
12.076723624893404
6.212159547887249
7.195170279073482
6.3623120050625035
6.05567657243834
3.0848126463887713
13.162047510911073
1.3070268892476262
3.4273131814457263
2.8831105873379044
1.871417419780684
4.719203050166008
4.9304142125891595
1.9293542137637654
1.7734378047677812
1.5394242107681562
3.9144927948619204
3.6622924959776273
3.2905952768405085
3.4345174499952034
1.9940537212413258
8.852723308223872
3.9344211458954526
7.152333224415156
11.668301926230415
1.595572993456646
6.724564734639529
2.750863672554312
3.263229799770733
3.8352118723788466
3.781057320050392
2.2286277139504556
1.7817975529607315
2.4088134820765865
4.364851472483725
1.0640290130583652
2.614734454590732
2.603942727826803
4.302459303819052
4.6970543365423545
2.7024033441915525
3.796610325424469
1.5192191265647814
4.273338083046951
3.5463536467886363
3.697300275941318
4.079440280500935
2.648783130314334
1.0120453961898792
11.820411169136632
3.52532827121283
13.946597319338315
9.617322781329383
4.59904645761276
6.675665854568419
3.2868312594337814
1.626594499843291
7.830480273350942
4.674450230320078
6.03589692756435
10.340142070417022
2.902206891647511
11.008260537358836
4.263012279180628
2.997509576334656
2.3783780917022286
3.521328161607327
1.6609198720336469
3.1645115569943405
8.871695042257324
1.1042645347843782
13.339016261136342
10.17826586474449
7.459913539100606
7.404647032997042
9.959903305556935
12.837607721989079
6.336828296550805
5.200478373359284
9.472844738205794
10.321313681857422
10.80712761082092
7.509314230535262
12.879219503256824
7.749014567580279
4.043288329554091
6.698636698092911
2.7502305965989366
3.4313346392724666
13.046636228573854
2.802658886234303
14.034392901369374
10.292185036984055
5.377261929648895
10.423593210303835
10.45599742139208
6.875211168290477
8.8889145561791
5.405895701244892
5.178502806153168
14.146202770896602
4.9535595827759575
13.938533351842567
1.8124616317468174
2.241163231362074
10.081875400976784
2.544558297127041
9.273000760632613
6.72926062456027
4.553331937084085
7.825417656923297
4.649560323099692
4.867005927522818
5.962630236207497
3.924140374845974
6.329816576372982
8.116846630102863
2.226347029768369
11.568142804020734
3.5140195957555678
4.238563207493726
9.23313633433185
3.1863005116806944
7.058416614640705
13.555088572574503
4.3255274292577734
14.090876380629542
2.0056510795166664
3.1725519179864823
2.98081223191124
3.521920720012708
3.841774450130053
4.238857949174954
9.117651620628182
4.138481209140066
8.4322530538716
7.780692612634593
2.1985482849483278
14.149672464689228
4.548828242133366
4.916035713212789
5.5558094330199985
1.294872246967378
13.153975757009329
10.540298945489512
12.330123658870255
13.613191711697114
12.38837951980424
11.559377377560942
3.056619501502187
7.342055536306359
4.308835780411488
4.10774769253295
2.186005002382921
4.394914541801846
2.93670552955083
2.7431211739561583
2.3555302121888126
3.942155638385359
4.7528972930957245
1.2892626744937954
6.912189958155381
3.7820752626689704
14.13778292599811
14.249986270932544
9.52564280565171
14.091187591512838
7.169985101579391
12.434033553701404
11.115934105780713
10.017523857692005
13.39245078868598
11.53544787544655
10.119432639935889
13.791895246172142
13.996593341863704
14.744332857985286
3.0830578991539253
12.556671105737564
3.9124824782658574
3.4460922015813966
2.3503284384272507
1.7126922406589036
4.3623209612463185
4.771289644434522
9.091598819313234
3.893113472262067
10.680584554464215
13.473503072737355
3.0954782163869377
11.603564250484215
2.9714305438980992
1.3282727195081683
3.2577604530471422
4.60727615220045
1.695282429704784
1.9891905599050728
14.096761888366043
3.547649219238464
14.512620425670548
6.877239579473821
1.1334840466911755
10.775497507724806
1.854305324702929
4.539706243977271
9.381929497585347
2.735969742915824
12.387671735610255
5.063333988033659
7.6152903117430615
9.065145705400264
14.734514125976997
13.700713861168431
2.9499141003550955
10.678652650438336
1.0584097549465792
7.855076782559908
4.155705341575858
1.3475648062238772
12.039509406113524
14.690188158756857
14.264438320195806
12.90534898430823
10.204704685245447
8.911713490933364
14.515677422860904
5.501810307846045
11.010086573008508
11.905977280991683
12.277908248688115
12.938532039618709
11.189635096394387
4.690038393005374
8.028230925284243
10.89284669203455
1.0805746073547255
9.91030163043719
2.628287825228268
2.586969395357412
14.471666527868345
5.534005209820454
9.740211999708187
6.2287987249981525
9.960678287359691
8.451476087101538
7.270163222018589
9.285702821478493
13.277499103589117
2.6098932449376564
8.149471465244478
14.73391225087349
4.372153693873442
7.886774103752952
1.724775657743543
4.00779493584625
7.5983293823871065
4.448429107577821
12.708810309763702
6.495261877266001
4.403962141434572
6.616530183664957
1.7042318032249844
3.81906484782419
9.628043413745928
2.9086853377306743
10.746051317078937
8.839468462934732
4.994924063306246
12.329334827771788
3.547400846365142
2.7985467966454056
12.249758529791427
14.997556218425572
9.819785652546638
6.625096036622651
12.614619714312411
5.279356304065929
5.84676983502165
12.231689799310828
13.221073579450145
3.832660939501066
5.913694102769494
9.288163339928055
3.2725474489372073
6.266526162986379
4.852463152232097
3.057080620713748
9.870096941627676
10.958753946246842
11.447414981614692
7.681419665875802
10.855141208896857
12.910060966488082
14.38272484091666
5.477316634979603
11.185895193408811
2.7497630681397696
10.786330630538448
5.003760571332462
4.350429435171968
1.9761299804746795
3.1428319819525883
4.998906128410809
1.3248960363662294
3.6639529741573376
1.3169774325939643
1.6262791981170395
2.7368661900325133
10.799148532868003
1.5084283195255437
1.0923582583535465
7.952509777717053
4.118169182284429
12.239872332090975
14.057063771953542
2.170035669374958
4.570600159179456
1.247579223293057
4.438280543886119
1.3704438447060765
1.7906815988377578
2.438209733483149
1.483512629977155
2.6408933309855853
4.032536046581331
3.138198782592116
3.1756575406692913
2.24066006521666
13.501328693387801
2.1980657371047485
3.4744818890881786
6.535791015734443
9.579574264741316
11.745603310113442
6.210360996510952
14.39880630414207
5.730797688389966
6.715234415083379
12.621727760767172
11.281607308722581
2.3632462964084437
6.752328232814185
9.760726009477207
4.899724642576276
2.8458738117700086
2.2133004134007743
4.4330260985748815
2.397645130356071
11.375839745750824
3.995493593762083
4.362391050576498
6.107552906492462
3.6974855231068586
9.077064177913325
10.06628277891544
1.6561210009287044
2.5168420130142204
3.0504724161446046
4.44419617093857
1.4277111919724108
1.6929039771189087
4.275933313244922
4.567128886675334
2.430593839530446
4.708281463490911
2.6862155575666584
3.1907056784057053
4.698908717339808
4.6344391946044805
4.899659928788649
2.166061317910232
3.238874761896662
4.166236527362855
2.4256422102813375
2.8264528015156385
1.9356773100473665
6.444468191323647
2.0523465226736857
2.6763387898170063
14.05568548312543
9.036772664645758
14.669829845891877
7.213641748171091
13.054500071872452
9.686265976669638
9.486080944033752
10.527708859779494
5.739061929255699
2.026592975985968
12.622598722597061
14.01076438127202
4.098950747736752
8.016905715323688
4.132069543630736
1.3803675804808542
11.434365804929918
13.739550146493746
8.924637936697573
12.784618757187957
7.603993408711221
13.832429931322434
Running 200 simulations with 1 MPI ranks
Rank 0: 200 simulations
Running 200 simulations with 1 MPI ranks
Rank 0: 200 simulations
12.182258818860713
Running 200 simulations with 1 MPI ranks
Rank 0: 200 simulations
Running 200 simulations with 1 MPI ranks
Rank 0: 200 simulations
t=1520047  fraction=0.10000  peak_slope=3.579e-07  t_peak=748847  comparison cadence=1497693  difference=0.10000  below=0/3
t=1531224  fraction=0.10000  peak_slope=3.579e-07  t_peak=748847  comparison cadence=1497693  difference=0.10000  below=0/3
t=1542400  fraction=0.10000  peak_slope=3.579e-07  t_peak=748847  comparison cadence=1497693  difference=0.10000  below=0/3
t=1553577  fraction=0.10000  peak_slope=3.579e-07  t_peak=748847  comparison cadence=1497693  difference=0.10000  below=0/3
t=1564754  fraction=0.10000  peak_slope=3.579e-07  t_peak=748847  comparison cadence=1497693  difference=0.10000  below=0/3
t=1575931  fraction=0.10500  peak_slope=3.579e-07  t_peak=748847  comparison cadence=1497693  difference=0.10500  below=0/3
t=1587108  fraction=0.10500  peak_slope=3.579e-07  t_peak=748847  comparison cadence=1497693  difference=0.10500  below=0/3
t=1598284  fraction=0.10500  peak_slope=3.579e-07  t_peak=748847  comparison cadence=1497693  difference=0.10500  below=0/3
t=1609461  fraction=0.11000  peak_slope=3.579e-07  t_peak=748847  comparison cadence=1497693  difference=0.11000  below=0/3
t=1620638  fraction=0.11000  peak_slope=3.579e-07  t_peak=748847  comparison cadence=1497693  difference=0.11000  below=0/3
t=1631815  fraction=0.11500  peak_slope=3.579e-07  t_peak=748847  comparison cadence=1497693  difference=0.11500  below=0/3
t=1642992  fraction=0.12000  peak_slope=3.579e-07  t_peak=748847  comparison cadence=1497693  difference=0.12000  below=0/3
t=1654169  fraction=0.12000  peak_slope=3.579e-07  t_peak=748847  comparison cadence=1497693  difference=0.12000  below=0/3
t=1743583  fraction=0.12000  peak_slope=2.684e-07  t_peak=871792  comparison cadence=1743583  difference=0.12000  below=0/3
t=1754760  fraction=0.12000  peak_slope=2.684e-07  t_peak=871792  comparison cadence=1743583  difference=0.12000  below=0/3
t=1665345  fraction=0.12500  peak_slope=3.579e-07  t_peak=748847  comparison cadence=1497693  difference=0.12500  below=0/3
t=1765937  fraction=0.12000  peak_slope=2.684e-07  t_peak=871792  comparison cadence=1743583  difference=0.12000  below=0/3
t=1676522  fraction=0.12500  peak_slope=3.579e-07  t_peak=748847  comparison cadence=1497693  difference=0.12500  below=0/3
t=1777113  fraction=0.12000  peak_slope=2.684e-07  t_peak=871792  comparison cadence=1743583  difference=0.12000  below=0/3
t=1687699  fraction=0.12500  peak_slope=3.579e-07  t_peak=748847  comparison cadence=1497693  difference=0.12500  below=0/3
t=1788290  fraction=0.12000  peak_slope=2.684e-07  t_peak=871792  comparison cadence=1743583  difference=0.12000  below=0/3
t=1698876  fraction=0.12500  peak_slope=3.579e-07  t_peak=748847  comparison cadence=1497693  difference=0.12500  below=0/3
t=1799467  fraction=0.12000  peak_slope=2.684e-07  t_peak=871792  comparison cadence=1743583  difference=0.12000  below=0/3
t=1710053  fraction=0.12500  peak_slope=3.579e-07  t_peak=748847  comparison cadence=1497693  difference=0.12500  below=0/3
t=1810644  fraction=0.12000  peak_slope=2.684e-07  t_peak=871792  comparison cadence=1743583  difference=0.12000  below=0/3
t=1721229  fraction=0.12500  peak_slope=3.579e-07  t_peak=748847  comparison cadence=1497693  difference=0.12500  below=0/3
t=1821821  fraction=0.12000  peak_slope=2.684e-07  t_peak=871792  comparison cadence=1743583  difference=0.12000  below=0/3
t=1732406  fraction=0.12500  peak_slope=3.579e-07  t_peak=748847  comparison cadence=1497693  difference=0.12500  below=0/3
t=1832998  fraction=0.12000  peak_slope=2.684e-07  t_peak=871792  comparison cadence=1743583  difference=0.12000  below=0/3
t=1743583  fraction=0.13000  peak_slope=3.579e-07  t_peak=748847  comparison cadence=1497693  difference=0.13000  below=0/3
t=1844174  fraction=0.12000  peak_slope=2.684e-07  t_peak=871792  comparison cadence=1743583  difference=0.12000  below=0/3
t=1754760  fraction=0.13000  peak_slope=3.579e-07  t_peak=748847  comparison cadence=1497693  difference=0.13000  below=0/3
t=1855351  fraction=0.12500  peak_slope=2.684e-07  t_peak=871792  comparison cadence=1743583  difference=0.12500  below=0/3
t=1542400  fraction=0.10500  peak_slope=3.579e-07  t_peak=771200  comparison cadence=1542400  difference=0.10500  below=0/3
t=1765937  fraction=0.13000  peak_slope=3.579e-07  t_peak=748847  comparison cadence=1497693  difference=0.13000  below=0/3
t=1866528  fraction=0.12500  peak_slope=2.684e-07  t_peak=871792  comparison cadence=1743583  difference=0.12500  below=0/3
t=1553577  fraction=0.10500  peak_slope=3.579e-07  t_peak=771200  comparison cadence=1542400  difference=0.10500  below=0/3
t=1777113  fraction=0.13000  peak_slope=3.579e-07  t_peak=748847  comparison cadence=1497693  difference=0.13000  below=0/3
t=1877705  fraction=0.12500  peak_slope=2.684e-07  t_peak=871792  comparison cadence=1743583  difference=0.12500  below=0/3
t=1564754  fraction=0.10500  peak_slope=3.579e-07  t_peak=771200  comparison cadence=1542400  difference=0.10500  below=0/3
t=1788290  fraction=0.13000  peak_slope=3.579e-07  t_peak=748847  comparison cadence=1497693  difference=0.13000  below=0/3
t=1888882  fraction=0.13000  peak_slope=2.684e-07  t_peak=871792  comparison cadence=1743583  difference=0.13000  below=0/3
t=1799467  fraction=0.13000  peak_slope=3.579e-07  t_peak=748847  comparison cadence=1497693  difference=0.13000  below=0/3
t=1575931  fraction=0.11000  peak_slope=3.579e-07  t_peak=771200  comparison cadence=1542400  difference=0.11000  below=0/3
t=1900058  fraction=0.13000  peak_slope=2.684e-07  t_peak=871792  comparison cadence=1743583  difference=0.13000  below=0/3
t=1810644  fraction=0.13000  peak_slope=3.579e-07  t_peak=748847  comparison cadence=1497693  difference=0.13000  below=0/3
t=1587108  fraction=0.11500  peak_slope=3.579e-07  t_peak=771200  comparison cadence=1542400  difference=0.11500  below=0/3
t=1911235  fraction=0.13500  peak_slope=2.684e-07  t_peak=871792  comparison cadence=1743583  difference=0.13500  below=0/3
t=1821821  fraction=0.13000  peak_slope=3.579e-07  t_peak=748847  comparison cadence=1497693  difference=0.13000  below=0/3
t=1922412  fraction=0.13500  peak_slope=2.684e-07  t_peak=871792  comparison cadence=1743583  difference=0.13500  below=0/3
t=1598284  fraction=0.11500  peak_slope=3.579e-07  t_peak=771200  comparison cadence=1542400  difference=0.11500  below=0/3
t=1832998  fraction=0.13000  peak_slope=3.579e-07  t_peak=748847  comparison cadence=1497693  difference=0.13000  below=0/3
t=1933589  fraction=0.13500  peak_slope=2.684e-07  t_peak=871792  comparison cadence=1743583  difference=0.13500  below=0/3
t=1609461  fraction=0.11500  peak_slope=3.579e-07  t_peak=771200  comparison cadence=1542400  difference=0.11500  below=0/3
t=1844174  fraction=0.13000  peak_slope=3.579e-07  t_peak=748847  comparison cadence=1497693  difference=0.13000  below=0/3
t=1944766  fraction=0.13500  peak_slope=2.684e-07  t_peak=871792  comparison cadence=1743583  difference=0.13500  below=0/3
t=1620638  fraction=0.11500  peak_slope=3.579e-07  t_peak=771200  comparison cadence=1542400  difference=0.11500  below=0/3
t=1855351  fraction=0.13000  peak_slope=3.579e-07  t_peak=748847  comparison cadence=1497693  difference=0.13000  below=0/3
t=1955943  fraction=0.13500  peak_slope=2.684e-07  t_peak=871792  comparison cadence=1743583  difference=0.13500  below=0/3
t=1631815  fraction=0.11500  peak_slope=3.579e-07  t_peak=771200  comparison cadence=1542400  difference=0.11500  below=0/3
t=1866528  fraction=0.13000  peak_slope=3.579e-07  t_peak=748847  comparison cadence=1497693  difference=0.13000  below=0/3
t=1967119  fraction=0.13500  peak_slope=2.684e-07  t_peak=871792  comparison cadence=1743583  difference=0.13500  below=0/3
t=1642992  fraction=0.11500  peak_slope=3.579e-07  t_peak=771200  comparison cadence=1542400  difference=0.11500  below=0/3
t=1877705  fraction=0.13000  peak_slope=3.579e-07  t_peak=748847  comparison cadence=1497693  difference=0.13000  below=0/3
t=1978296  fraction=0.13500  peak_slope=2.684e-07  t_peak=871792  comparison cadence=1743583  difference=0.13500  below=0/3
t=1989473  fraction=0.14000  peak_slope=2.684e-07  t_peak=871792  comparison cadence=1743583  difference=0.14000  below=0/3
t=1888882  fraction=0.13500  peak_slope=3.579e-07  t_peak=748847  comparison cadence=1497693  difference=0.13500  below=0/3
t=1654169  fraction=0.11500  peak_slope=3.579e-07  t_peak=771200  comparison cadence=1542400  difference=0.11500  below=0/3
t=2000650  fraction=0.14000  peak_slope=2.684e-07  t_peak=871792  comparison cadence=1743583  difference=0.14000  below=0/3
t=1900058  fraction=0.13500  peak_slope=3.579e-07  t_peak=748847  comparison cadence=1497693  difference=0.13500  below=0/3
t=1665345  fraction=0.11500  peak_slope=3.579e-07  t_peak=771200  comparison cadence=1542400  difference=0.11500  below=0/3
t=2011827  fraction=0.14000  peak_slope=2.684e-07  t_peak=871792  comparison cadence=1743583  difference=0.14000  below=0/3
t=1911235  fraction=0.13500  peak_slope=3.579e-07  t_peak=748847  comparison cadence=1497693  difference=0.13500  below=0/3
t=1676522  fraction=0.11500  peak_slope=3.579e-07  t_peak=771200  comparison cadence=1542400  difference=0.11500  below=0/3
t=2023003  fraction=0.14000  peak_slope=2.684e-07  t_peak=871792  comparison cadence=1743583  difference=0.14000  below=0/3
t=1922412  fraction=0.13500  peak_slope=3.579e-07  t_peak=748847  comparison cadence=1497693  difference=0.13000  below=0/3
t=1687699  fraction=0.11500  peak_slope=3.579e-07  t_peak=771200  comparison cadence=1542400  difference=0.11500  below=0/3
t=2034180  fraction=0.14000  peak_slope=2.684e-07  t_peak=871792  comparison cadence=1743583  difference=0.14000  below=0/3
t=1933589  fraction=0.13500  peak_slope=3.579e-07  t_peak=748847  comparison cadence=1497693  difference=0.12500  below=0/3
t=1698876  fraction=0.11500  peak_slope=3.579e-07  t_peak=771200  comparison cadence=1542400  difference=0.11500  below=0/3
t=2045357  fraction=0.14000  peak_slope=2.684e-07  t_peak=871792  comparison cadence=1743583  difference=0.14000  below=0/3
t=1944766  fraction=0.13500  peak_slope=3.579e-07  t_peak=748847  comparison cadence=1497693  difference=0.12500  below=0/3
t=1710053  fraction=0.11500  peak_slope=3.579e-07  t_peak=771200  comparison cadence=1542400  difference=0.11500  below=0/3
t=2056534  fraction=0.14000  peak_slope=2.684e-07  t_peak=871792  comparison cadence=1743583  difference=0.14000  below=0/3
t=1955943  fraction=0.13500  peak_slope=3.579e-07  t_peak=748847  comparison cadence=1497693  difference=0.12500  below=0/3
t=2067711  fraction=0.14000  peak_slope=2.684e-07  t_peak=871792  comparison cadence=1743583  difference=0.14000  below=0/3
t=1721229  fraction=0.11500  peak_slope=3.579e-07  t_peak=771200  comparison cadence=1542400  difference=0.11500  below=0/3
t=1967119  fraction=0.13500  peak_slope=3.579e-07  t_peak=748847  comparison cadence=1497693  difference=0.12500  below=0/3
t=2078887  fraction=0.14000  peak_slope=2.684e-07  t_peak=871792  comparison cadence=1743583  difference=0.14000  below=0/3
t=1732406  fraction=0.11500  peak_slope=3.579e-07  t_peak=771200  comparison cadence=1542400  difference=0.11500  below=0/3
t=1978296  fraction=0.13500  peak_slope=3.579e-07  t_peak=748847  comparison cadence=1497693  difference=0.12500  below=0/3
t=2090064  fraction=0.14000  peak_slope=2.684e-07  t_peak=871792  comparison cadence=1743583  difference=0.14000  below=0/3
t=1989473  fraction=0.13500  peak_slope=3.579e-07  t_peak=748847  comparison cadence=1497693  difference=0.12000  below=0/3
t=1743583  fraction=0.11500  peak_slope=3.579e-07  t_peak=771200  comparison cadence=1542400  difference=0.11500  below=0/3
t=2101241  fraction=0.14000  peak_slope=2.684e-07  t_peak=871792  comparison cadence=1743583  difference=0.14000  below=0/3
t=2000650  fraction=0.13500  peak_slope=3.579e-07  t_peak=748847  comparison cadence=1497693  difference=0.12000  below=0/3
t=1754760  fraction=0.11500  peak_slope=3.579e-07  t_peak=771200  comparison cadence=1542400  difference=0.11500  below=0/3
t=2112418  fraction=0.14000  peak_slope=2.684e-07  t_peak=871792  comparison cadence=1743583  difference=0.14000  below=0/3
t=2011827  fraction=0.13500  peak_slope=3.579e-07  t_peak=748847  comparison cadence=1497693  difference=0.12000  below=0/3
t=1765937  fraction=0.11500  peak_slope=3.579e-07  t_peak=771200  comparison cadence=1542400  difference=0.11500  below=0/3
t=2123595  fraction=0.14000  peak_slope=2.684e-07  t_peak=871792  comparison cadence=1743583  difference=0.14000  below=0/3
t=2023003  fraction=0.13500  peak_slope=3.579e-07  t_peak=748847  comparison cadence=1497693  difference=0.12000  below=0/3
t=2134772  fraction=0.14000  peak_slope=2.684e-07  t_peak=871792  comparison cadence=1743583  difference=0.14000  below=0/3
t=1777113  fraction=0.11500  peak_slope=3.579e-07  t_peak=771200  comparison cadence=1542400  difference=0.11500  below=0/3
t=2034180  fraction=0.14000  peak_slope=3.579e-07  t_peak=748847  comparison cadence=1497693  difference=0.12500  below=0/3
t=2145948  fraction=0.14000  peak_slope=2.684e-07  t_peak=871792  comparison cadence=1743583  difference=0.14000  below=0/3
t=1788290  fraction=0.11500  peak_slope=3.579e-07  t_peak=771200  comparison cadence=1542400  difference=0.11500  below=0/3
t=2045357  fraction=0.14500  peak_slope=3.579e-07  t_peak=748847  comparison cadence=1497693  difference=0.13000  below=0/3
t=2157125  fraction=0.14500  peak_slope=2.684e-07  t_peak=871792  comparison cadence=1743583  difference=0.14000  below=0/3
t=1799467  fraction=0.11500  peak_slope=3.579e-07  t_peak=771200  comparison cadence=1542400  difference=0.11500  below=0/3
t=2056534  fraction=0.14500  peak_slope=3.579e-07  t_peak=748847  comparison cadence=1497693  difference=0.13000  below=0/3
t=2168302  fraction=0.14500  peak_slope=2.684e-07  t_peak=871792  comparison cadence=1743583  difference=0.14000  below=0/3
t=1810644  fraction=0.11500  peak_slope=3.579e-07  t_peak=771200  comparison cadence=1542400  difference=0.11500  below=0/3
t=2067711  fraction=0.14500  peak_slope=3.579e-07  t_peak=748847  comparison cadence=1497693  difference=0.13000  below=0/3
t=2179479  fraction=0.14500  peak_slope=2.684e-07  t_peak=871792  comparison cadence=1743583  difference=0.14000  below=0/3
t=1821821  fraction=0.11500  peak_slope=3.579e-07  t_peak=771200  comparison cadence=1542400  difference=0.11500  below=0/3
t=2078887  fraction=0.14500  peak_slope=3.579e-07  t_peak=748847  comparison cadence=1497693  difference=0.13000  below=0/3
t=2190656  fraction=0.15000  peak_slope=2.684e-07  t_peak=871792  comparison cadence=1743583  difference=0.14500  below=0/3
t=2090064  fraction=0.14500  peak_slope=3.579e-07  t_peak=748847  comparison cadence=1497693  difference=0.13000  below=0/3
t=2201832  fraction=0.15000  peak_slope=2.684e-07  t_peak=871792  comparison cadence=1743583  difference=0.14000  below=0/3
t=1832998  fraction=0.11500  peak_slope=3.579e-07  t_peak=771200  comparison cadence=1542400  difference=0.11500  below=0/3
t=2213009  fraction=0.15000  peak_slope=2.684e-07  t_peak=871792  comparison cadence=1743583  difference=0.14000  below=0/3
t=2101241  fraction=0.14500  peak_slope=3.579e-07  t_peak=748847  comparison cadence=1497693  difference=0.13000  below=0/3
t=1844174  fraction=0.11500  peak_slope=3.579e-07  t_peak=771200  comparison cadence=1542400  difference=0.11500  below=0/3
t=2224186  fraction=0.15000  peak_slope=2.684e-07  t_peak=871792  comparison cadence=1743583  difference=0.14000  below=0/3
t=2112418  fraction=0.14500  peak_slope=3.579e-07  t_peak=748847  comparison cadence=1497693  difference=0.13000  below=0/3
t=1855351  fraction=0.11500  peak_slope=3.579e-07  t_peak=771200  comparison cadence=1542400  difference=0.11500  below=0/3
t=2235363  fraction=0.15000  peak_slope=2.684e-07  t_peak=871792  comparison cadence=1743583  difference=0.13500  below=0/3
t=2123595  fraction=0.14500  peak_slope=3.579e-07  t_peak=748847  comparison cadence=1497693  difference=0.13000  below=0/3
t=1866528  fraction=0.11500  peak_slope=3.579e-07  t_peak=771200  comparison cadence=1542400  difference=0.11500  below=0/3
t=2246540  fraction=0.15000  peak_slope=2.684e-07  t_peak=871792  comparison cadence=1743583  difference=0.13500  below=0/3
t=2134772  fraction=0.14500  peak_slope=3.579e-07  t_peak=748847  comparison cadence=1497693  difference=0.12500  below=0/3
t=1877705  fraction=0.11500  peak_slope=3.579e-07  t_peak=771200  comparison cadence=1542400  difference=0.11000  below=0/3
t=2257717  fraction=0.15000  peak_slope=2.684e-07  t_peak=871792  comparison cadence=1743583  difference=0.13000  below=0/3
t=2145948  fraction=0.14500  peak_slope=3.579e-07  t_peak=748847  comparison cadence=1497693  difference=0.12500  below=0/3
t=2268893  fraction=0.15000  peak_slope=2.684e-07  t_peak=871792  comparison cadence=1743583  difference=0.13000  below=0/3
t=1888882  fraction=0.11500  peak_slope=3.579e-07  t_peak=771200  comparison cadence=1542400  difference=0.11000  below=0/3
t=2157125  fraction=0.14500  peak_slope=3.579e-07  t_peak=748847  comparison cadence=1497693  difference=0.12500  below=0/3
t=2280070  fraction=0.15000  peak_slope=2.684e-07  t_peak=871792  comparison cadence=1743583  difference=0.13000  below=0/3
t=1900058  fraction=0.11500  peak_slope=3.579e-07  t_peak=771200  comparison cadence=1542400  difference=0.11000  below=0/3
t=2168302  fraction=0.14500  peak_slope=3.579e-07  t_peak=748847  comparison cadence=1497693  difference=0.12500  below=0/3
t=2291247  fraction=0.15000  peak_slope=2.684e-07  t_peak=871792  comparison cadence=1743583  difference=0.13000  below=0/3
t=1911235  fraction=0.11500  peak_slope=3.579e-07  t_peak=771200  comparison cadence=1542400  difference=0.11000  below=0/3
t=2179479  fraction=0.14500  peak_slope=3.579e-07  t_peak=748847  comparison cadence=1497693  difference=0.12000  below=0/3
t=2302424  fraction=0.15000  peak_slope=2.684e-07  t_peak=871792  comparison cadence=1743583  difference=0.13000  below=0/3
t=2190656  fraction=0.14500  peak_slope=3.579e-07  t_peak=748847  comparison cadence=1497693  difference=0.12000  below=0/3
t=1922412  fraction=0.12000  peak_slope=3.579e-07  t_peak=771200  comparison cadence=1542400  difference=0.11500  below=0/3
t=2313601  fraction=0.15500  peak_slope=2.684e-07  t_peak=871792  comparison cadence=1743583  difference=0.13500  below=0/3
t=2201832  fraction=0.14500  peak_slope=3.579e-07  t_peak=748847  comparison cadence=1497693  difference=0.12000  below=0/3
t=1933589  fraction=0.12000  peak_slope=3.579e-07  t_peak=771200  comparison cadence=1542400  difference=0.11500  below=0/3
t=2324777  fraction=0.15500  peak_slope=2.684e-07  t_peak=871792  comparison cadence=1743583  difference=0.13500  below=0/3
t=2213009  fraction=0.14500  peak_slope=3.579e-07  t_peak=748847  comparison cadence=1497693  difference=0.11500  below=0/3
t=1944766  fraction=0.12000  peak_slope=3.579e-07  t_peak=771200  comparison cadence=1542400  difference=0.11500  below=0/3
t=2335954  fraction=0.15500  peak_slope=2.684e-07  t_peak=871792  comparison cadence=1743583  difference=0.13500  below=0/3
t=2224186  fraction=0.14500  peak_slope=3.579e-07  t_peak=748847  comparison cadence=1497693  difference=0.11500  below=0/3
t=2347131  fraction=0.15500  peak_slope=2.684e-07  t_peak=871792  comparison cadence=1743583  difference=0.13500  below=0/3
t=1955943  fraction=0.12000  peak_slope=3.579e-07  t_peak=771200  comparison cadence=1542400  difference=0.11500  below=0/3
t=2235363  fraction=0.14500  peak_slope=3.579e-07  t_peak=748847  comparison cadence=1497693  difference=0.10500  below=0/3
t=2358308  fraction=0.16000  peak_slope=2.684e-07  t_peak=871792  comparison cadence=1743583  difference=0.14000  below=0/3
t=1967119  fraction=0.12000  peak_slope=3.579e-07  t_peak=771200  comparison cadence=1542400  difference=0.11500  below=0/3
t=2246540  fraction=0.14500  peak_slope=3.579e-07  t_peak=748847  comparison cadence=1497693  difference=0.10000  below=0/3
t=2369485  fraction=0.16000  peak_slope=2.684e-07  t_peak=871792  comparison cadence=1743583  difference=0.14000  below=0/3
t=1978296  fraction=0.12000  peak_slope=3.579e-07  t_peak=771200  comparison cadence=1542400  difference=0.11500  below=0/3
t=2257717  fraction=0.14500  peak_slope=3.579e-07  t_peak=748847  comparison cadence=1497693  difference=0.10000  below=0/3
t=2380661  fraction=0.16000  peak_slope=2.684e-07  t_peak=871792  comparison cadence=1743583  difference=0.14000  below=0/3
t=1989473  fraction=0.12500  peak_slope=3.579e-07  t_peak=771200  comparison cadence=1542400  difference=0.12000  below=0/3
t=2268893  fraction=0.14500  peak_slope=3.579e-07  t_peak=748847  comparison cadence=1497693  difference=0.10000  below=0/3
t=2548314  fraction=0.19500  peak_slope=4.474e-07  t_peak=1274157  comparison cadence=2548314  difference=0.19500  below=0/3
t=2391838  fraction=0.16000  peak_slope=2.684e-07  t_peak=871792  comparison cadence=1743583  difference=0.14000  below=0/3
t=2559490  fraction=0.19500  peak_slope=4.474e-07  t_peak=1274157  comparison cadence=2548314  difference=0.19500  below=0/3
t=2280070  fraction=0.14500  peak_slope=3.579e-07  t_peak=748847  comparison cadence=1497693  difference=0.10000  below=0/3
t=2000650  fraction=0.12500  peak_slope=3.579e-07  t_peak=771200  comparison cadence=1542400  difference=0.12000  below=0/3
t=2403015  fraction=0.16000  peak_slope=2.684e-07  t_peak=871792  comparison cadence=1743583  difference=0.14000  below=0/3
t=2570667  fraction=0.19500  peak_slope=4.474e-07  t_peak=1274157  comparison cadence=2548314  difference=0.19500  below=0/3
t=2291247  fraction=0.14500  peak_slope=3.579e-07  t_peak=748847  comparison cadence=1497693  difference=0.10000  below=0/3
t=2414192  fraction=0.16000  peak_slope=2.684e-07  t_peak=871792  comparison cadence=1743583  difference=0.14000  below=0/3
t=2011827  fraction=0.12500  peak_slope=3.579e-07  t_peak=771200  comparison cadence=1542400  difference=0.12000  below=0/3
t=2581844  fraction=0.19500  peak_slope=4.474e-07  t_peak=1274157  comparison cadence=2548314  difference=0.19500  below=0/3
t=2302424  fraction=0.14500  peak_slope=3.579e-07  t_peak=748847  comparison cadence=1497693  difference=0.09500  below=0/3
t=2425369  fraction=0.16000  peak_slope=2.684e-07  t_peak=871792  comparison cadence=1743583  difference=0.14000  below=0/3
t=2023003  fraction=0.12500  peak_slope=3.579e-07  t_peak=771200  comparison cadence=1542400  difference=0.11500  below=0/3
t=2593021  fraction=0.19500  peak_slope=4.474e-07  t_peak=1274157  comparison cadence=2548314  difference=0.19500  below=0/3
t=2436546  fraction=0.16500  peak_slope=2.684e-07  t_peak=871792  comparison cadence=1743583  difference=0.14000  below=0/3
t=2313601  fraction=0.14500  peak_slope=3.579e-07  t_peak=748847  comparison cadence=1497693  difference=0.09500  below=0/3
t=2034180  fraction=0.12500  peak_slope=3.579e-07  t_peak=771200  comparison cadence=1542400  difference=0.11500  below=0/3
t=2604198  fraction=0.19500  peak_slope=4.474e-07  t_peak=1274157  comparison cadence=2548314  difference=0.19500  below=0/3
t=2447722  fraction=0.16500  peak_slope=2.684e-07  t_peak=871792  comparison cadence=1743583  difference=0.14000  below=0/3
t=2324777  fraction=0.14500  peak_slope=3.579e-07  t_peak=748847  comparison cadence=1497693  difference=0.09500  below=0/3
t=2615375  fraction=0.19500  peak_slope=4.474e-07  t_peak=1274157  comparison cadence=2548314  difference=0.19500  below=0/3
t=2045357  fraction=0.12500  peak_slope=3.579e-07  t_peak=771200  comparison cadence=1542400  difference=0.11500  below=0/3
t=2458899  fraction=0.16500  peak_slope=2.684e-07  t_peak=871792  comparison cadence=1743583  difference=0.14000  below=0/3
t=2335954  fraction=0.14500  peak_slope=3.579e-07  t_peak=748847  comparison cadence=1497693  difference=0.09500  below=0/3
t=2626551  fraction=0.19500  peak_slope=4.474e-07  t_peak=1274157  comparison cadence=2548314  difference=0.19500  below=0/3
t=2056534  fraction=0.12500  peak_slope=3.579e-07  t_peak=771200  comparison cadence=1542400  difference=0.11500  below=0/3
t=2470076  fraction=0.16500  peak_slope=2.684e-07  t_peak=871792  comparison cadence=1743583  difference=0.14000  below=0/3
t=2347131  fraction=0.14500  peak_slope=3.579e-07  t_peak=748847  comparison cadence=1497693  difference=0.09500  below=0/3
t=2637728  fraction=0.19500  peak_slope=4.474e-07  t_peak=1274157  comparison cadence=2548314  difference=0.19500  below=0/3
t=2481253  fraction=0.16500  peak_slope=2.684e-07  t_peak=871792  comparison cadence=1743583  difference=0.14000  below=0/3
t=2067711  fraction=0.12500  peak_slope=3.579e-07  t_peak=771200  comparison cadence=1542400  difference=0.11000  below=0/3
t=2648905  fraction=0.19500  peak_slope=4.474e-07  t_peak=1274157  comparison cadence=2548314  difference=0.19500  below=0/3
t=2358308  fraction=0.14500  peak_slope=3.579e-07  t_peak=748847  comparison cadence=1497693  difference=0.09500  below=0/3
t=2492430  fraction=0.16500  peak_slope=2.684e-07  t_peak=871792  comparison cadence=1743583  difference=0.14000  below=0/3
t=2660082  fraction=0.19500  peak_slope=4.474e-07  t_peak=1274157  comparison cadence=2548314  difference=0.19500  below=0/3
t=2078887  fraction=0.12500  peak_slope=3.579e-07  t_peak=771200  comparison cadence=1542400  difference=0.11000  below=0/3
t=2369485  fraction=0.15000  peak_slope=3.579e-07  t_peak=748847  comparison cadence=1497693  difference=0.09500  below=0/3
t=2503606  fraction=0.16500  peak_slope=2.684e-07  t_peak=871792  comparison cadence=1743583  difference=0.14000  below=0/3
t=2671259  fraction=0.19500  peak_slope=4.474e-07  t_peak=1274157  comparison cadence=2548314  difference=0.19500  below=0/3
t=2380661  fraction=0.15000  peak_slope=3.579e-07  t_peak=748847  comparison cadence=1497693  difference=0.09500  below=0/3
t=2090064  fraction=0.12500  peak_slope=3.579e-07  t_peak=771200  comparison cadence=1542400  difference=0.11000  below=0/3
t=2682435  fraction=0.19500  peak_slope=4.474e-07  t_peak=1274157  comparison cadence=2548314  difference=0.19500  below=0/3
t=2514783  fraction=0.16500  peak_slope=2.684e-07  t_peak=871792  comparison cadence=1743583  difference=0.14000  below=0/3
t=2391838  fraction=0.15000  peak_slope=3.579e-07  t_peak=748847  comparison cadence=1497693  difference=0.09500  below=0/3
t=2101241  fraction=0.12500  peak_slope=3.579e-07  t_peak=771200  comparison cadence=1542400  difference=0.10500  below=0/3
t=2693612  fraction=0.19500  peak_slope=4.474e-07  t_peak=1274157  comparison cadence=2548314  difference=0.19500  below=0/3
t=2525960  fraction=0.16500  peak_slope=2.684e-07  t_peak=871792  comparison cadence=1743583  difference=0.14000  below=0/3
t=2403015  fraction=0.15000  peak_slope=3.579e-07  t_peak=748847  comparison cadence=1497693  difference=0.09500  below=0/3
t=2112418  fraction=0.12500  peak_slope=3.579e-07  t_peak=771200  comparison cadence=1542400  difference=0.10500  below=0/3
t=2704789  fraction=0.19500  peak_slope=4.474e-07  t_peak=1274157  comparison cadence=2548314  difference=0.19500  below=0/3
t=2537137  fraction=0.16500  peak_slope=2.684e-07  t_peak=871792  comparison cadence=1743583  difference=0.14000  below=0/3
t=2414192  fraction=0.15000  peak_slope=3.579e-07  t_peak=748847  comparison cadence=1497693  difference=0.09500  below=0/3
t=2715966  fraction=0.19500  peak_slope=4.474e-07  t_peak=1274157  comparison cadence=2548314  difference=0.19500  below=0/3
t=2123595  fraction=0.12500  peak_slope=3.579e-07  t_peak=771200  comparison cadence=1542400  difference=0.10000  below=0/3
t=2548314  fraction=0.16500  peak_slope=2.684e-07  t_peak=871792  comparison cadence=1743583  difference=0.14000  below=0/3
t=2425369  fraction=0.15000  peak_slope=3.579e-07  t_peak=748847  comparison cadence=1497693  difference=0.09500  below=0/3
t=2727143  fraction=0.19500  peak_slope=4.474e-07  t_peak=1274157  comparison cadence=2548314  difference=0.19500  below=0/3
t=2559490  fraction=0.16500  peak_slope=2.684e-07  t_peak=871792  comparison cadence=1743583  difference=0.14000  below=0/3
t=2134772  fraction=0.12500  peak_slope=3.579e-07  t_peak=771200  comparison cadence=1542400  difference=0.09500  below=0/3
t=2436546  fraction=0.15000  peak_slope=3.579e-07  t_peak=748847  comparison cadence=1497693  difference=0.09500  below=0/3
t=2738320  fraction=0.19500  peak_slope=4.474e-07  t_peak=1274157  comparison cadence=2548314  difference=0.19500  below=0/3
t=2570667  fraction=0.16500  peak_slope=2.684e-07  t_peak=871792  comparison cadence=1743583  difference=0.13500  below=0/3
t=2145948  fraction=0.12500  peak_slope=3.579e-07  t_peak=771200  comparison cadence=1542400  difference=0.09500  below=0/3
t=2749496  fraction=0.19500  peak_slope=4.474e-07  t_peak=1274157  comparison cadence=2548314  difference=0.19500  below=0/3
t=2447722  fraction=0.15000  peak_slope=3.579e-07  t_peak=748847  comparison cadence=1497693  difference=0.09500  below=0/3
t=2581844  fraction=0.16500  peak_slope=2.684e-07  t_peak=871792  comparison cadence=1743583  difference=0.13000  below=0/3
t=2760673  fraction=0.19500  peak_slope=4.474e-07  t_peak=1274157  comparison cadence=2548314  difference=0.19500  below=0/3
t=2157125  fraction=0.12500  peak_slope=3.579e-07  t_peak=771200  comparison cadence=1542400  difference=0.09500  below=0/3
t=2458899  fraction=0.15000  peak_slope=3.579e-07  t_peak=748847  comparison cadence=1497693  difference=0.09500  below=0/3
t=2593021  fraction=0.16500  peak_slope=2.684e-07  t_peak=871792  comparison cadence=1743583  difference=0.13000  below=0/3
t=2771850  fraction=0.19500  peak_slope=4.474e-07  t_peak=1274157  comparison cadence=2548314  difference=0.19500  below=0/3
t=2168302  fraction=0.12500  peak_slope=3.579e-07  t_peak=771200  comparison cadence=1542400  difference=0.09500  below=0/3
t=2470076  fraction=0.15000  peak_slope=3.579e-07  t_peak=748847  comparison cadence=1497693  difference=0.09500  below=0/3
t=2604198  fraction=0.16500  peak_slope=2.684e-07  t_peak=871792  comparison cadence=1743583  difference=0.13000  below=0/3
t=2783027  fraction=0.19500  peak_slope=4.474e-07  t_peak=1274157  comparison cadence=2548314  difference=0.19500  below=0/3
t=2481253  fraction=0.15000  peak_slope=3.579e-07  t_peak=748847  comparison cadence=1497693  difference=0.09500  below=0/3
t=2179479  fraction=0.12500  peak_slope=3.579e-07  t_peak=771200  comparison cadence=1542400  difference=0.09500  below=0/3
t=2615375  fraction=0.16500  peak_slope=2.684e-07  t_peak=871792  comparison cadence=1743583  difference=0.12500  below=0/3
t=2794204  fraction=0.19500  peak_slope=4.474e-07  t_peak=1274157  comparison cadence=2548314  difference=0.19500  below=0/3
t=2492430  fraction=0.15000  peak_slope=3.579e-07  t_peak=748847  comparison cadence=1497693  difference=0.09500  below=0/3
t=2626551  fraction=0.17000  peak_slope=2.684e-07  t_peak=871792  comparison cadence=1743583  difference=0.12500  below=0/3
t=2805380  fraction=0.19500  peak_slope=4.474e-07  t_peak=1274157  comparison cadence=2548314  difference=0.19500  below=0/3
t=2190656  fraction=0.12500  peak_slope=3.579e-07  t_peak=771200  comparison cadence=1542400  difference=0.09500  below=0/3
t=2503606  fraction=0.15000  peak_slope=3.579e-07  t_peak=748847  comparison cadence=1497693  difference=0.08500  below=0/3
t=2637728  fraction=0.17000  peak_slope=2.684e-07  t_peak=871792  comparison cadence=1743583  difference=0.12500  below=0/3
t=2816557  fraction=0.19500  peak_slope=4.474e-07  t_peak=1274157  comparison cadence=2548314  difference=0.19500  below=0/3
t=2201832  fraction=0.12500  peak_slope=3.579e-07  t_peak=771200  comparison cadence=1542400  difference=0.09500  below=0/3
t=2827734  fraction=0.19500  peak_slope=4.474e-07  t_peak=1274157  comparison cadence=2548314  difference=0.19500  below=0/3
t=2514783  fraction=0.15000  peak_slope=3.579e-07  t_peak=748847  comparison cadence=1497693  difference=0.08500  below=0/3
t=2648905  fraction=0.17000  peak_slope=2.684e-07  t_peak=871792  comparison cadence=1743583  difference=0.12500  below=0/3
t=2213009  fraction=0.12500  peak_slope=3.579e-07  t_peak=771200  comparison cadence=1542400  difference=0.09000  below=0/3
t=2838911  fraction=0.19500  peak_slope=4.474e-07  t_peak=1274157  comparison cadence=2548314  difference=0.19500  below=0/3
t=2660082  fraction=0.17000  peak_slope=2.684e-07  t_peak=871792  comparison cadence=1743583  difference=0.12500  below=0/3
t=2525960  fraction=0.15000  peak_slope=3.579e-07  t_peak=748847  comparison cadence=1497693  difference=0.08500  below=0/3
t=2224186  fraction=0.12500  peak_slope=3.579e-07  t_peak=771200  comparison cadence=1542400  difference=0.09000  below=0/3
t=2850088  fraction=0.19500  peak_slope=4.474e-07  t_peak=1274157  comparison cadence=2548314  difference=0.19500  below=0/3
t=2671259  fraction=0.17000  peak_slope=2.684e-07  t_peak=871792  comparison cadence=1743583  difference=0.12500  below=0/3
t=2537137  fraction=0.15000  peak_slope=3.579e-07  t_peak=748847  comparison cadence=1497693  difference=0.08000  below=0/3
t=2861264  fraction=0.19500  peak_slope=4.474e-07  t_peak=1274157  comparison cadence=2548314  difference=0.19500  below=0/3
t=2235363  fraction=0.13000  peak_slope=3.579e-07  t_peak=771200  comparison cadence=1542400  difference=0.09500  below=0/3
t=2682435  fraction=0.17000  peak_slope=2.684e-07  t_peak=871792  comparison cadence=1743583  difference=0.12500  below=0/3
t=2548314  fraction=0.15000  peak_slope=3.579e-07  t_peak=748847  comparison cadence=1497693  difference=0.08000  below=0/3
t=2872441  fraction=0.19500  peak_slope=4.474e-07  t_peak=1274157  comparison cadence=2548314  difference=0.19500  below=0/3
t=2693612  fraction=0.17000  peak_slope=2.684e-07  t_peak=871792  comparison cadence=1743583  difference=0.12500  below=0/3
t=2246540  fraction=0.13000  peak_slope=3.579e-07  t_peak=771200  comparison cadence=1542400  difference=0.09500  below=0/3
t=2559490  fraction=0.15500  peak_slope=3.579e-07  t_peak=748847  comparison cadence=1497693  difference=0.08500  below=0/3
t=2883618  fraction=0.19500  peak_slope=4.474e-07  t_peak=1274157  comparison cadence=2548314  difference=0.19500  below=0/3
t=2704789  fraction=0.17000  peak_slope=2.684e-07  t_peak=871792  comparison cadence=1743583  difference=0.12500  below=0/3
t=2570667  fraction=0.15500  peak_slope=3.579e-07  t_peak=748847  comparison cadence=1497693  difference=0.08500  below=0/3
t=2257717  fraction=0.13000  peak_slope=3.579e-07  t_peak=771200  comparison cadence=1542400  difference=0.09500  below=0/3
t=2894795  fraction=0.19500  peak_slope=4.474e-07  t_peak=1274157  comparison cadence=2548314  difference=0.19500  below=0/3
t=2715966  fraction=0.17000  peak_slope=2.684e-07  t_peak=871792  comparison cadence=1743583  difference=0.12000  below=0/3
t=2581844  fraction=0.15500  peak_slope=3.579e-07  t_peak=748847  comparison cadence=1497693  difference=0.08500  below=0/3
t=2905972  fraction=0.19500  peak_slope=4.474e-07  t_peak=1274157  comparison cadence=2548314  difference=0.19500  below=0/3
t=2268893  fraction=0.13000  peak_slope=3.579e-07  t_peak=771200  comparison cadence=1542400  difference=0.09500  below=0/3
t=2727143  fraction=0.17000  peak_slope=2.684e-07  t_peak=871792  comparison cadence=1743583  difference=0.12000  below=0/3
t=2917149  fraction=0.19500  peak_slope=4.474e-07  t_peak=1274157  comparison cadence=2548314  difference=0.19500  below=0/3
t=2593021  fraction=0.15500  peak_slope=3.579e-07  t_peak=748847  comparison cadence=1497693  difference=0.08500  below=0/3
t=2280070  fraction=0.13000  peak_slope=3.579e-07  t_peak=771200  comparison cadence=1542400  difference=0.09500  below=0/3
t=2738320  fraction=0.17500  peak_slope=2.684e-07  t_peak=871792  comparison cadence=1743583  difference=0.12000  below=0/3
t=2928325  fraction=0.19500  peak_slope=4.474e-07  t_peak=1274157  comparison cadence=2548314  difference=0.19500  below=0/3
t=2604198  fraction=0.15500  peak_slope=3.579e-07  t_peak=748847  comparison cadence=1497693  difference=0.08500  below=0/3
t=2291247  fraction=0.13000  peak_slope=3.579e-07  t_peak=771200  comparison cadence=1542400  difference=0.09000  below=0/3
t=2749496  fraction=0.17500  peak_slope=2.684e-07  t_peak=871792  comparison cadence=1743583  difference=0.12000  below=0/3
t=2939502  fraction=0.19500  peak_slope=4.474e-07  t_peak=1274157  comparison cadence=2548314  difference=0.19500  below=0/3
t=2615375  fraction=0.15500  peak_slope=3.579e-07  t_peak=748847  comparison cadence=1497693  difference=0.08500  below=0/3
t=2950679  fraction=0.19500  peak_slope=4.474e-07  t_peak=1274157  comparison cadence=2548314  difference=0.19500  below=0/3
t=2760673  fraction=0.17500  peak_slope=2.684e-07  t_peak=871792  comparison cadence=1743583  difference=0.12000  below=0/3
t=2302424  fraction=0.13000  peak_slope=3.579e-07  t_peak=771200  comparison cadence=1542400  difference=0.08000  below=0/3
t=2626551  fraction=0.15500  peak_slope=3.579e-07  t_peak=748847  comparison cadence=1497693  difference=0.08500  below=0/3
t=2961856  fraction=0.19500  peak_slope=4.474e-07  t_peak=1274157  comparison cadence=2548314  difference=0.19500  below=0/3
t=2771850  fraction=0.17500  peak_slope=2.684e-07  t_peak=871792  comparison cadence=1743583  difference=0.12000  below=0/3
t=2313601  fraction=0.13000  peak_slope=3.579e-07  t_peak=771200  comparison cadence=1542400  difference=0.07500  below=0/3
t=2637728  fraction=0.15500  peak_slope=3.579e-07  t_peak=748847  comparison cadence=1497693  difference=0.08500  below=0/3
t=2973033  fraction=0.19500  peak_slope=4.474e-07  t_peak=1274157  comparison cadence=2548314  difference=0.19500  below=0/3
t=2783027  fraction=0.17500  peak_slope=2.684e-07  t_peak=871792  comparison cadence=1743583  difference=0.11500  below=0/3
t=2324777  fraction=0.13000  peak_slope=3.579e-07  t_peak=771200  comparison cadence=1542400  difference=0.07500  below=0/3
t=2648905  fraction=0.15500  peak_slope=3.579e-07  t_peak=748847  comparison cadence=1497693  difference=0.08500  below=0/3
t=2984209  fraction=0.19500  peak_slope=4.474e-07  t_peak=1274157  comparison cadence=2548314  difference=0.19500  below=0/3
t=2794204  fraction=0.17500  peak_slope=2.684e-07  t_peak=871792  comparison cadence=1743583  difference=0.11500  below=0/3
t=2335954  fraction=0.13000  peak_slope=3.579e-07  t_peak=771200  comparison cadence=1542400  difference=0.07500  below=0/3
t=2995386  fraction=0.19500  peak_slope=4.474e-07  t_peak=1274157  comparison cadence=2548314  difference=0.19500  below=0/3
t=2660082  fraction=0.15500  peak_slope=3.579e-07  t_peak=748847  comparison cadence=1497693  difference=0.08500  below=0/3
t=2805380  fraction=0.17500  peak_slope=2.684e-07  t_peak=871792  comparison cadence=1743583  difference=0.11000  below=0/3
t=3006563  fraction=0.19500  peak_slope=4.474e-07  t_peak=1274157  comparison cadence=2548314  difference=0.19500  below=0/3
t=2671259  fraction=0.15500  peak_slope=3.579e-07  t_peak=748847  comparison cadence=1497693  difference=0.08500  below=0/3
t=2347131  fraction=0.13000  peak_slope=3.579e-07  t_peak=771200  comparison cadence=1542400  difference=0.07500  below=0/3
t=2816557  fraction=0.17500  peak_slope=2.684e-07  t_peak=871792  comparison cadence=1743583  difference=0.11000  below=0/3
t=3017740  fraction=0.19500  peak_slope=4.474e-07  t_peak=1274157  comparison cadence=2548314  difference=0.19500  below=0/3
t=2682435  fraction=0.15500  peak_slope=3.579e-07  t_peak=748847  comparison cadence=1497693  difference=0.08000  below=0/3
t=2358308  fraction=0.13000  peak_slope=3.579e-07  t_peak=771200  comparison cadence=1542400  difference=0.07500  below=0/3
t=2827734  fraction=0.17500  peak_slope=2.684e-07  t_peak=871792  comparison cadence=1743583  difference=0.11000  below=0/3
t=3028917  fraction=0.19500  peak_slope=4.474e-07  t_peak=1274157  comparison cadence=2548314  difference=0.19500  below=0/3
t=2693612  fraction=0.15500  peak_slope=3.579e-07  t_peak=748847  comparison cadence=1497693  difference=0.08000  below=0/3
t=2838911  fraction=0.17500  peak_slope=2.684e-07  t_peak=871792  comparison cadence=1743583  difference=0.11000  below=0/3
t=2369485  fraction=0.13000  peak_slope=3.579e-07  t_peak=771200  comparison cadence=1542400  difference=0.07500  below=0/3
t=3040094  fraction=0.19500  peak_slope=4.474e-07  t_peak=1274157  comparison cadence=2548314  difference=0.19500  below=0/3
t=2704789  fraction=0.15500  peak_slope=3.579e-07  t_peak=748847  comparison cadence=1497693  difference=0.08000  below=0/3
t=2850088  fraction=0.17500  peak_slope=2.684e-07  t_peak=871792  comparison cadence=1743583  difference=0.10500  below=0/3
t=3051270  fraction=0.19500  peak_slope=4.474e-07  t_peak=1274157  comparison cadence=2548314  difference=0.19500  below=0/3
t=2380661  fraction=0.13000  peak_slope=3.579e-07  t_peak=771200  comparison cadence=1542400  difference=0.07500  below=0/3
t=2715966  fraction=0.15500  peak_slope=3.579e-07  t_peak=748847  comparison cadence=1497693  difference=0.08000  below=0/3
t=2861264  fraction=0.17500  peak_slope=2.684e-07  t_peak=871792  comparison cadence=1743583  difference=0.10500  below=0/3
t=3062447  fraction=0.19500  peak_slope=4.474e-07  t_peak=1274157  comparison cadence=2548314  difference=0.19500  below=0/3
t=2391838  fraction=0.13000  peak_slope=3.579e-07  t_peak=771200  comparison cadence=1542400  difference=0.07500  below=0/3
t=2727143  fraction=0.15500  peak_slope=3.579e-07  t_peak=748847  comparison cadence=1497693  difference=0.08000  below=0/3
t=2872441  fraction=0.17500  peak_slope=2.684e-07  t_peak=871792  comparison cadence=1743583  difference=0.10500  below=0/3
t=3073624  fraction=0.19500  peak_slope=4.474e-07  t_peak=1274157  comparison cadence=2548314  difference=0.19500  below=0/3
t=2403015  fraction=0.13000  peak_slope=3.579e-07  t_peak=771200  comparison cadence=1542400  difference=0.07500  below=0/3
t=3084801  fraction=0.19500  peak_slope=4.474e-07  t_peak=1274157  comparison cadence=2548314  difference=0.19500  below=0/3
t=2883618  fraction=0.17500  peak_slope=2.684e-07  t_peak=871792  comparison cadence=1743583  difference=0.10500  below=0/3
t=2738320  fraction=0.15500  peak_slope=3.579e-07  t_peak=748847  comparison cadence=1497693  difference=0.07500  below=0/3
t=3095978  fraction=0.19500  peak_slope=4.474e-07  t_peak=1274157  comparison cadence=2548314  difference=0.19500  below=0/3
t=2414192  fraction=0.13000  peak_slope=3.579e-07  t_peak=771200  comparison cadence=1542400  difference=0.07500  below=0/3
t=2894795  fraction=0.17500  peak_slope=2.684e-07  t_peak=871792  comparison cadence=1743583  difference=0.10500  below=0/3
t=2749496  fraction=0.15500  peak_slope=3.579e-07  t_peak=748847  comparison cadence=1497693  difference=0.07500  below=0/3
t=3107154  fraction=0.19500  peak_slope=4.474e-07  t_peak=1274157  comparison cadence=2548314  difference=0.19500  below=0/3
t=2905972  fraction=0.17500  peak_slope=2.684e-07  t_peak=871792  comparison cadence=1743583  difference=0.10500  below=0/3
t=2425369  fraction=0.13000  peak_slope=3.579e-07  t_peak=771200  comparison cadence=1542400  difference=0.07500  below=0/3
t=2760673  fraction=0.15500  peak_slope=3.579e-07  t_peak=748847  comparison cadence=1497693  difference=0.07500  below=0/3
t=3118331  fraction=0.19500  peak_slope=4.474e-07  t_peak=1274157  comparison cadence=2548314  difference=0.19500  below=0/3
t=2917149  fraction=0.17500  peak_slope=2.684e-07  t_peak=871792  comparison cadence=1743583  difference=0.10500  below=0/3
t=2771850  fraction=0.15500  peak_slope=3.579e-07  t_peak=748847  comparison cadence=1497693  difference=0.07500  below=0/3
t=2436546  fraction=0.13000  peak_slope=3.579e-07  t_peak=771200  comparison cadence=1542400  difference=0.07500  below=0/3
t=3129508  fraction=0.19500  peak_slope=4.474e-07  t_peak=1274157  comparison cadence=2548314  difference=0.19500  below=0/3
t=2928325  fraction=0.17500  peak_slope=2.684e-07  t_peak=871792  comparison cadence=1743583  difference=0.10000  below=0/3
t=2783027  fraction=0.15500  peak_slope=3.579e-07  t_peak=748847  comparison cadence=1497693  difference=0.07500  below=0/3
t=3140685  fraction=0.20000  peak_slope=4.474e-07  t_peak=1274157  comparison cadence=2548314  difference=0.19500  below=0/3
t=2447722  fraction=0.13000  peak_slope=3.579e-07  t_peak=771200  comparison cadence=1542400  difference=0.07500  below=0/3
t=2939502  fraction=0.17500  peak_slope=2.684e-07  t_peak=871792  comparison cadence=1743583  difference=0.10000  below=0/3
t=2794204  fraction=0.15500  peak_slope=3.579e-07  t_peak=748847  comparison cadence=1497693  difference=0.07000  below=0/3
t=3151862  fraction=0.20000  peak_slope=4.474e-07  t_peak=1274157  comparison cadence=2548314  difference=0.19500  below=0/3
t=2458899  fraction=0.13500  peak_slope=3.579e-07  t_peak=771200  comparison cadence=1542400  difference=0.08000  below=0/3
t=2950679  fraction=0.17500  peak_slope=2.684e-07  t_peak=871792  comparison cadence=1743583  difference=0.09500  below=0/3
t=3163038  fraction=0.20000  peak_slope=4.474e-07  t_peak=1274157  comparison cadence=2548314  difference=0.19000  below=0/3
t=2805380  fraction=0.15500  peak_slope=3.579e-07  t_peak=748847  comparison cadence=1497693  difference=0.07000  below=0/3
t=2470076  fraction=0.13500  peak_slope=3.579e-07  t_peak=771200  comparison cadence=1542400  difference=0.08000  below=0/3
t=2961856  fraction=0.17500  peak_slope=2.684e-07  t_peak=871792  comparison cadence=1743583  difference=0.09500  below=0/3
t=3174215  fraction=0.20000  peak_slope=4.474e-07  t_peak=1274157  comparison cadence=2548314  difference=0.19000  below=0/3
t=2816557  fraction=0.15500  peak_slope=3.579e-07  t_peak=748847  comparison cadence=1497693  difference=0.07000  below=0/3
t=2973033  fraction=0.17500  peak_slope=2.684e-07  t_peak=871792  comparison cadence=1743583  difference=0.09500  below=0/3
t=2481253  fraction=0.13500  peak_slope=3.579e-07  t_peak=771200  comparison cadence=1542400  difference=0.08000  below=0/3
t=3185392  fraction=0.20000  peak_slope=4.474e-07  t_peak=1274157  comparison cadence=2548314  difference=0.19000  below=0/3
t=2827734  fraction=0.15500  peak_slope=3.579e-07  t_peak=748847  comparison cadence=1497693  difference=0.06500  below=0/3
t=2984209  fraction=0.17500  peak_slope=2.684e-07  t_peak=871792  comparison cadence=1743583  difference=0.09500  below=0/3
t=3196569  fraction=0.20000  peak_slope=4.474e-07  t_peak=1274157  comparison cadence=2548314  difference=0.19000  below=0/3
t=2492430  fraction=0.13500  peak_slope=3.579e-07  t_peak=771200  comparison cadence=1542400  difference=0.08000  below=0/3
t=2838911  fraction=0.15500  peak_slope=3.579e-07  t_peak=748847  comparison cadence=1497693  difference=0.06500  below=0/3
t=3207746  fraction=0.20000  peak_slope=4.474e-07  t_peak=1274157  comparison cadence=2548314  difference=0.18500  below=0/3
t=2995386  fraction=0.17500  peak_slope=2.684e-07  t_peak=871792  comparison cadence=1743583  difference=0.09500  below=0/3
t=2503606  fraction=0.13500  peak_slope=3.579e-07  t_peak=771200  comparison cadence=1542400  difference=0.08000  below=0/3
t=2850088  fraction=0.15500  peak_slope=3.579e-07  t_peak=748847  comparison cadence=1497693  difference=0.06500  below=0/3
t=3218923  fraction=0.20000  peak_slope=4.474e-07  t_peak=1274157  comparison cadence=2548314  difference=0.18500  below=0/3
t=3006563  fraction=0.17500  peak_slope=2.684e-07  t_peak=871792  comparison cadence=1743583  difference=0.09500  below=0/3
t=2514783  fraction=0.13500  peak_slope=3.579e-07  t_peak=771200  comparison cadence=1542400  difference=0.08000  below=0/3
t=2861264  fraction=0.15500  peak_slope=3.579e-07  t_peak=748847  comparison cadence=1497693  difference=0.06500  below=0/3
t=3230099  fraction=0.20000  peak_slope=4.474e-07  t_peak=1274157  comparison cadence=2548314  difference=0.18500  below=0/3
t=3017740  fraction=0.17500  peak_slope=2.684e-07  t_peak=871792  comparison cadence=1743583  difference=0.09500  below=0/3
t=2872441  fraction=0.15500  peak_slope=3.579e-07  t_peak=748847  comparison cadence=1497693  difference=0.06500  below=0/3
t=3241276  fraction=0.20000  peak_slope=4.474e-07  t_peak=1274157  comparison cadence=2548314  difference=0.18500  below=0/3
t=2525960  fraction=0.13500  peak_slope=3.579e-07  t_peak=771200  comparison cadence=1542400  difference=0.08000  below=0/3
t=3028917  fraction=0.17500  peak_slope=2.684e-07  t_peak=871792  comparison cadence=1743583  difference=0.09000  below=0/3
t=3252453  fraction=0.20000  peak_slope=4.474e-07  t_peak=1274157  comparison cadence=2548314  difference=0.18500  below=0/3
t=2883618  fraction=0.15500  peak_slope=3.579e-07  t_peak=748847  comparison cadence=1497693  difference=0.06500  below=0/3
t=2537137  fraction=0.13500  peak_slope=3.579e-07  t_peak=771200  comparison cadence=1542400  difference=0.07500  below=0/3
t=3040094  fraction=0.17500  peak_slope=2.684e-07  t_peak=871792  comparison cadence=1743583  difference=0.09000  below=0/3
t=3263630  fraction=0.20000  peak_slope=4.474e-07  t_peak=1274157  comparison cadence=2548314  difference=0.18500  below=0/3
t=2894795  fraction=0.15500  peak_slope=3.579e-07  t_peak=748847  comparison cadence=1497693  difference=0.06500  below=0/3
t=3051270  fraction=0.17500  peak_slope=2.684e-07  t_peak=871792  comparison cadence=1743583  difference=0.09000  below=0/3
t=2548314  fraction=0.13500  peak_slope=3.579e-07  t_peak=771200  comparison cadence=1542400  difference=0.07500  below=0/3
t=3274807  fraction=0.20000  peak_slope=4.474e-07  t_peak=1274157  comparison cadence=2548314  difference=0.18000  below=0/3
t=2905972  fraction=0.15500  peak_slope=3.579e-07  t_peak=748847  comparison cadence=1497693  difference=0.06500  below=0/3
t=3062447  fraction=0.17500  peak_slope=2.684e-07  t_peak=871792  comparison cadence=1743583  difference=0.09000  below=0/3
t=2559490  fraction=0.13500  peak_slope=3.579e-07  t_peak=771200  comparison cadence=1542400  difference=0.07500  below=0/3
t=3285983  fraction=0.20000  peak_slope=4.474e-07  t_peak=1274157  comparison cadence=2548314  difference=0.17000  below=0/3
t=2917149  fraction=0.15500  peak_slope=3.579e-07  t_peak=748847  comparison cadence=1497693  difference=0.06500  below=0/3
t=3073624  fraction=0.17500  peak_slope=2.684e-07  t_peak=871792  comparison cadence=1743583  difference=0.09000  below=0/3
t=3297160  fraction=0.20000  peak_slope=4.474e-07  t_peak=1274157  comparison cadence=2548314  difference=0.16500  below=0/3
t=2570667  fraction=0.13500  peak_slope=3.579e-07  t_peak=771200  comparison cadence=1542400  difference=0.07000  below=0/3
t=2928325  fraction=0.15500  peak_slope=3.579e-07  t_peak=748847  comparison cadence=1497693  difference=0.06500  below=0/3
t=3084801  fraction=0.17500  peak_slope=2.684e-07  t_peak=871792  comparison cadence=1743583  difference=0.09000  below=0/3
t=3308337  fraction=0.20000  peak_slope=4.474e-07  t_peak=1274157  comparison cadence=2548314  difference=0.16500  below=0/3
t=2581844  fraction=0.13500  peak_slope=3.579e-07  t_peak=771200  comparison cadence=1542400  difference=0.07000  below=0/3
t=3095978  fraction=0.17500  peak_slope=2.684e-07  t_peak=871792  comparison cadence=1743583  difference=0.09000  below=0/3
t=2939502  fraction=0.15500  peak_slope=3.579e-07  t_peak=748847  comparison cadence=1497693  difference=0.06500  below=0/3
t=3319514  fraction=0.20000  peak_slope=4.474e-07  t_peak=1274157  comparison cadence=2548314  difference=0.16500  below=0/3
t=2593021  fraction=0.13500  peak_slope=3.579e-07  t_peak=771200  comparison cadence=1542400  difference=0.07000  below=0/3
t=3107154  fraction=0.17500  peak_slope=2.684e-07  t_peak=871792  comparison cadence=1743583  difference=0.09000  below=0/3
t=3330691  fraction=0.20000  peak_slope=4.474e-07  t_peak=1274157  comparison cadence=2548314  difference=0.16500  below=0/3
t=2950679  fraction=0.15500  peak_slope=3.579e-07  t_peak=748847  comparison cadence=1497693  difference=0.06500  below=0/3
t=3341868  fraction=0.20000  peak_slope=4.474e-07  t_peak=1274157  comparison cadence=2548314  difference=0.16500  below=0/3
t=3118331  fraction=0.17500  peak_slope=2.684e-07  t_peak=871792  comparison cadence=1743583  difference=0.08500  below=0/3
t=2604198  fraction=0.13500  peak_slope=3.579e-07  t_peak=771200  comparison cadence=1542400  difference=0.07000  below=0/3
t=2961856  fraction=0.15500  peak_slope=3.579e-07  t_peak=748847  comparison cadence=1497693  difference=0.06500  below=0/3
t=3353044  fraction=0.20000  peak_slope=4.474e-07  t_peak=1274157  comparison cadence=2548314  difference=0.16500  below=0/3
t=3129508  fraction=0.17500  peak_slope=2.684e-07  t_peak=871792  comparison cadence=1743583  difference=0.08500  below=0/3
t=2973033  fraction=0.15500  peak_slope=3.579e-07  t_peak=748847  comparison cadence=1497693  difference=0.06500  below=0/3
t=2615375  fraction=0.13500  peak_slope=3.579e-07  t_peak=771200  comparison cadence=1542400  difference=0.07000  below=0/3
t=3364221  fraction=0.20000  peak_slope=4.474e-07  t_peak=1274157  comparison cadence=2548314  difference=0.16500  below=0/3
t=3140685  fraction=0.17500  peak_slope=2.684e-07  t_peak=871792  comparison cadence=1743583  difference=0.08500  below=0/3
t=2984209  fraction=0.15500  peak_slope=3.579e-07  t_peak=748847  comparison cadence=1497693  difference=0.06500  below=0/3
t=2626551  fraction=0.13500  peak_slope=3.579e-07  t_peak=771200  comparison cadence=1542400  difference=0.07000  below=0/3
t=3375398  fraction=0.20000  peak_slope=4.474e-07  t_peak=1274157  comparison cadence=2548314  difference=0.16500  below=0/3
t=3151862  fraction=0.17500  peak_slope=2.684e-07  t_peak=871792  comparison cadence=1743583  difference=0.08500  below=0/3
t=2995386  fraction=0.15500  peak_slope=3.579e-07  t_peak=748847  comparison cadence=1497693  difference=0.06500  below=0/3
t=3386575  fraction=0.20000  peak_slope=4.474e-07  t_peak=1274157  comparison cadence=2548314  difference=0.16500  below=0/3
t=2637728  fraction=0.14000  peak_slope=3.579e-07  t_peak=771200  comparison cadence=1542400  difference=0.07000  below=0/3
t=3163038  fraction=0.17500  peak_slope=2.684e-07  t_peak=871792  comparison cadence=1743583  difference=0.08500  below=0/3
t=3006563  fraction=0.16000  peak_slope=3.579e-07  t_peak=748847  comparison cadence=1497693  difference=0.06500  below=0/3
t=3397752  fraction=0.20000  peak_slope=4.474e-07  t_peak=1274157  comparison cadence=2548314  difference=0.16000  below=0/3
t=2648905  fraction=0.14000  peak_slope=3.579e-07  t_peak=771200  comparison cadence=1542400  difference=0.07000  below=0/3
t=3174215  fraction=0.17500  peak_slope=2.684e-07  t_peak=871792  comparison cadence=1743583  difference=0.08000  below=0/3
t=3408928  fraction=0.20000  peak_slope=4.474e-07  t_peak=1274157  comparison cadence=2548314  difference=0.16000  below=0/3
t=3017740  fraction=0.16000  peak_slope=3.579e-07  t_peak=748847  comparison cadence=1497693  difference=0.06000  below=0/3
t=3185392  fraction=0.17500  peak_slope=2.684e-07  t_peak=871792  comparison cadence=1743583  difference=0.08000  below=0/3
t=2660082  fraction=0.14000  peak_slope=3.579e-07  t_peak=771200  comparison cadence=1542400  difference=0.07000  below=0/3
t=3420105  fraction=0.20000  peak_slope=4.474e-07  t_peak=1274157  comparison cadence=2548314  difference=0.16000  below=0/3
t=3028917  fraction=0.16000  peak_slope=3.579e-07  t_peak=748847  comparison cadence=1497693  difference=0.06000  below=0/3
t=3196569  fraction=0.17500  peak_slope=2.684e-07  t_peak=871792  comparison cadence=1743583  difference=0.08000  below=0/3
t=3431282  fraction=0.20000  peak_slope=4.474e-07  t_peak=1274157  comparison cadence=2548314  difference=0.15500  below=0/3
t=2671259  fraction=0.14000  peak_slope=3.579e-07  t_peak=771200  comparison cadence=1542400  difference=0.07000  below=0/3
t=3040094  fraction=0.16000  peak_slope=3.579e-07  t_peak=748847  comparison cadence=1497693  difference=0.06000  below=0/3
t=3207746  fraction=0.17500  peak_slope=2.684e-07  t_peak=871792  comparison cadence=1743583  difference=0.08000  below=0/3
t=3442459  fraction=0.20000  peak_slope=4.474e-07  t_peak=1274157  comparison cadence=2548314  difference=0.15500  below=0/3
t=2682435  fraction=0.14000  peak_slope=3.579e-07  t_peak=771200  comparison cadence=1542400  difference=0.07000  below=0/3
t=3051270  fraction=0.16000  peak_slope=3.579e-07  t_peak=748847  comparison cadence=1497693  difference=0.06000  below=0/3
t=3218923  fraction=0.17500  peak_slope=2.684e-07  t_peak=871792  comparison cadence=1743583  difference=0.08000  below=0/3
t=3453636  fraction=0.20000  peak_slope=4.474e-07  t_peak=1274157  comparison cadence=2548314  difference=0.14500  below=0/3
t=2693612  fraction=0.14500  peak_slope=3.579e-07  t_peak=771200  comparison cadence=1542400  difference=0.07500  below=0/3
t=3062447  fraction=0.16000  peak_slope=3.579e-07  t_peak=748847  comparison cadence=1497693  difference=0.06000  below=0/3
t=3464812  fraction=0.20000  peak_slope=4.474e-07  t_peak=1274157  comparison cadence=2548314  difference=0.14500  below=0/3
t=3230099  fraction=0.17500  peak_slope=2.684e-07  t_peak=871792  comparison cadence=1743583  difference=0.08000  below=0/3
t=3073624  fraction=0.16000  peak_slope=3.579e-07  t_peak=748847  comparison cadence=1497693  difference=0.05500  below=0/3
t=2704789  fraction=0.14500  peak_slope=3.579e-07  t_peak=771200  comparison cadence=1542400  difference=0.07500  below=0/3
t=3475989  fraction=0.20000  peak_slope=4.474e-07  t_peak=1274157  comparison cadence=2548314  difference=0.14500  below=0/3
t=3241276  fraction=0.17500  peak_slope=2.684e-07  t_peak=871792  comparison cadence=1743583  difference=0.07500  below=0/3
t=3487166  fraction=0.20000  peak_slope=4.474e-07  t_peak=1274157  comparison cadence=2548314  difference=0.14500  below=0/3
t=3084801  fraction=0.16000  peak_slope=3.579e-07  t_peak=748847  comparison cadence=1497693  difference=0.05500  below=0/3
t=2715966  fraction=0.14500  peak_slope=3.579e-07  t_peak=771200  comparison cadence=1542400  difference=0.07500  below=0/3
t=3252453  fraction=0.17500  peak_slope=2.684e-07  t_peak=871792  comparison cadence=1743583  difference=0.07500  below=0/3
t=3498343  fraction=0.20000  peak_slope=4.474e-07  t_peak=1274157  comparison cadence=2548314  difference=0.14500  below=0/3
t=3095978  fraction=0.16000  peak_slope=3.579e-07  t_peak=748847  comparison cadence=1497693  difference=0.05500  below=0/3
t=3263630  fraction=0.17500  peak_slope=2.684e-07  t_peak=871792  comparison cadence=1743583  difference=0.07500  below=0/3
t=2727143  fraction=0.14500  peak_slope=3.579e-07  t_peak=771200  comparison cadence=1542400  difference=0.07500  below=0/3
t=3509520  fraction=0.20000  peak_slope=4.474e-07  t_peak=1274157  comparison cadence=2548314  difference=0.14500  below=0/3
t=3107154  fraction=0.16000  peak_slope=3.579e-07  t_peak=748847  comparison cadence=1497693  difference=0.05000  below=0/3
t=3274807  fraction=0.17500  peak_slope=2.684e-07  t_peak=871792  comparison cadence=1743583  difference=0.07500  below=0/3
t=2738320  fraction=0.14500  peak_slope=3.579e-07  t_peak=771200  comparison cadence=1542400  difference=0.07500  below=0/3
t=3520697  fraction=0.20000  peak_slope=4.474e-07  t_peak=1274157  comparison cadence=2548314  difference=0.14500  below=0/3
t=3118331  fraction=0.16500  peak_slope=3.579e-07  t_peak=748847  comparison cadence=1497693  difference=0.05500  below=0/3
t=3285983  fraction=0.17500  peak_slope=2.684e-07  t_peak=871792  comparison cadence=1743583  difference=0.07000  below=0/3
t=3531873  fraction=0.20000  peak_slope=4.474e-07  t_peak=1274157  comparison cadence=2548314  difference=0.14000  below=0/3
t=2749496  fraction=0.14500  peak_slope=3.579e-07  t_peak=771200  comparison cadence=1542400  difference=0.07500  below=0/3
t=3129508  fraction=0.16500  peak_slope=3.579e-07  t_peak=748847  comparison cadence=1497693  difference=0.05000  below=0/3
t=3297160  fraction=0.17500  peak_slope=2.684e-07  t_peak=871792  comparison cadence=1743583  difference=0.06500  below=0/3
t=3543050  fraction=0.20500  peak_slope=4.474e-07  t_peak=1274157  comparison cadence=2548314  difference=0.14500  below=0/3
t=2760673  fraction=0.14500  peak_slope=3.579e-07  t_peak=771200  comparison cadence=1542400  difference=0.07500  below=0/3
t=3308337  fraction=0.17500  peak_slope=2.684e-07  t_peak=871792  comparison cadence=1743583  difference=0.06500  below=0/3
t=3140685  fraction=0.16500  peak_slope=3.579e-07  t_peak=748847  comparison cadence=1497693  difference=0.04500  below=1/3
t=3554227  fraction=0.20500  peak_slope=4.474e-07  t_peak=1274157  comparison cadence=2548314  difference=0.14500  below=0/3
t=2771850  fraction=0.14500  peak_slope=3.579e-07  t_peak=771200  comparison cadence=1542400  difference=0.07500  below=0/3
t=3319514  fraction=0.17500  peak_slope=2.684e-07  t_peak=871792  comparison cadence=1743583  difference=0.06500  below=0/3
t=3565404  fraction=0.20500  peak_slope=4.474e-07  t_peak=1274157  comparison cadence=2548314  difference=0.14000  below=0/3
t=3151862  fraction=0.16500  peak_slope=3.579e-07  t_peak=748847  comparison cadence=1497693  difference=0.04500  below=2/3
t=3576581  fraction=0.20500  peak_slope=4.474e-07  t_peak=1274157  comparison cadence=2548314  difference=0.14000  below=0/3
t=3330691  fraction=0.17500  peak_slope=2.684e-07  t_peak=871792  comparison cadence=1743583  difference=0.06500  below=0/3
t=2783027  fraction=0.14500  peak_slope=3.579e-07  t_peak=771200  comparison cadence=1542400  difference=0.07500  below=0/3
t=3163038  fraction=0.16500  peak_slope=3.579e-07  t_peak=748847  comparison cadence=1497693  difference=0.04000  below=3/3
Stopping at t=3163038.474337973
Saved 167 remaining particles to /scratch/group/p.phy260085.000//Mass_Fraction/Outputs/Ejection_Results/remaining_particles_2145715_4.csv
t=3587757  fraction=0.20500  peak_slope=4.474e-07  t_peak=1274157  comparison cadence=2548314  difference=0.13500  below=0/3
t=3341868  fraction=0.17500  peak_slope=2.684e-07  t_peak=871792  comparison cadence=1743583  difference=0.06500  below=0/3
t=2794204  fraction=0.14500  peak_slope=3.579e-07  t_peak=771200  comparison cadence=1542400  difference=0.07500  below=0/3
t=3598934  fraction=0.20500  peak_slope=4.474e-07  t_peak=1274157  comparison cadence=2548314  difference=0.13500  below=0/3
t=3353044  fraction=0.17500  peak_slope=2.684e-07  t_peak=871792  comparison cadence=1743583  difference=0.06500  below=0/3
t=2805380  fraction=0.14500  peak_slope=3.579e-07  t_peak=771200  comparison cadence=1542400  difference=0.07500  below=0/3
t=3610111  fraction=0.20500  peak_slope=4.474e-07  t_peak=1274157  comparison cadence=2548314  difference=0.13000  below=0/3
t=3364221  fraction=0.17500  peak_slope=2.684e-07  t_peak=871792  comparison cadence=1743583  difference=0.06500  below=0/3
t=3621288  fraction=0.20500  peak_slope=4.474e-07  t_peak=1274157  comparison cadence=2548314  difference=0.13000  below=0/3
t=2816557  fraction=0.14500  peak_slope=3.579e-07  t_peak=771200  comparison cadence=1542400  difference=0.07000  below=0/3
t=3375398  fraction=0.17500  peak_slope=2.684e-07  t_peak=871792  comparison cadence=1743583  difference=0.06500  below=0/3
t=3632465  fraction=0.20500  peak_slope=4.474e-07  t_peak=1274157  comparison cadence=2548314  difference=0.12500  below=0/3
t=2827734  fraction=0.14500  peak_slope=3.579e-07  t_peak=771200  comparison cadence=1542400  difference=0.07000  below=0/3
t=3386575  fraction=0.17500  peak_slope=2.684e-07  t_peak=871792  comparison cadence=1743583  difference=0.06500  below=0/3
t=3643641  fraction=0.20500  peak_slope=4.474e-07  t_peak=1274157  comparison cadence=2548314  difference=0.12500  below=0/3
t=3397752  fraction=0.17500  peak_slope=2.684e-07  t_peak=871792  comparison cadence=1743583  difference=0.06500  below=0/3
t=2838911  fraction=0.15000  peak_slope=3.579e-07  t_peak=771200  comparison cadence=1542400  difference=0.07500  below=0/3
t=3654818  fraction=0.20500  peak_slope=4.474e-07  t_peak=1274157  comparison cadence=2548314  difference=0.12000  below=0/3
t=3408928  fraction=0.18000  peak_slope=2.684e-07  t_peak=871792  comparison cadence=1743583  difference=0.07000  below=0/3
t=2850088  fraction=0.15000  peak_slope=3.579e-07  t_peak=771200  comparison cadence=1542400  difference=0.07500  below=0/3
t=3665995  fraction=0.20500  peak_slope=4.474e-07  t_peak=1274157  comparison cadence=2548314  difference=0.12000  below=0/3
t=3420105  fraction=0.18000  peak_slope=2.684e-07  t_peak=871792  comparison cadence=1743583  difference=0.07000  below=0/3
t=3677172  fraction=0.20500  peak_slope=4.474e-07  t_peak=1274157  comparison cadence=2548314  difference=0.12000  below=0/3
t=2861264  fraction=0.15000  peak_slope=3.579e-07  t_peak=771200  comparison cadence=1542400  difference=0.07500  below=0/3
t=3431282  fraction=0.18000  peak_slope=2.684e-07  t_peak=871792  comparison cadence=1743583  difference=0.06500  below=0/3
t=3688349  fraction=0.20500  peak_slope=4.474e-07  t_peak=1274157  comparison cadence=2548314  difference=0.12000  below=0/3
t=2872441  fraction=0.15000  peak_slope=3.579e-07  t_peak=771200  comparison cadence=1542400  difference=0.07000  below=0/3
t=3442459  fraction=0.18000  peak_slope=2.684e-07  t_peak=871792  comparison cadence=1743583  difference=0.06500  below=0/3
t=3699526  fraction=0.20500  peak_slope=4.474e-07  t_peak=1274157  comparison cadence=2548314  difference=0.12000  below=0/3
t=2883618  fraction=0.15000  peak_slope=3.579e-07  t_peak=771200  comparison cadence=1542400  difference=0.06500  below=0/3
t=3710702  fraction=0.20500  peak_slope=4.474e-07  t_peak=1274157  comparison cadence=2548314  difference=0.12000  below=0/3
t=3453636  fraction=0.18000  peak_slope=2.684e-07  t_peak=871792  comparison cadence=1743583  difference=0.06500  below=0/3
t=3721879  fraction=0.20500  peak_slope=4.474e-07  t_peak=1274157  comparison cadence=2548314  difference=0.12000  below=0/3
t=3464812  fraction=0.18000  peak_slope=2.684e-07  t_peak=871792  comparison cadence=1743583  difference=0.06000  below=0/3
t=2894795  fraction=0.15000  peak_slope=3.579e-07  t_peak=771200  comparison cadence=1542400  difference=0.06500  below=0/3
t=3733056  fraction=0.21000  peak_slope=4.474e-07  t_peak=1274157  comparison cadence=2548314  difference=0.12500  below=0/3
t=3475989  fraction=0.18000  peak_slope=2.684e-07  t_peak=871792  comparison cadence=1743583  difference=0.06000  below=0/3
t=2905972  fraction=0.15000  peak_slope=3.579e-07  t_peak=771200  comparison cadence=1542400  difference=0.06500  below=0/3
t=3744233  fraction=0.21000  peak_slope=4.474e-07  t_peak=1274157  comparison cadence=2548314  difference=0.12000  below=0/3
t=3487166  fraction=0.18000  peak_slope=2.684e-07  t_peak=871792  comparison cadence=1743583  difference=0.06000  below=0/3
t=2917149  fraction=0.15000  peak_slope=3.579e-07  t_peak=771200  comparison cadence=1542400  difference=0.06500  below=0/3
t=3755410  fraction=0.21000  peak_slope=4.474e-07  t_peak=1274157  comparison cadence=2548314  difference=0.12000  below=0/3
t=3498343  fraction=0.18000  peak_slope=2.684e-07  t_peak=871792  comparison cadence=1743583  difference=0.06000  below=0/3
t=3766586  fraction=0.21000  peak_slope=4.474e-07  t_peak=1274157  comparison cadence=2548314  difference=0.12000  below=0/3
t=2928325  fraction=0.15000  peak_slope=3.579e-07  t_peak=771200  comparison cadence=1542400  difference=0.06500  below=0/3
t=3509520  fraction=0.18000  peak_slope=2.684e-07  t_peak=871792  comparison cadence=1743583  difference=0.06000  below=0/3
t=3777763  fraction=0.21000  peak_slope=4.474e-07  t_peak=1274157  comparison cadence=2548314  difference=0.11500  below=0/3
t=2939502  fraction=0.15500  peak_slope=3.579e-07  t_peak=771200  comparison cadence=1542400  difference=0.07000  below=0/3
t=3520697  fraction=0.18000  peak_slope=2.684e-07  t_peak=871792  comparison cadence=1743583  difference=0.06000  below=0/3
t=3788940  fraction=0.21000  peak_slope=4.474e-07  t_peak=1274157  comparison cadence=2548314  difference=0.11500  below=0/3
t=2950679  fraction=0.15500  peak_slope=3.579e-07  t_peak=771200  comparison cadence=1542400  difference=0.07000  below=0/3
t=3531873  fraction=0.18000  peak_slope=2.684e-07  t_peak=871792  comparison cadence=1743583  difference=0.06000  below=0/3
t=3800117  fraction=0.21000  peak_slope=4.474e-07  t_peak=1274157  comparison cadence=2548314  difference=0.11000  below=0/3
t=3543050  fraction=0.18000  peak_slope=2.684e-07  t_peak=871792  comparison cadence=1743583  difference=0.06000  below=0/3
t=2961856  fraction=0.15500  peak_slope=3.579e-07  t_peak=771200  comparison cadence=1542400  difference=0.07000  below=0/3
t=3811294  fraction=0.21000  peak_slope=4.474e-07  t_peak=1274157  comparison cadence=2548314  difference=0.10000  below=0/3
t=3554227  fraction=0.18000  peak_slope=2.684e-07  t_peak=871792  comparison cadence=1743583  difference=0.06000  below=0/3
t=3822471  fraction=0.21000  peak_slope=4.474e-07  t_peak=1274157  comparison cadence=2548314  difference=0.09500  below=0/3
t=2973033  fraction=0.15500  peak_slope=3.579e-07  t_peak=771200  comparison cadence=1542400  difference=0.07000  below=0/3
t=3565404  fraction=0.18000  peak_slope=2.684e-07  t_peak=871792  comparison cadence=1743583  difference=0.06000  below=0/3
t=3833647  fraction=0.21000  peak_slope=4.474e-07  t_peak=1274157  comparison cadence=2548314  difference=0.09500  below=0/3
t=2984209  fraction=0.15500  peak_slope=3.579e-07  t_peak=771200  comparison cadence=1542400  difference=0.07000  below=0/3
t=3844824  fraction=0.21000  peak_slope=4.474e-07  t_peak=1274157  comparison cadence=2548314  difference=0.09500  below=0/3
t=3576581  fraction=0.18000  peak_slope=2.684e-07  t_peak=871792  comparison cadence=1743583  difference=0.06000  below=0/3
t=2995386  fraction=0.15500  peak_slope=3.579e-07  t_peak=771200  comparison cadence=1542400  difference=0.06500  below=0/3
t=3856001  fraction=0.21000  peak_slope=4.474e-07  t_peak=1274157  comparison cadence=2548314  difference=0.09500  below=0/3
t=3587757  fraction=0.18000  peak_slope=2.684e-07  t_peak=871792  comparison cadence=1743583  difference=0.06000  below=0/3
t=3867178  fraction=0.21000  peak_slope=4.474e-07  t_peak=1274157  comparison cadence=2548314  difference=0.09500  below=0/3
t=3006563  fraction=0.15500  peak_slope=3.579e-07  t_peak=771200  comparison cadence=1542400  difference=0.06000  below=0/3
t=3598934  fraction=0.18000  peak_slope=2.684e-07  t_peak=871792  comparison cadence=1743583  difference=0.05500  below=0/3
t=3878355  fraction=0.21000  peak_slope=4.474e-07  t_peak=1274157  comparison cadence=2548314  difference=0.09500  below=0/3
t=3610111  fraction=0.18000  peak_slope=2.684e-07  t_peak=871792  comparison cadence=1743583  difference=0.05500  below=0/3
t=3017740  fraction=0.15500  peak_slope=3.579e-07  t_peak=771200  comparison cadence=1542400  difference=0.06000  below=0/3
t=3889531  fraction=0.21000  peak_slope=4.474e-07  t_peak=1274157  comparison cadence=2548314  difference=0.09000  below=0/3
t=3621288  fraction=0.18000  peak_slope=2.684e-07  t_peak=871792  comparison cadence=1743583  difference=0.05500  below=0/3
t=3028917  fraction=0.16000  peak_slope=3.579e-07  t_peak=771200  comparison cadence=1542400  difference=0.06500  below=0/3
t=3900708  fraction=0.21000  peak_slope=4.474e-07  t_peak=1274157  comparison cadence=2548314  difference=0.09000  below=0/3
t=3632465  fraction=0.18000  peak_slope=2.684e-07  t_peak=871792  comparison cadence=1743583  difference=0.05000  below=1/3
t=3911885  fraction=0.21000  peak_slope=4.474e-07  t_peak=1274157  comparison cadence=2548314  difference=0.09000  below=0/3
t=3040094  fraction=0.16000  peak_slope=3.579e-07  t_peak=771200  comparison cadence=1542400  difference=0.06500  below=0/3
t=3643641  fraction=0.18000  peak_slope=2.684e-07  t_peak=871792  comparison cadence=1743583  difference=0.05000  below=2/3
t=3923062  fraction=0.21000  peak_slope=4.474e-07  t_peak=1274157  comparison cadence=2548314  difference=0.09000  below=0/3
t=3051270  fraction=0.16500  peak_slope=3.579e-07  t_peak=771200  comparison cadence=1542400  difference=0.07000  below=0/3
t=3654818  fraction=0.18000  peak_slope=2.684e-07  t_peak=871792  comparison cadence=1743583  difference=0.04500  below=3/3
Stopping at t=3654818.307803948
Saved 164 remaining particles to /scratch/group/p.phy260085.000//Mass_Fraction/Outputs/Ejection_Results/remaining_particles_2145715_4.csv
t=3934239  fraction=0.21000  peak_slope=4.474e-07  t_peak=1274157  comparison cadence=2548314  difference=0.09000  below=0/3
t=3062447  fraction=0.16500  peak_slope=3.579e-07  t_peak=771200  comparison cadence=1542400  difference=0.06000  below=0/3
t=3945415  fraction=0.21000  peak_slope=4.474e-07  t_peak=1274157  comparison cadence=2548314  difference=0.09000  below=0/3
t=3073624  fraction=0.16500  peak_slope=3.579e-07  t_peak=771200  comparison cadence=1542400  difference=0.06000  below=0/3
t=3956592  fraction=0.21000  peak_slope=4.474e-07  t_peak=1274157  comparison cadence=2548314  difference=0.08500  below=0/3
t=3967769  fraction=0.21000  peak_slope=4.474e-07  t_peak=1274157  comparison cadence=2548314  difference=0.08500  below=0/3
t=3084801  fraction=0.16500  peak_slope=3.579e-07  t_peak=771200  comparison cadence=1542400  difference=0.06000  below=0/3
t=3978946  fraction=0.21000  peak_slope=4.474e-07  t_peak=1274157  comparison cadence=2548314  difference=0.08500  below=0/3
t=3095978  fraction=0.16500  peak_slope=3.579e-07  t_peak=771200  comparison cadence=1542400  difference=0.06000  below=0/3
t=3990123  fraction=0.21000  peak_slope=4.474e-07  t_peak=1274157  comparison cadence=2548314  difference=0.08500  below=0/3
t=3107154  fraction=0.16500  peak_slope=3.579e-07  t_peak=771200  comparison cadence=1542400  difference=0.06000  below=0/3
t=4001300  fraction=0.21000  peak_slope=4.474e-07  t_peak=1274157  comparison cadence=2548314  difference=0.08500  below=0/3
t=4012476  fraction=0.21000  peak_slope=4.474e-07  t_peak=1274157  comparison cadence=2548314  difference=0.08000  below=0/3
t=3118331  fraction=0.16500  peak_slope=3.579e-07  t_peak=771200  comparison cadence=1542400  difference=0.05500  below=0/3
t=4023653  fraction=0.21000  peak_slope=4.474e-07  t_peak=1274157  comparison cadence=2548314  difference=0.07500  below=0/3
t=3129508  fraction=0.16500  peak_slope=3.579e-07  t_peak=771200  comparison cadence=1542400  difference=0.05000  below=0/3
t=4034830  fraction=0.21000  peak_slope=4.474e-07  t_peak=1274157  comparison cadence=2548314  difference=0.07500  below=0/3
t=3140685  fraction=0.16500  peak_slope=3.579e-07  t_peak=771200  comparison cadence=1542400  difference=0.05000  below=0/3
t=4046007  fraction=0.21000  peak_slope=4.474e-07  t_peak=1274157  comparison cadence=2548314  difference=0.07500  below=0/3
t=3151862  fraction=0.16500  peak_slope=3.579e-07  t_peak=771200  comparison cadence=1542400  difference=0.05000  below=0/3
t=4057184  fraction=0.21000  peak_slope=4.474e-07  t_peak=1274157  comparison cadence=2548314  difference=0.07500  below=0/3
t=4068360  fraction=0.21000  peak_slope=4.474e-07  t_peak=1274157  comparison cadence=2548314  difference=0.07500  below=0/3
t=3163038  fraction=0.16500  peak_slope=3.579e-07  t_peak=771200  comparison cadence=1542400  difference=0.05000  below=0/3
t=4079537  fraction=0.21000  peak_slope=4.474e-07  t_peak=1274157  comparison cadence=2548314  difference=0.07000  below=0/3
t=3174215  fraction=0.16500  peak_slope=3.579e-07  t_peak=771200  comparison cadence=1542400  difference=0.05000  below=0/3
t=4090714  fraction=0.21000  peak_slope=4.474e-07  t_peak=1274157  comparison cadence=2548314  difference=0.07000  below=0/3
t=3185392  fraction=0.16500  peak_slope=3.579e-07  t_peak=771200  comparison cadence=1542400  difference=0.05000  below=0/3
t=4101891  fraction=0.21000  peak_slope=4.474e-07  t_peak=1274157  comparison cadence=2548314  difference=0.06500  below=0/3
t=4113068  fraction=0.21000  peak_slope=4.474e-07  t_peak=1274157  comparison cadence=2548314  difference=0.06500  below=0/3
t=3196569  fraction=0.16500  peak_slope=3.579e-07  t_peak=771200  comparison cadence=1542400  difference=0.05000  below=0/3
t=4124245  fraction=0.21000  peak_slope=4.474e-07  t_peak=1274157  comparison cadence=2548314  difference=0.06500  below=0/3
t=3207746  fraction=0.16500  peak_slope=3.579e-07  t_peak=771200  comparison cadence=1542400  difference=0.05000  below=0/3
t=4135421  fraction=0.21000  peak_slope=4.474e-07  t_peak=1274157  comparison cadence=2548314  difference=0.06000  below=0/3
t=3218923  fraction=0.16500  peak_slope=3.579e-07  t_peak=771200  comparison cadence=1542400  difference=0.05000  below=0/3
t=4146598  fraction=0.21000  peak_slope=4.474e-07  t_peak=1274157  comparison cadence=2548314  difference=0.06000  below=0/3
t=4157775  fraction=0.21000  peak_slope=4.474e-07  t_peak=1274157  comparison cadence=2548314  difference=0.06000  below=0/3
t=3230099  fraction=0.16500  peak_slope=3.579e-07  t_peak=771200  comparison cadence=1542400  difference=0.05000  below=0/3
t=4168952  fraction=0.21000  peak_slope=4.474e-07  t_peak=1274157  comparison cadence=2548314  difference=0.06000  below=0/3
t=3241276  fraction=0.16500  peak_slope=3.579e-07  t_peak=771200  comparison cadence=1542400  difference=0.05000  below=0/3
t=4180129  fraction=0.21000  peak_slope=4.474e-07  t_peak=1274157  comparison cadence=2548314  difference=0.06000  below=0/3
t=3252453  fraction=0.16500  peak_slope=3.579e-07  t_peak=771200  comparison cadence=1542400  difference=0.05000  below=0/3
t=4191305  fraction=0.21000  peak_slope=4.474e-07  t_peak=1274157  comparison cadence=2548314  difference=0.06000  below=0/3
t=3263630  fraction=0.16500  peak_slope=3.579e-07  t_peak=771200  comparison cadence=1542400  difference=0.05000  below=0/3
t=4202482  fraction=0.21000  peak_slope=4.474e-07  t_peak=1274157  comparison cadence=2548314  difference=0.06000  below=0/3
t=4213659  fraction=0.21000  peak_slope=4.474e-07  t_peak=1274157  comparison cadence=2548314  difference=0.06000  below=0/3
t=3274807  fraction=0.16500  peak_slope=3.579e-07  t_peak=771200  comparison cadence=1542400  difference=0.05000  below=0/3
t=4224836  fraction=0.21000  peak_slope=4.474e-07  t_peak=1274157  comparison cadence=2548314  difference=0.06000  below=0/3
t=3285983  fraction=0.16500  peak_slope=3.579e-07  t_peak=771200  comparison cadence=1542400  difference=0.05000  below=0/3
t=4236013  fraction=0.21000  peak_slope=4.474e-07  t_peak=1274157  comparison cadence=2548314  difference=0.06000  below=0/3
t=3297160  fraction=0.16500  peak_slope=3.579e-07  t_peak=771200  comparison cadence=1542400  difference=0.05000  below=0/3
t=4247189  fraction=0.21000  peak_slope=4.474e-07  t_peak=1274157  comparison cadence=2548314  difference=0.06000  below=0/3
t=4258366  fraction=0.21000  peak_slope=4.474e-07  t_peak=1274157  comparison cadence=2548314  difference=0.06000  below=0/3
t=3308337  fraction=0.16500  peak_slope=3.579e-07  t_peak=771200  comparison cadence=1542400  difference=0.05000  below=0/3
t=4269543  fraction=0.21000  peak_slope=4.474e-07  t_peak=1274157  comparison cadence=2548314  difference=0.06000  below=0/3
t=3319514  fraction=0.16500  peak_slope=3.579e-07  t_peak=771200  comparison cadence=1542400  difference=0.05000  below=0/3
t=4280720  fraction=0.21000  peak_slope=4.474e-07  t_peak=1274157  comparison cadence=2548314  difference=0.05500  below=0/3
t=3330691  fraction=0.16500  peak_slope=3.579e-07  t_peak=771200  comparison cadence=1542400  difference=0.05000  below=0/3
t=4291897  fraction=0.21000  peak_slope=4.474e-07  t_peak=1274157  comparison cadence=2548314  difference=0.05500  below=0/3
t=3341868  fraction=0.17000  peak_slope=3.579e-07  t_peak=771200  comparison cadence=1542400  difference=0.05500  below=0/3
t=4303074  fraction=0.21000  peak_slope=4.474e-07  t_peak=1274157  comparison cadence=2548314  difference=0.05500  below=0/3
t=4314250  fraction=0.21000  peak_slope=4.474e-07  t_peak=1274157  comparison cadence=2548314  difference=0.05500  below=0/3
t=3353044  fraction=0.17000  peak_slope=3.579e-07  t_peak=771200  comparison cadence=1542400  difference=0.05500  below=0/3
t=4325427  fraction=0.21000  peak_slope=4.474e-07  t_peak=1274157  comparison cadence=2548314  difference=0.05000  below=1/3
t=3364221  fraction=0.17000  peak_slope=3.579e-07  t_peak=771200  comparison cadence=1542400  difference=0.05500  below=0/3
t=4336604  fraction=0.21000  peak_slope=4.474e-07  t_peak=1274157  comparison cadence=2548314  difference=0.05000  below=2/3
t=3375398  fraction=0.17000  peak_slope=3.579e-07  t_peak=771200  comparison cadence=1542400  difference=0.05500  below=0/3
t=4347781  fraction=0.21000  peak_slope=4.474e-07  t_peak=1274157  comparison cadence=2548314  difference=0.05000  below=3/3
Stopping at t=4347780.800415094
Saved 158 remaining particles to /scratch/group/p.phy260085.000//Mass_Fraction/Outputs/Ejection_Results/remaining_particles_2145715_4.csv
t=3386575  fraction=0.17000  peak_slope=3.579e-07  t_peak=771200  comparison cadence=1542400  difference=0.05500  below=0/3
t=3397752  fraction=0.17000  peak_slope=3.579e-07  t_peak=771200  comparison cadence=1542400  difference=0.05500  below=0/3
t=3408928  fraction=0.17000  peak_slope=3.579e-07  t_peak=771200  comparison cadence=1542400  difference=0.05500  below=0/3
t=3420105  fraction=0.17000  peak_slope=3.579e-07  t_peak=771200  comparison cadence=1542400  difference=0.05500  below=0/3
t=3431282  fraction=0.17000  peak_slope=3.579e-07  t_peak=771200  comparison cadence=1542400  difference=0.05500  below=0/3
t=3442459  fraction=0.17000  peak_slope=3.579e-07  t_peak=771200  comparison cadence=1542400  difference=0.05500  below=0/3
t=3453636  fraction=0.17000  peak_slope=3.579e-07  t_peak=771200  comparison cadence=1542400  difference=0.05500  below=0/3
t=3464812  fraction=0.17000  peak_slope=3.579e-07  t_peak=771200  comparison cadence=1542400  difference=0.05000  below=0/3
t=3475989  fraction=0.17000  peak_slope=3.579e-07  t_peak=771200  comparison cadence=1542400  difference=0.05000  below=0/3
t=3487166  fraction=0.17000  peak_slope=3.579e-07  t_peak=771200  comparison cadence=1542400  difference=0.05000  below=0/3
t=3498343  fraction=0.17000  peak_slope=3.579e-07  t_peak=771200  comparison cadence=1542400  difference=0.05000  below=0/3
t=3509520  fraction=0.17000  peak_slope=3.579e-07  t_peak=771200  comparison cadence=1542400  difference=0.05000  below=0/3
t=3520697  fraction=0.17000  peak_slope=3.579e-07  t_peak=771200  comparison cadence=1542400  difference=0.05000  below=0/3
t=3531873  fraction=0.17500  peak_slope=3.579e-07  t_peak=771200  comparison cadence=1542400  difference=0.05000  below=1/3
t=3543050  fraction=0.17500  peak_slope=3.579e-07  t_peak=771200  comparison cadence=1542400  difference=0.05000  below=2/3
t=3554227  fraction=0.17500  peak_slope=3.579e-07  t_peak=771200  comparison cadence=1542400  difference=0.05000  below=3/3
Stopping at t=3554226.978231362
Saved 165 remaining particles to /scratch/group/p.phy260085.000//Mass_Fraction/Outputs/Ejection_Results/remaining_particles_2145715_4.csv
