==========================================
Mass Fraction MPI Run
==========================================
Date:               Sun Sep 20 20:16:17 CDT 2026
Host:               ac035
Array job ID:       2145715
Array task ID:      5
MPI ranks:          4
CPUs per task:      1
Nodes allocated:    1
Python:             /scratch/user/u.hm357857/.conda/envs/comets/bin/python
Conda environment:  /scratch/user/u.hm357857/.conda/envs/comets
==========================================

6.977465748278128
5.965756473670635
5.207452058256111
7.9488066768645655
2.3684984559696036
4.992659810080633
1.4767301011024152
3.710407996712242
8.779580886924748
11.69990469386476
6.506467883419501
7.3619286221182625
5.681611992464386
7.200567978900397
13.939174935423159
6.386027364721992
1.3744405331688814
1.5470946977819482
4.492491922188388
4.581778321126649
14.140828603537496
12.97658526275216
9.998909246084365
9.573769108197482
10.302769565066654
7.86135044003853
13.733811982309726
12.75770257234268
6.321521153070763
10.861922774526558
8.161960243505112
10.977994467016014
7.966691084173801
14.614875262933664
8.330571094786457
7.5345198905789506
14.525816022910366
8.437935174733216
11.004428386497347
5.6407960005795
5.079948000781872
13.837965165365064
11.065317531041309
12.547125657541072
3.9480223575246303
2.1813030470783445
2.1578003128546257
1.2124252540582412
6.415573868975329
14.22423842143598
12.576724339373271
7.637096843796499
1.5047707329538151
2.2177367074958383
3.9928630486882466
4.802912867792578
4.543453816149958
2.4812546953462746
1.6644323704896729
4.496153682405481
7.460048219848772
8.711246936273938
8.07929844896848
6.37709636913789
11.018267292336834
14.1541088177043
5.011423605531977
13.740150383500016
4.236267745973468
2.6131857934723906
3.7411579101562866
4.517986585004703
5.980367824578419
12.76011503492612
14.863797095722726
6.24815430335066
10.183941014897663
13.922891480716629
13.51145452003739
13.942078378306977
1.775470370040373
3.2754289484260553
4.66325954856943
3.9577408422597817
8.58574957389146
8.559874308965217
8.121221024232344
11.432340243556608
5.762292261910114
13.489563169964365
7.244940497535815
8.977175945252199
11.43673488164741
5.672041309048569
14.548705926458624
6.956115284936808
3.559359032174449
3.1275128705566777
3.3356665363898528
1.6360779016150064
4.6651146902362
4.6206946790110095
1.0953332622321903
2.6999408048052276
3.8445361402787315
3.873855269901007
3.733196357187657
1.8306016710306832
2.5363237360180904
3.556828778726014
4.254860585379336
3.499790870009939
1.8196393780779574
2.917615551647992
2.318888232643129
1.3076148827115488
9.647234533256263
6.049682674115554
7.851064110024573
6.50670276373479
8.526105383971068
12.575724268931303
9.1929890574034
8.721003397960661
13.19109601662781
10.624697136779421
9.61798581076928
11.875328615638612
1.6204190931193554
2.03699308839591
2.0821182264219287
2.5436801232960917
6.920861096488302
6.828597136186833
8.153120900072205
7.284380864801601
11.776999020385766
5.735832071265591
11.607957619753156
13.349581341151449
8.668554092575722
5.010538880295382
13.054347636009819
9.975109922298472
11.770814179171563
6.82377351978114
13.021821868435726
5.249296032190973
1.5122036054058379
4.255449472052702
3.4864763712198146
4.412740099044564
2.653100093719873
4.07807160785258
3.066803917529889
3.5639752577177477
2.2109727985303165
1.0771432959320388
2.440299211169369
2.616876954431401
6.85200397193597
11.767156923806734
11.38689192180987
11.402171269876945
2.6840201332712814
2.9834177096309316
4.031430876780375
1.5897006833375293
12.237749029564394
13.168130597342639
6.33300818642477
13.80027016242408
12.353262417105519
14.527806916776921
11.353662319396335
14.799173392918659
4.135851919605365
2.813845565651712
3.123516749238418
3.644706145464645
12.962382154022766
14.403669758934313
11.769108529306358
9.033251111689735
2.7765789173929387
4.162462462568155
3.651091828970903
2.449255157183499
4.213504209585237
3.6885707602016864
3.348147866047149
4.431181671873359
9.501665003506162
13.137593214538304
11.006682788119663
8.206176320834077
12.146508498235875
10.094595237272042
6.526139190117778
7.92699269086353
3.0219421846169006
3.4386398681881545
2.089589848954408
1.412019047766576
4.122902828337429
2.9636040613225116
4.749456110290293
3.9421485484524124
3.1651808390533676
1.8223143063330531
3.9533181942401487
3.061046950769847
2.9107400280091267
4.952592035009434
3.621435866223483
3.2894337846995794
14.190402540212713
7.8320023044079745
9.516243210499187
10.3270682073974
1.7078579601427433
3.29295511646296
3.5620932420815574
3.512968687087426
5.1913095434633485
10.390712306511599
14.782692890344793
14.4576390941397
13.754300636810292
8.21375888948813
10.447718417232405
11.323240370820752
2.0264938878532353
4.300003323832383
1.7932269809815509
2.802656779918702
1.2014975255111198
2.444201289671904
3.5883868639386174
1.6766502613764929
14.019797072464195
10.495603682757107
9.025875673908548
8.609666029350695
11.622036892708367
7.366279080167367
8.545442254651263
11.921176269057264
5.027439535317091
11.913671912529816
6.456958522486164
14.590175978766235
14.895498357484874
6.776851641720541
13.172588244022283
14.659669369663227
4.19617767709822
4.220905768071884
4.60456393816825
2.02488765210558
11.99911091804594
11.860845926610539
9.76880038587246
7.239065842293853
12.53506391136671
6.561197053943587
14.814792165681347
12.324511491703618
1.4601191743796664
4.460616012072233
4.470188196381605
2.912684880865213
11.10398566425476
11.045488283559287
5.766353266991265
11.396816516424435
1.4061475529272682
1.6467151568172032
1.806131460163427
4.510973100722406
6.797235231008418
5.756241679661793
13.738985323046178
14.714254552905903
2.9067809047066793
2.577155380653102
4.57493324158208
3.944105219853472
5.588391174652454
7.929465644180416
9.194015643240272
9.528395620235445
10.004873629027434
5.401299557918554
14.165546090841046
12.95408664894388
5.610854706457923
13.619978208699484
14.999487566861626
7.4960613784867345
13.27007568083358
12.732816917204168
12.29474792410973
13.401261420817082
8.981299048248541
13.594213538301966
13.92050120159062
6.941021981431534
8.70649756863136
5.530431373380889
5.751642585340596
14.356797968560052
10.668804194088349
10.926283338382401
6.207328173378334
10.543539340407882
12.175448533195318
10.998123569771893
5.934829956582023
9.811095564129467
12.25014538527238
14.24130083351623
10.922970495199497
14.126277162741708
9.459832199424472
13.859644997188411
14.486136328765081
4.7906328330782415
8.289940433569285
1.5003103387312056
2.969654404685218
6.080668498230876
2.353198699501716
11.995128294794606
13.263730031153878
2.4052907088747646
7.041922706213228
1.7417842550969498
4.8483688864389665
4.717768799866143
3.801756104878172
2.4278744053199146
2.714650800245589
12.732758043812847
2.45901730455194
8.620765042862088
9.243464590082842
1.6358676041499818
14.570152654723955
1.077220666335911
3.715755966019166
3.024627205681127
2.043070418853989
1.9713465185162864
1.9158319691016281
7.138110376230205
4.1808683294348
14.400505087516768
11.47848923654526
6.674150878868481
5.389805371405298
6.172498195763431
5.5400944358645745
1.4558515805469838
12.910210718001295
2.2920880865292546
4.696815088602578
3.5946141343195395
3.547021312350274
4.0203022148492185
4.614518406855087
9.066473732243871
3.4199164990280497
9.965872621214181
5.756799373689571
12.329475158713102
13.41452431724533
8.929715080386718
13.095017861388987
6.564831101298529
3.9660522682644155
3.2602492715245117
4.627523727792754
2.2098803443138806
5.407864656557569
12.387917058459864
13.933209114938112
6.8517235055141965
4.387734258541929
3.1987592751767893
1.4841983748957492
1.5856828991443002
2.746169849691524
1.115010195323951
3.8585751851234815
2.7908537632110106
13.09607974624539
11.647079816877863
13.894329106857953
14.220848092270726
5.756930180374605
8.834287512599605
7.766792192857707
5.236588093977412
2.6337193986609235
1.1588328384571946
2.4431885096091652
3.4278785092169812
3.943565840201303
4.3810539413271865
2.9358745876012327
4.178938527648385
2.0906494556067066
1.9785926101492062
1.9116215773018377
4.466516571519991
1.5799159627810409
1.8159517909625729
2.1112685176370527
8.151332146553706
5.894117062777632
1.6574211665433594
8.518083985795636
1.3466122648927192
3.0633264912182927
14.888468807624115
3.9225260226337846
3.4001803226465452
1.1773185238998733
2.108023585592983
1.6428789138668307
2.260847986070223
2.4373319609166204
1.2088375689306319
2.9243168695033193
2.829730918834804
3.4256560532802633
2.2602357864365614
3.085259235344088
3.7154470341636316
4.434234812317271
2.1457699143922646
2.5749723869076466
1.9735417659380423
1.6005173958663885
4.634733792789104
7.23966682252933
11.98517077553657
4.583794762732111
4.830618534323422
2.1035549913247005
3.859592700910036
9.515385798370344
5.706921410444553
13.695841079467947
9.540248510213127
2.1530409370018737
3.709877683679286
1.2966562956871734
2.3293382534325753
14.90189849123967
10.081890509045216
2.5084436947376587
3.0478166414786747
3.656264397146203
4.8237899145760625
13.973586958050841
5.770456215786118
2.6936933673942756
2.681012577871931
13.651949230006037
14.525156654398973
7.929815996982032
13.59453597079068
6.292649738171723
5.028846300963165
7.884745416852333
10.335775287635983
9.188874470899908
14.605468730271463
10.539904802990687
6.567514545166858
2.7655674722379247
4.135734285071275
7.474454181111142
6.948689115742971
13.434094759106653
3.956677958069278
13.18492045614854
4.601206328239275
12.408081345389482
12.27653161263565
14.732759826310051
9.97242063831385
10.472676052483731
10.33566953635098
6.496626424261867
6.76488191865679
4.719516274824171
3.065321524547803
14.110633902279998
8.184484430623566
7.831949566924926
13.135500728440054
3.544340828234571
4.234822074713378
4.275902237548982
4.65496372514992
5.04408910090866
11.417368258262643
10.614766976814284
6.806536160030809
1.0450410416839708
4.9975435966620605
4.387414802959231
3.750210059913673
7.10510722640198
7.35098770451671
6.326611386880913
10.950719369643714
3.9822147515381947
4.977831459656569
3.242141448439044
2.837026507683206
5.590658996405873
13.078821007244867
4.64665282006005
1.8654513721721404
4.247917617351687
2.9787276428710845
5.996781930155805
13.22311068120899
4.687094792991578
2.9327633572597778
4.585533357011131
4.538089295659435
13.94449458850804
7.86069854192713
7.300309455838335
9.935206674647977
4.427386481201339
3.0203830827730127
7.3396869130161235
9.551322393937674
5.693617221202372
9.946271845007221
2.978722807450935
4.575526143321095
8.020953679298662
12.304044623856047
2.434078685342397
4.557936199322307
2.112956052381469
1.6781436703323664
2.5702476327544304
4.531187448899319
2.566683816627362
1.2151692215558452
14.586880279005342
11.103331927975942
2.2316132220010783
3.0326111761637855
14.448460139938891
14.120474607616883
9.260577488725808
12.446221950930479
9.100671339556744
10.372890233395342
6.6877796371678215
7.91931748938643
10.658601809069351
12.00066191985314
8.220156733705233
13.998906808939184
2.151935117912294
2.6488043975675426
13.67127754216825
7.780433695333766
4.51969388936098
4.6120449644945705
2.660703425624126
4.687451735649298
11.841545242333083
10.1675026633615
4.1596268089787864
2.500376170684909
3.619400027601124
4.168106962235006
7.53189534394092
8.386001245745673
3.450665641201431
3.2686124767334466
4.829346384141717
4.190162991116528
9.903427833377009
13.515241820167661
2.773158554428294
1.010264146683297
2.119181189268235
3.010001911068534
12.352787855393325
9.120746058062288
7.250751839018515
11.130904593564662
4.793029318310486
4.131245489680968
14.23816215768374
14.494884769801589
14.787513371651942
8.335748062665708
2.9632345655003225
2.2904476065605865
5.263103679778673
8.093506091271534
7.91144232397956
5.270293369796736
4.350241379289267
3.864032640795608
13.434166118660437
13.195785077082911
10.25287636375744
11.642938430247934
13.293516014374475
5.3494407292789825
7.621199496810868
9.015711070902944
9.116679100503427
8.30452037322453
9.456714963440476
9.569087512800749
2.486743694322965
3.14851327264557
14.869644154803787
6.739117728247884
8.59635083355526
7.8340768493181745
3.4066635119293522
2.463741976154475
12.690178279333367
9.713867434290881
13.44372641969908
5.630445950473933
8.75030534338622
6.496206320109954
13.889776888061999
8.91354751147313
1.0892901533959032
1.3291143755279213
13.307023043255398
12.805538503757862
7.564402087745953
13.905351050209353
1.11445761779627
4.347224238356537
3.2996213838243573
4.647078608937613
10.229960399967993
9.397264195590308
12.537908760043926
11.96488620105307
1.2605854612155287
3.908552481342102
1.4787083063366357
2.81746063984578
6.508640424896138
5.9029306934133485
5.851395121708636
6.70610225908651
4.2795183045965075
4.368387260327868
11.291317075766615
8.461831565138517
7.88940823165848
14.275804745792044
14.870801563035247
14.5389859616693
7.006332503332297
6.261288069766876
3.7599419566617396
4.357516837003535
11.276888298904188
7.538030087710416
8.518797198875305
14.445800763015832
1.0021558433258861
2.4152645718778425
10.314049537404824
5.509573749190436
10.32537665630093
10.651501440375382
6.446618942055315
5.193500089142295
14.650869883655409
6.07844622885577
3.5910245062863515
3.4376419431420664
8.16996431812085
13.651314407875004
2.089845634212775
1.9724966323002535
3.071257581663852
1.1446913935248788
2.0422496491481685
3.1345478269451967
3.6466481341859955
2.3966742234302
9.316689709106598
9.853962451477138
2.9310784615384913
1.7501697411676456
2.598345705145239
4.371947365564473
8.40587980721984
7.489096878427998
2.704833414823666
2.0355692046623677
3.1793611491170197
2.608068637315963
2.421069757482666
1.640973232302232
1.176433204305297
1.3666547905073458
4.6322635280160345
4.470135249980661
2.7967195162313776
3.13691091625516
11.121288978125243
8.47283458977475
3.291711143708957
3.9274618651382505
11.135899430890147
10.579963802471001
14.214840776931872
7.910188421015362
10.440883199247777
10.019459433811333
5.515650725829988
11.498227034806156
3.281293169012471
3.629225266925161
11.843627877501705
14.21746557252536
4.352495988197809
4.42401110368805
1.3624769027291923
2.403864405241006
12.878762667561183
11.134313534388815
3.3881333641587816
3.644512270796111
2.7905356733068403
4.449869338481376
11.75257412176186
10.477977919555254
3.6098899761748187
2.9329042549825823
1.8084236352327503
2.4790244645232424
2.488349036196009
3.521825412168566
3.0784701714256495
4.121595495369578
4.719342598362505
4.159118336668509
2.300495749372604
4.6383327527310465
2.6664290288581145
2.7052507443682594
3.8837389422646935
1.3157743059701748
2.983069986314346
1.8864254911951424
4.767065786130425
4.382413720031407
9.552437451602568
11.876892239851216
2.7839032235712273
13.010828736134073
2.6751877041566536
7.868581122316433
11.011916152205128
12.826809557689952
10.64071940358375
8.058275891450567
10.359669217915581
1.9293065941586747
12.808878576411013
1.6731008812766448
9.94165654969364
11.510205364129504
11.485238268872067
8.044986699681619
3.130212830024578
8.595924083309763
1.0589237589204545
10.714290855688965
13.126189853374255
Running 200 simulations with 1 MPI ranks
Rank 0: 200 simulations
Running 200 simulations with 1 MPI ranks
Rank 0: 200 simulations
5.354146691613222
14.196549449077686
14.868311448743759
Running 200 simulations with 1 MPI ranks
Rank 0: 200 simulations
Running 200 simulations with 1 MPI ranks
Rank 0: 200 simulations
