==========================================
Mass Fraction MPI Run
==========================================
Date:               Sat Sep 19 15:51:05 CDT 2026
Host:               ac050
Array job ID:       2145693
Array task ID:      2
MPI ranks:          4
CPUs per task:      1
Nodes allocated:    1
Python:             /scratch/user/u.hm357857/.conda/envs/comets/bin/python
Conda environment:  /scratch/user/u.hm357857/.conda/envs/comets
==========================================

7.927477970366377
11.035272600957349
13.874037202627072
6.0344192326064725
2.302348120619294
3.1769708395621286
1.8613617426062916
3.443223821598474
14.344742947393899
12.795962947888741
11.688312677217617
8.138741647866539
9.561786003098664
7.80685308689557
7.434740038182012
12.095014541328837
1.4066719663711669
3.639679492184675
2.91127122344688
1.0393258346043366
9.99975636630503
5.153224369245338
7.1801972818299955
11.908893528923235
6.33235458977744
14.982561642916101
6.897854090805913
12.857461517531972
10.402824901386676
12.482912647276212
13.574632241296355
11.977735386083499
8.674997586394571
11.876520335148513
14.39573601952476
9.545033058821335
6.367225432174905
10.5852410618081
6.326244154523664
9.140402840077456
8.667080092372082
5.408588120996043
5.502820972529664
10.362442552616102
2.375993633263834
4.447424857168214
4.308574914371928
3.7005421999177748
11.69860958037757
13.72365088587068
7.171035737690074
7.913627927787404
3.308583330264435
4.321611008886078
4.6710974213012335
2.298602919202396
1.654583584549052
1.8136431010831644
2.228118942764533
2.1688351408549975
14.353611446154984
14.664035136432666
5.663753885278552
6.4626035386342195
8.059969442352442
11.437307524835637
9.215245919165135
10.36290900075042
2.7288505988167957
3.7029447231557615
2.02969257490445
3.2795341871790464
11.586005621859876
11.802382195659096
7.488144386246466
7.185794039637308
14.391140943338739
5.294672731173268
11.010801889653383
10.154545015206125
1.8925095146461128
3.2738823305413356
1.9363989286355463
4.108026184463311
5.850436072904244
12.744454773366916
13.364702378700395
13.355321718698542
10.64617749328496
10.48713210246531
7.395457521555805
11.637374873433945
6.613301698954993
10.940210661573452
8.157206660655811
5.900391352787873
3.091809907925812
2.4636579791286053
2.803468393325885
4.765764842506308
4.813290400675669
1.7252418349418064
1.700026252028616
4.605838506859298
1.4604963952549737
3.43656889583786
2.7609596057762613
1.8266822279863253
1.9157499626502759
4.921207834270044
4.68555169785159
1.9051857957853575
4.484177430402399
4.049609559596293
4.345260831093643
1.558633326352524
14.69414147862235
12.800149704719686
6.499252139326495
14.81112825720427
6.9536132283178
8.183283948759897
14.437045981744273
10.19705437023974
6.047481854704176
7.873768688156849
6.7076660349888595
14.46860728715987
3.8056976376856757
3.3369650785161977
1.3133722632755949
2.8439980761752
14.958117980892231
10.397633788809724
11.1741212355518
9.727201224591875
5.075893033284188
12.374999662252844
14.212499714979552
5.220348433751113
10.889304319087678
8.107134320741023
12.992200351470842
12.368237389273613
13.401774735723507
12.904134453424444
11.23501382540023
14.377132316103664
1.6020925855332098
2.6382058669303587
1.1700606949142118
4.081821583114212
4.761685987186908
2.6122215896104817
4.474561773928599
1.75663151902986
1.3525302701712874
4.749261255177732
4.699540780567762
2.0320702447696593
14.191059505626972
14.45872387820277
6.694704820751616
10.280634600547177
3.4125662172354883
2.0115722317005464
2.8556043660462644
4.678287202187132
7.948736009858197
7.729174367466369
8.880787766930855
11.386169804453308
12.022626626984309
13.3850942931965
5.664612641776671
12.520036409152123
2.1724666255395197
3.482998380446935
3.3824381135366375
4.968007340303393
13.697189309769954
7.503435983131068
11.177414556025225
13.206721528325678
3.714234076687125
1.4629766873480783
1.1927097833037492
1.9364299748753422
4.767734384213197
2.6044280321827786
3.402125702048699
2.07447447388096
13.01683108886894
7.674701723015984
8.51730245878669
7.859016255929746
5.014780162093228
13.441959707655517
14.540686233329518
9.212733895461584
3.361851208315892
1.1524820406867997
1.0890102761837102
4.451780326793198
4.061015552053382
2.5785739641350047
2.5743797340038954
2.9358367364921234
3.6369579916039636
3.2630811258532146
4.313760548413947
1.5231584187837406
2.976712177391254
2.966902500262865
3.4015973678265876
4.280417060022746
14.934360992236233
12.5023477149608
14.650620219816933
5.314470901328415
3.5379905508569123
4.689935633516157
1.9969707004765485
4.478501192945313
5.649527791102948
9.99384544502584
7.701993894099801
13.667128828481786
12.277476659320044
6.487643760490137
9.887212655779166
9.499279602365313
2.3279200334289643
4.592559767621168
2.132515325528788
3.5588634854124788
2.3408456154390307
3.624751071940393
2.2605503143835044
1.2062608488050564
9.639177953338645
5.320133209917287
11.596371296958267
14.842114971676748
11.805401075779868
11.883472368170173
6.307245094602142
14.280284317724675
14.887240920136053
12.124719083775917
11.41748443932497
9.496763779564953
10.767929811268505
13.993109308378743
6.085184664009102
11.098599744899971
4.037367023371678
4.64401427661852
3.5949201289378556
1.6772221519805712
14.114182841751244
8.291498293619911
11.647364638769073
13.416928842620052
13.213079125997462
11.732579586022013
14.619339649600306
7.966658919107214
2.871142450671691
3.4118218148735298
2.276138693309957
4.094134145095705
10.359103708796551
14.482472868309339
7.026834493398447
7.4633776980955355
4.8037490566680106
4.227422888121573
4.657782549069337
1.077733354277595
6.341868955308485
5.500566136452786
6.936589605801952
13.038004771407993
3.3803629698009785
2.209664466493798
4.504154046573369
4.216023637664485
12.357600153741632
13.891828351351817
5.464798026187281
8.119827968338306
12.143643694465112
12.873694608216846
14.960585045103924
5.691764175002496
7.897893980596498
12.481985908560656
9.861330214631973
12.827397563236044
5.017137363320395
12.49514000190156
7.224998470491144
8.241744206236554
7.900653896362049
10.326570838320496
5.72605052714628
11.536029284722037
12.966708564363126
13.302992507239075
8.829186207255805
13.649610425072195
8.719769206322576
11.039513784417634
13.295523760129127
7.290644878575146
5.278906129851037
8.190406049144297
13.633159043055702
8.331204955742537
12.39915432414793
14.903814847844982
10.983947146183368
13.608409671591016
7.577604468393915
6.137037915064725
10.638402172159335
14.026220887012053
2.9261967099757915
3.1931569400802706
1.8187804769974671
4.229122798761834
7.607056265041349
9.611660750840933
10.213200175153727
11.211006915076876
1.4354971881551113
1.9375148739609984
2.587093834482684
1.0779628531778909
4.811257819632724
1.7648308096871963
4.001632400469418
1.3277741387216926
11.874295455651986
7.295027833174407
5.423565589212553
14.016080370566609
1.346664117993352
3.62620622198041
2.3408260232861733
1.0070790678092791
4.755109747926085
2.4918317676063877
4.394116263992403
4.685664203122624
8.86892603977019
9.44922941280061
7.610660447738805
8.681202554029941
7.513912929567136
14.657593101160865
11.864663491688361
14.805851342696544
3.830423219442213
3.3724821195549324
1.5922823506640271
3.164237420329098
1.6840339219631852
4.938033596374073
4.318368408033255
4.421909138019485
12.807018259586734
11.296860730258206
5.85194893193687
11.813869175643674
13.792009261262542
5.515139449859772
10.8818941302661
11.705779810774317
1.2481704952387709
4.774658006888243
1.9609200221242267
2.255777360563104
7.893122522746225
12.28011048050044
11.172237017497668
8.274157517194002
3.2199434287468987
3.5412426066331264
2.4137513296678814
3.276242935386857
1.2434012186183865
3.477549603558128
2.4275369633578165
3.141555014822458
13.375987207164478
12.740191631156979
9.35832734416985
13.72631230176428
8.825949525956688
5.313842119772721
13.771183720004432
12.625618436391466
2.609754517578547
1.2642030682093397
4.011202582421866
3.071513764991997
3.734747720640753
2.752998971720218
2.020994254636319
4.233076030266383
2.640872773288135
1.010940032668667
3.734702149881413
3.5193748379619296
2.6559234954467037
3.665929996908942
1.0149333608545468
1.191913419898638
9.284364132624981
6.431167985099662
12.375249702619087
14.370497397405593
3.9919086521679525
3.442421666672478
3.2748423474635113
1.0042700000065903
4.860475752673457
2.690925033252732
2.3905008458503665
3.117809547994746
2.3868052336635595
4.052237733529627
1.6426440231116226
2.2010088197020004
1.9074221753795064
4.3913993469834995
4.19012310479539
1.5928758445807696
3.912459383111985
1.2144163545807078
4.020701520585394
1.3035502563039243
4.149648829834099
1.7468459926884594
2.0401570804097884
7.968284967015844
8.698737839994275
2.6208025117520037
11.51326420540876
1.5679148989551228
3.288546699078533
7.953289211467817
4.46464732696528
13.735149171939852
13.499648718848432
3.9551010556971415
6.885850789888719
3.2455473564504422
4.19945739561914
13.444986642659636
2.4258047723268565
3.058407701491204
2.7623486049500827
4.603461798120005
13.978316769073157
2.491304037830851
11.419197660127454
4.006144791397377
11.32711234063114
12.05214923961108
11.21827838855843
13.141701474475713
12.369072567552013
13.935493802317785
14.302490274624152
10.273143722125207
12.408282538222624
6.18910836684054
8.437908627271996
8.136678545859974
14.062443119746384
4.166949245958772
1.5851917767749288
13.009320983720345
1.4874354339918971
6.1515589497508465
6.322515813113954
1.1770252930078224
10.998151850761097
7.553785740690221
6.605841835505755
13.987001361476572
14.503007107406011
7.390391355997679
12.245937829520395
5.734932931054501
9.613416614639048
3.8943216708538406
4.1655944767063176
8.763895019569869
2.79066641305779
10.295065479588267
8.1654775860885
3.4840006405413813
8.047291680073862
2.4352111899838103
1.8076095844600584
5.581204939157759
1.49290561316128
10.023182161814622
12.03854373629014
1.3559647616734125
14.194011544531014
3.1848917172159363
1.0951514389046682
5.530304350003888
1.6574132626402265
8.156184112221851
13.563321045370113
1.2341509554942247
5.280828320151228
2.2349175137619652
4.566036984540666
9.598472132589347
2.1323505089999704
1.5542874217398999
4.902272864094614
3.4895496784913735
1.3369112446435438
7.111852057303697
5.8960182812236885
2.5639816486717013
12.580241857352831
1.2479691090145844
1.509339427166216
6.956250883609925
2.545913375650872
9.586115020481621
12.352904891561568
3.088015623317615
9.951082550466605
14.622476530883276
9.078675163353477
14.935535876256639
10.501552649048422
1.6320347265938215
1.5945069849842062
13.217994537066902
3.568783657460081
2.1749946576884773
2.4271643105430676
2.985860552190966
4.26376963142543
2.9083809062960984
4.484268965361693
4.38954790416748
1.0298545380568442
5.4574515626529205
12.985110365167667
4.110733565374938
11.934378507967471
12.22028609127646
9.085131744365842
13.671319456897555
13.650284778251944
13.47533791789
11.545777521111589
10.222689855182942
9.686598628086518
8.064079554139388
12.983471700162488
10.209887596260455
13.360172610074542
3.563004340230834
3.5453318068641355
5.9599446953109325
4.6243073017465655
2.5862956022477412
4.244570186581739
2.7240205229162173
3.608799372727755
9.56715664697482
11.29661364071027
1.8447586164729888
11.44612487441897
2.5078448239881865
3.196949823241098
11.305777650934575
1.4345752257076785
4.5331496778966525
1.5193120955700197
2.285777809521501
4.108331722047739
13.50634576151423
9.937624547591223
2.8871754762717354
10.121957919416104
3.6950417612663724
1.6135481578058628
7.974429204728989
2.6366766432646305
9.616743988333436
5.248687498134502
2.624250071591726
7.673088942049887
8.669572529985327
13.797931869303502
12.57341237805698
7.237409648116216
2.1810804492137055
4.461449957446779
11.265050088452238
1.903079252690672
13.14670988150175
11.688775828378072
3.7073043540683397
13.267469894924055
8.006562204201398
12.510653123860855
12.172067600305086
10.204849453985867
9.732908766649105
5.697805506039074
10.239218476996381
8.540744544341095
11.070176375631295
12.177382007241741
12.25836589319752
10.980986532140353
1.128148209800734
2.4094461957745743
12.114774516793158
1.9049554093526964
5.291382350088098
7.421592688152812
3.574922637528849
5.892158972884739
13.128578072605427
9.863894411323798
11.00071713651572
12.635575506530039
12.057863717862158
8.039214249148445
6.051381445342159
5.737618075773706
3.8636358376877764
3.4800213062622416
13.070014863392375
1.5490989306200547
11.764573556615808
12.255075677965982
3.808043872887619
13.971988399061047
3.9791841825292296
3.4603994691070405
10.381105989550841
4.582608203243174
8.779166115001788
7.221475268616411
4.142592325204085
5.54070140697687
3.539005318770365
3.150907609553359
8.27710477076566
4.799180546960866
11.32518069956183
9.833103562370798
3.5184232212442224
10.610770140577475
6.167420838932239
8.427607888077695
5.3657291445329305
7.109742106006836
8.422400067477827
13.41834471115143
7.796524446392901
12.485269277173195
4.28689654261457
2.6954677966403673
8.0333257433294
3.140593287780688
11.363206571250863
6.42862421383212
2.6767087162455407
12.82355145655444
5.626558489110774
10.756328908486612
7.000503552868356
6.345042971244279
11.374586281453961
6.512917028344347
14.680816620507592
6.294316440352679
4.784301542276261
4.174187045138644
7.933367920275024
2.790729796908853
2.572831928274773
1.0774553370278945
3.7922770082109567
2.5705107073635713
1.034960346437762
2.420359335302597
1.6370414056985831
2.864938803132109
12.097859721527582
9.549528446337385
1.3095619830707688
14.064744070359799
2.276906825556009
3.2681720359601725
13.564849134202403
1.4074059197179958
1.5856151897354982
4.50486357327712
1.5033475636760927
4.430421180003137
2.3171494197916354
2.0727637672691404
2.244065615848119
3.4939717293461614
1.0673541749536741
4.2599494517324
4.808494614915935
3.797530951083472
6.798924793474603
12.38135943583789
4.588242026309018
6.229808198379612
9.199101064298167
5.186050805318109
5.351646901540478
9.963097150701117
9.900072143162651
9.705910186893691
8.876783275623417
11.119177079710463
2.71513699344645
1.1278196833891037
8.128296987006792
1.2775941736562788
4.906461462042749
1.974032870381473
1.9249781176975542
1.8759094034897128
7.418801657657982
14.355561916443008
3.155432066598284
7.763100361313409
2.4680280133046812
1.0772173358488386
13.134957643780579
4.9591328058311195
2.586047509487026
2.8806904764449617
2.744906052165822
2.0031509219491053
3.579176328680829
4.0296587406330655
1.9299660256478575
2.494039379654075
2.3044823280843603
1.0673965670624974
3.179364134072666
3.2248852865819497
2.9896011030750698
2.9061155951761717
4.057253539618898
2.9007298097165095
2.0428748608141563
4.854605118029138
1.3924206885402586
4.839519961899546
11.216573770623908
14.942298917964475
4.587653678555547
8.602619770765699
14.432713896967888
11.283601116933042
7.872245144361788
13.06668243335421
10.709430944763104
11.498962316683643
6.605596246012464
7.9217284455319215
2.144406808294053
3.2009362613755052
5.50208721529466
3.7259192234655356
14.031123544104036
11.757995369954312
2.2216401838466204
12.046762580975532
13.324786648880664
10.973463706897743
8.227806577379619
13.689047712504156
Running 200 simulations with 1 MPI ranks
Rank 0: 200 simulations
Running 200 simulations with 1 MPI ranks
Rank 0: 200 simulations
12.736277107117733
Running 200 simulations with 1 MPI ranks
Rank 0: 200 simulations
Running 200 simulations with 1 MPI ranks
Rank 0: 200 simulations
t=357322  fraction=0.14500  peak_slope=8.060e-07  t_peak=178661  comparison cadence=357322  difference=0.14500  below=0/3
t=368489  fraction=0.15000  peak_slope=8.060e-07  t_peak=178661  comparison cadence=357322  difference=0.15000  below=0/3
t=379655  fraction=0.15000  peak_slope=8.060e-07  t_peak=178661  comparison cadence=357322  difference=0.15000  below=0/3
t=390821  fraction=0.15500  peak_slope=8.060e-07  t_peak=178661  comparison cadence=357322  difference=0.15500  below=0/3
t=357322  fraction=0.17000  peak_slope=1.075e-06  t_peak=178661  comparison cadence=357322  difference=0.17000  below=0/3
t=401988  fraction=0.16000  peak_slope=8.060e-07  t_peak=178661  comparison cadence=357322  difference=0.16000  below=0/3
t=334990  fraction=0.16000  peak_slope=1.433e-06  t_peak=167495  comparison cadence=334990  difference=0.16000  below=0/3
t=379655  fraction=0.19000  peak_slope=1.343e-06  t_peak=189828  comparison cadence=379655  difference=0.19000  below=0/3
t=368489  fraction=0.17000  peak_slope=1.075e-06  t_peak=178661  comparison cadence=357322  difference=0.17000  below=0/3
t=413154  fraction=0.17500  peak_slope=8.060e-07  t_peak=178661  comparison cadence=357322  difference=0.17500  below=0/3
t=346156  fraction=0.16000  peak_slope=1.433e-06  t_peak=167495  comparison cadence=334990  difference=0.16000  below=0/3
t=390821  fraction=0.19000  peak_slope=1.343e-06  t_peak=189828  comparison cadence=379655  difference=0.19000  below=0/3
t=379655  fraction=0.18000  peak_slope=1.075e-06  t_peak=178661  comparison cadence=357322  difference=0.18000  below=0/3
t=424320  fraction=0.17500  peak_slope=8.060e-07  t_peak=178661  comparison cadence=357322  difference=0.17500  below=0/3
t=357322  fraction=0.16500  peak_slope=1.433e-06  t_peak=167495  comparison cadence=334990  difference=0.16500  below=0/3
t=401988  fraction=0.19500  peak_slope=1.343e-06  t_peak=189828  comparison cadence=379655  difference=0.19500  below=0/3
t=435487  fraction=0.17500  peak_slope=8.060e-07  t_peak=178661  comparison cadence=357322  difference=0.17500  below=0/3
t=390821  fraction=0.18000  peak_slope=1.075e-06  t_peak=178661  comparison cadence=357322  difference=0.18000  below=0/3
t=368489  fraction=0.16500  peak_slope=1.433e-06  t_peak=167495  comparison cadence=334990  difference=0.16500  below=0/3
t=446653  fraction=0.18000  peak_slope=8.060e-07  t_peak=178661  comparison cadence=357322  difference=0.18000  below=0/3
t=413154  fraction=0.20000  peak_slope=1.343e-06  t_peak=189828  comparison cadence=379655  difference=0.20000  below=0/3
t=401988  fraction=0.18000  peak_slope=1.075e-06  t_peak=178661  comparison cadence=357322  difference=0.18000  below=0/3
t=379655  fraction=0.16500  peak_slope=1.433e-06  t_peak=167495  comparison cadence=334990  difference=0.16500  below=0/3
t=457819  fraction=0.18000  peak_slope=8.060e-07  t_peak=178661  comparison cadence=357322  difference=0.18000  below=0/3
t=424320  fraction=0.20000  peak_slope=1.343e-06  t_peak=189828  comparison cadence=379655  difference=0.20000  below=0/3
t=413154  fraction=0.19000  peak_slope=1.075e-06  t_peak=178661  comparison cadence=357322  difference=0.19000  below=0/3
t=468986  fraction=0.18500  peak_slope=8.060e-07  t_peak=178661  comparison cadence=357322  difference=0.18000  below=0/3
t=390821  fraction=0.17000  peak_slope=1.433e-06  t_peak=167495  comparison cadence=334990  difference=0.17000  below=0/3
t=435487  fraction=0.20000  peak_slope=1.343e-06  t_peak=189828  comparison cadence=379655  difference=0.20000  below=0/3
t=424320  fraction=0.20000  peak_slope=1.075e-06  t_peak=178661  comparison cadence=357322  difference=0.20000  below=0/3
t=480152  fraction=0.19000  peak_slope=8.060e-07  t_peak=178661  comparison cadence=357322  difference=0.18000  below=0/3
t=446653  fraction=0.20500  peak_slope=1.343e-06  t_peak=189828  comparison cadence=379655  difference=0.20500  below=0/3
t=401988  fraction=0.17000  peak_slope=1.433e-06  t_peak=167495  comparison cadence=334990  difference=0.17000  below=0/3
t=435487  fraction=0.20500  peak_slope=1.075e-06  t_peak=178661  comparison cadence=357322  difference=0.20500  below=0/3
t=491318  fraction=0.19000  peak_slope=8.060e-07  t_peak=178661  comparison cadence=357322  difference=0.17000  below=0/3
t=457819  fraction=0.20500  peak_slope=1.343e-06  t_peak=189828  comparison cadence=379655  difference=0.20500  below=0/3
t=413154  fraction=0.17500  peak_slope=1.433e-06  t_peak=167495  comparison cadence=334990  difference=0.17500  below=0/3
t=446653  fraction=0.20500  peak_slope=1.075e-06  t_peak=178661  comparison cadence=357322  difference=0.20500  below=0/3
t=502485  fraction=0.19000  peak_slope=8.060e-07  t_peak=178661  comparison cadence=357322  difference=0.16000  below=0/3
t=468986  fraction=0.20500  peak_slope=1.343e-06  t_peak=189828  comparison cadence=379655  difference=0.20000  below=0/3
t=457819  fraction=0.20500  peak_slope=1.075e-06  t_peak=178661  comparison cadence=357322  difference=0.20500  below=0/3
t=424320  fraction=0.18000  peak_slope=1.433e-06  t_peak=167495  comparison cadence=334990  difference=0.18000  below=0/3
t=513651  fraction=0.19500  peak_slope=8.060e-07  t_peak=178661  comparison cadence=357322  difference=0.16000  below=0/3
t=480152  fraction=0.20500  peak_slope=1.343e-06  t_peak=189828  comparison cadence=379655  difference=0.20000  below=0/3
t=468986  fraction=0.21000  peak_slope=1.075e-06  t_peak=178661  comparison cadence=357322  difference=0.20500  below=0/3
t=435487  fraction=0.18000  peak_slope=1.433e-06  t_peak=167495  comparison cadence=334990  difference=0.18000  below=0/3
t=524817  fraction=0.19500  peak_slope=8.060e-07  t_peak=178661  comparison cadence=357322  difference=0.15000  below=0/3
t=491318  fraction=0.20500  peak_slope=1.343e-06  t_peak=189828  comparison cadence=379655  difference=0.19000  below=0/3
t=480152  fraction=0.21000  peak_slope=1.075e-06  t_peak=178661  comparison cadence=357322  difference=0.20000  below=0/3
t=535984  fraction=0.19500  peak_slope=8.060e-07  t_peak=178661  comparison cadence=357322  difference=0.14000  below=0/3
t=446653  fraction=0.18000  peak_slope=1.433e-06  t_peak=167495  comparison cadence=334990  difference=0.17500  below=0/3
t=502485  fraction=0.20500  peak_slope=1.343e-06  t_peak=189828  comparison cadence=379655  difference=0.19000  below=0/3
t=491318  fraction=0.21500  peak_slope=1.075e-06  t_peak=178661  comparison cadence=357322  difference=0.17500  below=0/3
t=547150  fraction=0.19500  peak_slope=8.060e-07  t_peak=178661  comparison cadence=357322  difference=0.13500  below=0/3
t=457819  fraction=0.18000  peak_slope=1.433e-06  t_peak=167495  comparison cadence=334990  difference=0.15000  below=0/3
t=513651  fraction=0.21000  peak_slope=1.343e-06  t_peak=189828  comparison cadence=379655  difference=0.19000  below=0/3
t=558316  fraction=0.20000  peak_slope=8.060e-07  t_peak=178661  comparison cadence=357322  difference=0.14000  below=0/3
t=502485  fraction=0.21500  peak_slope=1.075e-06  t_peak=178661  comparison cadence=357322  difference=0.16500  below=0/3
t=468986  fraction=0.18000  peak_slope=1.433e-06  t_peak=167495  comparison cadence=334990  difference=0.13500  below=0/3
t=524817  fraction=0.22000  peak_slope=1.343e-06  t_peak=189828  comparison cadence=379655  difference=0.18000  below=0/3
t=569483  fraction=0.20000  peak_slope=8.060e-07  t_peak=178661  comparison cadence=357322  difference=0.12000  below=0/3
t=513651  fraction=0.21500  peak_slope=1.075e-06  t_peak=178661  comparison cadence=357322  difference=0.15500  below=0/3
t=480152  fraction=0.18000  peak_slope=1.433e-06  t_peak=167495  comparison cadence=334990  difference=0.12500  below=0/3
t=535984  fraction=0.22000  peak_slope=1.343e-06  t_peak=189828  comparison cadence=379655  difference=0.15500  below=0/3
t=580649  fraction=0.20000  peak_slope=8.060e-07  t_peak=178661  comparison cadence=357322  difference=0.12000  below=0/3
t=524817  fraction=0.22000  peak_slope=1.075e-06  t_peak=178661  comparison cadence=357322  difference=0.16000  below=0/3
t=491318  fraction=0.18000  peak_slope=1.433e-06  t_peak=167495  comparison cadence=334990  difference=0.11000  below=0/3
t=547150  fraction=0.22500  peak_slope=1.343e-06  t_peak=189828  comparison cadence=379655  difference=0.16000  below=0/3
t=591815  fraction=0.20000  peak_slope=8.060e-07  t_peak=178661  comparison cadence=357322  difference=0.11500  below=0/3
t=535984  fraction=0.22000  peak_slope=1.075e-06  t_peak=178661  comparison cadence=357322  difference=0.15000  below=0/3
t=602982  fraction=0.20500  peak_slope=8.060e-07  t_peak=178661  comparison cadence=357322  difference=0.12000  below=0/3
t=502485  fraction=0.18000  peak_slope=1.433e-06  t_peak=167495  comparison cadence=334990  difference=0.09500  below=0/3
t=558316  fraction=0.22500  peak_slope=1.343e-06  t_peak=189828  comparison cadence=379655  difference=0.14500  below=0/3
t=547150  fraction=0.22500  peak_slope=1.075e-06  t_peak=178661  comparison cadence=357322  difference=0.15000  below=0/3
t=614148  fraction=0.20500  peak_slope=8.060e-07  t_peak=178661  comparison cadence=357322  difference=0.11500  below=0/3
t=569483  fraction=0.22500  peak_slope=1.343e-06  t_peak=189828  comparison cadence=379655  difference=0.13000  below=0/3
t=513651  fraction=0.19000  peak_slope=1.433e-06  t_peak=167495  comparison cadence=334990  difference=0.10000  below=0/3
t=558316  fraction=0.22500  peak_slope=1.075e-06  t_peak=178661  comparison cadence=357322  difference=0.14500  below=0/3
t=625314  fraction=0.20500  peak_slope=8.060e-07  t_peak=178661  comparison cadence=357322  difference=0.11000  below=0/3
t=580649  fraction=0.22500  peak_slope=1.343e-06  t_peak=189828  comparison cadence=379655  difference=0.12000  below=0/3
t=524817  fraction=0.19500  peak_slope=1.433e-06  t_peak=167495  comparison cadence=334990  difference=0.09500  below=0/3
t=569483  fraction=0.22500  peak_slope=1.075e-06  t_peak=178661  comparison cadence=357322  difference=0.14000  below=0/3
t=636480  fraction=0.20500  peak_slope=8.060e-07  t_peak=178661  comparison cadence=357322  difference=0.11000  below=0/3
t=591815  fraction=0.22500  peak_slope=1.343e-06  t_peak=189828  comparison cadence=379655  difference=0.12000  below=0/3
t=535984  fraction=0.20000  peak_slope=1.433e-06  t_peak=167495  comparison cadence=334990  difference=0.10000  below=0/3
t=580649  fraction=0.23000  peak_slope=1.075e-06  t_peak=178661  comparison cadence=357322  difference=0.12500  below=0/3
t=647647  fraction=0.20500  peak_slope=8.060e-07  t_peak=178661  comparison cadence=357322  difference=0.11000  below=0/3
t=602982  fraction=0.22500  peak_slope=1.343e-06  t_peak=189828  comparison cadence=379655  difference=0.10500  below=0/3
t=591815  fraction=0.23000  peak_slope=1.075e-06  t_peak=178661  comparison cadence=357322  difference=0.12000  below=0/3
t=547150  fraction=0.20500  peak_slope=1.433e-06  t_peak=167495  comparison cadence=334990  difference=0.09500  below=0/3
t=658813  fraction=0.20500  peak_slope=8.060e-07  t_peak=178661  comparison cadence=357322  difference=0.10000  below=0/3
t=614148  fraction=0.22500  peak_slope=1.343e-06  t_peak=189828  comparison cadence=379655  difference=0.10000  below=0/3
t=602982  fraction=0.23000  peak_slope=1.075e-06  t_peak=178661  comparison cadence=357322  difference=0.11000  below=0/3
t=558316  fraction=0.20500  peak_slope=1.433e-06  t_peak=167495  comparison cadence=334990  difference=0.09000  below=0/3
t=669979  fraction=0.20500  peak_slope=8.060e-07  t_peak=178661  comparison cadence=357322  difference=0.09500  below=0/3
t=625314  fraction=0.22500  peak_slope=1.343e-06  t_peak=189828  comparison cadence=379655  difference=0.09500  below=0/3
t=614148  fraction=0.23000  peak_slope=1.075e-06  t_peak=178661  comparison cadence=357322  difference=0.09500  below=0/3
t=681146  fraction=0.20500  peak_slope=8.060e-07  t_peak=178661  comparison cadence=357322  difference=0.08500  below=0/3
t=569483  fraction=0.20500  peak_slope=1.433e-06  t_peak=167495  comparison cadence=334990  difference=0.08500  below=0/3
t=636480  fraction=0.22500  peak_slope=1.343e-06  t_peak=189828  comparison cadence=379655  difference=0.09000  below=0/3
t=625314  fraction=0.23000  peak_slope=1.075e-06  t_peak=178661  comparison cadence=357322  difference=0.08500  below=0/3
t=692312  fraction=0.21000  peak_slope=8.060e-07  t_peak=178661  comparison cadence=357322  difference=0.08500  below=0/3
t=580649  fraction=0.20500  peak_slope=1.433e-06  t_peak=167495  comparison cadence=334990  difference=0.07500  below=0/3
t=647647  fraction=0.22500  peak_slope=1.343e-06  t_peak=189828  comparison cadence=379655  difference=0.08000  below=0/3
t=703478  fraction=0.21000  peak_slope=8.060e-07  t_peak=178661  comparison cadence=357322  difference=0.07500  below=0/3
t=636480  fraction=0.23000  peak_slope=1.075e-06  t_peak=178661  comparison cadence=357322  difference=0.08500  below=0/3
t=591815  fraction=0.20500  peak_slope=1.433e-06  t_peak=167495  comparison cadence=334990  difference=0.06500  below=0/3
t=658813  fraction=0.22500  peak_slope=1.343e-06  t_peak=189828  comparison cadence=379655  difference=0.08000  below=0/3
t=714645  fraction=0.21000  peak_slope=8.060e-07  t_peak=178661  comparison cadence=357322  difference=0.06500  below=0/3
t=647647  fraction=0.23000  peak_slope=1.075e-06  t_peak=178661  comparison cadence=357322  difference=0.08000  below=0/3
t=602982  fraction=0.20500  peak_slope=1.433e-06  t_peak=167495  comparison cadence=334990  difference=0.06000  below=0/3
t=669979  fraction=0.22500  peak_slope=1.343e-06  t_peak=189828  comparison cadence=379655  difference=0.07500  below=0/3
t=725811  fraction=0.21000  peak_slope=8.060e-07  t_peak=178661  comparison cadence=357322  difference=0.06000  below=0/3
t=658813  fraction=0.23000  peak_slope=1.075e-06  t_peak=178661  comparison cadence=357322  difference=0.07500  below=0/3
t=614148  fraction=0.20500  peak_slope=1.433e-06  t_peak=167495  comparison cadence=334990  difference=0.06000  below=0/3
t=681146  fraction=0.23000  peak_slope=1.343e-06  t_peak=189828  comparison cadence=379655  difference=0.06500  below=0/3
t=736977  fraction=0.21000  peak_slope=8.060e-07  t_peak=178661  comparison cadence=357322  difference=0.06000  below=0/3
t=669979  fraction=0.23500  peak_slope=1.075e-06  t_peak=178661  comparison cadence=357322  difference=0.08000  below=0/3
t=748144  fraction=0.21000  peak_slope=8.060e-07  t_peak=178661  comparison cadence=357322  difference=0.05500  below=0/3
t=692312  fraction=0.23000  peak_slope=1.343e-06  t_peak=189828  comparison cadence=379655  difference=0.05500  below=0/3
t=625314  fraction=0.21000  peak_slope=1.433e-06  t_peak=167495  comparison cadence=334990  difference=0.06500  below=0/3
t=681146  fraction=0.23500  peak_slope=1.075e-06  t_peak=178661  comparison cadence=357322  difference=0.07000  below=0/3
t=759310  fraction=0.21000  peak_slope=8.060e-07  t_peak=178661  comparison cadence=357322  difference=0.05000  below=1/3
t=703478  fraction=0.23000  peak_slope=1.343e-06  t_peak=189828  comparison cadence=379655  difference=0.05000  below=0/3
t=636480  fraction=0.21000  peak_slope=1.433e-06  t_peak=167495  comparison cadence=334990  difference=0.05500  below=0/3
t=692312  fraction=0.23500  peak_slope=1.075e-06  t_peak=178661  comparison cadence=357322  difference=0.07000  below=0/3
t=770476  fraction=0.21000  peak_slope=8.060e-07  t_peak=178661  comparison cadence=357322  difference=0.03500  below=2/3
t=714645  fraction=0.23000  peak_slope=1.343e-06  t_peak=189828  comparison cadence=379655  difference=0.05000  below=0/3
t=647647  fraction=0.21500  peak_slope=1.433e-06  t_peak=167495  comparison cadence=334990  difference=0.05500  below=0/3
t=703478  fraction=0.23500  peak_slope=1.075e-06  t_peak=178661  comparison cadence=357322  difference=0.06500  below=0/3
t=781643  fraction=0.21000  peak_slope=8.060e-07  t_peak=178661  comparison cadence=357322  difference=0.03500  below=3/3
Stopping at t=781642.7089734077
Saved 158 remaining particles to /scratch/group/p.phy260085.000//Mass_Fraction/Outputs/Ejection_Results/remaining_particles_2145693_2.csv
t=725811  fraction=0.23000  peak_slope=1.343e-06  t_peak=189828  comparison cadence=379655  difference=0.04000  below=1/3
t=658813  fraction=0.21500  peak_slope=1.433e-06  t_peak=167495  comparison cadence=334990  difference=0.05500  below=0/3
t=714645  fraction=0.23500  peak_slope=1.075e-06  t_peak=178661  comparison cadence=357322  difference=0.06500  below=0/3
t=736977  fraction=0.23000  peak_slope=1.343e-06  t_peak=189828  comparison cadence=379655  difference=0.04000  below=2/3
t=725811  fraction=0.23500  peak_slope=1.075e-06  t_peak=178661  comparison cadence=357322  difference=0.06500  below=0/3
t=669979  fraction=0.21500  peak_slope=1.433e-06  t_peak=167495  comparison cadence=334990  difference=0.05500  below=0/3
t=748144  fraction=0.23000  peak_slope=1.343e-06  t_peak=189828  comparison cadence=379655  difference=0.04000  below=3/3
Stopping at t=748143.7357316902
Saved 154 remaining particles to /scratch/group/p.phy260085.000//Mass_Fraction/Outputs/Ejection_Results/remaining_particles_2145693_2.csv
t=736977  fraction=0.23500  peak_slope=1.075e-06  t_peak=178661  comparison cadence=357322  difference=0.05500  below=0/3
t=681146  fraction=0.21500  peak_slope=1.433e-06  t_peak=167495  comparison cadence=334990  difference=0.05500  below=0/3
t=748144  fraction=0.23500  peak_slope=1.075e-06  t_peak=178661  comparison cadence=357322  difference=0.05500  below=0/3
t=692312  fraction=0.22000  peak_slope=1.433e-06  t_peak=167495  comparison cadence=334990  difference=0.05500  below=0/3
t=759310  fraction=0.23500  peak_slope=1.075e-06  t_peak=178661  comparison cadence=357322  difference=0.05500  below=0/3
t=703478  fraction=0.22500  peak_slope=1.433e-06  t_peak=167495  comparison cadence=334990  difference=0.06000  below=0/3
t=770476  fraction=0.23500  peak_slope=1.075e-06  t_peak=178661  comparison cadence=357322  difference=0.04500  below=1/3
t=714645  fraction=0.22500  peak_slope=1.433e-06  t_peak=167495  comparison cadence=334990  difference=0.06000  below=0/3
t=781643  fraction=0.23500  peak_slope=1.075e-06  t_peak=178661  comparison cadence=357322  difference=0.03500  below=2/3
t=725811  fraction=0.23500  peak_slope=1.433e-06  t_peak=167495  comparison cadence=334990  difference=0.06500  below=0/3
t=792809  fraction=0.23500  peak_slope=1.075e-06  t_peak=178661  comparison cadence=357322  difference=0.03000  below=3/3
Stopping at t=792809.0333873135
Saved 152 remaining particles to /scratch/group/p.phy260085.000//Mass_Fraction/Outputs/Ejection_Results/remaining_particles_2145693_2.csv
t=736977  fraction=0.23500  peak_slope=1.433e-06  t_peak=167495  comparison cadence=334990  difference=0.06500  below=0/3
t=748144  fraction=0.23500  peak_slope=1.433e-06  t_peak=167495  comparison cadence=334990  difference=0.06000  below=0/3
t=759310  fraction=0.23500  peak_slope=1.433e-06  t_peak=167495  comparison cadence=334990  difference=0.05500  below=0/3
t=770476  fraction=0.23500  peak_slope=1.433e-06  t_peak=167495  comparison cadence=334990  difference=0.05500  below=0/3
t=781643  fraction=0.24000  peak_slope=1.433e-06  t_peak=167495  comparison cadence=334990  difference=0.06000  below=0/3
t=792809  fraction=0.24000  peak_slope=1.433e-06  t_peak=167495  comparison cadence=334990  difference=0.06000  below=0/3
t=803975  fraction=0.24000  peak_slope=1.433e-06  t_peak=167495  comparison cadence=334990  difference=0.06000  below=0/3
t=815142  fraction=0.24000  peak_slope=1.433e-06  t_peak=167495  comparison cadence=334990  difference=0.06000  below=0/3
t=826308  fraction=0.24000  peak_slope=1.433e-06  t_peak=167495  comparison cadence=334990  difference=0.06000  below=0/3
t=837474  fraction=0.24000  peak_slope=1.433e-06  t_peak=167495  comparison cadence=334990  difference=0.06000  below=0/3
t=848641  fraction=0.24000  peak_slope=1.433e-06  t_peak=167495  comparison cadence=334990  difference=0.05000  below=1/3
t=859807  fraction=0.24000  peak_slope=1.433e-06  t_peak=167495  comparison cadence=334990  difference=0.04500  below=2/3
t=870973  fraction=0.24000  peak_slope=1.433e-06  t_peak=167495  comparison cadence=334990  difference=0.04000  below=3/3
Stopping at t=870973.3042846543
Saved 152 remaining particles to /scratch/group/p.phy260085.000//Mass_Fraction/Outputs/Ejection_Results/remaining_particles_2145693_2.csv
