==========================================
Mass Fraction MPI Run
==========================================
Date:               Sat Sep 19 14:03:10 CDT 2026
Host:               ac050
Array job ID:       2145693
Array task ID:      1
MPI ranks:          4
CPUs per task:      1
Nodes allocated:    1
Python:             /scratch/user/u.hm357857/.conda/envs/comets/bin/python
Conda environment:  /scratch/user/u.hm357857/.conda/envs/comets
==========================================

5.612711163265317
5.180379983552745
9.021947456314276
7.451902635750508
4.059498139939215
3.163746081939807
1.4907089369035806
1.7427232294915727
7.166275998782794
9.819747111770464
10.448775042290478
11.593797661177438
10.261748580293819
11.858848804026863
6.459421154678121
11.632219870645939
4.048035334086498
3.36943696091523
4.285592747699104
2.2577815307966573
8.910653143360285
7.105617059558877
11.95454870516765
5.998796394575399
5.225990672330026
9.850921579490734
14.290315563797026
8.379955891991587
13.848456108079878
8.648810699197014
11.236743221355358
10.363094747553358
7.551274272722425
6.839877678216978
6.798239901629122
7.77173671563228
9.923729248924213
6.085011960976647
14.782193867179878
8.974548771167594
10.283508684469647
12.162836599847168
9.418532881332727
7.763699309144823
2.4948178724551595
4.480514484545306
3.6235273130605297
4.050913296320883
12.541589475455659
5.1320680895449255
5.685437122845568
11.545303677674163
2.1356629324434793
4.93703158568753
4.101025376413995
2.4442321030397594
1.180055254637998
2.5737950197513637
1.3097794851703637
1.1801046168347535
11.612056126796713
7.898892364691643
8.876864515137427
9.53856796854009
12.20104874140876
9.91898031400661
11.034377137030635
8.178463302391172
2.7602039568884784
4.443996120205365
1.9966490100417023
3.428498934995989
8.98979955030006
9.185884861057467
10.0710681335541
14.512729362069997
8.376429454894815
5.9838929355651125
14.408561105608362
5.45254517365424
4.671434517715163
2.0638070884048116
2.0692746952176786
4.955849546051352
14.544665394141735
9.179952923180213
14.542995602730928
5.465396744730578
6.570250121354336
11.513546758678725
12.987597262586057
7.924753227903287
6.829944065667249
8.738327826869195
7.21200158234427
14.432166214302583
3.2890424632509143
1.102689423025474
2.1944717739287083
4.6286059939961595
1.677708667156434
4.771310241776355
4.6542919440447506
3.865142414221864
1.0205199349440242
3.0760513725555123
3.758865662300438
4.775176643023167
4.098582558925377
2.0363719781905627
2.0936890892935978
4.40173078118656
1.4421017579352626
3.479331587805158
2.48677571212928
4.368365904274336
6.820860582572595
10.696410900310818
9.035354207867377
14.34690833213186
11.112835060428019
11.264693560090732
13.476267610871307
13.418022532916964
8.993547225970046
11.90743234441679
9.355951814361688
9.36539303099258
3.9558390561827768
2.09433725580248
4.198004336150378
4.788285205934981
10.170316713728287
6.852077554106594
10.085199243050539
9.984397205430671
6.040350166981866
12.517779456118566
6.269910762108207
8.046124989741465
6.971128651837647
10.921705916307463
11.90774436296839
13.167315727731841
10.041306422120368
12.331387081432545
6.569355691463715
12.433379124123453
2.1565392565933137
4.554587466979791
2.6352994579627484
4.348592996150458
1.9723818505514386
4.31375841444315
3.51593820395095
4.074766092748389
4.22496855894714
3.912462301079145
3.4752041585573874
4.569565403666676
14.914778339021474
8.859794216562467
8.823196020038118
11.241539898719894
2.9103636178315204
1.1756630694051333
1.0497459953415347
3.672368874184605
13.528988538219993
11.509953915870852
9.91294998800063
9.34149306965181
6.450938082512838
5.617560711894617
7.895621570897967
5.675165304130743
2.504517403616222
1.5112082708976424
1.1244934652849023
1.6927321185311657
5.188769582656841
9.704790509789671
8.186567944135982
5.359443030592552
2.690168773819996
2.823880193275994
3.76727313289987
1.0764812837609976
1.9707019368156877
2.024737038109662
3.59812368353516
2.500884339437515
7.270227803693963
5.091688537422946
14.697475776359166
13.073900077784952
7.9124275654982
14.613171663831757
14.175788839391908
3.4192996128996787
13.963913104707961
3.050047863875996
3.9302802239264283
1.690957348503189
2.647902472779425
1.8951400062434582
4.140832170573841
1.2876556351399318
1.8430734112144496
3.4683351915976806
2.3974129243517566
4.564962261364988
4.262645675871299
2.641434910478309
4.6479964752417136
14.903706635310497
2.2465112406895584
12.48414792989622
5.459577349547297
3.4848880406942446
8.108942667255814
3.8254919039253763
1.2554663724916248
14.417515045762043
2.148809909552589
9.28383210331598
12.917226334495606
5.530673178735654
6.4392030579845745
13.305393550337415
7.970821542632475
2.841998253079099
7.635735150389499
2.0794283023925777
2.461779579653343
1.1159261771246523
3.4668038716657166
1.1304231748152898
1.4997143889957307
13.41991484738433
2.8709365104971267
13.704043141386164
9.014104365484375
10.620988209128937
7.6300161530123844
8.474236838201053
13.705240509534569
5.470644857819014
9.229011836919206
8.923170644467206
7.456086079929825
6.866163108109712
8.953107844008702
9.758335412591325
14.56985286046166
2.174688945947625
10.454241362915521
4.211241433932094
2.1965878699085453
7.837066354751702
3.289012045012768
9.647757578928225
14.490905708847745
12.23530264840252
11.938164656467489
13.836961988021564
7.755957195900656
4.861276428818167
5.917938907276699
3.806004652454141
4.2318979923747495
7.102482450696349
3.9215773675987
9.291580660606437
10.999512811945271
4.801435718645017
11.441626002508439
2.5993253410188286
4.233734374976661
7.723021271477649
1.706355741009236
11.321663659910909
5.59874732391852
2.4191339959311184
13.137798180382099
4.129145868113131
3.5718140631137762
6.650806622648603
1.0101753757748217
12.784712083226186
10.193786685623905
9.267331075847576
9.841005898839926
9.001991707646793
9.564699710310464
12.785878130281828
10.52455638132642
14.559781533389902
8.739977636677477
7.657101620493063
5.948395472765546
8.673166119812795
14.722961191355807
9.723135752338095
10.603250241451198
10.572248153531957
9.86218343094761
11.916162437038782
13.54335102477415
11.977044970817447
7.324862018547316
11.986999687807273
6.9420979120324
5.021404920233511
8.574674733934419
9.546406590026027
7.379605216266891
6.713232467626939
7.098200280464426
11.791268321929195
6.806229366553184
10.283754217806402
9.252565669414771
9.905211494099323
11.570594781684104
14.570298223601554
7.8452677202861665
1.4952194551729656
14.290603786772508
2.109772340978907
6.4851042123636145
1.557520492302236
3.1524547241937686
13.970957877616929
2.615464984269583
14.813657968091315
7.040372557653679
3.3194265457423318
1.0915627741944447
4.413718565112088
4.639134344876288
3.077588578536454
2.903042539288646
13.106569195053769
1.381943012880515
12.005013966206715
8.214432899394707
3.4069840617336893
12.859209041589963
3.8186511618993975
3.443416692931955
3.510038783147134
3.6219672529053115
4.139616994018745
3.458355783530196
5.843511477798684
4.61470160186011
13.584568241587647
10.581669777299535
13.454178472905282
11.086902160612972
9.386680251218277
12.099286814858333
4.13391695763362
5.125573805740055
1.3134581463437218
3.0043998562053713
4.5277981407354115
1.3243708194370383
2.6867376589565093
1.4746166179291555
6.874643945545992
1.8586304444901796
6.049472840676141
14.268652957625614
6.5752777779953675
9.224278885879507
7.568768722185894
10.300796376039141
2.6747619181143443
5.609260114563908
4.588571188457729
3.398093950996611
5.723437684945573
1.8256240530289785
11.904106136927833
14.515204684860883
4.940103448164555
14.682834131507667
2.291611796498395
3.2515704777868475
4.0620111923046185
2.9243545478916477
3.803109898973474
3.6262123991354542
10.009464136412365
2.316681180562866
7.705393415356195
9.690890653920938
13.121848100463156
12.727297874735179
6.261464751415165
6.774052095495526
3.6402925847519345
12.631818353440552
4.2916396035951765
2.8891069295728062
2.09599231591486
4.5454488027493944
4.303904070783279
3.262047619730596
3.5121753575696024
4.839659904904592
4.5423640528886455
2.1270699741088483
1.0082073225662964
1.8290692195468892
1.1906653669932004
2.118077566249816
10.161518340710664
2.9341381156991706
14.650335970798277
7.713092685145465
2.6392982499181854
9.379244825998416
1.398847392997875
2.0213469519427623
3.6230455008222093
2.047013528118139
2.7903055092147153
4.922743973441432
3.9115779136029034
4.71536294411375
2.44915425166125
1.5377600539687366
4.5046515780344905
1.6307326233734543
4.975402843642582
1.9040515516119694
1.6133601265385598
3.0234758773518515
2.877139780891594
2.159218993863202
3.648302932375337
4.70705524354171
3.304985985436733
2.211778963466163
5.740267443589932
1.2522357521349239
14.566084200676638
5.779234707233999
1.0368599080964462
7.173903734553243
4.079913832901598
4.053172404460151
7.8587431784919515
2.6555673102554938
14.761872637407528
5.977918269678248
4.4432477411851465
11.83387497783946
2.923999967789627
4.736461478518523
1.6583231178690423
3.7549189066564983
4.415374052079029
2.672965950796536
5.741682712624218
2.604027279922902
10.83413839491163
14.036601979339244
10.511352221445742
13.025764044956704
6.078536089312452
10.473261740756193
9.190753499625393
13.316742563804446
5.780069126055771
13.47488716257283
9.760757843878542
8.37054269098724
9.71428524524553
6.877182334057585
1.2153752263922075
5.984232545057236
4.344564134960121
2.839354169422176
9.454337173050803
4.381703186668966
7.747921293741163
12.220520024508975
14.450551128722235
11.55670951122135
9.718440652104992
5.716526473003318
14.548098818361554
10.8326616300684
6.261454203026473
8.01221320804658
3.8684543677812857
5.566007646935186
2.309071202444947
2.2532014155741065
12.050170175395206
4.612472460922573
14.103912792038436
14.71863939087061
4.313947152247059
12.919780494959284
3.1378896753710257
4.462607148329463
13.15118778279449
4.247578809311154
8.170402247609548
11.338796261253314
3.7975455245359946
11.20760762420327
1.7793613318536101
2.9561246344402443
5.979324088197514
3.3640736763657637
14.456167165154767
12.461619533633055
4.025368066899528
11.796259928892258
3.747755421957532
4.809601411111145
4.48688797603499
4.925657703015091
4.669920574992485
4.928527931075676
12.708440502099686
1.7843408689369364
7.255073832598256
5.329454865866507
1.3548395242242055
10.448724063591593
4.884864402648736
4.196824117363028
9.888028314514273
3.156800543686159
12.730862555902142
7.755713859368061
7.212656132473073
12.750039224339142
9.692801652704532
11.029422923121853
1.4171025185536354
11.197401231729597
4.183246004628526
2.139490258340299
2.4242849627315697
2.6467503364127465
1.0320059428859625
1.397610736119228
2.5331479038772153
4.2267792162219635
2.338865562731488
1.8611596519064695
12.526958534173318
4.906514983381906
12.236078298498306
7.810663675446557
11.722213559980013
6.363774021826256
10.82717540369932
8.94840215463533
11.706410299457934
14.115804533938604
9.032269817281627
14.386233160668601
5.613444679731973
9.765860045089202
7.868226138860503
6.1528218897027145
2.968429183411794
13.40844384688859
2.5779169544312874
3.21219868475838
3.1447434134036283
4.525550111688549
3.4926775968029746
3.242171668483669
11.821088032330962
1.3257664867351528
11.173296892557918
12.643814026375047
3.787993790982951
8.352554723829154
3.658018966031334
4.311841402538257
4.398573144639622
2.5500815537566965
2.3509371963483616
3.8006364220615354
12.858252958857964
3.587323779841683
11.082579892836868
5.0042148399466555
2.4239728568489456
6.393713541025663
1.775321147984822
4.796025336574131
6.639364084946687
1.3414767986635714
13.870147744460132
7.482739772318617
5.2277379020206425
11.174253950012993
12.581742877304542
5.745315847151539
3.618901768175882
10.71493847398514
4.1490317205578
2.693468404424839
5.179276730194334
4.613248124532198
9.98847954705244
6.607500352859466
12.97606891768283
7.19448277902991
13.273599922370867
6.374921448011868
5.964182399350658
10.05068964176064
11.532744175786025
14.419199537722774
13.510484614456663
14.770549822570851
13.618100306365973
6.319166709383005
10.310335623672044
2.370885554938431
2.532721017414888
4.8688253859350255
12.11869249297089
3.557610445434151
7.28286396097478
10.867865700821742
8.872267369405428
10.60283523037397
6.283921803339147
13.442413169863727
8.314244880567857
10.625234162860181
9.897511769905575
7.060511254665035
1.4378099066496017
5.1118496530278
3.0504682491178556
2.7866051161743925
14.202973076585474
4.821346127904658
10.796555980116791
11.473154188547516
2.40360540115789
13.970975930915348
4.24009007489199
3.655241782230736
14.659373829594077
3.4961305329092256
10.340435562281868
6.2513416673281705
6.274263190064154
2.0216103671961942
1.8612273094947653
2.1541393555851363
8.826358555265893
3.972763403022679
6.972243511810548
6.116586746722261
9.55471513927937
13.968261909347962
7.587078114164799
7.311459095171186
14.588891601422969
5.9563395586015435
11.137358633480492
12.229348434376973
4.397586195706622
7.169202080861316
1.4862577789855052
3.232278959483043
9.729737969386948
1.2901947663604294
14.53857435161862
14.440390529597563
9.931421572341929
14.176024192315595
8.394986716267528
9.244303976979744
11.932151860800584
6.026931539548085
5.758446467426913
9.131198672744954
3.5920702721799715
14.07331697180332
4.7789666193398626
4.541040553971449
4.273195622025518
1.4891484361556464
1.9794552724803545
1.4129794117006256
3.511981059434899
2.8097353439526356
4.022414062788849
1.1493025064794011
12.480812217897203
4.414795855890287
5.337620876379433
10.513554973282611
4.9378631127551955
9.52575063677774
2.545733552453102
4.905450646311087
4.821359239533627
3.272368299456088
4.279171781663864
3.2313020366008534
1.944414328954803
4.605820134310074
4.4381564983045525
3.1184613442709836
1.1921538534557592
4.372618772046096
2.458809499761858
1.2028276721295397
12.470635904243935
3.529858183963559
6.148060513728366
14.291921728325672
5.0667693341249365
13.56458217786101
14.32742108571288
12.485450032942396
12.572857465650301
12.620658706472266
5.970189332419152
7.739285928813253
1.2459268411929671
5.066700203905322
4.819455634692357
2.634725788814455
1.8830484548042659
1.4293247551923027
2.147301614475918
4.755758769615168
5.718752261007039
1.0331570957483636
7.946946820825918
11.405124947584959
4.083396719568468
14.146574582821822
1.7399211633139533
3.904173603626695
4.854901601014646
1.5019762116348012
2.727592570406233
1.5464276261783025
1.9123049467559614
4.799191388400235
2.4186150731216673
1.6785427528154608
2.0938632896493052
1.341421535380376
3.0185527650621125
3.249511049233103
3.788502089650219
4.323924298766935
1.4906024830448334
2.437674117794148
1.8809313143560655
1.1835547209667792
4.272356438738736
1.5635183613344505
7.7246709549141155
1.734762948686928
9.52731558869005
7.946640351336899
5.893256024096254
12.835629228755526
8.462026314817383
10.120189526485039
11.041465023328545
7.427231967621221
10.791947322088715
6.746985299503131
4.932281328832744
6.128497065859012
3.036259094334997
1.7429794276419583
14.062477879615411
4.733689591094274
12.243105641133614
5.880729377828498
11.619195482024752
11.925446439292752
14.799001942022018
6.9996488008372895
13.375671713104154
Running 200 simulations with 1 MPI ranks
Rank 0: 200 simulations
Running 200 simulations with 1 MPI ranks
Rank 0: 200 simulations
Running 200 simulations with 1 MPI ranks
Rank 0: 200 simulations
Running 200 simulations with 1 MPI ranks
Rank 0: 200 simulations
t=223049  fraction=0.21500  peak_slope=2.062e-06  t_peak=111524  comparison cadence=223049  difference=0.21500  below=0/3
t=234201  fraction=0.22000  peak_slope=2.062e-06  t_peak=111524  comparison cadence=223049  difference=0.22000  below=0/3
t=245353  fraction=0.22500  peak_slope=2.062e-06  t_peak=111524  comparison cadence=223049  difference=0.22500  below=0/3
t=256506  fraction=0.23000  peak_slope=2.062e-06  t_peak=111524  comparison cadence=223049  difference=0.23000  below=0/3
t=245353  fraction=0.28500  peak_slope=3.228e-06  t_peak=122677  comparison cadence=245353  difference=0.28500  below=0/3
t=245353  fraction=0.25000  peak_slope=2.331e-06  t_peak=122677  comparison cadence=245353  difference=0.25000  below=0/3
t=267658  fraction=0.23500  peak_slope=2.062e-06  t_peak=111524  comparison cadence=223049  difference=0.23500  below=0/3
t=256506  fraction=0.28500  peak_slope=3.228e-06  t_peak=122677  comparison cadence=245353  difference=0.28500  below=0/3
t=256506  fraction=0.26000  peak_slope=2.331e-06  t_peak=122677  comparison cadence=245353  difference=0.26000  below=0/3
t=278811  fraction=0.24000  peak_slope=2.062e-06  t_peak=111524  comparison cadence=223049  difference=0.23500  below=0/3
t=267658  fraction=0.29000  peak_slope=3.228e-06  t_peak=122677  comparison cadence=245353  difference=0.29000  below=0/3
t=267658  fraction=0.25500  peak_slope=2.869e-06  t_peak=133829  comparison cadence=267658  difference=0.25500  below=0/3
t=289963  fraction=0.24000  peak_slope=2.062e-06  t_peak=111524  comparison cadence=223049  difference=0.22000  below=0/3
t=267658  fraction=0.26000  peak_slope=2.331e-06  t_peak=122677  comparison cadence=245353  difference=0.26000  below=0/3
t=278811  fraction=0.29000  peak_slope=3.228e-06  t_peak=122677  comparison cadence=245353  difference=0.29000  below=0/3
t=301116  fraction=0.24500  peak_slope=2.062e-06  t_peak=111524  comparison cadence=223049  difference=0.20500  below=0/3
t=278811  fraction=0.27000  peak_slope=2.869e-06  t_peak=133829  comparison cadence=267658  difference=0.27000  below=0/3
t=278811  fraction=0.26500  peak_slope=2.331e-06  t_peak=122677  comparison cadence=245353  difference=0.26500  below=0/3
t=289963  fraction=0.29500  peak_slope=3.228e-06  t_peak=122677  comparison cadence=245353  difference=0.29500  below=0/3
t=312268  fraction=0.25000  peak_slope=2.062e-06  t_peak=111524  comparison cadence=223049  difference=0.18000  below=0/3
t=289963  fraction=0.27000  peak_slope=2.869e-06  t_peak=133829  comparison cadence=267658  difference=0.27000  below=0/3
t=289963  fraction=0.26500  peak_slope=2.331e-06  t_peak=122677  comparison cadence=245353  difference=0.26500  below=0/3
t=323420  fraction=0.25000  peak_slope=2.062e-06  t_peak=111524  comparison cadence=223049  difference=0.16000  below=0/3
t=301116  fraction=0.29500  peak_slope=3.228e-06  t_peak=122677  comparison cadence=245353  difference=0.29500  below=0/3
t=301116  fraction=0.27000  peak_slope=2.869e-06  t_peak=133829  comparison cadence=267658  difference=0.27000  below=0/3
t=301116  fraction=0.27000  peak_slope=2.331e-06  t_peak=122677  comparison cadence=245353  difference=0.27000  below=0/3
t=334573  fraction=0.25000  peak_slope=2.062e-06  t_peak=111524  comparison cadence=223049  difference=0.13000  below=0/3
t=312268  fraction=0.29500  peak_slope=3.228e-06  t_peak=122677  comparison cadence=245353  difference=0.29000  below=0/3
t=312268  fraction=0.27500  peak_slope=2.869e-06  t_peak=133829  comparison cadence=267658  difference=0.27500  below=0/3
t=312268  fraction=0.27500  peak_slope=2.331e-06  t_peak=122677  comparison cadence=245353  difference=0.27000  below=0/3
t=345725  fraction=0.26000  peak_slope=2.062e-06  t_peak=111524  comparison cadence=223049  difference=0.13000  below=0/3
t=323420  fraction=0.30000  peak_slope=3.228e-06  t_peak=122677  comparison cadence=245353  difference=0.26500  below=0/3
t=323420  fraction=0.28000  peak_slope=2.869e-06  t_peak=133829  comparison cadence=267658  difference=0.28000  below=0/3
t=323420  fraction=0.28000  peak_slope=2.331e-06  t_peak=122677  comparison cadence=245353  difference=0.26000  below=0/3
t=356878  fraction=0.26500  peak_slope=2.062e-06  t_peak=111524  comparison cadence=223049  difference=0.11500  below=0/3
t=334573  fraction=0.30000  peak_slope=3.228e-06  t_peak=122677  comparison cadence=245353  difference=0.24000  below=0/3
t=334573  fraction=0.28500  peak_slope=2.869e-06  t_peak=133829  comparison cadence=267658  difference=0.28500  below=0/3
t=334573  fraction=0.28500  peak_slope=2.331e-06  t_peak=122677  comparison cadence=245353  difference=0.23500  below=0/3
t=368030  fraction=0.26500  peak_slope=2.062e-06  t_peak=111524  comparison cadence=223049  difference=0.11000  below=0/3
t=345725  fraction=0.30000  peak_slope=3.228e-06  t_peak=122677  comparison cadence=245353  difference=0.19000  below=0/3
t=345725  fraction=0.28500  peak_slope=2.869e-06  t_peak=133829  comparison cadence=267658  difference=0.27000  below=0/3
t=345725  fraction=0.28500  peak_slope=2.331e-06  t_peak=122677  comparison cadence=245353  difference=0.20000  below=0/3
t=379183  fraction=0.26500  peak_slope=2.062e-06  t_peak=111524  comparison cadence=223049  difference=0.09000  below=0/3
t=356878  fraction=0.30000  peak_slope=3.228e-06  t_peak=122677  comparison cadence=245353  difference=0.15000  below=0/3
t=356878  fraction=0.28500  peak_slope=2.869e-06  t_peak=133829  comparison cadence=267658  difference=0.23500  below=0/3
t=356878  fraction=0.28500  peak_slope=2.331e-06  t_peak=122677  comparison cadence=245353  difference=0.18500  below=0/3
t=390335  fraction=0.26500  peak_slope=2.062e-06  t_peak=111524  comparison cadence=223049  difference=0.08500  below=0/3
t=368030  fraction=0.30000  peak_slope=3.228e-06  t_peak=122677  comparison cadence=245353  difference=0.11500  below=0/3
t=368030  fraction=0.29000  peak_slope=2.869e-06  t_peak=133829  comparison cadence=267658  difference=0.21000  below=0/3
t=368030  fraction=0.28500  peak_slope=2.331e-06  t_peak=122677  comparison cadence=245353  difference=0.15000  below=0/3
t=401487  fraction=0.27000  peak_slope=2.062e-06  t_peak=111524  comparison cadence=223049  difference=0.09000  below=0/3
t=379183  fraction=0.30000  peak_slope=3.228e-06  t_peak=122677  comparison cadence=245353  difference=0.10000  below=0/3
t=379183  fraction=0.29000  peak_slope=2.869e-06  t_peak=133829  comparison cadence=267658  difference=0.19000  below=0/3
t=379183  fraction=0.28500  peak_slope=2.331e-06  t_peak=122677  comparison cadence=245353  difference=0.14000  below=0/3
t=412640  fraction=0.27000  peak_slope=2.062e-06  t_peak=111524  comparison cadence=223049  difference=0.07500  below=0/3
t=390335  fraction=0.31000  peak_slope=3.228e-06  t_peak=122677  comparison cadence=245353  difference=0.09000  below=0/3
t=390335  fraction=0.29000  peak_slope=2.869e-06  t_peak=133829  comparison cadence=267658  difference=0.15000  below=0/3
t=390335  fraction=0.28500  peak_slope=2.331e-06  t_peak=122677  comparison cadence=245353  difference=0.12500  below=0/3
t=423792  fraction=0.27000  peak_slope=2.062e-06  t_peak=111524  comparison cadence=223049  difference=0.07000  below=0/3
t=401487  fraction=0.31500  peak_slope=3.228e-06  t_peak=122677  comparison cadence=245353  difference=0.08500  below=0/3
t=401487  fraction=0.29000  peak_slope=2.869e-06  t_peak=133829  comparison cadence=267658  difference=0.11500  below=0/3
t=434945  fraction=0.27500  peak_slope=2.062e-06  t_peak=111524  comparison cadence=223049  difference=0.07000  below=0/3
t=401487  fraction=0.28500  peak_slope=2.331e-06  t_peak=122677  comparison cadence=245353  difference=0.11000  below=0/3
t=412640  fraction=0.32000  peak_slope=3.228e-06  t_peak=122677  comparison cadence=245353  difference=0.08500  below=0/3
t=412640  fraction=0.29000  peak_slope=2.869e-06  t_peak=133829  comparison cadence=267658  difference=0.09500  below=0/3
t=446097  fraction=0.27500  peak_slope=2.062e-06  t_peak=111524  comparison cadence=223049  difference=0.06000  below=0/3
t=412640  fraction=0.28500  peak_slope=2.331e-06  t_peak=122677  comparison cadence=245353  difference=0.10500  below=0/3
t=423792  fraction=0.32000  peak_slope=3.228e-06  t_peak=122677  comparison cadence=245353  difference=0.07500  below=0/3
t=457250  fraction=0.27500  peak_slope=2.062e-06  t_peak=111524  comparison cadence=223049  difference=0.05500  below=0/3
t=423792  fraction=0.29500  peak_slope=2.869e-06  t_peak=133829  comparison cadence=267658  difference=0.09000  below=0/3
t=423792  fraction=0.28500  peak_slope=2.331e-06  t_peak=122677  comparison cadence=245353  difference=0.08500  below=0/3
t=468402  fraction=0.27500  peak_slope=2.062e-06  t_peak=111524  comparison cadence=223049  difference=0.05000  below=0/3
t=434945  fraction=0.32000  peak_slope=3.228e-06  t_peak=122677  comparison cadence=245353  difference=0.06500  below=0/3
t=434945  fraction=0.31000  peak_slope=2.869e-06  t_peak=133829  comparison cadence=267658  difference=0.09500  below=0/3
t=434945  fraction=0.29000  peak_slope=2.331e-06  t_peak=122677  comparison cadence=245353  difference=0.07500  below=0/3
t=479554  fraction=0.27500  peak_slope=2.062e-06  t_peak=111524  comparison cadence=223049  difference=0.04500  below=1/3
t=446097  fraction=0.32000  peak_slope=3.228e-06  t_peak=122677  comparison cadence=245353  difference=0.06000  below=0/3
t=446097  fraction=0.31000  peak_slope=2.869e-06  t_peak=133829  comparison cadence=267658  difference=0.08000  below=0/3
t=446097  fraction=0.29500  peak_slope=2.331e-06  t_peak=122677  comparison cadence=245353  difference=0.06500  below=0/3
t=490707  fraction=0.28000  peak_slope=2.062e-06  t_peak=111524  comparison cadence=223049  difference=0.04500  below=2/3
t=457250  fraction=0.32500  peak_slope=3.228e-06  t_peak=122677  comparison cadence=245353  difference=0.05000  below=1/3
t=457250  fraction=0.31000  peak_slope=2.869e-06  t_peak=133829  comparison cadence=267658  difference=0.08000  below=0/3
t=457250  fraction=0.29500  peak_slope=2.331e-06  t_peak=122677  comparison cadence=245353  difference=0.05000  below=1/3
t=501859  fraction=0.28500  peak_slope=2.062e-06  t_peak=111524  comparison cadence=223049  difference=0.04500  below=3/3
Stopping at t=501859.23954807874
Saved 140 remaining particles to /scratch/group/p.phy260085.000//Mass_Fraction/Outputs/Ejection_Results/remaining_particles_2145693_1.csv
t=468402  fraction=0.33000  peak_slope=3.228e-06  t_peak=122677  comparison cadence=245353  difference=0.05500  below=0/3
t=468402  fraction=0.31000  peak_slope=2.869e-06  t_peak=133829  comparison cadence=267658  difference=0.07500  below=0/3
t=468402  fraction=0.29500  peak_slope=2.331e-06  t_peak=122677  comparison cadence=245353  difference=0.04500  below=2/3
t=479554  fraction=0.33000  peak_slope=3.228e-06  t_peak=122677  comparison cadence=245353  difference=0.05500  below=0/3
t=479554  fraction=0.31500  peak_slope=2.869e-06  t_peak=133829  comparison cadence=267658  difference=0.08000  below=0/3
t=479554  fraction=0.30000  peak_slope=2.331e-06  t_peak=122677  comparison cadence=245353  difference=0.05000  below=3/3
Stopping at t=479554.38445705303
Saved 138 remaining particles to /scratch/group/p.phy260085.000//Mass_Fraction/Outputs/Ejection_Results/remaining_particles_2145693_1.csv
t=490707  fraction=0.31500  peak_slope=2.869e-06  t_peak=133829  comparison cadence=267658  difference=0.06500  below=0/3
t=490707  fraction=0.33000  peak_slope=3.228e-06  t_peak=122677  comparison cadence=245353  difference=0.04500  below=1/3
t=501859  fraction=0.31500  peak_slope=2.869e-06  t_peak=133829  comparison cadence=267658  difference=0.06000  below=0/3
t=501859  fraction=0.33500  peak_slope=3.228e-06  t_peak=122677  comparison cadence=245353  difference=0.05000  below=0/3
t=513012  fraction=0.31500  peak_slope=2.869e-06  t_peak=133829  comparison cadence=267658  difference=0.06000  below=0/3
t=513012  fraction=0.33500  peak_slope=3.228e-06  t_peak=122677  comparison cadence=245353  difference=0.04500  below=1/3
t=524164  fraction=0.31500  peak_slope=2.869e-06  t_peak=133829  comparison cadence=267658  difference=0.06000  below=0/3
t=524164  fraction=0.34000  peak_slope=3.228e-06  t_peak=122677  comparison cadence=245353  difference=0.05000  below=0/3
t=535317  fraction=0.31500  peak_slope=2.869e-06  t_peak=133829  comparison cadence=267658  difference=0.06000  below=0/3
t=535317  fraction=0.34500  peak_slope=3.228e-06  t_peak=122677  comparison cadence=245353  difference=0.05000  below=1/3
t=546469  fraction=0.31500  peak_slope=2.869e-06  t_peak=133829  comparison cadence=267658  difference=0.04500  below=1/3
t=546469  fraction=0.34500  peak_slope=3.228e-06  t_peak=122677  comparison cadence=245353  difference=0.05000  below=2/3
t=557621  fraction=0.31500  peak_slope=2.869e-06  t_peak=133829  comparison cadence=267658  difference=0.04500  below=2/3
t=557621  fraction=0.34500  peak_slope=3.228e-06  t_peak=122677  comparison cadence=245353  difference=0.05000  below=3/3
Stopping at t=557621.377275643
Saved 130 remaining particles to /scratch/group/p.phy260085.000//Mass_Fraction/Outputs/Ejection_Results/remaining_particles_2145693_1.csv
t=568774  fraction=0.31500  peak_slope=2.869e-06  t_peak=133829  comparison cadence=267658  difference=0.04500  below=3/3
Stopping at t=568773.8048211558
Saved 135 remaining particles to /scratch/group/p.phy260085.000//Mass_Fraction/Outputs/Ejection_Results/remaining_particles_2145693_1.csv
