==========================================
Mass Fraction MPI Run
==========================================
Date:               Sun Sep 20 21:45:40 CDT 2026
Host:               ac067
Array job ID:       2145693
Array task ID:      5
MPI ranks:          4
CPUs per task:      1
Nodes allocated:    1
Python:             /scratch/user/u.hm357857/.conda/envs/comets/bin/python
Conda environment:  /scratch/user/u.hm357857/.conda/envs/comets
==========================================

7.09732533869685
12.729467899496841
10.134726330982105
7.243267268240824
3.6295771997338435
2.3017033245768435
3.0505846612622287
4.075664406987955
9.092979393730037
12.227051583490704
14.856487878400529
10.420632302597635
9.985418773530771
7.0497730089848
14.717723580948656
7.489793234422352
1.9669471878818734
2.2339325846054883
2.9193366737206117
3.2557851267670346
11.577401203430004
13.524670143114484
12.260849029248753
5.85858406748311
7.959047066395197
7.126599229063972
6.183685439058016
6.018459469040253
5.137593767146864
6.257366881241953
7.449397890008092
8.470695565286068
6.353769574378921
6.692902138026521
12.64759590297042
14.955968397051894
9.88968481218132
8.006311267323952
13.515585599350247
6.047738897303153
14.417139495912608
5.303281572823336
14.34442099432187
7.797626381382772
4.202382562166719
4.826916539743369
2.057486860945484
3.667616015201022
6.145624869875471
5.121593694583443
13.116973539733367
14.435549922624334
1.4708438731187368
2.008184879191917
2.723534818299149
3.3778108755827176
4.336461037798657
2.6933510593008494
2.754982424785727
1.9828080964314663
11.7917964430866
6.6179898483363475
8.232837900705366
14.492289475482053
6.004700990958687
5.200905663971048
8.565410786770556
13.770335004039984
1.3090848442288272
3.13110389033678
1.3991197865226481
2.9440738683483847
13.659109881683273
5.5824863400587805
8.83095185627223
6.67152425238985
13.536411360459173
12.512390741386678
6.172924046523388
12.411607129634728
3.3724026949196304
3.4935524511563165
4.134716037464006
1.1702654308942155
10.983790694712878
11.22183873292153
12.552348844771146
11.396459794833058
12.14887277318304
13.666431224397297
8.503639057646783
7.290188225713742
12.507575957539094
6.392681362222332
8.451758129669086
14.88237692828464
4.545863080678481
1.3617811456652267
4.776427491809461
3.4789420353113405
3.4611722957182347
1.261352805951673
1.7191540595425399
1.5999310371056947
2.2877440923484533
1.5514439806461318
4.794636724373353
3.141595470104398
3.1632951551378334
1.926290800525051
3.4167440391992185
4.051150238200881
1.8264649146110772
2.48233900036402
2.796127883401058
4.915271056474461
11.47062861246079
8.13439695200557
10.675561822876105
14.687153477758276
14.47800911408764
14.549669301094156
13.735907160876424
8.446212788826323
5.708413110474657
14.394971404356838
6.843935061407738
11.285917324820291
2.3312252190984424
2.6608238180707735
1.6221961700461125
1.3552773176032988
13.068732630571805
12.523794312997811
10.615850171839806
14.664069976947179
13.538938838055188
13.537346509935684
9.314926982804668
7.05401178042383
14.182142911387391
9.036446473505984
13.418390460297204
7.443013392599135
8.55231075197944
7.169095827876385
9.25503407346662
10.50476534366474
3.640504147686961
1.4298143752091268
1.4679340902232867
3.252384864703971
3.513763672301202
2.9603198684436025
4.906609067559195
3.1792689650234993
4.00960360910636
3.95938042879244
4.85668991734722
1.321273670076256
12.076729450757494
5.793487529637592
12.837498907777444
13.88214165346779
2.9320450440063426
3.0268190430597897
2.901149854421965
4.753239886386693
11.595483976761209
6.581534454119099
5.694555809922632
6.132244208229624
13.516961564183532
12.624094078178626
13.845408283610363
13.91430294997988
2.5595601593589183
2.117343362916061
3.4720288945378157
4.519706907090763
10.788536990862028
6.325141807990887
11.465106748393982
5.556911633701488
4.669446598877667
4.3449014208089745
2.0261682325223713
4.611690156273658
2.9456183692461613
4.682208821884341
3.0447151439859295
1.4162441389581355
5.976213164581119
10.620431459979113
8.961000197325783
12.41220659781987
5.882837951258554
13.86965908263763
9.28893463468019
5.274909021359098
2.690158732876525
3.3680113862876797
4.0845683551483845
4.0694661214069905
1.6866596317761062
1.6951779227910309
1.6159529042952583
3.39657044398245
2.209018472700141
3.9884600880839005
2.4639716354751844
4.57993305944947
2.554674517421548
4.339754382449036
1.8771013977090414
2.136575546342685
7.789584413053253
14.78562229897063
5.316309456253297
13.487827920133563
3.4170307793292034
3.445414904003139
3.410144983261841
3.4968951762926164
14.230190317781778
14.998642754866799
9.931966939503859
13.566982316132307
8.542264448300543
14.454082518911228
5.12614662840531
5.329138809361789
2.0702652881845856
4.202610352415842
1.1641747149359736
1.2283001836001346
2.9779351477949736
4.098749164099582
2.339945741309447
3.0563764845499817
7.496610722879968
12.14176236901198
9.890651778799935
7.2910697396673605
12.570752358837659
7.909716713622428
14.937693535107266
13.795274952904117
12.221490676278995
12.375650243124097
9.52586666184602
13.801816197686891
11.589784351915121
6.6743615481845175
11.628407637272902
7.921331658656619
1.4520665332354188
1.9090749749138314
3.427656823360415
4.105918720915389
14.287207744795165
12.309808329360933
5.696174655795177
10.201725942367053
5.692185783068664
10.040169391445
6.466627378666691
2.348414822652576
9.035107719027994
4.599694076390875
2.1859558549305365
14.0478151874289
3.598073455361073
10.332454279008179
9.052145875469595
4.240278552005873
9.007087755934435
1.363193120629702
3.342931380537381
9.398121837625112
2.1607979954944287
9.417043304920814
7.722747830726888
3.5206742355166916
14.090540353475184
4.640042631524011
3.784624970377187
13.643937869805175
3.584346278641037
5.145695812758589
7.671319319613609
12.420249017397396
13.02938359255549
5.728968830708142
9.10755121790137
7.951873343813393
7.305232987921505
6.733989292880947
6.087171423562223
11.687691952022512
9.67719127657915
12.062260965889559
14.831815284089595
8.197757453382916
5.987798113737651
5.018560207679816
8.162654837692283
9.57409651090229
14.696134914419073
11.989598485019734
5.730320884420212
14.837919331586349
9.775696089980077
11.999437095142769
10.189261355060589
9.125060549164303
14.191781744855199
9.03035734869182
7.789872136106492
6.449103653208622
7.4840109005667355
12.274604920209164
9.41786784233658
8.177029672542378
10.834414621899844
13.108277047976191
13.427874365946312
4.833596795559267
8.164276461604043
1.5907140274229943
2.1145874193768566
10.109138113761865
4.651421167688115
8.974831833058076
8.387061170223891
3.9473966570354757
9.755414136600907
1.6275366454642723
2.691698823055625
4.938394145591543
3.0222133001897387
2.4998035128509435
3.186987260695295
10.485270214488027
3.6261196387257
12.534978101881254
5.18754736279397
3.757465992890842
10.936338664460937
3.4677829125232895
4.621543782196159
1.7607435340329616
3.6758241809480885
2.1171002245287944
2.8804109298343348
10.814404580035042
1.4621908126948906
12.1229043720807
6.211022174520404
8.684600699888545
14.644816839319823
10.708082710511922
5.198437234040952
4.881611980031556
6.091687866024392
4.802622299682298
1.3595715832941635
3.1883486308549487
3.4583319559849826
1.5198464494965203
4.35047058366673
9.680632890023563
1.6880459693609122
9.105461700162172
10.385586224746469
14.38003645117427
12.666841183020843
9.52859768901644
10.560693086896578
1.1721894984896197
7.376477774223774
1.0748492498589428
1.8947293889036665
6.113002650366064
4.222396025075685
5.049292547953882
10.225989294790441
4.075182713132495
12.770167356304064
3.9186666131178436
4.870003067979184
4.123503349633121
1.2200386301029682
1.152042512585639
1.9567826005624993
8.842989939119468
3.946167120510006
7.5569130182264495
7.069226193325262
9.71321557137485
12.768430282104966
6.160095218608284
12.02899687395717
2.9746821674368586
9.708928066166578
2.1941490902262526
4.693779245818851
3.1531062612639045
1.4742614781767798
4.490473560931285
2.9152190626357126
3.4697323240642413
4.04200770988456
2.8164625531228813
2.002166659293168
2.181773286125703
1.0296978771445993
1.3529023231685704
1.9535711371600164
5.220545036980538
3.171661256231291
8.287015521778986
12.105222975015622
2.546718897437124
5.695840434931138
4.640562154889393
1.6365537621552035
1.4068690670462725
4.500929619784282
2.9175014985493957
2.045560943688646
2.31454486676948
3.1452622923402616
1.1256713925200024
1.1855328551655302
2.406467157957653
4.867037721628586
2.2328644633038204
2.1319834155592403
4.712653192656318
1.5433754848447956
2.1897299037867293
3.621917394932146
2.092548320898286
3.857670384058017
1.9737266921622032
1.9873884068104641
14.89042122130794
3.7441402460162037
9.730058782310206
8.888140943952324
2.941831895800758
10.145185949970815
4.9755647160751115
3.962522820215851
10.131410368776807
7.550178335661158
1.3155310579800017
8.390496194404758
1.138256770794197
2.5080697175448514
12.351267717186438
1.41359895634359
2.4929368342905804
3.380435494809624
4.278600234311796
2.6887808053752646
6.8238394874987165
1.1587481458487878
9.92219393519888
7.816389682247501
12.758413520982556
7.889466881520347
14.900035941340356
7.848305797478046
14.157441432393068
5.729868005405158
6.223735851818706
10.506699744695986
10.089989900030085
5.50409531087062
11.544450886143618
7.913781226276017
2.1255117934183536
4.2148786083324605
7.261040199491394
3.2496539290388067
11.156232399145308
10.741875036186187
3.2009224902315485
5.7188370622605875
11.210295715079946
5.3448950513308375
14.583380963874351
6.091634199403174
8.160080525664023
7.058318514391133
7.946641151765345
12.45914822159611
3.5618994514495026
2.0513396297310966
7.0760956035784215
2.5254134725369273
7.718302068674144
12.46385453115779
2.9745757702196447
10.453478804634912
3.877750806217785
1.909421575874977
6.177812532509311
2.366882530671158
9.661800389434378
6.043259780274606
1.0116251351826628
14.321907353864479
2.8011621296260873
2.4176940024172864
12.183573951275381
4.4061120239922715
9.202725161526612
13.85779746436098
1.2859792599033635
13.091118555657918
3.9055018327401956
4.732248753301436
11.418909278253839
1.6904151886583536
3.98947595582539
3.236851354216192
2.553882779483684
1.5286540367639234
11.581749213678608
6.911187223081959
3.012232899096055
10.321969549512371
4.834408738098924
4.779990979631185
13.36606795483847
3.145691888838985
12.404792549292056
8.59231419322289
4.771473336756999
11.078468101828765
8.168115781875187
11.468229674921632
11.829819646485788
10.167909443529744
2.81449754129061
2.63403245564375
11.3948895722557
2.481714973725239
2.132397139300649
3.160220054326573
3.6752719350423315
4.99480795705187
4.639053013078631
4.383514856520213
4.018238262464385
4.54740281541134
6.194741137717607
13.885571483310343
2.8955698074255767
12.599185309017578
5.63094027668142
5.044636344650342
12.14357707310115
11.270364908667796
6.625543982089916
7.27449798697462
6.941385591811491
11.466207712125778
8.244586092924177
14.402030712121753
14.719029170214949
8.52243018488025
2.3859933259377177
3.142925540834653
11.17212979224296
2.1108147828628607
1.1765434121501488
4.9990838043109385
2.501209396935136
3.3314499629514307
12.445679516701702
1.2116605859197045
7.73670773208877
11.651630192465557
1.7450511119568972
6.696704254367626
4.113482068333091
1.6707817384477375
4.337687319780431
1.8274667868526753
1.931575030081595
4.728863588329235
12.737014063985873
4.123911497932905
6.26412960559599
6.629299230600694
2.7994430029941344
13.604246786981808
3.1979053052881756
1.0852106240488562
7.65669025006969
1.6706669738004032
5.517006961310321
13.043078781226148
11.866528047328677
8.576289226490893
14.462785271892137
5.48209147562255
3.3591462492815714
10.137941209269215
4.976905533076971
1.8799829233368595
12.875878969206823
2.63752948358997
10.386510373322945
6.622412586902112
9.749601554790603
6.502169306753311
7.728802246477588
12.037716295844941
7.55967126399594
14.39151018852198
11.059537662964349
7.103638709493073
5.922140592128553
5.071222287352224
7.121819918899006
8.776729213818886
2.648984884166242
6.735029755797694
3.230062996268062
2.468494967157905
13.830734911963127
1.48152610624709
7.571332240058024
10.421159038342132
10.586806617417981
13.713372533334582
13.573704319734452
10.337610026930417
12.397282598100478
5.86899278061476
13.980230202045185
8.095172090102935
4.954413378696186
9.201802813095252
2.3595015807496935
1.0597240261879928
5.127575201747009
2.357779939497503
6.743844800870841
10.119902970701983
4.903052613218385
14.238498451514944
4.375402114307986
4.111753846253784
10.574849733919049
1.4149130985089258
10.590719779382297
13.97663887074669
4.40606852755039
9.88411040384834
1.7040708442156283
3.312429149685281
14.142629164008971
2.3402215766459227
11.092774074942923
6.085084741152462
8.706723781642886
11.256424821276175
8.206297984112865
5.633463508995043
13.374580500245681
12.24830107852572
9.493216688067642
6.127427306103652
4.214294544539484
6.58637311251558
3.6203111027915735
3.6573787949151395
8.167038176144171
4.24347130948871
14.744143167218397
5.74627683336669
6.53907187405202
11.06739049856812
12.845392624124312
9.28309949818922
12.760902749571802
14.869308226641525
7.996547110988467
10.62485527102676
2.360911385425138
12.636444889006064
3.7388485256664943
4.91522838330006
3.812075734069689
2.1101593178150164
1.7453381085209787
2.5522550839586944
1.7831236547303262
3.7402871642485747
1.325067479199058
3.1950570607074824
14.149478154351959
1.610597215841275
6.687149641095965
13.69615072607509
2.914259630062643
5.153624212053085
3.7722490964405084
3.832165548583011
1.280287816616973
2.3148190862789035
1.7814693021463874
3.7669685452377286
3.5575144140738506
1.9621358456910087
3.555978147176331
3.922883493869713
1.413046258098043
4.103621012695055
3.5933905205448524
2.7154834563267487
9.960272451950607
3.748625627858055
6.923586326357775
7.845154508236009
6.720132137818124
14.599149492803402
11.48926265399502
6.048107779842268
14.7516250941861
12.002420256853526
13.112386224628708
10.455025796983293
2.009523877810289
8.154907480259395
2.2114827590769153
3.1993992573758274
3.3186731685946573
2.0319618700487
1.2396437779885088
4.874107086219805
14.811415125216364
1.549940167512991
8.076482675625702
9.282082077811978
3.280551987429548
8.777780194184015
1.802619127605345
1.640540928191451
3.371262928351072
3.027322974464475
1.6483727909652877
4.755300877961938
2.731390187071267
4.2673033170336945
1.4764464547989506
1.7433607212612618
1.1164672865811096
2.734221312068602
1.9171224822506878
3.173048798842005
1.5837803671725066
1.6889734903441544
3.8808403968490244
4.992268638320631
2.2016599074047756
3.8605014846290397
4.002811623343288
1.4493993939551597
5.326330672791074
3.004905794007093
7.763333966170814
6.517884555342394
14.038124814233097
11.636091022645314
6.197153114311518
12.543589750128746
11.523012519218305
5.811734491474294
5.414572462538629
13.598088980179492
3.880247352887726
6.109126959280529
1.4635423722776184
4.756682785462862
5.762068457535882
2.8779810019309777
10.175480529494443
10.91341895904856
11.514067533972879
12.092394750232351
10.27287716109503
14.203290562288435
Running 200 simulations with 1 MPI ranks
Rank 0: 200 simulations
14.640672970720022
Running 200 simulations with 1 MPI ranks
Rank 0: 200 simulations
Running 200 simulations with 1 MPI ranks
Rank 0: 200 simulations
Running 200 simulations with 1 MPI ranks
Rank 0: 200 simulations
