==========================================
Mass Fraction MPI Run
==========================================
Date:               Sat Sep 19 13:55:26 CDT 2026
Host:               ac003
Array job ID:       2145715
Array task ID:      1
MPI ranks:          4
CPUs per task:      1
Nodes allocated:    1
Python:             /scratch/user/u.hm357857/.conda/envs/comets/bin/python
Conda environment:  /scratch/user/u.hm357857/.conda/envs/comets
==========================================

6.461402390440213
12.48475321273048
14.364815166717728
9.439451810148842
1.6768406562775184
1.5005704400559994
2.4407640221173215
4.067377788436936
11.35703501699991
14.35545211426412
9.653987077728132
5.041792045521487
9.046246563929202
6.4034545832327785
10.952598052720267
7.520485544158629
2.903032179457421
2.6842663912633444
4.102602899403951
3.2528496123173833
6.954798253703687
8.59644874436008
11.036829417241321
14.68466227257498
11.733577702475916
11.361686750693208
8.00211000590982
10.879269047501753
8.585138052120273
8.934300523599804
6.704269878506409
11.168580596924908
6.169580652541375
9.72550860154722
14.908018938494118
11.044927637247444
10.793218123652347
7.422774428362136
5.644449597522103
8.98301160235333
14.84187701983288
9.205987401161941
9.305618426685836
5.313590399938124
2.401108057730344
3.8472755810434474
1.6512494479301032
4.176477342662644
11.596744663713384
14.01781587854159
7.123773450163592
8.86702145655463
1.0900745343279397
3.471922902022319
2.2831991835216305
2.3883979177572683
2.0746241262368352
4.1045711268050615
2.628588474110332
4.338570411791596
7.064450417176325
8.424710052983475
11.914554898893924
9.296392274861887
14.260491257149805
7.881311764652579
8.24651373818534
9.20258092237127
2.2946152114888934
4.1171079542236075
4.474318480748238
3.011370966885967
7.720243527751817
10.80145039502489
11.671992030977934
6.164747232659043
10.098804951961615
7.589766534209011
9.597996713872742
13.687419478305975
2.852596142542414
4.2467916374707855
1.8384294620535964
3.6604799768320366
14.468585672820662
14.614910040235525
12.041537229258317
14.52251176599757
12.953668823739855
13.565456318025888
8.539049134308849
7.586304416768996
12.70414615273981
11.150124791995061
8.215771948512192
9.539210099607782
1.67874691216551
3.0560794857640774
3.382063418038798
1.8063840309140482
2.0267522857239992
2.282704508821592
4.40718216654465
3.140659560822838
1.5609108886103908
1.9820454213520735
2.078583852427684
3.3597654130070507
4.068567376945121
3.540454512850621
2.8642349477916174
2.729841254001451
1.2715818823837277
3.5869815836568923
3.136876470823228
4.205270656364997
7.466050591212187
5.645024776135797
12.048683952437214
7.303388834524184
13.435411955374603
14.919964029379916
9.883223690844527
13.751019722856448
5.226247841666661
11.519606111548413
13.630989320481872
14.36017911883596
4.86437983979641
3.8330419342475492
1.772237333995204
2.28510064819711
6.863065339812074
10.563632552915049
8.278185012506153
7.0816994829427005
8.30602874094601
11.02155790545307
7.856441147921841
10.785178145046384
8.854464265207943
6.711166226723142
12.361374112603352
13.190518366065946
8.753859360389768
9.968260254370936
13.467550947133773
5.749441111441794
2.7382863578525267
1.4162694353686605
1.9686959795841097
2.831651240653011
4.9393265089941085
4.6798522125106246
3.213652315493621
3.0071700360742466
3.9226206881974433
2.624968342880559
4.807523796661082
1.0331799199973521
11.288884563620691
11.6423891065017
5.478596380649874
6.667067772206105
2.1768322549630583
1.5577707221049275
3.8526323182460516
2.578777327415745
6.105195494818302
13.469748127062278
8.3524348439426
13.056207850085473
9.282571272709824
9.28134200430224
10.793409592743673
14.421192818343364
3.5901104156917167
1.5820992382586896
3.1760198253577605
4.98851178717653
6.947454764625315
7.109814835414713
9.667774835410707
7.4310786742330395
3.703605612572196
4.970429816901137
3.9603175667734174
2.4173212734055842
1.1047874585051476
3.30463305273354
2.386067130240098
4.266115355112975
14.710774793632172
8.85726949988129
7.465122315751097
14.532463912161058
6.904987082384083
8.874093029631641
7.764818063551957
8.964598616091532
2.134005825101561
2.660174219534997
3.5359942759030636
1.3244161581721285
2.5536541597334352
2.281776433462043
1.6616685916831013
2.035627810027072
4.536961435207233
2.830096731560483
3.2851637499080377
3.5597472879670935
3.7757178115336107
4.722592470931064
3.7696419701240105
4.821744588582648
14.096085603689
8.33636430046145
10.334994838653635
11.952084839329228
2.2601565398997745
4.359157537528479
1.3924607841652357
2.8943457306665112
11.359443599325953
7.169452011426714
10.849981696071652
7.174331672367451
13.808577840876142
10.350458471481813
11.274354986840542
7.629950230686914
1.213407717941792
3.109143452680543
3.0443280123630276
3.8793622644920487
4.167679190490231
2.5848635960291224
1.5878027039580411
2.3485375904681107
11.491673115955859
7.060307801464642
8.050792356065518
7.980212559205596
10.135569680382131
13.104181530712783
10.039863473787458
9.222004941100343
10.645694166407136
5.4762546161086965
5.447911854279566
12.979020163259634
6.617836147417828
9.442602428409383
8.409457644548318
12.721129441753739
1.1718393729322698
1.731137718000034
4.751168144141388
4.005230627285804
12.338946893705451
14.495615352169652
9.226823454359801
12.911060804583085
8.317124489191755
5.002145749754202
14.80893678637461
8.337172878447728
1.8004118570859848
1.5447394638678578
4.126982667211482
2.5130858987280695
10.341721438283585
9.078180400015947
8.209348324201843
13.50853772304719
1.292619378610254
1.866200687424294
3.9513274576868334
3.073761807150945
6.855117519758903
14.036847733640126
5.867496949453176
14.457858822909447
3.955459780472225
1.8530989523524695
2.844651066336889
4.206061216555218
5.9132744726446695
12.937473741647905
10.299002361187462
6.055421341854069
11.76110833581351
14.511852366216058
10.359000047124596
6.717933533368726
9.271683527735998
9.057335092033659
8.01718067097068
9.729389523745612
12.70451419190723
10.521687188120897
13.571309257153318
6.471064507944453
10.438186375032343
6.86995341231353
13.136172390023003
14.280485419755795
13.58384783791653
14.151384625045424
10.804321975694094
14.62220004656382
13.965982355951109
8.839410373468743
10.765042187826328
14.20287127663783
7.465233955683411
5.47548003093543
5.986137969795605
14.29706867380396
10.797254143753486
10.435089070560327
14.26212348725513
13.30348200438901
14.635294128873452
5.772154934762193
8.142046444794332
9.880675186737555
3.0237491558055636
1.959306443615044
1.8062643325522179
4.769462087708927
11.584910542298985
11.8939680937705
10.72865514497342
14.392312351343344
4.7761813551325
3.503962961405676
3.9905961959702263
1.833713502649521
3.9615180814815063
1.2142919983302658
4.098249804426545
1.8961645372356597
12.112700955755326
5.692183495803222
6.927379653618598
5.999312264565675
4.662549533631099
4.416431146146626
2.9592215163126787
2.9493104332835696
2.9945656552710047
2.5309697495014496
2.354941782872394
4.659962697396486
8.887821751764537
9.7212210773204
5.321595033557224
10.817281420062445
14.661770954542522
14.922020489592185
9.582050543901806
12.506348073110756
3.9088092568276136
4.664610272801427
1.8574991649370256
1.030157858265628
2.5950152880608
3.218629292964501
4.965811240457644
1.5077586281256954
6.74435886524501
11.288098329277304
11.124091746781001
7.710014101760758
5.171964338653694
11.32772304987753
14.103279557787754
14.127905657586885
2.4968149259973274
4.019708722215716
2.710479059378546
3.3774568630606776
13.457624113738486
9.17160387635725
12.376783334175396
10.459016673340907
2.32484248239593
4.061383975958092
4.258140583357301
1.4401301990514646
2.6501149064280627
1.4722325128724467
3.387794685766506
1.8898832447052754
13.990883514367926
5.719867785127302
7.715058434180692
7.438709727028609
7.160255908105956
14.107778286149175
13.192408234899561
10.712176598606128
4.777243838865228
1.34069633657516
2.0996150493257884
2.150225880031554
3.7736054913135813
2.947132214223596
2.948547283323892
2.6468643985029012
1.587800357192143
4.430308317168162
1.1056726521251665
3.600158497617025
3.290325745253234
1.5611629580201876
4.450973182480282
2.2567565215983048
12.267652643154573
9.147194302022434
5.004357347321829
13.504653621932203
3.3046677170747913
1.5799902518060462
2.045671838102727
4.236804757831034
1.0676262825357927
1.2598720990534837
2.5404017347028183
3.2000409039069306
1.817322756034923
4.050147200993758
2.442425593145014
4.643663194366442
2.279427375806969
4.244087597875395
1.2981729751534132
2.7115838950124487
2.2300817075684702
3.208520077276801
2.8601746279300277
4.8102528594858125
4.116158513572916
3.2209098859214844
1.1333206904719835
3.631385588149926
10.634668414922052
6.575190377006202
8.078922305664696
11.320329895547953
4.691450489592315
1.3684751450141852
4.180851901146851
2.787617661478382
5.260986481935132
8.303667898864864
5.1911152545270935
7.663521763407468
2.786190380020393
4.666059889672939
3.0388829277928817
2.610191030606828
2.019327908874591
1.1777551115964906
4.8028933319483755
4.707719273933516
8.394849672036273
10.709621380953482
8.049999792850183
9.91851320569794
7.6064211713699645
9.25277211288778
9.6649481069648
8.061805834981588
8.69596164542754
6.767340621954014
14.968837339906553
14.605174787878877
13.39889471050128
7.763452920706467
9.075691046601055
14.67483479224786
3.5547898299582137
2.34957195661685
1.1372884483727148
3.5417160961763163
8.51412558438968
12.466579651604043
11.4382833860332
10.497317337061554
7.016155667358815
13.864007719831195
14.415456597148141
10.891341405226068
12.904525186175551
9.805043424495622
8.560483495292265
11.860148998743153
3.531385066609713
4.623828230091045
2.183663065514377
3.7948148089174727
6.267275486662439
9.769241674044018
11.57370662039686
7.506962645572193
3.576514611513666
3.7907552948596726
3.562040367103981
1.4484624085606872
12.860832466098113
7.853319072722483
7.0299482439167065
9.825373636092438
3.3510883168131556
2.6877083946364406
4.823650109819674
1.9734067476735468
14.98789745966324
8.493176642975772
5.338575269731802
5.0660109567236224
1.5927035709293014
1.7127233971375255
4.657493018052772
4.030519024745011
3.2758322385275873
3.95787410498939
1.4880706137375146
1.784333406274977
9.636209097074762
8.399559707712925
9.353051068569304
9.977685748440747
2.4142535108617156
2.9350282220100556
3.8012658126868777
1.815342015702611
9.749344509907104
12.248409836641303
5.56444646713841
10.43147099022354
10.667006196213988
13.715343576738173
5.4188862058511855
13.533628141728958
4.586971871305095
1.1668109374218107
4.446073331252251
4.360984442503133
3.2660572035336384
2.492509454743949
2.230263977899227
1.2873925751188429
3.4973974502814267
1.8405947633537099
3.837101448828708
2.153655695365819
13.436824815241454
14.895194431824457
14.620705110584883
9.675201544849873
7.103499049453418
10.533563755579474
5.141821781547996
14.71098683848561
8.393168402081786
6.051399498609427
11.826287138970855
9.061127757453201
10.315124926672427
12.845440595050412
6.117343538270882
8.127951656755519
2.17233068907295
2.2647901866451767
4.923756561804089
3.360624712390284
2.824895269964117
4.759107493791784
2.963507671537272
2.2687270303791904
8.715270763526018
9.008739097672887
11.26488797640744
7.088944495985428
3.0819584121306707
2.6658057095496006
1.6808222700598465
1.9713368080922438
4.060837376499835
3.060068478786404
3.160334120911867
1.7458129693217788
9.376705009959727
6.793454316795316
11.514131801753814
6.789173455322529
2.1731342934065383
3.652227517158778
2.7371052493882275
4.219505370486361
7.107093192606681
12.657459446182656
11.486690700630794
8.557959081473538
10.069719023208524
8.31671914299077
10.167642334694674
1.5750477406656316
12.621297639661956
4.070576606596634
2.7044322974743493
11.603181059046296
1.3300879011743758
5.5527342402200635
8.012352367601551
13.891055088871166
8.069417983700937
7.294238121474754
6.877861541319952
6.266470093370745
11.09532980035285
14.424572406544627
5.6902113285452
12.77970487179642
7.377068854078599
7.452886172138249
9.566600881534832
3.4771167391758153
12.837661318617938
1.141261182563563
1.99957352980979
9.384207780238082
1.8061684436250935
13.277096348406808
9.143027401033176
11.084900110229317
14.618142360317432
9.284715082311621
14.445483720255249
5.997958248515827
12.9178094823726
6.968067338646743
12.370110985592222
4.962531723114719
12.429311224465476
4.880676569024551
2.6789811506415013
11.916812138136535
2.599640365341875
8.151893714242703
7.0508533365769885
4.689037425141551
9.052115443285878
3.190595886301727
3.2954699923152644
9.73545457007484
3.968279944842924
6.447520607551258
10.27898589076341
2.0840286816740585
13.84755311592735
1.5044928470490606
4.902524595041789
9.409929177796919
1.802833113037328
5.611353790522225
9.151918190032038
14.121487017781032
14.649016669814227
8.84762292924858
13.754558344604698
12.074673220850755
7.938236775732117
12.54549303068741
10.217957697924334
3.5639335205303415
10.78826062566031
4.369742457913639
3.553367752878355
6.7199007109969155
4.609883299163516
7.122243332030665
6.504308311524061
12.387248267673012
6.638637821595118
13.88831932822811
8.094427756750443
5.113827050279861
8.614361760816784
9.123108020233715
9.858015488821929
2.1410139590426107
12.128439354251022
4.195793827498745
1.3096595939573614
3.1024294007424733
3.7037695707991913
2.3924607674417406
4.873844336306754
1.7353297596691504
3.6483942010869947
2.228138254761553
4.278231611502777
8.035817625213816
1.9575135177503586
5.399366978019059
6.570453687009482
2.7555270630327247
5.100383866874454
3.410193309410666
1.2157235329890028
1.7145136226379782
3.5056635495505404
4.786957553126277
2.559987835811427
2.851872772573024
1.9600494896889944
3.1017467279130777
2.712824254535675
2.973963577078372
4.25150256522231
3.077960413856132
2.592948977830829
11.617101477820476
1.358018608330736
7.449416790663042
10.408945172880994
7.508971136607096
14.376021262932316
12.101375164179151
7.465214607099071
10.212555904352394
8.168954515905245
7.43863434931969
14.302642452960987
2.5875171359715208
14.010874519746606
3.034430560791193
4.156149345141834
4.361285323984137
1.7301902363648995
3.404615834446492
4.615315867139617
6.73379483725148
4.436018731893201
12.305654713042758
9.888174043686913
4.201511338016296
14.27743741351038
2.7085193159055407
3.4881190353257443
4.025440465856439
3.538024541777725
1.2483724503813196
3.4383803638807935
4.616724662725517
2.0711026066357126
4.180122931097875
1.8909885673207265
2.913772281489891
2.5405439369563876
1.9224021457499085
4.323803800260968
1.567838977906204
4.749439148433109
1.551399110510074
1.5136986245522617
4.922054456701093
1.2524841597714653
4.614948656002246
1.4229394688219195
8.007974746670488
4.278125350881986
14.411589587789322
6.410105482024404
14.289138127712773
14.180860051153179
7.977268921995446
14.949839965669492
6.411689063533757
9.000861924513476
7.576527098363
6.033412767897706
4.510670059221656
6.3126338773813275
2.5370821814215314
3.5467228807279563
8.756782833765307
4.247157857473022
13.862151868562226
11.092557448566023
7.990401934035839
5.658659496775298
12.947429639249448
12.65721360492945
Running 200 simulations with 1 MPI ranks
Rank 0: 200 simulations
13.770015603030707
Running 200 simulations with 1 MPI ranks
Rank 0: 200 simulations
Running 200 simulations with 1 MPI ranks
Rank 0: 200 simulations
Running 200 simulations with 1 MPI ranks
Rank 0: 200 simulations
t=223049  fraction=0.19000  peak_slope=1.614e-06  t_peak=111524  comparison cadence=223049  difference=0.19000  below=0/3
t=245353  fraction=0.23500  peak_slope=2.242e-06  t_peak=122677  comparison cadence=245353  difference=0.23500  below=0/3
t=234201  fraction=0.20000  peak_slope=1.614e-06  t_peak=111524  comparison cadence=223049  difference=0.20000  below=0/3
t=256506  fraction=0.23500  peak_slope=2.242e-06  t_peak=122677  comparison cadence=245353  difference=0.23500  below=0/3
t=289963  fraction=0.25500  peak_slope=2.242e-06  t_peak=144982  comparison cadence=289963  difference=0.25500  below=0/3
t=245353  fraction=0.20500  peak_slope=1.614e-06  t_peak=111524  comparison cadence=223049  difference=0.20500  below=0/3
t=267658  fraction=0.24000  peak_slope=2.242e-06  t_peak=122677  comparison cadence=245353  difference=0.24000  below=0/3
t=301116  fraction=0.26000  peak_slope=2.242e-06  t_peak=144982  comparison cadence=289963  difference=0.26000  below=0/3
t=256506  fraction=0.20500  peak_slope=1.614e-06  t_peak=111524  comparison cadence=223049  difference=0.20500  below=0/3
t=278811  fraction=0.24000  peak_slope=2.242e-06  t_peak=122677  comparison cadence=245353  difference=0.24000  below=0/3
t=312268  fraction=0.26000  peak_slope=2.242e-06  t_peak=144982  comparison cadence=289963  difference=0.26000  below=0/3
t=267658  fraction=0.21000  peak_slope=1.614e-06  t_peak=111524  comparison cadence=223049  difference=0.21000  below=0/3
t=289963  fraction=0.24000  peak_slope=2.242e-06  t_peak=122677  comparison cadence=245353  difference=0.24000  below=0/3
t=323420  fraction=0.26000  peak_slope=2.242e-06  t_peak=144982  comparison cadence=289963  difference=0.26000  below=0/3
t=334573  fraction=0.26000  peak_slope=2.242e-06  t_peak=144982  comparison cadence=289963  difference=0.26000  below=0/3
t=301116  fraction=0.24500  peak_slope=2.242e-06  t_peak=122677  comparison cadence=245353  difference=0.24500  below=0/3
t=278811  fraction=0.21000  peak_slope=1.614e-06  t_peak=111524  comparison cadence=223049  difference=0.21000  below=0/3
t=345725  fraction=0.27000  peak_slope=2.242e-06  t_peak=144982  comparison cadence=289963  difference=0.26500  below=0/3
t=312268  fraction=0.25000  peak_slope=2.242e-06  t_peak=122677  comparison cadence=245353  difference=0.24500  below=0/3
t=289963  fraction=0.21500  peak_slope=1.614e-06  t_peak=111524  comparison cadence=223049  difference=0.20500  below=0/3
t=356878  fraction=0.27500  peak_slope=2.242e-06  t_peak=144982  comparison cadence=289963  difference=0.26000  below=0/3
t=323420  fraction=0.25000  peak_slope=2.242e-06  t_peak=122677  comparison cadence=245353  difference=0.23000  below=0/3
t=301116  fraction=0.23000  peak_slope=1.614e-06  t_peak=111524  comparison cadence=223049  difference=0.20500  below=0/3
t=368030  fraction=0.28000  peak_slope=2.242e-06  t_peak=144982  comparison cadence=289963  difference=0.24500  below=0/3
t=334573  fraction=0.25500  peak_slope=2.242e-06  t_peak=122677  comparison cadence=245353  difference=0.21500  below=0/3
t=312268  fraction=0.23000  peak_slope=1.614e-06  t_peak=111524  comparison cadence=223049  difference=0.18500  below=0/3
t=379183  fraction=0.29000  peak_slope=2.242e-06  t_peak=144982  comparison cadence=289963  difference=0.24500  below=0/3
t=345725  fraction=0.26000  peak_slope=2.242e-06  t_peak=122677  comparison cadence=245353  difference=0.18500  below=0/3
t=289963  fraction=0.22500  peak_slope=2.062e-06  t_peak=144982  comparison cadence=289963  difference=0.22500  below=0/3
t=390335  fraction=0.30000  peak_slope=2.242e-06  t_peak=144982  comparison cadence=289963  difference=0.22000  below=0/3
t=323420  fraction=0.24000  peak_slope=1.614e-06  t_peak=111524  comparison cadence=223049  difference=0.17000  below=0/3
t=356878  fraction=0.26000  peak_slope=2.242e-06  t_peak=122677  comparison cadence=245353  difference=0.16500  below=0/3
t=401487  fraction=0.31000  peak_slope=2.242e-06  t_peak=144982  comparison cadence=289963  difference=0.20500  below=0/3
t=301116  fraction=0.23000  peak_slope=2.062e-06  t_peak=144982  comparison cadence=289963  difference=0.23000  below=0/3
t=334573  fraction=0.24500  peak_slope=1.614e-06  t_peak=111524  comparison cadence=223049  difference=0.15500  below=0/3
t=368030  fraction=0.26000  peak_slope=2.242e-06  t_peak=122677  comparison cadence=245353  difference=0.13000  below=0/3
t=412640  fraction=0.31000  peak_slope=2.242e-06  t_peak=144982  comparison cadence=289963  difference=0.19500  below=0/3
t=345725  fraction=0.25000  peak_slope=1.614e-06  t_peak=111524  comparison cadence=223049  difference=0.16000  below=0/3
t=312268  fraction=0.23500  peak_slope=2.062e-06  t_peak=144982  comparison cadence=289963  difference=0.23500  below=0/3
t=423792  fraction=0.32000  peak_slope=2.242e-06  t_peak=144982  comparison cadence=289963  difference=0.17000  below=0/3
t=379183  fraction=0.26000  peak_slope=2.242e-06  t_peak=122677  comparison cadence=245353  difference=0.11500  below=0/3
t=356878  fraction=0.25000  peak_slope=1.614e-06  t_peak=111524  comparison cadence=223049  difference=0.14000  below=0/3
t=323420  fraction=0.24500  peak_slope=2.062e-06  t_peak=144982  comparison cadence=289963  difference=0.24500  below=0/3
t=434945  fraction=0.32500  peak_slope=2.242e-06  t_peak=144982  comparison cadence=289963  difference=0.15500  below=0/3
t=390335  fraction=0.26000  peak_slope=2.242e-06  t_peak=122677  comparison cadence=245353  difference=0.10500  below=0/3
t=368030  fraction=0.25500  peak_slope=1.614e-06  t_peak=111524  comparison cadence=223049  difference=0.12500  below=0/3
t=446097  fraction=0.33000  peak_slope=2.242e-06  t_peak=144982  comparison cadence=289963  difference=0.14000  below=0/3
t=334573  fraction=0.25000  peak_slope=2.062e-06  t_peak=144982  comparison cadence=289963  difference=0.25000  below=0/3
t=401487  fraction=0.26000  peak_slope=2.242e-06  t_peak=122677  comparison cadence=245353  difference=0.09000  below=0/3
t=457250  fraction=0.33000  peak_slope=2.242e-06  t_peak=144982  comparison cadence=289963  difference=0.13000  below=0/3
t=379183  fraction=0.26000  peak_slope=1.614e-06  t_peak=111524  comparison cadence=223049  difference=0.12500  below=0/3
t=412640  fraction=0.26000  peak_slope=2.242e-06  t_peak=122677  comparison cadence=245353  difference=0.08000  below=0/3
t=345725  fraction=0.25000  peak_slope=2.062e-06  t_peak=144982  comparison cadence=289963  difference=0.25000  below=0/3
t=468402  fraction=0.33000  peak_slope=2.242e-06  t_peak=144982  comparison cadence=289963  difference=0.12000  below=0/3
t=390335  fraction=0.26000  peak_slope=1.614e-06  t_peak=111524  comparison cadence=223049  difference=0.12500  below=0/3
t=423792  fraction=0.26000  peak_slope=2.242e-06  t_peak=122677  comparison cadence=245353  difference=0.07500  below=0/3
t=356878  fraction=0.25000  peak_slope=2.062e-06  t_peak=144982  comparison cadence=289963  difference=0.25000  below=0/3
t=479554  fraction=0.34000  peak_slope=2.242e-06  t_peak=144982  comparison cadence=289963  difference=0.12000  below=0/3
t=401487  fraction=0.26000  peak_slope=1.614e-06  t_peak=111524  comparison cadence=223049  difference=0.10000  below=0/3
t=434945  fraction=0.26000  peak_slope=2.242e-06  t_peak=122677  comparison cadence=245353  difference=0.05000  below=0/3
t=490707  fraction=0.34500  peak_slope=2.242e-06  t_peak=144982  comparison cadence=289963  difference=0.11500  below=0/3
t=368030  fraction=0.25500  peak_slope=2.062e-06  t_peak=144982  comparison cadence=289963  difference=0.23000  below=0/3
t=446097  fraction=0.26500  peak_slope=2.242e-06  t_peak=122677  comparison cadence=245353  difference=0.05500  below=0/3
t=412640  fraction=0.26000  peak_slope=1.614e-06  t_peak=111524  comparison cadence=223049  difference=0.09000  below=0/3
t=501859  fraction=0.34500  peak_slope=2.242e-06  t_peak=144982  comparison cadence=289963  difference=0.11500  below=0/3
t=379183  fraction=0.25500  peak_slope=2.062e-06  t_peak=144982  comparison cadence=289963  difference=0.22500  below=0/3
t=457250  fraction=0.26500  peak_slope=2.242e-06  t_peak=122677  comparison cadence=245353  difference=0.05500  below=0/3
t=513012  fraction=0.34500  peak_slope=2.242e-06  t_peak=144982  comparison cadence=289963  difference=0.10500  below=0/3
t=423792  fraction=0.26000  peak_slope=1.614e-06  t_peak=111524  comparison cadence=223049  difference=0.08000  below=0/3
t=390335  fraction=0.25500  peak_slope=2.062e-06  t_peak=144982  comparison cadence=289963  difference=0.20000  below=0/3
t=524164  fraction=0.35000  peak_slope=2.242e-06  t_peak=144982  comparison cadence=289963  difference=0.11000  below=0/3
t=468402  fraction=0.26500  peak_slope=2.242e-06  t_peak=122677  comparison cadence=245353  difference=0.04500  below=1/3
t=434945  fraction=0.26500  peak_slope=1.614e-06  t_peak=111524  comparison cadence=223049  difference=0.07500  below=0/3
t=535317  fraction=0.35000  peak_slope=2.242e-06  t_peak=144982  comparison cadence=289963  difference=0.10500  below=0/3
t=479554  fraction=0.26500  peak_slope=2.242e-06  t_peak=122677  comparison cadence=245353  difference=0.04000  below=2/3
t=401487  fraction=0.25500  peak_slope=2.062e-06  t_peak=144982  comparison cadence=289963  difference=0.17000  below=0/3
t=446097  fraction=0.26500  peak_slope=1.614e-06  t_peak=111524  comparison cadence=223049  difference=0.07500  below=0/3
t=546469  fraction=0.35000  peak_slope=2.242e-06  t_peak=144982  comparison cadence=289963  difference=0.09500  below=0/3
t=490707  fraction=0.27000  peak_slope=2.242e-06  t_peak=122677  comparison cadence=245353  difference=0.03500  below=3/3
Stopping at t=490706.8120025659
Saved 146 remaining particles to /scratch/group/p.phy260085.000//Mass_Fraction/Outputs/Ejection_Results/remaining_particles_2145715_1.csv
t=412640  fraction=0.25500  peak_slope=2.062e-06  t_peak=144982  comparison cadence=289963  difference=0.14500  below=0/3
t=457250  fraction=0.26500  peak_slope=1.614e-06  t_peak=111524  comparison cadence=223049  difference=0.06500  below=0/3
t=557621  fraction=0.35000  peak_slope=2.242e-06  t_peak=144982  comparison cadence=289963  difference=0.09500  below=0/3
t=468402  fraction=0.26500  peak_slope=1.614e-06  t_peak=111524  comparison cadence=223049  difference=0.06000  below=0/3
t=423792  fraction=0.25500  peak_slope=2.062e-06  t_peak=144982  comparison cadence=289963  difference=0.12500  below=0/3
t=568774  fraction=0.35000  peak_slope=2.242e-06  t_peak=144982  comparison cadence=289963  difference=0.09500  below=0/3
t=579926  fraction=0.35000  peak_slope=2.242e-06  t_peak=144982  comparison cadence=289963  difference=0.09500  below=0/3
t=479554  fraction=0.27000  peak_slope=1.614e-06  t_peak=111524  comparison cadence=223049  difference=0.06500  below=0/3
t=434945  fraction=0.25500  peak_slope=2.062e-06  t_peak=144982  comparison cadence=289963  difference=0.11000  below=0/3
t=591079  fraction=0.35000  peak_slope=2.242e-06  t_peak=144982  comparison cadence=289963  difference=0.09000  below=0/3
t=490707  fraction=0.27000  peak_slope=1.614e-06  t_peak=111524  comparison cadence=223049  difference=0.06000  below=0/3
t=446097  fraction=0.25500  peak_slope=2.062e-06  t_peak=144982  comparison cadence=289963  difference=0.09000  below=0/3
t=602231  fraction=0.35000  peak_slope=2.242e-06  t_peak=144982  comparison cadence=289963  difference=0.09000  below=0/3
t=501859  fraction=0.27000  peak_slope=1.614e-06  t_peak=111524  comparison cadence=223049  difference=0.06000  below=0/3
t=613384  fraction=0.35000  peak_slope=2.242e-06  t_peak=144982  comparison cadence=289963  difference=0.09000  below=0/3
t=457250  fraction=0.25500  peak_slope=2.062e-06  t_peak=144982  comparison cadence=289963  difference=0.08500  below=0/3
t=513012  fraction=0.27000  peak_slope=1.614e-06  t_peak=111524  comparison cadence=223049  difference=0.05500  below=0/3
t=624536  fraction=0.35000  peak_slope=2.242e-06  t_peak=144982  comparison cadence=289963  difference=0.09000  below=0/3
t=468402  fraction=0.25500  peak_slope=2.062e-06  t_peak=144982  comparison cadence=289963  difference=0.08000  below=0/3
t=635688  fraction=0.35000  peak_slope=2.242e-06  t_peak=144982  comparison cadence=289963  difference=0.08000  below=0/3
t=524164  fraction=0.27000  peak_slope=1.614e-06  t_peak=111524  comparison cadence=223049  difference=0.04000  below=1/3
t=479554  fraction=0.25500  peak_slope=2.062e-06  t_peak=144982  comparison cadence=289963  difference=0.07500  below=0/3
t=646841  fraction=0.35000  peak_slope=2.242e-06  t_peak=144982  comparison cadence=289963  difference=0.07500  below=0/3
t=535317  fraction=0.27000  peak_slope=1.614e-06  t_peak=111524  comparison cadence=223049  difference=0.04000  below=2/3
t=657993  fraction=0.35000  peak_slope=2.242e-06  t_peak=144982  comparison cadence=289963  difference=0.07000  below=0/3
t=490707  fraction=0.25500  peak_slope=2.062e-06  t_peak=144982  comparison cadence=289963  difference=0.06000  below=0/3
t=546469  fraction=0.27000  peak_slope=1.614e-06  t_peak=111524  comparison cadence=223049  difference=0.03000  below=3/3
Stopping at t=546468.9497301301
Saved 144 remaining particles to /scratch/group/p.phy260085.000//Mass_Fraction/Outputs/Ejection_Results/remaining_particles_2145715_1.csv
t=669146  fraction=0.35500  peak_slope=2.242e-06  t_peak=144982  comparison cadence=289963  difference=0.06500  below=0/3
t=501859  fraction=0.26000  peak_slope=2.062e-06  t_peak=144982  comparison cadence=289963  difference=0.06000  below=0/3
t=680298  fraction=0.36000  peak_slope=2.242e-06  t_peak=144982  comparison cadence=289963  difference=0.06000  below=0/3
t=513012  fraction=0.26000  peak_slope=2.062e-06  t_peak=144982  comparison cadence=289963  difference=0.06000  below=0/3
t=691451  fraction=0.36000  peak_slope=2.242e-06  t_peak=144982  comparison cadence=289963  difference=0.05000  below=1/3
t=702603  fraction=0.36000  peak_slope=2.242e-06  t_peak=144982  comparison cadence=289963  difference=0.05000  below=2/3
t=524164  fraction=0.26000  peak_slope=2.062e-06  t_peak=144982  comparison cadence=289963  difference=0.06000  below=0/3
t=713755  fraction=0.36000  peak_slope=2.242e-06  t_peak=144982  comparison cadence=289963  difference=0.04000  below=3/3
Stopping at t=713755.3629128231
Saved 124 remaining particles to /scratch/group/p.phy260085.000//Mass_Fraction/Outputs/Ejection_Results/remaining_particles_2145715_1.csv
t=535317  fraction=0.26000  peak_slope=2.062e-06  t_peak=144982  comparison cadence=289963  difference=0.06000  below=0/3
t=546469  fraction=0.26000  peak_slope=2.062e-06  t_peak=144982  comparison cadence=289963  difference=0.06000  below=0/3
t=557621  fraction=0.26500  peak_slope=2.062e-06  t_peak=144982  comparison cadence=289963  difference=0.06000  below=0/3
t=568774  fraction=0.26500  peak_slope=2.062e-06  t_peak=144982  comparison cadence=289963  difference=0.05000  below=0/3
t=579926  fraction=0.27000  peak_slope=2.062e-06  t_peak=144982  comparison cadence=289963  difference=0.04500  below=1/3
t=591079  fraction=0.27000  peak_slope=2.062e-06  t_peak=144982  comparison cadence=289963  difference=0.04000  below=2/3
t=602231  fraction=0.27000  peak_slope=2.062e-06  t_peak=144982  comparison cadence=289963  difference=0.03500  below=3/3
Stopping at t=602231.0874576945
Saved 142 remaining particles to /scratch/group/p.phy260085.000//Mass_Fraction/Outputs/Ejection_Results/remaining_particles_2145715_1.csv
