==========================================
Mass Fraction MPI Run
==========================================
Date:               Sat Sep 19 12:09:05 CDT 2026
Host:               ac050
Array job ID:       2145693
Array task ID:      0
MPI ranks:          4
CPUs per task:      1
Nodes allocated:    1
Python:             /scratch/user/u.hm357857/.conda/envs/comets/bin/python
Conda environment:  /scratch/user/u.hm357857/.conda/envs/comets
==========================================

2.166730074456617
1.0133642312459334
1.1595289418205514
2.012725613572087
0.8534117714610858
0.9137063670882062
0.6967549356166381
1.8126774634590395
0.8197153074392385
2.0673754902101176
1.0708297689543083
1.751923258696483
2.3012527995765657
1.7590323646710875
1.1124314226703784
1.8274164372699642
0.6902746430823308
0.8913343443069607
0.8005801432662298
0.6103305309053384
1.43647421289468
1.3913495787613992
2.0402335752470764
2.10719047613569
2.016561049971257
1.269403951287876
1.6432658273100411
1.1119528725005154
1.5916635456336627
1.1388756817042434
1.6395751723045024
1.658190051224874
1.0689475341212311
1.7370771179206206
1.2820026375150042
1.0309395439357363
1.6231887144616226
2.0934835402828513
2.3357653596836236
2.188660108301714
1.8080618367419066
1.743069884052702
1.55421908398008
2.0470051986142828
0.6590128088020796
0.598805854518127
0.6421087628814303
0.7560194846461936
1.5463374541600041
2.2082372451878465
1.177980317306908
2.4828971492208955
0.8035277774967025
0.7706888739261533
0.5057232611702427
0.8116393143011558
0.5531992480730912
0.9504138316771836
0.5838651525584382
0.6315418103111108
2.0721024547822866
1.4433493751878927
2.201234378024486
1.6390763720389556
2.1955993495403625
2.4493762998251443
1.8463893764285573
1.1858587162004703
0.8282793489542672
0.5674678138483288
0.7805621583877279
0.5769272187223103
1.4833077215223691
1.9932052506621138
2.375141127048658
1.6428763807041997
2.4238477410727564
1.4477437367381119
1.3939684717659628
2.35617530113688
0.8043333146848707
0.6844048174896205
0.8447810537042704
0.6917739180736067
1.436113165370194
2.2917796014114957
1.7002874897650204
1.895765334394848
2.28974115410552
1.6793488309126763
1.1424666954717226
1.4217154167016819
2.135868201956623
1.949114355595582
1.3806497792806016
2.3143280735563625
0.903898537048955
0.8286361380494405
0.8023487466851648
0.8771246963040658
0.5797852957046719
0.5413081843800477
0.9905599268027057
0.7581005055679036
0.9438200230193903
0.763227321470941
0.6400093993141823
0.6110494063974321
0.9214591012533992
0.9883081916386749
0.9207983100751147
0.7761726660602047
0.7261030019621266
0.820294647887758
0.8449077455231842
0.8270210415744883
1.0304113348253714
1.0060244559038758
1.8202104442888272
2.1288435567597386
1.801350521297631
1.8367531681159148
1.6161521850200709
2.3520465726638573
1.5563060595851068
2.4788159248301564
1.4016933807768313
1.6185669922137218
0.7303737764572759
0.9643874452732084
0.8737626516156894
0.6602448008697458
2.0570708659540067
1.433137653319371
1.1989716917436242
2.318713744758141
1.4351415285673093
1.8186195409668031
1.6633783773271382
2.0106772327788027
2.325115620873449
1.92792324827403
1.3660335227927918
1.4419366470701784
1.862242243617879
1.1256527972064219
2.1289774378258928
1.9220607853321703
0.7910895914937646
0.7884630175204876
0.681228781800908
0.8328089245567212
0.5555998917627567
0.8473321774068041
0.9827752921903785
0.9242119328862219
0.5583026099954467
0.783209496354663
0.8319707144379961
0.5171286747493241
1.8535958264304369
1.3705658673158818
1.7648060953721936
1.5322157147340163
0.6780625892885173
0.7434431804326331
0.6053427177435773
0.7029919980514537
1.1214500717048193
1.4275562104271473
1.946723600563391
1.1887103839565545
2.105747987073957
1.0604665506521465
1.8892426698239693
1.1218362134056066
0.9934856838805128
0.7471201721529066
0.8260354465573527
0.8237821678404749
1.1938820553561822
2.14636103363539
1.1599733412849074
1.3424689438944228
0.9945200818856239
0.925746430043905
0.8195178982578533
0.5930911547749849
0.8935403469103385
0.9089498126593811
0.7852861876848005
0.7820558395385844
1.725355233704341
2.3029683072693268
1.4941140568100997
2.31955255006419
1.7015111229425894
1.9496253171876725
2.4186826524365874
1.9271295826093184
0.7201425030772888
0.7425496275206556
0.9245709466071499
0.742353295758245
0.5807428867870046
0.6612728033937324
0.8012656145763091
0.6920014047786747
0.5450339481219275
0.9236369542031306
0.7412457462081252
0.9548199715478843
0.5442539897639112
0.7358930309121342
0.5583950658721311
0.572058303745058
2.2244120472084727
2.0432848861089266
2.135618514877605
1.9573625438455773
0.9085630731602481
0.8285124272749642
0.8206880404649615
0.9637756329023002
2.3767740245680384
1.3895384158523916
2.4893089217212045
1.5848834079178464
1.1086317966184684
1.7786859184432426
1.7694961541101701
1.1153522074775672
0.8494716666756538
0.9658908696267491
0.7400842819756894
0.5083053542864364
0.9553349887046417
0.516629018157525
0.5417171495728206
0.5331498722851352
1.144165842386532
1.4963880730933994
2.141961910927699
2.347652859602289
1.1390003196594125
2.332668362145421
2.1757994482172647
1.3854616508767006
2.052502961776133
1.9365598447382206
1.0617492611303851
1.3350891659543218
1.3137708228082792
2.2162013096513076
1.2534207436924492
1.6002157357449813
0.6559090349544712
0.5937641174665118
0.5411195181195251
0.6279010249036016
1.1334427854566231
1.5390486818888078
1.7455830696615124
1.9464109702178518
1.1342076818930102
1.8536977433251773
2.198885969979479
1.1362040040867172
0.6625307639182485
0.7108739782150741
0.5701391128751949
0.7775253849819257
1.0260176991790386
1.906655354985804
1.7286785072255886
2.08454212705276
0.8560263796235712
0.5853836360034979
0.7593814602303572
0.5284601936497402
2.1441130405485778
2.4995095258454354
1.2060077099279034
1.9922628182047242
0.5940562693248297
0.8915875458956257
0.6220136566857168
0.9886448598191415
1.4664659982033843
1.4769552518771627
2.060589233813128
2.3134584997079424
1.4403509291902559
2.3130409728355437
2.17429644701609
2.0322307191887043
1.361879125232872
1.7102053392563605
2.0712776577703735
1.2202232166724107
1.187788127996157
1.0583434173331594
2.1895979497169016
1.9241842590923792
2.007854127776044
1.3944509154746865
2.478613494026245
2.026118383895278
1.2600266535080058
2.0364563749137234
2.2837542785344285
1.2885677059380367
2.249670635952636
1.071881948552679
1.2162433488595457
2.15823845085853
1.2126531172428132
1.8438011405240886
1.89970102539109
1.8584451056305695
1.2377963234781653
1.1427149327311723
2.3181853372149677
1.5733867489651239
1.3795649716111371
2.4110104244562636
1.8806240933178318
2.397641998198858
0.7616576953422127
0.9342073270259919
0.774779639227788
0.8395317771726528
1.4432160639432263
1.6165124437245477
2.247909219794411
1.759998104697194
0.816142427742133
0.9931367445106125
0.8663176033333689
0.88275064133912
0.8983310111218552
0.8881471944149402
0.6349494068195225
0.6963911629662874
2.3545300473570867
2.443901505627396
2.1798405554549545
1.4604338383304127
0.5394487254160765
0.6149371871084565
0.8691302404466186
0.9757186384031138
0.6502502787603293
0.8508838798016249
0.9891788103909094
0.7827260717413627
1.808483942435365
1.8867604876523199
2.4230929170579905
1.2328450600259422
1.3482732261254604
1.2524197100335597
2.170580726604234
2.206373288992664
0.7300747200947222
0.9459890561418379
0.5750937317902562
0.964438197460683
0.8253712631511391
0.8304209186862554
0.9949266083968968
0.9053765952910832
2.081656286634644
1.0994245563303071
1.4773468457106134
1.561051584893452
1.1270515802820134
2.1215417423736147
1.4441959587181694
0.677461774661898
1.7606052332163984
0.5571435050281838
0.7702752861852621
1.8672383147879923
0.9480358075415785
2.1421331384578064
1.6727601439744295
0.9824029590414242
1.4659156721707016
0.9046692524666612
0.8400124926022331
0.5332277091004933
0.581192918993486
0.8611703071325933
0.6386143863134087
1.0629516552994103
0.6620142025502853
1.699610456174506
2.193332984089945
2.3478756679872514
1.0972743427973037
1.3398355411204672
1.7734351826813854
0.9656261877201827
2.471564146839072
0.507866672764653
0.9130913990312151
0.5515153590266051
0.6333736802373952
0.5215399421463709
0.6916785685429838
0.8973211107310859
0.524795473775685
0.9970949784737876
0.9916036662676827
0.6669871487377459
0.6045111739876106
0.916105647344434
0.820329114284564
2.437540542612567
0.5210389578060606
1.1549690705558677
1.6029136232315322
0.748407018809903
2.4949240299458273
0.7395797881990547
0.8723896711053776
0.8322361189414917
0.7803034896138374
0.7945897215178988
0.8129492444154568
0.9386232928528614
0.9744380522589791
0.6352485877777869
0.507063858502747
0.7943676321495672
0.7564572141078167
0.6291782942029105
0.9236175419039725
0.6556165407197077
0.6479416811795002
0.6602576003122342
0.9671984771423502
0.9577557119363203
0.7186763040101987
0.7652072203108866
0.8001322411723866
1.9818473829217225
0.8966474223974368
1.007975590174961
1.0984386710913352
0.6509644712950605
1.4382658632547836
0.6530716584275134
0.5155783948001929
1.040011409657587
0.8003951809146109
2.330600282643864
1.5660297989667553
0.8936364287783394
2.439528976771862
0.6437493492797531
0.8145911772400651
0.8274101132189882
0.5262443278603269
0.6803521373414898
0.7947157958494075
1.9604052303290747
0.8570188633504423
2.393876758552756
1.6871488580187006
2.2503395089654576
2.112791563337304
2.3442950600320724
1.6081712758052116
2.406623583460146
1.4580484035472892
2.157708704087732
1.7915682642659927
1.8728392603121389
2.2932725726948417
1.2818624599374098
1.8480333413391679
0.7870263982194586
1.5795381281329286
0.6751377631341966
0.8769282222246753
1.839113460272041
0.968399858674039
1.0067661858869759
1.060576880875486
1.4759673086451048
2.0337690326312483
1.7021810925086962
1.5043932004234946
1.532079058855471
1.1434638241191382
1.5242348668380699
2.472723294005386
0.9019053303692379
1.4918685309370967
0.5719306373663697
0.8454049220548074
1.940512377252968
0.7462474630685171
2.2250138246785607
1.228751880372809
0.7691644347039946
1.932468887480159
0.636021466761821
0.5523980725434369
1.4878352101471772
0.7162646027977572
1.2738878338411108
2.3886353648905367
0.7287728525138204
1.7537387080674998
0.8103069610275608
0.7675852911589336
1.9332204369128227
0.7586420688356921
2.3843106775026155
1.795482906202509
0.9220751360420718
2.4685711584847043
0.6056780953890608
0.7896541034672836
0.5162158820708405
0.7527384063097464
0.563984902658815
0.7729909204492577
1.8152596310569806
0.7601560079973573
1.0784353138149745
1.5437238836288012
0.979569283057432
1.1902531194516528
0.900006410271242
0.5056686605581018
1.4582593535271162
0.6275732626317034
1.3572006245853012
1.0262202233167976
1.9862773573205148
1.5945856351957082
1.9776249884486912
2.1958867718355357
0.8613230455758143
2.3879192883738654
0.747284712354058
0.7440485022523702
0.7540690844874993
0.6701768359262978
0.8307228068698552
0.7119770935938601
0.5593547996711565
0.9080189073187314
0.979139012793937
0.9313651288156668
1.9536215380457596
0.8071658701076607
1.3657258395373288
1.8598819592906723
1.6991349925176022
1.9448532534330143
1.2863242560759285
1.7153605768976814
1.8752204410034432
2.354622348069288
1.2711168779274573
2.388602773144102
1.4218367728910593
2.3376842317642277
1.9461191705667837
2.0148363494620494
0.9057744748328962
1.6816707468250818
0.5893680517725477
0.8381875160532712
0.8972589211885904
0.5098729454319898
0.8665790550005024
0.7918469035677738
2.4895231330340986
0.604354666574632
1.4853919271897094
1.27362550439395
0.5112027694292354
2.2373730188643854
0.5168003788068891
0.96164855385635
0.753955553926546
0.8321151299123747
0.677869311948658
0.9874353779019294
1.4827727632371448
0.7892128730353735
1.1458891198905
2.1842807227206045
0.5342061870120555
2.4931904635252526
0.894934952344412
0.8475731402119371
1.319639131807116
0.9452456779854276
1.3650615115151403
1.1868385023366872
1.0944138970854804
1.264401846076624
1.7468458139132976
1.3252351824557616
0.9168925658098135
1.8356402186274368
0.8049722809246808
0.5414514066304279
1.9328587281695278
0.7120840101319663
1.2175017671999442
1.6379782820460007
1.1906390349743474
1.3857189198650015
2.066751519476555
1.3482004866068633
2.4191435062843265
1.6102065638794438
1.9476555124854458
1.0198321175572735
1.9079206093797068
1.1608993899632862
1.7526348091460122
1.3919714745162826
0.6038558465389581
1.020282291046503
0.7685136560167682
0.6954941981517704
1.9267817904553182
0.539854442498127
1.5886789161073995
1.4181289162691475
1.0293089267184485
1.1832792476703993
1.350875423777625
1.571564802625234
1.2042063413511328
2.412553472629687
2.3035720388142678
1.5236036505852373
0.9710112668340172
1.861014523043548
0.7818870453878752
0.9474002244009383
1.573748524799194
0.7215114731976111
1.1261577011241153
2.2303230329241766
0.963584386028469
2.026055798645829
0.7857251249510933
0.7088144656564077
1.1267755892189035
0.9215536676082716
1.5876044961959002
1.9781310549698248
0.750411820115338
2.0857651640059047
0.5861186349851979
0.6280534940378419
1.5352598982159338
0.7215724140914954
1.9903479264070203
2.1096999512817285
1.3526020842936564
1.4956600941605172
1.4671323052678356
2.0618570889666863
1.766847697768461
1.438430999750939
2.1864003580184463
1.1821053223656348
0.5069282622572606
2.0625059216171615
0.7932598342747752
0.865388828736333
2.1557173534769745
0.8815841893319738
2.1431562350267925
1.3813152024032214
1.6973326720564161
1.0790807545317591
1.4221881340750464
2.236740840273778
2.4573289096133184
1.8000095806925513
1.591449666691139
2.2958847317432487
1.272670889848761
0.9294533482868378
0.7359440061002336
0.7638029794679213
0.579410327856745
0.7397804960274652
0.9901628227495274
0.6059812878526956
0.7523178554604972
0.8484477779514791
0.563905208975432
0.7187682182443678
0.5055451005791658
1.5275268925030692
2.4678820433982014
1.2655556288796086
2.1793904237161152
0.9666110279481344
0.7878286629809015
0.8742314851848638
0.8480346668080645
0.9818408751184688
0.537649241686151
0.5912181215795927
0.5062120872564886
0.7333610495151784
0.5309787000670239
0.5900863807569017
0.6769907148190988
0.9879556792869959
0.7401031673257965
0.7539043949658066
0.6858743993824654
1.7102792998512646
1.5735615088256751
1.616824588687012
1.0227918388556436
1.2676520562964377
2.0182710968571875
1.3552003972534026
1.5560649185716096
1.5599192078409667
1.4035868627680403
1.007471025366141
1.8997424637113767
0.8066106016820958
0.8073362127423704
0.5570893401707364
0.781935572906875
0.9952394850855181
0.8789405653286186
0.6694175358463235
0.6743030476561285
1.4629177233937691
2.0989319845912715
1.4143668975166293
2.348235740073431
0.6805330137795257
0.8859368553909899
0.6003073570835027
0.6754848590539837
0.8800736090662715
0.6744514587261463
0.8886765451323905
0.8758176343635864
0.7570324303550052
0.684893341342357
0.5753215824365501
0.6352189167333664
0.9974267643021599
0.6732793345093477
0.7997822173468461
0.8151368047230704
0.9221584306649129
0.6322243599087496
0.9908325374967379
0.7378223479517884
0.7491094997142351
0.8368264356407675
0.8745783318757101
0.7836421756818548
1.6396838788247445
2.317201088734233
2.116678414770476
1.1745479859550416
2.4418105124131104
2.251942239230943
2.292010840517162
1.433029976882338
2.3439959060784146
1.6237998437891332
1.428211824453514
1.7115378428965844
0.8136492085004325
0.8809240643291617
0.7526415499285234
0.5208142433589582
2.2971339546371663
1.125805927829313
2.484642792449293
2.062142181959838
1.6486545731056514
1.328962845972273
2.2359015528915798
1.4653864719186187
Running 200 simulations with 1 MPI ranks
Rank 0: 200 simulations
Running 200 simulations with 1 MPI ranks
Rank 0: 200 simulations
Running 200 simulations with 1 MPI ranks
Rank 0: 200 simulations
Running 200 simulations with 1 MPI ranks
Rank 0: 200 simulations
t=61692  fraction=0.44500  peak_slope=2.110e-05  t_peak=30846  comparison cadence=61692  difference=0.44500  below=0/3
t=62687  fraction=0.45000  peak_slope=2.110e-05  t_peak=30846  comparison cadence=61692  difference=0.45000  below=0/3
t=63682  fraction=0.45000  peak_slope=2.110e-05  t_peak=30846  comparison cadence=61692  difference=0.45000  below=0/3
t=64677  fraction=0.45500  peak_slope=2.110e-05  t_peak=30846  comparison cadence=61692  difference=0.45500  below=0/3
t=65672  fraction=0.45500  peak_slope=2.110e-05  t_peak=30846  comparison cadence=61692  difference=0.45500  below=0/3
t=66667  fraction=0.45500  peak_slope=2.110e-05  t_peak=30846  comparison cadence=61692  difference=0.45500  below=0/3
t=53732  fraction=0.40500  peak_slope=2.311e-05  t_peak=26866  comparison cadence=53732  difference=0.40500  below=0/3
t=55722  fraction=0.39500  peak_slope=2.110e-05  t_peak=27861  comparison cadence=55722  difference=0.39500  below=0/3
t=67663  fraction=0.46000  peak_slope=2.110e-05  t_peak=30846  comparison cadence=61692  difference=0.46000  below=0/3
t=54727  fraction=0.40500  peak_slope=2.311e-05  t_peak=26866  comparison cadence=53732  difference=0.40500  below=0/3
t=56717  fraction=0.40000  peak_slope=2.110e-05  t_peak=27861  comparison cadence=55722  difference=0.40000  below=0/3
t=68658  fraction=0.46500  peak_slope=2.110e-05  t_peak=30846  comparison cadence=61692  difference=0.46500  below=0/3
t=55722  fraction=0.41000  peak_slope=2.311e-05  t_peak=26866  comparison cadence=53732  difference=0.41000  below=0/3
t=57712  fraction=0.40500  peak_slope=2.110e-05  t_peak=27861  comparison cadence=55722  difference=0.40500  below=0/3
t=69653  fraction=0.47000  peak_slope=2.110e-05  t_peak=30846  comparison cadence=61692  difference=0.47000  below=0/3
t=56717  fraction=0.42000  peak_slope=2.311e-05  t_peak=26866  comparison cadence=53732  difference=0.42000  below=0/3
t=70648  fraction=0.47500  peak_slope=2.110e-05  t_peak=30846  comparison cadence=61692  difference=0.47500  below=0/3
t=58707  fraction=0.41500  peak_slope=2.110e-05  t_peak=27861  comparison cadence=55722  difference=0.41500  below=0/3
t=57712  fraction=0.43000  peak_slope=2.311e-05  t_peak=26866  comparison cadence=53732  difference=0.43000  below=0/3
t=71643  fraction=0.48000  peak_slope=2.110e-05  t_peak=30846  comparison cadence=61692  difference=0.48000  below=0/3
t=59702  fraction=0.42000  peak_slope=2.110e-05  t_peak=27861  comparison cadence=55722  difference=0.42000  below=0/3
t=72638  fraction=0.48000  peak_slope=2.110e-05  t_peak=30846  comparison cadence=61692  difference=0.48000  below=0/3
t=58707  fraction=0.44000  peak_slope=2.311e-05  t_peak=26866  comparison cadence=53732  difference=0.44000  below=0/3
t=60697  fraction=0.42000  peak_slope=2.110e-05  t_peak=27861  comparison cadence=55722  difference=0.42000  below=0/3
t=73633  fraction=0.49500  peak_slope=2.110e-05  t_peak=30846  comparison cadence=61692  difference=0.49500  below=0/3
t=59702  fraction=0.44500  peak_slope=2.311e-05  t_peak=26866  comparison cadence=53732  difference=0.44500  below=0/3
t=61692  fraction=0.43500  peak_slope=2.110e-05  t_peak=27861  comparison cadence=55722  difference=0.43500  below=0/3
t=74628  fraction=0.49500  peak_slope=2.110e-05  t_peak=30846  comparison cadence=61692  difference=0.49500  below=0/3
t=60697  fraction=0.45000  peak_slope=2.311e-05  t_peak=26866  comparison cadence=53732  difference=0.45000  below=0/3
t=62687  fraction=0.44000  peak_slope=2.110e-05  t_peak=27861  comparison cadence=55722  difference=0.44000  below=0/3
t=75623  fraction=0.49500  peak_slope=2.110e-05  t_peak=30846  comparison cadence=61692  difference=0.49500  below=0/3
t=61692  fraction=0.45500  peak_slope=2.311e-05  t_peak=26866  comparison cadence=53732  difference=0.45500  below=0/3
t=63682  fraction=0.44000  peak_slope=2.110e-05  t_peak=27861  comparison cadence=55722  difference=0.44000  below=0/3
t=76618  fraction=0.50000  peak_slope=2.110e-05  t_peak=30846  comparison cadence=61692  difference=0.50000  below=0/3
t=77613  fraction=0.51000  peak_slope=2.110e-05  t_peak=30846  comparison cadence=61692  difference=0.50500  below=0/3
t=64677  fraction=0.44000  peak_slope=2.110e-05  t_peak=27861  comparison cadence=55722  difference=0.44000  below=0/3
t=62687  fraction=0.45500  peak_slope=2.311e-05  t_peak=26866  comparison cadence=53732  difference=0.45500  below=0/3
t=59702  fraction=0.42500  peak_slope=2.110e-05  t_peak=29851  comparison cadence=59702  difference=0.42500  below=0/3
t=78608  fraction=0.51000  peak_slope=2.110e-05  t_peak=30846  comparison cadence=61692  difference=0.50500  below=0/3
t=65672  fraction=0.44500  peak_slope=2.110e-05  t_peak=27861  comparison cadence=55722  difference=0.44500  below=0/3
t=63682  fraction=0.45500  peak_slope=2.311e-05  t_peak=26866  comparison cadence=53732  difference=0.45500  below=0/3
t=60697  fraction=0.43000  peak_slope=2.110e-05  t_peak=29851  comparison cadence=59702  difference=0.43000  below=0/3
t=79603  fraction=0.51500  peak_slope=2.110e-05  t_peak=30846  comparison cadence=61692  difference=0.50500  below=0/3
t=66667  fraction=0.44500  peak_slope=2.110e-05  t_peak=27861  comparison cadence=55722  difference=0.44500  below=0/3
t=64677  fraction=0.46500  peak_slope=2.311e-05  t_peak=26866  comparison cadence=53732  difference=0.46500  below=0/3
t=80598  fraction=0.51500  peak_slope=2.110e-05  t_peak=30846  comparison cadence=61692  difference=0.48000  below=0/3
t=61692  fraction=0.43000  peak_slope=2.110e-05  t_peak=29851  comparison cadence=59702  difference=0.43000  below=0/3
t=67663  fraction=0.44500  peak_slope=2.110e-05  t_peak=27861  comparison cadence=55722  difference=0.44500  below=0/3
t=65672  fraction=0.47000  peak_slope=2.311e-05  t_peak=26866  comparison cadence=53732  difference=0.47000  below=0/3
t=81593  fraction=0.52000  peak_slope=2.110e-05  t_peak=30846  comparison cadence=61692  difference=0.46000  below=0/3
t=62687  fraction=0.44000  peak_slope=2.110e-05  t_peak=29851  comparison cadence=59702  difference=0.44000  below=0/3
t=68658  fraction=0.44500  peak_slope=2.110e-05  t_peak=27861  comparison cadence=55722  difference=0.44500  below=0/3
t=66667  fraction=0.48000  peak_slope=2.311e-05  t_peak=26866  comparison cadence=53732  difference=0.48000  below=0/3
t=82588  fraction=0.53000  peak_slope=2.110e-05  t_peak=30846  comparison cadence=61692  difference=0.46000  below=0/3
t=63682  fraction=0.44000  peak_slope=2.110e-05  t_peak=29851  comparison cadence=59702  difference=0.44000  below=0/3
t=69653  fraction=0.45000  peak_slope=2.110e-05  t_peak=27861  comparison cadence=55722  difference=0.45000  below=0/3
t=83583  fraction=0.53000  peak_slope=2.110e-05  t_peak=30846  comparison cadence=61692  difference=0.44500  below=0/3
t=67663  fraction=0.48000  peak_slope=2.311e-05  t_peak=26866  comparison cadence=53732  difference=0.48000  below=0/3
t=84578  fraction=0.53500  peak_slope=2.110e-05  t_peak=30846  comparison cadence=61692  difference=0.44500  below=0/3
t=70648  fraction=0.45500  peak_slope=2.110e-05  t_peak=27861  comparison cadence=55722  difference=0.45500  below=0/3
t=64677  fraction=0.44000  peak_slope=2.110e-05  t_peak=29851  comparison cadence=59702  difference=0.44000  below=0/3
t=68658  fraction=0.48000  peak_slope=2.311e-05  t_peak=26866  comparison cadence=53732  difference=0.48000  below=0/3
t=85573  fraction=0.54000  peak_slope=2.110e-05  t_peak=30846  comparison cadence=61692  difference=0.44500  below=0/3
t=71643  fraction=0.45500  peak_slope=2.110e-05  t_peak=27861  comparison cadence=55722  difference=0.45500  below=0/3
t=65672  fraction=0.44000  peak_slope=2.110e-05  t_peak=29851  comparison cadence=59702  difference=0.44000  below=0/3
t=69653  fraction=0.48000  peak_slope=2.311e-05  t_peak=26866  comparison cadence=53732  difference=0.48000  below=0/3
t=86568  fraction=0.55000  peak_slope=2.110e-05  t_peak=30846  comparison cadence=61692  difference=0.45500  below=0/3
t=72638  fraction=0.45500  peak_slope=2.110e-05  t_peak=27861  comparison cadence=55722  difference=0.44500  below=0/3
t=66667  fraction=0.44500  peak_slope=2.110e-05  t_peak=29851  comparison cadence=59702  difference=0.44500  below=0/3
t=70648  fraction=0.48000  peak_slope=2.311e-05  t_peak=26866  comparison cadence=53732  difference=0.48000  below=0/3
t=87563  fraction=0.55000  peak_slope=2.110e-05  t_peak=30846  comparison cadence=61692  difference=0.44000  below=0/3
t=73633  fraction=0.46000  peak_slope=2.110e-05  t_peak=27861  comparison cadence=55722  difference=0.45000  below=0/3
t=67663  fraction=0.45000  peak_slope=2.110e-05  t_peak=29851  comparison cadence=59702  difference=0.45000  below=0/3
t=88558  fraction=0.55000  peak_slope=2.110e-05  t_peak=30846  comparison cadence=61692  difference=0.42000  below=0/3
t=71643  fraction=0.48000  peak_slope=2.311e-05  t_peak=26866  comparison cadence=53732  difference=0.47500  below=0/3
t=74628  fraction=0.46000  peak_slope=2.110e-05  t_peak=27861  comparison cadence=55722  difference=0.43500  below=0/3
t=89553  fraction=0.55500  peak_slope=2.110e-05  t_peak=30846  comparison cadence=61692  difference=0.41000  below=0/3
t=68658  fraction=0.46000  peak_slope=2.110e-05  t_peak=29851  comparison cadence=59702  difference=0.46000  below=0/3
t=72638  fraction=0.48000  peak_slope=2.311e-05  t_peak=26866  comparison cadence=53732  difference=0.47000  below=0/3
t=75623  fraction=0.46000  peak_slope=2.110e-05  t_peak=27861  comparison cadence=55722  difference=0.41500  below=0/3
t=90548  fraction=0.56500  peak_slope=2.110e-05  t_peak=30846  comparison cadence=61692  difference=0.39500  below=0/3
t=73633  fraction=0.48500  peak_slope=2.311e-05  t_peak=26866  comparison cadence=53732  difference=0.46500  below=0/3
t=69653  fraction=0.46000  peak_slope=2.110e-05  t_peak=29851  comparison cadence=59702  difference=0.46000  below=0/3
t=76618  fraction=0.46000  peak_slope=2.110e-05  t_peak=27861  comparison cadence=55722  difference=0.41500  below=0/3
t=91543  fraction=0.56500  peak_slope=2.110e-05  t_peak=30846  comparison cadence=61692  difference=0.37500  below=0/3
t=74628  fraction=0.48500  peak_slope=2.311e-05  t_peak=26866  comparison cadence=53732  difference=0.46000  below=0/3
t=70648  fraction=0.46000  peak_slope=2.110e-05  t_peak=29851  comparison cadence=59702  difference=0.46000  below=0/3
t=92538  fraction=0.56500  peak_slope=2.110e-05  t_peak=30846  comparison cadence=61692  difference=0.35000  below=0/3
t=77613  fraction=0.46000  peak_slope=2.110e-05  t_peak=27861  comparison cadence=55722  difference=0.39500  below=0/3
t=93533  fraction=0.56500  peak_slope=2.110e-05  t_peak=30846  comparison cadence=61692  difference=0.34000  below=0/3
t=75623  fraction=0.48500  peak_slope=2.311e-05  t_peak=26866  comparison cadence=53732  difference=0.44500  below=0/3
t=71643  fraction=0.46500  peak_slope=2.110e-05  t_peak=29851  comparison cadence=59702  difference=0.46500  below=0/3
t=78608  fraction=0.46500  peak_slope=2.110e-05  t_peak=27861  comparison cadence=55722  difference=0.39500  below=0/3
t=94529  fraction=0.56500  peak_slope=2.110e-05  t_peak=30846  comparison cadence=61692  difference=0.32500  below=0/3
t=76618  fraction=0.48500  peak_slope=2.311e-05  t_peak=26866  comparison cadence=53732  difference=0.41500  below=0/3
t=79603  fraction=0.46500  peak_slope=2.110e-05  t_peak=27861  comparison cadence=55722  difference=0.37000  below=0/3
t=72638  fraction=0.46500  peak_slope=2.110e-05  t_peak=29851  comparison cadence=59702  difference=0.46500  below=0/3
t=95524  fraction=0.57000  peak_slope=2.110e-05  t_peak=30846  comparison cadence=61692  difference=0.31500  below=0/3
t=77613  fraction=0.49000  peak_slope=2.311e-05  t_peak=26866  comparison cadence=53732  difference=0.39500  below=0/3
t=80598  fraction=0.46500  peak_slope=2.110e-05  t_peak=27861  comparison cadence=55722  difference=0.34000  below=0/3
t=73633  fraction=0.46500  peak_slope=2.110e-05  t_peak=29851  comparison cadence=59702  difference=0.46500  below=0/3
t=96519  fraction=0.57000  peak_slope=2.110e-05  t_peak=30846  comparison cadence=61692  difference=0.30500  below=0/3
t=78608  fraction=0.49000  peak_slope=2.311e-05  t_peak=26866  comparison cadence=53732  difference=0.38000  below=0/3
t=81593  fraction=0.46500  peak_slope=2.110e-05  t_peak=27861  comparison cadence=55722  difference=0.32500  below=0/3
t=97514  fraction=0.57500  peak_slope=2.110e-05  t_peak=30846  comparison cadence=61692  difference=0.30000  below=0/3
t=74628  fraction=0.46500  peak_slope=2.110e-05  t_peak=29851  comparison cadence=59702  difference=0.46000  below=0/3
t=82588  fraction=0.46500  peak_slope=2.110e-05  t_peak=27861  comparison cadence=55722  difference=0.30000  below=0/3
t=79603  fraction=0.49000  peak_slope=2.311e-05  t_peak=26866  comparison cadence=53732  difference=0.36000  below=0/3
t=98509  fraction=0.58000  peak_slope=2.110e-05  t_peak=30846  comparison cadence=61692  difference=0.30000  below=0/3
t=75623  fraction=0.46500  peak_slope=2.110e-05  t_peak=29851  comparison cadence=59702  difference=0.45500  below=0/3
t=99504  fraction=0.58500  peak_slope=2.110e-05  t_peak=30846  comparison cadence=61692  difference=0.29000  below=0/3
t=83583  fraction=0.46500  peak_slope=2.110e-05  t_peak=27861  comparison cadence=55722  difference=0.29000  below=0/3
t=80598  fraction=0.50000  peak_slope=2.311e-05  t_peak=26866  comparison cadence=53732  difference=0.34500  below=0/3
t=76618  fraction=0.46500  peak_slope=2.110e-05  t_peak=29851  comparison cadence=59702  difference=0.45500  below=0/3
t=100499  fraction=0.58500  peak_slope=2.110e-05  t_peak=30846  comparison cadence=61692  difference=0.28000  below=0/3
t=84578  fraction=0.46500  peak_slope=2.110e-05  t_peak=27861  comparison cadence=55722  difference=0.28000  below=0/3
t=81593  fraction=0.51000  peak_slope=2.311e-05  t_peak=26866  comparison cadence=53732  difference=0.34500  below=0/3
t=77613  fraction=0.47000  peak_slope=2.110e-05  t_peak=29851  comparison cadence=59702  difference=0.46000  below=0/3
t=101494  fraction=0.58500  peak_slope=2.110e-05  t_peak=30846  comparison cadence=61692  difference=0.27500  below=0/3
t=85573  fraction=0.48000  peak_slope=2.110e-05  t_peak=27861  comparison cadence=55722  difference=0.29500  below=0/3
t=82588  fraction=0.51000  peak_slope=2.311e-05  t_peak=26866  comparison cadence=53732  difference=0.33000  below=0/3
t=102489  fraction=0.59500  peak_slope=2.110e-05  t_peak=30846  comparison cadence=61692  difference=0.27500  below=0/3
t=78608  fraction=0.47000  peak_slope=2.110e-05  t_peak=29851  comparison cadence=59702  difference=0.44000  below=0/3
t=86568  fraction=0.48000  peak_slope=2.110e-05  t_peak=27861  comparison cadence=55722  difference=0.29000  below=0/3
t=83583  fraction=0.51000  peak_slope=2.311e-05  t_peak=26866  comparison cadence=53732  difference=0.31000  below=0/3
t=103484  fraction=0.60000  peak_slope=2.110e-05  t_peak=30846  comparison cadence=61692  difference=0.27000  below=0/3
t=79603  fraction=0.47500  peak_slope=2.110e-05  t_peak=29851  comparison cadence=59702  difference=0.44000  below=0/3
t=87563  fraction=0.48000  peak_slope=2.110e-05  t_peak=27861  comparison cadence=55722  difference=0.29000  below=0/3
t=104479  fraction=0.60500  peak_slope=2.110e-05  t_peak=30846  comparison cadence=61692  difference=0.27000  below=0/3
t=84578  fraction=0.51000  peak_slope=2.311e-05  t_peak=26866  comparison cadence=53732  difference=0.28000  below=0/3
t=80598  fraction=0.48000  peak_slope=2.110e-05  t_peak=29851  comparison cadence=59702  difference=0.43000  below=0/3
t=88558  fraction=0.48500  peak_slope=2.110e-05  t_peak=27861  comparison cadence=55722  difference=0.28500  below=0/3
t=105474  fraction=0.60500  peak_slope=2.110e-05  t_peak=30846  comparison cadence=61692  difference=0.26500  below=0/3
t=85573  fraction=0.52000  peak_slope=2.311e-05  t_peak=26866  comparison cadence=53732  difference=0.26500  below=0/3
t=106469  fraction=0.60500  peak_slope=2.110e-05  t_peak=30846  comparison cadence=61692  difference=0.25000  below=0/3
t=81593  fraction=0.48000  peak_slope=2.110e-05  t_peak=29851  comparison cadence=59702  difference=0.43000  below=0/3
t=89553  fraction=0.49000  peak_slope=2.110e-05  t_peak=27861  comparison cadence=55722  difference=0.27500  below=0/3
t=86568  fraction=0.52000  peak_slope=2.311e-05  t_peak=26866  comparison cadence=53732  difference=0.26000  below=0/3
t=107464  fraction=0.60500  peak_slope=2.110e-05  t_peak=30846  comparison cadence=61692  difference=0.24500  below=0/3
t=90548  fraction=0.49500  peak_slope=2.110e-05  t_peak=27861  comparison cadence=55722  difference=0.25500  below=0/3
t=82588  fraction=0.48500  peak_slope=2.110e-05  t_peak=29851  comparison cadence=59702  difference=0.43000  below=0/3
t=87563  fraction=0.52500  peak_slope=2.311e-05  t_peak=26866  comparison cadence=53732  difference=0.25000  below=0/3
t=108459  fraction=0.60500  peak_slope=2.110e-05  t_peak=30846  comparison cadence=61692  difference=0.23500  below=0/3
t=91543  fraction=0.50000  peak_slope=2.110e-05  t_peak=27861  comparison cadence=55722  difference=0.25000  below=0/3
t=83583  fraction=0.48500  peak_slope=2.110e-05  t_peak=29851  comparison cadence=59702  difference=0.40000  below=0/3
t=109454  fraction=0.60500  peak_slope=2.110e-05  t_peak=30846  comparison cadence=61692  difference=0.23500  below=0/3
t=88558  fraction=0.52500  peak_slope=2.311e-05  t_peak=26866  comparison cadence=53732  difference=0.24500  below=0/3
t=92538  fraction=0.50000  peak_slope=2.110e-05  t_peak=27861  comparison cadence=55722  difference=0.23000  below=0/3
t=110449  fraction=0.61000  peak_slope=2.110e-05  t_peak=30846  comparison cadence=61692  difference=0.22500  below=0/3
t=84578  fraction=0.48500  peak_slope=2.110e-05  t_peak=29851  comparison cadence=59702  difference=0.40000  below=0/3
t=89553  fraction=0.52500  peak_slope=2.311e-05  t_peak=26866  comparison cadence=53732  difference=0.23500  below=0/3
t=93533  fraction=0.50000  peak_slope=2.110e-05  t_peak=27861  comparison cadence=55722  difference=0.22500  below=0/3
t=111444  fraction=0.61500  peak_slope=2.110e-05  t_peak=30846  comparison cadence=61692  difference=0.22000  below=0/3
t=85573  fraction=0.48500  peak_slope=2.110e-05  t_peak=29851  comparison cadence=59702  difference=0.38000  below=0/3
t=90548  fraction=0.52500  peak_slope=2.311e-05  t_peak=26866  comparison cadence=53732  difference=0.23000  below=0/3
t=112439  fraction=0.63500  peak_slope=2.110e-05  t_peak=30846  comparison cadence=61692  difference=0.23500  below=0/3
t=94529  fraction=0.50000  peak_slope=2.110e-05  t_peak=27861  comparison cadence=55722  difference=0.22500  below=0/3
t=86568  fraction=0.49000  peak_slope=2.110e-05  t_peak=29851  comparison cadence=59702  difference=0.37000  below=0/3
t=91543  fraction=0.53000  peak_slope=2.311e-05  t_peak=26866  comparison cadence=53732  difference=0.23000  below=0/3
t=113434  fraction=0.63500  peak_slope=2.110e-05  t_peak=30846  comparison cadence=61692  difference=0.23500  below=0/3
t=95524  fraction=0.50000  peak_slope=2.110e-05  t_peak=27861  comparison cadence=55722  difference=0.18500  below=0/3
t=114429  fraction=0.63500  peak_slope=2.110e-05  t_peak=30846  comparison cadence=61692  difference=0.22500  below=0/3
t=87563  fraction=0.49000  peak_slope=2.110e-05  t_peak=29851  comparison cadence=59702  difference=0.34000  below=0/3
t=92538  fraction=0.53000  peak_slope=2.311e-05  t_peak=26866  comparison cadence=53732  difference=0.22000  below=0/3
t=96519  fraction=0.50000  peak_slope=2.110e-05  t_peak=27861  comparison cadence=55722  difference=0.18000  below=0/3
t=115424  fraction=0.63500  peak_slope=2.110e-05  t_peak=30846  comparison cadence=61692  difference=0.22500  below=0/3
t=88558  fraction=0.49500  peak_slope=2.110e-05  t_peak=29851  comparison cadence=59702  difference=0.33500  below=0/3
t=93533  fraction=0.53000  peak_slope=2.311e-05  t_peak=26866  comparison cadence=53732  difference=0.21500  below=0/3
t=97514  fraction=0.50000  peak_slope=2.110e-05  t_peak=27861  comparison cadence=55722  difference=0.18000  below=0/3
t=116419  fraction=0.63500  peak_slope=2.110e-05  t_peak=30846  comparison cadence=61692  difference=0.21500  below=0/3
t=94529  fraction=0.53000  peak_slope=2.311e-05  t_peak=26866  comparison cadence=53732  difference=0.21000  below=0/3
t=89553  fraction=0.50000  peak_slope=2.110e-05  t_peak=29851  comparison cadence=59702  difference=0.31000  below=0/3
t=98509  fraction=0.50500  peak_slope=2.110e-05  t_peak=27861  comparison cadence=55722  difference=0.17000  below=0/3
t=117414  fraction=0.63500  peak_slope=2.110e-05  t_peak=30846  comparison cadence=61692  difference=0.21500  below=0/3
t=118409  fraction=0.63500  peak_slope=2.110e-05  t_peak=30846  comparison cadence=61692  difference=0.21000  below=0/3
t=99504  fraction=0.50500  peak_slope=2.110e-05  t_peak=27861  comparison cadence=55722  difference=0.16500  below=0/3
t=95524  fraction=0.53500  peak_slope=2.311e-05  t_peak=26866  comparison cadence=53732  difference=0.20500  below=0/3
t=90548  fraction=0.50000  peak_slope=2.110e-05  t_peak=29851  comparison cadence=59702  difference=0.29500  below=0/3
t=119404  fraction=0.63500  peak_slope=2.110e-05  t_peak=30846  comparison cadence=61692  difference=0.21000  below=0/3
t=100499  fraction=0.50500  peak_slope=2.110e-05  t_peak=27861  comparison cadence=55722  difference=0.16000  below=0/3
t=96519  fraction=0.54000  peak_slope=2.311e-05  t_peak=26866  comparison cadence=53732  difference=0.20000  below=0/3
t=91543  fraction=0.50000  peak_slope=2.110e-05  t_peak=29851  comparison cadence=59702  difference=0.28500  below=0/3
t=120400  fraction=0.63500  peak_slope=2.110e-05  t_peak=30846  comparison cadence=61692  difference=0.20000  below=0/3
t=101494  fraction=0.51000  peak_slope=2.110e-05  t_peak=27861  comparison cadence=55722  difference=0.16000  below=0/3
t=97514  fraction=0.54000  peak_slope=2.311e-05  t_peak=26866  comparison cadence=53732  difference=0.20000  below=0/3
t=92538  fraction=0.50000  peak_slope=2.110e-05  t_peak=29851  comparison cadence=59702  difference=0.28000  below=0/3
t=121395  fraction=0.64000  peak_slope=2.110e-05  t_peak=30846  comparison cadence=61692  difference=0.20500  below=0/3
t=102489  fraction=0.51000  peak_slope=2.110e-05  t_peak=27861  comparison cadence=55722  difference=0.15500  below=0/3
t=122390  fraction=0.64000  peak_slope=2.110e-05  t_peak=30846  comparison cadence=61692  difference=0.20500  below=0/3
t=98509  fraction=0.54000  peak_slope=2.311e-05  t_peak=26866  comparison cadence=53732  difference=0.20000  below=0/3
t=93533  fraction=0.50000  peak_slope=2.110e-05  t_peak=29851  comparison cadence=59702  difference=0.28000  below=0/3
t=103484  fraction=0.51000  peak_slope=2.110e-05  t_peak=27861  comparison cadence=55722  difference=0.15000  below=0/3
t=123385  fraction=0.64500  peak_slope=2.110e-05  t_peak=30846  comparison cadence=61692  difference=0.20000  below=0/3
t=99504  fraction=0.54000  peak_slope=2.311e-05  t_peak=26866  comparison cadence=53732  difference=0.20000  below=0/3
t=94529  fraction=0.50000  peak_slope=2.110e-05  t_peak=29851  comparison cadence=59702  difference=0.27000  below=0/3
t=124380  fraction=0.64500  peak_slope=2.110e-05  t_peak=30846  comparison cadence=61692  difference=0.19500  below=0/3
t=104479  fraction=0.51000  peak_slope=2.110e-05  t_peak=27861  comparison cadence=55722  difference=0.14500  below=0/3
t=100499  fraction=0.54000  peak_slope=2.311e-05  t_peak=26866  comparison cadence=53732  difference=0.20000  below=0/3
t=125375  fraction=0.64500  peak_slope=2.110e-05  t_peak=30846  comparison cadence=61692  difference=0.19500  below=0/3
t=95524  fraction=0.50000  peak_slope=2.110e-05  t_peak=29851  comparison cadence=59702  difference=0.26000  below=0/3
t=105474  fraction=0.51000  peak_slope=2.110e-05  t_peak=27861  comparison cadence=55722  difference=0.14000  below=0/3
t=101494  fraction=0.54500  peak_slope=2.311e-05  t_peak=26866  comparison cadence=53732  difference=0.18500  below=0/3
t=126370  fraction=0.64500  peak_slope=2.110e-05  t_peak=30846  comparison cadence=61692  difference=0.19000  below=0/3
t=96519  fraction=0.50000  peak_slope=2.110e-05  t_peak=29851  comparison cadence=59702  difference=0.25500  below=0/3
t=106469  fraction=0.51000  peak_slope=2.110e-05  t_peak=27861  comparison cadence=55722  difference=0.14000  below=0/3
t=127365  fraction=0.64500  peak_slope=2.110e-05  t_peak=30846  comparison cadence=61692  difference=0.19000  below=0/3
t=102489  fraction=0.54500  peak_slope=2.311e-05  t_peak=26866  comparison cadence=53732  difference=0.18000  below=0/3
t=97514  fraction=0.50500  peak_slope=2.110e-05  t_peak=29851  comparison cadence=59702  difference=0.23500  below=0/3
t=107464  fraction=0.51000  peak_slope=2.110e-05  t_peak=27861  comparison cadence=55722  difference=0.13500  below=0/3
t=128360  fraction=0.64500  peak_slope=2.110e-05  t_peak=30846  comparison cadence=61692  difference=0.19000  below=0/3
t=103484  fraction=0.55000  peak_slope=2.311e-05  t_peak=26866  comparison cadence=53732  difference=0.18000  below=0/3
t=129355  fraction=0.64500  peak_slope=2.110e-05  t_peak=30846  comparison cadence=61692  difference=0.18500  below=0/3
t=108459  fraction=0.51000  peak_slope=2.110e-05  t_peak=27861  comparison cadence=55722  difference=0.13000  below=0/3
t=98509  fraction=0.50500  peak_slope=2.110e-05  t_peak=29851  comparison cadence=59702  difference=0.22500  below=0/3
t=104479  fraction=0.55500  peak_slope=2.311e-05  t_peak=26866  comparison cadence=53732  difference=0.17000  below=0/3
t=130350  fraction=0.64500  peak_slope=2.110e-05  t_peak=30846  comparison cadence=61692  difference=0.18000  below=0/3
t=109454  fraction=0.51000  peak_slope=2.110e-05  t_peak=27861  comparison cadence=55722  difference=0.11500  below=0/3
t=99504  fraction=0.50500  peak_slope=2.110e-05  t_peak=29851  comparison cadence=59702  difference=0.21500  below=0/3
t=131345  fraction=0.64500  peak_slope=2.110e-05  t_peak=30846  comparison cadence=61692  difference=0.17500  below=0/3
t=105474  fraction=0.55500  peak_slope=2.311e-05  t_peak=26866  comparison cadence=53732  difference=0.16000  below=0/3
t=110449  fraction=0.51500  peak_slope=2.110e-05  t_peak=27861  comparison cadence=55722  difference=0.12000  below=0/3
t=100499  fraction=0.51000  peak_slope=2.110e-05  t_peak=29851  comparison cadence=59702  difference=0.22000  below=0/3
t=132340  fraction=0.64500  peak_slope=2.110e-05  t_peak=30846  comparison cadence=61692  difference=0.17000  below=0/3
t=106469  fraction=0.55500  peak_slope=2.311e-05  t_peak=26866  comparison cadence=53732  difference=0.16000  below=0/3
t=111444  fraction=0.51500  peak_slope=2.110e-05  t_peak=27861  comparison cadence=55722  difference=0.12000  below=0/3
t=133335  fraction=0.64500  peak_slope=2.110e-05  t_peak=30846  comparison cadence=61692  difference=0.16500  below=0/3
t=101494  fraction=0.52000  peak_slope=2.110e-05  t_peak=29851  comparison cadence=59702  difference=0.22000  below=0/3
t=107464  fraction=0.55500  peak_slope=2.311e-05  t_peak=26866  comparison cadence=53732  difference=0.15000  below=0/3
t=112439  fraction=0.52000  peak_slope=2.110e-05  t_peak=27861  comparison cadence=55722  difference=0.12000  below=0/3
t=134330  fraction=0.64500  peak_slope=2.110e-05  t_peak=30846  comparison cadence=61692  difference=0.16500  below=0/3
t=102489  fraction=0.52000  peak_slope=2.110e-05  t_peak=29851  comparison cadence=59702  difference=0.20500  below=0/3
t=135325  fraction=0.65000  peak_slope=2.110e-05  t_peak=30846  comparison cadence=61692  difference=0.15500  below=0/3
t=108459  fraction=0.55500  peak_slope=2.311e-05  t_peak=26866  comparison cadence=53732  difference=0.15000  below=0/3
t=113434  fraction=0.52000  peak_slope=2.110e-05  t_peak=27861  comparison cadence=55722  difference=0.11500  below=0/3
t=103484  fraction=0.52000  peak_slope=2.110e-05  t_peak=29851  comparison cadence=59702  difference=0.20000  below=0/3
t=136320  fraction=0.65000  peak_slope=2.110e-05  t_peak=30846  comparison cadence=61692  difference=0.15500  below=0/3
t=114429  fraction=0.52000  peak_slope=2.110e-05  t_peak=27861  comparison cadence=55722  difference=0.10500  below=0/3
t=109454  fraction=0.55500  peak_slope=2.311e-05  t_peak=26866  comparison cadence=53732  difference=0.14500  below=0/3
t=137315  fraction=0.65000  peak_slope=2.110e-05  t_peak=30846  comparison cadence=61692  difference=0.15500  below=0/3
t=104479  fraction=0.52000  peak_slope=2.110e-05  t_peak=29851  comparison cadence=59702  difference=0.19500  below=0/3
t=115424  fraction=0.52500  peak_slope=2.110e-05  t_peak=27861  comparison cadence=55722  difference=0.10500  below=0/3
t=110449  fraction=0.55500  peak_slope=2.311e-05  t_peak=26866  comparison cadence=53732  difference=0.13500  below=0/3
t=138310  fraction=0.65000  peak_slope=2.110e-05  t_peak=30846  comparison cadence=61692  difference=0.15000  below=0/3
t=105474  fraction=0.52000  peak_slope=2.110e-05  t_peak=29851  comparison cadence=59702  difference=0.18500  below=0/3
t=116419  fraction=0.52500  peak_slope=2.110e-05  t_peak=27861  comparison cadence=55722  difference=0.10500  below=0/3
t=111444  fraction=0.55500  peak_slope=2.311e-05  t_peak=26866  comparison cadence=53732  difference=0.12500  below=0/3
t=139305  fraction=0.65000  peak_slope=2.110e-05  t_peak=30846  comparison cadence=61692  difference=0.14000  below=0/3
t=117414  fraction=0.52500  peak_slope=2.110e-05  t_peak=27861  comparison cadence=55722  difference=0.09000  below=0/3
t=106469  fraction=0.52000  peak_slope=2.110e-05  t_peak=29851  comparison cadence=59702  difference=0.16000  below=0/3
t=140300  fraction=0.65500  peak_slope=2.110e-05  t_peak=30846  comparison cadence=61692  difference=0.14500  below=0/3
t=112439  fraction=0.56500  peak_slope=2.311e-05  t_peak=26866  comparison cadence=53732  difference=0.12500  below=0/3
t=141295  fraction=0.65500  peak_slope=2.110e-05  t_peak=30846  comparison cadence=61692  difference=0.14000  below=0/3
t=118409  fraction=0.52500  peak_slope=2.110e-05  t_peak=27861  comparison cadence=55722  difference=0.08500  below=0/3
t=107464  fraction=0.52000  peak_slope=2.110e-05  t_peak=29851  comparison cadence=59702  difference=0.15500  below=0/3
t=113434  fraction=0.56500  peak_slope=2.311e-05  t_peak=26866  comparison cadence=53732  difference=0.12000  below=0/3
t=142290  fraction=0.65500  peak_slope=2.110e-05  t_peak=30846  comparison cadence=61692  difference=0.14000  below=0/3
t=119404  fraction=0.52500  peak_slope=2.110e-05  t_peak=27861  comparison cadence=55722  difference=0.08500  below=0/3
t=114429  fraction=0.56500  peak_slope=2.311e-05  t_peak=26866  comparison cadence=53732  difference=0.11500  below=0/3
t=108459  fraction=0.52000  peak_slope=2.110e-05  t_peak=29851  comparison cadence=59702  difference=0.15000  below=0/3
t=143285  fraction=0.65500  peak_slope=2.110e-05  t_peak=30846  comparison cadence=61692  difference=0.13500  below=0/3
t=120400  fraction=0.52500  peak_slope=2.110e-05  t_peak=27861  comparison cadence=55722  difference=0.08500  below=0/3
t=115424  fraction=0.56500  peak_slope=2.311e-05  t_peak=26866  comparison cadence=53732  difference=0.11000  below=0/3
t=109454  fraction=0.52500  peak_slope=2.110e-05  t_peak=29851  comparison cadence=59702  difference=0.15500  below=0/3
t=144280  fraction=0.65500  peak_slope=2.110e-05  t_peak=30846  comparison cadence=61692  difference=0.12500  below=0/3
t=121395  fraction=0.52500  peak_slope=2.110e-05  t_peak=27861  comparison cadence=55722  difference=0.08000  below=0/3
t=145275  fraction=0.65500  peak_slope=2.110e-05  t_peak=30846  comparison cadence=61692  difference=0.12500  below=0/3
t=116419  fraction=0.56500  peak_slope=2.311e-05  t_peak=26866  comparison cadence=53732  difference=0.11000  below=0/3
t=110449  fraction=0.52500  peak_slope=2.110e-05  t_peak=29851  comparison cadence=59702  difference=0.15500  below=0/3
t=122390  fraction=0.52500  peak_slope=2.110e-05  t_peak=27861  comparison cadence=55722  difference=0.08000  below=0/3
t=146270  fraction=0.65500  peak_slope=2.110e-05  t_peak=30846  comparison cadence=61692  difference=0.12000  below=0/3
t=117414  fraction=0.56500  peak_slope=2.311e-05  t_peak=26866  comparison cadence=53732  difference=0.11000  below=0/3
t=111444  fraction=0.52500  peak_slope=2.110e-05  t_peak=29851  comparison cadence=59702  difference=0.14000  below=0/3
t=147266  fraction=0.65500  peak_slope=2.110e-05  t_peak=30846  comparison cadence=61692  difference=0.11500  below=0/3
t=123385  fraction=0.52500  peak_slope=2.110e-05  t_peak=27861  comparison cadence=55722  difference=0.08000  below=0/3
t=118409  fraction=0.56500  peak_slope=2.311e-05  t_peak=26866  comparison cadence=53732  difference=0.10000  below=0/3
t=148261  fraction=0.65500  peak_slope=2.110e-05  t_peak=30846  comparison cadence=61692  difference=0.10500  below=0/3
t=112439  fraction=0.52500  peak_slope=2.110e-05  t_peak=29851  comparison cadence=59702  difference=0.14000  below=0/3
t=124380  fraction=0.52500  peak_slope=2.110e-05  t_peak=27861  comparison cadence=55722  difference=0.08000  below=0/3
t=119404  fraction=0.56500  peak_slope=2.311e-05  t_peak=26866  comparison cadence=53732  difference=0.09500  below=0/3
t=149256  fraction=0.66000  peak_slope=2.110e-05  t_peak=30846  comparison cadence=61692  difference=0.11000  below=0/3
t=113434  fraction=0.52500  peak_slope=2.110e-05  t_peak=29851  comparison cadence=59702  difference=0.13500  below=0/3
t=125375  fraction=0.52500  peak_slope=2.110e-05  t_peak=27861  comparison cadence=55722  difference=0.07500  below=0/3
t=150251  fraction=0.66000  peak_slope=2.110e-05  t_peak=30846  comparison cadence=61692  difference=0.11000  below=0/3
t=120400  fraction=0.56500  peak_slope=2.311e-05  t_peak=26866  comparison cadence=53732  difference=0.08500  below=0/3
t=126370  fraction=0.52500  peak_slope=2.110e-05  t_peak=27861  comparison cadence=55722  difference=0.07000  below=0/3
t=114429  fraction=0.52500  peak_slope=2.110e-05  t_peak=29851  comparison cadence=59702  difference=0.12000  below=0/3
t=151246  fraction=0.66000  peak_slope=2.110e-05  t_peak=30846  comparison cadence=61692  difference=0.10500  below=0/3
t=121395  fraction=0.56500  peak_slope=2.311e-05  t_peak=26866  comparison cadence=53732  difference=0.08500  below=0/3
t=127365  fraction=0.52500  peak_slope=2.110e-05  t_peak=27861  comparison cadence=55722  difference=0.07000  below=0/3
t=152241  fraction=0.66000  peak_slope=2.110e-05  t_peak=30846  comparison cadence=61692  difference=0.09500  below=0/3
t=115424  fraction=0.52500  peak_slope=2.110e-05  t_peak=29851  comparison cadence=59702  difference=0.11500  below=0/3
t=122390  fraction=0.56500  peak_slope=2.311e-05  t_peak=26866  comparison cadence=53732  difference=0.08500  below=0/3
t=153236  fraction=0.66000  peak_slope=2.110e-05  t_peak=30846  comparison cadence=61692  difference=0.09500  below=0/3
t=128360  fraction=0.52500  peak_slope=2.110e-05  t_peak=27861  comparison cadence=55722  difference=0.07000  below=0/3
t=116419  fraction=0.52500  peak_slope=2.110e-05  t_peak=29851  comparison cadence=59702  difference=0.11500  below=0/3
t=154231  fraction=0.66000  peak_slope=2.110e-05  t_peak=30846  comparison cadence=61692  difference=0.09500  below=0/3
t=123385  fraction=0.56500  peak_slope=2.311e-05  t_peak=26866  comparison cadence=53732  difference=0.08500  below=0/3
t=129355  fraction=0.52500  peak_slope=2.110e-05  t_peak=27861  comparison cadence=55722  difference=0.06500  below=0/3
t=117414  fraction=0.52500  peak_slope=2.110e-05  t_peak=29851  comparison cadence=59702  difference=0.10500  below=0/3
t=155226  fraction=0.66000  peak_slope=2.110e-05  t_peak=30846  comparison cadence=61692  difference=0.09500  below=0/3
t=124380  fraction=0.56500  peak_slope=2.311e-05  t_peak=26866  comparison cadence=53732  difference=0.08500  below=0/3
t=130350  fraction=0.52500  peak_slope=2.110e-05  t_peak=27861  comparison cadence=55722  difference=0.06500  below=0/3
t=156221  fraction=0.66000  peak_slope=2.110e-05  t_peak=30846  comparison cadence=61692  difference=0.09500  below=0/3
t=118409  fraction=0.52500  peak_slope=2.110e-05  t_peak=29851  comparison cadence=59702  difference=0.10500  below=0/3
t=131345  fraction=0.52500  peak_slope=2.110e-05  t_peak=27861  comparison cadence=55722  difference=0.06500  below=0/3
t=125375  fraction=0.56500  peak_slope=2.311e-05  t_peak=26866  comparison cadence=53732  difference=0.08500  below=0/3
t=157216  fraction=0.66000  peak_slope=2.110e-05  t_peak=30846  comparison cadence=61692  difference=0.09000  below=0/3
t=119404  fraction=0.52500  peak_slope=2.110e-05  t_peak=29851  comparison cadence=59702  difference=0.10000  below=0/3
t=132340  fraction=0.53500  peak_slope=2.110e-05  t_peak=27861  comparison cadence=55722  difference=0.07500  below=0/3
t=158211  fraction=0.66500  peak_slope=2.110e-05  t_peak=30846  comparison cadence=61692  difference=0.09500  below=0/3
t=126370  fraction=0.57000  peak_slope=2.311e-05  t_peak=26866  comparison cadence=53732  difference=0.09000  below=0/3
t=120400  fraction=0.52500  peak_slope=2.110e-05  t_peak=29851  comparison cadence=59702  difference=0.09500  below=0/3
t=159206  fraction=0.66500  peak_slope=2.110e-05  t_peak=30846  comparison cadence=61692  difference=0.09000  below=0/3
t=133335  fraction=0.54000  peak_slope=2.110e-05  t_peak=27861  comparison cadence=55722  difference=0.08000  below=0/3
t=127365  fraction=0.57000  peak_slope=2.311e-05  t_peak=26866  comparison cadence=53732  difference=0.08500  below=0/3
t=160201  fraction=0.66500  peak_slope=2.110e-05  t_peak=30846  comparison cadence=61692  difference=0.08500  below=0/3
t=121395  fraction=0.53000  peak_slope=2.110e-05  t_peak=29851  comparison cadence=59702  difference=0.10000  below=0/3
t=134330  fraction=0.54000  peak_slope=2.110e-05  t_peak=27861  comparison cadence=55722  difference=0.07500  below=0/3
t=128360  fraction=0.57000  peak_slope=2.311e-05  t_peak=26866  comparison cadence=53732  difference=0.08500  below=0/3
t=161196  fraction=0.66500  peak_slope=2.110e-05  t_peak=30846  comparison cadence=61692  difference=0.08000  below=0/3
t=122390  fraction=0.53000  peak_slope=2.110e-05  t_peak=29851  comparison cadence=59702  difference=0.09000  below=0/3
t=135325  fraction=0.54000  peak_slope=2.110e-05  t_peak=27861  comparison cadence=55722  difference=0.07500  below=0/3
t=129355  fraction=0.57000  peak_slope=2.311e-05  t_peak=26866  comparison cadence=53732  difference=0.08500  below=0/3
t=162191  fraction=0.66500  peak_slope=2.110e-05  t_peak=30846  comparison cadence=61692  difference=0.08000  below=0/3
t=136320  fraction=0.54000  peak_slope=2.110e-05  t_peak=27861  comparison cadence=55722  difference=0.07500  below=0/3
t=123385  fraction=0.53000  peak_slope=2.110e-05  t_peak=29851  comparison cadence=59702  difference=0.09000  below=0/3
t=163186  fraction=0.66500  peak_slope=2.110e-05  t_peak=30846  comparison cadence=61692  difference=0.08000  below=0/3
t=130350  fraction=0.57000  peak_slope=2.311e-05  t_peak=26866  comparison cadence=53732  difference=0.08500  below=0/3
t=137315  fraction=0.54000  peak_slope=2.110e-05  t_peak=27861  comparison cadence=55722  difference=0.07500  below=0/3
t=164181  fraction=0.66500  peak_slope=2.110e-05  t_peak=30846  comparison cadence=61692  difference=0.07000  below=0/3
t=124380  fraction=0.53000  peak_slope=2.110e-05  t_peak=29851  comparison cadence=59702  difference=0.09000  below=0/3
t=131345  fraction=0.57000  peak_slope=2.311e-05  t_peak=26866  comparison cadence=53732  difference=0.08000  below=0/3
t=165176  fraction=0.66500  peak_slope=2.110e-05  t_peak=30846  comparison cadence=61692  difference=0.06500  below=0/3
t=138310  fraction=0.54500  peak_slope=2.110e-05  t_peak=27861  comparison cadence=55722  difference=0.08000  below=0/3
t=125375  fraction=0.53500  peak_slope=2.110e-05  t_peak=29851  comparison cadence=59702  difference=0.09500  below=0/3
t=132340  fraction=0.57000  peak_slope=2.311e-05  t_peak=26866  comparison cadence=53732  difference=0.08000  below=0/3
t=166171  fraction=0.66500  peak_slope=2.110e-05  t_peak=30846  comparison cadence=61692  difference=0.06000  below=0/3
t=139305  fraction=0.54500  peak_slope=2.110e-05  t_peak=27861  comparison cadence=55722  difference=0.08000  below=0/3
t=126370  fraction=0.53500  peak_slope=2.110e-05  t_peak=29851  comparison cadence=59702  difference=0.09000  below=0/3
t=133335  fraction=0.57000  peak_slope=2.311e-05  t_peak=26866  comparison cadence=53732  difference=0.08000  below=0/3
t=167166  fraction=0.66500  peak_slope=2.110e-05  t_peak=30846  comparison cadence=61692  difference=0.06000  below=0/3
t=140300  fraction=0.54500  peak_slope=2.110e-05  t_peak=27861  comparison cadence=55722  difference=0.08000  below=0/3
t=168161  fraction=0.66500  peak_slope=2.110e-05  t_peak=30846  comparison cadence=61692  difference=0.06000  below=0/3
t=127365  fraction=0.53500  peak_slope=2.110e-05  t_peak=29851  comparison cadence=59702  difference=0.08500  below=0/3
t=134330  fraction=0.57000  peak_slope=2.311e-05  t_peak=26866  comparison cadence=53732  difference=0.07000  below=0/3
t=141295  fraction=0.54500  peak_slope=2.110e-05  t_peak=27861  comparison cadence=55722  difference=0.06500  below=0/3
t=169156  fraction=0.66500  peak_slope=2.110e-05  t_peak=30846  comparison cadence=61692  difference=0.06000  below=0/3
t=128360  fraction=0.53500  peak_slope=2.110e-05  t_peak=29851  comparison cadence=59702  difference=0.07500  below=0/3
t=135325  fraction=0.57000  peak_slope=2.311e-05  t_peak=26866  comparison cadence=53732  difference=0.06000  below=0/3
t=170151  fraction=0.66500  peak_slope=2.110e-05  t_peak=30846  comparison cadence=61692  difference=0.06000  below=0/3
t=142290  fraction=0.54500  peak_slope=2.110e-05  t_peak=27861  comparison cadence=55722  difference=0.06500  below=0/3
t=129355  fraction=0.53500  peak_slope=2.110e-05  t_peak=29851  comparison cadence=59702  difference=0.07500  below=0/3
t=136320  fraction=0.57000  peak_slope=2.311e-05  t_peak=26866  comparison cadence=53732  difference=0.06000  below=0/3
t=171146  fraction=0.66500  peak_slope=2.110e-05  t_peak=30846  comparison cadence=61692  difference=0.06000  below=0/3
t=143285  fraction=0.54500  peak_slope=2.110e-05  t_peak=27861  comparison cadence=55722  difference=0.06500  below=0/3
t=130350  fraction=0.53500  peak_slope=2.110e-05  t_peak=29851  comparison cadence=59702  difference=0.07500  below=0/3
t=172141  fraction=0.66500  peak_slope=2.110e-05  t_peak=30846  comparison cadence=61692  difference=0.05500  below=0/3
t=137315  fraction=0.57000  peak_slope=2.311e-05  t_peak=26866  comparison cadence=53732  difference=0.06000  below=0/3
t=144280  fraction=0.54500  peak_slope=2.110e-05  t_peak=27861  comparison cadence=55722  difference=0.06000  below=0/3
t=173136  fraction=0.66500  peak_slope=2.110e-05  t_peak=30846  comparison cadence=61692  difference=0.05000  below=0/3
t=131345  fraction=0.54000  peak_slope=2.110e-05  t_peak=29851  comparison cadence=59702  difference=0.07500  below=0/3
t=138310  fraction=0.57000  peak_slope=2.311e-05  t_peak=26866  comparison cadence=53732  difference=0.06000  below=0/3
t=145275  fraction=0.54500  peak_slope=2.110e-05  t_peak=27861  comparison cadence=55722  difference=0.05500  below=0/3
t=174132  fraction=0.66500  peak_slope=2.110e-05  t_peak=30846  comparison cadence=61692  difference=0.03000  below=1/3
t=132340  fraction=0.54000  peak_slope=2.110e-05  t_peak=29851  comparison cadence=59702  difference=0.07500  below=0/3
t=139305  fraction=0.57000  peak_slope=2.311e-05  t_peak=26866  comparison cadence=53732  difference=0.05000  below=1/3
t=146270  fraction=0.54500  peak_slope=2.110e-05  t_peak=27861  comparison cadence=55722  difference=0.05000  below=0/3
t=175127  fraction=0.66500  peak_slope=2.110e-05  t_peak=30846  comparison cadence=61692  difference=0.03000  below=2/3
t=133335  fraction=0.54000  peak_slope=2.110e-05  t_peak=29851  comparison cadence=59702  difference=0.07500  below=0/3
t=140300  fraction=0.57000  peak_slope=2.311e-05  t_peak=26866  comparison cadence=53732  difference=0.05000  below=2/3
t=176122  fraction=0.66500  peak_slope=2.110e-05  t_peak=30846  comparison cadence=61692  difference=0.03000  below=3/3
Stopping at t=176121.58266716808
Saved 65 remaining particles to /scratch/group/p.phy260085.000//Mass_Fraction/Outputs/Ejection_Results/remaining_particles_2145693_0.csv
t=147266  fraction=0.54500  peak_slope=2.110e-05  t_peak=27861  comparison cadence=55722  difference=0.04500  below=1/3
t=134330  fraction=0.54000  peak_slope=2.110e-05  t_peak=29851  comparison cadence=59702  difference=0.07500  below=0/3
t=141295  fraction=0.57000  peak_slope=2.311e-05  t_peak=26866  comparison cadence=53732  difference=0.04500  below=3/3
Stopping at t=141295.28100981846
Saved 83 remaining particles to /scratch/group/p.phy260085.000//Mass_Fraction/Outputs/Ejection_Results/remaining_particles_2145693_0.csv
t=148261  fraction=0.54500  peak_slope=2.110e-05  t_peak=27861  comparison cadence=55722  difference=0.04500  below=2/3
t=135325  fraction=0.54000  peak_slope=2.110e-05  t_peak=29851  comparison cadence=59702  difference=0.07500  below=0/3
t=149256  fraction=0.55000  peak_slope=2.110e-05  t_peak=27861  comparison cadence=55722  difference=0.05000  below=0/3
t=136320  fraction=0.54500  peak_slope=2.110e-05  t_peak=29851  comparison cadence=59702  difference=0.08000  below=0/3
t=150251  fraction=0.55000  peak_slope=2.110e-05  t_peak=27861  comparison cadence=55722  difference=0.05000  below=0/3
t=137315  fraction=0.54500  peak_slope=2.110e-05  t_peak=29851  comparison cadence=59702  difference=0.07500  below=0/3
t=151246  fraction=0.55000  peak_slope=2.110e-05  t_peak=27861  comparison cadence=55722  difference=0.05000  below=0/3
t=152241  fraction=0.55000  peak_slope=2.110e-05  t_peak=27861  comparison cadence=55722  difference=0.05000  below=0/3
t=138310  fraction=0.55500  peak_slope=2.110e-05  t_peak=29851  comparison cadence=59702  difference=0.08500  below=0/3
t=153236  fraction=0.55000  peak_slope=2.110e-05  t_peak=27861  comparison cadence=55722  difference=0.05000  below=0/3
t=139305  fraction=0.55500  peak_slope=2.110e-05  t_peak=29851  comparison cadence=59702  difference=0.08000  below=0/3
t=154231  fraction=0.55000  peak_slope=2.110e-05  t_peak=27861  comparison cadence=55722  difference=0.04500  below=1/3
t=140300  fraction=0.55500  peak_slope=2.110e-05  t_peak=29851  comparison cadence=59702  difference=0.07500  below=0/3
t=155226  fraction=0.55000  peak_slope=2.110e-05  t_peak=27861  comparison cadence=55722  difference=0.04500  below=2/3
t=141295  fraction=0.56000  peak_slope=2.110e-05  t_peak=29851  comparison cadence=59702  difference=0.08000  below=0/3
t=156221  fraction=0.55000  peak_slope=2.110e-05  t_peak=27861  comparison cadence=55722  difference=0.04500  below=3/3
Stopping at t=156220.8388629683
Saved 86 remaining particles to /scratch/group/p.phy260085.000//Mass_Fraction/Outputs/Ejection_Results/remaining_particles_2145693_0.csv
t=142290  fraction=0.56000  peak_slope=2.110e-05  t_peak=29851  comparison cadence=59702  difference=0.07500  below=0/3
t=143285  fraction=0.56000  peak_slope=2.110e-05  t_peak=29851  comparison cadence=59702  difference=0.07500  below=0/3
t=144280  fraction=0.56000  peak_slope=2.110e-05  t_peak=29851  comparison cadence=59702  difference=0.07500  below=0/3
t=145275  fraction=0.56000  peak_slope=2.110e-05  t_peak=29851  comparison cadence=59702  difference=0.07500  below=0/3
t=146270  fraction=0.56000  peak_slope=2.110e-05  t_peak=29851  comparison cadence=59702  difference=0.07000  below=0/3
t=147266  fraction=0.56000  peak_slope=2.110e-05  t_peak=29851  comparison cadence=59702  difference=0.07000  below=0/3
t=148261  fraction=0.56000  peak_slope=2.110e-05  t_peak=29851  comparison cadence=59702  difference=0.06500  below=0/3
t=149256  fraction=0.56000  peak_slope=2.110e-05  t_peak=29851  comparison cadence=59702  difference=0.06000  below=0/3
t=150251  fraction=0.56000  peak_slope=2.110e-05  t_peak=29851  comparison cadence=59702  difference=0.06000  below=0/3
t=151246  fraction=0.56000  peak_slope=2.110e-05  t_peak=29851  comparison cadence=59702  difference=0.06000  below=0/3
t=152241  fraction=0.56000  peak_slope=2.110e-05  t_peak=29851  comparison cadence=59702  difference=0.06000  below=0/3
t=153236  fraction=0.56000  peak_slope=2.110e-05  t_peak=29851  comparison cadence=59702  difference=0.06000  below=0/3
t=154231  fraction=0.56000  peak_slope=2.110e-05  t_peak=29851  comparison cadence=59702  difference=0.06000  below=0/3
t=155226  fraction=0.56000  peak_slope=2.110e-05  t_peak=29851  comparison cadence=59702  difference=0.06000  below=0/3
t=156221  fraction=0.56000  peak_slope=2.110e-05  t_peak=29851  comparison cadence=59702  difference=0.06000  below=0/3
t=157216  fraction=0.56000  peak_slope=2.110e-05  t_peak=29851  comparison cadence=59702  difference=0.05500  below=0/3
t=158211  fraction=0.56000  peak_slope=2.110e-05  t_peak=29851  comparison cadence=59702  difference=0.05500  below=0/3
t=159206  fraction=0.56500  peak_slope=2.110e-05  t_peak=29851  comparison cadence=59702  difference=0.06000  below=0/3
t=160201  fraction=0.56500  peak_slope=2.110e-05  t_peak=29851  comparison cadence=59702  difference=0.05500  below=0/3
t=161196  fraction=0.56500  peak_slope=2.110e-05  t_peak=29851  comparison cadence=59702  difference=0.04500  below=1/3
t=162191  fraction=0.56500  peak_slope=2.110e-05  t_peak=29851  comparison cadence=59702  difference=0.04500  below=2/3
t=163186  fraction=0.56500  peak_slope=2.110e-05  t_peak=29851  comparison cadence=59702  difference=0.04500  below=3/3
Stopping at t=163186.09919443823
Saved 85 remaining particles to /scratch/group/p.phy260085.000//Mass_Fraction/Outputs/Ejection_Results/remaining_particles_2145693_0.csv
