==========================================
Mass Fraction MPI Run
==========================================
Date:               Sat Sep 19 12:25:25 CDT 2026
Host:               ac052
Array job ID:       2145715
Array task ID:      0
MPI ranks:          4
CPUs per task:      1
Nodes allocated:    1
Python:             /scratch/user/u.hm357857/.conda/envs/comets/bin/python
Conda environment:  /scratch/user/u.hm357857/.conda/envs/comets
==========================================

7.879791770324951
6.8086320682682
8.176982307951754
5.853192548678643
4.984405406782664
1.3446958800081514
4.671508012463374
2.9541583832317553
11.216964228543311
12.296168558743858
13.60238073498875
9.136115801030607
13.482967882196464
13.148298242765362
5.112941564023189
14.153602460466688
3.542002467880992
2.271877125898457
4.124184639152912
1.8916993629078886
13.846801020010883
10.708754445042059
10.035612717291261
13.800860985773662
7.561575315806321
10.36846670378441
8.435325371428746
9.008819023317574
14.98143134583324
12.377165870998514
10.045385468568083
5.956023987567567
6.100644398032852
6.064306050810028
13.051085594134689
5.613059791498002
14.93647826982029
9.861641563110034
7.223120408941827
6.094158025954012
10.235676784778953
13.110844361234422
11.551453619254506
7.5827989518544925
2.815108492954343
4.029549800354421
1.9074162303632183
3.705681334548022
12.318353456697444
6.977795277883124
12.794522259678603
9.506454421419962
1.8591453408285834
3.4044114646054813
4.378790256148901
1.8901030109151296
3.8073881049619596
3.3929874296506064
1.9710185852247957
2.416082950538107
6.2528885604797075
8.887960973472783
14.209419527299655
7.798234804405598
9.339446904357864
14.083612766196032
9.1179162230409
6.819734671263764
4.339236129032806
2.3136239135051744
2.8511232946625555
1.0943376763352983
8.37821455513641
11.61568157265351
13.543856260459291
11.443173397858086
14.811619747346768
10.070996121591534
9.43821714729588
9.624945563130918
2.949586213652736
3.111478786795318
4.702866691294252
4.374003095593579
6.27199642183741
8.5507018780783
13.356818421665103
8.923275360882185
14.574813204140913
13.312761377766199
8.280653499311322
9.723284199194419
6.254282820452849
12.920624296329555
7.492723444481829
12.594645595027677
1.9495266721817934
1.817416960141319
4.586682703884806
4.750252826731844
3.482872177719511
1.9155746733501409
3.278177120381198
4.56607845160638
3.7024035880428716
2.4953385617181727
3.752285374236886
4.236135048295289
3.9008523595612736
4.786453876107302
1.4915911730373455
1.5056289463671968
3.9931717512835987
1.1261362310052756
1.6119886919983006
3.2467874866462947
12.861240240455917
12.872194396830727
10.630574839507432
7.896639690868884
7.747079287121633
5.050973164231824
7.435361754558221
5.225432788414342
10.06992683275758
6.548869310839222
13.555929110805373
7.209787755988036
2.2429097108851153
3.0847853317290963
2.435899601730591
3.8747754728775643
10.552907212085952
6.272645683599135
14.380032901564107
14.163701591556435
9.869301953500765
6.752766889649884
12.796569949300604
9.576915132959508
8.740798728401995
8.856427560949868
6.426733540627982
13.750320556014259
14.775895816098254
5.498273017901862
7.971658148534995
14.355152969492464
1.8874490762588092
2.8096001148194647
3.158941848486055
2.011403712356323
4.8027619535514
4.388379269858822
2.4526619893935475
2.496959302113249
4.244755930180819
1.073745577480922
3.506333796353119
4.3727333309573435
5.313756065953143
10.580993330554492
7.158800975050767
5.676496081342099
1.6412248929481663
4.71972073321729
4.559171263283032
3.9853144351607153
9.551771149022313
7.631192940859327
5.195198387775118
6.494823364407248
14.259340478555412
5.453027776995279
11.809466317857977
13.555305554110364
2.7099424884107752
4.02422955989448
3.9477775997057636
2.6495693958000888
12.152689526269757
14.683742344144836
14.545953004885193
5.6864674096379195
1.2897844434903925
3.2604172726978202
3.52206535676714
4.818697309080239
1.7501919367349297
3.081442430095128
3.766143401959627
2.9342335081723125
11.890815490528034
12.757892961527693
7.808462680448358
7.772493374347464
8.250334251966553
5.327409784277282
13.184199890711287
11.5335157347158
4.295972511439064
3.3942844849499476
4.334141057495257
2.826599590618113
1.1980033010696158
3.8244574762732237
4.149518971668927
2.569978034941843
4.722475833548687
3.0527568414216044
1.4583555297670663
4.261110387501269
2.384868395057249
1.8820727474817978
2.5867678709802413
4.957452479933559
8.972938353313216
5.77231455487902
7.080833913981554
5.343609777585843
1.266535167545075
2.12455118784641
3.2899664405314026
4.353238743557174
10.035260689689666
11.347893323323802
6.566237020397365
9.072226592194399
10.967542088106468
12.968028333784059
10.63833438634668
8.142970693544358
4.4854083122254895
1.259257617160206
3.206961268645944
1.941286719451913
1.3563796915747282
1.1072143868206568
1.6389917378458638
4.989170199320286
12.95412137969038
13.132930010800315
11.958746321786514
7.6923618161774785
7.4190286189322885
7.776996281044891
5.205016876297826
9.225341002341672
13.210409303745417
14.878470647688193
9.74572847060415
13.155370738556103
11.939938480251424
8.265836698820095
12.9270134976968
7.1836437862183065
2.4988899417624704
4.551152043763464
3.7712164775346464
1.0305566632992873
6.469245482722366
6.2293625822903165
13.47545624227244
14.912890343976144
10.819555487834815
11.160594040155253
8.422276186252843
14.392439123848659
1.4761654499953885
2.121484425199186
2.7371597475106935
3.7273090008374545
9.795580131474306
11.173114710761515
13.904248657241103
11.429858371222593
2.1697169203851367
1.4177609054978664
4.317253580585831
3.492157232368021
11.59215045653275
14.783192383077267
14.959639789932703
12.353376817569819
3.0689500402468464
2.4091536934317612
4.178722478218765
1.9751517585115854
13.2044492277243
10.261804407329656
12.913564951018941
13.119738441680775
11.821362687883177
14.011739733288874
10.537693671819953
11.119339415407332
13.77336752850815
7.970207592900287
12.702589979124644
12.795160545750338
11.726680853006041
14.579044908155051
13.905607802393266
14.511734236910803
11.803427575560288
7.450024743574143
7.7556974088993025
6.846689677639808
10.944648743205503
13.149965425070885
13.033239873301593
10.883481550741285
12.375832406720225
11.090614074143103
14.19893426354842
11.307027631354554
13.917951995753025
12.969579514028332
6.660799784934247
9.578200422851257
13.140799599298816
14.67993790668494
12.923111533637165
14.988145405175253
6.621003904373709
13.700745740939995
12.192776480320745
13.065930636736008
2.4206169523494516
1.4938989797027173
4.339722633462754
1.813972532098246
10.112295481645527
8.221269139497537
8.024328921245285
12.71037935473685
1.3217280950571442
3.6926392213679495
4.796465077612972
2.1775659977812976
1.333103998495229
2.3799467753924137
2.7194191098545804
2.5880194104490735
13.5535798598756
9.24101597734708
10.587773479077507
11.002571613903111
2.9401168334661065
4.256972120846783
3.056202843076024
1.478933946123722
4.272633145326177
2.644757792471822
2.505646210723575
3.6320531395302122
5.922304405813973
7.286909570295458
12.572448433510862
10.98832647618096
12.00847027847587
10.8116691875961
13.88579992069661
6.697423761140781
1.7347111561882826
2.4907030482122066
4.843582967270264
1.9273470271820319
4.168141379413028
3.84640646716756
1.9010681301008052
2.3016351069294867
10.390405958660658
8.705969274771714
10.601698826760112
7.4547455914064304
14.169173487920567
13.227030194613981
14.715366806993678
8.164672487018363
3.838036349081393
4.169013546597193
2.3870463846925127
1.123430727968243
5.344271211329028
7.6257917328066736
11.253105429718003
7.5371276265558365
2.0523584400292525
3.778901731367313
2.3431654564772235
2.9666662206092873
1.5419293778829455
1.5556531992770628
1.1611625042755884
3.355156051371303
12.502817045081773
12.93914197964921
9.245716902553134
10.21661575344936
11.826951618131377
10.144230183106838
9.374894367028197
13.81882205044261
2.1611060139838045
4.864709132774173
2.8256225904878303
1.247512427923259
4.869502266072667
4.12304063409144
4.260221011516302
3.9069490141175542
2.8862678019439483
3.2017498965864517
1.3340781066284113
3.194414410913613
4.660020915945319
4.290459037761953
3.2868915187187335
1.3603379664849848
13.49521032661418
5.487106984322047
13.25273768002379
12.5016027593066
1.1977038582410833
1.5121326402654889
4.042069209077265
3.1129178195578864
3.747405706380785
2.157116434028343
2.8118822534446157
3.8126494471688157
4.816691874530693
2.3247853700312033
4.193190600262488
1.904870255578341
1.7794016951705975
3.8854140958600896
2.8014979400812017
3.3107149475950486
4.83734663493499
1.6706440688440773
4.789644798123286
2.892360883696473
1.3648783044047899
1.8025410924634286
4.728983548994459
1.0448466347667198
7.285663569972659
12.074708461701922
13.47158512912347
14.706472592654498
3.4472181821104937
1.7495895075880012
2.481886590304937
1.8263389146251088
8.894222023749538
5.585706677547093
8.031619418438506
12.809392432776173
1.8730420052285606
4.618248929363825
1.902735741965063
4.903703361835641
1.0215046953676108
3.8765501333493324
3.5664137910010614
1.8313213368083359
7.89631256559256
8.500610949906676
9.554936965063682
11.303723610094405
11.042523579921887
11.528463233254545
8.522360238972258
12.924344466471627
13.21064184706353
12.091437208331389
12.418761342512438
14.815859679797976
7.311923923955098
14.678257835352472
7.83510536547028
10.376358955943743
2.9542929157992526
4.677288188137749
2.397280029408337
1.6756738651536445
5.288558248408695
9.649534952942618
13.337379477138192
10.945172858839083
14.322964742378195
5.285658412515363
11.942654996738456
9.571175616903044
7.270537665383541
13.9046106303811
7.916053664195224
9.803356553440153
2.308354867582557
1.3084636232163729
1.3203873031033728
1.0904419628031068
5.398188664888773
14.875192805102698
13.932538478091702
6.263306695633229
3.494126596835839
4.118721254802905
4.661503533047683
2.279834646240249
11.410584026842884
11.62667569906164
7.468337233143073
14.526965016444992
4.265196961537594
1.3111860714792054
4.104295679084801
3.6887857087103186
10.299192185191503
12.611011200943626
6.414644060314906
6.230310860946235
2.622806129492039
4.252483843330856
4.278814158369999
3.545298022291163
3.257352784554384
3.458937059210043
4.01924884680601
3.8449274675946112
11.067706571178483
14.304841649851696
13.403226209424602
7.547488683756599
4.140883236397494
1.760695440740292
1.4997431872060152
4.372259944748629
7.9457961883418395
13.066117816154698
10.847023095161662
7.977927132328432
12.977253338025449
8.338714960973912
6.581224911475197
13.447000959465754
1.005690197233506
3.577271693510961
4.323946709415315
3.002755261721401
2.6865776961099628
2.9051983929457923
1.2703184664485887
4.126842534192874
3.4690837932302987
1.1080128878165323
1.2557200108396347
2.378514208272653
12.000645832800632
10.595114488160812
7.112777656031461
5.392313797875047
13.633825229093793
8.169745399521112
9.0792229745387
6.418538106906457
5.154460101923096
13.118399981592514
13.034428213566944
6.3197649464583625
6.802400487703225
9.727042928856736
11.206916361235916
8.31957059477846
2.8556305329613383
3.639207050676158
3.8522723395171212
4.991662906813707
4.279576627508121
4.9773014925154655
3.289964766096521
1.784006487413372
14.919899058712897
9.972725768708411
5.679258998109544
7.174242578589292
1.6050526623794514
4.757666394508366
4.769717644222167
1.7409773617892221
3.6222850663431494
2.3562028541100952
2.2224757705520704
1.1177741043464926
14.026781326993346
8.175664947007183
9.799787177917118
11.363783904883157
4.081203934466855
3.3650917144380785
2.4306808155111836
1.5066046924145096
12.22686373687614
12.027211740257577
7.78001928701182
5.562802453528571
13.670538478731935
12.62662432491711
7.373065920582736
6.567816639536304
2.719591234735388
3.6759346638665775
2.1906189227785005
2.9742807689265143
6.777799322528129
8.673945996170918
11.1424917697592
14.003340571319894
11.316955384454829
14.677446345518815
8.391688098141184
10.049412761116038
6.394959145418694
10.18476432278592
7.478867340196552
7.657129737524714
10.647255991883595
11.9932953615665
9.158991811256293
7.452050902620863
4.1136992425480505
3.3661102181869698
3.9054487181648483
2.9191031351067807
14.124025515392095
12.858487069498906
13.741527373499215
12.445038323056103
10.394597720274353
7.487926798722425
11.408082758724634
13.233525271310642
13.506991193561719
13.724255484995192
14.156896695541203
8.848440858043134
3.1579546046696225
1.6269312014654291
1.766607296268154
2.300240803595752
10.451587731336335
9.970750025050432
11.33753328208556
11.294867276516465
2.505165433658706
3.3970235364581836
4.466497401113701
2.817214820712223
9.292708062986764
6.582322902669301
13.488487114616044
11.395779860806153
3.7868364103046894
1.3078298510155735
4.0094656701154445
4.999815447384149
12.050268684262603
13.572780715733906
12.663622768023522
7.654182958482606
11.734148319985582
12.656621002561884
10.503076298507633
11.594718685910248
12.922518894591693
7.188317170807617
10.395982407551013
8.754858164652484
1.8800880506856084
2.6390578769722803
2.6069568267295393
4.854476263639375
13.742516998673874
11.43657277231163
7.571597940331159
12.40682596550121
7.701744740660871
6.835787329810144
7.681449134324515
6.714070704721823
7.92762771588348
7.458267320043278
10.709956755998807
8.402505346280387
3.0432166422745732
2.1908033469510535
2.4294684774387907
4.577526692000387
2.2116988758688554
1.6812527890219413
1.717572607184278
2.891970844597124
3.928896292434487
3.068653748443449
2.097221671538706
3.4019321797535182
11.202032452483532
13.395065593324395
12.402205166419119
10.364358009636234
4.993085616941306
1.9318164217824925
2.226349453290979
1.7002581466813802
4.716770436805268
4.062512179420704
2.057596461443437
4.527387160102356
1.1865832975019743
1.150222218123619
4.158832476213629
3.7460430420871362
3.63408296993757
3.0289850121957587
3.1844501847232314
1.5901630128143558
5.436795024732072
10.664316574269435
5.755017805270352
11.669274818971498
7.3318072070420826
10.542976785365319
12.657712776676497
5.687291516643642
11.015471073874373
6.514765214952107
9.992810428585226
11.77568170740023
4.334314178142298
2.433060363322243
1.8835164229138264
1.8892981402411135
3.125274324077461
4.8258107280550595
1.2575896672048645
4.077456552777852
12.366985123860069
11.777317729978888
5.793247133934307
12.973534028804004
3.958902686322388
2.7919573916520237
3.3744676987541857
3.0672142750901883
4.425171758593683
4.176375235188617
4.557539145966082
3.0037967956313345
3.9210523773722867
1.5652165322810667
3.039076885302883
3.7191077397817556
1.2396141295018888
3.018257390733821
3.4307479833540695
2.2216617587775964
3.6935676760358085
1.2840543696883886
3.580763587933179
2.555297424022828
1.1751011376888094
4.709592038286383
2.8255498462217608
3.335977437228194
11.846202175257064
5.226612257054778
8.199219717054127
14.507478870181632
9.414838350940077
12.225695165857683
5.528897471134158
11.907116624769527
6.3764469548161395
13.555790315794649
6.9051070277879845
13.952569567441328
4.006640906464024
1.8040423432315964
2.2275856346332272
4.320197510641842
12.393943858063192
10.811760159987074
10.963379513320564
5.275325261028599
12.306314764183748
9.498326469450562
5.345861051601811
9.857458777678403
Running 200 simulations with 1 MPI ranks
Rank 0: 200 simulations
Running 200 simulations with 1 MPI ranks
Rank 0: 200 simulations
Running 200 simulations with 1 MPI ranks
Rank 0: 200 simulations
Running 200 simulations with 1 MPI ranks
Rank 0: 200 simulations
t=222497  fraction=0.35500  peak_slope=3.865e-06  t_peak=111249  comparison cadence=222497  difference=0.35500  below=0/3
t=222497  fraction=0.36000  peak_slope=3.416e-06  t_peak=111249  comparison cadence=222497  difference=0.36000  below=0/3
t=233622  fraction=0.35500  peak_slope=3.865e-06  t_peak=111249  comparison cadence=222497  difference=0.35500  below=0/3
t=233622  fraction=0.36000  peak_slope=3.416e-06  t_peak=111249  comparison cadence=222497  difference=0.36000  below=0/3
t=244747  fraction=0.35500  peak_slope=3.865e-06  t_peak=111249  comparison cadence=222497  difference=0.35500  below=0/3
t=222497  fraction=0.32000  peak_slope=2.966e-06  t_peak=100124  comparison cadence=222497  difference=0.32000  below=0/3
t=244747  fraction=0.36500  peak_slope=3.416e-06  t_peak=111249  comparison cadence=222497  difference=0.36500  below=0/3
t=255872  fraction=0.35500  peak_slope=3.865e-06  t_peak=111249  comparison cadence=222497  difference=0.35500  below=0/3
t=233622  fraction=0.32500  peak_slope=2.966e-06  t_peak=100124  comparison cadence=222497  difference=0.32500  below=0/3
t=255872  fraction=0.36500  peak_slope=3.416e-06  t_peak=111249  comparison cadence=222497  difference=0.36500  below=0/3
t=266996  fraction=0.36000  peak_slope=3.865e-06  t_peak=111249  comparison cadence=222497  difference=0.34500  below=0/3
t=222497  fraction=0.28000  peak_slope=3.056e-06  t_peak=88999  comparison cadence=222497  difference=0.28000  below=0/3
t=244747  fraction=0.33500  peak_slope=2.966e-06  t_peak=100124  comparison cadence=222497  difference=0.33500  below=0/3
t=266996  fraction=0.36500  peak_slope=3.416e-06  t_peak=111249  comparison cadence=222497  difference=0.36000  below=0/3
t=278121  fraction=0.36500  peak_slope=3.865e-06  t_peak=111249  comparison cadence=222497  difference=0.32000  below=0/3
t=233622  fraction=0.28000  peak_slope=3.056e-06  t_peak=88999  comparison cadence=222497  difference=0.28000  below=0/3
t=255872  fraction=0.34000  peak_slope=2.966e-06  t_peak=100124  comparison cadence=222497  difference=0.34000  below=0/3
t=289246  fraction=0.37000  peak_slope=3.865e-06  t_peak=111249  comparison cadence=222497  difference=0.25500  below=0/3
t=278121  fraction=0.37000  peak_slope=3.416e-06  t_peak=111249  comparison cadence=222497  difference=0.34000  below=0/3
t=266996  fraction=0.34000  peak_slope=2.966e-06  t_peak=100124  comparison cadence=222497  difference=0.33000  below=0/3
t=244747  fraction=0.28000  peak_slope=3.056e-06  t_peak=88999  comparison cadence=222497  difference=0.28000  below=0/3
t=300371  fraction=0.37500  peak_slope=3.865e-06  t_peak=111249  comparison cadence=222497  difference=0.22500  below=0/3
t=289246  fraction=0.37000  peak_slope=3.416e-06  t_peak=111249  comparison cadence=222497  difference=0.30500  below=0/3
t=278121  fraction=0.34500  peak_slope=2.966e-06  t_peak=100124  comparison cadence=222497  difference=0.30500  below=0/3
t=311496  fraction=0.38000  peak_slope=3.865e-06  t_peak=111249  comparison cadence=222497  difference=0.19500  below=0/3
t=300371  fraction=0.37000  peak_slope=3.416e-06  t_peak=111249  comparison cadence=222497  difference=0.27000  below=0/3
t=255872  fraction=0.28000  peak_slope=3.056e-06  t_peak=88999  comparison cadence=222497  difference=0.28000  below=0/3
t=322621  fraction=0.38500  peak_slope=3.865e-06  t_peak=111249  comparison cadence=222497  difference=0.16500  below=0/3
t=289246  fraction=0.34500  peak_slope=2.966e-06  t_peak=100124  comparison cadence=222497  difference=0.28500  below=0/3
t=311496  fraction=0.37000  peak_slope=3.416e-06  t_peak=111249  comparison cadence=222497  difference=0.23500  below=0/3
t=266996  fraction=0.28500  peak_slope=3.056e-06  t_peak=88999  comparison cadence=222497  difference=0.28000  below=0/3
t=333746  fraction=0.39000  peak_slope=3.865e-06  t_peak=111249  comparison cadence=222497  difference=0.13000  below=0/3
t=322621  fraction=0.37500  peak_slope=3.416e-06  t_peak=111249  comparison cadence=222497  difference=0.19500  below=0/3
t=300371  fraction=0.34500  peak_slope=2.966e-06  t_peak=100124  comparison cadence=222497  difference=0.23000  below=0/3
t=278121  fraction=0.29000  peak_slope=3.056e-06  t_peak=88999  comparison cadence=222497  difference=0.26000  below=0/3
t=344870  fraction=0.39500  peak_slope=3.865e-06  t_peak=111249  comparison cadence=222497  difference=0.12500  below=0/3
t=333746  fraction=0.37500  peak_slope=3.416e-06  t_peak=111249  comparison cadence=222497  difference=0.15500  below=0/3
t=311496  fraction=0.34500  peak_slope=2.966e-06  t_peak=100124  comparison cadence=222497  difference=0.19000  below=0/3
t=289246  fraction=0.29000  peak_slope=3.056e-06  t_peak=88999  comparison cadence=222497  difference=0.22000  below=0/3
t=355995  fraction=0.39500  peak_slope=3.865e-06  t_peak=111249  comparison cadence=222497  difference=0.10500  below=0/3
t=344870  fraction=0.38000  peak_slope=3.416e-06  t_peak=111249  comparison cadence=222497  difference=0.13000  below=0/3
t=322621  fraction=0.35000  peak_slope=2.966e-06  t_peak=100124  comparison cadence=222497  difference=0.17500  below=0/3
t=367120  fraction=0.39500  peak_slope=3.865e-06  t_peak=111249  comparison cadence=222497  difference=0.10000  below=0/3
t=300371  fraction=0.29500  peak_slope=3.056e-06  t_peak=88999  comparison cadence=222497  difference=0.17000  below=0/3
t=355995  fraction=0.38000  peak_slope=3.416e-06  t_peak=111249  comparison cadence=222497  difference=0.12000  below=0/3
t=333746  fraction=0.35500  peak_slope=2.966e-06  t_peak=100124  comparison cadence=222497  difference=0.16000  below=0/3
t=378245  fraction=0.39500  peak_slope=3.865e-06  t_peak=111249  comparison cadence=222497  difference=0.08500  below=0/3
t=311496  fraction=0.29500  peak_slope=3.056e-06  t_peak=88999  comparison cadence=222497  difference=0.12500  below=0/3
t=367120  fraction=0.38000  peak_slope=3.416e-06  t_peak=111249  comparison cadence=222497  difference=0.09500  below=0/3
t=344870  fraction=0.35500  peak_slope=2.966e-06  t_peak=100124  comparison cadence=222497  difference=0.15000  below=0/3
t=389370  fraction=0.39500  peak_slope=3.865e-06  t_peak=111249  comparison cadence=222497  difference=0.08000  below=0/3
t=378245  fraction=0.38500  peak_slope=3.416e-06  t_peak=111249  comparison cadence=222497  difference=0.07000  below=0/3
t=322621  fraction=0.29500  peak_slope=3.056e-06  t_peak=88999  comparison cadence=222497  difference=0.12500  below=0/3
t=355995  fraction=0.35500  peak_slope=2.966e-06  t_peak=100124  comparison cadence=222497  difference=0.13000  below=0/3
t=400495  fraction=0.39500  peak_slope=3.865e-06  t_peak=111249  comparison cadence=222497  difference=0.06500  below=0/3
t=389370  fraction=0.38500  peak_slope=3.416e-06  t_peak=111249  comparison cadence=222497  difference=0.06000  below=0/3
t=333746  fraction=0.29500  peak_slope=3.056e-06  t_peak=88999  comparison cadence=222497  difference=0.10500  below=0/3
t=411620  fraction=0.39500  peak_slope=3.865e-06  t_peak=111249  comparison cadence=222497  difference=0.05500  below=0/3
t=367120  fraction=0.36000  peak_slope=2.966e-06  t_peak=100124  comparison cadence=222497  difference=0.13500  below=0/3
t=400495  fraction=0.39000  peak_slope=3.416e-06  t_peak=111249  comparison cadence=222497  difference=0.06000  below=0/3
t=422744  fraction=0.39500  peak_slope=3.865e-06  t_peak=111249  comparison cadence=222497  difference=0.05000  below=0/3
t=344870  fraction=0.30000  peak_slope=3.056e-06  t_peak=88999  comparison cadence=222497  difference=0.08500  below=0/3
t=378245  fraction=0.36000  peak_slope=2.966e-06  t_peak=100124  comparison cadence=222497  difference=0.10000  below=0/3
t=411620  fraction=0.39000  peak_slope=3.416e-06  t_peak=111249  comparison cadence=222497  difference=0.06000  below=0/3
t=433869  fraction=0.39500  peak_slope=3.865e-06  t_peak=111249  comparison cadence=222497  difference=0.04000  below=1/3
t=355995  fraction=0.30000  peak_slope=3.056e-06  t_peak=88999  comparison cadence=222497  difference=0.07500  below=0/3
t=389370  fraction=0.36500  peak_slope=2.966e-06  t_peak=100124  comparison cadence=222497  difference=0.07500  below=0/3
t=422744  fraction=0.39000  peak_slope=3.416e-06  t_peak=111249  comparison cadence=222497  difference=0.04500  below=1/3
t=444994  fraction=0.39500  peak_slope=3.865e-06  t_peak=111249  comparison cadence=222497  difference=0.04000  below=2/3
t=400495  fraction=0.36500  peak_slope=2.966e-06  t_peak=100124  comparison cadence=222497  difference=0.07500  below=0/3
t=367120  fraction=0.30000  peak_slope=3.056e-06  t_peak=88999  comparison cadence=222497  difference=0.06000  below=0/3
t=433869  fraction=0.39000  peak_slope=3.416e-06  t_peak=111249  comparison cadence=222497  difference=0.04000  below=2/3
t=456119  fraction=0.39500  peak_slope=3.865e-06  t_peak=111249  comparison cadence=222497  difference=0.04000  below=3/3
Stopping at t=456119.01347723434
Saved 120 remaining particles to /scratch/group/p.phy260085.000//Mass_Fraction/Outputs/Ejection_Results/remaining_particles_2145715_0.csv
t=411620  fraction=0.36500  peak_slope=2.966e-06  t_peak=100124  comparison cadence=222497  difference=0.07500  below=0/3
t=378245  fraction=0.30500  peak_slope=3.056e-06  t_peak=88999  comparison cadence=222497  difference=0.06000  below=0/3
t=444994  fraction=0.39000  peak_slope=3.416e-06  t_peak=111249  comparison cadence=222497  difference=0.03000  below=3/3
Stopping at t=444994.15948998474
Saved 122 remaining particles to /scratch/group/p.phy260085.000//Mass_Fraction/Outputs/Ejection_Results/remaining_particles_2145715_0.csv
t=422744  fraction=0.36500  peak_slope=2.966e-06  t_peak=100124  comparison cadence=222497  difference=0.07000  below=0/3
t=389370  fraction=0.30500  peak_slope=3.056e-06  t_peak=88999  comparison cadence=222497  difference=0.05000  below=1/3
t=433869  fraction=0.37000  peak_slope=2.966e-06  t_peak=100124  comparison cadence=222497  difference=0.06000  below=0/3
t=400495  fraction=0.31000  peak_slope=3.056e-06  t_peak=88999  comparison cadence=222497  difference=0.05500  below=0/3
t=444994  fraction=0.37000  peak_slope=2.966e-06  t_peak=100124  comparison cadence=222497  difference=0.05000  below=1/3
t=411620  fraction=0.31000  peak_slope=3.056e-06  t_peak=88999  comparison cadence=222497  difference=0.04000  below=1/3
t=456119  fraction=0.37000  peak_slope=2.966e-06  t_peak=100124  comparison cadence=222497  difference=0.04500  below=2/3
t=422744  fraction=0.31000  peak_slope=3.056e-06  t_peak=88999  comparison cadence=222497  difference=0.04000  below=2/3
t=467244  fraction=0.37000  peak_slope=2.966e-06  t_peak=100124  comparison cadence=222497  difference=0.03500  below=3/3
Stopping at t=467243.86746448395
Saved 122 remaining particles to /scratch/group/p.phy260085.000//Mass_Fraction/Outputs/Ejection_Results/remaining_particles_2145715_0.csv
t=433869  fraction=0.31000  peak_slope=3.056e-06  t_peak=88999  comparison cadence=222497  difference=0.03500  below=3/3
Stopping at t=433869.30550273514
Saved 138 remaining particles to /scratch/group/p.phy260085.000//Mass_Fraction/Outputs/Ejection_Results/remaining_particles_2145715_0.csv
