==========================================
Mass Fraction MPI Run
==========================================
Date:               Sun Sep 20 21:53:07 CDT 2026
Host:               ac015
Array job ID:       2150620
Array task ID:      0
MPI ranks:          4
CPUs per task:      1
Nodes allocated:    1
Python:             /scratch/user/u.hm357857/.conda/envs/comets/bin/python
Conda environment:  /scratch/user/u.hm357857/.conda/envs/comets
==========================================

1.786067619620891
1.659644182158745
1.8851078241421688
2.0115691393347634
0.5884978599029118
0.23944240892857327
0.39971026113355335
0.7482355051541048
2.3704786068651
1.9207790142111334
2.195181535744271
1.2987785370506701
1.1072378557375033
1.8340701143779603
0.5814332027004268
0.5284148557920239
0.2161252417412376
2.282052851971997
1.1184946067359811
1.8530715738286383
1.4705695348350059
1.3623793506621156
1.9096535016941738
2.0430903058190237
2.2585460901664796
1.2359767084323443
0.7181260659479007
1.3559099282134208
1.2816030025591616
1.8457778343727576
1.906404647100638
1.3083135655029612
2.49567381228365
2.1324117184105207
1.1451913775965512
1.2854114802973786
1.2139184137433154
1.800004001985897
2.391258191574084
1.324463932208258
2.1287910171505393
0.5135150228303106
1.1196415066706875
0.6629088022794225
0.5836009924781635
1.150258421781746
1.5409719542497426
2.4849335571094517
1.9080247481660293
0.6684878399479988
2.436144269037112
0.532577671293212
0.8984728043421242
0.2098725931023684
0.6171586852171865
0.6707641099962245
0.9771078111057987
1.7703667998091794
1.4193464054438572
1.5986544390165331
1.9422728228281727
1.3554835284993485
0.525835526195821
2.1517058488603276
2.491430260715214
0.8852197894412137
0.4526001964303342
0.6841008045260879
0.5586176160325105
2.0697413630313184
1.0180444485464792
1.8644128278507242
2.4510687521577887
1.9710913285739524
1.6792487672480485
1.4163030696545764
1.0766399544774377
0.9234179913747005
0.32787949825037166
0.6035920962507213
0.6703118791487499
1.0552883257400478
1.4171581844924857
1.5264644561552403
2.263997847402352
1.6166819415055853
2.1645530072523256
1.0671550992579113
2.1350715871245045
2.3000546993489133
0.6107070708514732
2.220641056123921
1.6425296288567672
0.959528512109858
2.1911113502108273
0.5832773694642726
0.6320358824671233
0.4737205108551272
1.942208149375113
0.8813522539290028
0.8258143487991665
0.4038522524087698
2.080826647870126
0.4006185847478941
0.44837403500371303
0.47044076373038335
0.7301085009077788
0.34960992521483814
0.9386081091205993
0.5636092187054178
0.3483277746995175
0.623558534057858
0.32469753363642007
1.659253927804394
0.20507491997724064
1.2681199015526619
1.2176488872550957
1.432318980407024
0.9273590826891975
1.8354593822373078
1.2540466402691992
1.4051821134404823
0.26400059535951687
2.059886162503537
1.4061512934884162
0.9244392007375044
2.374310586809123
0.7155874890751643
0.4073600476802914
1.562304753018347
2.4224346577880795
1.6458419613972168
2.3413704483066673
1.119790314238553
2.2037677219345406
2.273004506284982
1.9379837151013315
1.1210415525188928
0.7603660823661524
2.269455511894373
1.2082212804943437
2.009108519036049
1.7996507137081383
1.8822533374350436
1.6487036666523691
0.8022334781852081
2.443764796090427
0.4244481220218611
0.8241129907739411
0.5798957794323785
2.141456256347845
0.8330135645346628
0.3654132957834622
0.7508559057063355
2.1107950264133137
0.6397497880127436
0.8023427362129105
1.3334492540387823
0.38462309184448257
2.2918702013652483
1.9030785506958852
0.9304584085317813
0.32622455994126887
0.8672909700746909
0.5030051701544183
1.4647431737329375
0.4904025258290742
1.6262356858625058
1.406627466797282
1.8240641079214694
1.4991790486674792
1.6506089677073255
1.7815208580559045
0.22073195054739242
0.8680774974474244
0.3554482309082051
0.22285934439255348
1.6831521825060745
1.0056716755381498
1.6846693394156596
2.0341910130055387
0.2152196034692011
2.440632223166201
0.9057858619736914
0.5048627812635704
0.23897792281417898
0.4881852490480338
0.4964077465265881
0.2623905627368885
1.0847521057603038
1.989879071102906
2.3817897450564725
2.3409546711560667
1.4764757857539341
0.4355008308551308
2.397966560539118
2.3253472083127704
0.4088620360240273
0.35406137868167653
0.9370415987167386
0.9588732356935634
0.3963029439259822
1.0029977542690267
0.8756158919184112
0.9526009266788138
0.9447476898420637
2.2558138529827656
0.5021889278695602
0.22684323802636427
0.9121131713295783
0.6860454469611408
0.6703242670263532
0.3354206266395685
2.162538026358262
0.41115960142102637
1.390590206242619
1.2285845694618232
0.45112701779552933
0.7259419354746559
0.9195559326169975
0.7019174746947396
2.2181875557157795
0.9994078724884006
2.0434141417658576
1.4806056242568362
2.1986635163922976
2.265447096214359
2.3801838361127285
2.4961067392432907
0.30108680870314414
0.7073171394380717
0.48468363724932434
0.6680707883054178
0.23501988669788726
2.14056645151026
0.7414047281072254
0.8527929216552321
1.7989650466761375
2.1989048205429036
1.052526991773488
2.465812741976262
2.4373901701561858
0.4787735020581737
1.502652809696106
1.270293402172979
1.2082312093544199
0.4722435231512365
2.098266300281186
2.097599012687351
2.157405160653481
1.8290110643078865
1.5755977816319122
1.6203022922718098
0.8828680686734396
1.6454702876648981
0.8414599700712742
0.3312677463903067
2.0465651935303777
1.170596313079536
1.9122928133847155
1.1364448097734585
2.0287074245243666
1.8249932042118187
1.224914973417293
1.2701014080792516
0.9810230221088627
0.613629428110833
0.46802544810872304
0.2714450041282288
1.385664700129952
1.6424696109024481
2.1968859771733706
1.4039058819501036
0.8073020868619334
1.0911584256978188
0.8135505650993544
0.8742508613300082
1.454502226109008
0.48174883328023577
1.7796431045250602
1.103345406251772
0.5492141356474498
1.2735859502235027
0.3595618995865131
0.6468379580084165
2.1976183419406006
0.2103406577315103
1.7078955182961246
2.2563654664617316
2.311993528519606
2.455623214413552
2.359953950252665
1.1244796311495775
2.4129821338521986
0.9032764029504838
2.241135906163586
1.4319380859869622
2.007973826906423
2.0737826437266653
1.8909090285349683
1.9194846576799365
1.0186163355563225
1.1206433364547337
1.6846870029942473
2.237548326469351
1.2868627602916232
1.4874738295716434
1.9219245816882236
1.452690921160643
2.345181736485484
2.1207166551569863
1.008093837478466
2.408603926779085
1.2052937810180735
1.3551262496213186
1.6904047421940396
1.192445981714941
1.3574321608932882
1.6474757684477983
2.453163475132213
2.3714668157296126
1.7115311914879512
1.4676728170374962
1.620489836608014
1.7301569142183006
0.2105269082461
2.235792503555544
0.7639663893657824
0.7794995126970476
2.498670240594428
1.0835232385701778
2.0086332344094564
1.842086036362245
0.6812064372013766
1.647728800357997
0.41499697710564587
0.49771711227053983
0.6137787601707467
0.7210767721359619
0.2760603684754466
0.8194038251956959
2.2749652599509815
1.254779321686254
2.160298562625285
1.106435185968949
0.6620596034606436
0.7377927525646533
0.6454050180412327
0.35229322160419135
0.45359905468115996
0.8993098565011763
0.667374226548088
0.8812725526276988
1.4710056581405444
1.8296525687553884
1.3863542203978179
1.8987281317403675
2.1610169774324857
0.9781223394594007
2.174540397699273
1.6632578748619795
0.5310950725120138
0.8386823495594784
0.8153112681407741
0.3409297779711964
0.8819594254796892
1.3830754041814353
0.5618418685452475
0.9719648395012837
2.432798186371374
1.35296740728026
1.6416867821797438
1.9779204712534382
1.819868453560633
0.2620732354742802
1.6161872402549324
1.090917630900612
0.29707719964631657
0.905514539176709
0.5056829113642625
0.3475622885687486
1.076918170068263
1.2080801052489611
1.03338335988219
1.3225886388666286
0.9129728850267436
1.8159184321877784
0.44074521715788717
0.4770612720342137
0.8297066650098299
0.24332426929815815
0.3314573337158795
0.5808634123707259
2.3847605813308883
1.5364252956257065
1.7509122972072086
2.1599618202043405
1.3413275531573219
0.6280249781507391
1.8900101403214005
2.2771190840066753
0.4287779911408147
0.3651963144119239
0.9473395312605428
0.4002480081310489
0.8212040843044559
1.9648781991686806
0.24886967493175433
0.6618917642186118
0.7057302590642618
2.326590909791303
0.7457071324282738
0.48549843795890546
0.9212585999188461
0.5540440510645329
0.48947443628525317
0.9421601697324826
2.2161616911060005
0.9674543454909466
2.357511482934183
1.1227985920451407
0.832137611298422
0.6691225084884234
0.3579792041210621
0.7831766298540004
0.7852200522793928
0.5502731965121958
0.70589688967908
0.7852632172249414
0.5298348383301176
1.0894305919508518
0.5448327731123994
0.9629529172598492
0.4373827377813295
0.8926399587714691
0.2477122743452295
0.5618966903398178
0.638702696472575
0.8315778425374809
0.9782494030115172
0.8711076780573335
0.8381711194585291
0.7034192414575817
0.6907427347245748
0.7953218198667014
2.4650763808587186
0.3227528570626283
1.72499435207473
1.5008818998421214
0.6148816110889486
0.42686390360282217
0.22058902724405868
0.705114073636451
1.1456309228060424
0.9888406581765663
1.065319924171809
1.1112218061266235
0.8869763662904775
2.0136133578614643
0.6400649809322184
0.504035028740291
0.9471452820089803
0.441274204673635
0.8866205077964622
0.9590558250382828
2.134393880937063
1.3831538584831504
1.6314157195425705
1.415334667905887
2.44128363663635
0.5302873328247393
1.4507857699836681
2.1887489170707903
2.0079694010958358
0.722523623949967
1.1699721505399645
1.0971476416174029
2.335629426940348
1.5438819663118637
2.0224621467014643
1.919898739340083
0.3439854600610318
1.0979485832190155
0.9355417426796759
0.62557313547897
1.598911221239209
1.9167048793090098
1.008094001238331
1.905652137082166
2.0450366863767835
1.2877860759323845
2.4929852163554758
1.620092797997246
1.6872125130932254
0.7522643465573502
2.0668060285457392
2.4322099553466536
0.46831321507505347
1.1901658467714793
0.2147827469788707
0.7554010226916217
2.480331184428522
1.044252069614873
1.4226405800713708
1.5338032977277973
0.47126496797578477
1.5574944402835351
0.650112216492358
0.5703519475044989
1.7341443833695789
0.77596823931332
1.8416554636901954
1.3468189149884862
0.8191537809897689
2.145402347605251
0.8589562379764106
0.5192436950115316
1.2895797943547131
0.9217786566367201
1.7642239770247914
1.1857686593112786
0.8898010225007444
1.794337116739478
0.9228970695775118
0.8084478047144248
0.6838226265577274
0.6821894496174337
0.29477958880183225
0.2807332355680119
2.237164594016728
1.1687333615025455
1.996194706789977
2.4422086387849293
0.22236738058832392
0.9875158306693665
0.4829618861902842
0.9761987630346376
1.912342935549381
0.3562717701754465
2.1588686600624674
2.114553854421299
1.0828218297719001
1.0803051980995784
2.4025178552459487
1.4010760860699623
0.7124047817635577
0.5128630962889345
0.7812665740266433
0.4126184288011925
0.20103024753108142
1.646411953613064
0.23321270031076563
0.9051995047473089
0.37313114040585377
2.1354613117323087
0.8573302594952592
0.5445628469355401
1.4805346106545492
0.3188514088177485
1.5550043097575483
2.3709401755564508
1.4338856882573994
0.798621912305002
1.5014229971762978
1.7135481717604804
1.6321860679878175
0.7810829729211057
2.312450202798807
1.626014440391135
1.586175773636156
1.617160977222906
2.0345979546598096
1.9177476796885937
0.7338033979907084
2.182651817417482
0.25251811097193544
0.34254917678144636
0.7786237988690847
1.9472026751645275
0.6950521580075315
0.38536364470826623
1.6194093617587881
1.257187346647918
2.4280143913701515
1.1945209294049541
0.7188321708030185
0.35456569702675067
0.309424804809268
0.38558264445669954
0.9707242181498987
0.8806259697067846
0.5257680571151575
0.3406882036139468
2.0879540978569224
2.3182537731433785
1.6022442790737834
1.3503155848972905
0.45667043793446543
0.3511078389383464
0.7740669383609509
0.4630621437464106
1.2850995874107032
0.8351791491438567
2.3728915098869074
1.6425882070296112
2.0612370827193836
2.1170702104439845
2.124022593713077
1.8682029712562385
0.2193611871811313
0.2218978975302676
0.36074022245618115
0.6172754941505509
2.0250167808685906
2.013669329287736
1.7155331528027102
2.206464658606221
2.1105373835395183
2.278737344295471
1.6702897447958982
2.3157944753539024
2.185255116127645
0.2620502395341814
1.269212837993461
1.2881562490618128
2.337865332746149
2.349389956611337
1.9563899234536337
1.8923994876240244
0.6016417943334724
2.153446365144739
0.7575379925562709
0.9065195350108097
1.0222559442029349
2.477781995475215
1.06180498168691
1.6399293204876462
2.192524625932262
1.5945481429350288
2.09981621135847
1.806747394549733
1.5987782766566183
0.7763668821526226
1.881173906367239
1.2847738732232636
0.24153643172035447
1.7637961614903803
0.5837787561868732
0.28048172366805063
1.382831583494315
2.4043967910699147
1.2524443555858396
2.1687419337526257
0.6904398692281875
2.298862380630389
0.2259041669671878
0.4508614083184676
1.6563568467946976
0.37618551650943594
1.7393528903758237
1.7328476423446344
0.8793587071133855
2.157042823536468
0.9696563125270983
0.41030038918439465
1.7265810379046878
0.6053880369418596
2.490383054558614
1.5888331468748047
1.535478556855737
1.6457539917249973
1.7671993425824495
1.9248022858923473
1.684663680290984
0.20558515020078838
2.2705660087086272
1.5891881036982274
0.7489899815753258
2.439051662144687
0.21613274179953104
0.6677695437566822
1.133643721478844
1.8445570892324883
1.0623689769615718
2.282559963411156
1.4982722018788595
2.101731043275967
2.0243733437256806
1.0534301399889516
1.025948270731512
0.878405923339981
2.4648392460078226
2.015648437252505
0.6194173994307599
1.9819869822351734
0.8477775619168051
0.763967463091533
0.5030727030425728
1.3827559994241707
0.21578983729150425
0.28686769227920383
0.4130403465027273
1.0798471277059427
0.6411625234849483
0.32319283319226066
1.4137422360609226
0.5436927493659309
1.491130472710474
2.3100025499107417
0.5536236777987413
0.7529326881139937
0.6677679027154286
0.9753402974135783
0.39553269906862437
0.96052543380107
0.8902167554068705
0.47334859890345915
0.9737316146924078
1.9513714933644382
0.7997447877314781
0.9827106886728079
0.7247044837964254
0.23337925989900282
0.7967147611564036
0.8009147143131865
1.1683182629356696
0.8541672193798242
1.8331070663381932
1.861503330766714
2.4235860501372524
0.6375903963231646
1.165723271066594
1.2669484343274837
1.0201072374319964
0.41587854129133445
2.057711404766656
2.3195408243513724
0.6061196399311912
2.2539630448195362
0.6677940235932313
0.4146518165401428
0.9278560061447612
1.686572599505124
0.41331986393969544
0.5626452426774532
2.182557827534107
1.6905016779775568
1.7973387284874809
1.4153087836995388
0.42150384249818507
0.32611464896318126
0.731353034855386
0.8881789536775602
0.33080865028765116
0.20359228636635374
0.3021128804708957
0.5831319741350356
0.32893601160908825
1.5918082634709334
0.24100618520553496
0.8235803963709831
0.5183408547421268
0.27146699131217034
0.8887505151093087
0.9219986764789732
0.5404367260326299
0.8682570726638572
0.8691971043055915
0.7744106478153732
0.5726471951096506
0.7476604132036653
0.3230393807289426
0.2829727318562209
1.0077584059247475
0.7339911315085967
1.4074609641051876
1.1697289407100775
1.1936856332443606
0.8804415383398243
1.3449722458414068
2.3045652699352424
1.553135862897354
0.44243752143820014
1.1549172383943502
1.5503015924876116
0.6533853757205659
1.7598273603471144
0.5978853988002399
0.6018241527366812
1.1099038714979494
1.2861010694300954
1.8258702966480165
1.8826089800794883
1.6167323170608694
1.3026504865487551
1.5304754106793497
2.0533073507452313
Running 200 simulations with 1 MPI ranks
Rank 0: 200 simulations
0.9915638209574769
Running 200 simulations with 1 MPI ranks
Rank 0: 200 simulations
Running 200 simulations with 1 MPI ranks
Rank 0: 200 simulations
2.0740515679410354
1.0232500448424737
Running 200 simulations with 1 MPI ranks
Rank 0: 200 simulations
t=65672  fraction=0.32000  peak_slope=1.909e-05  t_peak=32836  comparison cadence=65672  difference=0.32000  below=0/3
t=66667  fraction=0.32500  peak_slope=1.909e-05  t_peak=32836  comparison cadence=65672  difference=0.32500  below=0/3
t=67663  fraction=0.32500  peak_slope=1.909e-05  t_peak=32836  comparison cadence=65672  difference=0.32500  below=0/3
t=68658  fraction=0.32500  peak_slope=1.909e-05  t_peak=32836  comparison cadence=65672  difference=0.32500  below=0/3
t=69653  fraction=0.32500  peak_slope=1.909e-05  t_peak=32836  comparison cadence=65672  difference=0.32500  below=0/3
t=70648  fraction=0.33000  peak_slope=1.909e-05  t_peak=32836  comparison cadence=65672  difference=0.33000  below=0/3
t=71643  fraction=0.33500  peak_slope=1.909e-05  t_peak=32836  comparison cadence=65672  difference=0.33500  below=0/3
t=72638  fraction=0.34000  peak_slope=1.909e-05  t_peak=32836  comparison cadence=65672  difference=0.34000  below=0/3
t=73633  fraction=0.34500  peak_slope=1.909e-05  t_peak=32836  comparison cadence=65672  difference=0.34500  below=0/3
t=74628  fraction=0.34500  peak_slope=1.909e-05  t_peak=32836  comparison cadence=65672  difference=0.34500  below=0/3
t=75623  fraction=0.34500  peak_slope=1.909e-05  t_peak=32836  comparison cadence=65672  difference=0.34500  below=0/3
t=76618  fraction=0.34500  peak_slope=1.909e-05  t_peak=32836  comparison cadence=65672  difference=0.34500  below=0/3
t=77613  fraction=0.34500  peak_slope=1.909e-05  t_peak=32836  comparison cadence=65672  difference=0.34500  below=0/3
t=78608  fraction=0.34500  peak_slope=1.909e-05  t_peak=32836  comparison cadence=65672  difference=0.34500  below=0/3
t=79603  fraction=0.34500  peak_slope=1.909e-05  t_peak=32836  comparison cadence=65672  difference=0.34500  below=0/3
t=57712  fraction=0.31000  peak_slope=1.105e-05  t_peak=28856  comparison cadence=57712  difference=0.31000  below=0/3
t=80598  fraction=0.35000  peak_slope=1.909e-05  t_peak=32836  comparison cadence=65672  difference=0.34500  below=0/3
t=58707  fraction=0.31000  peak_slope=1.105e-05  t_peak=28856  comparison cadence=57712  difference=0.31000  below=0/3
t=81593  fraction=0.35500  peak_slope=1.909e-05  t_peak=32836  comparison cadence=65672  difference=0.34500  below=0/3
t=59702  fraction=0.31000  peak_slope=1.105e-05  t_peak=28856  comparison cadence=57712  difference=0.31000  below=0/3
t=82588  fraction=0.35500  peak_slope=1.909e-05  t_peak=32836  comparison cadence=65672  difference=0.34000  below=0/3
t=83583  fraction=0.35500  peak_slope=1.909e-05  t_peak=32836  comparison cadence=65672  difference=0.34000  below=0/3
t=60697  fraction=0.31000  peak_slope=1.105e-05  t_peak=28856  comparison cadence=57712  difference=0.31000  below=0/3
t=84578  fraction=0.35500  peak_slope=1.909e-05  t_peak=32836  comparison cadence=65672  difference=0.34000  below=0/3
t=61692  fraction=0.31000  peak_slope=1.105e-05  t_peak=28856  comparison cadence=57712  difference=0.31000  below=0/3
t=85573  fraction=0.36500  peak_slope=1.909e-05  t_peak=32836  comparison cadence=65672  difference=0.34500  below=0/3
t=86568  fraction=0.36500  peak_slope=1.909e-05  t_peak=32836  comparison cadence=65672  difference=0.34000  below=0/3
t=62687  fraction=0.31000  peak_slope=1.105e-05  t_peak=28856  comparison cadence=57712  difference=0.31000  below=0/3
t=87563  fraction=0.36500  peak_slope=1.909e-05  t_peak=32836  comparison cadence=65672  difference=0.33500  below=0/3
t=63682  fraction=0.31000  peak_slope=1.105e-05  t_peak=28856  comparison cadence=57712  difference=0.31000  below=0/3
t=75623  fraction=0.34000  peak_slope=1.407e-05  t_peak=37811  comparison cadence=75623  difference=0.34000  below=0/3
t=88558  fraction=0.36500  peak_slope=1.909e-05  t_peak=32836  comparison cadence=65672  difference=0.33000  below=0/3
t=64677  fraction=0.32000  peak_slope=1.105e-05  t_peak=28856  comparison cadence=57712  difference=0.32000  below=0/3
t=89553  fraction=0.36500  peak_slope=1.909e-05  t_peak=32836  comparison cadence=65672  difference=0.32500  below=0/3
t=76618  fraction=0.34500  peak_slope=1.407e-05  t_peak=37811  comparison cadence=75623  difference=0.34500  below=0/3
t=90548  fraction=0.37000  peak_slope=1.909e-05  t_peak=32836  comparison cadence=65672  difference=0.32500  below=0/3
t=65672  fraction=0.32500  peak_slope=1.105e-05  t_peak=28856  comparison cadence=57712  difference=0.32500  below=0/3
t=77613  fraction=0.34500  peak_slope=1.407e-05  t_peak=37811  comparison cadence=75623  difference=0.34500  below=0/3
t=91543  fraction=0.37000  peak_slope=1.909e-05  t_peak=32836  comparison cadence=65672  difference=0.32500  below=0/3
t=78608  fraction=0.35000  peak_slope=1.407e-05  t_peak=37811  comparison cadence=75623  difference=0.35000  below=0/3
t=66667  fraction=0.32500  peak_slope=1.105e-05  t_peak=28856  comparison cadence=57712  difference=0.32500  below=0/3
t=92538  fraction=0.37000  peak_slope=1.909e-05  t_peak=32836  comparison cadence=65672  difference=0.32000  below=0/3
t=79603  fraction=0.35500  peak_slope=1.407e-05  t_peak=37811  comparison cadence=75623  difference=0.35500  below=0/3
t=67663  fraction=0.33000  peak_slope=1.105e-05  t_peak=28856  comparison cadence=57712  difference=0.33000  below=0/3
t=93533  fraction=0.37000  peak_slope=1.909e-05  t_peak=32836  comparison cadence=65672  difference=0.31500  below=0/3
t=80598  fraction=0.35500  peak_slope=1.407e-05  t_peak=37811  comparison cadence=75623  difference=0.35500  below=0/3
t=94529  fraction=0.37000  peak_slope=1.909e-05  t_peak=32836  comparison cadence=65672  difference=0.29500  below=0/3
t=68658  fraction=0.33500  peak_slope=1.105e-05  t_peak=28856  comparison cadence=57712  difference=0.33500  below=0/3
t=81593  fraction=0.35500  peak_slope=1.407e-05  t_peak=37811  comparison cadence=75623  difference=0.35500  below=0/3
t=95524  fraction=0.37000  peak_slope=1.909e-05  t_peak=32836  comparison cadence=65672  difference=0.27500  below=0/3
t=75623  fraction=0.38000  peak_slope=1.809e-05  t_peak=37811  comparison cadence=75623  difference=0.38000  below=0/3
t=69653  fraction=0.34000  peak_slope=1.105e-05  t_peak=28856  comparison cadence=57712  difference=0.34000  below=0/3
t=96519  fraction=0.37500  peak_slope=1.909e-05  t_peak=32836  comparison cadence=65672  difference=0.25500  below=0/3
t=82588  fraction=0.36000  peak_slope=1.407e-05  t_peak=37811  comparison cadence=75623  difference=0.36000  below=0/3
t=76618  fraction=0.38000  peak_slope=1.809e-05  t_peak=37811  comparison cadence=75623  difference=0.38000  below=0/3
t=70648  fraction=0.34500  peak_slope=1.105e-05  t_peak=28856  comparison cadence=57712  difference=0.34500  below=0/3
t=97514  fraction=0.37500  peak_slope=1.909e-05  t_peak=32836  comparison cadence=65672  difference=0.23500  below=0/3
t=83583  fraction=0.36000  peak_slope=1.407e-05  t_peak=37811  comparison cadence=75623  difference=0.36000  below=0/3
t=98509  fraction=0.38000  peak_slope=1.909e-05  t_peak=32836  comparison cadence=65672  difference=0.23000  below=0/3
t=77613  fraction=0.38000  peak_slope=1.809e-05  t_peak=37811  comparison cadence=75623  difference=0.38000  below=0/3
t=71643  fraction=0.34500  peak_slope=1.105e-05  t_peak=28856  comparison cadence=57712  difference=0.34500  below=0/3
t=84578  fraction=0.36000  peak_slope=1.407e-05  t_peak=37811  comparison cadence=75623  difference=0.36000  below=0/3
t=99504  fraction=0.38000  peak_slope=1.909e-05  t_peak=32836  comparison cadence=65672  difference=0.21500  below=0/3
t=78608  fraction=0.38000  peak_slope=1.809e-05  t_peak=37811  comparison cadence=75623  difference=0.38000  below=0/3
t=85573  fraction=0.36000  peak_slope=1.407e-05  t_peak=37811  comparison cadence=75623  difference=0.36000  below=0/3
t=72638  fraction=0.34500  peak_slope=1.105e-05  t_peak=28856  comparison cadence=57712  difference=0.34500  below=0/3
t=100499  fraction=0.38000  peak_slope=1.909e-05  t_peak=32836  comparison cadence=65672  difference=0.21000  below=0/3
t=79603  fraction=0.38000  peak_slope=1.809e-05  t_peak=37811  comparison cadence=75623  difference=0.38000  below=0/3
t=86568  fraction=0.36000  peak_slope=1.407e-05  t_peak=37811  comparison cadence=75623  difference=0.36000  below=0/3
t=101494  fraction=0.38500  peak_slope=1.909e-05  t_peak=32836  comparison cadence=65672  difference=0.21000  below=0/3
t=73633  fraction=0.34500  peak_slope=1.105e-05  t_peak=28856  comparison cadence=57712  difference=0.34000  below=0/3
t=80598  fraction=0.38500  peak_slope=1.809e-05  t_peak=37811  comparison cadence=75623  difference=0.38500  below=0/3
t=87563  fraction=0.36500  peak_slope=1.407e-05  t_peak=37811  comparison cadence=75623  difference=0.36500  below=0/3
t=102489  fraction=0.38500  peak_slope=1.909e-05  t_peak=32836  comparison cadence=65672  difference=0.20500  below=0/3
t=74628  fraction=0.34500  peak_slope=1.105e-05  t_peak=28856  comparison cadence=57712  difference=0.34000  below=0/3
t=103484  fraction=0.38500  peak_slope=1.909e-05  t_peak=32836  comparison cadence=65672  difference=0.19500  below=0/3
t=88558  fraction=0.36500  peak_slope=1.407e-05  t_peak=37811  comparison cadence=75623  difference=0.36500  below=0/3
t=81593  fraction=0.39000  peak_slope=1.809e-05  t_peak=37811  comparison cadence=75623  difference=0.39000  below=0/3
t=75623  fraction=0.34500  peak_slope=1.105e-05  t_peak=28856  comparison cadence=57712  difference=0.33500  below=0/3
t=104479  fraction=0.39000  peak_slope=1.909e-05  t_peak=32836  comparison cadence=65672  difference=0.18000  below=0/3
t=89553  fraction=0.37000  peak_slope=1.407e-05  t_peak=37811  comparison cadence=75623  difference=0.37000  below=0/3
t=82588  fraction=0.39000  peak_slope=1.809e-05  t_peak=37811  comparison cadence=75623  difference=0.39000  below=0/3
t=105474  fraction=0.39000  peak_slope=1.909e-05  t_peak=32836  comparison cadence=65672  difference=0.16500  below=0/3
t=76618  fraction=0.35000  peak_slope=1.105e-05  t_peak=28856  comparison cadence=57712  difference=0.34000  below=0/3
t=90548  fraction=0.37000  peak_slope=1.407e-05  t_peak=37811  comparison cadence=75623  difference=0.36500  below=0/3
t=83583  fraction=0.39500  peak_slope=1.809e-05  t_peak=37811  comparison cadence=75623  difference=0.39500  below=0/3
t=106469  fraction=0.39000  peak_slope=1.909e-05  t_peak=32836  comparison cadence=65672  difference=0.16500  below=0/3
t=77613  fraction=0.35000  peak_slope=1.105e-05  t_peak=28856  comparison cadence=57712  difference=0.33000  below=0/3
t=91543  fraction=0.37000  peak_slope=1.407e-05  t_peak=37811  comparison cadence=75623  difference=0.36500  below=0/3
t=84578  fraction=0.39500  peak_slope=1.809e-05  t_peak=37811  comparison cadence=75623  difference=0.39500  below=0/3
t=107464  fraction=0.39000  peak_slope=1.909e-05  t_peak=32836  comparison cadence=65672  difference=0.16500  below=0/3
t=92538  fraction=0.37000  peak_slope=1.407e-05  t_peak=37811  comparison cadence=75623  difference=0.36500  below=0/3
t=78608  fraction=0.35000  peak_slope=1.105e-05  t_peak=28856  comparison cadence=57712  difference=0.31000  below=0/3
t=108459  fraction=0.39500  peak_slope=1.909e-05  t_peak=32836  comparison cadence=65672  difference=0.17000  below=0/3
t=85573  fraction=0.39500  peak_slope=1.809e-05  t_peak=37811  comparison cadence=75623  difference=0.39500  below=0/3
t=93533  fraction=0.37500  peak_slope=1.407e-05  t_peak=37811  comparison cadence=75623  difference=0.37000  below=0/3
t=109454  fraction=0.40000  peak_slope=1.909e-05  t_peak=32836  comparison cadence=65672  difference=0.16500  below=0/3
t=79603  fraction=0.35000  peak_slope=1.105e-05  t_peak=28856  comparison cadence=57712  difference=0.31000  below=0/3
t=86568  fraction=0.39500  peak_slope=1.809e-05  t_peak=37811  comparison cadence=75623  difference=0.39500  below=0/3
t=110449  fraction=0.40500  peak_slope=1.909e-05  t_peak=32836  comparison cadence=65672  difference=0.15500  below=0/3
t=94529  fraction=0.38000  peak_slope=1.407e-05  t_peak=37811  comparison cadence=75623  difference=0.36500  below=0/3
t=80598  fraction=0.35000  peak_slope=1.105e-05  t_peak=28856  comparison cadence=57712  difference=0.30000  below=0/3
t=87563  fraction=0.39500  peak_slope=1.809e-05  t_peak=37811  comparison cadence=75623  difference=0.39500  below=0/3
t=111444  fraction=0.41000  peak_slope=1.909e-05  t_peak=32836  comparison cadence=65672  difference=0.16000  below=0/3
t=95524  fraction=0.38000  peak_slope=1.407e-05  t_peak=37811  comparison cadence=75623  difference=0.36500  below=0/3
t=81593  fraction=0.35000  peak_slope=1.105e-05  t_peak=28856  comparison cadence=57712  difference=0.29000  below=0/3
t=112439  fraction=0.41000  peak_slope=1.909e-05  t_peak=32836  comparison cadence=65672  difference=0.15500  below=0/3
t=88558  fraction=0.39500  peak_slope=1.809e-05  t_peak=37811  comparison cadence=75623  difference=0.39500  below=0/3
t=96519  fraction=0.38000  peak_slope=1.407e-05  t_peak=37811  comparison cadence=75623  difference=0.34000  below=0/3
t=113434  fraction=0.41500  peak_slope=1.909e-05  t_peak=32836  comparison cadence=65672  difference=0.16000  below=0/3
t=89553  fraction=0.40500  peak_slope=1.809e-05  t_peak=37811  comparison cadence=75623  difference=0.40500  below=0/3
t=82588  fraction=0.35000  peak_slope=1.105e-05  t_peak=28856  comparison cadence=57712  difference=0.27500  below=0/3
t=97514  fraction=0.38500  peak_slope=1.407e-05  t_peak=37811  comparison cadence=75623  difference=0.34000  below=0/3
t=114429  fraction=0.41500  peak_slope=1.909e-05  t_peak=32836  comparison cadence=65672  difference=0.15500  below=0/3
t=90548  fraction=0.40500  peak_slope=1.809e-05  t_peak=37811  comparison cadence=75623  difference=0.40500  below=0/3
t=98509  fraction=0.38500  peak_slope=1.407e-05  t_peak=37811  comparison cadence=75623  difference=0.32500  below=0/3
t=83583  fraction=0.35000  peak_slope=1.105e-05  t_peak=28856  comparison cadence=57712  difference=0.26500  below=0/3
t=115424  fraction=0.41500  peak_slope=1.909e-05  t_peak=32836  comparison cadence=65672  difference=0.15000  below=0/3
t=99504  fraction=0.39000  peak_slope=1.407e-05  t_peak=37811  comparison cadence=75623  difference=0.32000  below=0/3
t=91543  fraction=0.40500  peak_slope=1.809e-05  t_peak=37811  comparison cadence=75623  difference=0.40500  below=0/3
t=116419  fraction=0.41500  peak_slope=1.909e-05  t_peak=32836  comparison cadence=65672  difference=0.14500  below=0/3
t=84578  fraction=0.35000  peak_slope=1.105e-05  t_peak=28856  comparison cadence=57712  difference=0.26000  below=0/3
t=117414  fraction=0.41500  peak_slope=1.909e-05  t_peak=32836  comparison cadence=65672  difference=0.14500  below=0/3
t=100499  fraction=0.39000  peak_slope=1.407e-05  t_peak=37811  comparison cadence=75623  difference=0.31500  below=0/3
t=92538  fraction=0.40500  peak_slope=1.809e-05  t_peak=37811  comparison cadence=75623  difference=0.40000  below=0/3
t=85573  fraction=0.35000  peak_slope=1.105e-05  t_peak=28856  comparison cadence=57712  difference=0.25000  below=0/3
t=118409  fraction=0.41500  peak_slope=1.909e-05  t_peak=32836  comparison cadence=65672  difference=0.12000  below=0/3
t=101494  fraction=0.39000  peak_slope=1.407e-05  t_peak=37811  comparison cadence=75623  difference=0.31000  below=0/3
t=93533  fraction=0.40500  peak_slope=1.809e-05  t_peak=37811  comparison cadence=75623  difference=0.40000  below=0/3
t=86568  fraction=0.35000  peak_slope=1.105e-05  t_peak=28856  comparison cadence=57712  difference=0.23500  below=0/3
t=119404  fraction=0.41500  peak_slope=1.909e-05  t_peak=32836  comparison cadence=65672  difference=0.12000  below=0/3
t=102489  fraction=0.39500  peak_slope=1.407e-05  t_peak=37811  comparison cadence=75623  difference=0.30500  below=0/3
t=94529  fraction=0.40500  peak_slope=1.809e-05  t_peak=37811  comparison cadence=75623  difference=0.38500  below=0/3
t=120400  fraction=0.41500  peak_slope=1.909e-05  t_peak=32836  comparison cadence=65672  difference=0.12000  below=0/3
t=87563  fraction=0.35000  peak_slope=1.105e-05  t_peak=28856  comparison cadence=57712  difference=0.23500  below=0/3
t=103484  fraction=0.39500  peak_slope=1.407e-05  t_peak=37811  comparison cadence=75623  difference=0.29500  below=0/3
t=121395  fraction=0.41500  peak_slope=1.909e-05  t_peak=32836  comparison cadence=65672  difference=0.12000  below=0/3
t=95524  fraction=0.40500  peak_slope=1.809e-05  t_peak=37811  comparison cadence=75623  difference=0.38000  below=0/3
t=88558  fraction=0.35000  peak_slope=1.105e-05  t_peak=28856  comparison cadence=57712  difference=0.22000  below=0/3
t=104479  fraction=0.39500  peak_slope=1.407e-05  t_peak=37811  comparison cadence=75623  difference=0.28500  below=0/3
t=122390  fraction=0.41500  peak_slope=1.909e-05  t_peak=32836  comparison cadence=65672  difference=0.11500  below=0/3
t=96519  fraction=0.40500  peak_slope=1.809e-05  t_peak=37811  comparison cadence=75623  difference=0.36000  below=0/3
t=105474  fraction=0.39500  peak_slope=1.407e-05  t_peak=37811  comparison cadence=75623  difference=0.28000  below=0/3
t=123385  fraction=0.41500  peak_slope=1.909e-05  t_peak=32836  comparison cadence=65672  difference=0.11500  below=0/3
t=89553  fraction=0.35000  peak_slope=1.105e-05  t_peak=28856  comparison cadence=57712  difference=0.21500  below=0/3
t=97514  fraction=0.40500  peak_slope=1.809e-05  t_peak=37811  comparison cadence=75623  difference=0.36000  below=0/3
t=124380  fraction=0.41500  peak_slope=1.909e-05  t_peak=32836  comparison cadence=65672  difference=0.11000  below=0/3
t=106469  fraction=0.39500  peak_slope=1.407e-05  t_peak=37811  comparison cadence=75623  difference=0.27500  below=0/3
t=90548  fraction=0.35500  peak_slope=1.105e-05  t_peak=28856  comparison cadence=57712  difference=0.21000  below=0/3
t=98509  fraction=0.40500  peak_slope=1.809e-05  t_peak=37811  comparison cadence=75623  difference=0.34000  below=0/3
t=125375  fraction=0.41500  peak_slope=1.909e-05  t_peak=32836  comparison cadence=65672  difference=0.11000  below=0/3
t=107464  fraction=0.40000  peak_slope=1.407e-05  t_peak=37811  comparison cadence=75623  difference=0.27000  below=0/3
t=91543  fraction=0.35500  peak_slope=1.105e-05  t_peak=28856  comparison cadence=57712  difference=0.19000  below=0/3
t=126370  fraction=0.41500  peak_slope=1.909e-05  t_peak=32836  comparison cadence=65672  difference=0.11000  below=0/3
t=99504  fraction=0.41500  peak_slope=1.809e-05  t_peak=37811  comparison cadence=75623  difference=0.34500  below=0/3
t=108459  fraction=0.40000  peak_slope=1.407e-05  t_peak=37811  comparison cadence=75623  difference=0.27000  below=0/3
t=127365  fraction=0.41500  peak_slope=1.909e-05  t_peak=32836  comparison cadence=65672  difference=0.11000  below=0/3
t=92538  fraction=0.35500  peak_slope=1.105e-05  t_peak=28856  comparison cadence=57712  difference=0.18500  below=0/3
t=100499  fraction=0.41500  peak_slope=1.809e-05  t_peak=37811  comparison cadence=75623  difference=0.33000  below=0/3
t=109454  fraction=0.40500  peak_slope=1.407e-05  t_peak=37811  comparison cadence=75623  difference=0.25000  below=0/3
t=128360  fraction=0.41500  peak_slope=1.909e-05  t_peak=32836  comparison cadence=65672  difference=0.11000  below=0/3
t=93533  fraction=0.36000  peak_slope=1.105e-05  t_peak=28856  comparison cadence=57712  difference=0.19000  below=0/3
t=110449  fraction=0.40500  peak_slope=1.407e-05  t_peak=37811  comparison cadence=75623  difference=0.23500  below=0/3
t=101494  fraction=0.41500  peak_slope=1.809e-05  t_peak=37811  comparison cadence=75623  difference=0.31500  below=0/3
t=129355  fraction=0.41500  peak_slope=1.909e-05  t_peak=32836  comparison cadence=65672  difference=0.10500  below=0/3
t=111444  fraction=0.40500  peak_slope=1.407e-05  t_peak=37811  comparison cadence=75623  difference=0.23000  below=0/3
t=130350  fraction=0.41500  peak_slope=1.909e-05  t_peak=32836  comparison cadence=65672  difference=0.10000  below=0/3
t=102489  fraction=0.41500  peak_slope=1.809e-05  t_peak=37811  comparison cadence=75623  difference=0.30500  below=0/3
t=94529  fraction=0.36000  peak_slope=1.105e-05  t_peak=28856  comparison cadence=57712  difference=0.19000  below=0/3
t=131345  fraction=0.41500  peak_slope=1.909e-05  t_peak=32836  comparison cadence=65672  difference=0.09500  below=0/3
t=112439  fraction=0.40500  peak_slope=1.407e-05  t_peak=37811  comparison cadence=75623  difference=0.21500  below=0/3
t=103484  fraction=0.41500  peak_slope=1.809e-05  t_peak=37811  comparison cadence=75623  difference=0.30500  below=0/3
t=95524  fraction=0.36500  peak_slope=1.105e-05  t_peak=28856  comparison cadence=57712  difference=0.18500  below=0/3
t=132340  fraction=0.41500  peak_slope=1.909e-05  t_peak=32836  comparison cadence=65672  difference=0.09000  below=0/3
t=113434  fraction=0.40500  peak_slope=1.407e-05  t_peak=37811  comparison cadence=75623  difference=0.20500  below=0/3
t=104479  fraction=0.41500  peak_slope=1.809e-05  t_peak=37811  comparison cadence=75623  difference=0.28500  below=0/3
t=96519  fraction=0.36500  peak_slope=1.105e-05  t_peak=28856  comparison cadence=57712  difference=0.17500  below=0/3
t=133335  fraction=0.42000  peak_slope=1.909e-05  t_peak=32836  comparison cadence=65672  difference=0.09500  below=0/3
t=114429  fraction=0.40500  peak_slope=1.407e-05  t_peak=37811  comparison cadence=75623  difference=0.19000  below=0/3
t=105474  fraction=0.41500  peak_slope=1.809e-05  t_peak=37811  comparison cadence=75623  difference=0.27000  below=0/3
t=134330  fraction=0.42000  peak_slope=1.909e-05  t_peak=32836  comparison cadence=65672  difference=0.09500  below=0/3
t=97514  fraction=0.37000  peak_slope=1.105e-05  t_peak=28856  comparison cadence=57712  difference=0.18000  below=0/3
t=115424  fraction=0.40500  peak_slope=1.407e-05  t_peak=37811  comparison cadence=75623  difference=0.19000  below=0/3
t=135325  fraction=0.42000  peak_slope=1.909e-05  t_peak=32836  comparison cadence=65672  difference=0.09500  below=0/3
t=106469  fraction=0.41500  peak_slope=1.809e-05  t_peak=37811  comparison cadence=75623  difference=0.26000  below=0/3
t=98509  fraction=0.37500  peak_slope=1.105e-05  t_peak=28856  comparison cadence=57712  difference=0.18000  below=0/3
t=116419  fraction=0.41000  peak_slope=1.407e-05  t_peak=37811  comparison cadence=75623  difference=0.19500  below=0/3
t=136320  fraction=0.42000  peak_slope=1.909e-05  t_peak=32836  comparison cadence=65672  difference=0.09000  below=0/3
t=107464  fraction=0.41500  peak_slope=1.809e-05  t_peak=37811  comparison cadence=75623  difference=0.26000  below=0/3
t=117414  fraction=0.41000  peak_slope=1.407e-05  t_peak=37811  comparison cadence=75623  difference=0.19000  below=0/3
t=99504  fraction=0.37500  peak_slope=1.105e-05  t_peak=28856  comparison cadence=57712  difference=0.17000  below=0/3
t=137315  fraction=0.42000  peak_slope=1.909e-05  t_peak=32836  comparison cadence=65672  difference=0.08500  below=0/3
t=108459  fraction=0.41500  peak_slope=1.809e-05  t_peak=37811  comparison cadence=75623  difference=0.25500  below=0/3
t=118409  fraction=0.41000  peak_slope=1.407e-05  t_peak=37811  comparison cadence=75623  difference=0.18500  below=0/3
t=138310  fraction=0.42000  peak_slope=1.909e-05  t_peak=32836  comparison cadence=65672  difference=0.08000  below=0/3
t=100499  fraction=0.37500  peak_slope=1.105e-05  t_peak=28856  comparison cadence=57712  difference=0.16500  below=0/3
t=139305  fraction=0.42000  peak_slope=1.909e-05  t_peak=32836  comparison cadence=65672  difference=0.07500  below=0/3
t=109454  fraction=0.41500  peak_slope=1.809e-05  t_peak=37811  comparison cadence=75623  difference=0.24000  below=0/3
t=119404  fraction=0.41500  peak_slope=1.407e-05  t_peak=37811  comparison cadence=75623  difference=0.19000  below=0/3
t=101494  fraction=0.38000  peak_slope=1.105e-05  t_peak=28856  comparison cadence=57712  difference=0.17000  below=0/3
t=140300  fraction=0.42000  peak_slope=1.909e-05  t_peak=32836  comparison cadence=65672  difference=0.07500  below=0/3
t=110449  fraction=0.41500  peak_slope=1.809e-05  t_peak=37811  comparison cadence=75623  difference=0.22500  below=0/3
t=120400  fraction=0.41500  peak_slope=1.407e-05  t_peak=37811  comparison cadence=75623  difference=0.18500  below=0/3
t=141295  fraction=0.42000  peak_slope=1.909e-05  t_peak=32836  comparison cadence=65672  difference=0.07500  below=0/3
t=102489  fraction=0.38000  peak_slope=1.105e-05  t_peak=28856  comparison cadence=57712  difference=0.16500  below=0/3
t=121395  fraction=0.41500  peak_slope=1.407e-05  t_peak=37811  comparison cadence=75623  difference=0.18000  below=0/3
t=111444  fraction=0.41500  peak_slope=1.809e-05  t_peak=37811  comparison cadence=75623  difference=0.21500  below=0/3
t=142290  fraction=0.42000  peak_slope=1.909e-05  t_peak=32836  comparison cadence=65672  difference=0.07500  below=0/3
t=103484  fraction=0.38000  peak_slope=1.105e-05  t_peak=28856  comparison cadence=57712  difference=0.16000  below=0/3
t=122390  fraction=0.41500  peak_slope=1.407e-05  t_peak=37811  comparison cadence=75623  difference=0.17500  below=0/3
t=112439  fraction=0.41500  peak_slope=1.809e-05  t_peak=37811  comparison cadence=75623  difference=0.20000  below=0/3
t=143285  fraction=0.42000  peak_slope=1.909e-05  t_peak=32836  comparison cadence=65672  difference=0.07500  below=0/3
t=123385  fraction=0.41500  peak_slope=1.407e-05  t_peak=37811  comparison cadence=75623  difference=0.17000  below=0/3
t=104479  fraction=0.38000  peak_slope=1.105e-05  t_peak=28856  comparison cadence=57712  difference=0.15000  below=0/3
t=144280  fraction=0.42000  peak_slope=1.909e-05  t_peak=32836  comparison cadence=65672  difference=0.07500  below=0/3
t=113434  fraction=0.41500  peak_slope=1.809e-05  t_peak=37811  comparison cadence=75623  difference=0.16500  below=0/3
t=124380  fraction=0.41500  peak_slope=1.407e-05  t_peak=37811  comparison cadence=75623  difference=0.17000  below=0/3
t=145275  fraction=0.42000  peak_slope=1.909e-05  t_peak=32836  comparison cadence=65672  difference=0.07500  below=0/3
t=105474  fraction=0.38500  peak_slope=1.105e-05  t_peak=28856  comparison cadence=57712  difference=0.15500  below=0/3
t=114429  fraction=0.41500  peak_slope=1.809e-05  t_peak=37811  comparison cadence=75623  difference=0.15500  below=0/3
t=146270  fraction=0.42000  peak_slope=1.909e-05  t_peak=32836  comparison cadence=65672  difference=0.07000  below=0/3
t=125375  fraction=0.41500  peak_slope=1.407e-05  t_peak=37811  comparison cadence=75623  difference=0.17000  below=0/3
t=106469  fraction=0.38500  peak_slope=1.105e-05  t_peak=28856  comparison cadence=57712  difference=0.14500  below=0/3
t=115424  fraction=0.41500  peak_slope=1.809e-05  t_peak=37811  comparison cadence=75623  difference=0.14500  below=0/3
t=147266  fraction=0.42000  peak_slope=1.909e-05  t_peak=32836  comparison cadence=65672  difference=0.06500  below=0/3
t=126370  fraction=0.42000  peak_slope=1.407e-05  t_peak=37811  comparison cadence=75623  difference=0.16500  below=0/3
t=148261  fraction=0.42000  peak_slope=1.909e-05  t_peak=32836  comparison cadence=65672  difference=0.06500  below=0/3
t=116419  fraction=0.42000  peak_slope=1.809e-05  t_peak=37811  comparison cadence=75623  difference=0.14500  below=0/3
t=107464  fraction=0.38500  peak_slope=1.105e-05  t_peak=28856  comparison cadence=57712  difference=0.12500  below=0/3
t=127365  fraction=0.42000  peak_slope=1.407e-05  t_peak=37811  comparison cadence=75623  difference=0.16500  below=0/3
t=149256  fraction=0.42000  peak_slope=1.909e-05  t_peak=32836  comparison cadence=65672  difference=0.06500  below=0/3
t=117414  fraction=0.42000  peak_slope=1.809e-05  t_peak=37811  comparison cadence=75623  difference=0.14000  below=0/3
t=108459  fraction=0.38500  peak_slope=1.105e-05  t_peak=28856  comparison cadence=57712  difference=0.12000  below=0/3
t=128360  fraction=0.42000  peak_slope=1.407e-05  t_peak=37811  comparison cadence=75623  difference=0.15500  below=0/3
t=150251  fraction=0.42000  peak_slope=1.909e-05  t_peak=32836  comparison cadence=65672  difference=0.06500  below=0/3
t=118409  fraction=0.42000  peak_slope=1.809e-05  t_peak=37811  comparison cadence=75623  difference=0.13500  below=0/3
t=129355  fraction=0.42000  peak_slope=1.407e-05  t_peak=37811  comparison cadence=75623  difference=0.15000  below=0/3
t=109454  fraction=0.38500  peak_slope=1.105e-05  t_peak=28856  comparison cadence=57712  difference=0.11000  below=0/3
t=151246  fraction=0.42500  peak_slope=1.909e-05  t_peak=32836  comparison cadence=65672  difference=0.06000  below=0/3
t=119404  fraction=0.42000  peak_slope=1.809e-05  t_peak=37811  comparison cadence=75623  difference=0.13000  below=0/3
t=152241  fraction=0.42500  peak_slope=1.909e-05  t_peak=32836  comparison cadence=65672  difference=0.06000  below=0/3
t=130350  fraction=0.42500  peak_slope=1.407e-05  t_peak=37811  comparison cadence=75623  difference=0.15500  below=0/3
t=110449  fraction=0.38500  peak_slope=1.105e-05  t_peak=28856  comparison cadence=57712  difference=0.10500  below=0/3
t=153236  fraction=0.42500  peak_slope=1.909e-05  t_peak=32836  comparison cadence=65672  difference=0.06000  below=0/3
t=120400  fraction=0.42500  peak_slope=1.809e-05  t_peak=37811  comparison cadence=75623  difference=0.13500  below=0/3
t=131345  fraction=0.42500  peak_slope=1.407e-05  t_peak=37811  comparison cadence=75623  difference=0.15000  below=0/3
t=111444  fraction=0.38500  peak_slope=1.105e-05  t_peak=28856  comparison cadence=57712  difference=0.10000  below=0/3
t=154231  fraction=0.42500  peak_slope=1.909e-05  t_peak=32836  comparison cadence=65672  difference=0.06000  below=0/3
t=132340  fraction=0.42500  peak_slope=1.407e-05  t_peak=37811  comparison cadence=75623  difference=0.15000  below=0/3
t=121395  fraction=0.42500  peak_slope=1.809e-05  t_peak=37811  comparison cadence=75623  difference=0.13500  below=0/3
t=155226  fraction=0.42500  peak_slope=1.909e-05  t_peak=32836  comparison cadence=65672  difference=0.06000  below=0/3
t=112439  fraction=0.38500  peak_slope=1.105e-05  t_peak=28856  comparison cadence=57712  difference=0.09500  below=0/3
t=133335  fraction=0.43000  peak_slope=1.407e-05  t_peak=37811  comparison cadence=75623  difference=0.15000  below=0/3
t=122390  fraction=0.42500  peak_slope=1.809e-05  t_peak=37811  comparison cadence=75623  difference=0.13500  below=0/3
t=156221  fraction=0.42500  peak_slope=1.909e-05  t_peak=32836  comparison cadence=65672  difference=0.05500  below=0/3
t=113434  fraction=0.38500  peak_slope=1.105e-05  t_peak=28856  comparison cadence=57712  difference=0.09500  below=0/3
t=134330  fraction=0.43000  peak_slope=1.407e-05  t_peak=37811  comparison cadence=75623  difference=0.14500  below=0/3
t=123385  fraction=0.42500  peak_slope=1.809e-05  t_peak=37811  comparison cadence=75623  difference=0.12500  below=0/3
t=157216  fraction=0.42500  peak_slope=1.909e-05  t_peak=32836  comparison cadence=65672  difference=0.05500  below=0/3
t=114429  fraction=0.38500  peak_slope=1.105e-05  t_peak=28856  comparison cadence=57712  difference=0.08500  below=0/3
t=135325  fraction=0.43000  peak_slope=1.407e-05  t_peak=37811  comparison cadence=75623  difference=0.14000  below=0/3
t=158211  fraction=0.42500  peak_slope=1.909e-05  t_peak=32836  comparison cadence=65672  difference=0.05500  below=0/3
t=124380  fraction=0.42500  peak_slope=1.809e-05  t_peak=37811  comparison cadence=75623  difference=0.11500  below=0/3
t=159206  fraction=0.42500  peak_slope=1.909e-05  t_peak=32836  comparison cadence=65672  difference=0.05500  below=0/3
t=136320  fraction=0.43000  peak_slope=1.407e-05  t_peak=37811  comparison cadence=75623  difference=0.13500  below=0/3
t=115424  fraction=0.38500  peak_slope=1.105e-05  t_peak=28856  comparison cadence=57712  difference=0.07500  below=0/3
t=125375  fraction=0.42500  peak_slope=1.809e-05  t_peak=37811  comparison cadence=75623  difference=0.11000  below=0/3
t=160201  fraction=0.42500  peak_slope=1.909e-05  t_peak=32836  comparison cadence=65672  difference=0.05500  below=0/3
t=137315  fraction=0.43000  peak_slope=1.407e-05  t_peak=37811  comparison cadence=75623  difference=0.13000  below=0/3
t=116419  fraction=0.38500  peak_slope=1.105e-05  t_peak=28856  comparison cadence=57712  difference=0.07500  below=0/3
t=126370  fraction=0.42500  peak_slope=1.809e-05  t_peak=37811  comparison cadence=75623  difference=0.10000  below=0/3
t=161196  fraction=0.42500  peak_slope=1.909e-05  t_peak=32836  comparison cadence=65672  difference=0.05500  below=0/3
t=138310  fraction=0.43000  peak_slope=1.407e-05  t_peak=37811  comparison cadence=75623  difference=0.12500  below=0/3
t=162191  fraction=0.42500  peak_slope=1.909e-05  t_peak=32836  comparison cadence=65672  difference=0.05000  below=1/3
t=117414  fraction=0.38500  peak_slope=1.105e-05  t_peak=28856  comparison cadence=57712  difference=0.07500  below=0/3
t=127365  fraction=0.42500  peak_slope=1.809e-05  t_peak=37811  comparison cadence=75623  difference=0.09000  below=0/3
t=139305  fraction=0.43000  peak_slope=1.407e-05  t_peak=37811  comparison cadence=75623  difference=0.12000  below=0/3
t=163186  fraction=0.42500  peak_slope=1.909e-05  t_peak=32836  comparison cadence=65672  difference=0.05000  below=2/3
t=118409  fraction=0.39000  peak_slope=1.105e-05  t_peak=28856  comparison cadence=57712  difference=0.08000  below=0/3
t=128360  fraction=0.42500  peak_slope=1.809e-05  t_peak=37811  comparison cadence=75623  difference=0.09000  below=0/3
t=140300  fraction=0.43000  peak_slope=1.407e-05  t_peak=37811  comparison cadence=75623  difference=0.12000  below=0/3
t=164181  fraction=0.42500  peak_slope=1.909e-05  t_peak=32836  comparison cadence=65672  difference=0.04500  below=3/3
Stopping at t=164181.1363846482
Saved 111 remaining particles to /scratch/group/p.phy260085.000//Mass_Fraction/Outputs/Ejection_Results/remaining_particles_2150620_0.csv
t=129355  fraction=0.42500  peak_slope=1.809e-05  t_peak=37811  comparison cadence=75623  difference=0.08500  below=0/3
t=119404  fraction=0.39000  peak_slope=1.105e-05  t_peak=28856  comparison cadence=57712  difference=0.08000  below=0/3
t=141295  fraction=0.43000  peak_slope=1.407e-05  t_peak=37811  comparison cadence=75623  difference=0.12000  below=0/3
t=130350  fraction=0.42500  peak_slope=1.809e-05  t_peak=37811  comparison cadence=75623  difference=0.08500  below=0/3
t=120400  fraction=0.39000  peak_slope=1.105e-05  t_peak=28856  comparison cadence=57712  difference=0.08000  below=0/3
t=142290  fraction=0.43000  peak_slope=1.407e-05  t_peak=37811  comparison cadence=75623  difference=0.10500  below=0/3
t=131345  fraction=0.42500  peak_slope=1.809e-05  t_peak=37811  comparison cadence=75623  difference=0.08000  below=0/3
t=143285  fraction=0.43000  peak_slope=1.407e-05  t_peak=37811  comparison cadence=75623  difference=0.10500  below=0/3
t=121395  fraction=0.39500  peak_slope=1.105e-05  t_peak=28856  comparison cadence=57712  difference=0.08500  below=0/3
t=132340  fraction=0.42500  peak_slope=1.809e-05  t_peak=37811  comparison cadence=75623  difference=0.07000  below=0/3
t=144280  fraction=0.43000  peak_slope=1.407e-05  t_peak=37811  comparison cadence=75623  difference=0.10500  below=0/3
t=122390  fraction=0.39500  peak_slope=1.105e-05  t_peak=28856  comparison cadence=57712  difference=0.07500  below=0/3
t=145275  fraction=0.43000  peak_slope=1.407e-05  t_peak=37811  comparison cadence=75623  difference=0.10000  below=0/3
t=133335  fraction=0.42500  peak_slope=1.809e-05  t_peak=37811  comparison cadence=75623  difference=0.07000  below=0/3
t=123385  fraction=0.39500  peak_slope=1.105e-05  t_peak=28856  comparison cadence=57712  difference=0.07000  below=0/3
t=146270  fraction=0.43000  peak_slope=1.407e-05  t_peak=37811  comparison cadence=75623  difference=0.10000  below=0/3
t=134330  fraction=0.42500  peak_slope=1.809e-05  t_peak=37811  comparison cadence=75623  difference=0.07000  below=0/3
t=124380  fraction=0.39500  peak_slope=1.105e-05  t_peak=28856  comparison cadence=57712  difference=0.07000  below=0/3
t=147266  fraction=0.43000  peak_slope=1.407e-05  t_peak=37811  comparison cadence=75623  difference=0.10000  below=0/3
t=135325  fraction=0.42500  peak_slope=1.809e-05  t_peak=37811  comparison cadence=75623  difference=0.06500  below=0/3
t=125375  fraction=0.39500  peak_slope=1.105e-05  t_peak=28856  comparison cadence=57712  difference=0.06500  below=0/3
t=148261  fraction=0.43000  peak_slope=1.407e-05  t_peak=37811  comparison cadence=75623  difference=0.10000  below=0/3
t=136320  fraction=0.42500  peak_slope=1.809e-05  t_peak=37811  comparison cadence=75623  difference=0.06000  below=0/3
t=126370  fraction=0.39500  peak_slope=1.105e-05  t_peak=28856  comparison cadence=57712  difference=0.06000  below=0/3
t=149256  fraction=0.43000  peak_slope=1.407e-05  t_peak=37811  comparison cadence=75623  difference=0.09500  below=0/3
t=137315  fraction=0.42500  peak_slope=1.809e-05  t_peak=37811  comparison cadence=75623  difference=0.05500  below=0/3
t=150251  fraction=0.43000  peak_slope=1.407e-05  t_peak=37811  comparison cadence=75623  difference=0.09000  below=0/3
t=127365  fraction=0.39500  peak_slope=1.105e-05  t_peak=28856  comparison cadence=57712  difference=0.05500  below=0/3
t=138310  fraction=0.42500  peak_slope=1.809e-05  t_peak=37811  comparison cadence=75623  difference=0.05500  below=0/3
t=151246  fraction=0.43000  peak_slope=1.407e-05  t_peak=37811  comparison cadence=75623  difference=0.09000  below=0/3
t=128360  fraction=0.40000  peak_slope=1.105e-05  t_peak=28856  comparison cadence=57712  difference=0.05500  below=0/3
t=139305  fraction=0.42500  peak_slope=1.809e-05  t_peak=37811  comparison cadence=75623  difference=0.05500  below=0/3
t=152241  fraction=0.44000  peak_slope=1.407e-05  t_peak=37811  comparison cadence=75623  difference=0.09500  below=0/3
t=129355  fraction=0.40000  peak_slope=1.105e-05  t_peak=28856  comparison cadence=57712  difference=0.05500  below=0/3
t=140300  fraction=0.42500  peak_slope=1.809e-05  t_peak=37811  comparison cadence=75623  difference=0.05500  below=0/3
t=153236  fraction=0.44000  peak_slope=1.407e-05  t_peak=37811  comparison cadence=75623  difference=0.09500  below=0/3
t=130350  fraction=0.40000  peak_slope=1.105e-05  t_peak=28856  comparison cadence=57712  difference=0.05500  below=0/3
t=141295  fraction=0.42500  peak_slope=1.809e-05  t_peak=37811  comparison cadence=75623  difference=0.05500  below=0/3
t=154231  fraction=0.44000  peak_slope=1.407e-05  t_peak=37811  comparison cadence=75623  difference=0.09000  below=0/3
t=131345  fraction=0.40000  peak_slope=1.105e-05  t_peak=28856  comparison cadence=57712  difference=0.05500  below=0/3
t=155226  fraction=0.44000  peak_slope=1.407e-05  t_peak=37811  comparison cadence=75623  difference=0.08500  below=0/3
t=142290  fraction=0.42500  peak_slope=1.809e-05  t_peak=37811  comparison cadence=75623  difference=0.05500  below=0/3
t=132340  fraction=0.40000  peak_slope=1.105e-05  t_peak=28856  comparison cadence=57712  difference=0.05500  below=0/3
t=156221  fraction=0.44000  peak_slope=1.407e-05  t_peak=37811  comparison cadence=75623  difference=0.08500  below=0/3
t=143285  fraction=0.42500  peak_slope=1.809e-05  t_peak=37811  comparison cadence=75623  difference=0.05500  below=0/3
t=157216  fraction=0.44000  peak_slope=1.407e-05  t_peak=37811  comparison cadence=75623  difference=0.08500  below=0/3
t=133335  fraction=0.40000  peak_slope=1.105e-05  t_peak=28856  comparison cadence=57712  difference=0.05500  below=0/3
t=144280  fraction=0.42500  peak_slope=1.809e-05  t_peak=37811  comparison cadence=75623  difference=0.05500  below=0/3
t=158211  fraction=0.44000  peak_slope=1.407e-05  t_peak=37811  comparison cadence=75623  difference=0.08000  below=0/3
t=134330  fraction=0.40000  peak_slope=1.105e-05  t_peak=28856  comparison cadence=57712  difference=0.05000  below=0/3
t=145275  fraction=0.42500  peak_slope=1.809e-05  t_peak=37811  comparison cadence=75623  difference=0.05500  below=0/3
t=159206  fraction=0.44000  peak_slope=1.407e-05  t_peak=37811  comparison cadence=75623  difference=0.08000  below=0/3
t=146270  fraction=0.42500  peak_slope=1.809e-05  t_peak=37811  comparison cadence=75623  difference=0.05500  below=0/3
t=135325  fraction=0.40000  peak_slope=1.105e-05  t_peak=28856  comparison cadence=57712  difference=0.05000  below=0/3
t=160201  fraction=0.44000  peak_slope=1.407e-05  t_peak=37811  comparison cadence=75623  difference=0.08000  below=0/3
t=147266  fraction=0.42500  peak_slope=1.809e-05  t_peak=37811  comparison cadence=75623  difference=0.05000  below=1/3
t=136320  fraction=0.40000  peak_slope=1.105e-05  t_peak=28856  comparison cadence=57712  difference=0.05000  below=0/3
t=161196  fraction=0.44000  peak_slope=1.407e-05  t_peak=37811  comparison cadence=75623  difference=0.08000  below=0/3
t=148261  fraction=0.42500  peak_slope=1.809e-05  t_peak=37811  comparison cadence=75623  difference=0.05000  below=2/3
t=137315  fraction=0.40000  peak_slope=1.105e-05  t_peak=28856  comparison cadence=57712  difference=0.05000  below=0/3
t=162191  fraction=0.44000  peak_slope=1.407e-05  t_peak=37811  comparison cadence=75623  difference=0.08000  below=0/3
t=149256  fraction=0.42500  peak_slope=1.809e-05  t_peak=37811  comparison cadence=75623  difference=0.04500  below=3/3
Stopping at t=149255.57853149838
Saved 115 remaining particles to /scratch/group/p.phy260085.000//Mass_Fraction/Outputs/Ejection_Results/remaining_particles_2150620_0.csv
t=163186  fraction=0.44000  peak_slope=1.407e-05  t_peak=37811  comparison cadence=75623  difference=0.07500  below=0/3
t=138310  fraction=0.40500  peak_slope=1.105e-05  t_peak=28856  comparison cadence=57712  difference=0.05500  below=0/3
t=164181  fraction=0.44000  peak_slope=1.407e-05  t_peak=37811  comparison cadence=75623  difference=0.07500  below=0/3
t=139305  fraction=0.40500  peak_slope=1.105e-05  t_peak=28856  comparison cadence=57712  difference=0.05500  below=0/3
t=165176  fraction=0.44000  peak_slope=1.407e-05  t_peak=37811  comparison cadence=75623  difference=0.07000  below=0/3
t=140300  fraction=0.41000  peak_slope=1.105e-05  t_peak=28856  comparison cadence=57712  difference=0.06000  below=0/3
t=166171  fraction=0.44000  peak_slope=1.407e-05  t_peak=37811  comparison cadence=75623  difference=0.07000  below=0/3
t=141295  fraction=0.41000  peak_slope=1.105e-05  t_peak=28856  comparison cadence=57712  difference=0.06000  below=0/3
t=167166  fraction=0.44500  peak_slope=1.407e-05  t_peak=37811  comparison cadence=75623  difference=0.07500  below=0/3
t=142290  fraction=0.41000  peak_slope=1.105e-05  t_peak=28856  comparison cadence=57712  difference=0.06000  below=0/3
t=168161  fraction=0.44500  peak_slope=1.407e-05  t_peak=37811  comparison cadence=75623  difference=0.07500  below=0/3
t=143285  fraction=0.41000  peak_slope=1.105e-05  t_peak=28856  comparison cadence=57712  difference=0.06000  below=0/3
t=169156  fraction=0.44500  peak_slope=1.407e-05  t_peak=37811  comparison cadence=75623  difference=0.07000  below=0/3
t=170151  fraction=0.44500  peak_slope=1.407e-05  t_peak=37811  comparison cadence=75623  difference=0.06500  below=0/3
t=144280  fraction=0.41000  peak_slope=1.105e-05  t_peak=28856  comparison cadence=57712  difference=0.06000  below=0/3
t=171146  fraction=0.44500  peak_slope=1.407e-05  t_peak=37811  comparison cadence=75623  difference=0.06500  below=0/3
t=145275  fraction=0.41000  peak_slope=1.105e-05  t_peak=28856  comparison cadence=57712  difference=0.06000  below=0/3
t=172141  fraction=0.44500  peak_slope=1.407e-05  t_peak=37811  comparison cadence=75623  difference=0.06500  below=0/3
t=146270  fraction=0.41000  peak_slope=1.105e-05  t_peak=28856  comparison cadence=57712  difference=0.06000  below=0/3
t=173136  fraction=0.44500  peak_slope=1.407e-05  t_peak=37811  comparison cadence=75623  difference=0.06000  below=0/3
t=147266  fraction=0.41000  peak_slope=1.105e-05  t_peak=28856  comparison cadence=57712  difference=0.06000  below=0/3
t=174132  fraction=0.44500  peak_slope=1.407e-05  t_peak=37811  comparison cadence=75623  difference=0.06000  below=0/3
t=148261  fraction=0.41000  peak_slope=1.105e-05  t_peak=28856  comparison cadence=57712  difference=0.05500  below=0/3
t=175127  fraction=0.45000  peak_slope=1.407e-05  t_peak=37811  comparison cadence=75623  difference=0.06000  below=0/3
t=149256  fraction=0.41000  peak_slope=1.105e-05  t_peak=28856  comparison cadence=57712  difference=0.05500  below=0/3
t=176122  fraction=0.45000  peak_slope=1.407e-05  t_peak=37811  comparison cadence=75623  difference=0.06000  below=0/3
t=177117  fraction=0.45000  peak_slope=1.407e-05  t_peak=37811  comparison cadence=75623  difference=0.06000  below=0/3
t=150251  fraction=0.41000  peak_slope=1.105e-05  t_peak=28856  comparison cadence=57712  difference=0.05500  below=0/3
t=178112  fraction=0.45000  peak_slope=1.407e-05  t_peak=37811  comparison cadence=75623  difference=0.05500  below=0/3
t=151246  fraction=0.41000  peak_slope=1.105e-05  t_peak=28856  comparison cadence=57712  difference=0.05000  below=1/3
t=179107  fraction=0.45000  peak_slope=1.407e-05  t_peak=37811  comparison cadence=75623  difference=0.05500  below=0/3
t=152241  fraction=0.41500  peak_slope=1.105e-05  t_peak=28856  comparison cadence=57712  difference=0.05500  below=0/3
t=180102  fraction=0.45000  peak_slope=1.407e-05  t_peak=37811  comparison cadence=75623  difference=0.05500  below=0/3
t=153236  fraction=0.41500  peak_slope=1.105e-05  t_peak=28856  comparison cadence=57712  difference=0.05000  below=1/3
t=181097  fraction=0.45000  peak_slope=1.407e-05  t_peak=37811  comparison cadence=75623  difference=0.05500  below=0/3
t=154231  fraction=0.41500  peak_slope=1.105e-05  t_peak=28856  comparison cadence=57712  difference=0.05000  below=2/3
t=182092  fraction=0.45000  peak_slope=1.407e-05  t_peak=37811  comparison cadence=75623  difference=0.05500  below=0/3
t=183087  fraction=0.45000  peak_slope=1.407e-05  t_peak=37811  comparison cadence=75623  difference=0.05000  below=1/3
t=155226  fraction=0.41500  peak_slope=1.105e-05  t_peak=28856  comparison cadence=57712  difference=0.04500  below=3/3
Stopping at t=155225.8016727583
Saved 114 remaining particles to /scratch/group/p.phy260085.000//Mass_Fraction/Outputs/Ejection_Results/remaining_particles_2150620_0.csv
t=184082  fraction=0.45000  peak_slope=1.407e-05  t_peak=37811  comparison cadence=75623  difference=0.05000  below=2/3
t=185077  fraction=0.45000  peak_slope=1.407e-05  t_peak=37811  comparison cadence=75623  difference=0.04500  below=3/3
Stopping at t=185076.917379058
Saved 107 remaining particles to /scratch/group/p.phy260085.000//Mass_Fraction/Outputs/Ejection_Results/remaining_particles_2150620_0.csv
