==========================================
Mass Fraction MPI Run
==========================================
Date:               Mon Sep 21 05:00:01 CDT 2026
Host:               ac073
Array job ID:       2150620
Array task ID:      1
MPI ranks:          4
CPUs per task:      1
Nodes allocated:    1
Python:             /scratch/user/u.hm357857/.conda/envs/comets/bin/python
Conda environment:  /scratch/user/u.hm357857/.conda/envs/comets
==========================================

2.348198890347831
1.4978042979326207
1.9176325519327708
1.3919565947731227
0.7304605315888799
0.2293312989671634
0.31234811849801636
0.5373342040605371
1.7881972559052355
2.270372109924393
1.5359203961277368
2.2623520096334753
1.599221351704858
1.6370117852377062
1.2638032891761852
1.0223789670391967
0.2505097559017756
0.46640231064460674
0.2374825323558282
0.7123444435142752
1.5293167856888281
1.231878751113527
1.707005846884456
1.5337136068119632
1.6574690617302053
1.4547856995659445
1.6414501854201213
2.313877722802525
1.3803480813063775
2.006890434384027
1.0618588184647084
1.1769659695922967
2.1751894727691337
1.026405426434858
1.8830423772234413
1.357270851332186
1.266237936847285
1.3300570332346464
2.1647084834932944
2.144054391065293
1.6783190305843823
1.179551794070493
1.0202112134914538
2.4400930643122467
0.5969885714649379
0.5729685867762517
0.4494294758748975
0.8876880620305523
2.2047940804172423
2.3501558506772344
2.4863508593427506
1.2788037722661283
0.7568754740407002
0.9517571557584177
0.9883038610860457
0.7596543494176751
0.30344111961379483
0.28266453987375195
0.6568957276560725
0.3266579698565273
1.5920717703716465
1.7782912688144235
2.428543231396247
1.4797960449802532
1.9797993768418034
1.2313794184098308
1.5276575481068535
2.1798693391819617
0.8365716273432893
0.8487596753412685
0.6816141830315872
0.5853760663623457
1.539645090421914
1.5566556264247562
2.3311495603350236
1.9781351175925987
1.4072259980800643
1.1679772209912673
1.145134389067623
1.0548317491921178
0.45484419639956475
0.292063071533394
0.8383016302435518
0.8777478588568521
1.26367414793306
1.45829199242535
1.5713476920935485
1.577891946282796
1.0013430287857772
2.4999297391997315
1.3598616234257817
1.7682488678865815
1.4996027564614423
1.7824764974008735
2.060453008978979
1.2619262621026763
0.5397762727800932
0.20954201776973616
0.3296993609661225
0.5373167377089361
0.6781447410010166
0.858997600591116
0.4035064706066141
0.3808489017860711
0.47880873245096317
0.23330028813723508
0.7760191801162455
0.4033976227531837
0.29854059939257027
0.725746734758268
0.5366000307806776
0.6325220705394515
0.9450266910087137
0.8566129255389778
0.40359787421596416
0.23752108589210988
1.705640928752922
1.1155345776914936
1.3551452510677255
1.1550834051237748
1.8520410292625327
1.8258032226194967
2.470388756424852
1.4865117627790942
1.8036740499307278
1.3938763314130167
2.39171380721714
1.7249537346295023
0.5363151849651016
0.3722877862012157
0.3673190654037184
0.7463808992001701
1.2683605932894702
1.4603982582019268
1.021681629645586
2.393679009298644
1.5991091032773785
1.063305704414651
1.4529205165041885
1.763913794849047
2.074041939061504
2.048659070140067
2.4785213324679893
2.4114349159729596
2.013970175612388
1.2456805427313675
1.8825136473367148
1.2516234387390228
0.4648003884524141
0.22970338109621516
0.9194447486587454
0.6015673793658827
0.656550453881245
0.33424906479410216
0.6109622971109374
0.8159693346341579
0.6772188284880338
0.8966854350785332
0.7763817479312751
0.44173242631851767
1.6322966239798316
1.7710852816946314
1.2609576458793657
1.146453614576406
0.2765915298672883
0.7196748864189513
0.6672965443619577
0.44899815529785353
2.1325192521136582
1.7256772651004235
1.1997605798268474
2.108703823591232
1.6082186179280906
1.2392736108693239
1.9984913697768807
2.4300810062438565
0.2170735477356437
0.7481339833951925
0.32608270853090177
0.5893560965340272
1.4639959512841763
1.4092101795972543
1.8913350202511963
1.340987618597471
0.6860366500969042
0.9091373109401697
0.7800624099994189
0.5881588005707512
0.5607041916098825
0.743758179783774
0.23221599424383516
0.22249980730878116
2.033127508927504
1.986857355566049
1.3867278143078474
1.599343366378133
1.2864932106279303
1.7385634547035205
1.8194792311449102
1.4109766707872908
0.634534446643813
0.6345168242643281
0.22317510219408493
0.9785869683061592
0.8133815661603714
0.9992958817748545
0.7601160681109447
0.7819774512120976
0.4383119343214765
0.29166409841247715
0.20218297820715705
0.44695572799478694
0.22565788071864576
0.703398536037243
0.7010680818718098
0.736206190016661
1.8191756717332677
1.658427755726725
1.3517574487522963
1.9931909721699812
0.6485785787126669
0.9889176119705063
0.26474198786049846
0.3385883152537524
1.619698481126389
1.5178484554365212
1.482458238251956
1.9043520417392292
1.214895427292797
2.12297406022948
1.969899777739014
1.2032230083657764
0.9953011982525524
0.8168163837579023
0.38898877529045656
0.6591803614905785
0.3729572962127214
0.7294993867200228
0.4389678055476915
0.5782054926750873
2.0847443762282643
1.2765065786871463
1.3921521512431496
1.0579222789255889
1.7458396167407633
2.014562002091924
1.6796914598721573
1.774482682046851
2.368000495936829
2.2257790149800694
2.376829092243969
1.8272964436408006
1.3471211790916557
1.6152966959643804
2.221828308911181
1.9718942798508086
0.36746352571305274
0.8365480965937631
0.6717485979455728
0.8011079756991271
1.4848838000154643
1.110063263992493
2.4897917178878854
1.843837229809145
2.3356534513497036
1.9899331399652416
1.7794226998740608
1.908002504446506
0.506332839582994
0.32678235829581304
0.8731907118499433
0.5753922665112815
1.8270668894069102
2.3399442470888046
1.4650927789269315
1.5477498466054564
0.26967222166054716
0.5361785051967001
0.8651487128226603
0.2944793663767544
2.0924693879080274
1.9179566853918038
1.31869621631007
2.037321826751172
0.26844670598827913
0.5639630492734464
0.27823996170065907
0.8382623922974175
1.8398082578072423
2.124026586307715
1.6695313066349724
1.6864681318073331
2.0170457117995166
1.5563209821001496
1.2373552418440203
1.3327927214509938
2.2269943946966713
1.739054350936433
2.4813668808548193
1.7026988661315399
2.4076289409338223
1.0505157196190418
1.0763449188891168
2.336787794998213
1.1716538168290136
1.2996077741154188
1.3566654341064739
1.313146946949662
2.361783344631448
1.5357985012733157
1.3925134897786988
2.113501511105563
1.3697626541841883
1.31174852636318
1.611324143345455
1.707991877295145
1.4821649323114567
2.1111093210927474
1.1258984465667807
2.49521260187044
1.1751077292962426
1.5345480319492601
2.4205843094604536
2.121663767983592
2.018095367830038
1.4760538809350514
2.2644010355777144
2.266244841063799
0.7283837478441457
0.9464839554090381
0.5985851877737853
0.5103854189599766
1.65507061068433
1.4948089101908684
1.3182824498113188
1.4683232204815084
0.8201573826271626
0.2148574018977615
0.4526802490830645
0.41616661508972524
0.5419083880582245
0.5693822182198216
0.6910775705648797
0.6172537674030574
1.7165984822895166
1.2778844918238301
1.1707705662884433
1.611862797473728
0.8355817510919925
0.3728480196709294
0.834755682556066
0.9715699329178822
0.873146503670984
0.2209430719427947
0.47120047636214607
0.7090414593358172
1.8662214626849727
1.7520462486212036
1.4354507450164364
1.0837555701269246
1.474356689110763
1.543218064763855
1.322271730709451
2.287269986226069
0.7465480786409995
0.28547137306946885
0.9028284988881285
0.24493715961472287
0.807730098335963
0.8311785237193441
0.4307779106007506
0.4239614225675908
1.892095051307623
2.0426745915398885
1.2065070993872218
1.078673970514476
1.4372206536669174
1.1691194792557609
1.0385712543994194
1.069780395600696
0.37203181859570106
0.8069368934757468
0.6963738587234285
0.6808779693093838
1.5884655352151182
1.1885583368314885
2.485692904930927
2.1570711129460354
0.6563257010944842
0.34346740197368125
0.7836142751240274
0.7528428318740932
0.8414061836994098
0.8760748071595634
0.5146844865231599
0.21955705693143734
2.024006445794879
1.6045979957136534
1.945631554035891
1.4395550586652677
1.486857205053992
2.4904430667267983
2.4429316937364653
1.3106422819359786
0.6421399632633014
0.5973278639686621
0.5484778071265302
0.3076687801954321
0.6457842866308293
0.902095638836607
0.7107602328535334
0.8072574862275645
0.9446679004989125
0.5496676852697104
0.6229656174461012
0.3839561223117623
0.9906238453159895
0.6938387932389802
0.3702880278811911
0.589569001485478
2.4674013963649815
1.2685846603176403
2.3242489437723037
1.3102051418420044
0.3267096103290821
0.3845317943645725
0.8786647403022454
0.4423761491843279
0.8661393186559159
0.36911135439156006
0.6743580688282599
0.573623626646355
0.5218774796921324
0.3002866613716988
0.8022908488786682
0.3256333327435428
0.6636854686509599
0.9139922694175062
0.3486199709442273
0.3840540673181594
0.8229359833013656
0.28812450083695107
0.8325971260547602
0.782301459670917
0.5578676604090728
0.7247129775826666
0.858876768368132
0.8064031577473434
1.829622515345725
1.8201012620352834
1.9460847811590092
1.9146139974893184
0.7975537471367087
0.35920054104618376
0.33226932412364385
0.7788228920185065
2.3473861267409575
2.003430998325862
1.9712260350357727
1.9920701655756041
0.6980053854560906
0.7568846346883571
0.5133112401678286
0.39512496848440987
0.4036312358613424
0.3641954947952118
0.3994985366973233
0.6597500361103081
2.3422361657692905
1.7545704440929257
2.207026697155074
2.3095909783612525
2.129122221094541
1.2670262215908237
1.6143532028804077
2.141402471779347
1.0562632950031794
2.2451019860950847
1.0981256178502932
1.6554658889553564
2.2884625576501927
1.1735206347428393
1.1303385337409984
2.058879406555131
0.20672373291029525
0.7817566291439728
0.4559985401089648
0.9578349691140677
1.8959925090182774
1.5143269203143128
2.1971731618276533
1.7129838810297462
1.5353581691032678
2.1603711636869694
1.5528218154134177
2.4621898840695695
1.8029146484967182
2.2230659925513025
1.7388456024795929
2.400747110841386
0.9712576019186254
0.7302512272293411
0.3772728127856076
0.4597364845431862
1.8654794946786852
2.284618058681001
1.0254506396933352
1.4305513473264442
0.8652405051882304
0.6474576280944155
0.9635758080652126
0.38526429491809033
1.0187464707828415
1.739720275513148
2.3103885712060848
2.0227990663078446
0.45610891916122376
0.5738710385779303
0.40528131302255316
0.33956645328858726
2.4847666376966906
2.2779201021991535
2.182346754597333
2.124121525650853
0.41461875393365144
0.5191436469777161
0.7655950766338591
0.49948242177691715
0.2402967950835196
0.3711331373766091
0.6988390600123903
0.7173173588772592
1.4703907046411198
1.1677068856420079
2.297188896214749
1.2647712611606177
0.2749299231138407
0.8376668678165164
0.22506532606824417
0.9342794246251311
2.170636511677947
2.45791005550413
1.5431746637520543
1.796491680510395
2.109637240742635
1.475829364221994
2.359492558398517
2.2719671363254874
0.6618962769257282
0.9010239686871364
0.9997610022635179
0.8312549980952302
0.690054066728292
0.6211912971058198
0.3517676225630667
0.874792710738469
0.9160905995116402
0.50204843393049
0.9361874164656945
0.8372523360250865
1.2276113910032829
1.3785381147081415
2.186847646288788
1.8130235378213286
2.3901077525021943
1.4942249905701759
1.8491555538579125
1.5452178647093449
1.0069278266081816
2.2849929275354643
1.1136077856495457
1.5577668878704152
2.3837336876923123
1.9959604256860881
1.401205007733705
1.365185689624701
0.5864339789393173
0.5441136877599473
0.3207547311374699
0.8913495605191948
0.2525999215295476
0.2232420907997047
0.24071543294949116
0.35638457048384603
1.5967511076866079
2.2345316051977493
2.495977676322769
1.215731972126141
0.3160858153958027
0.38543849740542113
0.22336601674919188
0.8226847121527145
0.3474303766644685
0.49895322915596013
0.7945009877718179
0.3528659609963746
2.22802282596549
1.6742078625352237
2.0072423360064664
1.674961581027033
0.36239274770618146
0.40867018140690803
0.840819127315835
0.45488647032716734
1.9200471555887302
2.35320764698965
1.540363299505285
2.205918238250912
1.6921819712360162
1.7560676880576136
2.479947369889466
2.4758535412261296
0.9248639996646049
0.2868851698572754
0.8309143765657485
0.950429870900281
1.9430005765045215
1.6437319007463054
1.7241026053263413
1.4802335424806345
2.1967032458567792
1.7955673784188915
1.5614274757364868
1.0610291462433739
2.3250021113410275
1.2483719461962821
2.3476324762172025
1.716294096810819
1.1452532745776485
2.382110927103084
1.311769980625882
2.2792450981630763
0.3929857181680861
0.4611066705861191
0.42068442639216946
0.501948000582108
1.2086698783913785
2.3356932327515487
1.583814497480109
1.7413294073383159
1.3571317158480198
1.740197105368114
1.415811392316381
2.241985537194132
1.967842868101941
1.9369259585235923
1.0669656603766446
1.1050748576725207
0.2324119656293541
0.9117526835165541
0.4655790221698287
0.7167453931207344
2.0459861747089496
1.2492597492393456
1.0477911152515667
1.6362610006149856
0.22693296125819584
0.8493568034462287
0.3789237837674869
0.706527557028908
2.386993740991082
1.7764374506865734
1.646290983135699
0.5428288104433838
2.326669599602482
0.7985610566786416
0.6241255088979802
1.00512280498241
0.23967984385380714
1.4216081662206133
1.8807042287125535
1.259484871967469
1.9898664801337091
1.1222255442391473
1.284534269263282
1.9832448873363742
1.4327555888228058
2.1566967088931785
2.4237975496198922
0.5494089576913532
2.2486751054295793
0.6604829691417035
0.7527650124633813
1.1686605083822856
0.8249457790809354
1.201391011633224
1.0593096960869557
1.6822118886600248
1.7059213343964903
2.2108056457953786
2.200005856772173
2.1526554727371634
1.3977402390031075
1.772154716801675
1.7226796520283674
0.40102672949967577
1.135143801462758
0.7467864488584592
0.4556182163555853
0.698487321758924
0.6871543823478965
0.9955059074558628
0.5746502346228917
0.7251343754689954
0.7755558758161862
0.2391359591518043
0.942373238654495
1.198912465354111
0.776948797172895
1.2605661024705803
1.7694559483460557
0.6676351081054899
1.7497045584938957
0.9348409453975401
0.7777930221112599
0.36328831868782924
0.9158641363665319
0.8711708823349507
0.9210958916375374
0.32736688249114
0.4840476131186261
0.5506217183671334
0.8685938912730247
0.6135954398982417
0.7706592701618171
0.9833035250161422
0.8507134287385811
2.021381077507999
2.1699291491541075
0.790723492457335
2.3921295442749066
1.953563950365723
1.6049715099491466
2.039062830472311
1.3957535875875131
1.0829765373268847
1.2634351236818453
1.5670106856239165
2.0126459019701963
0.35036028695647553
0.7031977511735246
1.0479352959960708
0.35680421986508554
0.2823468510508413
0.8063295771795966
0.7584273854009433
0.6993002215510968
1.9292136442877725
1.9464050780625979
0.8787737358947272
1.5527630375233183
0.5963538184614092
0.6217147186267002
2.2816247508350447
0.8489455774824781
0.32326270157758014
0.5007278310288712
0.6328931349220883
0.9397782618252208
0.563427449913938
0.23554038082684228
0.24783880900661304
0.6351800018217681
0.4502323211119548
0.5093937263996853
0.6875304636669552
0.47842721899865304
0.4307044789282946
0.46018124824611384
0.599020352018236
0.4294959152419437
0.563607277305891
0.6243942410278716
0.6783132862584975
0.22688793284303044
2.311549685910407
1.0291311698871017
0.7881916019777777
1.8852668545124731
1.380336722510316
1.8297912284511768
1.2611236274817905
1.0565560134833425
1.5372355863609946
1.2019506922376015
1.2060732575775197
1.7639599103422228
0.9046278205180849
0.4619193014376318
1.4189742908735394
0.2828867017763084
2.0552538828810616
1.7275756122912802
0.21447392564805468
2.4846253441247876
1.768485510272948
1.5444946976873575
2.3312191819841335
1.9790714661205837
Running 200 simulations with 1 MPI ranks
Rank 0: 200 simulations
Running 200 simulations with 1 MPI ranks
Rank 0: 200 simulations
1.1620361065447031
Running 200 simulations with 1 MPI ranks
Rank 0: 200 simulations
Running 200 simulations with 1 MPI ranks
Rank 0: 200 simulations
t=69825  fraction=0.26500  peak_slope=9.023e-06  t_peak=34913  comparison cadence=69825  difference=0.26500  below=0/3
t=70823  fraction=0.27000  peak_slope=9.023e-06  t_peak=34913  comparison cadence=69825  difference=0.27000  below=0/3
t=73815  fraction=0.29000  peak_slope=1.404e-05  t_peak=36908  comparison cadence=73815  difference=0.29000  below=0/3
t=71820  fraction=0.27000  peak_slope=9.023e-06  t_peak=34913  comparison cadence=69825  difference=0.27000  below=0/3
t=74813  fraction=0.29500  peak_slope=1.404e-05  t_peak=36908  comparison cadence=73815  difference=0.29500  below=0/3
t=72818  fraction=0.27000  peak_slope=9.023e-06  t_peak=34913  comparison cadence=69825  difference=0.27000  below=0/3
t=75810  fraction=0.29500  peak_slope=1.404e-05  t_peak=36908  comparison cadence=73815  difference=0.29500  below=0/3
t=73815  fraction=0.27000  peak_slope=9.023e-06  t_peak=34913  comparison cadence=69825  difference=0.27000  below=0/3
t=76808  fraction=0.29500  peak_slope=1.404e-05  t_peak=36908  comparison cadence=73815  difference=0.29500  below=0/3
t=74813  fraction=0.27000  peak_slope=9.023e-06  t_peak=34913  comparison cadence=69825  difference=0.27000  below=0/3
t=77805  fraction=0.29500  peak_slope=1.404e-05  t_peak=36908  comparison cadence=73815  difference=0.29500  below=0/3
t=75810  fraction=0.27500  peak_slope=9.023e-06  t_peak=34913  comparison cadence=69825  difference=0.27500  below=0/3
t=78803  fraction=0.30500  peak_slope=1.404e-05  t_peak=36908  comparison cadence=73815  difference=0.30500  below=0/3
t=76808  fraction=0.28000  peak_slope=9.023e-06  t_peak=34913  comparison cadence=69825  difference=0.28000  below=0/3
t=79800  fraction=0.30500  peak_slope=1.404e-05  t_peak=36908  comparison cadence=73815  difference=0.30500  below=0/3
t=77805  fraction=0.28000  peak_slope=9.023e-06  t_peak=34913  comparison cadence=69825  difference=0.28000  below=0/3
t=80798  fraction=0.30500  peak_slope=1.404e-05  t_peak=36908  comparison cadence=73815  difference=0.30500  below=0/3
t=78803  fraction=0.28000  peak_slope=9.023e-06  t_peak=34913  comparison cadence=69825  difference=0.28000  below=0/3
t=81795  fraction=0.31000  peak_slope=1.404e-05  t_peak=36908  comparison cadence=73815  difference=0.31000  below=0/3
t=79800  fraction=0.29000  peak_slope=9.023e-06  t_peak=34913  comparison cadence=69825  difference=0.29000  below=0/3
t=82793  fraction=0.31000  peak_slope=1.404e-05  t_peak=36908  comparison cadence=73815  difference=0.31000  below=0/3
t=80798  fraction=0.29000  peak_slope=9.023e-06  t_peak=34913  comparison cadence=69825  difference=0.29000  below=0/3
t=83790  fraction=0.31500  peak_slope=1.404e-05  t_peak=36908  comparison cadence=73815  difference=0.31500  below=0/3
t=81795  fraction=0.29500  peak_slope=9.023e-06  t_peak=34913  comparison cadence=69825  difference=0.29500  below=0/3
t=81795  fraction=0.34000  peak_slope=1.303e-05  t_peak=40898  comparison cadence=81795  difference=0.34000  below=0/3
t=84788  fraction=0.31500  peak_slope=1.404e-05  t_peak=36908  comparison cadence=73815  difference=0.31500  below=0/3
t=82793  fraction=0.29500  peak_slope=9.023e-06  t_peak=34913  comparison cadence=69825  difference=0.29500  below=0/3
t=82793  fraction=0.34500  peak_slope=1.303e-05  t_peak=40898  comparison cadence=81795  difference=0.34500  below=0/3
t=85785  fraction=0.31500  peak_slope=1.404e-05  t_peak=36908  comparison cadence=73815  difference=0.31500  below=0/3
t=83790  fraction=0.29500  peak_slope=9.023e-06  t_peak=34913  comparison cadence=69825  difference=0.29500  below=0/3
t=83790  fraction=0.34500  peak_slope=1.303e-05  t_peak=40898  comparison cadence=81795  difference=0.34500  below=0/3
t=86783  fraction=0.32000  peak_slope=1.404e-05  t_peak=36908  comparison cadence=73815  difference=0.32000  below=0/3
t=84788  fraction=0.29500  peak_slope=9.023e-06  t_peak=34913  comparison cadence=69825  difference=0.29500  below=0/3
t=87780  fraction=0.32000  peak_slope=1.404e-05  t_peak=36908  comparison cadence=73815  difference=0.32000  below=0/3
t=84788  fraction=0.34500  peak_slope=1.303e-05  t_peak=40898  comparison cadence=81795  difference=0.34500  below=0/3
t=85785  fraction=0.29500  peak_slope=9.023e-06  t_peak=34913  comparison cadence=69825  difference=0.29500  below=0/3
t=88778  fraction=0.32500  peak_slope=1.404e-05  t_peak=36908  comparison cadence=73815  difference=0.32500  below=0/3
t=85785  fraction=0.34500  peak_slope=1.303e-05  t_peak=40898  comparison cadence=81795  difference=0.34500  below=0/3
t=86783  fraction=0.30000  peak_slope=9.023e-06  t_peak=34913  comparison cadence=69825  difference=0.30000  below=0/3
t=89775  fraction=0.32500  peak_slope=1.404e-05  t_peak=36908  comparison cadence=73815  difference=0.32500  below=0/3
t=86783  fraction=0.34500  peak_slope=1.303e-05  t_peak=40898  comparison cadence=81795  difference=0.34500  below=0/3
t=87780  fraction=0.30000  peak_slope=9.023e-06  t_peak=34913  comparison cadence=69825  difference=0.30000  below=0/3
t=90773  fraction=0.32500  peak_slope=1.404e-05  t_peak=36908  comparison cadence=73815  difference=0.32500  below=0/3
t=87780  fraction=0.35000  peak_slope=1.303e-05  t_peak=40898  comparison cadence=81795  difference=0.35000  below=0/3
t=88778  fraction=0.30500  peak_slope=9.023e-06  t_peak=34913  comparison cadence=69825  difference=0.30500  below=0/3
t=91770  fraction=0.33000  peak_slope=1.404e-05  t_peak=36908  comparison cadence=73815  difference=0.33000  below=0/3
t=88778  fraction=0.35500  peak_slope=1.303e-05  t_peak=40898  comparison cadence=81795  difference=0.35500  below=0/3
t=89775  fraction=0.30500  peak_slope=9.023e-06  t_peak=34913  comparison cadence=69825  difference=0.30500  below=0/3
t=92768  fraction=0.33500  peak_slope=1.404e-05  t_peak=36908  comparison cadence=73815  difference=0.33500  below=0/3
t=89775  fraction=0.35500  peak_slope=1.303e-05  t_peak=40898  comparison cadence=81795  difference=0.35500  below=0/3
t=90773  fraction=0.30500  peak_slope=9.023e-06  t_peak=34913  comparison cadence=69825  difference=0.30500  below=0/3
t=93765  fraction=0.33500  peak_slope=1.404e-05  t_peak=36908  comparison cadence=73815  difference=0.33500  below=0/3
t=90773  fraction=0.35500  peak_slope=1.303e-05  t_peak=40898  comparison cadence=81795  difference=0.35500  below=0/3
t=91770  fraction=0.30500  peak_slope=9.023e-06  t_peak=34913  comparison cadence=69825  difference=0.30500  below=0/3
t=94763  fraction=0.33500  peak_slope=1.404e-05  t_peak=36908  comparison cadence=73815  difference=0.33500  below=0/3
t=91770  fraction=0.35500  peak_slope=1.303e-05  t_peak=40898  comparison cadence=81795  difference=0.35500  below=0/3
t=92768  fraction=0.30500  peak_slope=9.023e-06  t_peak=34913  comparison cadence=69825  difference=0.30500  below=0/3
t=95760  fraction=0.33500  peak_slope=1.404e-05  t_peak=36908  comparison cadence=73815  difference=0.33500  below=0/3
t=92768  fraction=0.35500  peak_slope=1.303e-05  t_peak=40898  comparison cadence=81795  difference=0.35500  below=0/3
t=93765  fraction=0.30500  peak_slope=9.023e-06  t_peak=34913  comparison cadence=69825  difference=0.30500  below=0/3
t=96758  fraction=0.33500  peak_slope=1.404e-05  t_peak=36908  comparison cadence=73815  difference=0.33500  below=0/3
t=93765  fraction=0.35500  peak_slope=1.303e-05  t_peak=40898  comparison cadence=81795  difference=0.35500  below=0/3
t=94763  fraction=0.30500  peak_slope=9.023e-06  t_peak=34913  comparison cadence=69825  difference=0.30500  below=0/3
t=97755  fraction=0.34000  peak_slope=1.404e-05  t_peak=36908  comparison cadence=73815  difference=0.34000  below=0/3
t=94763  fraction=0.36000  peak_slope=1.303e-05  t_peak=40898  comparison cadence=81795  difference=0.36000  below=0/3
t=95760  fraction=0.30500  peak_slope=9.023e-06  t_peak=34913  comparison cadence=69825  difference=0.29500  below=0/3
t=98753  fraction=0.34000  peak_slope=1.404e-05  t_peak=36908  comparison cadence=73815  difference=0.33500  below=0/3
t=95760  fraction=0.36000  peak_slope=1.303e-05  t_peak=40898  comparison cadence=81795  difference=0.36000  below=0/3
t=96758  fraction=0.30500  peak_slope=9.023e-06  t_peak=34913  comparison cadence=69825  difference=0.29500  below=0/3
t=99750  fraction=0.34000  peak_slope=1.404e-05  t_peak=36908  comparison cadence=73815  difference=0.32500  below=0/3
t=96758  fraction=0.36500  peak_slope=1.303e-05  t_peak=40898  comparison cadence=81795  difference=0.36500  below=0/3
t=97755  fraction=0.31000  peak_slope=9.023e-06  t_peak=34913  comparison cadence=69825  difference=0.28500  below=0/3
t=100748  fraction=0.34000  peak_slope=1.404e-05  t_peak=36908  comparison cadence=73815  difference=0.32500  below=0/3
t=97755  fraction=0.36500  peak_slope=1.303e-05  t_peak=40898  comparison cadence=81795  difference=0.36500  below=0/3
t=98753  fraction=0.31000  peak_slope=9.023e-06  t_peak=34913  comparison cadence=69825  difference=0.28500  below=0/3
t=101745  fraction=0.34000  peak_slope=1.404e-05  t_peak=36908  comparison cadence=73815  difference=0.32000  below=0/3
t=98753  fraction=0.38000  peak_slope=1.303e-05  t_peak=40898  comparison cadence=81795  difference=0.38000  below=0/3
t=99750  fraction=0.31000  peak_slope=9.023e-06  t_peak=34913  comparison cadence=69825  difference=0.28000  below=0/3
t=102743  fraction=0.34000  peak_slope=1.404e-05  t_peak=36908  comparison cadence=73815  difference=0.31500  below=0/3
t=99750  fraction=0.38000  peak_slope=1.303e-05  t_peak=40898  comparison cadence=81795  difference=0.38000  below=0/3
t=100748  fraction=0.31000  peak_slope=9.023e-06  t_peak=34913  comparison cadence=69825  difference=0.27500  below=0/3
t=103740  fraction=0.34000  peak_slope=1.404e-05  t_peak=36908  comparison cadence=73815  difference=0.30000  below=0/3
t=100748  fraction=0.38000  peak_slope=1.303e-05  t_peak=40898  comparison cadence=81795  difference=0.38000  below=0/3
t=101745  fraction=0.31000  peak_slope=9.023e-06  t_peak=34913  comparison cadence=69825  difference=0.26500  below=0/3
t=104738  fraction=0.34000  peak_slope=1.404e-05  t_peak=36908  comparison cadence=73815  difference=0.29000  below=0/3
t=101745  fraction=0.38000  peak_slope=1.303e-05  t_peak=40898  comparison cadence=81795  difference=0.38000  below=0/3
t=102743  fraction=0.31000  peak_slope=9.023e-06  t_peak=34913  comparison cadence=69825  difference=0.26000  below=0/3
t=105735  fraction=0.34000  peak_slope=1.404e-05  t_peak=36908  comparison cadence=73815  difference=0.29000  below=0/3
t=102743  fraction=0.38500  peak_slope=1.303e-05  t_peak=40898  comparison cadence=81795  difference=0.38500  below=0/3
t=103740  fraction=0.31000  peak_slope=9.023e-06  t_peak=34913  comparison cadence=69825  difference=0.24500  below=0/3
t=106733  fraction=0.34000  peak_slope=1.404e-05  t_peak=36908  comparison cadence=73815  difference=0.28000  below=0/3
t=103740  fraction=0.38500  peak_slope=1.303e-05  t_peak=40898  comparison cadence=81795  difference=0.38500  below=0/3
t=104738  fraction=0.31000  peak_slope=9.023e-06  t_peak=34913  comparison cadence=69825  difference=0.23500  below=0/3
t=107730  fraction=0.34000  peak_slope=1.404e-05  t_peak=36908  comparison cadence=73815  difference=0.26000  below=0/3
t=104738  fraction=0.38500  peak_slope=1.303e-05  t_peak=40898  comparison cadence=81795  difference=0.38500  below=0/3
t=105735  fraction=0.31000  peak_slope=9.023e-06  t_peak=34913  comparison cadence=69825  difference=0.23500  below=0/3
t=108728  fraction=0.34000  peak_slope=1.404e-05  t_peak=36908  comparison cadence=73815  difference=0.24500  below=0/3
t=105735  fraction=0.38500  peak_slope=1.303e-05  t_peak=40898  comparison cadence=81795  difference=0.38500  below=0/3
t=106733  fraction=0.31000  peak_slope=9.023e-06  t_peak=34913  comparison cadence=69825  difference=0.22500  below=0/3
t=109725  fraction=0.34500  peak_slope=1.404e-05  t_peak=36908  comparison cadence=73815  difference=0.23500  below=0/3
t=106733  fraction=0.39000  peak_slope=1.303e-05  t_peak=40898  comparison cadence=81795  difference=0.38500  below=0/3
t=107730  fraction=0.31000  peak_slope=9.023e-06  t_peak=34913  comparison cadence=69825  difference=0.22000  below=0/3
t=110723  fraction=0.34500  peak_slope=1.404e-05  t_peak=36908  comparison cadence=73815  difference=0.22500  below=0/3
t=107730  fraction=0.39000  peak_slope=1.303e-05  t_peak=40898  comparison cadence=81795  difference=0.38500  below=0/3
t=108728  fraction=0.31000  peak_slope=9.023e-06  t_peak=34913  comparison cadence=69825  difference=0.21000  below=0/3
t=111720  fraction=0.34500  peak_slope=1.404e-05  t_peak=36908  comparison cadence=73815  difference=0.22000  below=0/3
t=108728  fraction=0.39000  peak_slope=1.303e-05  t_peak=40898  comparison cadence=81795  difference=0.38500  below=0/3
t=109725  fraction=0.31000  peak_slope=9.023e-06  t_peak=34913  comparison cadence=69825  difference=0.21000  below=0/3
t=112718  fraction=0.34500  peak_slope=1.404e-05  t_peak=36908  comparison cadence=73815  difference=0.21000  below=0/3
t=109725  fraction=0.39500  peak_slope=1.303e-05  t_peak=40898  comparison cadence=81795  difference=0.37500  below=0/3
t=110723  fraction=0.31500  peak_slope=9.023e-06  t_peak=34913  comparison cadence=69825  difference=0.20000  below=0/3
t=113715  fraction=0.34500  peak_slope=1.404e-05  t_peak=36908  comparison cadence=73815  difference=0.21000  below=0/3
t=110723  fraction=0.39500  peak_slope=1.303e-05  t_peak=40898  comparison cadence=81795  difference=0.36000  below=0/3
t=114713  fraction=0.34500  peak_slope=1.404e-05  t_peak=36908  comparison cadence=73815  difference=0.20500  below=0/3
t=111720  fraction=0.31500  peak_slope=9.023e-06  t_peak=34913  comparison cadence=69825  difference=0.19500  below=0/3
t=111720  fraction=0.39500  peak_slope=1.303e-05  t_peak=40898  comparison cadence=81795  difference=0.35500  below=0/3
t=115710  fraction=0.34500  peak_slope=1.404e-05  t_peak=36908  comparison cadence=73815  difference=0.19500  below=0/3
t=112718  fraction=0.31500  peak_slope=9.023e-06  t_peak=34913  comparison cadence=69825  difference=0.19500  below=0/3
t=112718  fraction=0.39500  peak_slope=1.303e-05  t_peak=40898  comparison cadence=81795  difference=0.35000  below=0/3
t=116708  fraction=0.34500  peak_slope=1.404e-05  t_peak=36908  comparison cadence=73815  difference=0.19000  below=0/3
t=113715  fraction=0.32000  peak_slope=9.023e-06  t_peak=34913  comparison cadence=69825  difference=0.20000  below=0/3
t=117705  fraction=0.34500  peak_slope=1.404e-05  t_peak=36908  comparison cadence=73815  difference=0.18500  below=0/3
t=113715  fraction=0.39500  peak_slope=1.303e-05  t_peak=40898  comparison cadence=81795  difference=0.35000  below=0/3
t=114713  fraction=0.32000  peak_slope=9.023e-06  t_peak=34913  comparison cadence=69825  difference=0.19000  below=0/3
t=118703  fraction=0.34500  peak_slope=1.404e-05  t_peak=36908  comparison cadence=73815  difference=0.17500  below=0/3
t=115710  fraction=0.32000  peak_slope=9.023e-06  t_peak=34913  comparison cadence=69825  difference=0.19000  below=0/3
t=114713  fraction=0.39500  peak_slope=1.303e-05  t_peak=40898  comparison cadence=81795  difference=0.33000  below=0/3
t=119700  fraction=0.34500  peak_slope=1.404e-05  t_peak=36908  comparison cadence=73815  difference=0.17000  below=0/3
t=116708  fraction=0.32000  peak_slope=9.023e-06  t_peak=34913  comparison cadence=69825  difference=0.18500  below=0/3
t=115710  fraction=0.39500  peak_slope=1.303e-05  t_peak=40898  comparison cadence=81795  difference=0.32000  below=0/3
t=120698  fraction=0.35000  peak_slope=1.404e-05  t_peak=36908  comparison cadence=73815  difference=0.17000  below=0/3
t=117705  fraction=0.32000  peak_slope=9.023e-06  t_peak=34913  comparison cadence=69825  difference=0.17500  below=0/3
t=116708  fraction=0.40000  peak_slope=1.303e-05  t_peak=40898  comparison cadence=81795  difference=0.31500  below=0/3
t=121695  fraction=0.35500  peak_slope=1.404e-05  t_peak=36908  comparison cadence=73815  difference=0.17500  below=0/3
t=118703  fraction=0.32000  peak_slope=9.023e-06  t_peak=34913  comparison cadence=69825  difference=0.17000  below=0/3
t=117705  fraction=0.40000  peak_slope=1.303e-05  t_peak=40898  comparison cadence=81795  difference=0.31000  below=0/3
t=122693  fraction=0.35500  peak_slope=1.404e-05  t_peak=36908  comparison cadence=73815  difference=0.16500  below=0/3
t=119700  fraction=0.32000  peak_slope=9.023e-06  t_peak=34913  comparison cadence=69825  difference=0.16500  below=0/3
t=118703  fraction=0.40000  peak_slope=1.303e-05  t_peak=40898  comparison cadence=81795  difference=0.29500  below=0/3
t=123690  fraction=0.35500  peak_slope=1.404e-05  t_peak=36908  comparison cadence=73815  difference=0.16000  below=0/3
t=120698  fraction=0.32000  peak_slope=9.023e-06  t_peak=34913  comparison cadence=69825  difference=0.15500  below=0/3
t=119700  fraction=0.40000  peak_slope=1.303e-05  t_peak=40898  comparison cadence=81795  difference=0.28500  below=0/3
t=124688  fraction=0.35500  peak_slope=1.404e-05  t_peak=36908  comparison cadence=73815  difference=0.15000  below=0/3
t=121695  fraction=0.32500  peak_slope=9.023e-06  t_peak=34913  comparison cadence=69825  difference=0.15500  below=0/3
t=120698  fraction=0.40000  peak_slope=1.303e-05  t_peak=40898  comparison cadence=81795  difference=0.27500  below=0/3
t=125685  fraction=0.35500  peak_slope=1.404e-05  t_peak=36908  comparison cadence=73815  difference=0.15000  below=0/3
t=122693  fraction=0.32500  peak_slope=9.023e-06  t_peak=34913  comparison cadence=69825  difference=0.15000  below=0/3
t=121695  fraction=0.40000  peak_slope=1.303e-05  t_peak=40898  comparison cadence=81795  difference=0.25000  below=0/3
t=126683  fraction=0.35500  peak_slope=1.404e-05  t_peak=36908  comparison cadence=73815  difference=0.13500  below=0/3
t=123690  fraction=0.32500  peak_slope=9.023e-06  t_peak=34913  comparison cadence=69825  difference=0.15000  below=0/3
t=122693  fraction=0.40000  peak_slope=1.303e-05  t_peak=40898  comparison cadence=81795  difference=0.24500  below=0/3
t=127680  fraction=0.35500  peak_slope=1.404e-05  t_peak=36908  comparison cadence=73815  difference=0.13000  below=0/3
t=124688  fraction=0.32500  peak_slope=9.023e-06  t_peak=34913  comparison cadence=69825  difference=0.14500  below=0/3
t=123690  fraction=0.40500  peak_slope=1.303e-05  t_peak=40898  comparison cadence=81795  difference=0.24500  below=0/3
t=128678  fraction=0.35500  peak_slope=1.404e-05  t_peak=36908  comparison cadence=73815  difference=0.12500  below=0/3
t=125685  fraction=0.32500  peak_slope=9.023e-06  t_peak=34913  comparison cadence=69825  difference=0.13000  below=0/3
t=124688  fraction=0.41000  peak_slope=1.303e-05  t_peak=40898  comparison cadence=81795  difference=0.24500  below=0/3
t=129675  fraction=0.35500  peak_slope=1.404e-05  t_peak=36908  comparison cadence=73815  difference=0.12500  below=0/3
t=126683  fraction=0.32500  peak_slope=9.023e-06  t_peak=34913  comparison cadence=69825  difference=0.13000  below=0/3
t=125685  fraction=0.41500  peak_slope=1.303e-05  t_peak=40898  comparison cadence=81795  difference=0.25000  below=0/3
t=130673  fraction=0.35500  peak_slope=1.404e-05  t_peak=36908  comparison cadence=73815  difference=0.12000  below=0/3
t=127680  fraction=0.32500  peak_slope=9.023e-06  t_peak=34913  comparison cadence=69825  difference=0.12500  below=0/3
t=126683  fraction=0.41500  peak_slope=1.303e-05  t_peak=40898  comparison cadence=81795  difference=0.24500  below=0/3
t=131670  fraction=0.35500  peak_slope=1.404e-05  t_peak=36908  comparison cadence=73815  difference=0.12000  below=0/3
t=128678  fraction=0.33000  peak_slope=9.023e-06  t_peak=34913  comparison cadence=69825  difference=0.13000  below=0/3
t=127680  fraction=0.41500  peak_slope=1.303e-05  t_peak=40898  comparison cadence=81795  difference=0.23500  below=0/3
t=132668  fraction=0.35500  peak_slope=1.404e-05  t_peak=36908  comparison cadence=73815  difference=0.11500  below=0/3
t=129675  fraction=0.33500  peak_slope=9.023e-06  t_peak=34913  comparison cadence=69825  difference=0.12500  below=0/3
t=128678  fraction=0.41500  peak_slope=1.303e-05  t_peak=40898  comparison cadence=81795  difference=0.22500  below=0/3
t=133665  fraction=0.35500  peak_slope=1.404e-05  t_peak=36908  comparison cadence=73815  difference=0.10500  below=0/3
t=130673  fraction=0.33500  peak_slope=9.023e-06  t_peak=34913  comparison cadence=69825  difference=0.12000  below=0/3
t=129675  fraction=0.41500  peak_slope=1.303e-05  t_peak=40898  comparison cadence=81795  difference=0.22500  below=0/3
t=109725  fraction=0.28000  peak_slope=9.023e-06  t_peak=54863  comparison cadence=109725  difference=0.28000  below=0/3
t=134663  fraction=0.35500  peak_slope=1.404e-05  t_peak=36908  comparison cadence=73815  difference=0.10000  below=0/3
t=131670  fraction=0.33500  peak_slope=9.023e-06  t_peak=34913  comparison cadence=69825  difference=0.11500  below=0/3
t=130673  fraction=0.41500  peak_slope=1.303e-05  t_peak=40898  comparison cadence=81795  difference=0.21000  below=0/3
t=110723  fraction=0.28000  peak_slope=9.023e-06  t_peak=54863  comparison cadence=109725  difference=0.28000  below=0/3
t=135660  fraction=0.35500  peak_slope=1.404e-05  t_peak=36908  comparison cadence=73815  difference=0.09500  below=0/3
t=132668  fraction=0.33500  peak_slope=9.023e-06  t_peak=34913  comparison cadence=69825  difference=0.10500  below=0/3
t=131670  fraction=0.41500  peak_slope=1.303e-05  t_peak=40898  comparison cadence=81795  difference=0.20000  below=0/3
t=136658  fraction=0.35500  peak_slope=1.404e-05  t_peak=36908  comparison cadence=73815  difference=0.09500  below=0/3
t=111720  fraction=0.28000  peak_slope=9.023e-06  t_peak=54863  comparison cadence=109725  difference=0.28000  below=0/3
t=133665  fraction=0.33500  peak_slope=9.023e-06  t_peak=34913  comparison cadence=69825  difference=0.10000  below=0/3
t=132668  fraction=0.41500  peak_slope=1.303e-05  t_peak=40898  comparison cadence=81795  difference=0.20000  below=0/3
t=137655  fraction=0.35500  peak_slope=1.404e-05  t_peak=36908  comparison cadence=73815  difference=0.09000  below=0/3
t=134663  fraction=0.33500  peak_slope=9.023e-06  t_peak=34913  comparison cadence=69825  difference=0.09000  below=0/3
t=112718  fraction=0.28000  peak_slope=9.023e-06  t_peak=54863  comparison cadence=109725  difference=0.28000  below=0/3
t=133665  fraction=0.41500  peak_slope=1.303e-05  t_peak=40898  comparison cadence=81795  difference=0.19500  below=0/3
t=138653  fraction=0.35500  peak_slope=1.404e-05  t_peak=36908  comparison cadence=73815  difference=0.08000  below=0/3
t=135660  fraction=0.33500  peak_slope=9.023e-06  t_peak=34913  comparison cadence=69825  difference=0.08500  below=0/3
t=113715  fraction=0.28000  peak_slope=9.023e-06  t_peak=54863  comparison cadence=109725  difference=0.28000  below=0/3
t=134663  fraction=0.42000  peak_slope=1.303e-05  t_peak=40898  comparison cadence=81795  difference=0.19500  below=0/3
t=139650  fraction=0.35500  peak_slope=1.404e-05  t_peak=36908  comparison cadence=73815  difference=0.08000  below=0/3
t=136658  fraction=0.33500  peak_slope=9.023e-06  t_peak=34913  comparison cadence=69825  difference=0.08500  below=0/3
t=114713  fraction=0.28000  peak_slope=9.023e-06  t_peak=54863  comparison cadence=109725  difference=0.28000  below=0/3
t=135660  fraction=0.42000  peak_slope=1.303e-05  t_peak=40898  comparison cadence=81795  difference=0.18500  below=0/3
t=140648  fraction=0.36000  peak_slope=1.404e-05  t_peak=36908  comparison cadence=73815  difference=0.08500  below=0/3
t=137655  fraction=0.33500  peak_slope=9.023e-06  t_peak=34913  comparison cadence=69825  difference=0.07500  below=0/3
t=115710  fraction=0.28000  peak_slope=9.023e-06  t_peak=54863  comparison cadence=109725  difference=0.28000  below=0/3
t=136658  fraction=0.42000  peak_slope=1.303e-05  t_peak=40898  comparison cadence=81795  difference=0.18000  below=0/3
t=141645  fraction=0.36000  peak_slope=1.404e-05  t_peak=36908  comparison cadence=73815  difference=0.08000  below=0/3
t=138653  fraction=0.33500  peak_slope=9.023e-06  t_peak=34913  comparison cadence=69825  difference=0.07000  below=0/3
t=137655  fraction=0.42000  peak_slope=1.303e-05  t_peak=40898  comparison cadence=81795  difference=0.18000  below=0/3
t=142643  fraction=0.36000  peak_slope=1.404e-05  t_peak=36908  comparison cadence=73815  difference=0.08000  below=0/3
t=116708  fraction=0.28000  peak_slope=9.023e-06  t_peak=54863  comparison cadence=109725  difference=0.28000  below=0/3
t=139650  fraction=0.33500  peak_slope=9.023e-06  t_peak=34913  comparison cadence=69825  difference=0.07000  below=0/3
t=138653  fraction=0.42000  peak_slope=1.303e-05  t_peak=40898  comparison cadence=81795  difference=0.18000  below=0/3
t=143640  fraction=0.36500  peak_slope=1.404e-05  t_peak=36908  comparison cadence=73815  difference=0.08000  below=0/3
t=140648  fraction=0.33500  peak_slope=9.023e-06  t_peak=34913  comparison cadence=69825  difference=0.06500  below=0/3
t=117705  fraction=0.28000  peak_slope=9.023e-06  t_peak=54863  comparison cadence=109725  difference=0.28000  below=0/3
t=139650  fraction=0.42000  peak_slope=1.303e-05  t_peak=40898  comparison cadence=81795  difference=0.18000  below=0/3
t=144638  fraction=0.36500  peak_slope=1.404e-05  t_peak=36908  comparison cadence=73815  difference=0.08000  below=0/3
t=141645  fraction=0.33500  peak_slope=9.023e-06  t_peak=34913  comparison cadence=69825  difference=0.06500  below=0/3
t=118703  fraction=0.28500  peak_slope=9.023e-06  t_peak=54863  comparison cadence=109725  difference=0.28500  below=0/3
t=145636  fraction=0.36500  peak_slope=1.404e-05  t_peak=36908  comparison cadence=73815  difference=0.08000  below=0/3
t=140648  fraction=0.42000  peak_slope=1.303e-05  t_peak=40898  comparison cadence=81795  difference=0.18000  below=0/3
t=142643  fraction=0.33500  peak_slope=9.023e-06  t_peak=34913  comparison cadence=69825  difference=0.06500  below=0/3
t=119700  fraction=0.28500  peak_slope=9.023e-06  t_peak=54863  comparison cadence=109725  difference=0.28500  below=0/3
t=146633  fraction=0.36500  peak_slope=1.404e-05  t_peak=36908  comparison cadence=73815  difference=0.08000  below=0/3
t=141645  fraction=0.42000  peak_slope=1.303e-05  t_peak=40898  comparison cadence=81795  difference=0.17000  below=0/3
t=143640  fraction=0.33500  peak_slope=9.023e-06  t_peak=34913  comparison cadence=69825  difference=0.06500  below=0/3
t=120698  fraction=0.28500  peak_slope=9.023e-06  t_peak=54863  comparison cadence=109725  difference=0.28500  below=0/3
t=147631  fraction=0.36500  peak_slope=1.404e-05  t_peak=36908  comparison cadence=73815  difference=0.07500  below=0/3
t=142643  fraction=0.42000  peak_slope=1.303e-05  t_peak=40898  comparison cadence=81795  difference=0.17000  below=0/3
t=144638  fraction=0.33500  peak_slope=9.023e-06  t_peak=34913  comparison cadence=69825  difference=0.06500  below=0/3
t=148628  fraction=0.36500  peak_slope=1.404e-05  t_peak=36908  comparison cadence=73815  difference=0.07000  below=0/3
t=121695  fraction=0.28500  peak_slope=9.023e-06  t_peak=54863  comparison cadence=109725  difference=0.28500  below=0/3
t=143640  fraction=0.42000  peak_slope=1.303e-05  t_peak=40898  comparison cadence=81795  difference=0.16500  below=0/3
t=145636  fraction=0.33500  peak_slope=9.023e-06  t_peak=34913  comparison cadence=69825  difference=0.06000  below=0/3
t=149626  fraction=0.36500  peak_slope=1.404e-05  t_peak=36908  comparison cadence=73815  difference=0.07000  below=0/3
t=144638  fraction=0.42500  peak_slope=1.303e-05  t_peak=40898  comparison cadence=81795  difference=0.16500  below=0/3
t=122693  fraction=0.28500  peak_slope=9.023e-06  t_peak=54863  comparison cadence=109725  difference=0.28500  below=0/3
t=146633  fraction=0.33500  peak_slope=9.023e-06  t_peak=34913  comparison cadence=69825  difference=0.05500  below=0/3
t=150623  fraction=0.36500  peak_slope=1.404e-05  t_peak=36908  comparison cadence=73815  difference=0.07000  below=0/3
t=145636  fraction=0.42500  peak_slope=1.303e-05  t_peak=40898  comparison cadence=81795  difference=0.15500  below=0/3
t=147631  fraction=0.33500  peak_slope=9.023e-06  t_peak=34913  comparison cadence=69825  difference=0.05500  below=0/3
t=123690  fraction=0.28500  peak_slope=9.023e-06  t_peak=54863  comparison cadence=109725  difference=0.28500  below=0/3
t=151621  fraction=0.36500  peak_slope=1.404e-05  t_peak=36908  comparison cadence=73815  difference=0.07000  below=0/3
t=146633  fraction=0.42500  peak_slope=1.303e-05  t_peak=40898  comparison cadence=81795  difference=0.15500  below=0/3
t=148628  fraction=0.33500  peak_slope=9.023e-06  t_peak=34913  comparison cadence=69825  difference=0.05500  below=0/3
t=124688  fraction=0.28500  peak_slope=9.023e-06  t_peak=54863  comparison cadence=109725  difference=0.28500  below=0/3
t=152618  fraction=0.36500  peak_slope=1.404e-05  t_peak=36908  comparison cadence=73815  difference=0.06000  below=0/3
t=147631  fraction=0.43000  peak_slope=1.303e-05  t_peak=40898  comparison cadence=81795  difference=0.16000  below=0/3
t=149626  fraction=0.34000  peak_slope=9.023e-06  t_peak=34913  comparison cadence=69825  difference=0.05000  below=0/3
t=125685  fraction=0.29000  peak_slope=9.023e-06  t_peak=54863  comparison cadence=109725  difference=0.29000  below=0/3
t=153616  fraction=0.36500  peak_slope=1.404e-05  t_peak=36908  comparison cadence=73815  difference=0.06000  below=0/3
t=150623  fraction=0.34000  peak_slope=9.023e-06  t_peak=34913  comparison cadence=69825  difference=0.05000  below=0/3
t=148628  fraction=0.43000  peak_slope=1.303e-05  t_peak=40898  comparison cadence=81795  difference=0.15500  below=0/3
t=126683  fraction=0.29000  peak_slope=9.023e-06  t_peak=54863  comparison cadence=109725  difference=0.29000  below=0/3
t=154613  fraction=0.36500  peak_slope=1.404e-05  t_peak=36908  comparison cadence=73815  difference=0.06000  below=0/3
t=151621  fraction=0.34000  peak_slope=9.023e-06  t_peak=34913  comparison cadence=69825  difference=0.04500  below=1/3
t=149626  fraction=0.43000  peak_slope=1.303e-05  t_peak=40898  comparison cadence=81795  difference=0.15500  below=0/3
t=155611  fraction=0.36500  peak_slope=1.404e-05  t_peak=36908  comparison cadence=73815  difference=0.05500  below=0/3
t=127680  fraction=0.29000  peak_slope=9.023e-06  t_peak=54863  comparison cadence=109725  difference=0.29000  below=0/3
t=152618  fraction=0.34500  peak_slope=9.023e-06  t_peak=34913  comparison cadence=69825  difference=0.05000  below=2/3
t=150623  fraction=0.43000  peak_slope=1.303e-05  t_peak=40898  comparison cadence=81795  difference=0.14500  below=0/3
t=156608  fraction=0.36500  peak_slope=1.404e-05  t_peak=36908  comparison cadence=73815  difference=0.05500  below=0/3
t=153616  fraction=0.34500  peak_slope=9.023e-06  t_peak=34913  comparison cadence=69825  difference=0.05000  below=3/3
Stopping at t=153615.53041239257
Saved 128 remaining particles to /scratch/group/p.phy260085.000//Mass_Fraction/Outputs/Ejection_Results/remaining_particles_2150620_1.csv
t=128678  fraction=0.29000  peak_slope=9.023e-06  t_peak=54863  comparison cadence=109725  difference=0.29000  below=0/3
t=151621  fraction=0.43000  peak_slope=1.303e-05  t_peak=40898  comparison cadence=81795  difference=0.14000  below=0/3
t=157606  fraction=0.36500  peak_slope=1.404e-05  t_peak=36908  comparison cadence=73815  difference=0.05000  below=1/3
t=152618  fraction=0.43000  peak_slope=1.303e-05  t_peak=40898  comparison cadence=81795  difference=0.13500  below=0/3
t=129675  fraction=0.29000  peak_slope=9.023e-06  t_peak=54863  comparison cadence=109725  difference=0.29000  below=0/3
t=158603  fraction=0.37000  peak_slope=1.404e-05  t_peak=36908  comparison cadence=73815  difference=0.05500  below=0/3
t=153616  fraction=0.43000  peak_slope=1.303e-05  t_peak=40898  comparison cadence=81795  difference=0.12500  below=0/3
t=130673  fraction=0.29000  peak_slope=9.023e-06  t_peak=54863  comparison cadence=109725  difference=0.29000  below=0/3
t=159601  fraction=0.37000  peak_slope=1.404e-05  t_peak=36908  comparison cadence=73815  difference=0.05500  below=0/3
t=154613  fraction=0.43000  peak_slope=1.303e-05  t_peak=40898  comparison cadence=81795  difference=0.12000  below=0/3
t=131670  fraction=0.29000  peak_slope=9.023e-06  t_peak=54863  comparison cadence=109725  difference=0.29000  below=0/3
t=160598  fraction=0.37000  peak_slope=1.404e-05  t_peak=36908  comparison cadence=73815  difference=0.05000  below=1/3
t=155611  fraction=0.43000  peak_slope=1.303e-05  t_peak=40898  comparison cadence=81795  difference=0.12000  below=0/3
t=161596  fraction=0.37000  peak_slope=1.404e-05  t_peak=36908  comparison cadence=73815  difference=0.05000  below=2/3
t=132668  fraction=0.29500  peak_slope=9.023e-06  t_peak=54863  comparison cadence=109725  difference=0.29500  below=0/3
t=156608  fraction=0.43000  peak_slope=1.303e-05  t_peak=40898  comparison cadence=81795  difference=0.11500  below=0/3
t=162593  fraction=0.37000  peak_slope=1.404e-05  t_peak=36908  comparison cadence=73815  difference=0.04500  below=3/3
Stopping at t=162593.0614105194
Saved 125 remaining particles to /scratch/group/p.phy260085.000//Mass_Fraction/Outputs/Ejection_Results/remaining_particles_2150620_1.csv
t=133665  fraction=0.29500  peak_slope=9.023e-06  t_peak=54863  comparison cadence=109725  difference=0.29500  below=0/3
t=157606  fraction=0.43000  peak_slope=1.303e-05  t_peak=40898  comparison cadence=81795  difference=0.11000  below=0/3
t=134663  fraction=0.29500  peak_slope=9.023e-06  t_peak=54863  comparison cadence=109725  difference=0.29500  below=0/3
t=158603  fraction=0.43000  peak_slope=1.303e-05  t_peak=40898  comparison cadence=81795  difference=0.11000  below=0/3
t=159601  fraction=0.43000  peak_slope=1.303e-05  t_peak=40898  comparison cadence=81795  difference=0.11000  below=0/3
t=135660  fraction=0.29500  peak_slope=9.023e-06  t_peak=54863  comparison cadence=109725  difference=0.29000  below=0/3
