==========================================
Mass Fraction MPI Run
==========================================
Date:               Mon Sep 21 10:52:05 CDT 2026
Host:               ac067
Array job ID:       2151691
Array task ID:      0
MPI ranks:          4
CPUs per task:      1
Nodes allocated:    1
Python:             /scratch/user/u.hm357857/.conda/envs/comets/bin/python
Conda environment:  /scratch/user/u.hm357857/.conda/envs/comets
==========================================

2.0495332142798226
0.40000455296719767
2.4813380622783927
1.942179251738088
0.8743786704873235
1.9645060010231772
1.0277762061934532
1.5786768767499957
2.4851867082616366
0.9899065673694183
1.6436162637688507
1.081062800112293
1.8811690403487416
2.358207461679487
0.6493425698671921
0.44700490159007356
2.078841023804363
2.148250177921483
1.2549371889888998
0.8147629598541792
0.4001858666089815
2.4142541968785163
1.744487761152637
1.6385378359445784
0.8487460169673471
0.8532469547094264
0.724413564507224
0.299717580189534
1.1501366705360796
0.5602707381935623
2.1304705970931064
2.0086379282084064
1.6463937679236946
0.6084676801726593
1.4423041970743005
0.5570045861504244
1.3881788938586022
0.6872216068089767
1.3395494878020455
2.031303491245535
0.9171733517812071
1.3440036719094557
1.8419193429494716
0.6828249263662065
0.8605787362487722
0.4964897503377643
0.8019051085414977
0.48860938892076994
2.408498352352608
0.6729946709488168
2.033731724854336
1.774316068242542
1.0475661998556758
0.8948497873233972
0.27884199902977935
0.34972837760409026
0.9752172929413536
0.861498528324165
1.7548915162207352
1.933997563016833
1.2907187643435416
1.5230009972513314
1.0000059530323373
2.072068775397504
1.1418709444490815
0.2722942577505485
1.8238572333032588
0.7184531969292762
1.0016214623116335
1.8428261051469614
2.2746654695610418
0.5516640764060541
0.36316201144241883
2.376498354715717
1.130773435217602
2.272686244610899
2.182418553150809
0.2702750416116098
1.1495430535812914
2.3014073590816024
1.2942644295245982
1.8552521950842555
2.229465959462854
1.751812984008434
2.008658338604605
1.5428992812937794
0.5932338552244408
0.34395473523122116
2.260863659959737
0.4874455418713485
1.0138235873867283
0.5182819892969972
0.8929355201455449
0.8250778815386843
1.650049779626979
0.21453572984583857
0.20819043500798273
0.9468177451545285
0.8521208279425934
2.0317625581260708
0.9232323831051781
2.428135833059721
0.3311555617893075
2.1231359449479927
0.3782455306071679
0.772597000684577
1.6110393919839714
0.9478017481764525
2.163106182146425
0.6653547842139693
0.7135809641030795
0.25145495473997026
2.124172884857645
0.4264713494035534
0.8607623879957531
1.4503374415016324
1.060568129900449
1.2246072183201837
0.39975906515678994
0.7929609755362472
0.26764984417320276
1.9944767948021778
2.098247474491342
0.4612717696477409
2.020849591360307
1.2139117481904702
1.7132625603227187
0.8965506842745017
0.8940286547757275
2.439891720959553
0.9440969006604729
2.3099012845230464
1.774372748435285
0.771626239603151
0.4688613882641381
0.6150792819406095
2.258476669750772
0.4602273298963879
1.927712511412055
1.9596929191663093
1.9654799639743226
1.8160623928364925
0.3806014691452023
0.2292803416939605
0.5779580644999833
2.1237206161956577
1.099285982410537
1.9402237942366718
1.6886636189675284
0.8730226088426722
0.4677413576381196
0.7902641883831969
0.6566117764930604
0.8490462388581992
2.176586454321876
1.4579450632318525
0.8687920410792833
1.3705639521228015
1.6557513747252428
0.7229631222713984
1.6845249350360452
1.138361679654735
2.111813761380704
1.2434570137439356
0.9796600503519126
2.4745236210325023
2.1578886041324843
1.3716832916477297
0.9093646818796821
0.929107769448468
1.6644520642024085
2.4994413658255707
0.28325438503657474
2.4047326134852236
1.5018022096214296
1.3459561514920968
1.4751945923662744
2.1040274538561903
0.940678520382223
0.8998325838570127
0.9484154171854242
0.9691322178502537
0.553487398531894
0.22818797828022896
0.4792972701355398
0.8343425008807885
0.4487249745964345
1.5143075020673482
1.333000035385619
2.2605774456666348
0.8306131073421568
1.1040514261982912
1.9327803378002903
0.78684209848824
0.574569995435374
0.5120474409233999
0.6892211397811694
0.3893866703364102
0.43863620447507445
1.1622571078607502
1.1848987231503334
2.457159034316014
1.1664891545909184
1.8566688336801451
1.7707057806058146
0.9493491255959725
0.5413194598774467
0.9046094404799334
1.4782123986684783
0.4301649125293945
0.9073169593265173
2.4241863174255176
2.0030278022237527
1.095134686487889
0.8935281838499116
0.2201516779554738
1.0065711354186846
0.5303624567365219
0.33924823508292334
2.337033545455399
1.2662083704052807
2.469149655819751
1.137892556628393
1.9825791327887483
1.074941871283597
1.6456550815349567
1.533363269328627
0.21251219501373664
1.146284164825472
2.316061635105184
0.39962592565628957
2.2118037182242265
1.4369655796566314
0.7679407795048343
1.6680325253919035
2.3923237500826
0.9609474380938139
0.8290929021477669
1.0789500908839331
0.8373435323475187
0.4585719089768408
1.9109813756078917
1.5663414684443897
1.6984270310228144
0.30190571759634466
1.708690069510963
0.5872798791353128
0.22723235114352233
2.4621450948316923
1.6634402989226746
0.4460614402556436
1.9734602342038383
1.6201070715135915
2.1699005472725252
1.4440691924362883
0.5975735408056124
2.2045933460116505
1.0890205425818444
0.46805399080136656
0.7511611852484088
1.542637716374434
0.5886714517334941
2.2631568923039183
2.0592346673604838
0.34289095954330573
1.1457697123799755
0.6402594882268471
2.051674243048976
0.5281217955987783
1.7792831585897013
1.9556211759956428
0.985121025621533
0.337600402188009
0.8639947574811553
2.345211860204021
1.3643908911871674
0.8505201218628611
0.41153986603075654
1.598869976166108
0.51061762820299
1.1419127579482153
1.7997490642158334
0.37591834422460285
0.9535106947502994
1.55349075139689
0.4581909448437369
0.5075106313555453
1.8612764677349916
2.043338697014982
0.5621117572655145
2.168998966569992
2.0173488549238034
0.35879163983598056
0.9823261515060013
0.49967052038644105
0.7929295946959654
0.987259097689454
2.3230608071212764
0.5420730482721596
1.4357957630728517
0.2836153977597469
1.9796668987833768
0.9950534649763643
2.194221154768138
0.8708904963780848
1.8613792831810854
0.49442444201748703
0.49745167565043824
1.5902401767518821
0.3503172643960305
0.32672909686809365
0.8989120784947331
0.37172314768072
0.762838041341996
0.6614891195389174
0.40285991805431864
0.285956716587771
0.3020499359265955
0.8147665929561816
0.24896614083596164
0.4825681378883044
0.22656792440632811
0.5296074230110628
0.6052711266356279
0.29115101781104935
0.9422318462218706
1.1814374770945966
0.9797129904246848
1.2552055108125992
1.216381496183104
0.5929143789109983
0.8858539779717527
2.253016456467467
1.6560202056661635
0.7516064842129222
0.9173799495090231
1.1134890830098638
0.7707041533901009
1.8888248672089885
0.4336832296555171
2.2526761043037045
0.848059135705771
0.9108547828602476
2.4510613872401903
1.6255289108095863
0.9972117698180953
2.2105057368597474
1.6581844449350915
0.36771383481986253
1.928926604363439
0.7323599952166582
1.809670928034927
1.3074349151492366
2.386032655032734
2.097111739391064
2.4783721704727064
1.0291626330911958
0.5466303034603498
1.2694562072677444
1.0585895756130186
0.6085138635120786
1.9257047829324936
0.2115934197642793
1.4376514796670568
0.8178840171766357
0.4273536295276588
2.227106829936732
0.21954989943942885
0.5354901928285134
0.2777456205833785
1.4521019994544695
0.5823680646343679
0.36912600980168375
2.050672112474118
2.324446602276638
1.9337908681056253
0.803686158538188
1.9436694049750467
1.7618841462180057
2.133673212584431
1.4317252832339722
0.28362245932990193
1.5674000748653132
1.2090436326342562
2.0828530301388124
0.316696024341353
2.1571164970527508
0.8452723635375279
0.38430669234390075
2.152719126396474
0.9260563398768908
0.8177997784763982
2.477453883631372
0.754374850488446
2.3456748929469544
1.0778876793005496
1.4326219069475816
0.2734373271314577
2.421255766472993
0.9861644749820486
1.3317473213768376
2.062856166887791
1.0077440180604622
0.44451685234937605
2.3795828655621474
2.4632043530884338
0.792205483663903
0.6953728127317085
0.7809061041872918
1.2288125101338674
0.33713896993527703
0.5628606744533493
1.8483941840377531
1.2670271510757667
0.3432345367980787
1.647643743962869
1.0041548180857918
1.5954739975585235
0.3344812972302126
0.6447119177389349
1.5880343838562119
0.7847038723503186
0.7643150583848224
0.7464338630430278
0.8955929261487441
2.377900406405179
0.6394969575620719
0.9426237170329914
0.7823673108793796
2.4036334449884498
0.23876916480581062
0.5268924671459142
1.9381082738317652
2.1224693644163652
1.782199426808291
1.0949061257275048
1.1787109057752094
0.4865743691598454
1.791348901695889
2.3200994939973203
1.2904219671254331
0.9723462205493074
0.5420725558681372
0.7027728226962042
0.45114042274275773
0.43569941806411355
1.1011324951188808
0.5575691291492705
1.5340364638625452
0.9949566488405077
1.7464993343154662
0.25003305281088306
0.4767052782301473
0.328190276986432
0.6190910980704519
0.2478324619236915
1.9568930933208772
1.0299383704218275
0.8783375298324616
1.1438492364352582
1.7881560499263238
0.9851643847916567
0.23848740796099782
2.257986197155182
1.94842835921568
1.1426714409846264
0.6368325484646853
1.4885184595600542
1.749719962312854
0.9568267446540191
0.6361625631518053
0.3341205775966648
2.3903422666191867
1.7278259481357967
1.95400871325129
0.512184212144313
0.4832669440727533
0.21571207334694897
0.8962041247438914
1.779525877415988
0.36167134483326724
0.4222798408279862
2.331481272075199
2.13048233323131
1.119754873426416
2.3950702148982317
1.8527289476566855
1.8791299798623926
2.130444542051354
0.7298996816091743
1.1137128323934737
0.602699033100593
1.3633244281878094
2.048072769863856
0.36184319811231946
0.9495447851708521
0.22769417839836026
1.966347188871854
1.5767322615232116
0.8799794289830165
1.301512044112505
0.9293161761750333
0.23448133338101596
0.24664478484630392
1.2854284271733647
1.0112585734049688
1.4535137042600748
0.7011334701741674
2.435327460500485
0.27039577423120315
0.2141469386237712
0.24509363463353573
0.8760451047680833
1.232885395550194
1.9535812839481899
1.528697915811889
2.3597883568129476
2.100531904712956
1.73071238385627
1.5647144245183544
0.32787240818475105
0.612221250008458
0.38591494222865186
0.5747774475862444
1.8443498958178122
2.0337956947704328
0.4708979763698718
0.6419766493605024
0.288012674175568
0.8428426735385293
0.7187257823660942
2.1093289240663813
1.8736887644905547
1.0835310361511281
0.9141316453675283
0.9383030072569494
0.520255877796826
0.4458181790792879
0.5657238450652142
0.950045104748976
2.0256705035050038
0.818741852527932
1.4612720266414059
0.5952574070871735
1.0835444213436372
0.9148199151375545
0.23407670700453115
0.5894255797072577
0.5605224938632969
0.7404328539233551
1.3680004704031794
0.630238824318313
1.8277449161399926
0.20109505511056663
1.8809762189569992
0.5727889920322059
2.364851380295172
1.8925768036449677
0.7786251828518873
2.423296541902095
0.6959133325643916
0.39388894765050586
0.3449144491122911
1.8901839116102916
2.0256294871564604
0.7729989561174422
0.47461663029500534
1.5329848940184605
2.1721980485643613
0.5564894468217092
0.20669011602183068
1.2476230549006562
0.20519638471195575
1.4221166243738965
0.3614029863891647
0.25078714102446775
1.394000286329896
2.0091338163818824
1.1072982630641082
0.454498548377257
0.5840289071131226
1.3987211647467348
0.6631404734707016
0.6301354866539849
1.3277428644562013
1.2976112012671668
0.4531977605908914
1.6395142091240265
0.76036062742962
0.6500621772473667
0.48207867320163306
0.759127576791311
1.2339795909031728
0.9454078441223241
1.199834440356471
1.7279577701745832
2.2641309308483057
1.3051130328320282
0.4116204963122715
0.8476069624256521
1.9661755185615968
0.8482951151118285
1.5555113380643582
1.2862792322130951
2.446533369339677
0.42843396341891604
0.8195611621936341
0.643050690161271
0.32152945717137754
1.8932777734938062
0.9369297476353229
0.8928557301312281
2.2514539584485913
0.7363959791762853
2.2746004711721937
0.7595125007343708
0.7546784679795058
1.9956026192355931
0.6273216645498573
1.1305170496636077
1.1695085171571449
0.8726234559629054
0.8062031742610243
0.2742602290163113
1.5153956555237638
1.7145319750366932
2.226649845033325
0.7437144734000374
0.3413384620020901
0.3339494085372702
2.2024239459284414
2.288744782077811
1.035405041996946
1.7083735363684398
1.0627621901973099
1.2350018077978664
0.9929959846654743
1.459755674802726
0.4717148164309757
0.7920899580749798
0.4141865391032579
0.20527615479439004
2.056697105763673
1.1717128539834811
2.08306937762638
0.4738439345178944
0.4824270508612908
0.7252944786088324
1.4213221076563134
0.39118613538749153
1.1060316538108304
2.3636261048101246
2.1838892048019263
1.70792292322238
0.6891964128711421
1.3131944249806775
0.5536730758414476
0.6774336482921808
0.20292073165887567
1.563176041762601
1.3681580534759754
1.857609843890042
0.7526153145518442
0.3078985860150663
0.3707880250302691
1.4932615180811277
2.1035176082786
2.4276692650378937
2.3641310903562784
0.32874834148128623
2.4100087115792994
1.0992857001351912
2.2608961775181933
1.711397497013603
1.8142864368906744
1.1283513061330361
0.5213600537015095
2.231212907398786
0.5363078301228452
1.3134237342040147
0.7394148286338986
2.161657957870681
1.4162504690719229
0.48730786166191936
1.072677585039591
1.0917730365434297
1.3584299908312019
0.4138153262097626
0.9517316121698391
0.5074097955235064
0.8248260173013733
2.376866018494116
0.5033362583288996
1.2697849847975187
1.3689354282904282
1.9157959671173996
0.7673859173795146
0.38879886036576883
1.9463253934396012
0.9421847908234644
1.501467082330592
1.8455325370393818
0.6775631169075435
0.5179227794495606
0.6836355750148222
1.7922157044058353
0.6828897859734429
0.3715121206472396
2.127036467466721
0.9252980462942129
1.9336141520331622
2.475420027712282
0.9632933351509982
0.35395216887965564
0.7654798536137306
1.9464179600248463
0.7531001633232024
2.312339060267824
0.6986206159174848
0.3011936728066149
0.7437336687853207
0.970616991456462
1.2436490165056386
1.6186974677067354
1.3330100107978495
1.563183750387556
0.650101582242987
0.836004555259813
1.8499683502808224
0.43519009761511374
0.9656502051275009
1.334578157225047
0.3749307250789195
2.0890307479418544
2.2278605829736113
1.5383202461943708
1.3055168429199042
2.093653648745546
0.2801225527736393
0.4335502946440453
0.8162457037999116
0.3385609556701836
1.991031515328406
1.1206672389666048
2.1048090964011097
2.1442001805507944
1.3482484410665774
0.6296339511468414
1.3466704474175244
0.3128082236895935
0.20861943276554584
1.0930547589072144
0.3940078993579049
1.9452837610497673
0.40995361992414425
1.690767404963291
2.351776295731292
1.5450437956061989
1.3989653078694668
0.2502306271358937
1.79670274116534
2.121999569136864
1.2204684395688687
1.225678723234502
1.846583554486956
1.192127365559624
2.0956175244888953
1.8060382147738112
1.484377634889407
0.9954756432465532
2.2446793069385453
1.061244600434835
1.9322949646399432
0.4361179126902469
1.728768074214969
1.3868909856603346
0.4791184870450761
0.38584656969112613
2.188601431831166
2.1260357344527776
0.8973877273019402
2.458057046148298
1.2944322406600677
0.9483050637055923
0.8523728811010656
0.3131688458045779
2.0860503778259667
1.6801072941045099
1.643465182136286
0.49680831192066655
2.445986146332293
0.6113539747990645
Rank 2: 200 simulations
0.8759796024923265
1.8632276787837618
1.1930503097670058
Running 800 simulations with 4 MPI ranks
Rank 0: 200 simulations
1.5853416736596646
1.143687960221799
0.5731209306854447
Rank 1: 200 simulations
0.4872118791396459
0.27850633467619873
Rank 3: 200 simulations
