==========================================
Mass Fraction MPI Run
==========================================
Date:               Mon Sep 21 15:38:17 CDT 2026
Host:               ac035
Array job ID:       2151701
Array task ID:      1
MPI ranks:          4
CPUs per task:      1
Nodes allocated:    1
Python:             /scratch/user/u.hm357857/.conda/envs/comets/bin/python
Conda environment:  /scratch/user/u.hm357857/.conda/envs/comets
==========================================

2.1789515327610904
0.4448885895142076
2.4286803872836265
0.9303063089833868
1.6541247703232347
1.6276371953247564
0.3089500311071286
2.295264036646797
2.4278305533149847
2.0199557900918865
1.7815378393598764
0.6762184581452776
0.41052761941068183
1.5730943683541971
2.0729751958967375
2.2897230122684737
1.1356520467739202
1.8903911719432251
0.5727769026905961
2.27393232863549
0.6877501133364528
1.601916784245992
1.703987588697566
1.4197217090462715
1.0428482261710714
1.5670465192857268
0.879516957809701
1.3286505656733332
0.7881624142209771
1.8619387311395912
0.8572558499121377
0.9121060249634012
2.259231517266593
0.8489423246837644
2.1061617454789787
0.6688518941087818
1.3042323169543184
1.9307638821605408
1.5939604024495886
0.626601525462078
2.4878185376540833
1.3532686003645378
2.2112592791003394
0.8642375230465941
2.304076799722231
2.4238015282470187
2.029203606229774
0.28135866212232674
1.8161611115768435
1.2863602424261904
1.026022358013396
2.3709405472864193
0.7725287049876374
2.005627769815163
1.757167260049073
0.780484299927387
1.7945863459265343
0.7865540208096571
0.8006564564857431
1.9512127793277763
1.0875637213729785
2.046440748902958
2.13525140943454
2.216758167364068
1.375205004627011
0.459169087282942
1.8190058399349405
1.0665850337198854
1.2297358232130893
1.6697397805171945
2.2392423025784405
0.9620802605539571
0.844973734471129
1.9797059994579698
1.8082698373588204
0.46885936786991245
1.6716977289096497
1.7746002405589505
2.080505472858166
0.9659409958681555
1.7812208024180185
1.7996233543515956
2.198267434915076
2.442951913465042
0.357296610025053
0.9001017817033916
0.5515018170808094
1.7701521139020282
1.2476533907273262
1.6477455247701542
1.8459063718393576
0.6998405122741942
2.11512706806184
2.381091238516782
1.4835124131228794
0.6849141109359032
1.0724205808829084
1.3017157321265722
1.2050595599536682
1.4355526602864552
1.7803680965124562
1.6934638763483842
1.875367323163045
1.2906757024079756
0.3359755658033154
0.8973103016375262
1.0105276947311244
1.4176897329821787
0.3946198733641646
2.421994334481958
0.936492232042734
1.5389048873277882
1.3757628353376339
0.9437649648338626
1.1099666903049805
2.144485345084707
1.937553803894741
2.472267084794751
2.1544059917114398
1.964983585904388
1.8513655433046794
0.5553839546559641
0.5413259678931734
1.416278700209438
0.5375522373149016
1.2038318246545505
2.1308501992997293
0.36144735080637175
0.5043046243755154
2.265999690885083
1.7783478382776015
0.6555998668646768
2.452439351116252
0.31900786818406546
0.953783519152684
1.2680756227773753
1.8833220024433406
0.7075317907596179
2.4849676871531003
1.7979001498323361
1.229366313981024
1.0204506582323976
1.6173261499999838
0.8815195406172864
0.5169794448649543
1.5862781303095141
2.196518652794129
0.666400431636045
0.9929464902541162
1.081411197511899
1.599796456952656
1.7313422513033108
2.474819314861273
2.040996432570193
1.0931355087794101
0.715577474440749
0.6104054946203938
1.3546300000500735
1.4694771375610063
1.473322209530251
2.074241020191868
2.399248236080145
2.4888765148518464
2.189051598804445
0.9309350002835932
2.1499534410111467
0.9617915922269729
0.9548094092836976
1.1483442001190274
0.9856509483429804
1.5391137721367478
0.3736516913685042
1.888335440364037
1.9170364976257623
1.696502090565649
0.9953737957443866
1.168358958518087
0.36058980642206817
1.0572768640738675
2.051253720703344
1.8275102680074244
0.45627424584791665
2.0058094392502808
0.987871674062071
1.106319840692494
0.6646678782837093
2.0070603542657586
1.0567529269973297
1.4580233975360144
1.636177653757405
1.2108298553001857
1.1830723075298781
2.1315037551051983
0.450686742620375
1.3686834455234667
1.5547813982926075
1.372551039843951
0.6776821607923569
0.7020799738166735
2.0598096646791246
1.8373156932686538
1.1684602794553376
2.3532226524971387
0.41538733831326613
1.4956967251451458
2.3900344082795293
1.0222390502662941
1.1389665991142477
1.8469459772401113
0.5493072846842464
2.3586029074555603
1.9455818634844537
1.710656416199219
1.514473790655043
1.2425521273864457
0.5893030648365504
0.8225560844973359
1.7963592338199892
0.39836371601976384
1.6727112884521569
2.105366338006136
1.8661524379743166
1.105346724659571
0.5593319063541774
1.946656296555886
0.5227083087483383
1.9263491591994375
1.7532041771244435
1.7536973595298544
0.7234073349338346
1.9140887186004114
0.9678838610439817
1.5414517625912048
1.2895890891445672
2.042996766423464
2.0343222086113806
1.3973875247692777
2.4906120041675717
0.8929924623162264
1.7258256651481403
1.1792263181379665
1.834702245457955
0.379470651465381
2.3946424094106185
0.28829126357558943
0.6399740348729955
0.5859120493108976
0.6306998012444796
2.2397661065816514
1.4665785056723566
1.849400429444498
1.9820407336169747
2.458123098571414
1.654707462147876
0.9769289137530954
1.667577651732862
1.087973544999128
1.881115869975986
1.8527763284268073
0.3796663185412703
1.647471383374623
1.4844639602337062
0.4690372606748914
1.9874331828391378
2.2991387350480004
1.295907581648344
0.9281304928700085
2.4921592542232904
2.2424804697591156
0.3977121293161846
1.6858212634958039
1.6329049355403857
0.9867499803588322
1.5880395657635853
1.525511811958382
1.5277550591945386
0.7811551022529151
1.2901957308579644
2.0235526376072177
2.3502273768947166
2.1618300148038667
1.0685842380091608
0.6873457919452324
1.1000510137988235
0.35127006100628977
1.3279891769459622
1.223204714602582
1.1941722448543421
1.0308138888736096
0.8846903856434695
0.9626830813395312
1.659297357272922
2.108032581279832
0.7227363023229577
0.38041590294947475
1.5904016350632328
0.6007160097837173
1.2372985011660158
1.7724135932372693
2.1840616259647834
1.732346369393347
1.6027698320417925
1.7066646449529543
0.5407597235682693
2.055486255679452
1.3583238625808516
1.3329984683557414
1.7702117494359535
0.30665980683892985
1.0720527868587857
1.1986819337292804
0.6229974965638057
0.8366882844189006
2.4307451543698173
2.424616975978213
1.9601632867350642
2.4584175546366587
2.285285576644317
1.4990714598184036
0.40738934976103874
2.07408583004811
2.412732019934985
1.445436820253697
1.137471367474508
1.453717339991353
2.222972218505669
1.4535044467031184
1.58389432119018
2.0768395405977866
0.8600227719409463
1.031158692636709
0.34217192631545995
1.3174097305977055
1.2894652817870245
1.33871590077337
1.2161525517754543
1.6905400431328306
1.1471002348231347
1.1839720061133532
2.3946155789463743
1.1275041447852325
1.1812536023699904
1.8954543958216292
1.8142911388681344
0.3516620983648599
2.40591333211158
2.006731157499483
0.5939159273412059
0.6599082893438446
1.3999069709901006
0.4263574118303657
0.9904734912859584
1.7534925897422404
0.606594174310998
1.4301548220992775
1.7709827857393676
1.9604519880526747
1.0989149654254065
1.425365052216319
2.2939017334513188
1.9461307984219127
0.7583368161125884
2.0018342177587254
1.361558514909478
1.4834048772883441
0.29011512650909344
0.9922112637469889
2.4835992800246656
2.4747942284100377
0.4717580465078679
1.2116414769584458
1.3838812072616242
1.392416748370537
0.5730711226377652
1.9766723588287864
1.3599667129034256
0.9335576434237246
1.4006011265384761
1.342628347923802
1.0540848743926428
1.7383999887274373
1.293246462764632
2.3457638506448983
0.9311524064631043
0.578086069055478
1.894323092119492
1.356427924704371
0.6820844693949543
0.8176545559227568
0.7972897898483686
1.3893382426907295
2.1934102093591332
1.0943176095580753
0.29058829301080435
1.4095608941104376
0.36769896279558684
2.362178538958682
1.1758376372307113
2.036007183340185
1.3239634480997686
0.4758482501306109
1.811700716077184
1.3345382675352708
1.3401685597817352
2.4226419905383576
1.0308810747354162
0.5249811597718177
1.8877104453894789
2.4650863294173626
1.0971548472184782
1.1460612057261115
1.613341953151291
0.9669518026849532
0.3692874147891582
2.429510206286933
1.94145423015859
1.083440675709353
0.6949654732536387
0.39440327497491423
0.6329616517748922
2.373287826294867
2.1503539971394128
0.913506148365378
2.3975817355942874
2.0954478192082906
0.8085812606928928
1.1631575689319233
1.1544937622053602
1.4257885471695617
1.7773197498769586
0.569041653047653
1.4718280967772417
0.47285359369591773
2.086248186142515
2.490223538027249
0.5668330661395611
0.9326269624315071
1.6533874224527914
0.587651875659169
1.5520153055546553
1.8017110598534967
0.40336550081560374
1.8708554674586708
2.330129003953272
0.39644324640677275
0.3762065036502845
1.0461420485534618
0.4571887137934197
1.0330485310215018
0.46132958060322726
2.319816679711022
0.6372278541357566
1.8388385547767394
2.1249854347692514
2.2949500146809734
0.6423617425758121
2.1766757587548726
0.3909108651925405
1.974240124652987
1.7613877429667244
0.257397364437546
2.1251219303807956
1.9707548331052667
1.0370065632294936
1.1220879828794823
0.6021732271165979
1.5686175656724919
1.0371506726455202
2.0477442575592724
1.5624888450947811
2.195287113611651
1.761764899423118
0.3367214255722196
1.1015549204068593
0.6486416037684779
0.3049279332588871
1.9004516116644647
2.4744894872401386
0.7023427022199131
2.2379607209746437
1.1502005061788205
0.7711827874674537
2.1534502959636788
1.1395079575911058
1.165839657608026
2.2940303415576824
0.9764148654264408
0.9443140725611617
0.8292240791892478
0.3926553000533257
1.3354173710775583
1.991839784299043
1.008278406503781
1.1075968174727553
1.8698416902225377
1.9251583585534484
1.2427160298389968
1.5459626733015623
2.3402632651974264
1.4804373941301112
0.34282848655044695
0.6345705659861466
0.8814678708280173
2.128550174917227
1.9014670929156365
1.6058075514109147
0.9514533063549576
1.6139831294861418
1.1406218006981614
0.28616619471849425
1.785780369806281
0.5378731892501658
1.6587400003333448
1.278397984813375
2.087344946242034
1.125133382104751
0.5744070449472137
1.5680634411238452
1.8696515382271095
2.4352464862298016
1.7263461099395716
1.631988517261081
1.1955811559130192
1.4682198111103786
2.160919282880212
1.1580825166509547
2.2276311967164037
1.7041226046338729
1.5364849113762369
1.7367729848874416
0.4570860202476199
1.5003521046079369
0.6206148540198712
1.3214167150369807
1.9988959641948352
1.913215519827048
2.3568071718074757
0.9410326694690345
1.731928186881695
0.31786230480128824
0.44243746429461983
0.817649152176653
1.880950033589483
1.6882453386516725
0.7402886613372262
1.6981822407227178
1.4372347941357042
1.8743818778860522
2.0704725507421307
0.8301505978460434
2.279847266600484
0.6804400104888679
2.4978449273521974
0.8863263615527168
1.1873840685051509
1.3618675183758715
2.438808926692639
2.130793020873215
2.2791929113582805
0.6587674218577076
0.7618287758185014
1.879562702661354
0.278920408837144
1.338130589394479
0.8037186054151338
1.0755718963777658
1.4117187375800577
0.8486041050874437
2.297039004827664
1.4939130471151905
2.312460632374428
2.0265658827647597
1.7847389341154019
1.3235940243479896
0.3406827009700849
0.7722003352389029
1.8939832669335046
1.8190392847680819
0.5213371886273214
0.8347111061127135
2.4953488302584352
0.6394620464873922
2.381113961838173
0.37966893884880476
2.4486450774383086
0.7803723310082062
0.8454267474532917
2.0632784611781942
2.4038682879153868
0.5729130821669983
1.9828118189294395
2.2292067283891255
0.9303532783981197
0.892466985098626
0.38895463350884263
0.8128375845395244
1.9403471308061617
0.49877411856264875
0.965705125020784
0.30088681680837787
0.8240923892045969
1.2777062879170258
1.3023121844435048
1.8913680331275253
0.5457051339685738
2.291162888068141
1.6246280938896436
0.5760755988566749
1.1130043548270332
0.6394128021625867
1.3397016508485198
1.091975884421425
0.9609002146917835
2.169381130586875
1.4599175946273137
2.298204311655823
0.7411139491084164
2.4664895524721735
2.417026098399624
1.0706621048590217
0.3847974312332273
0.7422673065947277
1.7446746998425273
2.201429390166892
0.46026503153632237
2.308730693898901
0.7592590161929775
0.2767159658116968
1.3104235435653853
0.43749108143435433
1.3823115605726624
1.7353902273599495
0.4327677600825338
1.0463921499767899
1.8835047829793026
0.6462954731410722
2.0579393695901516
1.707338665345691
1.1764967461558988
2.1953416484940727
1.0702578262660176
0.9036855564185906
1.8472962455073905
2.279548602579669
0.5359510356938167
1.501083235867144
2.349173619942002
1.4510503818642384
2.2167593959404854
0.8352336425072656
1.3706913511104852
0.5429027349215468
0.807780998677913
1.426052290651573
1.2306754002421016
2.462712925460819
1.4653632204564597
2.4800477189403214
1.5377587704062583
2.1100550917664087
0.9562393479062192
1.4218035769706963
0.3591816343740447
0.8167550544628991
0.5040764137116808
1.9873866133015943
1.9236712878095605
2.3350526541913332
1.4085278753860588
0.5568631038319776
2.204187743703584
0.9191656261026893
0.44263114971351336
1.15216688168319
2.183690695775015
0.8501943547006964
1.073489700247081
1.447098952823342
1.1791109682834433
1.9184434519764433
0.5021037180133853
1.973080751019298
1.1227145291145013
0.46733264373220484
1.6797498775560347
1.091744121597186
0.7708808817079622
1.0107069903466943
1.491195288716322
1.392360087347319
1.6638585188280606
1.2379697747487448
1.147844445345149
0.4854132615169088
0.9767427003140899
0.9827047135025018
0.2843441214107513
0.5634855252496104
1.0124466452518657
0.269435542721691
0.6635796396627723
1.7376444556803878
0.3951135550310222
0.7864213928619548
0.46344533415869765
1.3363792595639796
0.5554729466740823
2.32599505970452
1.4773859201721855
1.2788735919288992
1.2017611828615826
2.1028939485509954
0.37588822429327196
1.0893935927724945
1.8606511584412115
1.0192312966737669
1.4590410061325882
0.37868124552434534
1.5678149810465167
1.0545274573973415
2.0742479147345634
1.2743476603088322
1.5102935979242145
1.317981762480078
0.9448599760126005
0.3915551602575621
2.2409465481914084
2.187458107362547
1.9777632145981736
0.8191714712892929
0.9931284421282891
1.2054859054870666
0.8308278451931504
0.486272817961524
1.2654355033209077
2.3691971510288807
0.8287031328964897
0.9752907460642137
2.0340666061255375
1.304001562834005
1.1867189815426307
0.43331875218591137
1.9575561100729189
0.5141363422514398
2.0348352161200562
2.0913139963495393
0.4193618122988546
2.0683585265581086
1.6975992363979209
0.4472698961333659
1.2518170715232813
1.946247179175972
1.11732171741146
0.34436915646804145
1.8578483114247533
1.663922838475841
2.082246621725248
1.243637335906672
2.2286786133389103
1.1903231916082677
1.184802752099023
1.7379933742825295
1.2660141296273528
1.967491832629257
1.1849265868195644
1.412541024375743
2.4243075297913284
2.1180618071790027
2.4296679015420737
1.1815103144182704
0.9875545478458266
0.4757542004435533
2.3975474873558857
0.7167957871394983
1.6236016421259087
1.3731742565133334
1.846036419998212
1.5826725278835374
2.1141426445198155
1.4434908641026098
1.3062257144376987
2.0939677030244845
1.8546739582387657
0.26782198013104774
2.0917253762360524
1.6281324524789818
0.31727829041673317
1.6191167819477958
2.4003776106115557
1.690819814010015
1.039886153594154
2.1557932726015228
0.5281930843385749
1.7826470254714415
1.6245686914397166
Running 800 simulations with 4 MPI ranks
Rank 0: 200 simulations
2.096769517850232
Rank 1: 200 simulations
0.9246885487137122
Rank 3: 200 simulations
1.039735682261882
0.9285975197842948
1.4484819545023746
Rank 2: 200 simulations
t=93765  fraction=0.28250  peak_slope=8.271e-06  t_peak=46883  comparison cadence=93765  difference=0.28250  below=0/3
t=94763  fraction=0.28250  peak_slope=8.271e-06  t_peak=46883  comparison cadence=93765  difference=0.28250  below=0/3
t=95760  fraction=0.28250  peak_slope=8.271e-06  t_peak=46883  comparison cadence=93765  difference=0.28250  below=0/3
t=96758  fraction=0.28500  peak_slope=8.271e-06  t_peak=46883  comparison cadence=93765  difference=0.28500  below=0/3
t=97755  fraction=0.28875  peak_slope=8.271e-06  t_peak=46883  comparison cadence=93765  difference=0.28875  below=0/3
t=98753  fraction=0.28875  peak_slope=8.271e-06  t_peak=46883  comparison cadence=93765  difference=0.28875  below=0/3
t=99750  fraction=0.29125  peak_slope=8.271e-06  t_peak=46883  comparison cadence=93765  difference=0.29125  below=0/3
t=100748  fraction=0.29500  peak_slope=8.271e-06  t_peak=46883  comparison cadence=93765  difference=0.29500  below=0/3
t=101745  fraction=0.29500  peak_slope=8.271e-06  t_peak=46883  comparison cadence=93765  difference=0.29500  below=0/3
t=102743  fraction=0.29500  peak_slope=8.271e-06  t_peak=46883  comparison cadence=93765  difference=0.29500  below=0/3
t=103740  fraction=0.29750  peak_slope=8.271e-06  t_peak=46883  comparison cadence=93765  difference=0.29750  below=0/3
t=104738  fraction=0.30000  peak_slope=8.271e-06  t_peak=46883  comparison cadence=93765  difference=0.30000  below=0/3
t=105735  fraction=0.30125  peak_slope=8.271e-06  t_peak=46883  comparison cadence=93765  difference=0.30125  below=0/3
t=106733  fraction=0.30250  peak_slope=8.271e-06  t_peak=46883  comparison cadence=93765  difference=0.30250  below=0/3
t=107730  fraction=0.30375  peak_slope=8.271e-06  t_peak=46883  comparison cadence=93765  difference=0.30375  below=0/3
t=108728  fraction=0.30625  peak_slope=8.271e-06  t_peak=46883  comparison cadence=93765  difference=0.30625  below=0/3
t=109725  fraction=0.30750  peak_slope=8.271e-06  t_peak=46883  comparison cadence=93765  difference=0.30750  below=0/3
t=110723  fraction=0.30750  peak_slope=8.271e-06  t_peak=46883  comparison cadence=93765  difference=0.30750  below=0/3
t=111720  fraction=0.31000  peak_slope=8.271e-06  t_peak=46883  comparison cadence=93765  difference=0.31000  below=0/3
t=112718  fraction=0.31250  peak_slope=8.271e-06  t_peak=46883  comparison cadence=93765  difference=0.31250  below=0/3
t=113715  fraction=0.31375  peak_slope=8.271e-06  t_peak=46883  comparison cadence=93765  difference=0.31375  below=0/3
t=114713  fraction=0.31375  peak_slope=8.271e-06  t_peak=46883  comparison cadence=93765  difference=0.31375  below=0/3
t=115710  fraction=0.31500  peak_slope=8.271e-06  t_peak=46883  comparison cadence=93765  difference=0.31500  below=0/3
t=116708  fraction=0.31750  peak_slope=8.271e-06  t_peak=46883  comparison cadence=93765  difference=0.31625  below=0/3
t=117705  fraction=0.32125  peak_slope=8.271e-06  t_peak=46883  comparison cadence=93765  difference=0.31750  below=0/3
t=118703  fraction=0.32625  peak_slope=8.271e-06  t_peak=46883  comparison cadence=93765  difference=0.32125  below=0/3
t=119700  fraction=0.32750  peak_slope=8.271e-06  t_peak=46883  comparison cadence=93765  difference=0.32000  below=0/3
t=120698  fraction=0.32750  peak_slope=8.271e-06  t_peak=46883  comparison cadence=93765  difference=0.31750  below=0/3
t=121695  fraction=0.32875  peak_slope=8.271e-06  t_peak=46883  comparison cadence=93765  difference=0.31625  below=0/3
t=122693  fraction=0.33000  peak_slope=8.271e-06  t_peak=46883  comparison cadence=93765  difference=0.30875  below=0/3
t=123690  fraction=0.33250  peak_slope=8.271e-06  t_peak=46883  comparison cadence=93765  difference=0.30625  below=0/3
t=124688  fraction=0.33625  peak_slope=8.271e-06  t_peak=46883  comparison cadence=93765  difference=0.29875  below=0/3
t=125685  fraction=0.33625  peak_slope=8.271e-06  t_peak=46883  comparison cadence=93765  difference=0.29250  below=0/3
t=126683  fraction=0.33625  peak_slope=8.271e-06  t_peak=46883  comparison cadence=93765  difference=0.29125  below=0/3
t=127680  fraction=0.33625  peak_slope=8.271e-06  t_peak=46883  comparison cadence=93765  difference=0.28625  below=0/3
t=128678  fraction=0.33750  peak_slope=8.271e-06  t_peak=46883  comparison cadence=93765  difference=0.28000  below=0/3
t=129675  fraction=0.33750  peak_slope=8.271e-06  t_peak=46883  comparison cadence=93765  difference=0.27125  below=0/3
t=130673  fraction=0.33750  peak_slope=8.271e-06  t_peak=46883  comparison cadence=93765  difference=0.26625  below=0/3
t=131670  fraction=0.33875  peak_slope=8.271e-06  t_peak=46883  comparison cadence=93765  difference=0.26375  below=0/3
t=132668  fraction=0.34125  peak_slope=8.271e-06  t_peak=46883  comparison cadence=93765  difference=0.25500  below=0/3
t=133665  fraction=0.34125  peak_slope=8.271e-06  t_peak=46883  comparison cadence=93765  difference=0.25375  below=0/3
t=134663  fraction=0.34375  peak_slope=8.271e-06  t_peak=46883  comparison cadence=93765  difference=0.25000  below=0/3
t=135660  fraction=0.34375  peak_slope=8.271e-06  t_peak=46883  comparison cadence=93765  difference=0.24625  below=0/3
t=136658  fraction=0.34875  peak_slope=8.271e-06  t_peak=46883  comparison cadence=93765  difference=0.24250  below=0/3
t=137655  fraction=0.35000  peak_slope=8.271e-06  t_peak=46883  comparison cadence=93765  difference=0.23375  below=0/3
t=138653  fraction=0.35125  peak_slope=8.271e-06  t_peak=46883  comparison cadence=93765  difference=0.22875  below=0/3
t=139650  fraction=0.35125  peak_slope=8.271e-06  t_peak=46883  comparison cadence=93765  difference=0.21875  below=0/3
t=140648  fraction=0.35125  peak_slope=8.271e-06  t_peak=46883  comparison cadence=93765  difference=0.21250  below=0/3
t=141645  fraction=0.35125  peak_slope=8.271e-06  t_peak=46883  comparison cadence=93765  difference=0.20750  below=0/3
t=142643  fraction=0.35250  peak_slope=8.271e-06  t_peak=46883  comparison cadence=93765  difference=0.20375  below=0/3
t=143640  fraction=0.35375  peak_slope=8.271e-06  t_peak=46883  comparison cadence=93765  difference=0.19750  below=0/3
t=144638  fraction=0.35375  peak_slope=8.271e-06  t_peak=46883  comparison cadence=93765  difference=0.18750  below=0/3
t=145636  fraction=0.35375  peak_slope=8.271e-06  t_peak=46883  comparison cadence=93765  difference=0.18125  below=0/3
t=146633  fraction=0.35375  peak_slope=8.271e-06  t_peak=46883  comparison cadence=93765  difference=0.17375  below=0/3
t=147631  fraction=0.35625  peak_slope=8.271e-06  t_peak=46883  comparison cadence=93765  difference=0.17375  below=0/3
t=148628  fraction=0.35750  peak_slope=8.271e-06  t_peak=46883  comparison cadence=93765  difference=0.17375  below=0/3
t=149626  fraction=0.35875  peak_slope=8.271e-06  t_peak=46883  comparison cadence=93765  difference=0.16375  below=0/3
t=150623  fraction=0.36125  peak_slope=8.271e-06  t_peak=46883  comparison cadence=93765  difference=0.16250  below=0/3
t=151621  fraction=0.36125  peak_slope=8.271e-06  t_peak=46883  comparison cadence=93765  difference=0.16000  below=0/3
t=152618  fraction=0.36250  peak_slope=8.271e-06  t_peak=46883  comparison cadence=93765  difference=0.15750  below=0/3
t=153616  fraction=0.36250  peak_slope=8.271e-06  t_peak=46883  comparison cadence=93765  difference=0.15250  below=0/3
t=154613  fraction=0.36250  peak_slope=8.271e-06  t_peak=46883  comparison cadence=93765  difference=0.15000  below=0/3
t=155611  fraction=0.36250  peak_slope=8.271e-06  t_peak=46883  comparison cadence=93765  difference=0.15000  below=0/3
t=156608  fraction=0.36250  peak_slope=8.271e-06  t_peak=46883  comparison cadence=93765  difference=0.14625  below=0/3
t=157606  fraction=0.36250  peak_slope=8.271e-06  t_peak=46883  comparison cadence=93765  difference=0.14250  below=0/3
t=158603  fraction=0.36250  peak_slope=8.271e-06  t_peak=46883  comparison cadence=93765  difference=0.14000  below=0/3
t=159601  fraction=0.36250  peak_slope=8.271e-06  t_peak=46883  comparison cadence=93765  difference=0.13250  below=0/3
t=160598  fraction=0.36250  peak_slope=8.271e-06  t_peak=46883  comparison cadence=93765  difference=0.13000  below=0/3
t=161596  fraction=0.36375  peak_slope=8.271e-06  t_peak=46883  comparison cadence=93765  difference=0.12875  below=0/3
t=162593  fraction=0.36500  peak_slope=8.271e-06  t_peak=46883  comparison cadence=93765  difference=0.12625  below=0/3
t=163591  fraction=0.36500  peak_slope=8.271e-06  t_peak=46883  comparison cadence=93765  difference=0.12250  below=0/3
t=164588  fraction=0.36625  peak_slope=8.271e-06  t_peak=46883  comparison cadence=93765  difference=0.12250  below=0/3
t=165586  fraction=0.36625  peak_slope=8.271e-06  t_peak=46883  comparison cadence=93765  difference=0.11750  below=0/3
t=166583  fraction=0.36625  peak_slope=8.271e-06  t_peak=46883  comparison cadence=93765  difference=0.11500  below=0/3
t=167581  fraction=0.36625  peak_slope=8.271e-06  t_peak=46883  comparison cadence=93765  difference=0.11500  below=0/3
t=168578  fraction=0.36625  peak_slope=8.271e-06  t_peak=46883  comparison cadence=93765  difference=0.11125  below=0/3
t=169576  fraction=0.36750  peak_slope=8.271e-06  t_peak=46883  comparison cadence=93765  difference=0.11250  below=0/3
t=170573  fraction=0.36750  peak_slope=8.271e-06  t_peak=46883  comparison cadence=93765  difference=0.10875  below=0/3
t=171571  fraction=0.36750  peak_slope=8.271e-06  t_peak=46883  comparison cadence=93765  difference=0.10500  below=0/3
t=172568  fraction=0.36750  peak_slope=8.271e-06  t_peak=46883  comparison cadence=93765  difference=0.10500  below=0/3
t=173566  fraction=0.36750  peak_slope=8.271e-06  t_peak=46883  comparison cadence=93765  difference=0.10500  below=0/3
t=174563  fraction=0.36750  peak_slope=8.271e-06  t_peak=46883  comparison cadence=93765  difference=0.10125  below=0/3
t=175561  fraction=0.37000  peak_slope=8.271e-06  t_peak=46883  comparison cadence=93765  difference=0.10375  below=0/3
t=176558  fraction=0.37000  peak_slope=8.271e-06  t_peak=46883  comparison cadence=93765  difference=0.10375  below=0/3
t=177556  fraction=0.37000  peak_slope=8.271e-06  t_peak=46883  comparison cadence=93765  difference=0.10125  below=0/3
t=178553  fraction=0.37000  peak_slope=8.271e-06  t_peak=46883  comparison cadence=93765  difference=0.10125  below=0/3
t=179551  fraction=0.37000  peak_slope=8.271e-06  t_peak=46883  comparison cadence=93765  difference=0.09750  below=0/3
t=180548  fraction=0.37000  peak_slope=8.271e-06  t_peak=46883  comparison cadence=93765  difference=0.09375  below=0/3
t=181546  fraction=0.37000  peak_slope=8.271e-06  t_peak=46883  comparison cadence=93765  difference=0.09375  below=0/3
t=182543  fraction=0.37000  peak_slope=8.271e-06  t_peak=46883  comparison cadence=93765  difference=0.09250  below=0/3
t=183541  fraction=0.37000  peak_slope=8.271e-06  t_peak=46883  comparison cadence=93765  difference=0.09250  below=0/3
t=184538  fraction=0.37000  peak_slope=8.271e-06  t_peak=46883  comparison cadence=93765  difference=0.09250  below=0/3
t=185536  fraction=0.37000  peak_slope=8.271e-06  t_peak=46883  comparison cadence=93765  difference=0.09250  below=0/3
t=186533  fraction=0.37000  peak_slope=8.271e-06  t_peak=46883  comparison cadence=93765  difference=0.08875  below=0/3
t=187531  fraction=0.37125  peak_slope=8.271e-06  t_peak=46883  comparison cadence=93765  difference=0.08875  below=0/3
t=188528  fraction=0.37125  peak_slope=8.271e-06  t_peak=46883  comparison cadence=93765  difference=0.08875  below=0/3
t=189526  fraction=0.37125  peak_slope=8.271e-06  t_peak=46883  comparison cadence=93765  difference=0.08875  below=0/3
t=190523  fraction=0.37125  peak_slope=8.271e-06  t_peak=46883  comparison cadence=93765  difference=0.08625  below=0/3
t=191521  fraction=0.37250  peak_slope=8.271e-06  t_peak=46883  comparison cadence=93765  difference=0.08375  below=0/3
t=192518  fraction=0.37250  peak_slope=8.271e-06  t_peak=46883  comparison cadence=93765  difference=0.08375  below=0/3
t=193516  fraction=0.37250  peak_slope=8.271e-06  t_peak=46883  comparison cadence=93765  difference=0.08125  below=0/3
t=194513  fraction=0.37250  peak_slope=8.271e-06  t_peak=46883  comparison cadence=93765  difference=0.07750  below=0/3
t=195511  fraction=0.37250  peak_slope=8.271e-06  t_peak=46883  comparison cadence=93765  difference=0.07750  below=0/3
t=196508  fraction=0.37375  peak_slope=8.271e-06  t_peak=46883  comparison cadence=93765  difference=0.07875  below=0/3
t=197506  fraction=0.37500  peak_slope=8.271e-06  t_peak=46883  comparison cadence=93765  difference=0.07750  below=0/3
t=198503  fraction=0.37500  peak_slope=8.271e-06  t_peak=46883  comparison cadence=93765  difference=0.07500  below=0/3
t=199501  fraction=0.37750  peak_slope=8.271e-06  t_peak=46883  comparison cadence=93765  difference=0.07625  below=0/3
t=200498  fraction=0.37750  peak_slope=8.271e-06  t_peak=46883  comparison cadence=93765  difference=0.07500  below=0/3
t=201496  fraction=0.37875  peak_slope=8.271e-06  t_peak=46883  comparison cadence=93765  difference=0.07500  below=0/3
t=202493  fraction=0.37875  peak_slope=8.271e-06  t_peak=46883  comparison cadence=93765  difference=0.07250  below=0/3
t=203491  fraction=0.37875  peak_slope=8.271e-06  t_peak=46883  comparison cadence=93765  difference=0.07125  below=0/3
t=204488  fraction=0.38000  peak_slope=8.271e-06  t_peak=46883  comparison cadence=93765  difference=0.07250  below=0/3
t=205486  fraction=0.38125  peak_slope=8.271e-06  t_peak=46883  comparison cadence=93765  difference=0.07125  below=0/3
t=206483  fraction=0.38125  peak_slope=8.271e-06  t_peak=46883  comparison cadence=93765  difference=0.06875  below=0/3
t=207481  fraction=0.38125  peak_slope=8.271e-06  t_peak=46883  comparison cadence=93765  difference=0.06750  below=0/3
t=208478  fraction=0.38125  peak_slope=8.271e-06  t_peak=46883  comparison cadence=93765  difference=0.06750  below=0/3
t=209476  fraction=0.38125  peak_slope=8.271e-06  t_peak=46883  comparison cadence=93765  difference=0.06625  below=0/3
t=210473  fraction=0.38125  peak_slope=8.271e-06  t_peak=46883  comparison cadence=93765  difference=0.06375  below=0/3
t=211471  fraction=0.38125  peak_slope=8.271e-06  t_peak=46883  comparison cadence=93765  difference=0.06000  below=0/3
t=212468  fraction=0.38125  peak_slope=8.271e-06  t_peak=46883  comparison cadence=93765  difference=0.05500  below=0/3
t=213466  fraction=0.38125  peak_slope=8.271e-06  t_peak=46883  comparison cadence=93765  difference=0.05375  below=0/3
t=214463  fraction=0.38250  peak_slope=8.271e-06  t_peak=46883  comparison cadence=93765  difference=0.05500  below=0/3
t=215461  fraction=0.38250  peak_slope=8.271e-06  t_peak=46883  comparison cadence=93765  difference=0.05375  below=0/3
t=216458  fraction=0.38250  peak_slope=8.271e-06  t_peak=46883  comparison cadence=93765  difference=0.05250  below=0/3
t=217456  fraction=0.38250  peak_slope=8.271e-06  t_peak=46883  comparison cadence=93765  difference=0.05000  below=1/3
t=218453  fraction=0.38250  peak_slope=8.271e-06  t_peak=46883  comparison cadence=93765  difference=0.04625  below=2/3
t=219451  fraction=0.38250  peak_slope=8.271e-06  t_peak=46883  comparison cadence=93765  difference=0.04625  below=3/3
Stopping at t=219450.7577319894
Saved 488 remaining particles to /scratch/group/p.phy260085.000//Mass_Fraction/Outputs/Ejection_Results/remaining_particles_2151701_1.csv
