==========================================
Mass Fraction MPI Run
==========================================
Date:               Mon Sep 21 10:46:26 CDT 2026
Host:               ac067
Array job ID:       2151685
Array task ID:      0
MPI ranks:          4
CPUs per task:      1
Nodes allocated:    1
Python:             /scratch/user/u.hm357857/.conda/envs/comets/bin/python
Conda environment:  /scratch/user/u.hm357857/.conda/envs/comets
==========================================

1.0424018464900977
0.41889892572921367
2.2867103572313914
1.1840981273726439
2.387820140599856
2.3310465627578485
0.33922486631716986
1.1228577517505338
0.7317810719344362
1.7471991915258962
1.3609607109528186
2.0388281601407177
1.1658744836531119
0.32594825341774564
1.6055072020177594
0.5959668391448216
1.714193247228034
1.7696150020559616
1.2434305597156456
0.493446194460525
1.3129376029691826
0.915577325736995
2.334084096025317
1.8694460944916127
0.6916796898599211
0.9278539414726461
0.9395324113839516
0.2679680016372401
1.5666357016753392
2.3948015637726066
0.27350900955667234
2.1564914424924844
1.1942213943663493
0.649336773264696
2.436214367813567
1.8645682194881346
0.5326404281530863
1.6014129919771076
0.25436297294038346
0.9371930553967107
1.376441333013503
1.2408169583751836
2.06067311857921
0.5294720130449528
0.7251233363315666
0.5405929176039501
0.4409584188415308
1.5857293482764865
0.2194500299988542
1.5551435567787804
0.7011353907686115
1.0416857924860659
0.870396342016186
0.3910916067250081
1.658545299368718
0.9986306193395804
0.415974120927209
1.1724356856889109
0.6251741152199878
2.4903889361051235
2.3553547222220867
1.56226459207281
1.1815917250448331
1.5810813089533053
0.3570263529379958
0.25771143294833704
1.1085347302474031
2.397744301179709
0.8362011012071264
1.406920995997538
1.2989424760169155
0.4328426385361892
1.8029957247859223
1.2182186370522958
1.4790502219728507
1.3806195139195898
1.884273184506461
1.827845968603437
1.4608573540520493
2.118237955486974
1.3994125125876082
1.184291344389291
0.92233499477659
2.414851539063563
0.599436623253789
0.8169925968266285
1.3471842913735883
0.482907037165538
0.6867541700424167
0.7433345739438468
1.3887458483724668
1.4412602560244423
0.5725205931835544
0.635587970600506
1.3488586513004832
1.4126572366161814
1.8739387508736824
1.0707488000393215
0.8418094332201405
0.6887183942332922
0.29092713689367794
1.1710955489656363
0.7728252524627053
0.9757126660917583
0.5993941816691739
0.4509266730820707
0.6677767798430903
1.9364328155965744
0.5964331465736348
0.8032750416650922
0.9280329488103343
0.22916695014106825
0.6617279083277238
1.3032870092076276
0.8457953876765618
2.4561695093510543
2.244740882265662
0.6040853826405934
2.3734207724923753
1.0307056421293705
1.477189002070706
1.2194783467982386
0.8357770382718945
1.9970201016817928
0.9469603531068012
2.260342960667505
0.23051396194996496
1.8191137042720866
0.6399928080108382
1.9038486600292162
0.6340091086098796
1.0483460905112796
1.353520251475427
0.37927108365968476
1.416265004778822
0.20191846801236066
0.8771920603294163
1.002291889060177
0.23193604307826945
0.49238210358346646
1.0769469285156608
2.098549209960699
1.3831559289150634
1.4487069837081208
0.26895274340803876
0.9290658536457195
0.9019362388073355
1.0007407869153884
1.5108074173428265
0.9822207944932344
1.1773212387292413
0.8990606965857939
1.1924974413568146
2.045750981091055
0.3324091355500385
2.4767328865650744
1.111792318555353
1.494654318928237
2.071734355469597
0.2791893236952498
1.940568765490446
1.467961170264734
2.488287633300408
0.7611058220134252
0.5114111844435995
2.170960751218007
2.004353780434973
0.9140449758514362
1.8221304704048207
1.708894829930685
1.9411472332301178
0.9090828671207216
0.6119268942507987
2.260763681613971
2.104421362531086
0.34976977970594025
0.5460458275838795
1.7899643413084987
0.4531966205087395
0.20233482032221659
2.0231436357985473
0.7747365033325548
0.8518187974006348
1.045651687901558
2.226751860543705
0.710125002277793
1.7099413220639448
0.2841840444412535
0.9830122304493185
0.6253807161620497
0.26784333061919735
0.4120879046099777
2.3203080670944747
0.45195650484542915
1.7274672668603261
0.6325820390719472
2.202795885709966
0.5999316897086544
2.0788938108762
Rank 3: 50 simulations
2.0293893670824863
Running 200 simulations with 4 MPI ranks
Rank 0: 50 simulations
Rank 1: 50 simulations
Rank 2: 50 simulations
