==========================================
Mass Fraction MPI Run
==========================================
Date:               Mon Sep 21 21:56:09 CDT 2026
Host:               ac018
Array job ID:       2151701
Array task ID:      2
MPI ranks:          4
CPUs per task:      1
Nodes allocated:    1
Python:             /scratch/user/u.hm357857/.conda/envs/comets/bin/python
Conda environment:  /scratch/user/u.hm357857/.conda/envs/comets
==========================================

0.6911539423205953
1.5576845315976782
1.4850386335235541
1.9387451547487782
1.2438296879183266
0.5963453954326234
2.3730108420730653
2.220980174289894
1.2782401708519477
2.4364410598937987
0.30889617511275075
1.5318548509090475
1.779213485260189
1.3567045812565344
0.8706507754654119
0.5238183768181199
1.0576571595586732
2.2948874796618464
0.8887820232693824
2.4052132462636338
0.9357091769777732
0.8607777975009809
1.5038417137881195
1.6867558253528079
0.6586684320981389
2.2384189119242572
1.5508259833644122
0.26879137982700885
1.9986496899593813
1.5573259949829912
0.8821775702396744
1.4655935080037177
1.6758006974250172
1.3069567703741847
0.8384814880188453
0.9254034581105229
1.3765963393642837
0.46429312644125864
1.3991617485213719
1.2927377319319937
2.465293853202518
1.0730419054372642
0.49098746252503567
0.2940901953178462
2.227856902688081
1.3309218645369818
2.2498956639851304
1.5418389302677316
1.5490336146156005
1.3123413905579355
1.1821366156658755
1.7280088278025159
0.8242649061205417
0.44388591677596484
1.263676754758217
0.5789151900601449
0.7313705335639561
1.4765330823961647
1.5126942539854733
1.6689302006109452
1.3715874267902746
2.4492751043655385
1.7884341931423737
1.638439991397623
1.588843854562628
0.5676880199395106
0.7220570425576378
2.1740696490914657
1.7265875161079867
1.6935255047083182
2.2131687037310535
1.3307983129976626
0.8011020806549414
2.170363088911181
1.8403003656153734
1.457638614803266
0.25228106672187656
0.2681318127944684
1.8398090240521265
1.4603566242416903
0.6394363512838344
1.392088442960447
0.3109008422949463
2.1530142915545145
0.558843274657881
0.6057844406993349
1.4686760018874243
0.302608849938996
2.371390239587848
1.0856759021592068
2.299528745625438
0.9640486484931428
2.4990678122536556
0.43453643695182065
0.6476815889037721
2.037887221135315
1.0962021275556402
2.4556010082804236
0.782975195648609
1.4042820090479486
1.6018654282587645
0.8307399811638108
2.1278719032772857
1.0539142805419277
2.4296380523628422
1.6766662162158168
2.0404657961738732
1.1091849377511533
0.8630599227061237
1.8183748803197117
0.7814518479118879
0.5024137656226508
1.2419437373981486
1.5448249922552653
1.6353457346846598
1.780022691732926
0.9867317696071556
1.6219977348485017
1.4981299537099002
0.39898774460542474
0.2720873538634152
1.2695022361024508
2.418580187599163
2.1547888946657294
0.3189208030220632
1.4082972156231712
0.8927482997652864
2.196976022901759
1.0172888244845497
1.1091552043535196
2.1859668908522414
2.184065805338812
0.5016022352966032
1.0727186537360196
2.0335715905407747
0.3066927976341625
1.6204192021167483
2.087471053147439
0.4388745167821966
1.9155004397956341
1.1071042243650389
2.1103182158101568
0.4635345038295778
0.642976692312354
1.1167003947298042
1.4358719754286942
0.7533538461864445
2.1633437589661986
0.8301242997113341
0.9037199862039927
0.3334891808159708
1.6814019994243476
0.8488776721747338
1.5701980042257273
2.1936571995468626
2.0226923696652364
2.498734384486884
1.6489198495173938
1.9454052912595237
0.2507346999219879
0.8003977565561975
1.8593612702335167
1.721807659836938
1.5309903215646377
1.8362536608020612
1.0154227121989643
2.1943030918448674
2.3268604857658906
1.9585619557269411
1.447508083700704
0.33810405371618035
1.9134400319174232
0.9739002148145531
1.5250928911614294
1.6164925803812282
2.263816721623211
2.220912829395781
0.8436061850827826
0.3250226233342412
0.4489523734998271
1.725994072434397
1.5879949348958964
1.1916752254875318
0.5794148619370155
0.3478482291170438
1.7931967356547935
1.5462816085406517
2.318961602624167
0.9014758705012694
1.9738448081406466
1.0849286368266928
1.723647999439529
2.0136413078158126
2.295793861799326
1.7887932930732588
1.984374525339822
1.0540322326912408
1.404128205363838
0.8957961409602272
0.3691912281593015
1.8631211069028042
2.081781306713504
2.383910836563291
1.2978864500914977
1.3370517652568157
2.202167188069011
1.4301458833188097
2.444637834201325
0.9132167685965458
1.5273123941956883
0.2817612959198994
1.790643158352814
1.377916776664017
2.426514293278566
0.4668917991835604
0.5252352576076214
0.809900646484845
0.7020513605402599
1.556809095500492
2.343489369804485
1.4286006746861764
1.8710748765614926
2.139735381223886
1.351890859216986
1.777816149219818
0.3594846534418129
0.9417925249916139
2.0747100020819302
0.46045760041513606
2.142117763524826
1.3236701593330364
1.4747199339980197
0.3089397411483831
1.9045222358411857
1.816381673283664
1.191277403967573
1.377154548982241
0.681765704736441
1.3066858881437249
0.7827542403794983
0.5779614942580825
0.38725093653273873
1.8321756286656836
0.4260306499812075
1.2394045957373203
0.2778537174040612
0.5333647441545766
1.8002059879941081
1.2468961319658087
0.578326011528763
0.6402685900680494
0.9215219967385295
0.7214076853685523
1.731014035925178
0.8505975353309465
0.25548170470433285
2.3410141957532495
2.4646417950294808
1.1759381112433207
1.3711385741628959
1.4395874885979374
0.5399759294750541
2.219727766546794
2.337762569267169
1.4449003830890201
1.013731542709265
0.8386353235446145
1.9345757772305734
2.036271154101337
1.2312612253095614
2.3753299180029463
1.0293063798357407
1.5194095439615805
0.6166971106815525
1.7257554675649545
1.7169571039921667
0.6817763623071722
2.198481882704172
1.3754422316561983
1.5500484146624052
0.2888892843300629
1.9479546963967318
2.2967714532237626
2.2418469150453957
1.2232591760292015
1.308486122679218
2.346774767791735
1.142777592289503
2.1447172628964393
0.33912710851159344
0.3390936609499401
1.8963688907318978
0.40947214969055534
1.62947900068682
1.9545232557989096
1.7732003874104185
0.5739789348996585
1.6509927034098113
1.4773755023557338
1.7069527237256672
1.2110247816789816
0.47516981400495817
0.7029591044863294
2.4410328627846956
0.2915778783035671
0.5774173227772617
1.1914217613402225
0.6113133139708786
0.6189460989417468
0.6294888103046271
1.411856216070551
1.7908198134662359
1.501532380331169
0.41566272325462744
0.33688074577313387
1.1083601198975015
0.9151018272744063
2.2158588921364286
2.124476843876081
2.2630666084586974
2.4199523339165205
2.0123306487624504
1.1367550478056632
0.3247197334165321
0.7438987142573936
1.0371222158373872
0.8941523208599391
1.6711039484993941
0.7599618783807705
1.6018326889412773
1.4272339954542925
1.7196851516200347
1.7560116597573499
0.8198962160910835
2.3082073205815705
1.3404842267499397
0.5550796122181968
1.0207868215193838
2.452032446609657
2.1961938081687755
0.7052712651002797
0.6170369760742991
1.9372961160265323
2.1639878348958295
0.6652167563238425
0.5221007920332602
2.2031415353381565
1.3774804417113726
0.3568572408115544
1.0325206240478078
1.7018912271887665
0.6120612657333437
1.2152131243893383
0.3226418017111917
0.5583226851513919
0.8234794431025908
2.0970122632667776
0.698791399646653
0.7440789376492423
0.3515635379755829
0.32266856546264205
2.4981517026315587
1.6641908481443288
1.4334081056761556
0.3376331558687007
1.9752705496285043
1.4141792204421697
0.5376015960407224
0.8552294844013164
0.9387746560583505
2.4919152757108445
1.395607672659139
1.6686796277286533
1.8655367813767554
1.07870578962565
2.0112515156214483
2.050538722204526
1.7214872684471274
1.4873430485320056
0.6287482750278389
0.9991281471647037
1.5475326925321973
0.4030866132254744
0.44098701514235467
0.7859747167639599
0.5353756167191098
1.7288729136891368
1.3127057385580023
0.9452135173987564
1.3021944948803168
0.30674313951704935
2.20273481440324
2.0775337809936607
1.2791738759253852
2.3329807826917883
1.6128858673390016
0.5472990572877318
0.6754964205251844
1.500321920631687
1.1664580708100987
2.2245113006217663
1.6185013752648503
1.8728080417392707
1.007405242255338
0.40431189557705927
1.5722493191744389
0.34606193057168133
1.3393438634806363
1.5443968674820692
1.4137592460724904
0.610030867740155
2.147911762393232
1.0628800221395673
2.265222373711741
1.5856278257364975
0.9529857057778023
0.933438471735445
0.4210308243484371
1.605891143462415
1.6217435448829418
2.124082693842171
0.6062777306299181
1.6982277336498461
0.3461706504030422
1.386081705151821
2.482332548401829
1.6598257986171385
0.6893886022716438
2.0177995271095
2.1067202669262635
1.1718764414547922
0.5243678853107971
2.2069907358163148
2.424681843676541
2.233801164825959
2.269227794862532
0.26102476127237384
0.8856014517663272
1.975254362665192
0.9411248882353158
1.4888030597203974
2.295378802571282
2.132684164820599
0.6301836841335924
0.5489546125131765
1.2914958268407215
0.4201026952351191
1.809621460610681
2.018249651146882
1.8399837872943225
1.1860940657987191
2.248834894061588
1.7629605691744936
0.5786400740187498
0.3767469899116155
1.0911467966881
1.823557450654453
2.432720049396508
1.7528892458413325
1.0200077538326542
0.574206027107844
0.5789029354597777
1.4944983441573447
1.6425482033107588
2.2839341546686334
1.025808485733936
1.030698167227139
1.6261314725937999
0.5628228713736728
0.6923916312587066
1.0621732090040048
0.32798229100276155
0.9831238489180107
0.9840884245813892
1.8646025889223492
1.3396986625994156
1.1143180172985383
2.174956666695764
0.7087471855226196
2.4599401785756547
2.009369312473508
0.8909110947938786
0.529463067959136
2.211129783631392
0.9640035704081474
0.8276404728166539
0.7895423309713322
2.3665377498164326
1.0660018720670403
0.8964033513938345
2.254216933549903
0.7082133155611183
2.128358139697947
0.6582256440949823
0.7499497845472438
1.5718801216578646
0.9043675178646359
1.2094740575036296
2.2021078566016667
0.39650225670768546
0.6958970872364576
0.27467315358165756
0.4205579060365851
2.492663287696174
2.4079012020559034
2.4967836686198273
2.216492951892481
1.9871768497678344
2.383472531451336
2.0966687162318083
0.7653808017492049
2.4578068498852885
0.7219092334652332
1.620125932563878
0.9027032597080716
1.4201338528669232
2.3365489342952332
1.679855003518098
1.5285862574118936
1.5957322485192726
1.265388942809924
2.016964452423233
1.3636129488963429
0.49863819296086187
0.8544425791180064
0.3948471931741607
0.3951625381856669
2.380459043248799
0.5691895686208513
0.3320108692803674
0.52424801966385
1.634427412585391
1.7618418508401716
1.3691597436974274
0.8894290130394067
1.0783251831312266
2.3657000710069895
0.7607851592524584
0.3134070513431143
2.020066722883959
0.6367222531856978
2.0022760725157354
2.0778833987648717
2.421749147296826
1.8168286474699247
1.495968324155187
2.347370499788277
1.4472335007368187
2.3972115523447597
1.52790961055766
0.43761902934270835
0.498719683379997
0.7019292434446067
0.4999156244032247
1.7050403514226553
0.6550711662144408
1.65013848450755
2.2220829579839734
1.5730761840972978
1.6733597011073469
0.8403275675595766
1.5222350508708613
1.129588596614782
0.2613503998032894
1.980719218630711
0.32155192935515226
1.3207680872502054
2.396553324452305
0.2900918448732825
1.9011547126784172
2.4154972097326994
1.317695196067043
1.4965106807889683
1.533299385475363
1.5994101518110613
1.4638067317704673
0.431582065701696
2.201752832726797
1.9040848547421836
1.9982590569493033
2.1696125331661875
1.620800531709064
1.77446893544957
2.3860250706205575
1.5526551182696995
1.2279518494276385
1.7753447820110755
0.616419733176903
1.209484687393263
1.299243826526059
0.5686701102329317
0.8491529417640662
0.7544278826587192
1.6303388058117076
1.118554457742249
1.0105010487650459
1.1816012519986718
2.3528202296744447
2.292986553046345
1.3491470661333291
1.182063416224619
1.2231562323900835
0.9652777080374624
1.5025742614860282
0.3283243632411077
0.5128139225255892
1.9027605950320696
1.0908604361818584
0.9160949328326811
0.27483750712064114
1.0520592214074744
1.5921373479098584
0.7629011444350913
1.383765350151075
2.0152948232651626
0.676950138686162
1.941148516848924
2.4754227691041777
0.8209858243101575
0.2620076581710872
2.4079075166404653
1.4062065617570902
1.3347177040836122
2.207230267696074
1.9646726933833325
1.2710628435273879
1.1914966740488464
2.0626065605435233
0.3207977849468508
0.5919528373917543
1.836550408067017
0.907586171552782
1.9422345844419004
1.5594653341665359
0.6819901818991676
0.9470616157805032
0.5280563287027741
1.6911387272637128
0.45842793455859887
1.2176303037178782
2.1841025059794914
0.8449841757243001
1.0564716336693984
2.0753525954808856
1.9797509159810238
0.6349119974573887
2.119970286471381
2.1828504341160135
0.9383442690780202
0.3467562860673475
0.4404022369558794
2.4055783937125406
1.6673540616107918
1.2760948422771068
1.3596350973868951
1.743525866471371
0.8067216014142283
1.6461111265603903
2.0434321009154273
0.5336725609727537
0.38412276174324245
1.3327021825168361
1.8828983854279806
0.8584076522870852
2.2907960293385035
1.9433586808285956
2.496055530699495
0.9181796324930332
1.5161727817340114
1.5338310477704233
0.4103985000316841
1.8180697997912412
0.8302004084090634
1.528871150221002
2.2421941853857468
0.300631272240663
1.4200758848059336
2.28687996854795
0.9919381951428512
1.9114903860980108
0.6301373322329507
2.0664406992755877
0.7418792060627093
1.3336746459274647
1.452494023833737
1.3707590007558412
1.9910372768365117
2.2123716333680674
0.507446428574257
1.9984574008649516
2.2184474691526703
1.2704072180359776
1.7768471519816018
2.057939020618115
1.1883723448102268
2.2027416111015157
0.5265368781652009
1.1408749184901226
0.7030205955959977
1.3589171889158795
2.396802480044069
0.9383970334874483
0.5442934957736473
0.866429927730512
0.5021441732492589
1.2900680141195988
1.6134424816984347
0.30717286171357844
2.2722705513586687
0.6830067206167433
1.4532706569783496
2.4714280683042893
2.4764666393091264
2.0162836758285043
2.4388433377620724
0.5629799338139219
1.3871449837052339
1.6564408508326172
2.356312645563319
0.8213719831390659
1.3810102267367341
1.3472436812261377
2.2422278704687937
2.306683826704927
1.5805587472376885
1.5338757664890792
2.1874568676140522
2.375434553140593
0.5092952643260726
0.4695046187443219
1.1198733525931512
0.9531191469784374
1.8007786452429069
1.9517014770019099
1.9698376279233891
2.057499052284152
1.1800257190137018
1.7946642538572772
2.0304155760100144
0.4004683843063599
2.2940675412492153
2.146089394346273
1.7308256157708806
0.6398889779141408
0.4705354353889473
2.464760939924297
1.9216495753038876
0.5670724908756586
1.137834646189818
2.4183107620138715
0.8320398998862318
2.2884433359405616
0.3116782551099607
1.4264623791704123
0.4774456659213283
1.6340765888602187
0.5968502008297979
1.2197501007813913
2.2763706340594165
2.1534680837755014
0.6024534574737999
1.0933097406085348
1.4880377403242897
1.3309589068706265
1.3415988015897156
2.214690137667531
1.3161671488148992
1.2757547616858833
1.6169715196365908
1.0648207776340077
0.9160316692697035
1.601027088744086
0.8692885653215775
1.363773578811554
0.8998427129752703
0.3943510465593564
1.7741277324061169
1.2736215137019584
2.4896320263839122
1.2186523495608153
2.4763831384299406
1.0868484130618428
0.2833269307149819
0.44835533135881467
1.8172687552602769
2.432624771789161
1.0132728219670226
1.6867314068635992
1.007532965319775
1.491960189414922
2.351478326437594
1.8357726924628393
1.6275471840393552
2.419390795055234
0.6106081519723644
1.1114925500533823
1.7450758070080274
1.0984237688988499
0.5595177888610035
Rank 2: 200 simulations
0.7506510073109511
Rank 1: 200 simulations
Running 800 simulations with 4 MPI ranks
Rank 0: 200 simulations
Rank 3: 200 simulations
