==========================================
Mass Fraction MPI Run
==========================================
Date:               Wed Sep 23 18:00:47 CDT 2026
Host:               ac093
Array job ID:       2151701
Array task ID:      5
MPI ranks:          4
CPUs per task:      1
Nodes allocated:    1
Python:             /scratch/user/u.hm357857/.conda/envs/comets/bin/python
Conda environment:  /scratch/user/u.hm357857/.conda/envs/comets
==========================================

43.68336004277903
104.7466504099288
27.091485603459
117.90768359305858
77.89912188962319
90.74523176533145
38.332508192912975
112.69920086820943
73.08007947784452
61.914561489764075
37.3556242154962
108.51054299280119
32.024370916910996
92.5187642597742
101.5896748586426
111.82631771588754
94.64750865088808
28.592663622548585
87.89502171145608
35.641186233103184
94.39273053922632
28.317463752028882
108.9782447650812
48.951548174378885
52.01238781424168
79.65959964871669
91.99205390513306
121.6845863083902
108.76385259138858
61.24573374703838
81.18562399122118
40.18823700426112
58.708541901788315
41.110361252267765
34.01632931788633
123.89431129184182
102.90472168987058
93.01052769537196
31.586417817617587
83.01355451806737
89.40750691714314
50.54146046049193
92.38000626722315
57.62027585547038
30.874771078497353
45.54812797537028
74.97055896621148
87.37291013925329
124.23740243150768
88.66611607789264
117.0056589082835
89.63044970705593
101.28302506960574
113.89083827374692
99.05914384738035
60.73723459039398
95.8149195362806
101.6814899765733
114.44782565657638
44.20458774485954
79.01479126370077
39.85462160255749
104.84417882699297
30.109280073117173
110.50847957011977
104.84519584034976
95.90377016618139
98.42034353748969
120.36099835426077
40.833176747325
83.57481993547415
60.58439993426635
88.1671771210024
78.27097397245359
38.886567461666786
38.56092155981694
88.9482663020758
105.78811570242775
66.95741549179526
58.22936147584651
96.00415096707788
94.27669710349568
73.41317151499842
95.70140019121857
43.95031218798917
39.621903274978095
81.37359048493573
66.59393721876263
46.02863449865475
124.92966558938357
65.24777864327632
58.198636217347875
66.76117831306783
71.57429118387563
87.33317079446938
33.77254908013916
119.69310779446741
97.72675176451982
109.14081043613544
38.21685470070418
47.22865224996167
34.71353885052457
88.40319558361398
100.20704597500423
45.3481845712165
108.05449728916905
85.31674213215037
26.230850359383197
98.30933745047888
111.51753734776395
97.36703170975713
63.532896211671364
114.61027868155959
119.40192791611557
54.862725981555705
94.85465104459628
82.32224990739672
73.9862109375751
85.84497345208318
94.45414913786708
78.71888825167234
64.0873096089887
84.45899245096135
70.1711347220618
77.32436324746345
124.09277280167338
61.67732925172456
58.159833333185176
123.24003429622157
34.12836640987498
47.6381226518505
56.492326724137065
105.29329196657244
51.29234670933825
83.1988584094686
25.575602090268458
86.11221506497196
120.98964496437856
26.59423691581605
94.22383376660895
112.04731463266245
29.380212186361998
60.59321280239165
69.07122965932727
71.26443569967228
64.81269772067934
29.348010415825886
26.115750624166978
46.202698495625526
95.00165677510599
121.3084423257608
28.622771994119887
98.139660578865
72.97756887895096
105.62954440468656
76.8454815656466
57.879277347576895
113.16297520452157
114.01657176713566
33.36906700769793
82.58203959733817
55.97005107838786
75.39987290793789
72.75974057653511
71.16697398628189
54.85795965373164
61.789593640945185
66.42079993519235
35.25736291334095
47.85910409892995
42.402532687005035
49.13905915274498
70.36607800323415
96.19175051593814
116.07428350653794
97.3172505254196
97.79878922695802
62.53275214449364
35.351333058590896
52.556427119087104
98.2503286240489
61.37312057991191
106.73465959000045
35.39241823144565
65.20118983898516
53.30059767912611
63.29625088274453
55.84062954237206
79.91521642357073
101.23251588727578
109.14407899298499
100.10621604580676
27.7037174301524
29.708197857529015
82.24269731106784
86.4845453171193
97.38671650358958
62.35184694756425
37.64702841746771
54.09013015730761
79.32845368198339
87.8567191077139
105.00201885195854
80.2001191901421
93.82836057977613
123.47808618893838
113.68467849411479
29.645405462606366
66.92726205135395
100.64526268237509
91.0574790733803
97.86708849043082
115.43484511400241
42.466144932824214
37.73333100189311
104.78058197565116
55.10321856086814
108.67917294494755
106.18694639101484
58.73162547926596
102.40284395911242
39.99450699944897
109.30144591530592
42.2189147029439
79.66131679922728
30.040044108908504
80.55640627861663
44.88448288457349
82.03828792165373
51.72648967168616
31.014570837139587
75.21467892172151
123.6182346216037
96.40350615702337
65.32688202077712
79.59919832795893
81.33171121288507
109.49801070554348
64.24422377156499
112.76924192361587
38.32496876672177
100.11484205735375
82.20072435478949
47.288719297641734
26.27063097905209
108.19838207559759
93.44908399563846
94.02250176719546
111.97715687586224
94.7554909436381
123.96482756305967
75.33165841892728
112.85920171294015
92.3217521278235
62.16527209478443
88.45667746507513
121.48005989670565
103.20550657517667
67.68422069459302
36.771688526863855
47.87257023860988
115.37952753266705
61.463080082032995
76.33430517414592
110.7091081424843
79.18347262858552
90.05147743956948
29.81777420866367
68.10538392967796
91.12111520436747
84.87489428537803
100.02290373447654
52.070364103422186
95.90700877735541
67.37537991961759
101.8490873283861
60.952822624468325
106.40052416440707
123.31085481359277
80.46530485492212
76.04140308910878
42.41055201406837
99.61498666798964
112.86522617589104
74.07432297277015
97.53746106104263
79.05616928492306
99.95432025983983
103.41662838667605
89.0002453896143
87.58204608498738
84.23695547634422
28.46579051862448
67.36152727964341
59.03310899999167
97.48577710810667
124.87702888369756
54.7259959282316
85.30403956014291
62.82737256640631
110.04521811662204
101.3219661552306
119.13027416269118
48.06562410019216
119.06209653702369
102.60812735036193
51.450862836786726
120.91763450396158
54.17135469203741
30.21449946327003
121.88424701170247
79.27607353286001
59.78323561323769
87.5041789231145
116.246035381521
99.36804088268865
122.43677903781486
78.31725350354006
37.33110790079193
60.63834497387356
110.0090180169206
97.73865723938438
109.78473766209545
103.84721822165291
86.85025574803115
87.98531548527738
85.0510334502421
108.2620087524254
30.48731042954388
110.63881739216352
54.293594410838175
36.05543900332583
68.32123138009936
51.702841601185945
79.2463823317392
58.487283783394304
48.66863504602409
64.32450378467686
36.36226302868799
59.85467581982711
44.518670921938984
37.88195856284196
115.55838042117564
95.40785825885715
87.20171038859716
91.99592887131956
41.0138803386497
46.09294174424955
62.825032497249026
25.13731104272057
37.00342711241858
69.78887709249726
46.18033317863771
36.20080630959176
92.53151212545833
39.84934925264004
52.799408491593596
114.38497636649544
106.75355317799277
102.84784774273015
103.80812583439243
87.58592073995982
83.65200740179084
62.81780445728453
122.47776573154371
56.12103839180273
124.89960058780244
37.80966185276138
64.53786886225166
65.26437206070338
83.45129582931355
57.55750988002525
66.4343780996007
74.02423389276767
50.583373267680855
90.88367673219057
79.62138182048866
48.35267142299546
106.6855639134383
83.81593040351714
118.82885489295998
26.888283887941355
76.9786404149288
122.70513164977976
69.67646936904765
55.73862312754237
40.23212334924339
32.28710003560493
51.11979889735939
92.6482592797703
111.70035867910502
101.27445095895091
88.14041892920082
35.626485629884996
56.708476148387675
117.83502716405658
77.12782891650996
27.26662863680368
27.550520120144295
59.844303619049256
88.47691810641558
36.21939925108798
41.503083779534364
100.92280906479756
83.03997255323745
71.64619320728316
113.849728711116
111.30033576383221
25.905803984762553
35.498298622573344
52.211118752759965
98.05231739428439
34.72536830001911
116.4199838737905
37.4105798730621
63.55434136604874
113.71673263818212
49.61884853440358
50.23497833688116
58.12331930882591
45.39952119720503
58.260599496233255
79.62478310599118
108.2418638234152
55.37425637753197
43.42471841244627
31.13320194206366
42.19762449347728
57.903148894873844
119.1848303948519
28.73848912866286
108.1751216854988
122.99998688686145
100.00779563096748
88.47870864441161
95.09365525532696
58.08343253272922
41.17456159395777
87.74926899670021
42.884174845358444
44.64418606756939
116.61566070859813
46.47921679703569
34.847536293037976
82.07329168538676
63.72985385138249
48.97210715076147
62.08739206687953
59.47729429809988
43.84000811243223
29.758144742121573
119.0774766147122
82.98141245775375
119.59358367346795
81.3903328377697
113.86836265019775
36.03736213644174
65.02894557020304
26.56488463437775
124.03648584685283
87.54404005029939
93.21919418898133
43.370385373043895
117.50176624958475
76.16046397857667
122.99386134110148
66.16803931728751
54.439029897145545
118.6718654645775
42.53940439558921
121.06552764708967
75.81634047891755
45.59374139928924
39.09731668066762
47.302713036240604
38.93690077507809
37.008011089835925
91.91916052607422
102.93041971810771
62.97811304822633
119.98788581567077
57.551209729267185
74.26001123714798
27.80964607448707
119.28948398050402
117.58378691148815
38.34402893080103
29.94861892752746
49.939462218144804
66.27313089497606
86.26344349647545
112.43832038152776
106.49607674142428
44.11330801579556
67.10950149037303
99.96577197154605
58.861911083999466
43.87474095360232
122.4815513872378
40.64882558579207
42.77043966974146
84.02738278449976
104.44482218042113
36.39673087639497
66.94376084971762
27.733124895580207
39.22267822275121
29.214804915748836
27.693592755290297
35.48630604342807
41.933888214299785
111.48939866075285
27.799757019886474
95.70742410986244
41.978734723570376
61.658894263937604
49.62314283465126
30.71150101689202
86.53800602543029
70.61664936662916
101.12962305357021
106.67163907497054
45.972270637611466
82.05875387705899
39.040916319985755
27.133966963686916
87.60787167244422
70.26761002571783
84.53129595780658
85.16365422089069
47.088582966684285
27.66989519367533
117.8458126915318
110.67529588423768
76.34183808842218
72.37425459532047
28.93699025862172
57.90300311378894
69.40203648232142
118.25362632134804
80.66343593265833
86.22876716105453
44.49129355847104
93.82840541853056
79.61784565149904
43.22073717777346
75.8564100275189
49.99920301341658
42.44631989605125
52.46644188436461
68.20364685434959
68.46897281342387
107.73477329289109
41.3242432842692
85.14605231482099
48.50520586059511
26.1143932340395
72.7686137807388
76.30836819537319
32.30696492497091
124.94321748728153
101.64466723511138
93.79076076358581
36.19615918621992
66.23166634601267
94.07519116836285
31.51666527412853
50.0598969772695
50.578325954190284
69.1533003372301
109.98878964816159
93.92939876836233
53.25982105063909
75.73197904286559
92.05755188207509
90.29262482223767
91.51160291431299
66.11734696815944
108.43924102311188
113.13586515462528
78.21178270156643
72.22820027628804
97.06393468169645
42.80671714358757
92.53637815443024
109.90777237294485
50.89267234767778
25.472020871238175
97.05256029765967
77.80945600625958
91.09981139861718
68.85365284006303
87.83371932881307
99.64520815183005
77.40382688893678
96.37568673806331
93.59358165126129
114.81092788256406
85.99083219606322
79.1026208405375
57.449890122877314
113.01927826354171
69.93855685375294
116.34272177032759
102.20995231424274
94.31643865970591
94.87501117197745
26.499645051903375
40.49039856147889
116.99948698290792
119.73671269822688
107.98724442993144
102.58702910705493
44.06203220966995
77.66106434656861
46.80202340761785
106.07489649856706
53.566560225202366
83.32841637088146
110.16251526391262
70.87715103340301
118.35898408049596
101.21277872843197
54.74901380897748
109.73731789160611
71.47408573866721
69.14865694527225
27.754399317406886
103.27284973180278
39.322497780033814
45.26233844560693
26.597511424708166
77.95145442024973
90.28143425204551
122.67730489858734
36.77937597776805
116.34744525823001
37.646704189404154
72.84002834013
37.91166531131533
112.51188174890409
54.789679100830426
47.92067309571549
45.317340168087895
45.231646339025744
34.1222643476051
31.895196730777407
81.28469495446272
111.98504463463051
35.209129936407635
119.83972847819804
85.43468508815795
27.34356556415006
89.61443717942299
89.87443916663676
92.44530791057393
102.69797233578653
122.87765269127614
26.45675519387779
77.09249568187622
25.289324341833254
41.8839936497788
90.17101071741031
99.85983093257713
33.05758679173526
79.43881814534268
74.64114842550866
89.87217669463593
87.23904015892282
47.00087756884005
116.61477682983981
67.78970904052332
114.37040244728131
100.69526864626738
121.72486039104452
113.54783135543994
108.49944772498625
120.75518833469758
78.74272598427979
95.64375664096679
50.71627051998634
104.73391957592548
97.65336544896753
77.23024738190348
77.47496489509882
35.98766411018968
69.87508767607596
118.40578324627457
113.83790442271045
120.84580043853059
58.703479691185315
124.24039996906006
84.1370991497176
105.35145338856722
97.2796549543615
27.399553167055814
111.83816259026236
55.758083259228265
85.49854084417177
82.81370389173469
38.79474471694965
96.45531411863841
123.18276769926301
38.23234052788848
28.04486059867479
78.34952282305754
113.65270228218056
73.33990170993101
56.85389996915414
33.545847067539235
80.62794672058152
68.13035904650398
33.24335043392334
60.98570016952011
59.24299262381266
119.18040835454549
59.2042302015127
75.95299457231533
49.82548331598956
108.90632400281393
91.9084710109103
27.3543025715279
102.46362614374532
96.59848455468327
65.66616759885937
79.68038681988531
119.34247596704371
38.01828733185761
98.75895444882894
74.11937463144982
119.20869388845678
98.9761701043673
49.997196134343184
28.90895238286366
25.259272988893354
48.655169672325236
55.480518982930725
103.24794489024497
84.45284118939847
70.45316049377251
95.3498611140487
62.63290229544697
82.28197385528611
42.04424273714771
94.2139038901918
99.69705606534461
88.47923358900238
110.34246523300992
61.96486782093382
99.7435532882989
87.69405043354669
40.70783587966251
39.28734640841728
93.09571035133494
47.742051606409476
37.02630821798492
27.023926562046896
110.35763349873963
89.39490361122768
67.30008833781719
53.01541144762612
50.261222753728035
73.75872924318105
37.36746378847535
124.13134527015544
65.51027345505162
65.32520356543537
119.5916754597031
26.37761210232412
95.02964193541756
92.90880657648997
56.264325028167896
39.309021215794935
104.78013584579065
114.58409526981632
107.16040643641784
47.458075486717064
110.49140029350087
82.70911854470452
75.74427749811
124.54572018824865
100.34276003476427
51.02590539769234
86.8978144099904
105.68180428223128
60.41316790456656
116.50242375165607
37.64178435751293
112.24845762629154
29.371330265135065
68.37864316702664
120.5393516723938
83.13015918498596
75.28682887123907
91.93867395968147
Running 800 simulations with 4 MPI ranks
Rank 0: 200 simulations
Rank 3: 200 simulations
73.72434130361435
68.19848257870336
69.08647377227155
105.17029087872291
64.16507914313877
Rank 2: 200 simulations
Rank 1: 200 simulations
