==========================================
Mass Fraction MPI Run
==========================================
Date:               Mon Sep 21 11:13:09 CDT 2026
Host:               ac067
Array job ID:       2151701
Array task ID:      0
MPI ranks:          4
CPUs per task:      1
Nodes allocated:    1
Python:             /scratch/user/u.hm357857/.conda/envs/comets/bin/python
Conda environment:  /scratch/user/u.hm357857/.conda/envs/comets
==========================================

2.4105360988103426
1.0197226878384706
2.0221845322043865
2.412732962878341
2.092244139352837
1.9112702142186715
1.9519743314356455
0.8302511362855403
2.078374961025598
0.7826254111370265
0.6081390394903208
2.248596830778771
1.279353982913531
2.1187621509447085
2.4639319131607436
2.276461839003456
2.047545570867851
0.5544245143901864
1.3071066598031873
1.7097772946201981
1.6515802586969495
1.0188216236312442
0.9767196078204347
0.7603196638056877
0.9156393688786041
1.6690206995033283
1.278988525257403
1.6220895045874315
0.36878343461117
0.6524566535130591
1.1449539969293854
0.8199559850271605
1.5009604245601944
0.4018346646439426
2.377395327879868
0.7655023612223245
0.5752077442954311
1.4029240618905696
1.8234559124162943
1.7923220760763987
2.4434037180288604
0.3110898970189956
1.820461035620787
1.7291960569853042
1.96263824806502
0.5576050018546375
2.2665178985815726
0.620357831861529
1.930980260688936
0.6191213036724139
2.306594633773052
2.1185837636468356
1.248343197919491
0.9917755043767728
0.8881597554192406
2.2789028080288185
2.31031932659698
1.3857544467157557
1.2057807575255308
1.0535873772760769
2.4235543516062137
2.3042356833163535
0.2526110844615212
2.1968567192250927
2.0313699112035177
2.036852899167923
0.8731477898529972
1.5590368830899735
1.2593851901357074
1.5268297727964788
1.254450217077777
0.7189006840442194
2.0503562589661857
0.573616470358158
2.1110345946371205
1.3100481258920116
0.31256582717176107
2.004311843367819
1.5182486740126544
0.39711515874680225
0.7066734585130728
1.123668773483173
0.596183594084374
0.49364497849427574
2.1894122342895708
1.3593031358783154
2.1920157340063975
1.9974057821554727
1.208013997431134
2.1240104648815126
0.5243178080958016
0.42083550430009725
0.5725481719413739
0.4433359926804884
0.7399105228361534
1.8412740874703308
1.7408615430855507
1.551327591970475
1.5600066433803508
1.0786824566948032
0.8328762849471048
1.8774634080295847
2.2929978894607332
1.3182049740241795
0.9448247467371681
0.8105873716449297
1.3723754390559117
1.2291738861134998
0.9074915509669621
0.33914961524352233
1.9779261033676196
0.3800599394371478
1.8812394005843167
1.22607042043081
0.411132330027371
0.7614794910897231
2.224042508496211
1.0629086070482967
1.5807522307213113
0.7807128800098694
2.414630942736193
0.8731205139689139
1.4421953311661564
2.0177508588691335
2.4486360065979422
1.4826197539063346
1.2233005047838261
1.3514381686108814
1.3442399077442304
2.2118672643616915
0.7355497884045495
0.49836500065158995
2.3733831099622957
1.2448035290146384
1.895122522666461
2.3333691836603663
0.5662726873056096
1.7843026855754978
1.823625413340689
1.3538541167306923
1.4747641293185272
2.0428078173733084
0.8524817767542741
1.9732835194978822
0.32837670358222615
1.3866851781174934
1.239669378549587
1.598745080539386
2.316111959452742
1.3160500848554588
1.005707783813957
1.5926759322764723
2.2059731026737115
1.2138562922651972
0.38923330216818497
1.9064677112364947
1.9351308298619492
1.8461285925267945
1.177534794837359
0.36684368262123823
2.301989143554753
1.8840474726555405
1.7439089605498221
0.5203190701126068
2.271768005274977
1.873310915840429
1.1725422091624877
2.348785969278676
0.6344678698190219
0.9403518390763215
2.054661170924038
0.503699215905849
1.2753057552449367
0.7289088888985513
0.36550133952317587
1.9241651136927191
0.3413526684496694
0.5621780051637256
1.6518442780749012
0.3345375216870959
1.9136165447034523
0.6344424929664838
0.4373666964847144
0.8665954170664628
0.7435966717508949
0.37025149273596125
0.6073860290513937
1.0407419293031293
0.5132859752959142
0.8302343902284193
1.5083145422741941
2.07612438209225
1.6587743960576005
1.7748207415918698
1.1972281702312966
1.2439649070440322
0.9125189414556886
1.3135706755909915
1.8779929512866769
0.9221454426507012
2.2143104730810665
1.400798846553192
0.4722446895995166
0.8921920687503717
1.253957917401782
1.62771671544861
1.4594284532472324
2.1625467678208876
1.9680896461219497
1.5387256940961656
0.7901750580238116
0.9481591875323141
1.4797102957181836
2.3921885077834615
0.9049396021816171
0.9086702812011711
2.3154413266607063
1.0178013334770328
0.7834667296450828
1.437598469237663
0.3914915191445868
2.118159524563761
0.8223739812727324
1.600703167925936
2.038762153673585
2.2673739684153986
1.5258963555381164
2.072695335079243
0.7669164871126454
0.3004112052576112
2.0204301058240466
0.661123084294317
0.2651597597108883
2.2977168063399764
1.093895477802626
1.341590347649908
1.050444926700464
2.4506400909385206
1.2427489343281204
2.4123742767045027
0.637920920041978
1.8719694483026426
2.1135496883698885
1.0406178433434923
0.389469056901068
1.238219411060225
1.6750817295086802
0.8324603809964045
0.35697016075770527
2.3841849642926944
1.5257547019541353
1.5232275498701042
1.337785521688059
1.5085691479295822
1.9433421005349765
0.5614886520581863
2.1187328441131417
2.2260983228640363
1.7142805390573526
1.5860641420102872
0.9861164061071118
2.28718589452516
1.9889505793928501
0.2779479352621171
0.9219891184726512
1.7081226465969865
0.7389051388636713
0.7474895254600709
1.076826218004288
2.014739130550417
1.5553939988029788
2.342760026217557
2.4415527596939652
2.137466121408887
2.229597993327134
0.9730932764475002
1.5900168231225584
1.3743252224527631
1.4804189270291541
1.5980951974609439
1.4826850397943632
2.387691061691617
1.0990495095447959
2.1664004993816435
0.9499694141821978
0.48149855910654776
2.3615151236610177
2.178119535658828
1.1253348955353593
1.658974562175482
2.427468043429942
1.2071849900046545
1.3494660032996508
1.9298303792155278
2.3427084073043565
1.1371342048818391
1.165939052776357
1.0592269366950227
1.4179701502051736
1.3805709664697834
0.43442519013998093
0.6813223989412264
0.6432102675425919
0.9300649707128463
0.9374857875096705
0.3009508415247807
0.33725571837569424
2.028691692105042
0.7542860175811069
2.4269386678424714
1.7559114117632424
0.8198168884007205
1.422060472937947
0.30105001821620125
0.6874575861481016
0.3190410551205983
1.3712262635434849
0.7180899993741681
2.498092163072839
1.4423092220377445
0.3277412408314163
0.405469770826049
2.445449906025236
0.4084681634396237
1.5277119256633742
0.5193026512638294
1.8753190196869878
2.033908200717325
1.917948186654211
2.490766511764742
1.3526776199538508
2.482017883162642
1.7423207314328721
0.8515909709902315
0.3817697288041372
0.6799586682809977
0.46684420059423565
1.250009583524229
1.6252871701330371
1.7057476106012919
1.0314954448673328
0.8035470740436756
1.7971947332109597
0.8733760328471265
0.8381530675958773
1.9524954130935774
1.8142233531446172
1.5203109031419033
0.3144338982877765
1.1323160073891114
0.5715288454003682
2.4604700392465992
2.496527813852585
0.5722371309937134
0.2988561312289968
2.4915372572997847
0.7661042265660871
2.415368893931442
1.503109272683394
0.7809061050843005
0.42560642825167105
0.7004516397100343
1.2168480821806287
1.551626655493481
0.6029731333976092
0.8176512970858517
0.9465801047561319
1.1777127257536426
1.5644157397549818
1.0188798466857278
0.6135179263288958
2.3717907107798237
1.7704083819277687
0.8839700858872324
2.332097114677896
0.34795278417762515
0.527080664338012
0.36973275517775445
2.0620732980502874
0.6741127661463302
1.3785468677262191
1.091945286707197
2.3050478834333292
1.616981719564851
0.49429861520125257
1.140475705398205
1.2017745315565063
0.40434489642376387
2.306536862964329
2.345308216750775
0.5173033326748662
2.046597525985939
1.7402790692888501
2.2946972948281408
0.9958335099609823
2.0854981867489477
1.3789468840713508
0.8778608558765602
2.328517296902308
1.7748465941232183
1.1419509340411866
0.850474658054815
1.9872049971448074
0.994881186737315
1.3328283598855546
0.6577320695066375
1.2676060796259845
1.1485084563281758
0.37102002931677847
0.6272600688465304
0.765738825553652
1.1427891661517617
1.785591414474633
1.1272347047622178
0.666390155238939
0.9358918882527771
0.9313107289044662
0.698734843839246
0.9044100146424551
2.4494819399484022
1.4612133108824086
1.5540652474289496
0.49457008945406244
0.7492704852006655
0.40985050002528045
2.1162989703660706
1.4370363729819795
0.26984781202878216
1.7634866298265135
1.455227562434141
0.4364503637237106
0.8631328982573301
2.069900473398864
1.992207184674994
2.3169156041489227
1.1585715238033785
0.5540400699217143
0.9368492294047727
0.7634972136192438
2.138735554243517
2.385481538723498
1.7487621557968571
1.3940737056590422
2.2619845680772297
1.2299009225860962
1.621075944818389
2.4629003145045423
0.288387959622456
1.9998930031616091
2.3233456990280605
1.251389720538326
0.4170221642786036
0.5200460171121775
1.0248913958858519
1.924438920556287
1.7165201783465631
0.26374462362436224
1.373676914796841
1.6043942386691334
0.36174227474231213
1.702572993552286
2.3059370007073743
2.085472801644238
1.2337944752169852
1.795730318161075
0.9639232061601166
2.152792664080885
0.25005173745718823
2.1576064489950486
1.2573280994025324
0.8519814521912531
2.373354360278317
0.5668009794070104
1.454734055701095
2.4584360035178965
2.3988292516285714
1.618496275731012
1.7795560041277148
1.2644296237478314
0.5415372533093977
0.5418396531040657
0.5405551980756793
2.4479186355346707
1.0195840322321015
1.4259576632038051
0.3859183427902667
2.386929591321181
2.275291296748998
1.1877725967596393
1.3331569810401216
0.3511961376379745
1.656849512279934
0.3358224024422783
0.31205175279412944
0.4448593587157851
0.6660412673611048
0.9669653680331403
2.1046884478946843
1.7550057560236294
0.4261550055012856
0.616052249060547
0.619553593114869
0.7333100656188112
2.1039225503611263
0.40038640924129765
1.4709275927420769
2.3607727220201795
0.32758808087644015
1.1412670738405106
1.8318423912336057
2.003626249887957
0.9413592554300961
1.5823315232821233
0.6081959532872454
1.505198554785753
1.7391440331585795
0.7661150991002966
0.7320968500191922
2.433806233619345
1.945723052411234
2.3407447807218817
0.7090343187165644
1.2536006018599266
2.2659989699096883
1.0631702607752884
1.5888917853943492
0.9265713055119392
0.2621217598291154
1.5226746349752232
0.3933876680246631
2.2694683541085925
1.2612597559560748
1.5739841563957677
2.2292349869940167
0.25939305423978165
0.9440733438090181
2.0265277016248304
2.4961498726753844
0.3690426956173858
1.4905123858838603
0.3961814027581266
1.2865217453568076
1.4471295980441354
2.039241534527084
1.83589407673142
0.5423370277955017
1.697539595708211
1.6506544268527314
1.302685331597073
1.1146421773045128
2.4667616944632766
1.2860401684675042
0.2549925436720729
0.7846266176018835
1.949651199728397
0.8391014972037264
1.0479647300643875
1.3779592092898825
1.3651620265745124
1.9518043363288016
0.2782511599073469
0.7125306580861469
2.102492383909965
0.5170497759976013
2.260967385694006
1.2645821267550934
0.8062287819936151
0.9353584738775371
1.9885275801388227
2.1235771618256027
1.1835779019700219
1.0064585649074467
1.2740574364430333
0.52214964886858
0.6188558848522583
1.943968071063785
2.03704422657471
1.3587966256853083
1.545880584903352
2.0841011328646486
1.6755602172144914
1.9883623274216002
1.7709930925116975
1.088265890863513
2.1025538226938028
1.9968058187552336
1.000453075769924
1.0058758144139965
1.1749601528630007
1.8689895986210638
0.8532263438531973
1.3162371258162142
2.015893396198175
1.8869136944533835
1.4095793655977322
2.138734746399683
2.2236178219622924
2.2691974695658184
0.506784083840182
0.8877449220511036
2.340417115500092
1.4350769918108803
1.1843460122035436
1.1054387210720567
2.1693057322827567
1.6327235372420488
1.9668841388746572
1.8545868775136407
0.5568852426031052
0.7347104223327697
1.6776272538928818
0.26793506557457086
1.5206265602170863
2.273991471197493
1.8120089924450848
1.9780355174922324
1.4264001681192915
1.2134934431343185
0.28972209860982984
0.7557275344866858
0.535335250447659
2.3124481490358706
1.6817159410817333
1.879503840627905
1.3765543630781412
1.1051901760544203
0.4227581683701634
1.0328033657543667
0.942838283879337
1.1241173543882743
0.9543121039197514
0.4574731701366999
1.5877596612241878
0.6975203985069451
1.4324548249179443
2.475302142821127
0.6492401211390788
1.8502891116838587
0.8033982904880987
1.4645712083344984
0.4452507432851288
1.6757075363176248
1.648339369320627
0.4597010675834413
1.6565422871657909
0.5822584650912781
0.9360602140958891
1.6493184639154925
1.412956817915089
0.5423431639818015
1.554632488384287
0.7704014714369987
1.8635015643227901
2.3698444295863705
0.7347477711102015
1.8375382626937393
2.2604726848748085
1.1305854141057508
2.3739765604375305
0.29675400262285745
0.7506351786648575
0.6365374952615939
2.036772507201332
2.045926391587452
0.49883829600247764
0.9559191424165173
1.6296396920319318
0.7161292920250423
0.7505986188279117
2.2651677501864382
0.9988564359712662
0.5555808956082215
0.38957635064722695
2.0097122512810732
1.8753434256812989
1.2714504551810273
0.7877270507118523
0.4076224724006019
1.7722023294086997
0.38425997925725625
0.7709735713184167
1.0685646921808276
0.6661059828345974
0.969171710275063
0.4697930798668121
0.29483473740482735
2.0957165248396166
2.2101557089424206
0.703773539271458
1.8200323296581888
2.373387928879849
1.273735162789538
2.3021260203988803
1.9993957417744397
0.37648547461521165
1.5253734167348951
2.4927655354882408
1.2740726383017544
1.3457548970344806
1.7997605267029821
1.480109634251667
1.548129121223248
1.509445764107001
0.34133603980324756
0.3744709034778881
0.7635928902435438
0.784540705424137
0.9244084702117549
0.875415486062126
1.278271983768268
1.7446412099721305
0.5238805637367961
1.594243761712654
2.270776623372157
2.4427795292338486
1.5171184056290552
0.30177707097578055
1.2974874291247616
1.0996252260601858
2.205394983014677
2.3697598473196684
1.7313299001376148
2.1727383406879834
0.8163803679720181
1.293440155212605
0.6167919779612139
1.9585713988344218
0.6024506346143621
1.4205304580998446
0.3754097496001252
2.139297288961906
2.0828089081235244
0.4012180200914931
1.9249191521928037
2.4571108913342257
0.8317928167776893
1.6651057815238313
0.8684118243289942
0.40300922116556404
2.056922068146446
2.4394877466622154
0.7799197711519389
1.70948147890079
2.351974768374691
1.3692005006155348
1.1553832296823614
0.93364844909865
0.531894566883611
0.5902627669170452
1.4484197596119066
1.1468122358987967
1.0512271484688247
2.173671014562216
2.3789195700795145
1.9514920798433157
0.795018067982415
0.6312684047229475
0.9346214837467152
1.1772851964454802
1.734398248082576
1.518455023382177
1.25221038437821
1.8666726529333495
0.5778168539373951
1.581936234699838
1.4824229219565037
0.965822010325222
0.5604064737644264
0.6429487849382679
1.628736871224162
1.4828231665665073
1.183178650381363
1.360526651174315
0.37118172268598915
0.6811223652812792
1.2393296710745694
0.7975440823173998
1.2348663070481396
0.8033761946577764
2.2914239024261946
2.406724213293227
1.9075224621118916
0.5421654611061218
2.2790945980752717
0.6862717976410234
1.969922868619669
Rank 2: 200 simulations
2.2893836368527394
0.26551964522453275
1.0406330614966643
Rank 1: 200 simulations
1.7365508015619429
2.2193895808108355
2.2781716710689555
0.5282434859974066
0.28903055431591357
0.44217175714265256
1.1223774466904848
2.0505402579766256
0.7576768915778207
1.1603852510420896
1.9738504564364934
Rank 3: 200 simulations
Running 800 simulations with 4 MPI ranks
Rank 0: 200 simulations
t=55722  fraction=0.31750  peak_slope=1.382e-05  t_peak=27861  comparison cadence=55722  difference=0.31750  below=0/3
t=56717  fraction=0.32500  peak_slope=1.382e-05  t_peak=27861  comparison cadence=55722  difference=0.32500  below=0/3
t=57712  fraction=0.32750  peak_slope=1.382e-05  t_peak=27861  comparison cadence=55722  difference=0.32750  below=0/3
t=58707  fraction=0.33250  peak_slope=1.382e-05  t_peak=27861  comparison cadence=55722  difference=0.33250  below=0/3
t=59702  fraction=0.33875  peak_slope=1.382e-05  t_peak=27861  comparison cadence=55722  difference=0.33875  below=0/3
t=60697  fraction=0.34000  peak_slope=1.382e-05  t_peak=27861  comparison cadence=55722  difference=0.34000  below=0/3
t=61692  fraction=0.34375  peak_slope=1.382e-05  t_peak=27861  comparison cadence=55722  difference=0.34375  below=0/3
t=62687  fraction=0.34500  peak_slope=1.382e-05  t_peak=27861  comparison cadence=55722  difference=0.34500  below=0/3
t=63682  fraction=0.35000  peak_slope=1.382e-05  t_peak=27861  comparison cadence=55722  difference=0.35000  below=0/3
t=64677  fraction=0.35625  peak_slope=1.382e-05  t_peak=27861  comparison cadence=55722  difference=0.35625  below=0/3
t=65672  fraction=0.35875  peak_slope=1.382e-05  t_peak=27861  comparison cadence=55722  difference=0.35875  below=0/3
t=66667  fraction=0.36500  peak_slope=1.382e-05  t_peak=27861  comparison cadence=55722  difference=0.36500  below=0/3
t=67663  fraction=0.37250  peak_slope=1.382e-05  t_peak=27861  comparison cadence=55722  difference=0.37250  below=0/3
t=68658  fraction=0.37250  peak_slope=1.382e-05  t_peak=27861  comparison cadence=55722  difference=0.37250  below=0/3
t=69653  fraction=0.37375  peak_slope=1.382e-05  t_peak=27861  comparison cadence=55722  difference=0.37375  below=0/3
t=70648  fraction=0.37625  peak_slope=1.382e-05  t_peak=27861  comparison cadence=55722  difference=0.37500  below=0/3
t=71643  fraction=0.37875  peak_slope=1.382e-05  t_peak=27861  comparison cadence=55722  difference=0.37625  below=0/3
t=72638  fraction=0.38000  peak_slope=1.382e-05  t_peak=27861  comparison cadence=55722  difference=0.37500  below=0/3
t=73633  fraction=0.38500  peak_slope=1.382e-05  t_peak=27861  comparison cadence=55722  difference=0.38000  below=0/3
t=74628  fraction=0.38625  peak_slope=1.382e-05  t_peak=27861  comparison cadence=55722  difference=0.37500  below=0/3
t=75623  fraction=0.38750  peak_slope=1.382e-05  t_peak=27861  comparison cadence=55722  difference=0.37250  below=0/3
t=76618  fraction=0.39000  peak_slope=1.382e-05  t_peak=27861  comparison cadence=55722  difference=0.37000  below=0/3
t=77613  fraction=0.39250  peak_slope=1.382e-05  t_peak=27861  comparison cadence=55722  difference=0.35875  below=0/3
t=78608  fraction=0.39250  peak_slope=1.382e-05  t_peak=27861  comparison cadence=55722  difference=0.34875  below=0/3
t=79603  fraction=0.39250  peak_slope=1.382e-05  t_peak=27861  comparison cadence=55722  difference=0.33500  below=0/3
t=80598  fraction=0.39250  peak_slope=1.382e-05  t_peak=27861  comparison cadence=55722  difference=0.32375  below=0/3
t=81593  fraction=0.39375  peak_slope=1.382e-05  t_peak=27861  comparison cadence=55722  difference=0.31250  below=0/3
t=82588  fraction=0.39625  peak_slope=1.382e-05  t_peak=27861  comparison cadence=55722  difference=0.30000  below=0/3
t=83583  fraction=0.39875  peak_slope=1.382e-05  t_peak=27861  comparison cadence=55722  difference=0.28625  below=0/3
t=84578  fraction=0.40000  peak_slope=1.382e-05  t_peak=27861  comparison cadence=55722  difference=0.27375  below=0/3
t=85573  fraction=0.40250  peak_slope=1.382e-05  t_peak=27861  comparison cadence=55722  difference=0.26875  below=0/3
t=86568  fraction=0.40250  peak_slope=1.382e-05  t_peak=27861  comparison cadence=55722  difference=0.26000  below=0/3
t=87563  fraction=0.40375  peak_slope=1.382e-05  t_peak=27861  comparison cadence=55722  difference=0.25125  below=0/3
t=88558  fraction=0.40625  peak_slope=1.382e-05  t_peak=27861  comparison cadence=55722  difference=0.23875  below=0/3
t=89553  fraction=0.40750  peak_slope=1.382e-05  t_peak=27861  comparison cadence=55722  difference=0.22000  below=0/3
t=90548  fraction=0.40750  peak_slope=1.382e-05  t_peak=27861  comparison cadence=55722  difference=0.21375  below=0/3
t=91543  fraction=0.40875  peak_slope=1.382e-05  t_peak=27861  comparison cadence=55722  difference=0.20500  below=0/3
t=92538  fraction=0.41375  peak_slope=1.382e-05  t_peak=27861  comparison cadence=55722  difference=0.20250  below=0/3
t=93533  fraction=0.42000  peak_slope=1.382e-05  t_peak=27861  comparison cadence=55722  difference=0.20000  below=0/3
t=94529  fraction=0.42250  peak_slope=1.382e-05  t_peak=27861  comparison cadence=55722  difference=0.19375  below=0/3
t=95524  fraction=0.42375  peak_slope=1.382e-05  t_peak=27861  comparison cadence=55722  difference=0.18375  below=0/3
t=96519  fraction=0.42375  peak_slope=1.382e-05  t_peak=27861  comparison cadence=55722  difference=0.17875  below=0/3
t=97514  fraction=0.42500  peak_slope=1.382e-05  t_peak=27861  comparison cadence=55722  difference=0.17625  below=0/3
t=98509  fraction=0.42500  peak_slope=1.382e-05  t_peak=27861  comparison cadence=55722  difference=0.16875  below=0/3
t=99504  fraction=0.42750  peak_slope=1.382e-05  t_peak=27861  comparison cadence=55722  difference=0.16500  below=0/3
t=100499  fraction=0.42750  peak_slope=1.382e-05  t_peak=27861  comparison cadence=55722  difference=0.15875  below=0/3
t=101494  fraction=0.42875  peak_slope=1.382e-05  t_peak=27861  comparison cadence=55722  difference=0.15500  below=0/3
t=102489  fraction=0.43375  peak_slope=1.382e-05  t_peak=27861  comparison cadence=55722  difference=0.15500  below=0/3
t=103484  fraction=0.43500  peak_slope=1.382e-05  t_peak=27861  comparison cadence=55722  difference=0.15125  below=0/3
t=104479  fraction=0.43500  peak_slope=1.382e-05  t_peak=27861  comparison cadence=55722  difference=0.14625  below=0/3
t=105474  fraction=0.43750  peak_slope=1.382e-05  t_peak=27861  comparison cadence=55722  difference=0.14250  below=0/3
t=106469  fraction=0.44000  peak_slope=1.382e-05  t_peak=27861  comparison cadence=55722  difference=0.14250  below=0/3
t=107464  fraction=0.44000  peak_slope=1.382e-05  t_peak=27861  comparison cadence=55722  difference=0.13875  below=0/3
t=108459  fraction=0.44000  peak_slope=1.382e-05  t_peak=27861  comparison cadence=55722  difference=0.13500  below=0/3
t=109454  fraction=0.44125  peak_slope=1.382e-05  t_peak=27861  comparison cadence=55722  difference=0.13375  below=0/3
t=110449  fraction=0.44250  peak_slope=1.382e-05  t_peak=27861  comparison cadence=55722  difference=0.13000  below=0/3
t=111444  fraction=0.44250  peak_slope=1.382e-05  t_peak=27861  comparison cadence=55722  difference=0.12500  below=0/3
t=112439  fraction=0.44250  peak_slope=1.382e-05  t_peak=27861  comparison cadence=55722  difference=0.11750  below=0/3
t=113434  fraction=0.44250  peak_slope=1.382e-05  t_peak=27861  comparison cadence=55722  difference=0.11500  below=0/3
t=114429  fraction=0.44250  peak_slope=1.382e-05  t_peak=27861  comparison cadence=55722  difference=0.11000  below=0/3
t=115424  fraction=0.44250  peak_slope=1.382e-05  t_peak=27861  comparison cadence=55722  difference=0.10375  below=0/3
t=116419  fraction=0.44250  peak_slope=1.382e-05  t_peak=27861  comparison cadence=55722  difference=0.10250  below=0/3
t=117414  fraction=0.44375  peak_slope=1.382e-05  t_peak=27861  comparison cadence=55722  difference=0.10000  below=0/3
t=118409  fraction=0.44375  peak_slope=1.382e-05  t_peak=27861  comparison cadence=55722  difference=0.09875  below=0/3
t=119404  fraction=0.44500  peak_slope=1.382e-05  t_peak=27861  comparison cadence=55722  difference=0.09500  below=0/3
t=120400  fraction=0.44500  peak_slope=1.382e-05  t_peak=27861  comparison cadence=55722  difference=0.08875  below=0/3
t=121395  fraction=0.44500  peak_slope=1.382e-05  t_peak=27861  comparison cadence=55722  difference=0.08625  below=0/3
t=122390  fraction=0.44625  peak_slope=1.382e-05  t_peak=27861  comparison cadence=55722  difference=0.08125  below=0/3
t=123385  fraction=0.44750  peak_slope=1.382e-05  t_peak=27861  comparison cadence=55722  difference=0.07500  below=0/3
t=124380  fraction=0.44750  peak_slope=1.382e-05  t_peak=27861  comparison cadence=55722  difference=0.07500  below=0/3
t=125375  fraction=0.44750  peak_slope=1.382e-05  t_peak=27861  comparison cadence=55722  difference=0.07375  below=0/3
t=126370  fraction=0.44875  peak_slope=1.382e-05  t_peak=27861  comparison cadence=55722  difference=0.07250  below=0/3
t=127365  fraction=0.45000  peak_slope=1.382e-05  t_peak=27861  comparison cadence=55722  difference=0.07125  below=0/3
t=128360  fraction=0.45000  peak_slope=1.382e-05  t_peak=27861  comparison cadence=55722  difference=0.07000  below=0/3
t=129355  fraction=0.45125  peak_slope=1.382e-05  t_peak=27861  comparison cadence=55722  difference=0.06625  below=0/3
t=130350  fraction=0.45125  peak_slope=1.382e-05  t_peak=27861  comparison cadence=55722  difference=0.06500  below=0/3
t=131345  fraction=0.45125  peak_slope=1.382e-05  t_peak=27861  comparison cadence=55722  difference=0.06375  below=0/3
t=132340  fraction=0.45125  peak_slope=1.382e-05  t_peak=27861  comparison cadence=55722  difference=0.06125  below=0/3
t=133335  fraction=0.45125  peak_slope=1.382e-05  t_peak=27861  comparison cadence=55722  difference=0.05875  below=0/3
t=134330  fraction=0.45125  peak_slope=1.382e-05  t_peak=27861  comparison cadence=55722  difference=0.05875  below=0/3
t=135325  fraction=0.45250  peak_slope=1.382e-05  t_peak=27861  comparison cadence=55722  difference=0.06000  below=0/3
t=136320  fraction=0.45250  peak_slope=1.382e-05  t_peak=27861  comparison cadence=55722  difference=0.06000  below=0/3
t=137315  fraction=0.45375  peak_slope=1.382e-05  t_peak=27861  comparison cadence=55722  difference=0.06000  below=0/3
t=138310  fraction=0.45375  peak_slope=1.382e-05  t_peak=27861  comparison cadence=55722  difference=0.05750  below=0/3
t=139305  fraction=0.45375  peak_slope=1.382e-05  t_peak=27861  comparison cadence=55722  difference=0.05500  below=0/3
t=140300  fraction=0.45375  peak_slope=1.382e-05  t_peak=27861  comparison cadence=55722  difference=0.05375  below=0/3
t=141295  fraction=0.45500  peak_slope=1.382e-05  t_peak=27861  comparison cadence=55722  difference=0.05250  below=0/3
t=142290  fraction=0.45500  peak_slope=1.382e-05  t_peak=27861  comparison cadence=55722  difference=0.05250  below=0/3
t=143285  fraction=0.45500  peak_slope=1.382e-05  t_peak=27861  comparison cadence=55722  difference=0.05125  below=0/3
t=144280  fraction=0.45500  peak_slope=1.382e-05  t_peak=27861  comparison cadence=55722  difference=0.04875  below=1/3
t=145275  fraction=0.45500  peak_slope=1.382e-05  t_peak=27861  comparison cadence=55722  difference=0.04750  below=2/3
t=146270  fraction=0.45500  peak_slope=1.382e-05  t_peak=27861  comparison cadence=55722  difference=0.04750  below=3/3
Stopping at t=146270.4669608684
Saved 428 remaining particles to /scratch/group/p.phy260085.000//Mass_Fraction/Outputs/Ejection_Results/remaining_particles_2151701_0.csv
