==========================================
Mass Fraction MPI Run
==========================================
Date:               Tue Sep 22 18:01:35 CDT 2026
Host:               ac001
Array job ID:       2151701
Array task ID:      4
MPI ranks:          4
CPUs per task:      1
Nodes allocated:    1
Python:             /scratch/user/u.hm357857/.conda/envs/comets/bin/python
Conda environment:  /scratch/user/u.hm357857/.conda/envs/comets
==========================================

1.6724933658503836
1.7609081644959104
0.5388500482662111
1.0182126297979353
0.27854383408255706
1.6525209128559384
1.744586438197726
2.3813486488438675
1.8147131166775885
1.1975054647111256
1.0808434656346027
0.468294367791095
2.333079489237906
0.8543473968727289
1.1354824269320476
1.833635401588444
2.0213747463392195
1.6588182817850998
1.5219555133992988
1.939457716485143
1.2745446288803453
0.5033931149832009
0.9806859022145413
1.8372866326615012
1.728036257661296
2.4684623429971797
2.353602037843796
1.380786025054642
0.7920050404998826
2.24673753978339
0.3756180001842501
2.2066906408724334
1.5289508991651533
2.1190387637170565
0.27827593804449324
1.9963029429471357
0.7584120384400679
1.0100204822604657
0.8268907681603601
1.2383260957294877
1.543380766368667
2.0935152010363005
0.29523601202487526
0.7195561520717708
2.061786386356501
0.7938714962604966
1.600888239975235
0.43398813366157074
2.118412227090438
0.6836838834871055
1.0812159664676921
1.3183786969419624
1.612788239448952
1.2895643938972698
2.2404455484685837
1.195016665514259
2.253787660828602
2.4274955722812273
2.0786029767717507
1.9450975752179074
1.0383541450516334
0.51598749121742
1.2667607356126875
1.9435792768400333
2.029649237953368
0.5351506361936649
0.6446830794180998
1.9095976253195235
1.6725124005401308
1.1974032023478645
1.3245694360306894
0.6755416949689622
2.1471071244738686
1.285473392726465
0.40206317127842234
0.3734229109555813
1.6346722601452788
1.8327374558802405
1.546605927990274
0.7289809454582259
2.1106170896251433
0.2625187553610437
1.6650804233286933
2.4246195034021785
0.7683217211896883
1.8477729541874923
2.4999704195549275
0.6505169154569146
0.32234234129909267
1.6162989043588314
0.3384796933359122
0.40484965440633836
2.130233289487575
2.097315134714608
0.7078819380182849
2.3453479307046483
2.06901999473253
1.969199865537972
0.7957085244518367
2.140759353137863
0.4392490880150777
0.903942481589
1.604955878945861
1.8690581563906508
0.5634065600850244
2.323865895530773
1.922541341196825
1.349674385066637
2.496233390407737
0.8011679043358793
0.4413419786391915
1.8639753722868628
1.4799947005292815
1.159850060644143
0.5045571210381401
1.3053317197804166
0.3690667767251724
0.5914701102645559
1.238569227139493
1.9621221622274787
1.7488374012117025
0.9085577868389174
2.111777318161259
0.7126449773687
0.9659322349423896
1.5169952860913398
1.7434444622720182
1.4099972889621077
2.348009749704734
0.7535116975458986
2.064338326939316
1.3064334282949677
1.7689141588196107
0.5131991781173265
1.7874000854477092
2.3308293522404266
1.4297059967465398
2.4876445583582365
0.6609705605700279
0.7572621333447495
2.192508514132047
1.9459565600648876
0.8682044551358222
1.79672221138414
2.025394133003724
0.5340321824145571
0.38036409202438903
1.9428932498209113
1.8208823196500106
2.4385356628290626
0.42767132303936317
0.5759807750842116
1.982138031509154
2.219714025362875
2.1845002443491297
2.3737624624030262
1.594456376656642
1.162368147015056
0.5149709637688542
0.44968929327593
1.84478316264914
0.6905828276480699
1.6337034445375387
2.365590855372387
1.5531355357563246
2.3901118813681754
1.4015449574306007
0.6383190883301009
1.487757452848548
2.3081716758453115
1.628829241708885
1.8436445544106115
0.7968480008375323
0.7189158817222698
2.0266111637474022
0.921572722294165
0.8794111887487837
1.1656221769115755
0.8509472847661663
0.5606893735275191
2.3718870957259437
1.2079931258123997
1.9056796625493206
0.9639715341334372
0.3291066413205906
2.258419579168
1.1986571106034554
0.8951856459548995
0.6007439265538447
1.1809905911058571
1.9627718267951295
1.3908101209897714
0.6202633552180578
0.3108666490012356
1.7956034529002907
2.004708008361093
0.627607739934874
1.653803550296211
1.8205056475545094
1.493958500594996
1.4985180816839025
2.1155508055947028
0.9358157719060658
0.9177379779950076
1.4296231970283637
2.077235290150775
1.8139158926060162
0.2861210660171861
1.2471020193991786
0.6552719355869111
0.48357367766058346
0.8298536750558219
0.633585868886402
2.4005662128602028
2.431821983195833
2.4075031057684066
1.7390725070528927
1.4430369684673074
1.7611157982912606
0.9948171738559096
1.9803381691264983
1.6445463680832968
1.2535387566085503
0.9300360594924222
0.41368878534889203
1.2677872957305174
1.6143813237416482
2.258123635985969
1.1099809503227966
0.832964778136935
1.9591711736758872
1.7919331367116846
2.1180244204146343
1.6344488127874803
0.8167459648280357
2.0219828799422865
1.2580309035400261
0.27135659182950744
2.4839298960271035
0.9183166918229967
1.4057928269022086
1.8420676429995548
1.9821290974655292
0.28401994050820656
0.5259516699389939
1.561127645730171
1.091015203876637
1.8941171561973302
1.3981681075592602
1.887969589731336
1.3005820648033868
1.5350354238172992
1.8717491752245896
1.5113414203208346
0.9661919786167111
2.0576596761049917
0.6564306010132936
0.4406115732555933
0.49024922683935546
1.3221941221942657
1.2495757254909268
0.8281052252611505
0.5727129723006656
2.080983083097519
0.9253350876128372
0.8725376148644803
1.5044176687913124
1.5194440958302573
1.3712633226327875
0.7587338888545688
2.4638240597140992
1.3087861237657403
1.1696848674690934
2.4167878298822805
0.9850829913943747
1.8366939259960966
2.441818174717831
0.260318400486488
0.5238330985699402
0.41825619332678876
0.8407994710309622
0.3950520569398045
1.9967158992921947
1.614270599454044
1.7613611940150398
0.4857263750125925
0.6534132307021719
1.2062135994082643
0.6638916700917076
0.3044957461780751
1.9904881272040067
1.4413034292236533
0.9937107711143367
2.4509081498548206
2.316713031888224
1.794109342321326
0.36203320515447585
0.7985070083420157
1.372679799002318
1.0886840412556587
1.9935440970997746
1.7292651047301029
1.9983210819686275
0.7962381332106825
1.1817512330826814
0.4091145497582781
0.26336467111632983
0.7608477633213103
1.7210975194621383
2.0383239134697186
0.3303394232064536
0.5896856448480485
1.1295860440772674
0.44274607043888525
1.1449745403589302
0.5199188184838518
0.9745065707657836
1.8608697044612672
2.1481687446095736
1.1774334794402608
1.8979095145350315
0.9906584007735658
0.8915283758983974
1.8117591428816784
1.6385884576820642
2.2223448705791053
0.7570557537539222
1.2933624939398745
2.286353030802808
2.3711314599559725
0.6678548508607127
0.9950602464549638
0.9690336192896835
2.2296409962977393
1.5907372091096599
1.1603301220537907
1.140340508638682
1.6883295020239757
1.4727955817710288
2.1840396225215084
1.58471077491352
1.0254593859482106
1.8730022590603725
1.429678772189941
2.2341738699380023
2.430571813577692
1.627393466275204
1.9219041335165967
1.9343429915922337
0.495211422348124
0.9955945025081248
2.103911098880168
0.5271328479742826
1.9841300808584443
2.253190581746611
1.5075006801371424
2.3615606407901084
0.44506184384101627
2.4860774140135575
1.133068060420922
2.464343753069584
1.5934908694517838
2.3485692317170774
0.32360528698026136
1.47766759603922
2.0700065223971658
1.9641468275033254
0.2522107767318811
0.49145309039650525
2.015903432703623
1.0302206818183421
2.26505975756868
0.5984612515134553
0.3777147414819856
0.9634842272388546
1.7068001505342538
0.6441769914108271
1.8136129092879374
1.0525661672987603
2.007479201460475
1.3387023837714296
1.7182542296231558
1.0184861856154073
1.3103116754798805
1.828232082460938
1.3497721972582741
0.46758086442221214
0.2889794922815228
0.43607058861680725
0.5088395882016459
0.8074426150522264
2.156558975885886
2.14314104205223
2.0738200319929216
2.071339382788163
0.5448619312181986
0.8918561809525916
1.2938690781780111
2.189176757657873
1.5313871594571977
0.9803355634535834
0.4710309516941954
1.8982353840342485
2.2527310522178308
1.9793056783301064
2.3797423512557074
0.3883670971664165
0.537133099615206
0.9415954980328018
0.998237929605665
2.177565100933158
0.5652293563547113
2.148312635585632
0.9573605883723596
1.8631889139259767
1.0093054535545538
0.4704337121648168
1.0329836901588876
1.740318388732098
1.8850072977150993
1.5331330781899566
0.4935403572740526
0.7520809783166488
2.1546253491061087
0.8442409313815897
0.8202687572211599
0.7629348904603309
0.9710111386965408
0.7810786586002885
1.0548269602724223
0.3005975604330638
0.6833640368222793
2.2283823507335168
1.8127607396882464
0.9989865037124197
0.7594663472842517
2.357448428523124
1.142510184566084
0.9929689824021944
1.2537524198246313
1.3964916285337705
1.5796380226999178
0.5684291458885672
2.2105160710026928
2.084060599249879
1.980492097190643
1.851119564564625
1.00268905860282
1.596204082523877
1.8232495919821368
0.25365045478964166
0.7813986642369192
1.0903761704958543
1.961810148152934
0.5445250744687854
1.7269793969135758
0.39584675068338326
2.313732268571349
1.5179035679355093
0.3808159837108662
2.4894104803865424
0.7966830467744898
1.6141737158831924
1.8353573745311222
0.8883642860789271
2.212133899714044
0.5105614142570428
1.1888454282446554
1.9337648855789276
2.4365939462541064
0.5313436543567303
1.3449455325929363
2.2454075632629147
1.621959291129706
0.6688914078719105
0.779002981663752
1.874876514662882
1.2940478081378672
1.533560158624214
0.28230573017864535
1.043311894009423
1.4953992580983473
0.4880954960844281
2.2855152431202463
1.862751032754245
2.043734718647021
1.9749220787491373
2.414862662661555
1.016730920366391
1.3104856173457293
1.6762289032340651
2.219529806471557
0.5973941603635298
1.5041665254887846
1.5747844663850497
0.2828686137529114
2.4927072363076594
1.0634118193485276
0.3928606333125413
1.5447666238421165
1.0612816990343519
1.8332246695064585
0.8860869626993895
1.3212346822618313
1.8701713164234943
0.4043004680246485
2.002877479651311
1.2639134692713387
1.6060603623524645
0.8503555634661637
2.300326125041719
0.7204438540998996
1.4101062444511618
1.7367791496695983
1.1789013314722583
1.6915694542942434
0.9656886018164207
1.1252020174948412
0.43023275456573795
0.8539697041930522
1.077895644753003
0.7120324891631813
1.2142939520784592
2.061362142524141
0.640574600159808
1.2423960001776018
0.4647853802745156
0.3013307774011498
1.334144251265406
1.3919367572073775
1.497449923818672
1.881984082301431
1.49131061904214
2.4869186652935777
1.4275791272166587
2.126811101247414
0.8765760390960478
1.8067301013159653
0.7783627377869401
1.3545682201359872
0.5268174962501148
0.49594047368080485
0.436836628117541
1.3560059390675292
1.1358811607621098
1.6817973694667578
1.9344062322750166
2.4842912482088577
1.9535522322307788
0.9201110448278715
2.090939678214923
1.1222616673368895
1.5390192714141437
1.595366712366468
0.3603981038323739
2.376575262366356
1.250077175558144
0.6777468919137619
1.4868811937509285
2.4401668547689104
2.20338428296982
1.3047947812541825
1.8164132055381355
2.013255480651432
1.0782607743274388
1.826913683677187
0.70596142497065
1.1381168401311028
1.1248404710958173
2.332612766441294
0.8287232453352169
1.8221331278759698
2.292184636099856
0.360531861050702
0.35031333851758106
1.479093954044371
1.6370105723263833
1.8535883676416287
1.3562970294380818
2.4941853960740663
0.884320616840173
0.28637281583111496
0.7491345191243997
0.35282924166957774
0.622080853871825
1.1303805479282123
0.47766449049877646
1.49409594956255
1.9993259460725143
0.7604165836985668
1.7300290073998463
0.9308356512831695
2.3237643759868143
0.4317724834071015
1.6074551074886105
2.0109103261220884
0.8679061585713471
0.31559045464630914
2.083261694619107
0.6801976320221458
1.0694888328672747
0.4497104395326267
2.30304095009021
2.0690576369526825
2.19704243638724
1.2719208027097004
0.3236417531659637
1.9205716282503702
1.6104331933781908
1.8239861441776803
1.6447862516970984
1.6520729056399062
1.7529689211975024
2.116836637352383
1.8831157388660524
2.2526019443152383
1.8771289753409226
0.5992088853827441
0.4162732691257867
0.6544836804214708
1.9884121922186584
0.5218447474979321
0.3754271449706227
2.1142678911630415
0.9278568338278177
1.8885806856195007
0.3682042534296962
2.144527689349864
2.2960068859359413
1.3826638634396367
0.7708369834422897
1.2322589646565352
0.5591416301811694
1.7117603228908862
2.1066375429530364
1.628404483663182
1.2419548657242634
2.2910366271785065
1.7885049671323983
2.4339356020878586
1.146315426214707
1.590614985251563
1.1407551128380335
0.8184419383819943
2.0693532834737645
0.6257112763522394
1.8720769145100815
1.828206919303317
1.4375333998536108
0.6446115498952414
0.2795765963152229
0.5160760496545098
2.2500882652501626
0.7363353219214956
1.5915408792092836
1.3561517127764204
0.42221376213705
0.36840001849518467
0.8597592142881623
2.1679883844431016
2.227161747149472
1.5846883732460189
0.7658902552136386
2.2547182539901276
2.0274260583599513
1.112629073424947
0.493747321320148
1.0366148806771593
2.0371042255551735
1.3051415339332197
1.2634487591774204
0.36967083859474076
1.906888149035667
1.6715040075044183
1.5618813844500505
0.4040732761288941
2.3117583344699018
1.881557975133936
0.5465123697321905
0.44874312505517416
0.5802375644368141
0.4389112976238142
0.6726275396297746
1.9085541989510764
1.947371545442647
1.9843706501792675
1.6172508740673683
1.2662565889614028
1.965055285766703
1.460640373910113
2.3538791959968743
1.6049496398587997
2.486671775740358
2.0526396865042207
2.261516420107886
0.9096643543226437
1.9704753186978763
0.4341689539513346
1.4921621633047482
1.2957189754359604
0.4540340913069357
0.6882669442321909
0.7733171167558177
1.7894262589828598
0.6684378570461107
0.6882272497925717
1.9291706174324819
1.2975754896412564
1.8081547245429506
1.3092446770566328
0.7614198602235225
1.6493878810200695
0.7921569130279971
2.188550474447694
1.789756625372819
2.159386377281894
2.149246494318941
2.1248616491931354
0.7660688019576487
2.3187034016531833
2.409576915815165
1.6514458474155416
0.6741071347469426
2.1696742378810945
1.4615034700081886
1.1611686989528427
1.2808519207983229
0.6032278291753721
0.6359899486234639
1.8493038483128557
1.2828461731484788
0.4783579039150778
1.1364131438170428
1.463197266788711
1.7845987643051355
0.6833692663858427
0.3028532829514694
0.8197158434171816
0.9084573341704972
2.298003709096851
0.49295222262583427
0.26248996509480166
0.44980624321978463
2.256111832211968
1.326260359930626
1.8872893410085916
1.3512009952143866
2.13859304326133
1.9332277377428884
2.323280925945293
1.4961312466999712
2.261339572056239
1.3596358191318063
1.010588748117477
0.3942095854507146
0.48820874923463276
2.1164782344516055
1.9615118561837883
2.4206052086657857
0.5416894920108521
0.9761521744058228
0.32713980482330396
1.4478807337521713
0.2697716368206484
2.360108522419822
1.5689813128565389
1.137953540733677
1.2795032651944733
1.171810622436488
1.851977837201966
1.4331313005139814
1.1974937862845885
0.2829399822749913
0.4702443747259155
2.1013492680863077
0.3553115581082801
0.6487372303994844
1.86149431205432
1.2025792604796854
0.3594561460018253
0.7396839827567827
0.788005400612481
2.0541928336873703
2.185583030443416
0.27206198006910554
2.324235103146448
0.7690075530791857
1.7700472411802808
2.0803490549359016
1.9554994641388874
1.6112342885329256
1.811878404161293
0.5332984631099287
1.0998101390741943
1.482526386074519
0.6674078559984802
1.9998562690685717
0.9537031841046705
2.357444630346579
Rank 1: 200 simulations
Running 800 simulations with 4 MPI ranks
Rank 0: 200 simulations
Rank 3: 200 simulations
2.076607069785023
Rank 2: 200 simulations
t=423866  fraction=0.16625  peak_slope=2.001e-06  t_peak=211933  comparison cadence=423866  difference=0.16625  below=0/3
t=424866  fraction=0.16625  peak_slope=2.001e-06  t_peak=211933  comparison cadence=423866  difference=0.16625  below=0/3
t=425866  fraction=0.16625  peak_slope=2.001e-06  t_peak=211933  comparison cadence=423866  difference=0.16625  below=0/3
t=426865  fraction=0.16625  peak_slope=2.001e-06  t_peak=211933  comparison cadence=423866  difference=0.16625  below=0/3
t=427865  fraction=0.16625  peak_slope=2.001e-06  t_peak=211933  comparison cadence=423866  difference=0.16625  below=0/3
t=428865  fraction=0.16625  peak_slope=2.001e-06  t_peak=211933  comparison cadence=423866  difference=0.16625  below=0/3
t=429864  fraction=0.16750  peak_slope=2.001e-06  t_peak=211933  comparison cadence=423866  difference=0.16750  below=0/3
t=430864  fraction=0.16750  peak_slope=2.001e-06  t_peak=211933  comparison cadence=423866  difference=0.16750  below=0/3
t=431864  fraction=0.16750  peak_slope=2.001e-06  t_peak=211933  comparison cadence=423866  difference=0.16750  below=0/3
t=432863  fraction=0.16750  peak_slope=2.001e-06  t_peak=211933  comparison cadence=423866  difference=0.16750  below=0/3
t=433863  fraction=0.16750  peak_slope=2.001e-06  t_peak=211933  comparison cadence=423866  difference=0.16750  below=0/3
t=434863  fraction=0.16750  peak_slope=2.001e-06  t_peak=211933  comparison cadence=423866  difference=0.16750  below=0/3
t=435863  fraction=0.16750  peak_slope=2.001e-06  t_peak=211933  comparison cadence=423866  difference=0.16750  below=0/3
t=436862  fraction=0.16750  peak_slope=2.001e-06  t_peak=211933  comparison cadence=423866  difference=0.16750  below=0/3
t=437862  fraction=0.16750  peak_slope=2.001e-06  t_peak=211933  comparison cadence=423866  difference=0.16750  below=0/3
t=438862  fraction=0.16750  peak_slope=2.001e-06  t_peak=211933  comparison cadence=423866  difference=0.16750  below=0/3
t=439861  fraction=0.16750  peak_slope=2.001e-06  t_peak=211933  comparison cadence=423866  difference=0.16750  below=0/3
t=440861  fraction=0.16750  peak_slope=2.001e-06  t_peak=211933  comparison cadence=423866  difference=0.16750  below=0/3
t=441861  fraction=0.16750  peak_slope=2.001e-06  t_peak=211933  comparison cadence=423866  difference=0.16750  below=0/3
t=442860  fraction=0.16875  peak_slope=2.001e-06  t_peak=211933  comparison cadence=423866  difference=0.16875  below=0/3
t=443860  fraction=0.16875  peak_slope=2.001e-06  t_peak=211933  comparison cadence=423866  difference=0.16875  below=0/3
t=444860  fraction=0.16875  peak_slope=2.001e-06  t_peak=211933  comparison cadence=423866  difference=0.16875  below=0/3
t=445859  fraction=0.16875  peak_slope=2.001e-06  t_peak=211933  comparison cadence=423866  difference=0.16875  below=0/3
t=446859  fraction=0.16875  peak_slope=2.001e-06  t_peak=211933  comparison cadence=423866  difference=0.16875  below=0/3
t=447859  fraction=0.16875  peak_slope=2.001e-06  t_peak=211933  comparison cadence=423866  difference=0.16875  below=0/3
t=448858  fraction=0.16875  peak_slope=2.001e-06  t_peak=211933  comparison cadence=423866  difference=0.16875  below=0/3
t=449858  fraction=0.16875  peak_slope=2.001e-06  t_peak=211933  comparison cadence=423866  difference=0.16875  below=0/3
t=450858  fraction=0.16875  peak_slope=2.001e-06  t_peak=211933  comparison cadence=423866  difference=0.16875  below=0/3
t=451857  fraction=0.16875  peak_slope=2.001e-06  t_peak=211933  comparison cadence=423866  difference=0.16875  below=0/3
t=452857  fraction=0.16875  peak_slope=2.001e-06  t_peak=211933  comparison cadence=423866  difference=0.16875  below=0/3
t=453857  fraction=0.16875  peak_slope=2.001e-06  t_peak=211933  comparison cadence=423866  difference=0.16875  below=0/3
t=454857  fraction=0.16875  peak_slope=2.001e-06  t_peak=211933  comparison cadence=423866  difference=0.16875  below=0/3
t=455856  fraction=0.16875  peak_slope=2.001e-06  t_peak=211933  comparison cadence=423866  difference=0.16875  below=0/3
t=456856  fraction=0.16875  peak_slope=2.001e-06  t_peak=211933  comparison cadence=423866  difference=0.16875  below=0/3
t=457856  fraction=0.16875  peak_slope=2.001e-06  t_peak=211933  comparison cadence=423866  difference=0.16875  below=0/3
t=458855  fraction=0.16875  peak_slope=2.001e-06  t_peak=211933  comparison cadence=423866  difference=0.16875  below=0/3
t=459855  fraction=0.16875  peak_slope=2.001e-06  t_peak=211933  comparison cadence=423866  difference=0.16875  below=0/3
t=460855  fraction=0.16875  peak_slope=2.001e-06  t_peak=211933  comparison cadence=423866  difference=0.16875  below=0/3
t=461854  fraction=0.16875  peak_slope=2.001e-06  t_peak=211933  comparison cadence=423866  difference=0.16875  below=0/3
t=462854  fraction=0.16875  peak_slope=2.001e-06  t_peak=211933  comparison cadence=423866  difference=0.16875  below=0/3
t=463854  fraction=0.16875  peak_slope=2.001e-06  t_peak=211933  comparison cadence=423866  difference=0.16875  below=0/3
t=464853  fraction=0.16875  peak_slope=2.001e-06  t_peak=211933  comparison cadence=423866  difference=0.16875  below=0/3
t=465853  fraction=0.16875  peak_slope=2.001e-06  t_peak=211933  comparison cadence=423866  difference=0.16875  below=0/3
t=466853  fraction=0.16875  peak_slope=2.001e-06  t_peak=211933  comparison cadence=423866  difference=0.16875  below=0/3
t=467852  fraction=0.17000  peak_slope=2.001e-06  t_peak=211933  comparison cadence=423866  difference=0.17000  below=0/3
t=468852  fraction=0.17000  peak_slope=2.001e-06  t_peak=211933  comparison cadence=423866  difference=0.17000  below=0/3
t=469852  fraction=0.17000  peak_slope=2.001e-06  t_peak=211933  comparison cadence=423866  difference=0.17000  below=0/3
t=470851  fraction=0.17000  peak_slope=2.001e-06  t_peak=211933  comparison cadence=423866  difference=0.17000  below=0/3
t=471851  fraction=0.17000  peak_slope=2.001e-06  t_peak=211933  comparison cadence=423866  difference=0.17000  below=0/3
t=472851  fraction=0.17125  peak_slope=2.001e-06  t_peak=211933  comparison cadence=423866  difference=0.17125  below=0/3
t=473851  fraction=0.17125  peak_slope=2.001e-06  t_peak=211933  comparison cadence=423866  difference=0.17125  below=0/3
t=474850  fraction=0.17125  peak_slope=2.001e-06  t_peak=211933  comparison cadence=423866  difference=0.17125  below=0/3
t=475850  fraction=0.17125  peak_slope=2.001e-06  t_peak=211933  comparison cadence=423866  difference=0.17125  below=0/3
t=476850  fraction=0.17125  peak_slope=2.001e-06  t_peak=211933  comparison cadence=423866  difference=0.17125  below=0/3
t=477849  fraction=0.17125  peak_slope=2.001e-06  t_peak=211933  comparison cadence=423866  difference=0.17125  below=0/3
t=478849  fraction=0.17125  peak_slope=2.001e-06  t_peak=211933  comparison cadence=423866  difference=0.17125  below=0/3
t=479849  fraction=0.17125  peak_slope=2.001e-06  t_peak=211933  comparison cadence=423866  difference=0.17125  below=0/3
t=480848  fraction=0.17125  peak_slope=2.001e-06  t_peak=211933  comparison cadence=423866  difference=0.17125  below=0/3
t=481848  fraction=0.17125  peak_slope=2.001e-06  t_peak=211933  comparison cadence=423866  difference=0.17125  below=0/3
t=482848  fraction=0.17125  peak_slope=2.001e-06  t_peak=211933  comparison cadence=423866  difference=0.17125  below=0/3
t=483847  fraction=0.17125  peak_slope=2.001e-06  t_peak=211933  comparison cadence=423866  difference=0.17125  below=0/3
t=484847  fraction=0.17125  peak_slope=2.001e-06  t_peak=211933  comparison cadence=423866  difference=0.17125  below=0/3
t=485847  fraction=0.17250  peak_slope=2.001e-06  t_peak=211933  comparison cadence=423866  difference=0.17250  below=0/3
t=486846  fraction=0.17250  peak_slope=2.001e-06  t_peak=211933  comparison cadence=423866  difference=0.17250  below=0/3
t=487846  fraction=0.17250  peak_slope=2.001e-06  t_peak=211933  comparison cadence=423866  difference=0.17250  below=0/3
t=488846  fraction=0.17375  peak_slope=2.001e-06  t_peak=211933  comparison cadence=423866  difference=0.17375  below=0/3
t=489845  fraction=0.17375  peak_slope=2.001e-06  t_peak=211933  comparison cadence=423866  difference=0.17375  below=0/3
t=490845  fraction=0.17375  peak_slope=2.001e-06  t_peak=211933  comparison cadence=423866  difference=0.17375  below=0/3
t=491845  fraction=0.17375  peak_slope=2.001e-06  t_peak=211933  comparison cadence=423866  difference=0.17375  below=0/3
t=492845  fraction=0.17375  peak_slope=2.001e-06  t_peak=211933  comparison cadence=423866  difference=0.17375  below=0/3
t=493844  fraction=0.17375  peak_slope=2.001e-06  t_peak=211933  comparison cadence=423866  difference=0.17375  below=0/3
t=494844  fraction=0.17375  peak_slope=2.001e-06  t_peak=211933  comparison cadence=423866  difference=0.17375  below=0/3
t=495844  fraction=0.17375  peak_slope=2.001e-06  t_peak=211933  comparison cadence=423866  difference=0.17375  below=0/3
t=496843  fraction=0.17375  peak_slope=2.001e-06  t_peak=211933  comparison cadence=423866  difference=0.17375  below=0/3
t=497843  fraction=0.17375  peak_slope=2.001e-06  t_peak=211933  comparison cadence=423866  difference=0.17375  below=0/3
t=498843  fraction=0.17500  peak_slope=2.001e-06  t_peak=211933  comparison cadence=423866  difference=0.17500  below=0/3
t=499842  fraction=0.17500  peak_slope=2.001e-06  t_peak=211933  comparison cadence=423866  difference=0.17500  below=0/3
t=500842  fraction=0.17500  peak_slope=2.001e-06  t_peak=211933  comparison cadence=423866  difference=0.17500  below=0/3
t=501842  fraction=0.17500  peak_slope=2.001e-06  t_peak=211933  comparison cadence=423866  difference=0.17500  below=0/3
t=502841  fraction=0.17625  peak_slope=2.001e-06  t_peak=211933  comparison cadence=423866  difference=0.17625  below=0/3
t=503841  fraction=0.17625  peak_slope=2.001e-06  t_peak=211933  comparison cadence=423866  difference=0.17625  below=0/3
t=504841  fraction=0.17750  peak_slope=2.001e-06  t_peak=211933  comparison cadence=423866  difference=0.17750  below=0/3
t=505840  fraction=0.17750  peak_slope=2.001e-06  t_peak=211933  comparison cadence=423866  difference=0.17750  below=0/3
t=506840  fraction=0.17750  peak_slope=2.001e-06  t_peak=211933  comparison cadence=423866  difference=0.17750  below=0/3
t=507840  fraction=0.17750  peak_slope=2.001e-06  t_peak=211933  comparison cadence=423866  difference=0.17750  below=0/3
t=508839  fraction=0.17750  peak_slope=2.001e-06  t_peak=211933  comparison cadence=423866  difference=0.17750  below=0/3
t=509839  fraction=0.17875  peak_slope=2.001e-06  t_peak=211933  comparison cadence=423866  difference=0.17875  below=0/3
t=510839  fraction=0.17875  peak_slope=2.001e-06  t_peak=211933  comparison cadence=423866  difference=0.17875  below=0/3
t=511839  fraction=0.17875  peak_slope=2.001e-06  t_peak=211933  comparison cadence=423866  difference=0.17875  below=0/3
t=512838  fraction=0.17875  peak_slope=2.001e-06  t_peak=211933  comparison cadence=423866  difference=0.17875  below=0/3
t=513838  fraction=0.18000  peak_slope=2.001e-06  t_peak=211933  comparison cadence=423866  difference=0.18000  below=0/3
t=514838  fraction=0.18375  peak_slope=2.001e-06  t_peak=211933  comparison cadence=423866  difference=0.18375  below=0/3
t=515837  fraction=0.18375  peak_slope=2.001e-06  t_peak=211933  comparison cadence=423866  difference=0.18375  below=0/3
t=516837  fraction=0.18375  peak_slope=2.001e-06  t_peak=211933  comparison cadence=423866  difference=0.18250  below=0/3
t=517837  fraction=0.18375  peak_slope=2.001e-06  t_peak=211933  comparison cadence=423866  difference=0.18125  below=0/3
t=518836  fraction=0.18375  peak_slope=2.001e-06  t_peak=211933  comparison cadence=423866  difference=0.18125  below=0/3
t=519836  fraction=0.18625  peak_slope=2.001e-06  t_peak=211933  comparison cadence=423866  difference=0.18375  below=0/3
t=520836  fraction=0.18750  peak_slope=2.001e-06  t_peak=211933  comparison cadence=423866  difference=0.18500  below=0/3
t=521835  fraction=0.18750  peak_slope=2.001e-06  t_peak=211933  comparison cadence=423866  difference=0.18500  below=0/3
t=522835  fraction=0.18750  peak_slope=2.001e-06  t_peak=211933  comparison cadence=423866  difference=0.18500  below=0/3
t=523835  fraction=0.18750  peak_slope=2.001e-06  t_peak=211933  comparison cadence=423866  difference=0.18500  below=0/3
t=524834  fraction=0.18750  peak_slope=2.001e-06  t_peak=211933  comparison cadence=423866  difference=0.18500  below=0/3
t=525834  fraction=0.18750  peak_slope=2.001e-06  t_peak=211933  comparison cadence=423866  difference=0.18250  below=0/3
t=526834  fraction=0.18750  peak_slope=2.001e-06  t_peak=211933  comparison cadence=423866  difference=0.18250  below=0/3
t=527834  fraction=0.18750  peak_slope=2.001e-06  t_peak=211933  comparison cadence=423866  difference=0.18250  below=0/3
t=528833  fraction=0.18750  peak_slope=2.001e-06  t_peak=211933  comparison cadence=423866  difference=0.18125  below=0/3
t=529833  fraction=0.18750  peak_slope=2.001e-06  t_peak=211933  comparison cadence=423866  difference=0.18125  below=0/3
t=530833  fraction=0.18750  peak_slope=2.001e-06  t_peak=211933  comparison cadence=423866  difference=0.18125  below=0/3
t=531832  fraction=0.18750  peak_slope=2.001e-06  t_peak=211933  comparison cadence=423866  difference=0.18000  below=0/3
t=532832  fraction=0.18750  peak_slope=2.001e-06  t_peak=211933  comparison cadence=423866  difference=0.18000  below=0/3
t=533832  fraction=0.18750  peak_slope=2.001e-06  t_peak=211933  comparison cadence=423866  difference=0.18000  below=0/3
t=534831  fraction=0.18750  peak_slope=2.001e-06  t_peak=211933  comparison cadence=423866  difference=0.18000  below=0/3
t=535831  fraction=0.18750  peak_slope=2.001e-06  t_peak=211933  comparison cadence=423866  difference=0.17875  below=0/3
t=536831  fraction=0.18750  peak_slope=2.001e-06  t_peak=211933  comparison cadence=423866  difference=0.17625  below=0/3
t=537830  fraction=0.18750  peak_slope=2.001e-06  t_peak=211933  comparison cadence=423866  difference=0.17625  below=0/3
t=538830  fraction=0.18750  peak_slope=2.001e-06  t_peak=211933  comparison cadence=423866  difference=0.17625  below=0/3
t=539830  fraction=0.18750  peak_slope=2.001e-06  t_peak=211933  comparison cadence=423866  difference=0.17500  below=0/3
t=540829  fraction=0.18750  peak_slope=2.001e-06  t_peak=211933  comparison cadence=423866  difference=0.17500  below=0/3
t=541829  fraction=0.18750  peak_slope=2.001e-06  t_peak=211933  comparison cadence=423866  difference=0.17375  below=0/3
t=542829  fraction=0.18750  peak_slope=2.001e-06  t_peak=211933  comparison cadence=423866  difference=0.17375  below=0/3
t=543828  fraction=0.18750  peak_slope=2.001e-06  t_peak=211933  comparison cadence=423866  difference=0.17250  below=0/3
t=544828  fraction=0.18875  peak_slope=2.001e-06  t_peak=211933  comparison cadence=423866  difference=0.17375  below=0/3
t=545828  fraction=0.18875  peak_slope=2.001e-06  t_peak=211933  comparison cadence=423866  difference=0.17250  below=0/3
t=546828  fraction=0.18875  peak_slope=2.001e-06  t_peak=211933  comparison cadence=423866  difference=0.17125  below=0/3
t=547827  fraction=0.18875  peak_slope=2.001e-06  t_peak=211933  comparison cadence=423866  difference=0.17125  below=0/3
t=548827  fraction=0.18875  peak_slope=2.001e-06  t_peak=211933  comparison cadence=423866  difference=0.17125  below=0/3
t=549827  fraction=0.18875  peak_slope=2.001e-06  t_peak=211933  comparison cadence=423866  difference=0.17125  below=0/3
t=550826  fraction=0.18875  peak_slope=2.001e-06  t_peak=211933  comparison cadence=423866  difference=0.17125  below=0/3
t=551826  fraction=0.18875  peak_slope=2.001e-06  t_peak=211933  comparison cadence=423866  difference=0.16875  below=0/3
t=552826  fraction=0.18875  peak_slope=2.001e-06  t_peak=211933  comparison cadence=423866  difference=0.16750  below=0/3
t=553825  fraction=0.18875  peak_slope=2.001e-06  t_peak=211933  comparison cadence=423866  difference=0.16750  below=0/3
t=554825  fraction=0.18875  peak_slope=2.001e-06  t_peak=211933  comparison cadence=423866  difference=0.16625  below=0/3
t=555825  fraction=0.18875  peak_slope=2.001e-06  t_peak=211933  comparison cadence=423866  difference=0.16500  below=0/3
t=556824  fraction=0.18875  peak_slope=2.001e-06  t_peak=211933  comparison cadence=423866  difference=0.16500  below=0/3
t=557824  fraction=0.18875  peak_slope=2.001e-06  t_peak=211933  comparison cadence=423866  difference=0.16500  below=0/3
t=558824  fraction=0.18875  peak_slope=2.001e-06  t_peak=211933  comparison cadence=423866  difference=0.16375  below=0/3
t=559823  fraction=0.18875  peak_slope=2.001e-06  t_peak=211933  comparison cadence=423866  difference=0.16375  below=0/3
t=560823  fraction=0.19000  peak_slope=2.001e-06  t_peak=211933  comparison cadence=423866  difference=0.16500  below=0/3
t=561823  fraction=0.19000  peak_slope=2.001e-06  t_peak=211933  comparison cadence=423866  difference=0.16500  below=0/3
t=562822  fraction=0.19000  peak_slope=2.001e-06  t_peak=211933  comparison cadence=423866  difference=0.16500  below=0/3
t=563822  fraction=0.19000  peak_slope=2.001e-06  t_peak=211933  comparison cadence=423866  difference=0.16250  below=0/3
t=564822  fraction=0.19000  peak_slope=2.001e-06  t_peak=211933  comparison cadence=423866  difference=0.16125  below=0/3
t=565822  fraction=0.19125  peak_slope=2.001e-06  t_peak=211933  comparison cadence=423866  difference=0.16125  below=0/3
t=566821  fraction=0.19125  peak_slope=2.001e-06  t_peak=211933  comparison cadence=423866  difference=0.15875  below=0/3
t=567821  fraction=0.19250  peak_slope=2.001e-06  t_peak=211933  comparison cadence=423866  difference=0.15750  below=0/3
t=568821  fraction=0.19250  peak_slope=2.001e-06  t_peak=211933  comparison cadence=423866  difference=0.15750  below=0/3
t=569820  fraction=0.19250  peak_slope=2.001e-06  t_peak=211933  comparison cadence=423866  difference=0.15625  below=0/3
t=570820  fraction=0.19250  peak_slope=2.001e-06  t_peak=211933  comparison cadence=423866  difference=0.15625  below=0/3
t=571820  fraction=0.19250  peak_slope=2.001e-06  t_peak=211933  comparison cadence=423866  difference=0.15500  below=0/3
t=572819  fraction=0.19250  peak_slope=2.001e-06  t_peak=211933  comparison cadence=423866  difference=0.15500  below=0/3
t=573819  fraction=0.19250  peak_slope=2.001e-06  t_peak=211933  comparison cadence=423866  difference=0.15375  below=0/3
t=574819  fraction=0.19250  peak_slope=2.001e-06  t_peak=211933  comparison cadence=423866  difference=0.15375  below=0/3
t=575818  fraction=0.19250  peak_slope=2.001e-06  t_peak=211933  comparison cadence=423866  difference=0.15250  below=0/3
t=576818  fraction=0.19375  peak_slope=2.001e-06  t_peak=211933  comparison cadence=423866  difference=0.15250  below=0/3
t=577818  fraction=0.19500  peak_slope=2.001e-06  t_peak=211933  comparison cadence=423866  difference=0.15125  below=0/3
t=578817  fraction=0.19500  peak_slope=2.001e-06  t_peak=211933  comparison cadence=423866  difference=0.15000  below=0/3
t=579817  fraction=0.19500  peak_slope=2.001e-06  t_peak=211933  comparison cadence=423866  difference=0.14875  below=0/3
t=580817  fraction=0.19500  peak_slope=2.001e-06  t_peak=211933  comparison cadence=423866  difference=0.14875  below=0/3
t=581816  fraction=0.19625  peak_slope=2.001e-06  t_peak=211933  comparison cadence=423866  difference=0.15000  below=0/3
t=582816  fraction=0.19625  peak_slope=2.001e-06  t_peak=211933  comparison cadence=423866  difference=0.15000  below=0/3
t=583816  fraction=0.19625  peak_slope=2.001e-06  t_peak=211933  comparison cadence=423866  difference=0.15000  below=0/3
t=584816  fraction=0.19625  peak_slope=2.001e-06  t_peak=211933  comparison cadence=423866  difference=0.14875  below=0/3
t=585815  fraction=0.19625  peak_slope=2.001e-06  t_peak=211933  comparison cadence=423866  difference=0.14875  below=0/3
t=586815  fraction=0.19625  peak_slope=2.001e-06  t_peak=211933  comparison cadence=423866  difference=0.14625  below=0/3
t=587815  fraction=0.19625  peak_slope=2.001e-06  t_peak=211933  comparison cadence=423866  difference=0.14625  below=0/3
t=588814  fraction=0.19625  peak_slope=2.001e-06  t_peak=211933  comparison cadence=423866  difference=0.14625  below=0/3
t=589814  fraction=0.19625  peak_slope=2.001e-06  t_peak=211933  comparison cadence=423866  difference=0.14625  below=0/3
t=590814  fraction=0.19625  peak_slope=2.001e-06  t_peak=211933  comparison cadence=423866  difference=0.14625  below=0/3
t=591813  fraction=0.19625  peak_slope=2.001e-06  t_peak=211933  comparison cadence=423866  difference=0.14625  below=0/3
t=592813  fraction=0.19625  peak_slope=2.001e-06  t_peak=211933  comparison cadence=423866  difference=0.14500  below=0/3
t=593813  fraction=0.19625  peak_slope=2.001e-06  t_peak=211933  comparison cadence=423866  difference=0.14500  below=0/3
t=594812  fraction=0.19625  peak_slope=2.001e-06  t_peak=211933  comparison cadence=423866  difference=0.14375  below=0/3
t=595812  fraction=0.19625  peak_slope=2.001e-06  t_peak=211933  comparison cadence=423866  difference=0.14375  below=0/3
t=596812  fraction=0.19625  peak_slope=2.001e-06  t_peak=211933  comparison cadence=423866  difference=0.14375  below=0/3
t=597811  fraction=0.19625  peak_slope=2.001e-06  t_peak=211933  comparison cadence=423866  difference=0.14375  below=0/3
t=598811  fraction=0.19625  peak_slope=2.001e-06  t_peak=211933  comparison cadence=423866  difference=0.14250  below=0/3
t=599811  fraction=0.19625  peak_slope=2.001e-06  t_peak=211933  comparison cadence=423866  difference=0.14000  below=0/3
t=600810  fraction=0.19625  peak_slope=2.001e-06  t_peak=211933  comparison cadence=423866  difference=0.13750  below=0/3
t=601810  fraction=0.19750  peak_slope=2.001e-06  t_peak=211933  comparison cadence=423866  difference=0.13875  below=0/3
t=602810  fraction=0.19750  peak_slope=2.001e-06  t_peak=211933  comparison cadence=423866  difference=0.13750  below=0/3
t=603810  fraction=0.19750  peak_slope=2.001e-06  t_peak=211933  comparison cadence=423866  difference=0.13625  below=0/3
t=604809  fraction=0.19750  peak_slope=2.001e-06  t_peak=211933  comparison cadence=423866  difference=0.13625  below=0/3
t=605809  fraction=0.19750  peak_slope=2.001e-06  t_peak=211933  comparison cadence=423866  difference=0.13250  below=0/3
t=606809  fraction=0.19750  peak_slope=2.001e-06  t_peak=211933  comparison cadence=423866  difference=0.13000  below=0/3
t=607808  fraction=0.19750  peak_slope=2.001e-06  t_peak=211933  comparison cadence=423866  difference=0.13000  below=0/3
t=608808  fraction=0.19750  peak_slope=2.001e-06  t_peak=211933  comparison cadence=423866  difference=0.12875  below=0/3
t=609808  fraction=0.19750  peak_slope=2.001e-06  t_peak=211933  comparison cadence=423866  difference=0.12875  below=0/3
t=610807  fraction=0.19750  peak_slope=2.001e-06  t_peak=211933  comparison cadence=423866  difference=0.12625  below=0/3
t=611807  fraction=0.19750  peak_slope=2.001e-06  t_peak=211933  comparison cadence=423866  difference=0.12625  below=0/3
t=612807  fraction=0.19875  peak_slope=2.001e-06  t_peak=211933  comparison cadence=423866  difference=0.12750  below=0/3
t=613806  fraction=0.19875  peak_slope=2.001e-06  t_peak=211933  comparison cadence=423866  difference=0.12750  below=0/3
t=614806  fraction=0.20000  peak_slope=2.001e-06  t_peak=211933  comparison cadence=423866  difference=0.12750  below=0/3
t=615806  fraction=0.20000  peak_slope=2.001e-06  t_peak=211933  comparison cadence=423866  difference=0.12625  below=0/3
t=616805  fraction=0.20000  peak_slope=2.001e-06  t_peak=211933  comparison cadence=423866  difference=0.12500  below=0/3
t=617805  fraction=0.20000  peak_slope=2.001e-06  t_peak=211933  comparison cadence=423866  difference=0.12375  below=0/3
t=618805  fraction=0.20000  peak_slope=2.001e-06  t_peak=211933  comparison cadence=423866  difference=0.12250  below=0/3
t=619804  fraction=0.20000  peak_slope=2.001e-06  t_peak=211933  comparison cadence=423866  difference=0.12125  below=0/3
t=620804  fraction=0.20000  peak_slope=2.001e-06  t_peak=211933  comparison cadence=423866  difference=0.12125  below=0/3
t=621804  fraction=0.20000  peak_slope=2.001e-06  t_peak=211933  comparison cadence=423866  difference=0.12000  below=0/3
t=622804  fraction=0.20000  peak_slope=2.001e-06  t_peak=211933  comparison cadence=423866  difference=0.12000  below=0/3
t=623803  fraction=0.20000  peak_slope=2.001e-06  t_peak=211933  comparison cadence=423866  difference=0.11750  below=0/3
t=624803  fraction=0.20000  peak_slope=2.001e-06  t_peak=211933  comparison cadence=423866  difference=0.11500  below=0/3
t=625803  fraction=0.20000  peak_slope=2.001e-06  t_peak=211933  comparison cadence=423866  difference=0.11500  below=0/3
t=626802  fraction=0.20000  peak_slope=2.001e-06  t_peak=211933  comparison cadence=423866  difference=0.11500  below=0/3
t=627802  fraction=0.20000  peak_slope=2.001e-06  t_peak=211933  comparison cadence=423866  difference=0.11500  below=0/3
t=628802  fraction=0.20000  peak_slope=2.001e-06  t_peak=211933  comparison cadence=423866  difference=0.11500  below=0/3
t=629801  fraction=0.20000  peak_slope=2.001e-06  t_peak=211933  comparison cadence=423866  difference=0.11500  below=0/3
t=630801  fraction=0.20000  peak_slope=2.001e-06  t_peak=211933  comparison cadence=423866  difference=0.11375  below=0/3
t=631801  fraction=0.20000  peak_slope=2.001e-06  t_peak=211933  comparison cadence=423866  difference=0.11125  below=0/3
t=632800  fraction=0.20000  peak_slope=2.001e-06  t_peak=211933  comparison cadence=423866  difference=0.11000  below=0/3
t=633800  fraction=0.20000  peak_slope=2.001e-06  t_peak=211933  comparison cadence=423866  difference=0.10875  below=0/3
t=634800  fraction=0.20000  peak_slope=2.001e-06  t_peak=211933  comparison cadence=423866  difference=0.10750  below=0/3
t=635799  fraction=0.20000  peak_slope=2.001e-06  t_peak=211933  comparison cadence=423866  difference=0.10375  below=0/3
t=636799  fraction=0.20125  peak_slope=2.001e-06  t_peak=211933  comparison cadence=423866  difference=0.10500  below=0/3
t=637799  fraction=0.20125  peak_slope=2.001e-06  t_peak=211933  comparison cadence=423866  difference=0.10500  below=0/3
t=638799  fraction=0.20125  peak_slope=2.001e-06  t_peak=211933  comparison cadence=423866  difference=0.10375  below=0/3
t=639798  fraction=0.20125  peak_slope=2.001e-06  t_peak=211933  comparison cadence=423866  difference=0.10250  below=0/3
t=640798  fraction=0.20125  peak_slope=2.001e-06  t_peak=211933  comparison cadence=423866  difference=0.10125  below=0/3
t=641798  fraction=0.20125  peak_slope=2.001e-06  t_peak=211933  comparison cadence=423866  difference=0.10125  below=0/3
t=642797  fraction=0.20125  peak_slope=2.001e-06  t_peak=211933  comparison cadence=423866  difference=0.10000  below=0/3
t=643797  fraction=0.20125  peak_slope=2.001e-06  t_peak=211933  comparison cadence=423866  difference=0.09875  below=0/3
t=644797  fraction=0.20125  peak_slope=2.001e-06  t_peak=211933  comparison cadence=423866  difference=0.09625  below=0/3
t=645796  fraction=0.20125  peak_slope=2.001e-06  t_peak=211933  comparison cadence=423866  difference=0.09625  below=0/3
t=646796  fraction=0.20125  peak_slope=2.001e-06  t_peak=211933  comparison cadence=423866  difference=0.09625  below=0/3
t=647796  fraction=0.20125  peak_slope=2.001e-06  t_peak=211933  comparison cadence=423866  difference=0.09625  below=0/3
t=648795  fraction=0.20125  peak_slope=2.001e-06  t_peak=211933  comparison cadence=423866  difference=0.09500  below=0/3
t=649795  fraction=0.20125  peak_slope=2.001e-06  t_peak=211933  comparison cadence=423866  difference=0.09375  below=0/3
t=650795  fraction=0.20125  peak_slope=2.001e-06  t_peak=211933  comparison cadence=423866  difference=0.09250  below=0/3
t=651794  fraction=0.20125  peak_slope=2.001e-06  t_peak=211933  comparison cadence=423866  difference=0.09125  below=0/3
t=652794  fraction=0.20125  peak_slope=2.001e-06  t_peak=211933  comparison cadence=423866  difference=0.09125  below=0/3
t=653794  fraction=0.20125  peak_slope=2.001e-06  t_peak=211933  comparison cadence=423866  difference=0.09125  below=0/3
t=654793  fraction=0.20125  peak_slope=2.001e-06  t_peak=211933  comparison cadence=423866  difference=0.09000  below=0/3
t=655793  fraction=0.20125  peak_slope=2.001e-06  t_peak=211933  comparison cadence=423866  difference=0.08875  below=0/3
t=656793  fraction=0.20125  peak_slope=2.001e-06  t_peak=211933  comparison cadence=423866  difference=0.08875  below=0/3
t=657793  fraction=0.20125  peak_slope=2.001e-06  t_peak=211933  comparison cadence=423866  difference=0.08875  below=0/3
t=658792  fraction=0.20125  peak_slope=2.001e-06  t_peak=211933  comparison cadence=423866  difference=0.08625  below=0/3
t=659792  fraction=0.20250  peak_slope=2.001e-06  t_peak=211933  comparison cadence=423866  difference=0.08625  below=0/3
t=660792  fraction=0.20250  peak_slope=2.001e-06  t_peak=211933  comparison cadence=423866  difference=0.08625  below=0/3
t=661791  fraction=0.20250  peak_slope=2.001e-06  t_peak=211933  comparison cadence=423866  difference=0.08500  below=0/3
t=662791  fraction=0.20250  peak_slope=2.001e-06  t_peak=211933  comparison cadence=423866  difference=0.08500  below=0/3
t=663791  fraction=0.20375  peak_slope=2.001e-06  t_peak=211933  comparison cadence=423866  difference=0.08625  below=0/3
t=664790  fraction=0.20500  peak_slope=2.001e-06  t_peak=211933  comparison cadence=423866  difference=0.08625  below=0/3
t=665790  fraction=0.20500  peak_slope=2.001e-06  t_peak=211933  comparison cadence=423866  difference=0.08625  below=0/3
t=666790  fraction=0.20500  peak_slope=2.001e-06  t_peak=211933  comparison cadence=423866  difference=0.08500  below=0/3
t=667789  fraction=0.20625  peak_slope=2.001e-06  t_peak=211933  comparison cadence=423866  difference=0.08500  below=0/3
t=668789  fraction=0.20625  peak_slope=2.001e-06  t_peak=211933  comparison cadence=423866  difference=0.08375  below=0/3
t=669789  fraction=0.20625  peak_slope=2.001e-06  t_peak=211933  comparison cadence=423866  difference=0.08375  below=0/3
t=670788  fraction=0.20625  peak_slope=2.001e-06  t_peak=211933  comparison cadence=423866  difference=0.08375  below=0/3
t=671788  fraction=0.20625  peak_slope=2.001e-06  t_peak=211933  comparison cadence=423866  difference=0.08375  below=0/3
