==========================================
Mass Fraction MPI Run
==========================================
Date:               Tue Sep 22 05:59:02 CDT 2026
Host:               ac001
Array job ID:       2151701
Array task ID:      3
MPI ranks:          4
CPUs per task:      1
Nodes allocated:    1
Python:             /scratch/user/u.hm357857/.conda/envs/comets/bin/python
Conda environment:  /scratch/user/u.hm357857/.conda/envs/comets
==========================================

2.1315003126536416
1.0268958292909383
2.0286038376609095
0.7009639348716664
0.4841252702289852
2.442315901244352
0.6450496897928921
1.768827764683155
0.9565816314544822
1.5670627515260458
1.918678182009336
0.8067746557654364
0.3360190592359915
1.4851562693811515
0.3064595308764042
0.552421369048733
0.8972159122752186
1.8695930703368788
2.360334083640803
1.654319000281003
1.8830037034695657
0.7640786440183218
1.9046164273237647
1.967646520234016
1.2505148040947265
1.4301371650118886
1.7524630629138565
1.2105415775483328
2.207661281403886
1.093441968748603
1.8698898933586534
0.8660318069305317
0.9323869708864893
1.205389418554476
0.3508554549567193
1.2253569093401597
0.7876260550989439
2.2599581569154097
0.2520436284301467
0.37041136819551457
0.8512515325834832
2.269284447822759
1.5348548852478006
2.1727854417238706
1.6070099851031991
2.3462027183666176
1.233894410353515
0.9299941194303591
1.3071440158030898
1.0900352881492221
0.7542096146172849
0.36349103953014184
1.0258817782407927
2.484850881806826
1.9940032984466218
0.9159216394295202
0.5665222192833655
0.9374340895456237
0.9163402477714752
0.33105310731564697
1.675817491005075
1.6313568270244967
2.122352870278096
2.432601281984582
1.9039156865308233
0.48116452711517654
2.0641486905863484
1.0150853643888416
1.1760377475691008
1.2503948807061325
0.3327653789901869
1.4356102826398898
1.9759462416950055
0.9802326315738661
0.7667230522924898
0.4486524288517679
0.5197511140650726
0.9595329169733804
1.2565375370981537
1.9316199451803533
2.09222050507821
2.4492959580103983
0.8513256396160223
0.8254665961865629
2.2349926196812513
1.5572315642701169
1.0814226896481403
0.8300331095371615
0.8465696755639526
1.8274304133280277
2.3584816362469705
1.0218234365524328
1.7562019223710772
1.733431499092266
0.29335451770498955
2.3104398019451255
1.0182650058950178
1.4982469651593087
0.9688633682560468
2.342178249651041
0.7375642123543964
0.6405828362564887
0.8381801062680465
0.30310632417086114
1.5709106521191267
2.144571759308688
0.5741545805014834
0.49021179282263505
1.0438450158344517
2.4685974627532725
1.608890035845148
0.3169664021071612
1.3266396768027582
2.3253732480108495
0.47587413352063146
1.6488020982821812
2.381527943185567
2.2083987014311384
1.440466860500169
0.5528997052352957
1.7234016404378494
0.973143264520967
1.192558331957726
2.44560021438057
2.423446319427077
1.7922969100598598
2.2583597629630763
1.5476760116261714
0.7556764827532364
0.9035767081229398
0.5098172271583608
0.5407838560702058
0.7654898023699119
0.5617762675252501
1.0765034563150393
2.302569726486914
1.7013288532364443
1.121938754754069
1.7710070246988492
1.6793732548052298
1.7239466476991347
1.2730004002619477
2.0598768934500438
2.3275409964711264
0.2504995021846226
2.2142024418720805
1.046066042869996
2.1183201275438632
1.000409320793406
1.7126710551952573
0.4017780389958081
1.5225900346854007
0.9418152578094866
1.1022702130686115
0.2533929675206859
2.28107140889939
1.1238565801064513
1.2148145911339565
1.947571357056635
2.247898693150982
2.075114147139711
0.5844398863362388
2.0045011085455084
1.9091882632027657
0.6986849035228587
2.457612153169844
0.8129189145562759
0.5803418574929395
1.6741460961543588
1.0640895659113228
0.37667357779372357
0.9460586237055563
1.675485264381793
1.9733017624880989
1.906561116831452
1.4565265654980302
1.849960732801644
0.39241084479639876
2.0813088333069176
0.48715997490199925
1.5949031542055507
1.8242162159688835
2.4049374494607605
0.8246108964022706
0.8610428448325516
2.272638352430388
0.8916540975760958
2.0751163066293294
2.166681625588647
1.0565935395917545
1.7313739527176568
1.2435726186893221
0.6898292203548145
0.990469342139454
2.1066220680421157
1.1878066724761698
2.1833504319153576
2.3603031234925584
2.2161464601010596
2.2245572238616034
0.3699913194874435
2.067444766541563
0.6721624056829667
0.6800051705866645
0.4983427124759783
0.949370595850646
2.2847364289066046
0.3589300713703726
1.1723353585488105
0.7927443181692656
0.818379022368861
0.6362140222397255
1.5864888127047543
0.48048761710289206
2.1188281243480716
0.30602609975192363
2.126374046107312
2.3587560680305684
0.7494995082899305
0.517252017918174
0.8201842988263497
0.6345420722627814
1.4145528812188681
1.7953011616167946
1.7494138097313803
1.5586638352901143
1.3480419967663881
1.3623376725288139
1.9485035862894542
1.8157901518763373
0.7253984216676741
2.11773558108837
2.1447431593475272
2.0471541438504355
1.4704724725817993
0.8137116249952248
2.090110105869675
2.0839080291937373
1.9440249644978285
0.29755161973474886
1.742523395382357
1.0922826841026467
2.071980562468661
1.21099517822751
2.2073302798242906
1.6992921858043541
1.2689756841830568
0.6753604462777418
1.2332297726013086
2.4736554192625135
1.93181996710851
1.7990211177512796
1.0942945477454782
0.5662593148661881
1.4561224437948626
1.5355983773952067
0.5725506226387496
1.556520060078136
1.1429031203496864
0.5719467468191294
0.28522530149713343
2.247645578853963
0.4316057436192686
0.7277198508354978
2.284755775446783
0.46576251959187376
2.4126956406049955
2.4545749766275726
1.9484882695249457
2.0421843625726863
1.959399197787024
0.2943450731304769
1.8919767300764154
2.339420107467717
1.8973322745367216
1.9128133991287397
1.2838791522455613
0.8134998238252054
1.6434518275364323
1.673862236767822
2.1851047411767417
0.5114599564055018
0.7927269750359629
1.7508016409478653
2.394645285145778
2.1527827245021753
1.798461335965171
1.8356387976283355
0.6771537870754323
2.3346799117246815
2.393386996549008
0.9683468519659674
0.8252214306621793
0.6323373046129037
2.0402999152831436
1.7089972853848616
2.107157843357813
2.331186596283608
1.9401526333790193
1.7797792399665808
1.8591730172492393
0.46331317090884605
1.8643004209956804
2.2133539513231657
2.3805226760863016
2.1642577670166245
0.3011910218009827
2.0920810800651957
1.1196745310200547
0.2901914522171016
1.774640400409852
0.7765746742085996
0.43638387400676987
2.2170998918594544
1.0350058114505156
2.2838534410410807
0.6764860948602931
2.1708146040532816
0.7316490861704507
1.7621312666600504
0.8777555203191126
2.260482826528887
1.3722719972121857
0.8982863357656995
1.5160078928612757
0.8203348186658307
0.7868910695848552
1.0920876951084808
0.9655044190121631
0.6739825519868936
1.8413681065203669
1.5520796365780338
1.9048393677295103
1.2383016616968194
2.150046579206059
0.7464462901898579
1.2043315644242618
0.7900218054330767
0.3719025296192715
1.2140784430056193
1.3730934871777618
1.7766590975244918
2.4696614418936105
1.8256123176061487
2.120706981875149
0.6199962531596683
0.5092239525096052
1.740988244628815
0.9806634513926618
1.5445040074470935
2.195036403803962
2.111564373527917
2.2287117543781143
2.068721136603404
1.641479456692714
2.3856836894245927
2.4664440875581213
1.3914716973039807
1.578148326503193
1.619563867491311
1.859963178498949
0.9128298024260248
0.6027779074638139
1.1346540429520413
2.2367270229278433
1.6744175090522437
0.25403873305491886
1.7175330468941483
1.0295334296658551
1.32890466734623
1.4667985545222968
1.2133858731211649
1.2050104753946749
0.6568614085274367
2.2762452875801062
2.0615086901052675
0.2797519108527596
1.1954169753140704
1.9477551978956986
0.9611396469668059
0.6008973824979018
2.102387129539803
1.3888507453006707
1.5663950713731865
1.5186608044983272
1.6191730509640636
0.9924572778430285
1.7834280744420354
1.2583082274696857
1.258549770153562
0.982136217196469
1.4246111468559417
1.4859239817628271
2.0710182631818714
1.0790697887505507
1.9365986413812286
1.6130687835368114
1.0895208522456672
0.35576048982839525
1.7401867056607183
0.3038380367060134
1.11196644751605
1.2070718381951009
0.31433133113655
1.0677557929820198
0.2503994536155397
1.867061585896447
1.0184714105244412
1.8316380457468893
2.180701086739152
0.41866717037654283
1.2360423209638796
1.882758503351095
0.4352502944009544
0.2941470255554498
2.332768512774104
1.737428103342633
1.9926266892817308
0.40395586352741575
2.1194015844066465
0.7277240279492085
0.507078380348267
1.4451389043924119
2.095627043983054
0.772570134725489
0.40614891737163006
0.8625764677206713
0.5417988772835506
2.039077475448925
0.9545967496881755
0.3721185181611875
2.0228146217314613
2.0207369911531896
0.9950592075157777
0.9822856912573698
0.94913225064774
0.5336132889536753
2.0070120374697944
0.8013133696319591
2.3406182807096907
1.0486710039345164
2.2315653778976756
0.48517766581170607
2.452202586957319
1.2526501796409395
2.2725091424622184
1.939523830315658
1.7561766309383462
0.4955820224966238
0.5736307445169729
1.9353991962445747
0.3141481935964928
0.6772860976159096
1.2201681124665775
0.7888697864832892
1.0534526267272888
0.9806570860761513
1.1844635839091016
1.3021103728221002
1.8463156671030843
2.1446221171316315
0.8391090926880491
0.9667529210380358
0.4430837421987543
2.355078538583176
2.427053786152556
1.3565244489294164
1.6974757357444643
1.0569056977627735
0.9848313219188153
1.771867454908719
1.0008760830925585
2.4515289616467584
1.8321503919602276
1.5244580738117737
0.6828256625472081
2.3189244416749952
0.882101934419157
1.6568042469009323
0.5282353825529051
1.9318322814657698
1.4709363482774451
0.6475278070045967
0.6844380310021884
2.3726081590029824
2.123711239431321
1.0585361278879972
0.918686833776255
1.9657340253461926
1.8881955729548143
0.43307075170533027
0.2870835964005417
1.5542321215619985
2.375739478929499
0.43845694338782226
0.5274221796968879
0.43803537949217375
2.2780275920064197
0.923409177796902
0.9751370501882025
0.6126709968489168
0.6702784917389792
1.835333709792519
0.6868993841018141
2.4973639531503298
0.35774509472688
2.0539529187292613
2.369492575634213
1.339398301946385
0.646834978065013
1.9437211060815183
0.567713628441266
0.4023185405942649
0.27188170745483575
1.7340993650068361
0.7525814112551401
0.29908279872141763
2.3057591947658556
1.4449414684650819
1.764891735277801
2.305714401597045
1.4453088877165072
0.6594207413653899
1.9460364331618345
0.6073573443351827
1.7924615261964174
2.490358518099653
0.4406136732410558
2.4396036296500934
2.2711831720328974
1.3295670440443388
1.176592090654888
0.46774425518661616
1.2680018319327737
1.2013361024430382
0.786204101354032
1.78069952101781
1.0695945803527285
1.3257831730397016
1.947547375484087
0.7066767535866249
2.26447785227642
2.3228246911694668
0.45733714171208284
0.5915626278655424
1.9546839390691253
0.5965159028789775
1.6999102473321388
2.3301100521500135
1.8743324500636236
2.323034539550769
0.9494652054437692
1.2465015588007842
0.5232451683899547
2.2235372447775275
0.6896470544221761
2.3919466707522496
1.7669497372515648
2.2209541436767797
1.7086107242942647
0.30358386307627216
2.409126911372219
0.2612887007655642
1.770991907285762
0.40991489795534974
1.1474436895958005
2.1632927292700286
1.307920494244322
2.351641702166505
1.0380389328345925
0.2897460319739319
0.9305635408054167
0.49939578585672706
1.6635306780623338
1.978941952352169
2.315522134353249
2.1669828098191877
1.8513034942598887
0.9539597733617563
1.0626516420789511
1.8530689715277604
0.6046327776066026
1.3684347582729313
1.6279491670762687
0.7919776612546066
1.358124363952766
2.073291652297159
1.8489984856577408
0.3438896209896407
0.7364789048396969
0.5962887143580511
0.49282841261461374
2.29888345274983
1.6671926608802246
0.5196822989747469
0.5673583325069771
1.712117794247829
1.6733421916264168
1.4710889380943863
1.96077848492132
1.5551687583882374
1.6661535180794806
2.3620600256610027
0.8305136347126412
0.2755995797535427
1.5135240481091818
1.9375423727797612
2.1037378628386927
0.7393250881356734
2.251642720232247
0.8704806139291741
1.0354370505433321
1.364697073283943
0.4263763734630322
2.4107654859891468
1.4344797104859208
1.4425428846516217
1.3193599672933505
1.2436703602975299
0.8901854890019625
2.207823435976283
0.6778496901890575
0.4977494964622077
1.920233383022365
1.9014336657706468
1.2211155444773376
2.0573606526189496
1.5459141343765563
0.3640717118159831
0.8406073828029782
0.667236260082159
1.8085025731532633
0.646473981361401
1.3018610529206311
1.7206190906865089
0.645837639221079
0.7246344134356768
1.051507712281047
1.3263109829647766
0.6657052960083462
2.4696740255028486
2.4659284503646997
1.4953922678717269
2.3071771306466213
1.7743245537200039
1.1555333006211725
2.1809959534517356
2.212768294476127
1.0713742422448145
0.5177943222146844
0.9731353956932554
1.3821219702221974
0.40142850977486355
1.1361674779001283
0.38999192074056566
2.416556278001966
0.8073531780973295
0.6959678259331666
1.0682805963594488
1.407277739960265
0.8838641513874312
1.5144119365275492
1.2593759247302625
0.5765767790237722
1.9084918983910757
2.2710170651836363
1.364649267636169
2.104698744096083
1.5287666970272777
1.3457780449154908
1.4874904982215378
0.47590087700735506
1.1394948599483334
0.4393144790376632
1.1941155694158536
1.3698838681369911
2.166123022163785
0.8326892241239617
2.189903989108741
0.5562200957682383
2.2487868926611165
1.8308912617350501
1.340535005554664
2.4538216961928656
0.7825156501996
0.7966172980608852
1.2757109975955219
1.497353093505332
0.71072304761287
2.1489786499662644
1.9420470959197897
2.369897589791258
2.135657881274659
1.7341968405538644
0.5932220523459285
1.8697774510703427
1.8443340419974297
1.2191821611158713
1.5939754435242508
0.5186841273247244
0.6189507311597753
1.649100464760555
0.5410210153392699
1.824659408430235
1.3619945406888965
1.51983017772559
0.6299278787745929
2.289280748875939
0.3018556140869113
0.5378241496888704
0.47082604881312917
2.377878073225034
1.719873801373837
1.0859107775192212
1.4568383181053683
2.4445441402625585
2.038102332097911
1.6388776064774102
1.8833742964085545
0.6428797675857678
2.400679025545294
1.1906189221866694
0.3093945227052497
0.6981658487187556
2.266853679901806
2.192535267990988
1.654040578342233
1.8631414091964054
2.32202797176966
0.7407219224224428
1.0035774097078352
1.9926530976016088
1.5716177459487422
1.2736860933642804
1.9272754945521973
2.1500519989526365
1.9696850055895867
2.2300217524235224
1.8385894750001055
0.41247107902254676
1.4776805961887673
2.386329433995984
2.3994189654332456
0.9367525266798608
2.223677123419178
1.0118873189657953
1.627939003274424
0.33343688408547645
1.810711542661979
0.855923099656712
2.367506305076539
1.9522629803932594
1.5916928026743888
1.1982954666851469
2.248831961107645
1.281104400448194
1.4343420594348064
1.9549385515958373
1.772044256953142
0.5047757739797423
1.243250801695172
0.5908644221990038
0.5735433192589322
0.5080344793679633
2.215341533126099
1.0371797797639977
0.6899365075344972
1.904246928650926
1.6256132036526025
0.6738296972234312
1.4228485662145516
2.0932455522464712
2.131751764068116
0.3587784170496806
0.7582273908765746
1.547922813465599
1.9943485998853996
0.7781262972913014
1.2102030672516704
0.7107084516816549
0.7483912110364056
1.0835113857390246
1.6280404543532982
1.4225738319633336
1.5230474444266333
1.325030485589489
1.5842001189455746
0.8714971648188832
2.402752292543986
0.6846385660898661
1.7170128050007525
1.506907842614461
0.7133122505286241
1.4525764074508258
1.2139750207138054
2.1997534686069993
2.2820157152071987
Running 800 simulations with 4 MPI ranks
Rank 0: 200 simulations
0.48901363687699384
0.6515559656145159
Rank 2: 200 simulations
0.5275656691815205
Rank 1: 200 simulations
Rank 3: 200 simulations
t=147907  fraction=0.15125  peak_slope=3.252e-06  t_peak=73953  comparison cadence=147907  difference=0.15125  below=0/3
t=148906  fraction=0.15250  peak_slope=3.252e-06  t_peak=73953  comparison cadence=147907  difference=0.15250  below=0/3
t=149906  fraction=0.15250  peak_slope=3.252e-06  t_peak=73953  comparison cadence=147907  difference=0.15250  below=0/3
t=150905  fraction=0.15250  peak_slope=3.252e-06  t_peak=73953  comparison cadence=147907  difference=0.15250  below=0/3
t=151904  fraction=0.15250  peak_slope=3.252e-06  t_peak=73953  comparison cadence=147907  difference=0.15250  below=0/3
t=152904  fraction=0.15375  peak_slope=3.252e-06  t_peak=73953  comparison cadence=147907  difference=0.15375  below=0/3
t=153903  fraction=0.15500  peak_slope=3.252e-06  t_peak=73953  comparison cadence=147907  difference=0.15500  below=0/3
t=154903  fraction=0.15500  peak_slope=3.252e-06  t_peak=73953  comparison cadence=147907  difference=0.15500  below=0/3
t=155902  fraction=0.15625  peak_slope=3.252e-06  t_peak=73953  comparison cadence=147907  difference=0.15625  below=0/3
t=156901  fraction=0.15625  peak_slope=3.252e-06  t_peak=73953  comparison cadence=147907  difference=0.15625  below=0/3
t=157901  fraction=0.15875  peak_slope=3.252e-06  t_peak=73953  comparison cadence=147907  difference=0.15875  below=0/3
t=158900  fraction=0.16000  peak_slope=3.252e-06  t_peak=73953  comparison cadence=147907  difference=0.16000  below=0/3
t=159899  fraction=0.16125  peak_slope=3.252e-06  t_peak=73953  comparison cadence=147907  difference=0.16125  below=0/3
t=160899  fraction=0.16125  peak_slope=3.252e-06  t_peak=73953  comparison cadence=147907  difference=0.16125  below=0/3
t=161898  fraction=0.16125  peak_slope=3.252e-06  t_peak=73953  comparison cadence=147907  difference=0.16125  below=0/3
t=162897  fraction=0.16125  peak_slope=3.252e-06  t_peak=73953  comparison cadence=147907  difference=0.16125  below=0/3
t=163897  fraction=0.16375  peak_slope=3.252e-06  t_peak=73953  comparison cadence=147907  difference=0.16375  below=0/3
t=164896  fraction=0.16375  peak_slope=3.252e-06  t_peak=73953  comparison cadence=147907  difference=0.16375  below=0/3
t=165896  fraction=0.16375  peak_slope=3.252e-06  t_peak=73953  comparison cadence=147907  difference=0.16375  below=0/3
t=166895  fraction=0.16375  peak_slope=3.252e-06  t_peak=73953  comparison cadence=147907  difference=0.16375  below=0/3
t=167894  fraction=0.16500  peak_slope=3.252e-06  t_peak=73953  comparison cadence=147907  difference=0.16500  below=0/3
t=168894  fraction=0.16625  peak_slope=3.252e-06  t_peak=73953  comparison cadence=147907  difference=0.16625  below=0/3
t=169893  fraction=0.16625  peak_slope=3.252e-06  t_peak=73953  comparison cadence=147907  difference=0.16625  below=0/3
t=170892  fraction=0.16750  peak_slope=3.252e-06  t_peak=73953  comparison cadence=147907  difference=0.16750  below=0/3
t=171892  fraction=0.16875  peak_slope=3.252e-06  t_peak=73953  comparison cadence=147907  difference=0.16875  below=0/3
t=172891  fraction=0.16875  peak_slope=3.252e-06  t_peak=73953  comparison cadence=147907  difference=0.16875  below=0/3
t=173891  fraction=0.16875  peak_slope=3.252e-06  t_peak=73953  comparison cadence=147907  difference=0.16875  below=0/3
t=174890  fraction=0.17000  peak_slope=3.252e-06  t_peak=73953  comparison cadence=147907  difference=0.17000  below=0/3
t=175889  fraction=0.17125  peak_slope=3.252e-06  t_peak=73953  comparison cadence=147907  difference=0.17125  below=0/3
t=176889  fraction=0.17125  peak_slope=3.252e-06  t_peak=73953  comparison cadence=147907  difference=0.17125  below=0/3
t=177888  fraction=0.17125  peak_slope=3.252e-06  t_peak=73953  comparison cadence=147907  difference=0.17125  below=0/3
t=178887  fraction=0.17250  peak_slope=3.252e-06  t_peak=73953  comparison cadence=147907  difference=0.17250  below=0/3
t=179887  fraction=0.17250  peak_slope=3.252e-06  t_peak=73953  comparison cadence=147907  difference=0.17250  below=0/3
t=180886  fraction=0.17250  peak_slope=3.252e-06  t_peak=73953  comparison cadence=147907  difference=0.17250  below=0/3
t=181886  fraction=0.17250  peak_slope=3.252e-06  t_peak=73953  comparison cadence=147907  difference=0.17250  below=0/3
t=182885  fraction=0.17625  peak_slope=3.252e-06  t_peak=73953  comparison cadence=147907  difference=0.17625  below=0/3
t=183884  fraction=0.17625  peak_slope=3.252e-06  t_peak=73953  comparison cadence=147907  difference=0.17625  below=0/3
t=184884  fraction=0.17750  peak_slope=3.252e-06  t_peak=73953  comparison cadence=147907  difference=0.17750  below=0/3
t=185883  fraction=0.17750  peak_slope=3.252e-06  t_peak=73953  comparison cadence=147907  difference=0.17750  below=0/3
t=186882  fraction=0.17750  peak_slope=3.252e-06  t_peak=73953  comparison cadence=147907  difference=0.17750  below=0/3
t=187882  fraction=0.17875  peak_slope=3.252e-06  t_peak=73953  comparison cadence=147907  difference=0.17875  below=0/3
t=188881  fraction=0.18000  peak_slope=3.252e-06  t_peak=73953  comparison cadence=147907  difference=0.18000  below=0/3
t=189881  fraction=0.18375  peak_slope=3.252e-06  t_peak=73953  comparison cadence=147907  difference=0.18375  below=0/3
t=190880  fraction=0.18500  peak_slope=3.252e-06  t_peak=73953  comparison cadence=147907  difference=0.18500  below=0/3
t=191879  fraction=0.18625  peak_slope=3.252e-06  t_peak=73953  comparison cadence=147907  difference=0.18625  below=0/3
t=192879  fraction=0.18625  peak_slope=3.252e-06  t_peak=73953  comparison cadence=147907  difference=0.18625  below=0/3
t=193878  fraction=0.18625  peak_slope=3.252e-06  t_peak=73953  comparison cadence=147907  difference=0.18625  below=0/3
t=194877  fraction=0.18625  peak_slope=3.252e-06  t_peak=73953  comparison cadence=147907  difference=0.18625  below=0/3
t=195877  fraction=0.18625  peak_slope=3.252e-06  t_peak=73953  comparison cadence=147907  difference=0.18625  below=0/3
t=196876  fraction=0.18750  peak_slope=3.252e-06  t_peak=73953  comparison cadence=147907  difference=0.18750  below=0/3
t=197875  fraction=0.18875  peak_slope=3.252e-06  t_peak=73953  comparison cadence=147907  difference=0.18875  below=0/3
t=198875  fraction=0.19000  peak_slope=3.252e-06  t_peak=73953  comparison cadence=147907  difference=0.19000  below=0/3
t=199874  fraction=0.19000  peak_slope=3.252e-06  t_peak=73953  comparison cadence=147907  difference=0.19000  below=0/3
t=200874  fraction=0.19250  peak_slope=3.252e-06  t_peak=73953  comparison cadence=147907  difference=0.19250  below=0/3
t=201873  fraction=0.19375  peak_slope=3.252e-06  t_peak=73953  comparison cadence=147907  difference=0.19000  below=0/3
t=202872  fraction=0.19500  peak_slope=3.252e-06  t_peak=73953  comparison cadence=147907  difference=0.19125  below=0/3
t=203872  fraction=0.19500  peak_slope=3.252e-06  t_peak=73953  comparison cadence=147907  difference=0.19125  below=0/3
t=204871  fraction=0.19500  peak_slope=3.252e-06  t_peak=73953  comparison cadence=147907  difference=0.19125  below=0/3
t=205870  fraction=0.19500  peak_slope=3.252e-06  t_peak=73953  comparison cadence=147907  difference=0.19000  below=0/3
t=206870  fraction=0.19500  peak_slope=3.252e-06  t_peak=73953  comparison cadence=147907  difference=0.19000  below=0/3
t=207869  fraction=0.19625  peak_slope=3.252e-06  t_peak=73953  comparison cadence=147907  difference=0.19000  below=0/3
t=208869  fraction=0.19625  peak_slope=3.252e-06  t_peak=73953  comparison cadence=147907  difference=0.18875  below=0/3
t=209868  fraction=0.19625  peak_slope=3.252e-06  t_peak=73953  comparison cadence=147907  difference=0.18625  below=0/3
t=210867  fraction=0.19625  peak_slope=3.252e-06  t_peak=73953  comparison cadence=147907  difference=0.18375  below=0/3
t=211867  fraction=0.19625  peak_slope=3.252e-06  t_peak=73953  comparison cadence=147907  difference=0.18125  below=0/3
t=212866  fraction=0.19750  peak_slope=3.252e-06  t_peak=73953  comparison cadence=147907  difference=0.18125  below=0/3
t=213865  fraction=0.19750  peak_slope=3.252e-06  t_peak=73953  comparison cadence=147907  difference=0.17875  below=0/3
t=214865  fraction=0.20000  peak_slope=3.252e-06  t_peak=73953  comparison cadence=147907  difference=0.17875  below=0/3
t=215864  fraction=0.20000  peak_slope=3.252e-06  t_peak=73953  comparison cadence=147907  difference=0.17750  below=0/3
t=216864  fraction=0.20000  peak_slope=3.252e-06  t_peak=73953  comparison cadence=147907  difference=0.17625  below=0/3
t=217863  fraction=0.20000  peak_slope=3.252e-06  t_peak=73953  comparison cadence=147907  difference=0.17125  below=0/3
t=218862  fraction=0.20000  peak_slope=3.252e-06  t_peak=73953  comparison cadence=147907  difference=0.16750  below=0/3
t=219862  fraction=0.20000  peak_slope=3.252e-06  t_peak=73953  comparison cadence=147907  difference=0.16625  below=0/3
t=220861  fraction=0.20000  peak_slope=3.252e-06  t_peak=73953  comparison cadence=147907  difference=0.16250  below=0/3
t=221860  fraction=0.20000  peak_slope=3.252e-06  t_peak=73953  comparison cadence=147907  difference=0.16000  below=0/3
t=222860  fraction=0.20000  peak_slope=3.252e-06  t_peak=73953  comparison cadence=147907  difference=0.15625  below=0/3
t=223859  fraction=0.20125  peak_slope=3.252e-06  t_peak=73953  comparison cadence=147907  difference=0.15500  below=0/3
t=224859  fraction=0.20125  peak_slope=3.252e-06  t_peak=73953  comparison cadence=147907  difference=0.15375  below=0/3
t=225858  fraction=0.20250  peak_slope=3.252e-06  t_peak=73953  comparison cadence=147907  difference=0.15500  below=0/3
t=226857  fraction=0.20250  peak_slope=3.252e-06  t_peak=73953  comparison cadence=147907  difference=0.15250  below=0/3
t=227857  fraction=0.20250  peak_slope=3.252e-06  t_peak=73953  comparison cadence=147907  difference=0.15250  below=0/3
t=228856  fraction=0.20250  peak_slope=3.252e-06  t_peak=73953  comparison cadence=147907  difference=0.15000  below=0/3
t=229855  fraction=0.20250  peak_slope=3.252e-06  t_peak=73953  comparison cadence=147907  difference=0.14875  below=0/3
t=230855  fraction=0.20250  peak_slope=3.252e-06  t_peak=73953  comparison cadence=147907  difference=0.14500  below=0/3
t=231854  fraction=0.20250  peak_slope=3.252e-06  t_peak=73953  comparison cadence=147907  difference=0.14500  below=0/3
t=232853  fraction=0.20250  peak_slope=3.252e-06  t_peak=73953  comparison cadence=147907  difference=0.14500  below=0/3
t=233853  fraction=0.20250  peak_slope=3.252e-06  t_peak=73953  comparison cadence=147907  difference=0.14250  below=0/3
t=234852  fraction=0.20250  peak_slope=3.252e-06  t_peak=73953  comparison cadence=147907  difference=0.14125  below=0/3
t=235852  fraction=0.20250  peak_slope=3.252e-06  t_peak=73953  comparison cadence=147907  difference=0.14125  below=0/3
t=236851  fraction=0.20500  peak_slope=3.252e-06  t_peak=73953  comparison cadence=147907  difference=0.14250  below=0/3
t=237850  fraction=0.20500  peak_slope=3.252e-06  t_peak=73953  comparison cadence=147907  difference=0.13625  below=0/3
t=238850  fraction=0.20500  peak_slope=3.252e-06  t_peak=73953  comparison cadence=147907  difference=0.13375  below=0/3
t=239849  fraction=0.20500  peak_slope=3.252e-06  t_peak=73953  comparison cadence=147907  difference=0.13125  below=0/3
t=240848  fraction=0.20625  peak_slope=3.252e-06  t_peak=73953  comparison cadence=147907  difference=0.13000  below=0/3
t=241848  fraction=0.20750  peak_slope=3.252e-06  t_peak=73953  comparison cadence=147907  difference=0.13000  below=0/3
t=242847  fraction=0.20750  peak_slope=3.252e-06  t_peak=73953  comparison cadence=147907  difference=0.12875  below=0/3
t=243847  fraction=0.20750  peak_slope=3.252e-06  t_peak=73953  comparison cadence=147907  difference=0.12875  below=0/3
t=244846  fraction=0.20750  peak_slope=3.252e-06  t_peak=73953  comparison cadence=147907  difference=0.12750  below=0/3
t=245845  fraction=0.20750  peak_slope=3.252e-06  t_peak=73953  comparison cadence=147907  difference=0.12500  below=0/3
t=246845  fraction=0.20875  peak_slope=3.252e-06  t_peak=73953  comparison cadence=147907  difference=0.12625  below=0/3
t=247844  fraction=0.21000  peak_slope=3.252e-06  t_peak=73953  comparison cadence=147907  difference=0.12625  below=0/3
t=248843  fraction=0.21000  peak_slope=3.252e-06  t_peak=73953  comparison cadence=147907  difference=0.12250  below=0/3
t=249843  fraction=0.21000  peak_slope=3.252e-06  t_peak=73953  comparison cadence=147907  difference=0.12250  below=0/3
t=250842  fraction=0.21125  peak_slope=3.252e-06  t_peak=73953  comparison cadence=147907  difference=0.12375  below=0/3
t=251842  fraction=0.21125  peak_slope=3.252e-06  t_peak=73953  comparison cadence=147907  difference=0.12250  below=0/3
t=252841  fraction=0.21125  peak_slope=3.252e-06  t_peak=73953  comparison cadence=147907  difference=0.11875  below=0/3
t=253840  fraction=0.21125  peak_slope=3.252e-06  t_peak=73953  comparison cadence=147907  difference=0.11625  below=0/3
t=254840  fraction=0.21125  peak_slope=3.252e-06  t_peak=73953  comparison cadence=147907  difference=0.11500  below=0/3
t=255839  fraction=0.21125  peak_slope=3.252e-06  t_peak=73953  comparison cadence=147907  difference=0.11375  below=0/3
t=256838  fraction=0.21125  peak_slope=3.252e-06  t_peak=73953  comparison cadence=147907  difference=0.11125  below=0/3
t=257838  fraction=0.21125  peak_slope=3.252e-06  t_peak=73953  comparison cadence=147907  difference=0.10875  below=0/3
t=258837  fraction=0.21250  peak_slope=3.252e-06  t_peak=73953  comparison cadence=147907  difference=0.11000  below=0/3
t=259836  fraction=0.21375  peak_slope=3.252e-06  t_peak=73953  comparison cadence=147907  difference=0.10875  below=0/3
t=260836  fraction=0.21375  peak_slope=3.252e-06  t_peak=73953  comparison cadence=147907  difference=0.10375  below=0/3
t=261835  fraction=0.21375  peak_slope=3.252e-06  t_peak=73953  comparison cadence=147907  difference=0.10250  below=0/3
t=262835  fraction=0.21500  peak_slope=3.252e-06  t_peak=73953  comparison cadence=147907  difference=0.10375  below=0/3
t=263834  fraction=0.21500  peak_slope=3.252e-06  t_peak=73953  comparison cadence=147907  difference=0.10375  below=0/3
t=264833  fraction=0.21625  peak_slope=3.252e-06  t_peak=73953  comparison cadence=147907  difference=0.10250  below=0/3
t=265833  fraction=0.21625  peak_slope=3.252e-06  t_peak=73953  comparison cadence=147907  difference=0.10000  below=0/3
t=266832  fraction=0.21625  peak_slope=3.252e-06  t_peak=73953  comparison cadence=147907  difference=0.09875  below=0/3
t=267831  fraction=0.21625  peak_slope=3.252e-06  t_peak=73953  comparison cadence=147907  difference=0.09750  below=0/3
t=268831  fraction=0.21750  peak_slope=3.252e-06  t_peak=73953  comparison cadence=147907  difference=0.09500  below=0/3
t=269830  fraction=0.21750  peak_slope=3.252e-06  t_peak=73953  comparison cadence=147907  difference=0.09375  below=0/3
t=270830  fraction=0.21750  peak_slope=3.252e-06  t_peak=73953  comparison cadence=147907  difference=0.09375  below=0/3
t=271829  fraction=0.21875  peak_slope=3.252e-06  t_peak=73953  comparison cadence=147907  difference=0.09250  below=0/3
t=272828  fraction=0.21875  peak_slope=3.252e-06  t_peak=73953  comparison cadence=147907  difference=0.09250  below=0/3
t=273828  fraction=0.21875  peak_slope=3.252e-06  t_peak=73953  comparison cadence=147907  difference=0.09000  below=0/3
t=274827  fraction=0.21875  peak_slope=3.252e-06  t_peak=73953  comparison cadence=147907  difference=0.08875  below=0/3
t=275826  fraction=0.21875  peak_slope=3.252e-06  t_peak=73953  comparison cadence=147907  difference=0.08750  below=0/3
t=276826  fraction=0.22125  peak_slope=3.252e-06  t_peak=73953  comparison cadence=147907  difference=0.09000  below=0/3
t=277825  fraction=0.22125  peak_slope=3.252e-06  t_peak=73953  comparison cadence=147907  difference=0.08750  below=0/3
t=278825  fraction=0.22250  peak_slope=3.252e-06  t_peak=73953  comparison cadence=147907  difference=0.08750  below=0/3
t=279824  fraction=0.22500  peak_slope=3.252e-06  t_peak=73953  comparison cadence=147907  difference=0.09000  below=0/3
t=280823  fraction=0.22500  peak_slope=3.252e-06  t_peak=73953  comparison cadence=147907  difference=0.08750  below=0/3
t=281823  fraction=0.22500  peak_slope=3.252e-06  t_peak=73953  comparison cadence=147907  difference=0.08500  below=0/3
t=282822  fraction=0.22500  peak_slope=3.252e-06  t_peak=73953  comparison cadence=147907  difference=0.08500  below=0/3
t=283821  fraction=0.22500  peak_slope=3.252e-06  t_peak=73953  comparison cadence=147907  difference=0.08500  below=0/3
t=284821  fraction=0.22500  peak_slope=3.252e-06  t_peak=73953  comparison cadence=147907  difference=0.08500  below=0/3
t=285820  fraction=0.22500  peak_slope=3.252e-06  t_peak=73953  comparison cadence=147907  difference=0.08500  below=0/3
t=286820  fraction=0.22500  peak_slope=3.252e-06  t_peak=73953  comparison cadence=147907  difference=0.08250  below=0/3
t=287819  fraction=0.22500  peak_slope=3.252e-06  t_peak=73953  comparison cadence=147907  difference=0.08250  below=0/3
t=288818  fraction=0.22625  peak_slope=3.252e-06  t_peak=73953  comparison cadence=147907  difference=0.08125  below=0/3
t=289818  fraction=0.22625  peak_slope=3.252e-06  t_peak=73953  comparison cadence=147907  difference=0.08125  below=0/3
t=290817  fraction=0.22625  peak_slope=3.252e-06  t_peak=73953  comparison cadence=147907  difference=0.08125  below=0/3
t=291816  fraction=0.22625  peak_slope=3.252e-06  t_peak=73953  comparison cadence=147907  difference=0.08125  below=0/3
t=292816  fraction=0.22625  peak_slope=3.252e-06  t_peak=73953  comparison cadence=147907  difference=0.08000  below=0/3
t=293815  fraction=0.22625  peak_slope=3.252e-06  t_peak=73953  comparison cadence=147907  difference=0.07625  below=0/3
t=294814  fraction=0.22625  peak_slope=3.252e-06  t_peak=73953  comparison cadence=147907  difference=0.07625  below=0/3
t=295814  fraction=0.22625  peak_slope=3.252e-06  t_peak=73953  comparison cadence=147907  difference=0.07500  below=0/3
t=296813  fraction=0.22625  peak_slope=3.252e-06  t_peak=73953  comparison cadence=147907  difference=0.07375  below=0/3
t=297813  fraction=0.22875  peak_slope=3.252e-06  t_peak=73953  comparison cadence=147907  difference=0.07625  below=0/3
t=298812  fraction=0.22875  peak_slope=3.252e-06  t_peak=73953  comparison cadence=147907  difference=0.07625  below=0/3
t=299811  fraction=0.22875  peak_slope=3.252e-06  t_peak=73953  comparison cadence=147907  difference=0.07625  below=0/3
t=300811  fraction=0.22875  peak_slope=3.252e-06  t_peak=73953  comparison cadence=147907  difference=0.07500  below=0/3
t=301810  fraction=0.22875  peak_slope=3.252e-06  t_peak=73953  comparison cadence=147907  difference=0.07375  below=0/3
t=302809  fraction=0.22875  peak_slope=3.252e-06  t_peak=73953  comparison cadence=147907  difference=0.07375  below=0/3
t=303809  fraction=0.22875  peak_slope=3.252e-06  t_peak=73953  comparison cadence=147907  difference=0.07250  below=0/3
t=304808  fraction=0.22875  peak_slope=3.252e-06  t_peak=73953  comparison cadence=147907  difference=0.07250  below=0/3
t=305808  fraction=0.22875  peak_slope=3.252e-06  t_peak=73953  comparison cadence=147907  difference=0.07000  below=0/3
t=306807  fraction=0.22875  peak_slope=3.252e-06  t_peak=73953  comparison cadence=147907  difference=0.06875  below=0/3
t=307806  fraction=0.22875  peak_slope=3.252e-06  t_peak=73953  comparison cadence=147907  difference=0.06750  below=0/3
t=308806  fraction=0.22875  peak_slope=3.252e-06  t_peak=73953  comparison cadence=147907  difference=0.06750  below=0/3
t=309805  fraction=0.22875  peak_slope=3.252e-06  t_peak=73953  comparison cadence=147907  difference=0.06750  below=0/3
t=310804  fraction=0.22875  peak_slope=3.252e-06  t_peak=73953  comparison cadence=147907  difference=0.06750  below=0/3
t=311804  fraction=0.22875  peak_slope=3.252e-06  t_peak=73953  comparison cadence=147907  difference=0.06500  below=0/3
t=312803  fraction=0.22875  peak_slope=3.252e-06  t_peak=73953  comparison cadence=147907  difference=0.06500  below=0/3
t=313803  fraction=0.22875  peak_slope=3.252e-06  t_peak=73953  comparison cadence=147907  difference=0.06500  below=0/3
t=314802  fraction=0.22875  peak_slope=3.252e-06  t_peak=73953  comparison cadence=147907  difference=0.06500  below=0/3
t=315801  fraction=0.22875  peak_slope=3.252e-06  t_peak=73953  comparison cadence=147907  difference=0.06375  below=0/3
t=316801  fraction=0.22875  peak_slope=3.252e-06  t_peak=73953  comparison cadence=147907  difference=0.06250  below=0/3
t=317800  fraction=0.22875  peak_slope=3.252e-06  t_peak=73953  comparison cadence=147907  difference=0.06250  below=0/3
t=318799  fraction=0.22875  peak_slope=3.252e-06  t_peak=73953  comparison cadence=147907  difference=0.06125  below=0/3
t=319799  fraction=0.22875  peak_slope=3.252e-06  t_peak=73953  comparison cadence=147907  difference=0.06000  below=0/3
t=320798  fraction=0.22875  peak_slope=3.252e-06  t_peak=73953  comparison cadence=147907  difference=0.06000  below=0/3
t=321798  fraction=0.22875  peak_slope=3.252e-06  t_peak=73953  comparison cadence=147907  difference=0.06000  below=0/3
t=322797  fraction=0.22875  peak_slope=3.252e-06  t_peak=73953  comparison cadence=147907  difference=0.05875  below=0/3
t=323796  fraction=0.22875  peak_slope=3.252e-06  t_peak=73953  comparison cadence=147907  difference=0.05750  below=0/3
t=324796  fraction=0.22875  peak_slope=3.252e-06  t_peak=73953  comparison cadence=147907  difference=0.05750  below=0/3
t=325795  fraction=0.23000  peak_slope=3.252e-06  t_peak=73953  comparison cadence=147907  difference=0.05875  below=0/3
t=326794  fraction=0.23125  peak_slope=3.252e-06  t_peak=73953  comparison cadence=147907  difference=0.05875  below=0/3
t=327794  fraction=0.23125  peak_slope=3.252e-06  t_peak=73953  comparison cadence=147907  difference=0.05875  below=0/3
t=328793  fraction=0.23125  peak_slope=3.252e-06  t_peak=73953  comparison cadence=147907  difference=0.05875  below=0/3
t=329792  fraction=0.23125  peak_slope=3.252e-06  t_peak=73953  comparison cadence=147907  difference=0.05875  below=0/3
t=330792  fraction=0.23125  peak_slope=3.252e-06  t_peak=73953  comparison cadence=147907  difference=0.05500  below=0/3
t=331791  fraction=0.23125  peak_slope=3.252e-06  t_peak=73953  comparison cadence=147907  difference=0.05500  below=0/3
t=332791  fraction=0.23125  peak_slope=3.252e-06  t_peak=73953  comparison cadence=147907  difference=0.05375  below=0/3
t=333790  fraction=0.23125  peak_slope=3.252e-06  t_peak=73953  comparison cadence=147907  difference=0.05375  below=0/3
t=334789  fraction=0.23250  peak_slope=3.252e-06  t_peak=73953  comparison cadence=147907  difference=0.05500  below=0/3
t=335789  fraction=0.23250  peak_slope=3.252e-06  t_peak=73953  comparison cadence=147907  difference=0.05375  below=0/3
t=336788  fraction=0.23250  peak_slope=3.252e-06  t_peak=73953  comparison cadence=147907  difference=0.05250  below=0/3
t=337787  fraction=0.23250  peak_slope=3.252e-06  t_peak=73953  comparison cadence=147907  difference=0.04875  below=1/3
t=338787  fraction=0.23250  peak_slope=3.252e-06  t_peak=73953  comparison cadence=147907  difference=0.04750  below=2/3
t=339786  fraction=0.23250  peak_slope=3.252e-06  t_peak=73953  comparison cadence=147907  difference=0.04625  below=3/3
Stopping at t=339786.1845421136
Saved 613 remaining particles to /scratch/group/p.phy260085.000//Mass_Fraction/Outputs/Ejection_Results/remaining_particles_2151701_3.csv
