==========================================
Mass Fraction MPI Run
==========================================
Date:               Wed Sep 23 03:08:26 CDT 2026
Host:               ac031
Array job ID:       2156337
Array task ID:      5
MPI ranks:          4
CPUs per task:      1
Nodes allocated:    1
Python:             /scratch/user/u.hm357857/.conda/envs/comets/bin/python
Conda environment:  /scratch/user/u.hm357857/.conda/envs/comets
==========================================

39.47840459193801
59.95578236779867
122.22856267047214
49.307343049127454
65.13610149049504
59.95224723167056
62.654434759983225
82.23909472682672
59.81315590067301
109.90329469163098
32.50051913272233
76.99438649420622
52.49985707587028
40.462890907417346
75.52856590790645
48.63102509532706
111.2048813373936
97.38201688540747
29.442346616995373
107.45192672549649
109.13403877182022
50.53221643633067
99.61216027290767
97.54976774186517
55.954017585255556
75.91453715614973
85.89227611805698
95.04818923407609
118.0372173504922
38.076627949036045
93.51022699428685
36.80228091736282
37.20933336108454
41.14990483680438
33.982366305646906
66.38700696442992
91.60892545012462
45.871656437311536
54.83953112598975
31.96139370639619
67.13044607607648
76.09159036923427
86.34071631273909
42.26844275400219
121.70330564166053
80.72995079859919
83.55171344894713
56.42069513070304
118.65923885117007
99.43231024033042
102.67406769840784
70.18043976458775
102.11071168869853
28.5456876466339
98.01908189309233
32.84065324687262
98.97747472162351
119.0532830980889
76.84840876310912
28.537850076627656
30.39447309192801
80.75700473358896
67.50918250264479
41.078455642197895
70.03697062333708
44.997100487945595
37.23013459920348
49.68571138673407
84.13779883766834
62.5821891553667
86.92148229104036
94.31252669624284
41.831944674850206
34.82800026684709
34.711960315500214
39.4658590919712
77.082520535506
104.11027506317255
110.5315007991834
65.40116613339532
86.26938482604365
68.32284504211464
115.33543744753322
83.81883250055724
94.06035423160363
70.80994749560719
109.64890004366406
97.11240431101909
82.71382983296473
65.28868794010467
102.63013304677393
104.42576492520679
41.88495576708506
118.00058300909467
36.15136145872033
57.06574013961574
60.5269716736235
93.17669217132385
61.29176576972931
86.29318691911524
81.68380982668093
123.54294663843298
79.96603490446915
88.29607310858324
124.570205876094
80.18009845379851
78.56121858363166
116.91034630250714
106.78347160644492
97.91736361572852
103.88001588050705
49.545970836180274
71.26747372743841
67.55200024572544
65.03307606886864
57.365930191389715
68.07991894856093
60.26439585973319
72.06183570155014
58.854736981996915
88.02747767299167
60.83479641494179
117.03860867770072
49.50315251546089
50.84726495036524
66.96479245168766
60.85137153088643
80.56774325270499
77.54250404627803
88.82957054631288
49.339727341381746
91.00186739186064
116.95067575676036
83.50260260774347
83.87826797278754
72.3886749334018
97.87287283708514
80.24070671764267
64.00263939525773
121.67408344366847
81.88526976504254
30.795446081268917
108.06803656475346
99.52962023269782
123.97813975955455
114.6569462648323
104.52271818208763
91.95872450030105
45.875339970835526
62.09569287385263
35.57988593358428
40.279865170059736
90.60291002329944
70.35255693735307
34.93061448612188
25.928518443686965
82.90296552289269
64.85967245524944
62.09036765298946
63.57199465672152
94.01086386937251
26.023122045423275
121.27241823062874
100.0181933099794
109.61520913268873
46.08736105802418
48.652757514003724
94.44258048354158
47.86336998458698
56.222678528062616
123.09443177077556
124.40740784839903
37.285952923734875
72.76881359432451
120.74522201628267
63.396441596661276
124.43611752467746
78.51392090313814
58.87872890759965
103.20834482461136
109.03812859106121
102.31342367053412
99.9095482129873
27.266769095843337
111.52217998742074
74.01245636520116
97.89473368993883
42.468953126551234
93.99844632653885
124.41173574883612
31.263262582292683
73.49919988345053
122.90814991029464
31.944381486430096
87.05503042212183
80.78986213572182
116.41175933762446
61.777396004403606
121.74049923804027
116.01706287752758
101.52317312692962
32.919543209430245
56.735481671509014
94.77277829914163
96.41143368637012
50.603786016263655
56.82281307660554
39.13195495232074
26.493182886722167
51.78535385253219
54.2990428076881
51.007912432396765
93.1093275685011
48.65050503213834
47.747917428212574
74.75540595753195
60.68597883202577
70.14689338091219
48.51903485609432
63.821086550434494
109.74333825340793
101.51581542424533
79.86894913803583
38.93551287693964
94.37261529392524
96.86499506712202
61.877138344871796
120.4543746947805
41.046729955780634
35.41062622325428
102.28430589846622
72.55054318675917
37.43838922194435
36.041318609445106
104.3811099326027
113.2798382961793
40.49258708523842
80.7627378128048
70.54483722694624
37.56393752024155
122.10791434574065
26.116762891881674
57.68428030291517
38.3248888744268
62.4767603513827
83.50486202949321
90.80554468425179
82.88175172297784
59.990089450010444
47.15718591590796
85.18349875474986
96.22630958736671
47.70834338440342
55.01054819958031
36.67693155250661
102.52780589992959
40.458567032433535
94.58622303055675
99.21086340870843
95.00341276597165
119.87741405550926
74.31771842576352
68.52736004767435
78.54794701417822
80.62014410325315
101.30951904643915
95.89537138081012
62.524487653553784
105.5802156856186
102.60062271078021
114.4567365963238
53.894390538094584
54.976733680956414
71.07087012129617
64.7694356107244
40.827245487257116
52.40426308793007
69.87456226061906
75.28793351178896
78.33609229106636
60.57381348056584
57.85220795978755
84.93299626678052
42.38406580858083
44.84030500727381
111.17178753470576
103.41306929771814
72.15910089512019
65.7287654473324
84.67308189967946
75.12886214773329
60.0791609503593
66.63563123532326
82.37393587337542
123.76212316940028
106.57262180121043
111.74362592695557
121.08850134195878
26.12936415961774
83.40291682329104
57.198246403991035
109.22588236219427
45.40062231829779
75.52389689702532
34.99857710171008
60.197566587237006
31.6852877442246
48.898648901987016
40.27097578937847
86.65374425509202
124.74162081526372
93.4179986472017
109.80892375151127
63.312414022545724
106.69795515629013
107.24900613483153
25.75789972345873
49.64036806927753
40.00788626100443
93.88562790126666
108.93913617213316
111.26431334415572
113.21693466375946
109.91076909271592
58.34497435794043
114.15395526130212
114.60196084287186
82.14272395114278
63.613749399773326
95.79729231421916
111.82248406156918
106.49333376385364
87.0296774628069
95.17372532072498
89.67006806148981
108.71571047714397
72.55419341076743
117.56615679569323
80.02180349236994
26.25831995028215
49.98539008975854
81.55947206537428
81.36455523148057
29.44428912542282
46.67171263926533
117.2826737835217
64.71976776166221
25.135968838688584
122.82885000109937
74.82089992560057
105.61971014707116
46.058115613161455
116.64547118961673
72.4368282033586
109.71306679536849
74.69567149533061
91.06360258630282
44.72316964131308
49.40200366152825
98.75598822846717
90.32312707413605
109.16395008658722
57.133394881648734
33.25696850296913
60.978491130410426
77.20726085121099
109.60485325818176
62.81230188940125
30.40535734578169
86.80752983580926
102.31098447735457
110.49532081490611
40.48477939916617
29.31527482349029
64.92213336700996
118.70897331258365
93.62781779228676
35.59346061510061
51.21192974735932
32.96687490777753
71.22034480654497
59.80400449060439
105.78351577169617
60.65703398470813
59.94775886152108
105.51433385035118
45.578971812895986
123.78558392850809
29.694970604018412
63.54451936767702
48.8955529148659
27.60175093378171
51.703083035475416
55.96100609202558
51.65012305322483
96.42933765030843
97.43373055827736
36.69734193622939
25.679630349497007
67.6707898458992
64.61519770799816
114.1211799840407
107.82878162847082
102.94204679885375
74.51670330314403
31.83745507706347
114.29332867353632
103.54641940999556
28.382454546357884
47.175429572932025
88.87565018438396
33.60338574396189
72.13793998495609
71.2030589915114
98.01935357481555
103.17255894450845
87.34157060823476
36.386504157306945
65.62288638923386
84.79979615440278
26.03257331748606
52.71572898304724
45.833402793489
58.08150802212795
29.85756243380081
117.6172413089959
71.88550319701565
29.056789521458583
107.71585165697233
66.35095113565076
62.10428123631368
105.51848053643785
77.6957375013168
85.11895572182112
82.0549856170335
56.28702048072735
69.95574374160995
100.1104839533793
31.18130043242351
49.18445201764678
33.39756784891442
111.0160111948352
79.80747101875328
93.6938781400194
64.30559132561444
121.68804079206306
109.9827888991537
27.98784464238766
58.38120497089413
43.328159088722494
123.66638780177429
95.26373556935455
72.05281816601146
43.25226343360907
86.57665993900814
85.13582022611004
56.78503948418444
98.1581005301725
75.18837788898581
72.5823234261151
98.29210989382237
46.899150264616566
33.9594236425439
71.58961882948601
99.65316808904736
95.75481897950495
57.83999860912593
26.93514670507048
67.99411394843067
102.06455184021011
26.035573681508517
80.22457956284958
62.31212807762185
117.58051710882087
64.38895650637394
41.21731705717542
67.58065685865157
78.43824360835842
111.4709372303939
111.56733345527438
61.67074708029831
84.62798104869904
73.44131701075716
27.500436923856796
102.60558218256219
119.4237239985757
94.88570385568069
100.36801405688034
30.533795927546436
36.47645455092099
89.49513963092805
32.907469325526236
99.53880515794313
83.57641577251576
110.60377523816142
48.86823942473744
82.33842564298698
77.69063451701713
42.46621384983291
85.38505253453826
25.630272179534618
54.80637146164939
103.03631439301658
53.47166313293722
89.56469387121224
99.5463458465108
92.85318361854063
91.63850850175014
71.22325564548107
99.18713155597023
122.09229509266326
31.34176600115127
56.04973975988803
38.447040482345145
25.178768545959308
51.348527027488956
39.69815654173298
85.55357391639949
64.11689030706654
49.42360689076204
31.607553648550713
93.958103117083
37.00426487368116
85.55312786704366
48.09708522210133
120.66158291407312
119.0804354148365
74.44338944025367
34.775081001993854
53.71986749709625
44.10355176526865
65.05730092724474
28.741101034561755
29.951402542522565
31.554256734718955
107.84808813553386
87.41461257963238
71.17455720069722
48.839374148371284
53.73913269474488
113.5894846972891
81.00901197305413
25.679154097711287
117.93288534825253
26.237741136572566
119.81914188833406
34.84324140532693
105.50964354523023
28.10038946975678
69.5284082995101
90.45282034893192
44.96012238022319
25.468635309266418
97.74748962075257
107.85204139537188
28.327752984495312
35.16763980396186
79.11992425298727
57.666335536648006
87.93455732433384
103.786513533667
117.75514889467543
89.97636892064561
54.08291659735356
42.82244258517106
37.87538702582612
121.45059991726947
97.4698640832751
86.89693621877731
119.57833326394683
83.70531428012475
32.80564777610391
38.08497896226961
105.67763964124588
76.45601064141661
85.11930371472496
60.799207726921026
41.91922955737108
76.83677382208928
46.64293429782032
43.756676727489136
27.315799005873743
119.7071103990738
65.31377102112025
109.11184291801533
87.2666841387965
63.68675347179797
84.48215077837358
36.126326328916626
40.78337995400074
65.53116966016833
114.58536476572894
122.43236400540701
81.47902690701285
65.15545178267212
49.42066207869039
49.652160429722514
100.5254535952129
84.32839002175618
90.42583383638632
74.97166058490168
37.43291385758244
72.71202516880896
25.1426948414058
105.87997584876754
75.7326841392131
95.78073695267558
76.49832161295424
106.99804035390403
61.982862374455195
103.23234296903533
101.04083673167253
28.98121579305396
26.954980082512204
122.99059028446004
50.79184518742832
67.39438963320934
49.55379349479286
92.09213270581618
122.41503765452147
97.32272074717856
94.44457758622832
82.82154682446
119.35856524008123
36.318982239184976
116.76607254586983
50.416031892883055
123.55345962537389
47.503003578773246
64.02789770201757
39.45464906617093
54.79089458251474
87.33974611730414
109.61923079770392
67.58140369682754
93.97651533425146
77.41944204752647
31.63059640670294
33.153226764371546
41.70458079393285
85.17269138335406
46.790588084467686
76.71567268811658
108.80287454872084
33.219232114750874
114.29102016768312
59.771044769570345
99.11187503607376
62.43844243177236
83.69846072419463
43.10044682554468
113.24332671002792
102.94338917126879
29.85750443186028
97.80898525742525
49.259241593208614
85.9571834344573
118.79065538253425
90.90572340051116
66.18365387720044
101.03316058992472
108.31792571645623
55.89175536295187
56.79873534423484
119.62203312473713
73.81850194016353
110.52840657370857
58.04403683283098
58.92199915621479
97.2262480177593
34.11182523044359
27.320473222257004
43.535868220744455
97.1758588718967
115.89108225503395
67.48686630356042
40.15169595558756
85.37020168739394
118.25348432407452
124.1962488605141
97.82729567770383
33.156719073697275
115.80050727288376
108.45278017485126
33.33091972228621
97.9798020247812
90.06132759675101
50.83618480130721
79.65326741989705
78.35872165213223
59.02705442736666
40.2458198264128
47.56001050451637
58.701032414127866
77.44360749956128
66.32030650447668
73.15304251176417
55.652922976828734
45.43545006197197
109.3881497347777
102.067675788487
119.3639954415237
88.18106839960447
85.66169050133166
89.61574367464466
66.62353108285765
58.53627051175303
56.4476829423893
92.80409228880649
49.90326429840643
51.17256031790688
61.53828322811582
97.9316152561396
60.52780764048171
81.15457196999031
35.8264839080085
82.59140596731697
96.78636455787978
34.88722399178133
55.19368260803553
85.3986346179458
51.1893090665659
39.602927629521574
45.84070810519624
52.205066834640945
31.074199832514548
84.94998629242899
25.37407385487883
90.23360298246408
78.07275936315196
50.90386163832321
54.944459776147504
121.29704397036105
52.409203609438215
54.472707929775844
94.01898107854898
101.09595654769684
72.38119545480839
107.25124323895423
106.68845829624517
45.94011241780255
74.69587180453607
80.56297244654955
87.07018611853624
122.2834778079079
65.62581235200672
62.11281120054687
60.25096166489418
106.91906530713023
31.851695240679334
43.30016553382011
32.27261099635253
34.31787359659374
28.876736776101886
60.201727563922645
30.128930038883606
102.7729937947029
30.73710895231052
58.75087586257529
67.22708709061311
34.403407187635864
50.544479671325824
29.80362196866455
29.560505693756145
113.13172276001038
79.33395703458768
95.71142152818523
80.24195085866583
84.52609972684829
115.10696626850712
66.51681834833734
109.28875578451279
43.897631125899984
47.887012344297254
90.14282496218758
124.94435249206104
45.064830041663626
50.16301931978022
31.39525555412729
67.65712336909688
33.27019494075887
96.73510884414529
34.00398577895503
113.61735482352388
55.42347099286494
37.45757307836453
119.71796789988001
32.49422265394618
93.8951323702862
74.81348210162705
84.64920523414791
70.16290630765747
84.03216965826101
48.503778962584455
Rank 3: 200 simulations
Rank 1: 200 simulations
36.938243980238525
33.530398174125935
65.78729275110267
119.42572570495194
112.61255111651116
Running 800 simulations with 4 MPI ranks
Rank 0: 200 simulations
48.72782726363584
Rank 2: 200 simulations
Stopping at t=100039793.10805254
Saved 702 remaining particles to /scratch/group/p.phy260085.000//Mass_Fraction/Outputs/Ejection_Results/remaining_particles_2156337_5.csv
