==========================================
Mass Fraction MPI Run
==========================================
Date:               Tue Sep 22 21:09:57 CDT 2026
Host:               ac006
Array job ID:       2156337
Array task ID:      0
MPI ranks:          4
CPUs per task:      1
Nodes allocated:    1
Python:             /scratch/user/u.hm357857/.conda/envs/comets/bin/python
Conda environment:  /scratch/user/u.hm357857/.conda/envs/comets
==========================================

117.5845857021389
42.33893484707666
77.28147475802092
66.62696983867086
81.32031235920628
58.13982702871326
92.09443510585585
33.90588526561089
121.07664994946214
27.777858421993496
96.38631439795459
26.54235335690459
69.07403392757334
65.05560540590858
113.6530301259261
96.64427061121216
113.49211407002889
120.36087309628304
50.21439711993063
82.70886361790474
26.134274200497252
104.57485133488376
52.14601436652913
40.89673095258406
55.10563942690784
53.58514339499277
60.798745128298805
53.21636796445357
26.749400811444545
33.99589730547419
116.72811756936048
122.66944408443997
40.43509286553595
84.94358506381138
96.54313681808911
63.09546657267264
110.44584341520302
58.16231059478439
73.00735406409368
66.34861499779933
40.7610520172036
100.92765834832743
28.071727388535304
89.1120383474721
32.44506172546736
106.92287900159592
32.5024517809636
116.24003213302305
38.96375874215545
98.29742261670064
55.786637067013075
65.77810855822992
44.17154745583868
26.45740399644919
117.93121910153714
39.17607867766962
90.99561311250972
61.9123880932871
30.412427919443118
42.8303693225032
105.10372205953627
44.47441615465153
58.908779722597096
94.68482645557994
27.457904799610798
35.148775283003054
108.00468151960277
71.78175850402494
59.543343889262765
30.242360737623073
122.36356546436113
31.172363509773184
25.895013498608932
120.23400942659485
28.075418362555148
75.17229733159147
124.69296264625474
85.81976421672896
70.67643396208729
124.93593239003418
35.41652346832183
80.64369561756368
56.36657765635961
76.64474180103957
33.67844686651215
123.97101699397972
45.820196542733726
77.28315085354481
63.806992869768706
54.53068282308414
72.86763142329242
98.3027950473534
51.691727052467144
106.47651836193236
90.10467768318146
52.85800095520888
45.00133035637559
41.35040149878885
70.72954936144157
30.52476357766197
84.05755053519476
109.63635206579085
77.11065525065061
111.546726722836
87.92503599010277
35.66663170772989
78.5410920829565
52.00486404421619
72.03735757401466
95.69461818999632
37.54101910337422
119.36843933019534
96.72574964343211
44.440466690576216
32.210568237814684
40.49845705929936
112.78308703809562
115.28797251887836
26.889488605178833
38.2931266427523
71.6630146982757
82.3555838155601
51.99490720694773
36.23618987432242
80.93182722841284
94.63072614491408
97.044364648236
71.97289715845427
66.80880395389013
87.79261263993001
34.52020682561261
89.42673748613332
103.8604461525122
78.93858711671983
66.93715717205038
56.146153646742476
50.388306620582135
98.24120162984963
94.01364489151841
26.43532341965178
99.37041433819041
124.3403039874946
99.54033893599342
116.94497636197816
30.99139640328078
98.24422785710574
93.37908892863265
26.713789866380612
57.016809708337256
97.65940229321059
42.28479386216978
120.30607925997484
87.86110674424081
99.83013062391547
42.59529820463578
30.04945007735659
85.4265208116106
38.44975599810473
94.3031816571651
92.86228408508885
84.24300958302103
95.70473140248913
102.89919973303124
92.7136665798886
27.185351624002017
107.4631936349081
104.49016091412874
88.18271216048541
52.839009421409344
73.56914844219027
69.17484189551544
80.6092639992915
69.21798770922169
118.48517416124744
53.095030173949866
62.15477901521008
88.64803452436564
119.74693338311361
120.62382672418217
94.29508954349762
63.20333564332006
124.5156538231094
102.06590323027991
124.14452071595545
113.47112474043631
120.80278771164002
67.09632487907285
47.09861736624231
37.35533786836939
93.37466504042847
110.44255512885078
61.77803965425698
107.28556869903211
111.69796494104615
83.71515212595756
88.3496935267824
77.39345948283099
86.94447059392843
73.36293998207901
61.3788747788499
118.68243972358123
82.02212462813198
42.350055053345514
66.73509038718902
63.548336004247076
65.30302687749034
87.31226934545231
123.61460290177094
89.79187348041005
99.11013056876878
101.55327917225969
74.80058963735357
95.49031546279967
77.24173865110731
33.325497976305115
62.88936753183806
81.49114826476053
97.14443366617968
61.24478912299273
114.0280575641877
65.31826975005826
89.2026060804304
84.73805556831923
72.56947317242557
102.03636739776529
84.13156887223418
36.574296498384264
117.31153354145818
65.57371932306496
115.8754784067676
107.72095681338584
79.16943376310743
83.7886116331722
33.83538078261877
84.74723168367564
47.57876393181647
111.06635527833801
75.95290998223412
39.180921785610764
68.11854776592685
81.80867516270689
60.632763871798055
89.19579366948544
110.02933673788912
49.03802381638632
43.48711274460024
48.10827080824998
42.843559579929334
86.58998778329097
119.2489747629415
32.87347146353492
100.43098197813
77.40618448687931
43.340956669275286
91.93719695866531
86.55949918439325
83.52310325428293
39.27715339244521
121.65752515356802
60.67453419874413
74.38471656879732
52.39107949578816
112.74637338175162
32.237239905916105
101.44528311011777
79.62234122815576
51.19045487957659
58.97361659336947
74.03947859334755
113.33292021014955
79.20467550529911
84.73861508927956
71.25033853740885
39.096267981517805
95.88698221181772
29.247619672924163
116.77873798273629
91.02501319432608
102.39429906818916
117.04624733584299
101.90661706237691
66.49838583223625
49.11032159715063
71.04772852443605
103.56275862413203
60.19705241184358
26.979941160728316
116.31331953650054
47.954014053095946
112.16245480916632
65.89317919195702
96.36417598941172
113.30604507647735
81.78765360042824
100.35116734654753
112.7409543356908
123.81393087249258
71.4938006675084
95.99651206291361
30.689026408341558
67.44916770191548
100.35449250865037
75.15140536578468
54.212638638881195
108.6977284186529
120.51500969527315
106.0105921877609
85.97681894016705
34.26361318504833
46.79500219808409
78.50672246001582
82.00231407957193
39.22107125519215
34.418524636028906
104.56083705530489
56.08153597385406
29.017974588752317
56.196423346495315
62.86216114367408
118.84687022443056
71.29334646039176
115.784877231459
46.5043668051909
25.922748161589972
44.70388774649831
107.88590170104744
76.94691953076101
33.5339914175874
50.328193188274916
101.04619279318091
103.03465286480005
124.8949847049909
118.87749822357584
95.10248026904375
49.27959257549214
40.339525236971795
58.10255696750936
50.04053841360235
107.72534650790827
124.80139838462685
88.83872094419073
26.428831886613946
104.18132177001127
81.62360526890535
51.80606448094856
98.37404309999965
111.93855429514736
37.58689253492406
89.3148478978707
29.357041117725792
53.90583164115793
72.0745996786922
91.09841561541158
28.16855751940007
111.76750436001072
55.30092521111247
111.86759991680835
108.3548038503092
71.14011451796125
31.332908684702776
118.28723060294922
40.2609032244846
74.17346244542198
73.20174612453172
73.79579768139399
119.61365327160706
122.12930376531637
54.602791963663456
118.68714247861823
97.42618705611618
69.2843702988155
108.78038229491902
57.14131646728548
82.00971577163386
63.68053470789199
66.80940839891812
90.27005258660753
37.417088712821396
113.13951998996657
103.00296361892207
84.20389412385097
85.16080132204792
33.88870576016421
100.43909831564449
69.20719291331602
70.70156558117463
67.71577355105597
46.15939578722492
89.17040602534468
74.78706132729322
83.92853291174586
45.23029182556352
49.2841125112723
81.46174904029101
31.37037510055196
38.97491416306348
50.46075670390172
107.14342202084941
53.872446950143015
108.69948586837006
38.477689474073316
78.84570720582042
95.15483748581404
74.41266702737782
88.67320114296933
56.84557344302608
119.46004629308356
100.7302496701804
73.58869607849118
87.62527021364737
52.02367424954117
109.51694042510702
101.37473325681357
105.87740744293693
103.26805372645303
37.33951823764791
29.7419436479163
108.33387640978135
38.831171036498176
100.53653124599644
117.33439444788183
91.49788979816441
37.836315399816186
89.66083984432552
63.78027865422173
86.07177885556727
72.46969739698437
61.79080782776728
110.47480868505626
61.18109822977401
34.54569742142216
28.562891579786264
62.19578036440382
85.28972436989338
67.59692129336447
59.090566566238564
61.39720609220631
49.397800883209
98.86977510792859
110.39170719028517
89.90503338639913
66.39536762875552
32.22097622129222
41.31408085567027
107.37570133325451
93.26653071859683
54.596613746773436
33.06376764973845
101.04945478274477
60.53952201292713
64.6945954913484
46.0965887215454
78.78617800635251
69.88159604441981
42.426050099083625
82.36574251293789
31.092777262783788
109.08825111568073
76.1686604455306
71.67552792153049
71.17895185954758
75.29461417716408
44.681826630299724
27.276867505132962
92.07154187267483
78.15080920102163
88.76140196323746
68.53227114051069
41.69824399507163
86.2372873174919
57.462038749738554
117.20976039418125
59.72097367525882
39.46276729276943
82.93127532816612
93.44304122062806
72.05812775776877
60.99206969060836
65.84500762615818
58.51854459425664
84.37609324709949
69.2731839599384
88.05897922582966
32.242922072171055
108.5078992053719
48.10585724068939
59.73337297377043
74.07406018007075
37.58912827177928
79.1780032178387
65.93146728048842
55.319003017158884
67.40631983619284
124.59501076113764
30.515757306479795
73.87504290288733
57.67274281046312
89.91115104752237
81.95555807819157
71.51916033814015
38.83619458762652
105.71568332023142
92.62710416169111
36.17323845778701
31.511752922702087
30.057363363077016
70.83602873404709
92.65107369669981
42.88093873310919
46.09927504433202
57.19377582191271
54.28604965383478
27.53002947376548
67.05024027007367
113.36697363763592
78.92758913311384
60.241542161192044
112.54532615254541
63.880246449513955
86.75273425848184
68.02905298052917
31.479972465946048
101.67065691438542
45.06902887590729
37.73063267793996
39.902148269826284
95.46989019518152
72.56259854827216
106.9384577584208
122.64671376313494
111.79667874164598
32.94416377641238
77.48505595578823
62.969135601137104
113.57520434034294
59.669588782947514
30.963805005448197
66.5267569911752
39.14146737421521
38.278012990431485
47.64187151784196
65.67999210411281
66.11123725111875
61.25476172807504
95.10347799170721
95.09863617799023
50.84250022168286
57.430923451557156
107.1040925670639
70.0523882962211
86.41229825058036
37.667183068031264
67.65827645096373
61.2639196579167
65.87733397352045
95.92045490349447
124.96823969722169
90.08816716928203
93.18315051825422
40.80927219968148
84.3106982383693
38.77406472383519
98.26655042540912
48.61173504286259
54.92048064388686
121.61558385355693
114.03353439188314
27.167420858090185
105.56187159799936
95.72247698465905
118.48821258766804
72.96733441290047
80.42059262588808
106.32884976317753
71.00425367868057
55.20100625924826
30.610245098702283
49.17256424356358
36.594830261923406
102.64152157434417
33.870476286549234
58.03367817246845
86.0281021843488
85.69736773278021
101.21979816768332
56.89189345184775
30.841352926351718
45.75510926046577
106.8728696455004
110.93016380148022
89.30650565293666
120.79463165305438
116.43595439083924
86.65090355862408
109.67222438745445
31.224876461324968
73.08606778535065
124.88454061284517
62.776729888686056
43.14320692877163
71.50693657015165
62.17170107579575
98.68193279877421
68.9530282989831
103.60093522910385
120.91326441018198
44.39362273881697
83.75700995366866
123.49884317767037
61.96137257214469
94.62231222431659
118.72922313048767
61.82493574575593
27.722567241337803
36.17742217193334
37.788148487659825
91.97961808978766
46.2121965778207
105.48276132564396
108.81770835459041
69.71673225703942
57.886464194382356
122.44691422710139
92.6578123788963
45.187284641300735
70.84859755176807
65.65975799988242
117.05019070778042
83.44080952913511
87.2309820783673
92.02408812004951
69.02565559947112
42.1313453473961
34.60278137177206
36.64762140658563
28.81301578624875
117.71954162793664
123.63753525322426
119.67883017934273
82.64986069437032
45.48041822598837
37.499892050908514
70.27255570746911
37.95988991608075
95.02262852712212
76.11507116827781
99.54748409193648
115.22061535036927
78.02328148456127
98.65107354254394
34.749041531811116
113.98756568812331
41.39715286680161
109.97545632973555
85.47450607785177
34.637316973022735
33.20114108546179
45.553375492549485
102.10996273929553
100.06535425864647
49.946060519848274
118.41887412325866
29.554690736176546
33.56312571678255
65.55831773355487
27.991172225691763
120.86088301125467
55.50805125011321
32.76148494699925
59.264700112553555
76.45739854528578
51.88475582275254
32.19204707275326
30.38348613851063
86.20366235521024
36.67084277068633
120.02708341915277
116.2820353652467
118.69231186272403
71.80225086034261
121.28877678308986
29.29750020282316
48.12327534376301
25.36560346932044
89.29608400183324
103.70440005666504
74.62979935317537
62.03757842883913
35.22163770955111
113.24226246723235
41.55297053892248
109.59685195616504
64.96464824083853
120.66981667906913
73.3770814905248
121.16766627897327
79.9169674175437
89.52190793343664
79.16832263274367
28.498423105370662
44.677912100909566
69.518436020237
48.92778381329033
102.20352276358423
62.98428646596399
63.19997766673432
30.48144248413834
116.79148740842005
112.18914701819912
71.4166341834522
37.78219487486129
102.14705135889588
96.43408420085238
45.805981609959844
42.62353462331833
101.63117314101675
110.21349223539221
65.9047349632143
77.16654284073022
32.45814861678679
99.64638143573723
116.02446012530059
98.61321122453805
83.18688652971764
54.87122203733546
38.03272243464728
62.32273661372495
60.70160196657858
73.1362042492092
52.78962406369644
84.41800588704166
122.9459590599558
88.63164323623724
73.69080243848254
100.36378427259946
32.56918823932673
75.9641337135854
56.5202870829995
25.283365765823817
83.77283701006162
122.95927834513
83.57033534775768
97.35595769121983
68.96623794214561
82.80409925802627
98.4423367366144
27.286862570307925
120.79321537319322
83.18496557131135
66.17057067820987
87.36008038853103
82.94987038682879
25.981815910144256
37.62738668747518
59.67254052420745
121.3900663562413
41.75303812660596
46.981418982311475
65.87646358067019
46.11015805497051
66.4588496579243
97.38783116910312
120.30238525421507
98.84629649703179
29.49197298594488
100.68711384733378
115.10835786836374
83.38152157389462
82.40041727241352
76.22341491164957
78.71842252075237
92.4306038805949
93.6006799835489
54.13443774752849
58.784832516372546
82.29773754281386
52.65397609486317
68.15525555322719
114.67449131757932
102.03592204137482
65.89168578084502
82.13003917537415
46.23544698192565
102.24352106701393
42.72608307994503
42.253996756324526
35.8805113352424
95.80544862033705
91.9355939463223
75.97796002734113
98.04630922098313
50.79009844872874
31.508180970212287
44.24462758637424
63.93502204944767
96.77998140441868
35.314149812601556
102.92264912923648
58.808373909889056
53.51759410497479
Rank 1: 200 simulations
Running 800 simulations with 4 MPI ranks
Rank 0: 200 simulations
Rank 3: 200 simulations
Rank 2: 200 simulations
t=7035975  fraction=0.54375  peak_slope=2.700e-07  t_peak=1758994  comparison cadence=7035975  difference=0.54375  below=0/3
t=7387774  fraction=0.54375  peak_slope=2.700e-07  t_peak=1758994  comparison cadence=7035975  difference=0.39625  below=0/3
t=7739573  fraction=0.54375  peak_slope=2.700e-07  t_peak=1758994  comparison cadence=7035975  difference=0.21000  below=0/3
t=8091372  fraction=0.54375  peak_slope=2.700e-07  t_peak=1758994  comparison cadence=7035975  difference=0.13125  below=0/3
t=8443171  fraction=0.54375  peak_slope=2.700e-07  t_peak=1758994  comparison cadence=7035975  difference=0.09500  below=0/3
t=8794969  fraction=0.54375  peak_slope=2.700e-07  t_peak=1758994  comparison cadence=7035975  difference=0.06875  below=0/3
t=9146768  fraction=0.54375  peak_slope=2.700e-07  t_peak=1758994  comparison cadence=7035975  difference=0.04375  below=1/3
t=9498567  fraction=0.54500  peak_slope=2.700e-07  t_peak=1758994  comparison cadence=7035975  difference=0.03250  below=2/3
t=9850366  fraction=0.54625  peak_slope=2.700e-07  t_peak=1758994  comparison cadence=7035975  difference=0.02875  below=3/3
Stopping at t=9850365.626224086
Saved 357 remaining particles to /scratch/group/p.phy260085.000//Mass_Fraction/Outputs/Ejection_Results/remaining_particles_2156337_0.csv
