==========================================
Mass Fraction MPI Run
==========================================
Date:               Tue Sep 22 20:54:37 CDT 2026
Host:               ac050
Array job ID:       2156296
Array task ID:      1
MPI ranks:          4
CPUs per task:      1
Nodes allocated:    2
Python:             /scratch/user/u.hm357857/.conda/envs/comets/bin/python
Conda environment:  /scratch/user/u.hm357857/.conda/envs/comets
==========================================

2.4681627631598113
0.92466494615809
0.708577037312309
1.1731217691749447
1.9517713912523802
2.2968794200759604
1.9636668348711825
2.430128617082242
2.2339997315567537
1.2198381260434057
1.577276989021995
2.4905118753059963
1.1210186105722213
0.693028009476307
0.8380222996821174
2.3088092674316414
2.151987938479351
1.5714973916587176
2.0913264064335384
0.9549445245688875
1.447497059251341
0.6193752726373951
1.8280242512089144
0.7238879772301483
1.425724141620642
0.5099027109238592
0.8723846057144125
1.0819685974660043
0.8000090704406155
2.3424324012720676
0.8748458739278591
1.2830952556349224
1.6770712248373543
1.107555607356961
1.3346369942326455
2.025273380808172
1.3504873637009494
1.274234598482555
0.792936311681135
0.6917699999657299
1.9054823613239311
0.500957302517389
2.2296447284675893
2.0288126928768664
2.328231194495925
2.0525236958612076
1.942702450195735
1.9955808172782739
1.9070363582407706
2.4819838578816826
0.6844068967832464
2.049914235833115
1.492516063788877
1.813385342136013
1.8938234424351077
0.7464123318378293
2.0266660911766152
1.639946160045296
0.9912986650319271
1.1025841859243914
2.253412954971016
1.3495256180371171
2.367029334538772
0.8756301447819059
1.6421963679590421
1.2312377685011693
1.866671351597855
0.6808295213902151
1.0071528421345546
1.8938328037124683
0.6412631518478629
1.9100664783208958
1.9790195880646342
2.003208121046372
0.6106447811833235
1.803435214681342
0.9152912557151538
2.204591550326386
0.7305865359481545
1.8039012276247817
1.0920322181075677
1.5048698236969966
1.3524238376933668
2.2285012995070916
0.5845191179291733
0.9048867780049024
1.3814354487895528
2.4936006579936785
2.0940160468736067
1.7926881391098786
2.177834689936432
2.093598477903674
0.506506765957395
0.6051061356903946
0.9409842253229548
2.4756608818942385
2.0747400342945657
1.5268557447322568
2.00592174978695
0.8868013293814672
1.3857744033836903
1.3722749711913387
2.076192112640263
1.8665132930766077
2.201222964339527
1.1815208317541928
1.336038787122023
2.1491322404162356
0.7505350721428057
1.0054567569288506
0.6808433834064402
1.9761370397770457
0.6523859924575877
1.9067513867631969
1.190184844820407
0.9131158357072104
1.2321733151299818
1.6693059354078101
1.6356549933285913
0.797078614992289
2.4462478738960245
1.4423624706467157
1.3036639897147828
2.3343079128783897
1.576951542460736
1.7388094756696244
1.9592144680310215
2.2926003393170142
2.4662929580850648
2.1338458358089873
2.3568049090287237
1.9292639140494363
1.8617789407764271
1.2386517717238634
2.313331350133258
2.405042265942015
0.796745028613812
2.336012716984839
1.1216967806776843
2.181177138947537
1.29581164899093
1.9173643695866733
1.738998449067607
1.5047248337803671
2.3778826237678397
0.7399136024449664
1.9443164619177515
1.3044893837574654
1.9714713185960921
0.6073320706435241
2.0033613976138396
1.4480346365830687
0.8506395586994915
1.920723922311974
1.8218391491340022
0.9421821683980862
0.7037371751977608
1.439967566798374
1.3384275773644516
1.8972472725264404
0.9324977768508551
0.7817035954182059
0.5715069898409075
1.474311075177249
1.779428876741588
1.1035664891485895
2.098607416325125
2.415075955062899
1.0157185746222401
1.2300489548111142
1.7561178418371048
1.7471549814437708
1.9358511922308415
1.182475981944014
0.5929626735274096
2.2366108586051974
2.3562847312039867
1.8927797456871747
0.821585139540205
2.1282509010423594
1.8732803264652103
0.9515858737207781
1.11421372252412
0.9070597712411907
1.7207310088338574
0.6121687234209627
0.5087821458486299
0.5090432511886775
1.7407187252207215
2.1818430175942733
2.3500188039417105
1.681782505202816
1.2086773116346077
0.5250689070341406
0.7586080130081052
1.7051037159964233
0.8355599279443462
1.3504462629780085
1.856671858436323
2.1047279541984265
1.0455399054557912
1.6133928105623403
2.384972570030698
1.2360565238540306
2.1786716478726404
2.2041397370173352
1.5727350427203548
0.9991029240800706
0.7277888116801465
0.6951115709888815
1.7972267350963107
2.420477418773083
0.5839954852955034
1.9938648742223288
2.00128120387999
1.531723110075278
1.6799380618923094
0.9243874560188396
1.4882148326068927
2.4362759360508663
0.8828506265143146
0.6495791284914685
1.0404015130087445
2.3313483523488565
2.3790727835782546
0.7549482090319415
2.376759021324511
2.2738872968971844
2.452742926068308
1.1377104417542578
1.600228099595631
2.1440859245240045
1.57491420451115
1.757892312781332
1.0895279814126788
0.9683384888402695
1.6088865171069955
0.6351604917268816
1.458248327174051
0.5054263107081527
1.9240740454715872
1.614402938318074
1.621766208176258
1.7464356129422034
0.8503349703360172
0.5630823223107249
0.9999440678525371
1.5006826839128387
1.7091805936511437
2.473754846554901
1.904912827422652
2.3389394988415324
1.0133424681126784
2.454806299636699
2.4280049411630378
1.9818035060828536
1.564075215200488
1.722743410132869
1.0684748921973066
2.4729912934670546
2.0515478076557008
1.1572058777811043
2.387001006168084
2.4487759190728333
1.249699691026444
0.6944117428788161
1.7024177937680143
1.6808369859682162
0.9786998611353555
0.629593427922531
1.4080410917811559
1.3627424385829157
1.5864966211544274
0.7268545659082215
2.463799007300107
2.224376342739841
0.7501621562792515
0.8641621443565455
1.203012020898265
2.1009485845919604
1.4922059904444047
0.5288682583191056
2.1687432766968344
0.6553692048590181
2.300281397764812
2.426551180377297
1.2487478881710368
0.6642439935436357
0.5375118875066438
1.5774386812722274
1.9320017990397844
0.7448586505957997
1.654862724550995
1.7334150176110406
0.9130410470072146
1.9672642445893411
2.1819480141848464
1.2044304680165145
0.8802412104612656
2.011714276180843
0.8698198613580574
1.248970193778884
1.7909261845768032
1.9179449359887553
1.8971008271556824
1.7137356137954882
1.780432797619761
2.473843129581608
1.2876588674304381
1.7023641974868622
2.3057411614591814
2.313836973720819
2.2091775529669224
1.8284216496540686
0.5180992872122088
1.9553832311225314
0.5683505363000312
1.0159616135095186
1.7958757940700334
1.0876960139922538
1.2633247577953388
1.8100631309875004
1.6865719826895955
0.8794447287125973
2.2593443212032045
0.9391384023218059
2.104695098728087
2.3931686557042147
0.7226571137848974
1.975943993811951
1.8019326832574423
1.808263971996231
2.324313323885553
0.5091885180423887
0.951797790169121
1.3291316920329954
1.9151583164063688
1.9542445331428824
2.1101181353137184
2.0531373053120725
1.9572233214273753
0.5352761268000548
1.369554707811216
0.879852887470715
2.42154371631039
2.2928034314036925
0.7861545509075434
1.520146536793684
2.339193342399198
2.0770883106407965
0.5503912543984371
2.1666775886344984
1.8827177443686056
1.515288927112877
0.7318451279301774
1.5819077471248653
1.1892168512507282
0.7312791520800175
0.5008598266630999
2.163658760110354
2.3771871899944306
1.3432663032040377
1.6199747806736498
1.5146394255874196
1.9984179135888755
1.5763868685644784
0.6698324982347883
2.016204936571527
1.8112939104150196
1.2563535990589814
1.2569267559355548
1.9567396800819086
0.6623546100103475
0.8298585092181732
0.8621369561348882
0.8152533949936771
0.7931202376320712
0.552110193876898
1.85631317853493
2.454900038921877
0.8791300427597117
1.5900055993800912
1.0698151586940787
2.0818289495432216
0.5224718400070152
0.5336842387217036
0.8590384016653998
1.7201312538685982
1.8272465840843928
0.8929258916587139
1.618602063101422
2.4750959552200698
0.9723737570791482
2.28905802757464
1.2259649358744096
1.7139898495177648
0.6429747979277658
1.33126454755525
0.6116789273441356
2.3886304519941466
2.2147035656480236
0.5058823830781518
1.519221607480853
0.7782696026067693
2.0992366168130054
1.6845397551547996
0.6841219717817733
1.432627615707845
1.5151619860671062
2.4890438252695466
1.82116372662987
1.487648143197867
0.6152335261172546
1.9892619894245462
1.8495465981693329
2.209905795082622
2.4208857763362923
1.3886582025542735
1.8215208512655257
0.7922878925546553
1.157927809824266
2.2988998382688317
2.0038062423024865
2.09477243909691
0.936395648417458
0.9807135604428847
2.1680692212698203
2.230730267561525
1.4884813212610848
1.4229430546655304
0.685803444149212
1.2991499986449886
1.6237618434998107
0.9816887335963329
0.8995010524574556
0.8928281722416918
0.9082719971267144
2.1183101669872606
0.5281423114277772
0.5987762446426601
0.9365192979716517
2.427118894615795
1.6582054682191967
0.6099787856323287
1.5167923195701247
1.649545000812626
1.6788051833366735
1.0899622083531975
1.42906108206278
1.5345707898421197
2.450580044647368
1.6024491030245538
2.0838969600883495
2.2766756752206803
2.395282249034172
2.0044044697016807
2.397334000828074
2.259082959682302
0.6898515492073336
2.132930257026907
1.9784567725167033
1.7921789966060133
1.3624830927229068
2.429668461481212
0.7490654852910033
1.3246721097844278
2.0830025197913216
1.0095020051160428
1.6240330711458164
1.0951073319717046
2.3142279600533424
1.4271928033907728
0.7033456902945971
2.162720025225667
2.4466313574777883
1.6732844451214335
0.7648005090849244
1.1518818798130988
2.3310474900203246
0.6648283553355046
1.8876633515487273
1.7428503797093462
1.738872561627746
2.0852978040632353
0.7612317709164975
1.6722690303785055
0.8127030653025666
2.160612128522577
2.2930943150947725
0.9829584847387642
1.6676598624653303
1.9725125406213997
1.6329007983170247
0.8782228390836824
1.3160699590650855
0.7100843059179713
1.3415751345188647
0.8278940294259352
0.6954889875902122
2.2067692931328304
0.5002606544617847
1.6879375674965853
2.0243471998349
1.2877745729794927
2.0810200181976373
1.1043754095051397
2.091403988494524
0.6171758452111107
2.2189887523664886
1.1827117565392742
1.8212379125839053
1.91505862268267
1.2642736201808973
2.3313423762704986
2.130221918869484
1.1033811784965892
2.2319919606296725
1.214614651987091
0.5095428528426087
2.1902385406982594
1.0075046314793443
2.0465601804922393
2.2400511974062995
1.6585586416464273
0.940421118841329
0.7245123702315517
1.0447178194943538
0.6167625153882175
1.8198550176067176
1.5076664228581045
1.2980128968906026
2.4418932579370463
1.3516896993243368
1.5220748125284438
2.409396670739906
1.7341673492202456
1.393611156629706
1.0918987113577836
2.4288858814800527
2.4586934417804347
1.6546464830221657
1.7020143268715633
2.0798755939998355
1.439075661249028
1.1194354803718505
2.239656710490233
1.3704175865127386
1.7403915405504162
1.4755432271068065
0.5814197121977336
1.9103448291777982
1.9137444776131927
1.2438573296466728
2.338563957314621
1.3886902543735467
1.2679006305030038
0.5737984513265151
1.2301468800748054
1.4990883119886333
2.3786435427128607
2.1544284003495093
1.3640553534850326
1.641936460870811
2.3585603104711295
2.365104333216978
1.3583145392327802
1.8556423724050255
1.9026605171283768
0.7629338398918835
1.682670885326737
1.8311975491827943
1.8056863822343667
0.6882831069682698
1.4052159070724421
1.4384696652473832
1.4288152241123322
2.2319789800168954
2.1590319353894545
1.1921165189212735
1.816733773954288
1.1387892774966917
0.5995419799354023
1.5875059262784752
1.8643072147291515
0.6374298307491328
1.341415640087019
1.2939457816932363
1.1356503916682834
2.442769199131156
1.378403461669774
2.0283208808190745
2.0120606601038364
2.0248169222986148
1.1783813568700205
1.2273834739970686
2.4006227805327507
1.2048920752157284
1.181244822027555
1.193068206988037
1.5584980098086003
2.4220640363606867
1.2941894284092341
0.8211328483327676
1.0572193369069809
1.9363122697131963
1.5187855183297412
1.780321496648005
0.6145205413106405
1.0690652995447023
1.146903660776642
1.2354390316707924
1.177862041587173
1.8811422201572774
1.863848292009866
2.4265707058087234
2.3849916073855333
2.3102522673579804
2.189690806403822
1.8777550264070495
1.807167920680249
1.0674338823483718
2.3588225451460287
2.3749492178024227
1.4816369303465673
2.2738589819751542
0.6092050261162758
1.7087675803776596
1.0427588373235956
2.1284315549586905
1.567131095792672
1.7188622727869203
1.5161239120799035
1.571283578643175
1.9165335852588161
1.8966464993873964
1.9179862067220086
0.7172860874099465
1.8604752825973063
2.1658223317887666
1.1242417158094473
2.2061453021823674
2.373556860182358
1.2247507739671168
1.3354100188798324
1.35072394088368
0.6593941088308592
1.6336815460196836
0.7029504325360414
0.9566621146572414
0.8197812983985036
0.720258222068431
1.8517172335616412
1.7219680582264392
1.024313174698388
1.5069396766950585
2.330451683821111
0.6453675448392324
0.7354223980764527
1.427522641567725
0.7096832416290333
1.4036243438202776
1.9424892047926325
1.2229378589874935
0.7016779537389697
1.5185330225493485
0.5648210048566451
1.8539537283315402
2.2840244572984076
1.6044510444500317
1.9365217389812608
2.177863483426088
1.5159173127436725
1.6109847107233461
1.7438958247695042
0.7577663414477505
0.6022028996169033
1.7679603755189615
1.757094063944604
1.7717567851101468
0.5169719056759321
0.7995269691263971
1.7156072238528115
1.81845428414474
1.234137795513166
0.6778388485592612
2.1825498874250973
1.1983847145762478
0.9581136754261321
0.5434584382395469
1.8028747361307134
0.769183199364349
1.7949874201484848
2.3708231756798828
2.277936083916119
1.6329249781579287
1.2128649367014313
1.7225212781232382
2.037209752421381
1.6849716318211543
0.7469638897806863
0.5534696970914876
1.705253796704604
1.7631544174380085
2.2288733674014205
1.4130738186561935
2.0473332810077336
2.0619742518747124
0.8974759115384234
0.6579828870717999
1.236650453906178
1.5944216065904209
2.028210130533312
1.6942757153063701
2.3269836952304845
1.624605015680921
0.5991618369589782
1.499048087555055
0.5543812933953014
0.5503678926066327
0.675196925252028
0.5647847469731189
2.3111933220335006
1.0697096034998892
0.8142054672892103
1.8047137107380335
2.2673623408457333
0.8471972460206234
2.076121264574051
2.0802137620836794
2.3538070431034672
Rank 2: 200 simulations
1.4416192379533235
1.5596726450410356
1.4937994576017857
0.6972408687763199
Rank 3: 200 simulations
1.3381631658306412
1.31119315241158
2.3939559439504485
2.164317245087485
1.6994334441529948
1.1859088964362796
2.4385520533877383
1.938249731289217
0.5237087678889247
0.6387975568616331
1.883105645987256
2.2482086849863343
0.9827298104881217
0.677177835213362
1.3675637721284093
2.236890314678807
1.5861384961567715
1.2551901582319667
2.1091780452478446
2.410015305153367
1.3273004460841804
1.8999821800033017
0.8145124877262606
1.0974971433549354
1.371742022441077
1.2048265197109311
1.2092458084339204
Rank 1: 200 simulations
1.8695232567843625
1.407386091936896
0.6153050992744509
2.1171978323470855
1.1118791286589769
0.9363056353046919
1.8860167365580038
1.8195294424642452
1.10824510121058
0.7740761971138548
1.9737986201737803
1.3598926900382815
1.4096900537840134
0.5281335578803443
1.3555209104152754
0.7113017651044649
0.5905927301906662
1.135195091336121
2.4443393287094524
0.9472222919441864
1.5292873752609872
0.8533370052477198
0.6258560050711568
1.1410800440693605
1.3557827629357324
0.842976348246421
1.96352755169146
1.7823391490426432
0.7536983215917952
0.8156219853240543
1.633722123948864
2.1083803120431024
1.3046850623354567
2.3788191764116116
2.2773939206973495
2.1762076454207615
1.731259679236638
1.2561164338035098
1.4401446607772057
Running 800 simulations with 4 MPI ranks
Rank 0: 200 simulations
