==========================================
Mass Fraction MPI Run
==========================================
Date:               Tue Sep 22 23:38:24 CDT 2026
Host:               ac006
Array job ID:       2156337
Array task ID:      4
MPI ranks:          4
CPUs per task:      1
Nodes allocated:    1
Python:             /scratch/user/u.hm357857/.conda/envs/comets/bin/python
Conda environment:  /scratch/user/u.hm357857/.conda/envs/comets
==========================================

55.44241249082084
116.32072607457982
100.52772947445939
25.62379619355559
33.959444981538155
41.99657026743944
110.36506296370898
56.2356049208707
49.25181092124592
84.62651616179876
47.2550522789171
75.77064252882926
118.80020374628131
62.2141282702004
70.61223231490158
47.429318878888324
34.926812409753325
102.18159324681228
80.08360832914843
77.32908933465171
106.8421598048524
101.51820669999299
86.4906280852206
82.30255365498289
37.26830315120516
56.68717182798886
84.67065456728496
66.73784484618247
35.49665647802548
100.59069707697738
69.92775137267206
116.19787336433023
86.29049689426228
39.80116212794618
55.50495407088428
86.67084355829084
40.18518747156531
95.96516118131964
29.22039015767689
124.96494551339275
115.1523017868814
59.55878342684561
51.26688357574565
90.30243923486232
86.94578542033648
106.51895927212792
75.97034371047778
31.92246399291001
104.9456290352664
41.83569725873285
117.03890569033398
104.86948392175715
38.8259601292136
26.233321199884564
97.1749735366516
73.84382305599848
63.8790703054045
76.73037453978573
58.36405836343985
44.472631225432046
48.93550504265086
86.05039645383461
92.39316894152095
25.91323417408863
117.07368248472262
113.13842231064667
60.705456978615935
52.00012115502905
74.16304911629081
64.02491084980944
80.77161980472559
29.296461825643515
50.14904541758327
61.14400676065763
70.16329347078955
54.580998677920654
84.23469617959046
48.505944596121864
93.70354840478208
121.92470056635291
52.84113382758081
108.08277193395561
120.63809553235029
76.69174650038762
41.66828084046952
62.84560806293996
31.31234242573412
75.35674317479658
50.349191307461204
30.192840358768947
76.0540581526442
40.73551525378717
39.353019547513554
81.43624260574205
51.95668429435612
91.07864790291704
61.19085242132619
31.982521076005668
61.917587282829814
32.533437954362995
69.42285231709228
63.00711226353719
123.75530251191618
68.81021381709844
81.6317024359416
29.60896041047596
123.52005165240341
106.67767420492464
122.12816784942919
94.87562276027438
53.45424920458865
61.909459372285326
29.842790587016864
48.61508732511274
111.37826182809137
80.37404964142033
59.03992999437543
26.63333363082473
109.91341147445254
40.89307473734427
70.51353264835558
32.08481449916465
96.37196152000782
119.42825977064939
26.219416186095433
121.30895969848767
80.44491907734766
72.32512212464921
70.79944198791856
61.16019184025724
109.80556093538515
98.31074737734359
47.237335647222636
65.67141647302219
51.62381382807634
107.41193127874855
52.05600139706158
40.24365581769669
47.67887558994942
121.34364328757688
82.7515510079632
74.9554883530943
46.12388370863688
84.37964394459537
29.32515323558166
82.92662606011197
104.80646838255802
91.04043268542704
111.37436060930963
111.90865554888954
35.25784699867434
49.55295388438374
33.64599970840219
94.50377899858378
89.44390146384252
110.21169060253406
114.30791409541148
68.2571370527188
108.32770164635409
120.13194683541211
79.9222842628628
82.8696518585045
72.43910510465709
40.839872973167104
29.201756187435567
31.663501969837746
29.918586829997096
39.24113510133935
111.16411814146817
122.52493040891382
115.82100425298803
36.80943787757669
54.284642017118
94.93842449322881
92.00176645330791
113.65600926937995
99.89619097749129
94.79042447408912
87.03830349820616
76.72532435065942
50.994703726178535
100.56646336023394
40.1481073243435
31.825611588059143
49.011873185237185
40.15127196242847
45.769025251190655
104.1612481939918
80.30011252963033
34.050937704472375
102.47214532897779
114.0965548354689
113.01670447708167
98.63636353498106
103.78111338511918
123.40728495281425
29.86784512909381
118.02092989200203
123.33403202092933
111.41197055816859
33.71210817393748
82.34661584580819
86.16659607227066
115.55653618666734
83.23328565725159
48.847142517615154
114.09303264922505
44.54647349252315
29.373965610140253
68.99585924171441
113.29424173620065
57.550149187888266
63.67467629872036
53.255203626228344
65.02480902533938
107.08633498854186
112.82485699971768
88.13083358459735
105.64793322287233
89.93039967612111
124.82179627647487
102.71986887181578
27.72673917531869
70.3067914826375
43.05399771244226
32.61409116017925
94.43051008763096
63.83183346427646
48.770479638900945
25.499470213551724
110.70784091473288
98.4447543108194
102.82206006848921
55.79030873293872
121.75386586476073
102.51198785124352
45.86995127353308
96.87033972073877
121.89203037767108
32.468723796383216
54.84278719864969
47.65952980630581
103.72396178146114
50.618329693934584
80.88482515055486
38.1229190586866
69.95631525501626
46.984428661178846
123.88227475033824
61.371135787865846
116.11674446469948
110.79145803578344
45.17876928062401
54.15241354766398
52.26405984092521
38.25616241294586
27.82046131854823
38.12799251678407
113.76733052343432
46.570485884991676
111.92381322309242
104.70995562569631
89.73809885723183
59.03033388934933
69.77301683032985
58.65839751242656
58.26562278209491
104.95407916053895
108.16531520769136
124.00948712682866
97.5288510555646
73.15791046717919
102.91034797057371
114.11803818017793
116.59239775688633
86.20335802182919
27.305234795456666
55.1148634948385
73.86345970407706
122.18570745806949
44.859769792145585
95.14521658708733
92.10039634746043
73.73799348077034
56.36539695203783
79.62999845582858
72.27247285137614
53.299446950918416
115.8264715207867
119.75911552665178
112.4252139145107
45.59346890521611
113.16291009841319
70.84765285852838
33.920050008842495
74.93701622464356
102.30559965000081
120.15796080191052
62.42593230265865
72.04998237151284
42.46509909465243
51.23221197034034
72.65311381209547
107.24969623756387
120.95401307880987
50.83436931992381
102.60535086890792
40.545871601685164
37.54449871321963
41.86939146597006
48.06075525732669
80.00000004957477
59.981507041819846
51.24368280418052
76.95637893370215
44.957676237889714
87.13828798713303
116.11392154618022
40.303241781292755
104.91607190296128
75.44513450194856
96.28710883458274
91.91894376879382
97.57220934363635
86.81212884050748
44.94325650032551
32.20266125497039
49.690119021946884
95.76074612376954
73.24607848055288
108.31581857326165
88.00239097682089
42.89261857370293
46.00922762383057
60.25134303193447
47.503802412590034
122.9237450765466
62.29946031900676
56.874321428844524
69.20664843842957
114.88863175053956
88.51193671350329
54.704458874558085
97.67416039623504
103.066791380776
92.20548833793913
109.80669217921239
50.13927354002323
96.83306425732493
34.933880392712304
60.45589291263029
117.15970528023784
107.61375615069161
106.92581798180157
79.67559497205718
92.64838979676448
66.64459505752615
28.419943118864843
51.20488206772744
66.35625754853343
33.79822192255584
100.523815770691
113.7831428665637
118.42867385689323
35.98907864300163
38.32452176827172
84.22001529316239
121.3277527218348
40.12546222625218
91.758512149349
77.39912748497169
81.49645300676507
122.95001741192094
41.578177881529484
61.70385839160739
49.20154342976569
63.06846534512523
38.01267709081534
123.53038040062863
51.769362644139065
46.198505543710745
84.93303236992362
82.63153312193394
76.77029275851872
72.80753079623686
68.64347158477386
45.83986223501796
99.2078822534928
27.859021474558766
49.23687070791661
35.813651157713025
118.63189660169962
82.37878679255132
75.74917605183663
111.49754181570928
47.95099929038625
62.7173402184258
52.10823316496204
72.95712516895802
64.48325439143379
44.27985435147169
49.45125789397832
89.72685785392667
34.40142273918414
94.10109710996853
28.468191746830428
49.03993346954732
54.81062850440014
29.0375305335992
28.659801390596463
83.04464655864871
119.29509499779822
52.709114518559204
49.57472074057276
88.42676364370857
31.894195445202612
111.69412329905893
62.74074021191072
79.87308851660707
81.36546105538892
96.04339598461321
111.34003936318268
73.35315682923104
78.85992927125835
63.28441946182814
70.02423870912915
100.9861805245828
101.92532273133405
39.35891768019383
67.5466095794315
86.96907848546172
117.69953067022134
80.4995311521209
118.49423331605063
87.58440562483918
95.35675979844534
57.94286102308585
30.656610240560234
33.61178033039969
26.66579190628048
33.90064661201161
91.77486230469914
110.06558259421114
72.80744577060217
51.954297177729316
124.54714588219406
56.55092930382322
29.247746260854832
91.13548722940767
88.02520955802036
105.68104323624401
40.87857537557987
89.35518629860222
51.56596897309947
83.005089031816
82.59486419730294
92.87723161003221
60.63153528414353
119.40461781628984
110.95788802563766
68.26434933982128
105.96913958735334
69.65672985881517
43.63918918752986
49.873150986132245
81.68135624436857
58.48586840640654
78.28726737076983
102.69206388306739
124.34732996175798
67.76667514789821
112.45444347203748
53.90630093710933
122.1861672430093
29.900416144518758
37.41244315549811
100.13044229638332
104.21108424728159
71.20131562779513
107.00063202573006
66.46131809847483
121.23850726443666
63.41596135797739
65.99640008270066
112.19702123254565
26.700960566797228
84.41885804233749
65.58938883435594
60.92690659226794
51.619456957412055
27.67148990198114
26.472600744120623
114.91071872759211
39.04017219929694
73.09463908539277
122.02734312869869
56.73441256499273
89.8807604785913
105.55765726696455
120.0355272335378
31.476942564024334
79.45549476846779
124.9701086323553
48.880232858277054
64.63564685567862
101.26653949236538
66.3401793577143
99.89427331738122
89.92654109145822
124.65994770817748
110.49051116693607
71.3082994962968
90.75615717160237
97.52913739226759
55.09872442949471
87.74816984565618
60.746248585343196
37.63496013644465
84.07224351994918
55.1625596907845
30.00979232815697
115.22853227145836
107.04911770764436
65.92430571898376
78.19469351587958
44.6823057562426
27.185900093581814
42.63340120185653
83.81007832117422
93.66684389673281
95.51275080693479
124.38194575007499
39.621117898322396
119.58020563615145
55.95154455628496
34.788332820371366
73.85176283502419
90.42201420964601
33.99488589278725
33.91262470936901
67.36936160212154
93.31784217915599
29.018449005535786
93.18531846402544
95.7630118253121
43.776813827670054
38.428997505512385
87.27761048292471
30.0002866973327
92.13593460307
54.75034130606669
90.59070868634883
112.98281776429134
124.57730660253674
33.636513236706534
67.05005094019424
53.90610654176202
118.01723466629863
47.80262128679481
75.1668995519308
62.52899086672622
39.557423399034164
96.99536847731794
47.01509486681442
71.75244476576468
50.22997770602614
53.39992224742942
62.940999688058554
61.17608856100812
52.9707283178914
77.5855190747099
77.42279808253116
105.07049434958208
57.46559477187473
99.31239135637176
120.79256721004347
90.41794428129433
99.0065110483691
99.43526266768882
51.57195766380846
90.244874803087
98.87968708777036
38.25660132366113
40.44878606404355
102.19758789216196
90.31453676741314
36.15597804619078
97.65492774415564
110.77922872133736
78.78438865798407
78.58785782218821
63.237864257458156
27.273886177460515
62.632046655210594
30.827794775727547
95.62769529721969
32.874057203515484
122.35004077589676
71.07309176853974
98.50825489478262
108.23279596981908
124.0112483128332
123.39616967368215
78.91714047635364
67.5216110490831
26.488263758290543
111.78531151807877
113.37272706450146
104.50283085911677
67.2575812317163
120.00555597930102
123.37327911933961
76.20279821606744
115.85723854284512
57.01979014852094
42.06587808915221
68.85637948141854
43.678325487117036
36.74363178670512
55.48770249787843
102.29042870021341
89.26627100514895
99.711415118719
57.88509675414345
69.28412865838169
96.57187235234524
66.28502983129137
113.47811524243585
83.41828573931824
43.592403446328234
81.24506032454326
78.55601945557373
99.96575329209439
61.263644653596536
54.85207454857309
121.97091473344156
71.16762145053738
63.30375520261045
83.5508686739112
97.31943642979634
33.357704859037455
80.57161695738651
87.27795117679477
55.28679290742858
87.99119570494591
66.24396627528745
32.177304675845086
55.029368964066116
82.11647392720172
43.011693098637
79.93372410765463
25.686274874126635
68.01606670936259
63.45805848547912
120.83025091556406
122.9231215774943
88.59511286672901
57.90672453587922
115.97783213758814
27.84716306282451
121.07553328175747
46.452528846687386
98.38887440586845
60.78064965395487
86.35087716127622
76.4663533751558
49.75994364086789
111.77262159682292
71.54673118298635
81.57637488253116
42.883250332827686
30.85139542483015
121.46527840817481
53.06123147358996
79.32026819028508
78.23620551061722
25.508181220086833
114.91500545543637
118.00544310065393
35.118587239335426
53.93067243476239
110.72662930159701
65.52931018303244
71.2670809461934
76.80978615314409
47.19303482833275
93.95688195375297
110.83795818009598
88.29999222542541
59.831028696393155
103.92220139627744
110.78275023564566
116.80602717628149
30.475294664005492
113.6927548315955
115.13383640453085
29.095108595308506
71.29238137149164
71.9522719492904
74.02694219121977
28.428837969952824
35.694021210803726
32.25390881439023
75.24296114656741
35.03561116302221
61.54636713694482
46.245616810061875
44.61810833487917
107.09296166837392
38.079987914662304
118.59309157380812
70.49873907369164
115.14598580852984
34.25109981275265
74.14106176073199
122.19124614674578
66.10744990873862
68.81470583801959
59.71397083869066
95.28059786413739
78.02730117034712
60.9323619640186
51.43531598012613
82.07828931985917
118.30538243404874
83.78071582991343
124.34702698166281
118.74954614258414
124.41372285862454
107.64659108340457
44.62989148701616
108.13892885236889
79.96368923267732
62.454207640385306
116.9385593841235
78.6019440134025
116.89845323521706
95.7281346472242
83.1328689453077
122.26259139826897
84.97576465351227
99.17732326878696
60.528768616507314
61.735181899832156
119.67802063432524
72.59171623250887
102.41876627387806
95.42374106574803
99.93126394678617
51.690008581548284
50.73834867710869
109.08196922104489
56.76861099480516
33.407017813316116
40.335786481882074
86.78369353973386
95.49901215698202
25.778882776517175
122.41487620217526
121.4358018757395
58.59621717705931
77.16596098542877
46.382033124460946
65.52730344967661
28.767882569627112
107.59160081964842
28.144484166288265
53.99138267317488
77.24514639562103
55.75048813032514
108.70591040126959
121.89871475254742
70.88745907250214
60.89560458834404
50.86161629007401
85.80071955560985
42.94029716407655
46.064313432904356
87.40652346087336
113.72754332149714
110.24792297929922
49.97715255240803
76.19156600917532
117.55327250545889
31.90376348037841
96.7145251055172
33.73546880166796
42.1337543159637
104.83263915575426
103.06407632716267
66.58690178789911
29.602354798284694
26.57104658649365
40.595175062685044
91.29625369264568
86.41133693499012
34.7953389544727
47.16974217917187
61.91031470498006
Rank 3: 200 simulations
Running 800 simulations with 4 MPI ranks
Rank 0: 200 simulations
42.798872547509276
Rank 1: 200 simulations
Rank 2: 200 simulations
t=24740933  fraction=0.11375  peak_slope=9.195e-09  t_peak=12370467  comparison cadence=24740933  difference=0.11375  below=0/3
t=25094375  fraction=0.11750  peak_slope=9.195e-09  t_peak=12370467  comparison cadence=24740933  difference=0.11750  below=0/3
t=25447817  fraction=0.11875  peak_slope=9.195e-09  t_peak=12370467  comparison cadence=24740933  difference=0.11875  below=0/3
t=25801259  fraction=0.11875  peak_slope=9.195e-09  t_peak=12370467  comparison cadence=24740933  difference=0.11875  below=0/3
t=26154701  fraction=0.12125  peak_slope=9.195e-09  t_peak=12370467  comparison cadence=24740933  difference=0.12125  below=0/3
t=26508143  fraction=0.12250  peak_slope=9.195e-09  t_peak=12370467  comparison cadence=24740933  difference=0.12250  below=0/3
t=26861585  fraction=0.12500  peak_slope=9.195e-09  t_peak=12370467  comparison cadence=24740933  difference=0.12500  below=0/3
t=27215027  fraction=0.12625  peak_slope=9.195e-09  t_peak=12370467  comparison cadence=24740933  difference=0.12625  below=0/3
t=27568469  fraction=0.12750  peak_slope=9.195e-09  t_peak=12370467  comparison cadence=24740933  difference=0.12750  below=0/3
t=27921910  fraction=0.13000  peak_slope=9.195e-09  t_peak=12370467  comparison cadence=24740933  difference=0.13000  below=0/3
t=28275352  fraction=0.13375  peak_slope=9.195e-09  t_peak=12370467  comparison cadence=24740933  difference=0.13375  below=0/3
t=28628794  fraction=0.13625  peak_slope=9.195e-09  t_peak=12370467  comparison cadence=24740933  difference=0.13625  below=0/3
t=28982236  fraction=0.14000  peak_slope=9.195e-09  t_peak=12370467  comparison cadence=24740933  difference=0.13875  below=0/3
t=29335678  fraction=0.14125  peak_slope=9.195e-09  t_peak=12370467  comparison cadence=24740933  difference=0.13875  below=0/3
t=29689120  fraction=0.14250  peak_slope=9.195e-09  t_peak=12370467  comparison cadence=24740933  difference=0.14000  below=0/3
t=30042562  fraction=0.14250  peak_slope=9.195e-09  t_peak=12370467  comparison cadence=24740933  difference=0.13625  below=0/3
t=30396004  fraction=0.14375  peak_slope=9.195e-09  t_peak=12370467  comparison cadence=24740933  difference=0.13625  below=0/3
t=30749446  fraction=0.14500  peak_slope=9.195e-09  t_peak=12370467  comparison cadence=24740933  difference=0.13500  below=0/3
t=31102888  fraction=0.14500  peak_slope=9.195e-09  t_peak=12370467  comparison cadence=24740933  difference=0.13250  below=0/3
t=31456330  fraction=0.14625  peak_slope=9.195e-09  t_peak=12370467  comparison cadence=24740933  difference=0.13250  below=0/3
t=31809771  fraction=0.15000  peak_slope=9.195e-09  t_peak=12370467  comparison cadence=24740933  difference=0.13625  below=0/3
t=32163213  fraction=0.15375  peak_slope=9.195e-09  t_peak=12370467  comparison cadence=24740933  difference=0.14000  below=0/3
t=32516655  fraction=0.15625  peak_slope=9.195e-09  t_peak=12370467  comparison cadence=24740933  difference=0.14000  below=0/3
t=32870097  fraction=0.15625  peak_slope=9.195e-09  t_peak=12370467  comparison cadence=24740933  difference=0.13625  below=0/3
t=33223539  fraction=0.15750  peak_slope=9.195e-09  t_peak=12370467  comparison cadence=24740933  difference=0.13625  below=0/3
t=33576981  fraction=0.15750  peak_slope=9.195e-09  t_peak=12370467  comparison cadence=24740933  difference=0.13625  below=0/3
t=33930423  fraction=0.15875  peak_slope=9.195e-09  t_peak=12370467  comparison cadence=24740933  difference=0.13375  below=0/3
t=34283865  fraction=0.16000  peak_slope=9.195e-09  t_peak=12370467  comparison cadence=24740933  difference=0.13375  below=0/3
t=34637307  fraction=0.16500  peak_slope=9.195e-09  t_peak=12370467  comparison cadence=24740933  difference=0.13250  below=0/3
t=34990749  fraction=0.16500  peak_slope=9.195e-09  t_peak=12370467  comparison cadence=24740933  difference=0.13125  below=0/3
t=35344190  fraction=0.16625  peak_slope=9.195e-09  t_peak=12370467  comparison cadence=24740933  difference=0.13250  below=0/3
t=35697632  fraction=0.16625  peak_slope=9.195e-09  t_peak=12370467  comparison cadence=24740933  difference=0.13000  below=0/3
t=36051074  fraction=0.16625  peak_slope=9.195e-09  t_peak=12370467  comparison cadence=24740933  difference=0.12750  below=0/3
t=36404516  fraction=0.16875  peak_slope=9.195e-09  t_peak=12370467  comparison cadence=24740933  difference=0.12500  below=0/3
t=36757958  fraction=0.17125  peak_slope=9.195e-09  t_peak=12370467  comparison cadence=24740933  difference=0.12375  below=0/3
t=37111400  fraction=0.17125  peak_slope=9.195e-09  t_peak=12370467  comparison cadence=24740933  difference=0.12125  below=0/3
t=37464842  fraction=0.17250  peak_slope=9.195e-09  t_peak=12370467  comparison cadence=24740933  difference=0.12125  below=0/3
t=37818284  fraction=0.17375  peak_slope=9.195e-09  t_peak=12370467  comparison cadence=24740933  difference=0.12250  below=0/3
t=38171726  fraction=0.17750  peak_slope=9.195e-09  t_peak=12370467  comparison cadence=24740933  difference=0.12375  below=0/3
t=38525168  fraction=0.17875  peak_slope=9.195e-09  t_peak=12370467  comparison cadence=24740933  difference=0.12375  below=0/3
t=38878610  fraction=0.18000  peak_slope=9.195e-09  t_peak=12370467  comparison cadence=24740933  difference=0.12125  below=0/3
t=39232051  fraction=0.18375  peak_slope=9.195e-09  t_peak=12370467  comparison cadence=24740933  difference=0.12375  below=0/3
t=39585493  fraction=0.18750  peak_slope=9.195e-09  t_peak=12370467  comparison cadence=24740933  difference=0.12625  below=0/3
t=39938935  fraction=0.18750  peak_slope=9.195e-09  t_peak=12370467  comparison cadence=24740933  difference=0.12500  below=0/3
t=40292377  fraction=0.18875  peak_slope=9.195e-09  t_peak=12370467  comparison cadence=24740933  difference=0.12125  below=0/3
t=40645819  fraction=0.18875  peak_slope=9.195e-09  t_peak=12370467  comparison cadence=24740933  difference=0.12000  below=0/3
t=40999261  fraction=0.18875  peak_slope=9.195e-09  t_peak=12370467  comparison cadence=24740933  difference=0.11625  below=0/3
t=41352703  fraction=0.19250  peak_slope=9.195e-09  t_peak=12370467  comparison cadence=24740933  difference=0.11750  below=0/3
t=41706145  fraction=0.19375  peak_slope=9.195e-09  t_peak=12370467  comparison cadence=24740933  difference=0.11750  below=0/3
t=42059587  fraction=0.19375  peak_slope=9.195e-09  t_peak=12370467  comparison cadence=24740933  difference=0.11625  below=0/3
t=42413029  fraction=0.19500  peak_slope=9.195e-09  t_peak=12370467  comparison cadence=24740933  difference=0.11375  below=0/3
t=42766470  fraction=0.19500  peak_slope=9.195e-09  t_peak=12370467  comparison cadence=24740933  difference=0.11375  below=0/3
t=43119912  fraction=0.19500  peak_slope=9.195e-09  t_peak=12370467  comparison cadence=24740933  difference=0.11000  below=0/3
t=43473354  fraction=0.19625  peak_slope=9.195e-09  t_peak=12370467  comparison cadence=24740933  difference=0.11125  below=0/3
t=43826796  fraction=0.19750  peak_slope=9.195e-09  t_peak=12370467  comparison cadence=24740933  difference=0.11000  below=0/3
t=44180238  fraction=0.19750  peak_slope=9.195e-09  t_peak=12370467  comparison cadence=24740933  difference=0.10875  below=0/3
t=44533680  fraction=0.19875  peak_slope=9.195e-09  t_peak=12370467  comparison cadence=24740933  difference=0.11000  below=0/3
t=44887122  fraction=0.19875  peak_slope=9.195e-09  t_peak=12370467  comparison cadence=24740933  difference=0.10875  below=0/3
t=45240564  fraction=0.20000  peak_slope=9.195e-09  t_peak=12370467  comparison cadence=24740933  difference=0.10875  below=0/3
t=45594006  fraction=0.20000  peak_slope=9.195e-09  t_peak=12370467  comparison cadence=24740933  difference=0.10625  below=0/3
t=45947448  fraction=0.20125  peak_slope=9.195e-09  t_peak=12370467  comparison cadence=24740933  difference=0.10625  below=0/3
t=46300890  fraction=0.20125  peak_slope=9.195e-09  t_peak=12370467  comparison cadence=24740933  difference=0.10500  below=0/3
t=46654331  fraction=0.20125  peak_slope=9.195e-09  t_peak=12370467  comparison cadence=24740933  difference=0.10000  below=0/3
t=47007773  fraction=0.20125  peak_slope=9.195e-09  t_peak=12370467  comparison cadence=24740933  difference=0.10000  below=0/3
t=47361215  fraction=0.20125  peak_slope=9.195e-09  t_peak=12370467  comparison cadence=24740933  difference=0.09625  below=0/3
t=47714657  fraction=0.20250  peak_slope=9.195e-09  t_peak=12370467  comparison cadence=24740933  difference=0.09500  below=0/3
t=48068099  fraction=0.20375  peak_slope=9.195e-09  t_peak=12370467  comparison cadence=24740933  difference=0.09250  below=0/3
t=48421541  fraction=0.20500  peak_slope=9.195e-09  t_peak=12370467  comparison cadence=24740933  difference=0.09375  below=0/3
t=48774983  fraction=0.20500  peak_slope=9.195e-09  t_peak=12370467  comparison cadence=24740933  difference=0.09250  below=0/3
t=49128425  fraction=0.20500  peak_slope=9.195e-09  t_peak=12370467  comparison cadence=24740933  difference=0.09250  below=0/3
t=49481867  fraction=0.20750  peak_slope=9.195e-09  t_peak=12370467  comparison cadence=24740933  difference=0.09375  below=0/3
t=49835309  fraction=0.20750  peak_slope=9.195e-09  t_peak=12370467  comparison cadence=24740933  difference=0.09000  below=0/3
t=50188750  fraction=0.20875  peak_slope=9.195e-09  t_peak=12370467  comparison cadence=24740933  difference=0.09000  below=0/3
t=50542192  fraction=0.20875  peak_slope=9.195e-09  t_peak=12370467  comparison cadence=24740933  difference=0.09000  below=0/3
t=50895634  fraction=0.21000  peak_slope=9.195e-09  t_peak=12370467  comparison cadence=24740933  difference=0.08875  below=0/3
t=51249076  fraction=0.21125  peak_slope=9.195e-09  t_peak=12370467  comparison cadence=24740933  difference=0.08875  below=0/3
t=51602518  fraction=0.21250  peak_slope=9.195e-09  t_peak=12370467  comparison cadence=24740933  difference=0.08750  below=0/3
t=51955960  fraction=0.21250  peak_slope=9.195e-09  t_peak=12370467  comparison cadence=24740933  difference=0.08625  below=0/3
t=52309402  fraction=0.21250  peak_slope=9.195e-09  t_peak=12370467  comparison cadence=24740933  difference=0.08500  below=0/3
t=52662844  fraction=0.21500  peak_slope=9.195e-09  t_peak=12370467  comparison cadence=24740933  difference=0.08500  below=0/3
t=53016286  fraction=0.21500  peak_slope=9.195e-09  t_peak=12370467  comparison cadence=24740933  difference=0.08125  below=0/3
t=53369728  fraction=0.21500  peak_slope=9.195e-09  t_peak=12370467  comparison cadence=24740933  difference=0.07875  below=0/3
t=53723170  fraction=0.21625  peak_slope=9.195e-09  t_peak=12370467  comparison cadence=24740933  difference=0.07625  below=0/3
t=54076611  fraction=0.21625  peak_slope=9.195e-09  t_peak=12370467  comparison cadence=24740933  difference=0.07500  below=0/3
t=54430053  fraction=0.21750  peak_slope=9.195e-09  t_peak=12370467  comparison cadence=24740933  difference=0.07500  below=0/3
t=54783495  fraction=0.21875  peak_slope=9.195e-09  t_peak=12370467  comparison cadence=24740933  difference=0.07625  below=0/3
t=55136937  fraction=0.21875  peak_slope=9.195e-09  t_peak=12370467  comparison cadence=24740933  difference=0.07500  below=0/3
t=55490379  fraction=0.22000  peak_slope=9.195e-09  t_peak=12370467  comparison cadence=24740933  difference=0.07500  below=0/3
t=55843821  fraction=0.22000  peak_slope=9.195e-09  t_peak=12370467  comparison cadence=24740933  difference=0.07500  below=0/3
t=56197263  fraction=0.22000  peak_slope=9.195e-09  t_peak=12370467  comparison cadence=24740933  difference=0.07375  below=0/3
t=56550705  fraction=0.22000  peak_slope=9.195e-09  t_peak=12370467  comparison cadence=24740933  difference=0.07000  below=0/3
t=56904147  fraction=0.22000  peak_slope=9.195e-09  t_peak=12370467  comparison cadence=24740933  difference=0.06625  below=0/3
t=57257589  fraction=0.22000  peak_slope=9.195e-09  t_peak=12370467  comparison cadence=24740933  difference=0.06375  below=0/3
t=57611030  fraction=0.22000  peak_slope=9.195e-09  t_peak=12370467  comparison cadence=24740933  difference=0.06375  below=0/3
t=57964472  fraction=0.22125  peak_slope=9.195e-09  t_peak=12370467  comparison cadence=24740933  difference=0.06375  below=0/3
t=58317914  fraction=0.22250  peak_slope=9.195e-09  t_peak=12370467  comparison cadence=24740933  difference=0.06500  below=0/3
t=58671356  fraction=0.22250  peak_slope=9.195e-09  t_peak=12370467  comparison cadence=24740933  difference=0.06375  below=0/3
t=59024798  fraction=0.22250  peak_slope=9.195e-09  t_peak=12370467  comparison cadence=24740933  difference=0.06250  below=0/3
t=59378240  fraction=0.22250  peak_slope=9.195e-09  t_peak=12370467  comparison cadence=24740933  difference=0.05750  below=0/3
t=59731682  fraction=0.22250  peak_slope=9.195e-09  t_peak=12370467  comparison cadence=24740933  difference=0.05750  below=0/3
t=60085124  fraction=0.22250  peak_slope=9.195e-09  t_peak=12370467  comparison cadence=24740933  difference=0.05625  below=0/3
t=60438566  fraction=0.22500  peak_slope=9.195e-09  t_peak=12370467  comparison cadence=24740933  difference=0.05875  below=0/3
t=60792008  fraction=0.22500  peak_slope=9.195e-09  t_peak=12370467  comparison cadence=24740933  difference=0.05875  below=0/3
t=61145450  fraction=0.22500  peak_slope=9.195e-09  t_peak=12370467  comparison cadence=24740933  difference=0.05625  below=0/3
t=61498891  fraction=0.22625  peak_slope=9.195e-09  t_peak=12370467  comparison cadence=24740933  difference=0.05500  below=0/3
t=61852333  fraction=0.22875  peak_slope=9.195e-09  t_peak=12370467  comparison cadence=24740933  difference=0.05750  below=0/3
t=62205775  fraction=0.22875  peak_slope=9.195e-09  t_peak=12370467  comparison cadence=24740933  difference=0.05625  below=0/3
t=62559217  fraction=0.23000  peak_slope=9.195e-09  t_peak=12370467  comparison cadence=24740933  difference=0.05625  below=0/3
t=62912659  fraction=0.23000  peak_slope=9.195e-09  t_peak=12370467  comparison cadence=24740933  difference=0.05250  below=0/3
t=63266101  fraction=0.23125  peak_slope=9.195e-09  t_peak=12370467  comparison cadence=24740933  difference=0.05250  below=0/3
t=63619543  fraction=0.23125  peak_slope=9.195e-09  t_peak=12370467  comparison cadence=24740933  difference=0.05125  below=0/3
t=63972985  fraction=0.23125  peak_slope=9.195e-09  t_peak=12370467  comparison cadence=24740933  difference=0.04750  below=1/3
t=64326427  fraction=0.23125  peak_slope=9.195e-09  t_peak=12370467  comparison cadence=24740933  difference=0.04375  below=2/3
t=64679869  fraction=0.23250  peak_slope=9.195e-09  t_peak=12370467  comparison cadence=24740933  difference=0.04500  below=3/3
Stopping at t=64679868.57718461
Saved 613 remaining particles to /scratch/group/p.phy260085.000//Mass_Fraction/Outputs/Ejection_Results/remaining_particles_2156337_4.csv
