==========================================
Mass Fraction MPI Run
==========================================
Date:               Tue Sep 22 20:31:03 CDT 2026
Host:               ac005
Array job ID:       2156296
Array task ID:      0
MPI ranks:          4
CPUs per task:      1
Nodes allocated:    1
Python:             /scratch/user/u.hm357857/.conda/envs/comets/bin/python
Conda environment:  /scratch/user/u.hm357857/.conda/envs/comets
==========================================

0.5885736006295799
1.2114128976909997
1.6649068991984595
0.6261112525024322
0.9310018418224137
0.9885704037370413
1.044519423260819
1.6754639042543207
1.2281135219582278
0.8454784179134729
0.8377654243974026
0.5311569850267213
1.4305533675671929
0.5171122239365995
1.6244544002994652
1.6132358742368602
2.2785814416763817
2.1769901073703775
0.5261497553294707
1.6701107285113082
0.7787784038004801
2.3730481818460323
1.4586126913512862
1.1468426167974164
1.003829729440572
1.055656868652565
1.2949278322274522
1.1734539462172282
2.101274903179279
1.9956283115544908
2.2180015306489524
1.4795069117571118
1.9231922181468053
0.5753515376786478
0.9651330441495587
1.3142063114736802
1.8339835863416085
2.3742851139629324
0.7623509162186555
1.673911677910165
2.233392029370734
1.5747372639928974
1.0300438511636738
1.4916968275325704
1.865942654902586
0.8418075336422732
1.4171076614123055
1.7443470915974313
2.319422975826477
0.7213646846587005
2.306630802076972
2.08645732705349
2.0804483910245257
0.5045237454044653
0.8978358974075105
2.2635395697925698
1.6751641841502043
2.049930800584206
0.7945963227033199
1.3276640432045579
1.6403926849165937
1.1930013827689576
0.8685311544478063
0.7818681493858561
0.9471984503914461
0.8634877979704023
1.8766598893403672
0.7798107826414207
0.8675982927473884
1.9849276429798537
0.9192866857289599
1.6341013882441207
1.5661272015939922
1.9215586829949636
1.0415677931237122
1.9321392867805847
1.8603642053308465
1.4679767988276315
2.2150484342436476
0.7100766272221464
0.6286664700849585
2.056981930509716
1.9078886533758244
0.8238571471035823
1.4543732937303602
0.7149321164302638
0.6232248975512058
1.0706593640083273
1.0492312788366256
2.3421536912483605
0.8421539108340401
0.8464315313330151
1.5397555086595127
0.6086541183730205
0.5914100588797497
1.9439679135472148
1.541137134631435
1.7944239784226068
1.921147652178646
1.3619399294940027
0.8867663073680725
0.8968015204361286
1.8420171655989792
1.2590855295494667
0.6131202324807232
2.144269548016412
1.4706316960734374
1.1060693053719126
1.1814750315182685
1.4262299501369364
1.1381601579469671
1.9107904432570522
1.3456052229385551
2.425487211828445
1.1278290261190957
1.4107965752516767
1.9176480367157025
1.9092292513967122
2.31431329933126
0.5385085857234175
1.4963383947365956
1.0571893117665345
1.1268712402983818
1.6639108784146117
1.0306170398270746
0.5139588564238433
0.6645035788840676
0.8771275638411347
0.8165704825429603
1.1566942401261446
2.1944039362478174
0.5067852286616013
0.5621836650170824
2.116351184635005
0.8079759969485745
2.3620578557747294
2.487092264268434
0.7131417409443261
2.063902500064534
2.3390515456022403
2.2716478581537842
1.4417334899676322
2.018575864278853
2.147711239511974
2.2217140222094804
1.934208570946202
1.9612536510637577
1.8033941113445615
0.6074122946605334
0.7847703445088672
0.920741139819305
1.9131818912381073
1.174618461831337
1.6479464803629904
1.510032331957451
1.65965839942703
1.7370913889574102
1.5795986921612766
1.7486188945643661
2.132365102941871
0.5493188157465267
0.8862167561105074
2.426481638021021
2.1585896475881023
1.4750128838039762
0.8886864902379388
0.5554898452869739
1.6869614939295634
1.7975671192405387
1.3683915867819594
2.1922177784153116
0.6044304002751821
2.1142752629942567
1.6007385223258146
1.6053495033437237
0.9578946528385346
1.0719269830809022
1.8981773117162704
2.3230807276550887
2.488014908669033
0.791843244620285
2.4068342322592606
1.1665307267574536
1.609554865591889
1.0005934152900984
1.1666690320867046
0.6780548500301202
1.0248556346902828
1.0074510805685677
0.5918213040124796
1.9445067234040365
1.6888706341054491
1.125729284243961
1.1770201782187057
2.169224329506757
2.120371313391825
1.8916590542745024
1.37410794102486
1.4386718994455228
2.414613741895332
0.9294004525719752
0.5739382418799641
1.0065593359056648
1.8014083171976716
0.6356357544216795
1.3702450455400663
1.4039619857246004
2.3274218764785974
1.6543257998785978
0.8112143928600286
1.1872930611131711
1.539111780535992
2.063357028879877
2.0287120172903705
2.161585659782374
2.359981754487068
1.8755260182938376
0.93181678226791
1.8493160514833784
2.308533998099714
0.7110371911429987
1.8721363171193612
0.7730443173449799
1.1924386439535517
0.5018837383165868
1.049012556472653
1.8815630058702046
2.1847175009464133
1.8188033152962753
2.289155196248916
1.8716536805996362
0.7759003559206032
1.1125708631551818
2.1336156831927253
0.9626733848780116
1.9270595716306473
1.7173047889003605
1.5563759004240185
1.073701853826791
1.8920677842715996
2.2848260326775183
2.0652760115017683
2.005117871366458
0.8807704683316369
0.7121672481029038
1.0275879458172372
1.152173627217821
0.6229214585098071
1.8331061590524595
0.5471507311312085
1.2014374116741886
1.190005258587299
1.448978978703272
0.9889114287350402
0.7926092511471974
2.1752474309716208
1.0047676796969516
1.071257348540451
1.1933691270053064
1.3251854877579252
1.9888914820860144
1.929307870425456
2.2569798366261065
2.1268999442161816
1.1723820198213828
2.34959508232445
2.224120285887491
1.4202878941035528
2.4883933295024754
2.0218654189527765
1.5289003401347516
1.0694636294845918
0.9007671624414346
0.5769638689188645
1.2220279964374847
1.1312397267304086
2.183626458227904
1.6281098755339671
1.5668376948696978
1.2981709183354215
1.3022009342938872
1.6714071361213843
1.438571175029938
0.9660090236506909
1.9236276506352463
0.9098909781505242
1.633211264664864
1.5944998279749731
0.76074291170917
1.6375572955649502
1.4797999255969203
0.512140935833036
1.329593618885159
0.8451097463122572
1.3234144381190966
0.9502136811058677
1.1300507713297883
2.1291341388622858
1.3469494827692148
1.4083038325574226
1.081161474425088
1.695150347212562
1.3645169840834634
2.220183547744546
1.104257114657794
0.7763729394108994
1.6547024754850208
1.7688977530514851
1.9221769594416314
0.7728792655369396
1.0421109859084028
0.8483828631903616
1.1726831153764836
2.047357933144559
1.0510116951485993
2.275702156005054
1.6650023741434723
1.7273704147237494
2.4449563061172555
1.5713138655080927
1.2106850337163264
0.8464396254654443
1.575351224344824
0.5117208035333864
0.6148692617536551
2.1344969084291896
1.0377350740297293
1.1737544718298016
2.4877773821720517
0.9825894919627973
1.1811652404299327
1.8068640212569835
1.503246210708186
1.7677550696535753
2.0596734850687413
1.7526114685358731
1.494027425351494
2.344628673327676
1.5295909613480738
0.8650866670815163
1.6708657328521406
1.1418703672592947
2.194680582958286
0.7354556975287749
2.3942282175375214
0.7008943040212385
1.0584352428242927
0.908568893209847
1.9473664553011851
1.8381227405537537
1.1198623142743662
0.7467681882934201
1.2942267497348892
1.1148294342929808
1.14801719653125
0.6498399884244597
0.9393541207197984
0.5989636925079536
1.9222345963652705
1.5575602363498298
1.9533318678264033
1.2929499465733738
1.2664371178027611
2.335146933928132
2.1793368102235524
2.3265856450366975
1.7119425876008105
1.647511548015934
1.955459599697305
1.3446921074957983
2.4926997416894388
1.1978115251530261
2.141197162242648
0.5266784593566558
0.5859872204540202
1.6329413716166008
2.2921792957343388
1.1147659728036212
0.8946675251710832
2.343682351646327
1.2435183503281875
1.6912757089813288
1.2785570068840655
1.6662939780804498
1.3494110512765984
1.454429265218809
2.372724311668203
1.0157182823062203
1.6419749442970764
1.4159254274456439
1.0587843954764427
1.0234229302560336
1.6481274214111716
2.386355186703123
0.7397374858370711
2.4011871920557115
0.7055629375715262
2.3104300022246553
2.096343673924051
0.549908454918715
2.000854006941462
1.5517749473582902
1.7256051391252998
1.8361437275855634
1.0250725434361425
2.441737546615115
1.2264214904420838
2.1730581295063516
1.490977829192543
1.1797716711207693
0.9566467618245029
2.215379874022097
1.0384309665569094
2.3767745756799905
2.1503798467409974
1.3924765318357353
2.17147946440459
1.7778568807298667
1.3653539081041894
1.2171241716521555
1.1884951823865142
2.468596569261546
1.61790654188761
0.9495409138882605
1.0178610293866366
0.9706401596340317
1.6930560206225649
1.869784816385061
1.3793114265087154
2.056314020394415
2.1348872105030514
2.402855277607194
1.921458145459516
1.6124851268044311
1.5042619111467324
2.4615846786163464
1.7020232803971354
1.4004014634524087
1.8890995525212693
1.6218171208462364
1.3622951690810035
1.1023007240913463
2.358324329451377
1.3812560036429513
2.0489772332067573
2.198871467026025
2.1339786852072864
1.9289269867277075
1.7354451079652617
2.303759809253379
2.453257946469113
2.104694094425173
1.5142678750979142
1.8224201910602749
2.317681943965625
2.346921277755171
1.715898176775122
1.4355588723275017
1.6188814364527455
2.2986665144467997
0.888487621723921
1.4178276990232843
2.4670665083115573
1.7150874092510713
1.86953463568825
1.2828226173832018
1.052617426591305
1.0951799916821208
2.296436344683402
1.9137708817712555
1.1127494514657943
1.0393778159223046
1.9605270170901998
1.2754092934065366
1.2404223607918643
0.9521430564511768
1.5249767706457624
0.9850239312363607
2.4073274046629516
1.5971278552249975
0.6456863561196668
1.2339214619154997
2.1114121170440763
1.3995187920025844
0.6994725371441275
0.6611919206361914
0.6000737968607519
0.7675390246958171
0.9662407865197251
2.444027166950793
1.5253933593193476
0.8775742344611239
2.3004540725342757
1.0657381541974156
1.020477992721971
0.7518487669473501
1.854916524255854
0.5796237192812861
1.8896648618061849
2.4164573486404857
2.1115470960244607
1.446680847561882
0.555679592429535
2.4865223858964915
1.0366479206268437
1.011376498136292
1.08118655109166
0.7625295113131938
2.3394426925655436
1.5533491897135654
1.403918550289138
1.1466857993948831
1.8317806011414812
2.2991909876221905
1.3791091762229857
2.0284125068095102
1.8886935435932641
2.4704797390080424
1.3329056527464618
2.490629207219756
1.669494029536423
1.8744596453595903
1.186826765570856
1.4016242788635
1.6397163270962845
0.7452911342320259
1.5886919999915037
2.0830075691372825
2.2956901068613877
0.8043064080609568
1.9530969596329197
1.6570851992714186
2.4980294413623483
1.0579700157106247
1.3542566347096254
1.226058823177881
1.395490560845974
2.0413167900151485
0.5338059519232399
0.5951434336719406
1.7067400202992395
2.4507335595453066
1.402508296096316
1.213237696483037
2.2458531574381926
2.2113768037668793
1.9873944816146059
2.2082421295733345
0.5292461216126965
1.856840996916367
1.8206656865292299
1.7071794429838805
0.8633953151776967
2.4612835276568292
2.487215379863839
2.3074054017107337
1.5833279695971616
2.021532905720773
2.1278391997455546
0.5738958020613427
2.04799766036131
2.4532843981982984
1.5001054983552558
1.31422519072857
2.4853487130386993
1.2383912211882928
1.214725502754131
1.5235297466919344
0.5087771501545808
0.9427353270020982
1.2916928609184086
1.1812004519823085
1.0176259023675593
0.8872960257650067
1.4615563930202409
1.023787514051131
1.15230531826994
0.7840062020423848
1.6910528532692446
2.320326474796735
1.6586546714939536
1.7374506004439296
0.8484919799894277
1.4410607171857706
1.8961918731839884
0.5734462145947266
1.624927621636766
0.9959725319885313
0.8687821700475626
1.4580450170345627
2.029595922513888
2.4127309471795604
2.278417909960745
2.340056466541361
1.6926972118585117
2.456673228048434
2.1800550178409654
1.2552217807640198
1.892150069802834
0.6523553271286475
1.8758590275891676
0.7844500990063763
1.18138149364034
1.8710990528598734
0.7467306495733859
2.416614130003927
0.7189222006494691
1.6544282431256672
0.6240287105681368
1.2238849124199542
1.2601848197678045
1.9121465275031628
0.8497397120576187
2.2482689936377014
0.9427808448054238
1.9364504825460553
2.4788981673927117
1.2609125016770886
1.5766537751365883
1.4290338754855034
1.9572192153947507
1.1368887466914266
2.287878889583009
1.4370795216988246
1.5132008719092764
1.8249654056429339
2.4560823034852364
2.3852865162342574
1.5835367639761946
0.7204305378014502
2.0931241449027698
0.7471078660043513
0.9429184721132033
2.354890101306162
1.2686424712690008
1.459746805338061
1.9351205870101407
1.2550057462680404
2.213961923413528
0.7493929310873875
2.0303465981671636
1.08906426961559
1.9304148913549135
2.060795144857816
1.696855505812907
1.001635708149926
1.2015977136156597
0.7714629510351245
0.9724186803526622
1.646810218146114
1.6927142491542688
2.291891414590343
1.5425699709413616
1.754096340471276
0.67659034739661
0.6611627217678557
0.9191074481028902
1.5070898715823091
0.9274344996470878
1.3117190799854037
1.7341970714808677
2.0632941158603253
1.2508263893546347
2.2236287317428367
0.9571680674200314
2.4771217690478275
0.6992137838585668
0.7569956102979956
1.5832931595000739
1.5297912115735919
1.0148944247971883
0.5461717769227641
0.7652819351234532
1.4635950914884528
2.3829474807730904
1.7188808941032163
0.9757494681749517
1.7223723908600563
1.000031583388347
2.1000245448046444
2.1811655450166985
1.3192787805463804
2.053029950122865
2.2075393066400144
1.79352367681426
0.8036662099045446
0.8486884645898338
1.7446426521718486
2.1776873264984804
2.150277766645181
2.160147619198491
1.629289629558563
2.2001604523491496
1.7054502818091024
1.098548088284493
1.2470347575846061
2.3852998554771645
1.1092395140604279
1.3277948485218396
1.6160517820956488
0.8588784736353623
1.0651056751248453
1.029291442674911
1.076855371738357
0.6132699656183636
1.5920346867181292
1.0907466680610185
0.7450153856793988
1.0632566047215957
2.2149426556343403
0.5208769007590386
0.8254335498388441
0.5043087744220296
1.8582699577145463
1.9662067562363286
1.2160309065767636
1.6104036696963167
0.5280258819395329
1.903127795859218
0.9368559213817755
1.3608904589496118
1.8732110272240625
2.0832629063048427
1.9996706571226246
0.5899251109663721
0.8574550915761434
2.072855494429226
1.742697543288181
2.123296947798827
2.4296683486301975
1.5291067955426274
1.8474898240860211
0.7663141323577991
2.186752247815222
2.355140055663844
1.2571758541055165
1.9069560099716194
2.4465494531070515
1.2386788414070788
1.2208635118445506
0.7267840620788764
0.9487305059244164
1.1193057481225257
2.1623504474867947
1.964880637381074
2.269074125777591
1.6594328625267698
2.4986787432151925
1.755866230359634
1.6947166239095923
1.1499263496534615
1.9216558597016773
1.7333122216248351
0.8932850778804087
0.6615180473429805
1.7335807130863814
1.6837431950295927
2.0940397531094366
1.427805992159823
2.2836069569968904
1.438265272838756
1.1716778706527975
1.0964148407693366
1.9967878336546743
1.9892687719821802
1.854794840031924
1.9497868799836848
2.153782608474918
1.5354076357539201
0.674694831910436
0.603743451854519
0.6174025557114653
0.6837870033239131
0.703714854089674
0.6496742483083147
1.139470593747001
2.448460197477674
1.0655168567210673
1.045012495849165
1.5424717634266378
1.7096979286951426
2.234506557847783
1.2142503609891193
1.8908240637602431
1.6129537712090816
1.9001894131788302
0.9248627872479731
2.1616606655436676
1.8347277788825733
1.511412148389266
0.8422227824588284
2.3780198724036765
0.7038534945179664
1.0626413657417764
1.0629316694985314
1.2399560184862095
Rank 2: 200 simulations
1.8422012735330833
Running 800 simulations with 4 MPI ranks
Rank 0: 200 simulations
1.8123338597403476
0.9911807089882079
0.5689359286625153
Rank 3: 200 simulations
Rank 1: 200 simulations
