==========================================
Mass Fraction MPI Run
==========================================
Date:               Tue Sep 22 20:55:12 CDT 2026
Host:               ac050
Array job ID:       2156296
Array task ID:      2
MPI ranks:          4
CPUs per task:      1
Nodes allocated:    2
Python:             /scratch/user/u.hm357857/.conda/envs/comets/bin/python
Conda environment:  /scratch/user/u.hm357857/.conda/envs/comets
==========================================

2.3070072693179657
2.4924802018880268
0.5320526188928303
0.8285518758113701
1.765946160142544
2.1039963040735845
1.4423916925458884
1.079319781142441
1.1300114682556857
2.391436456020642
1.3805427075043315
1.8055048431517218
2.4408515570468765
1.5694139618577443
1.2920044466798437
1.6968913545723723
2.0375547165984202
2.0607976577639366
1.3408703659421657
1.7346446730559701
2.168473626503302
1.3988448341323436
2.1704135320952425
0.5739931439691643
1.7432406208095237
2.154930124277839
2.4053025588782133
0.6282476592863293
2.077799612953312
1.0451211424903113
0.700194200440077
1.851563361571473
0.9366205587156864
1.4977813645000184
0.7618436011304475
0.6610006744874493
1.9124887283484961
1.8662034107620475
2.3400873618236
1.7417909689187059
1.2052544319711755
2.0340786057113247
1.1578480011419192
1.3661515206126038
0.805264449010286
1.4044367315158222
1.7075213512134462
2.251447507338491
1.0455355309911982
1.2925279679323354
1.089977401622124
2.422098657208526
1.3514543322468202
0.5385747991839256
0.5384296060524536
0.8242183662296125
2.495974861502906
1.668367665443414
0.5465714644407413
0.8990157973658703
2.32807006411728
1.9445104952013643
2.4689882658769893
2.491425612212663
2.465170819206423
2.1525479304080424
1.2284424599058088
2.078718002750431
0.9834171667227445
1.708302911257933
1.6666929515561077
0.813935399914937
0.5833686605759258
0.8099593692104272
1.0880593139021661
0.5320917024819565
1.1482814821889396
2.397566499953109
1.029663743182306
0.609264822944453
0.6534085296976728
0.9904586003457843
2.489758880717446
0.9179371406317407
1.4224392409674347
1.3085744062022198
1.255612844476424
1.7707394061796184
2.4203446740855528
1.1142427216405473
1.763765001017487
1.1195400722329845
1.4560538665101666
0.9055365654392451
1.9890093254488173
2.204401395361832
0.7276846757120654
0.8070582729292992
0.793706790010545
0.5869583312250171
0.5722471491871783
2.1567074777280553
1.899941399854237
0.634068920562217
0.6268414466802217
0.7077881848932563
1.918190514941827
1.5889203903969005
0.6731574459102858
1.5569547569968916
1.1253254809206188
0.715841672130876
2.378238241763241
2.2571088370007297
1.7437883297104948
1.4841079963216528
2.007422212225973
0.814588790720024
1.2912893398916714
2.392567133132946
2.2640712189813974
2.1165931309430857
1.7303769603584533
2.404869716610537
1.689135506864049
2.43036767991208
1.940943663927588
0.6723106251349198
1.9367037245672938
1.6337234080746237
0.8010098275779594
1.867914032192098
1.76001317694674
1.7809528704521707
1.272001045033126
1.886509066046062
0.7358815902462035
0.8789702993072384
1.7145911251627912
0.7904936032994045
0.8302555536922271
1.1655402796674161
1.2666509352826758
2.295302478185098
2.318990841540294
1.8300864065588263
2.464329881268896
1.3220276582626431
1.5605082047629772
2.226113828258068
2.128844125819326
0.7048295798945294
1.7091858990797029
0.5013024368307808
1.5638874092432737
1.834884962567531
1.744014105769759
1.127512450900997
1.332452609002907
1.5510420837167358
0.8760603659078918
1.6159753204318408
1.267463304307156
1.849939790497666
0.8269464512258278
2.2250910388586584
2.361053564545082
2.380798369890571
1.9291673393943396
2.045710784371215
1.631108195758644
0.5997735453646551
1.6140067192743648
1.5728739723633642
2.128406391617935
1.0817192195051646
0.6686635976069235
2.4302533218341718
1.0502034850827153
2.3362453565175483
1.0536024723951385
1.3364855395917494
1.7892579460096514
2.016378936300982
0.913362328996822
1.9383658730107156
2.20386062296319
0.9457430246565139
1.0203831527971217
1.7573874905459168
2.3653922542798003
1.6679282970481077
0.5814481027904064
1.0802938353902143
1.941874269059227
1.09991718679368
2.245926758418597
0.798646252186717
1.2712277283230367
0.7924517102635564
0.9180922238192157
2.324993878864113
1.772079136889111
1.2015964724967065
1.508686876534483
2.114371503009172
0.8980090089613175
0.7456856846017075
0.8433091256309011
0.5445530652029482
0.5187365930343273
1.3825337764406076
0.7201186082305722
2.4217097543127313
0.888755062631869
1.9126176321681214
0.6045882061664889
1.319121317816212
2.2162542441820343
1.291536446690043
2.1377782138321315
1.4685481783732786
1.3319023155704481
0.6853079674644564
0.8516574953980489
1.995582150535338
0.7550694622724203
1.0625234676332156
2.051859355291027
2.326057434870506
2.3117684821185964
0.6862262844820661
2.480541266453682
2.387286710544611
1.392380085912435
1.9726610972963148
1.483129132023365
1.1265609496923465
1.2612523434706469
2.2463674832508485
1.0562037834880296
0.8595255131540906
1.5993350382378748
0.7901006470541803
1.0811141438608123
2.154148977267484
1.820923649760314
0.8410806619949043
2.1562938429963037
0.5726899121989668
2.1630470267098794
1.628892478563962
0.8634680872041767
2.094112582399378
0.5087024995964602
0.6372704482520821
1.4326639447512546
2.185668749011057
0.8497688940477708
0.8082754949102899
2.1246173793660788
1.0801305293876804
1.489578740004269
1.3316921522387677
0.8005480923716903
1.301381278134929
1.4427789073653505
1.2921635796545345
2.0335176965055526
0.7983958968316043
2.418421301004199
2.26904684651136
2.123127172386333
1.2826354231940387
0.9917921353401544
1.2828948585156223
1.852449371456313
1.7551673520021371
2.0972338405551882
0.5249888695955489
1.2043123123698796
1.891896071353321
2.2788537067608345
2.217502646882771
0.9421000331764207
0.7491530098652517
1.5859915484552218
2.416869093148775
2.1959791167179032
1.9156393613040523
2.0815892447184785
1.4846855602237927
0.9263889781503303
1.6813098773632649
1.8200933252344798
1.850922211123847
1.0445659303757724
0.7846650252171579
2.2230506382683526
1.4613995267783517
1.156538931282267
0.6783478422542557
1.2312941184105703
2.2421022574106884
1.01883737188952
1.9102579616572175
2.409088154422864
1.5299295127535446
2.435972926259039
1.6204686594530155
1.8327161692070404
2.156676793679087
2.066777927712576
1.899447180777077
1.7508528454897665
2.1438671116379773
2.409009238051981
1.7558602585634027
2.4670535652948513
0.823607796742363
2.2395440730031644
2.182035282625265
1.2180829370857642
2.354264064690672
1.3724563032625885
1.7223067716749325
1.035582381212881
1.4783971225759267
1.0519305259338487
2.173283716439347
0.6560752244855843
1.693786742900082
0.9591685126961387
2.3075736491160197
2.1248274970362733
1.1837251588757396
2.230587887344483
1.8382201324058043
1.8708026739300974
1.450370983011977
1.7216786146208474
0.9076746219099336
0.8661601327134527
1.8359000171991275
0.7959152990961693
2.3187812486863457
0.8850042246502361
2.1634813055822213
0.5497987002070037
2.1082290564029758
1.3133140030475234
0.5431386213646883
0.5963729884221185
0.7166806917239847
1.9518603769459488
2.4943482253466005
0.7760631507642735
1.0675393537363924
1.9267369612934335
2.4234893449603234
2.073951977441445
1.797890158930351
2.1017494655809905
0.7845058858152709
0.7648694640045632
2.1027789684278764
2.1908999913121567
2.3571408182035967
0.5499701073627135
0.9749421128903144
0.9431376559319444
1.8608043650434907
1.5002989261641337
1.620630730201603
1.4263361844100497
1.0779679213441686
1.6114432452563268
2.2925258802261577
1.7876656259573596
2.004494063204084
1.7095973600956704
1.4333257915851483
2.1412694921570816
1.803003384014483
2.205949286934107
0.7316120612932131
1.1217112221300924
0.9735279377316652
2.4732930665922255
1.4304823282021597
2.294937408591934
1.8636325920834083
2.1084115786512294
2.4564341826760163
2.439145127090925
0.5441691558464796
0.8691725535058878
0.6919564287464499
1.948683839971316
1.9803180712120863
1.8589265481340447
2.0213495552487917
1.7438008003567789
0.8830092508414698
1.9045074114683966
1.741880854385005
1.9637624830782938
2.44278434355185
2.1103850473492147
1.3521277384591606
1.4377267192019505
0.6049932174532724
1.1217505472734257
2.3698497939118375
1.3823842796634376
0.6777340096503621
2.247211123909736
1.1343701771307
0.6636937096456155
1.4658954114277285
1.1386636719687702
1.0218319335773383
1.284550614044614
1.8471090739837448
2.2819078981124807
0.815618203428434
1.854160676174681
1.4564162676388368
1.2498798597194534
0.9668140856141056
2.0305598324322736
2.48720147604603
2.4471719405828045
2.3536302276851067
0.971272688595838
2.254582111274655
2.076770741765575
0.6856230246081014
2.271797879137319
1.5554105820002972
1.2365621908048718
1.7088465204203864
1.4962879234489148
1.9541522706784187
1.4713245570237272
2.350953804149487
0.8003058267645335
2.0840568758232267
2.190003778797794
2.132865890568924
2.0840645303099796
2.0965683321026365
1.5099021754613695
1.8884272097916552
1.4648671396474773
1.0843233900499802
0.6215482446381275
2.249005691207753
0.5996308013525131
0.7702595241868098
2.392982404844687
0.6793748109231923
1.9146014040132482
1.4550982751107104
1.8156004950773315
2.3596749910226547
1.458421040211949
0.8330363514431769
0.5850705081866867
2.403252662224461
2.345707614030765
1.8020324806194126
2.0157095285019873
1.1644344697839768
1.1799533208960946
1.3649564091998014
1.2885978135433962
1.224731335321414
1.0384979279640634
0.5069755452471623
1.900100016421505
1.1459394160665068
1.3489746491147192
1.792327206342546
0.6122045094777941
1.4672711338449789
0.6481879184913597
1.4478901211935107
1.8286802073395103
0.7349310903443105
0.5363953438977116
2.428696414381183
0.6693128783725113
0.5057815599295716
2.325665849488309
1.470208057700222
1.1589964808747029
0.6664069174021519
2.2565050269088007
2.0615444398323253
0.673475224189034
1.167475614660144
0.7664217355892939
0.6329034918719167
2.413847297006912
2.422818541392136
2.440766515238014
0.906544831622909
1.9453266726468494
1.98817275765267
0.6676259358285077
2.271086084415115
1.175766179339355
0.7887235670052322
2.0690084751419393
1.3675726142223614
0.894336456885584
1.5416673033773098
1.9594266290480296
1.5428637740127777
1.5990254578917797
2.205314092801985
2.2168576119046315
1.7951235431163928
1.3509771147546226
1.6591187027430139
1.5970295819063738
2.258990296354579
1.061503464184042
1.764749089232966
1.531471998273658
1.5242074202297426
1.8756198744920818
1.291253749016623
1.4973341836198084
1.9731757446922458
2.323214578859086
1.2160741071801178
1.8715259939912927
2.4415122852863362
2.0174397772099883
1.7113094401801332
0.5504599800260885
2.284989644483303
0.5483670397250038
1.2993738076433348
0.5586113583470864
0.8921901158485905
1.743190770313062
0.9902964811523169
0.8269622103154921
1.5991849680043901
1.89032071237093
2.3616369427344748
1.1121161671604503
1.8678080674305702
0.7480710979014642
2.398189549393477
2.0007096023706428
2.0546712941628114
0.8559036070344848
2.242754581305041
1.4181272335595898
1.4909513486894355
0.7022516827388614
1.6573435132944123
1.246574224905737
2.383167083491915
1.0301493957859114
0.7122170371856669
1.6740601094641558
0.600546220043374
1.7725216517327698
0.9815464964139844
0.5978607066482937
2.2875849599808404
1.6230586069921864
1.072075481577845
1.2377736673223336
1.9372234694511286
1.463669014515791
1.8027258021402177
1.3494244063506353
1.6818890982552945
1.667476867764611
1.5680130187586925
2.2673473455281687
1.0003532448099952
0.778195680703144
1.60085895643578
1.1978055541647885
0.9274587847638471
2.215251920846462
0.6399299118358932
2.0882829232872746
1.299329763564062
1.0579547118031207
2.300034832909308
1.666801411184396
1.4377589640448523
2.4186363524264536
2.3395308715735874
0.5948703982776027
1.533802317157952
0.76057378283425
1.8485399197638044
0.7040319563057367
1.6568063783805183
1.9024596527497304
0.6813596450906307
0.6842067403415508
1.2240022027691053
0.6751548985869689
2.3488077851341216
0.9595263356659915
1.452358993562961
0.6114549539659644
1.9464945821399113
0.9454544880378672
1.7669638122788558
2.4272022791147263
1.5789983347830312
1.8980337938550202
0.6316158276184018
1.7571509658240663
1.4969456036677646
1.9587672420130322
0.8468755395440604
1.018113042577061
1.8854159843762546
1.2921562188062872
1.6615532564221192
2.3027177000926735
1.2960426326336847
2.2408380380795965
2.3067502191940177
1.782141802916586
0.7456716742529508
1.6921787750643174
1.3428082887651638
0.5944218038334845
1.4206474344228806
2.243184707093488
1.0174330954660393
1.1417839451531986
1.4760071988243362
1.133020070797365
1.8596215636135631
1.4088008382502786
1.2597733414726713
1.4452501395034127
1.9282029669884224
1.6674777664535523
1.1659097940960297
0.8574323407929112
1.9674640209717547
0.7175303292050417
1.3207726221392337
2.111402097275402
0.6342506865984874
1.3972027750089457
1.7812397846682138
2.1929602719306094
1.6557014932524527
0.9295754668035832
1.5516211922402532
0.9675032420346448
2.4124876997083575
1.2378324332587596
2.400148690233445
2.418250920503363
1.8265447709311144
0.6453702906089622
1.0622824031052727
1.801145265926228
1.3052934879360258
0.7653607869597314
1.5821008562476813
0.8630619712751055
1.7406511400337636
2.2671644535972053
2.3319184758238563
0.9232742948727153
0.5501131990528423
0.9672898880364964
1.2659729896635132
1.5791096199640768
1.8508510581495703
1.6073401166604426
1.6645998710656658
1.5881606830242412
1.5624730313202266
2.369563822424806
0.98548694057055
0.6289754848650577
0.6559167510229509
0.6068936146350086
2.4401251205915617
1.1079962647924846
0.9298140867837974
1.6390518531513962
1.5741666353165147
2.4549614540544846
0.8455124091458803
1.7408425201229956
2.0498438479449206
2.1397947499469607
1.0748109269052823
2.16072067865942
0.5684301339450801
1.8372971095167618
1.9104447677111935
1.5096970931401112
1.9101458470757304
2.397626184642628
0.6192289152219361
1.0022042069229644
2.3349818013058643
0.5639713824654204
2.099735189573743
2.035446363448681
1.8437897510872086
1.2499003624016687
0.8488711945433851
0.7619892451962491
1.9408651004874231
1.3833162596039323
0.8608089842029154
2.310829850173912
1.7602435880648577
1.2548109345936465
0.9621272630280471
1.057047907526363
1.3358642145418456
2.4890087777063394
1.8772161818321795
2.123021615804734
2.4555888203333973
2.1311046479861906
2.298791163041879
0.6287797946798135
0.9952014025255649
1.7363913271039828
0.5315430434765833
1.5061782556093781
1.0821745327183008
0.6563612870655811
1.2167017061627656
1.2655604664614657
1.191330874966635
1.8188838172246873
1.7610317672366491
1.9473369072008766
0.630023703842252
1.9071595037414264
1.0519070770556722
2.316821693367486
0.840139303268109
2.467086815493578
0.7205659183788751
0.6521782358412636
1.4630963023751513
1.4853920328061156
0.6418426881094652
1.1907434118672264
1.5334932826672327
0.9119526747874791
2.241561845865455
0.7791001067746628
0.8066076048006638
2.05994941180261
1.7079993087892436
1.0864883082502008
1.2024554482970078
1.2221687020339336
2.126986852158214
0.6319666185781441
0.7989217301739511
1.7420063652351785
1.0308554040525917
1.3485514714067843
0.9964409496398363
0.6692493708051039
2.0103207007117314
2.0572335121490894
1.13524209946262
Rank 2: 200 simulations
1.6546782227359595
Rank 3: 200 simulations
2.186460755288579
1.5883600017616133
1.3197289966453425
1.0672629378461924
1.679283054735435
1.8019726693295508
0.6748128209603721
0.6556336840672468
1.9304371166260255
2.0559428686304373
0.7901461778618932
1.5283645014816913
0.6920141270968874
Rank 1: 200 simulations
Running 800 simulations with 4 MPI ranks
Rank 0: 200 simulations
