==========================================
Mass Fraction MPI Run
==========================================
Date:               Tue Sep 22 20:55:52 CDT 2026
Host:               ac050
Array job ID:       2156296
Array task ID:      4
MPI ranks:          4
CPUs per task:      1
Nodes allocated:    2
Python:             /scratch/user/u.hm357857/.conda/envs/comets/bin/python
Conda environment:  /scratch/user/u.hm357857/.conda/envs/comets
==========================================

0.5583441854905724
1.9962783244105415
1.1895084022759836
1.2954742096802523
0.7344867227420546
1.9179791023944444
1.3006643111655225
1.552552407899317
2.197757026490192
0.8365232852250504
0.886288135124313
2.1131957290586647
1.7547046336137273
2.2968672933452887
1.9483036777979421
0.9211342394888753
1.5444908586707187
1.5047103305771865
1.0825088933356422
2.4404160048234824
1.961040675138206
2.457189181527739
2.326285683851306
1.7392977138767098
2.420828180172225
1.935248630869573
2.2792564020011468
0.93832702738826
1.2035652693157897
1.2873268118286276
2.373399102287645
1.7424911800466887
0.7740121568199414
1.2602519795329876
1.6868123493298441
1.8432606866389882
0.9731699648266963
2.162074410991698
1.5705743862091228
2.41944234842593
1.792021590076649
1.7187350733413878
1.9977462277023859
2.3168682938639646
1.868167705530922
2.1761047646040774
1.826942129335586
1.01785254422594
2.114193843898062
1.7996112070044064
0.8266625918384565
2.159270520590399
0.8665234674577174
2.186523604065558
2.4540836769059284
0.881830752099469
1.395857895789173
0.566030914344676
0.5961568019203165
1.2920329198721168
2.4238765949540904
2.091499333468002
1.6538290902690083
0.5886162438353002
1.9327826839330613
1.8375937282438632
2.4777743947768256
0.8414696557169896
2.2186030173297793
1.631327596291687
0.6090055318572261
2.1977605907255757
2.0408804198583863
2.14416259614587
0.9940302366290699
0.8156355324460749
1.9429101472561767
1.4644133263216417
1.4123489044103634
0.7015990884977494
1.2549078489144398
0.7963087345380115
0.5216030906047686
2.173739696613541
2.2142011678553675
1.9649378775644464
2.367282984859055
2.185681583563578
1.8756897966811479
1.8677956118008288
2.201925239658441
0.9025823228530836
0.9433492950721445
0.9403678194949945
2.3268254162465656
1.7105288731974646
0.8684792419069469
1.662632181410636
1.399074840239545
1.7100824969526447
1.3294902084320768
2.250456903034069
2.2862746442205855
0.769520616952921
2.3440811457453643
0.9408094009299088
1.808754134006609
1.0523461581393538
1.7971485888849104
1.4829190667793999
2.379225525113492
2.0895874130636694
2.436868382153447
0.7185627734190956
0.8053640783354221
1.07573786950874
0.846122234812688
0.6490823003921202
0.9180627798920964
0.6489064508046971
1.2086144106976269
1.4463470973062325
1.4631770526171035
2.3395273552373204
1.137643588576089
2.09296630424592
2.2671149667778208
2.159468820273715
1.9252702234937171
2.4124534819180354
1.2434441982605586
0.7767187706597085
0.9738901708190013
0.9001064042889328
1.4052657289004473
0.9797799309789839
0.7805670980338371
0.6164730693188427
1.4184635833746189
0.6968247874804008
1.8387205193056675
0.5650300351217075
0.6332986813655179
1.8834421789834206
1.1764163289251928
1.3659271133348356
1.6182978871000202
0.5144997987833064
1.8401913254236113
0.8443356066283227
1.0198718055213276
0.8504373668597986
1.001332851133617
2.3097017585952426
1.2914650277084945
0.5768518688205602
2.0264496328099124
1.3670739952903028
1.9487152563293
1.978498015753531
1.3102619985842414
1.2064277750288566
0.5946821763713919
1.395849701530793
2.3661711964835614
1.0666423738631428
1.677901278519638
2.4919419799222036
1.302331495724608
2.437765385375405
1.3017690819893484
0.8799623125743101
2.077479115813229
0.8033009643294116
1.0555291097136623
1.7535588308837886
1.815687453240323
2.433291145672299
0.5294072042442777
0.5750635330593328
1.3171639949927016
1.6450544540757952
1.8768533131356373
2.268748578949685
1.2714048253553523
0.9420566449789949
1.3185568014640197
0.5861252446456899
2.285190369799846
0.8776418953677176
2.0084403960317543
1.2343986671871217
1.9590542999047882
2.0254279702609863
1.0043786926095584
0.8359695600970076
1.0853222018145654
0.7329541364824355
1.4514990040574978
1.7278420564026253
2.478579561411759
1.8886724259266896
2.295999748130603
1.5799356751040208
2.102423524202943
1.1752636941205923
1.1396325021620721
1.6601093355611696
1.88490661907573
1.9096696523563568
1.1548700458720025
0.7028442799211567
2.0761111380450936
0.8798104820260138
0.9407885886796556
0.8777690336596986
0.5024277288496082
2.1807332400629083
1.808208419845347
2.340667996871412
1.3656819254057628
1.8216913540564479
2.111749328588072
1.525221275129509
1.4102466000317089
2.111444137951036
0.8308830915930645
1.5937235098377658
0.6487989830521557
0.9360835105741263
0.8948031635745888
2.2091540190741834
2.1731880390217717
1.032385021900038
1.525916854855699
1.7575089598196967
2.4882897355253877
1.7538536502896251
2.3862853053460684
2.0547232896536363
2.2102378586138878
1.3717006592501257
0.822874977208716
0.7417737688789241
1.013830141346943
1.8645083990812188
2.264169407770951
1.4076103716671238
2.165706546885535
0.8904663667709842
2.2138429783594002
1.9206646944095722
1.6238487668275678
1.2429381291128634
1.8757719076714265
0.5811833017286094
1.1265085738444733
0.905389078012478
1.2141908644476176
2.041672901687381
2.1297418124177754
2.2289719102767758
2.4216844990947033
2.4875109192885443
0.8401334587219147
1.8314567859985806
1.1611468125929407
0.521063345400071
1.3654689578962582
0.9582399217504569
0.6267497074040811
2.038611540840056
2.34243355248561
1.6952126046251714
1.582010088523609
1.7479837416992725
2.346025650608013
2.4267427392120626
0.7251741211617895
2.227447511071482
1.370342553033304
1.9361621621395735
2.2503587292727163
1.6022915442542582
1.633859706648744
1.9131525225406736
1.1784132163920595
1.2849261252448958
1.0853610645011615
2.120134369156411
0.5264913949408481
2.4312754046845937
0.7549269113554942
2.479764789494424
0.9675334740793708
1.3804724284424643
2.154132912992507
0.8973886604448225
0.8892390441916584
1.457916108397429
0.7148482852442282
1.8718397245283431
2.41098732752168
0.8167209720163655
0.8518513173138738
0.5978515976873184
1.660858114171092
1.37141105658306
1.772522601904096
1.4918282784263
2.316551681594917
2.271645720723187
1.6248587811838444
2.21241793039101
1.3865479077801095
2.4828111624014637
1.4074878784089389
0.9788918031268994
1.7890956793170327
2.482081474309277
0.58250882756984
2.208391623474691
0.9824805668421253
0.5645339263177507
1.425019330091838
1.5041085846598943
0.694450135900474
2.1760561920323394
1.3358955140219453
1.8989727486423094
0.8060109064875041
0.9090340347291714
2.101704394939164
1.8169372700257074
2.208747075712268
2.1109695820712076
0.9538945381211426
2.4370661103106217
1.9742699666267316
2.292060800952651
2.2552016922011426
0.8915502962649637
1.939223591827327
2.450642771786385
1.7653448778108891
2.3007309060599663
0.5368241576136521
1.3203285324345304
1.9837015259221267
2.230552218153939
1.1640846112171495
2.2199811222921024
2.3028136836484316
1.7320036564986452
1.5940934940260347
2.4492950580552053
2.415413412615517
1.9309564686684784
1.8302688666156617
1.1877233643838512
0.738421667633959
2.1330626917608484
1.8803272513179317
1.3023643446045599
0.6751187253972128
0.7232994335413452
1.738055103056222
1.3637102013585696
1.03589508812138
0.9687734309340348
2.2945589981537915
1.6912501026736477
0.6377497265802479
1.23200149078119
2.0251358906821206
1.281759420858831
1.3147531534763024
2.260581885746481
1.1150391267392954
1.4201123119330783
1.1732088862891954
1.5187744319722414
1.7998038981280202
1.4751856301537218
1.732659384499029
1.131650866453115
1.7149838781178877
2.420855802012219
0.781227728999556
2.183963048080906
0.5729085288161988
0.8317981737645057
0.8782951977269524
1.1863759346403802
0.6562415751925601
2.3128259917860223
1.1931804956892786
1.4215098104201038
1.9580688056949656
1.304488602395674
1.6774419261334563
1.1972044671365363
0.9614534040597784
1.669562590788664
1.6183755426770392
2.1655040595272945
1.5467095464503424
2.3510602357640797
2.1495755218024692
0.9201607563704675
1.9319326358840354
2.217830829083148
1.7391959689719803
1.1074958622861522
1.0603597062096786
2.3552466699406645
1.1417174883915588
1.9186156843036304
0.8550842065075401
1.2139153983003899
1.5336349070803998
0.638938339532092
2.158985186013945
1.1334800073839029
1.4202524700362251
1.7896673417592635
2.4246207374779307
1.5146628723324194
1.1738315081299602
1.6232175336883585
1.9927463732023813
1.2063998490216892
2.030877125561015
1.4987222067493084
1.7669756968997485
1.4301466007792378
1.5699467084347443
1.7617035898584081
2.0263910681363004
2.270928251738642
1.3924667475490664
1.3499827687961774
1.8764235484023641
1.2448275937564253
2.1576331844848706
2.4234197530982637
1.5045736945597983
1.5659197291034583
2.0307113444205793
0.7188859922817361
1.1619687790952502
1.6607002385463068
0.5139566800324029
1.0555975772316646
0.7401942251858848
1.9543482758710962
2.3701403878017917
0.7271094860512515
1.9158301551036816
1.1541188557881847
0.6054133058263982
0.5175855014497075
2.169664000198402
2.2398470067612233
0.6588161561116384
2.4022229474940806
2.090156509572412
1.465902751224595
2.098506397716805
1.4968281479947472
1.855991405769645
1.7143532932534835
2.046917486970753
0.9252791595593803
1.4415555369190396
1.7909265366116438
1.312588008553699
1.615095545800134
2.156185971354387
2.0140945109773667
1.0851571591024742
1.4551320403841346
1.8151109529020018
1.4860723822314468
1.3825090789696735
2.1073935717304657
1.2331716238590054
0.8088570348779605
2.4504010015819597
1.6535675863918233
2.091177054852787
0.5126566326909756
0.5531951175267329
2.062195788631483
1.9096725084118655
1.3886036381674642
1.1551097723975576
2.0628228937238005
1.4246737814320227
1.212470783472146
0.873177439568342
0.5303421122030298
2.082137065249957
1.6361964792830042
1.8728247178453956
0.9027447544727545
1.9419332691503597
1.9921060781456525
2.2800392084844017
2.0344417360954834
1.134785712769829
0.6891022041361701
1.3091225232111425
2.3209276106694543
1.9965059659238868
1.436853511833505
2.046969984176908
1.1648254645787797
1.6134380814716427
1.5947025629384186
1.5098825459016727
1.737301913650148
1.142291699817715
2.280812406429206
1.1237923972785022
2.1505097036913545
1.586949409279451
2.3201810398445852
2.192342833749067
1.6246036765867455
2.2962933178283365
1.710863021285686
1.7610081692271327
1.1386505593270533
0.8879892370564804
1.5343863897597994
1.4162448981550748
1.608361727166272
1.0510131800336027
1.5181222804033545
1.701848127649288
0.968993313601715
0.654421813762635
1.6115641361124233
2.0042187482831504
1.524163034263881
1.0919584552098707
0.6449217963598097
1.1922847924765894
1.5495704643912656
1.617496141453054
1.7303578861732054
1.0139698279781266
0.5830272572417239
1.1542014958543523
2.4674132008275054
0.522018144230936
1.9664133973541382
2.148493680749865
1.4620979000385654
1.1409994430231487
1.5175424964223982
1.1637066969678909
2.217620702993117
2.291581165885729
1.2399352743763672
1.3368126652829984
1.4958786892371407
2.47545035733388
1.0960313282755954
2.095323616641302
1.7447550351727357
1.3321007602550878
1.5277052719957442
1.067345205953492
1.313084408830494
1.2363030482500321
2.1650711076838065
1.4985884263140974
0.8233649093964226
1.1877183273916367
1.6556338316776646
0.835370436279945
2.2259117981798675
1.1771937446443426
2.03898892104492
0.6226600728467133
1.424339968009344
0.8112242594244639
0.86857044389743
0.7951636306680767
1.3286839008128677
1.63474826232994
2.009644740787306
0.9614752359498928
1.2536313280529034
1.7571045006282828
2.4883827076877107
2.463460908531141
1.6463937998887002
0.8322908065724923
1.672984586989272
1.5377559723277856
1.7963956940659085
2.264421928243433
2.248449509584286
0.5581696768659385
1.6584550109167129
1.3733527953055822
2.304931649750035
2.459936185967487
2.4788520437203623
2.100972418051055
1.9920410237973698
0.5796862042018345
1.8098748236713547
1.794218837306885
2.4520775984295
1.779371059534127
0.7296872081792543
1.2928114383778355
2.011775711827483
1.9993863959686136
1.6604060407236512
0.5678415811901332
1.6130218742220939
2.158465869803373
2.3320292261192987
0.6387095834937244
1.301458131672655
2.400044132276994
1.9725599275327081
0.9484298893175427
1.574043015411633
0.825745503673998
0.575644957781559
1.620673061605426
0.5800995178933799
1.6848319507456195
2.3334101424897558
0.7833427002912041
1.4531723475154184
0.7790751004049781
2.4182626998977326
1.7086215972342054
0.8246607483139519
0.9048661619682348
1.7078292320878
2.207436562974322
1.6688658424351406
1.523492238845485
1.4527249826391255
2.059366088556718
0.5368854448431997
1.6875284092257528
0.9782515667329361
2.4778758966163155
1.6277414302034867
1.0453029412306107
2.015164604450472
1.5654894573465854
1.705640221541814
1.7514666642932313
2.2749114112200517
0.9236652354653907
1.6348242280280925
2.488247720598495
2.0396824582583264
0.8608812237626782
0.7217500693562968
0.6346294361210021
1.625119236734182
1.5994203817486137
1.2425569498523796
1.6440678154028232
0.6560033487807975
1.5473455885996021
1.2277068483540883
2.1571145874855215
1.874027667268897
1.020064688496482
1.7163459697677765
2.470735624522294
1.4590660989477664
1.3262870011219265
1.104103618631812
1.1579928563569857
1.1937989464313645
0.5109552051158777
2.1046501624201674
2.112742853917446
2.2773896365712485
1.592266641613512
0.7070177359237118
1.14341528607925
2.3127588664987773
2.121971138420286
0.5715875162123336
1.5321207800164458
1.0135658348923593
0.6379768315376435
1.6906350840716207
2.066488975783785
2.3862295404134257
1.7652684367090348
2.1156560308816745
2.202705418974515
2.3793635704975866
1.2479876289458618
1.4717828103149735
1.6117629225656571
2.098702727650533
0.7299284522106628
2.062797933888319
1.5978469735356051
1.5997533874474557
2.045879220571737
0.5874813572841955
1.613249937094253
1.7698058892016455
0.5569398827036351
1.64263058663519
1.7450363786852798
1.272196932150257
2.3880945513384644
1.9668789509482594
1.7522130651147783
1.8104230295614552
0.6420809159364629
1.1480524527262292
0.7568808032329286
1.6277915332876276
0.6550062145129603
2.4385504251519388
1.600789553093781
1.792994693000571
1.5152503172562208
1.9503350438024054
0.5329175374994801
0.93872956495083
0.5733211039311323
2.016955621091527
0.5197797363695742
1.6013553366863995
2.0476795214964776
1.2701310883522996
2.4510743936040824
1.4588176750676685
1.5683419601272117
0.5146240589663227
0.5064843331328694
0.9325072781274186
0.5029338613355057
1.4825889240880226
1.6543503961484134
0.55915335433724
1.6450628940790575
2.4907750221284335
1.793475716804163
2.397044570060207
1.2727723005919112
1.3435577300481925
1.0294867834018204
1.63240434859041
0.6811359784558799
1.539473092320569
1.924492321037037
1.6303794177135442
1.1007502326732723
2.3885972267260316
1.0390568997129603
0.7189684340534377
0.7424352491190664
0.8202435613505374
0.7727509235045136
1.6956737396388386
0.740665720210457
1.9075057878697617
1.8694935413295266
1.5218099619723975
1.5620520260771829
Rank 2: 200 simulations
1.7759046167294938
1.8185473739512314
1.6324478082446916
0.5964691063058141
2.315351998282579
Rank 3: 200 simulations
1.292120506022101
2.3941718504511034
2.0833430732520917
0.5735415854624788
1.8658402259177698
0.5893217816430607
0.8777403283239047
0.8287393693619365
1.519725318166088
1.8654119859316012
1.3478671452536457
1.5766786370678645
1.03008840386843
0.6108199434568846
Rank 1: 200 simulations
Running 800 simulations with 4 MPI ranks
Rank 0: 200 simulations
