==========================================
Mass Fraction MPI Run
==========================================
Date:               Tue Sep 22 21:29:01 CDT 2026
Host:               ac006
Array job ID:       2156337
Array task ID:      1
MPI ranks:          4
CPUs per task:      1
Nodes allocated:    1
Python:             /scratch/user/u.hm357857/.conda/envs/comets/bin/python
Conda environment:  /scratch/user/u.hm357857/.conda/envs/comets
==========================================

48.0634816923319
43.18702161300033
63.269807625101734
89.73422529044642
115.30474819109587
92.93190271040592
27.544865162415487
69.99312758396724
32.81433357247536
99.2570297361892
46.267018039731255
89.06560925380475
110.20770224187166
58.92464733832611
63.53682018659812
113.40229373429452
78.07625537438648
33.20686639496749
30.253110556715047
66.5419870231323
92.23125861727264
68.05483312189408
45.51406589262058
107.31587905080659
40.53665804734622
121.89927919339428
55.557791359468546
106.590302603753
87.71226371232308
68.41869082391653
123.96725744975762
34.630658094983566
81.03711887436901
34.3594770334117
28.138353718697896
73.62545469418595
100.9244139915619
100.85316567291206
48.299205311174916
33.043322601925475
108.96239881403615
107.50641274584044
59.997882221669855
25.88842709851662
59.293412491210795
97.20339701448442
58.4435854593959
112.53548221399345
36.3670989201279
120.93686347182067
64.20723364111669
101.83405306794994
88.60738166950738
35.480959411826674
122.1099373108978
83.64885589701336
42.97266016412902
90.46858699938916
114.94772558254385
75.12947982134818
53.09023012713659
107.65077777475224
91.03034231173743
114.79143911594672
80.61416778591745
103.78927570981935
59.3084046204456
93.50516471505406
41.763366614038205
57.81322517138565
51.68954428673307
74.28527766643509
100.81251529047101
76.42586470330863
98.98039708271462
74.72553290267423
101.80222008915803
57.95566982017093
118.65603607909783
40.893870230217914
36.40476717052748
123.24150779945381
31.362866328881655
92.71263420504357
69.87014390370345
34.17349215672988
25.65504989250995
38.177218642178886
40.09836905406989
58.91931546686272
109.55869668817749
48.78491114451998
68.751247844622
33.79489058361399
26.50107095540498
117.6623630896489
94.49964401188642
62.625602012006034
94.93368207001413
83.9128986101853
27.470041325471428
111.8157288923558
82.90843568164854
105.66434538846153
43.27591708178146
105.76052752711769
101.32424964001858
40.17018371875683
72.75740351029762
118.39598116336653
59.798809342137396
33.81827876720399
31.025727536517977
44.37319353983874
100.77732801463335
109.89859356772973
101.51240579872758
59.05925458016667
47.14849255879038
53.61604005270878
47.89201664818957
86.41789950642251
110.1346465781759
99.53302116995866
48.158745586797096
51.46179655261169
106.4337523106931
117.88127398796489
33.028283829329084
112.59221116180538
40.41618740100713
70.07935727140101
36.61770921427717
103.63479308338083
61.159415230570545
67.5894598611502
109.36121210911041
76.47173711197308
94.07124058927819
114.28688308330297
79.26223574649796
78.52730408192122
33.77806312852645
58.00662919652693
122.92954559520562
106.8717287181663
60.85081350866697
27.645342345795765
43.57689854450195
117.24631325847778
121.71906026386556
75.76943564530963
100.64254737448654
52.806887090259806
120.70753067071294
47.6214103797782
100.74166255263589
28.030660240815706
107.95437962878874
38.73144670140762
123.17073770797087
106.49430477023095
29.773039015227333
62.58126178314857
77.60751686504938
108.0174925968682
97.26140149400287
45.53367102683777
37.31625742584175
34.65081309924169
53.51986860837695
63.8264596623611
36.40915464062644
91.1989365042253
88.5829901908629
112.51669512031509
54.41217531215757
58.59701494723254
50.84259739955166
60.66322849888907
57.839655739786856
79.149930638752
75.07362882549165
88.79528673059752
91.14356654768733
72.78594941856275
65.04808246295832
35.58208623070209
60.56708337982124
120.59079651041351
49.49452880535941
39.10528022536754
114.16342140520842
39.954319155975895
85.15085458210191
47.405557768251015
111.21489759492
95.22291725165442
108.72959821178615
41.16324871670256
77.2786311357473
84.56306879912361
100.43955786795277
103.57190178066814
66.8025349751713
104.60322779317967
98.12605452228522
45.60474370999829
29.09995784130942
27.37644789436773
51.2581851772825
91.55322867828637
105.98489995097435
64.36668867736647
25.31012185306706
88.55831588906986
49.127373351846586
90.6294313202433
41.594738386301486
108.40011088775537
58.52826172663921
82.80673989527034
50.74219493639234
55.263851912777106
62.47255993358631
72.0852691456265
100.5729703397822
120.82921551401866
101.28711768156478
30.18727504169508
59.602757183963405
25.954992516984465
111.30003869057225
123.55259699225078
88.94098415621974
123.65433858800222
43.80307265101355
113.33896420654112
33.21480960501086
60.80120957183996
50.71534541973911
52.20448191598679
28.308138645999627
70.8089332181786
70.57520878120684
59.71592086633868
78.83252072289788
91.98005852252624
27.15782680985811
81.07939016724123
108.88121572024842
124.46483961334779
60.427097831074214
109.10638115726805
83.78053813649821
100.42458707799847
89.96336314673744
51.9950592684352
50.131332202182904
116.97715649373656
46.44523852796266
65.20750649537123
52.83175789152048
50.46820891097915
104.41274340537757
37.821349850939015
28.80410016842201
116.44012881849943
106.13404535680841
93.69082019513746
60.119604545654894
95.61632698271833
58.79436196395358
36.101576514273745
29.342539292376312
106.74234635961328
101.98860747525327
104.08802973452576
94.72343458760962
31.11799043167767
28.777345404283004
103.75970050428126
124.78228374079255
70.99649345104186
53.96206148782946
69.73308357979147
64.62122207185374
123.48554350484704
82.08533660739906
40.27884227110059
41.048583995021474
124.93435807981592
66.00027931933047
101.92158237992987
110.48675421347916
32.75765949203235
98.88906656992512
26.38029889530028
117.73869910503586
88.09049243917201
82.73965207250053
122.18136814340717
90.02795617844475
100.55232082718067
97.44158308095
104.97094817993116
114.3861840834212
111.17244768484677
87.40332704665059
66.41714975661712
60.37602736652303
98.35048415234584
87.48491762815189
71.63509181400164
26.42707849437934
119.6654540813868
117.74654944437944
121.84814204064493
85.85090328645839
79.16236527177026
57.95165552179699
100.70826450697162
30.06817404213212
38.027840942298496
116.60141264421465
120.22348589952351
109.8165798957322
52.64074479637844
95.09120172120696
83.65273683964867
35.93339347285928
73.1525243103109
73.10685514969731
123.77649021414831
92.40179186417204
50.328070649423026
61.74291819292249
72.85883157492628
68.31599215997484
44.102283916696265
96.67495752283334
100.39469390217559
98.11607735014864
111.33634176554501
73.02114329912868
95.41466001338975
32.45587797407927
36.919345922260426
58.22619855235446
31.16391042136346
69.28661947818489
39.89816763507016
30.90501172402924
91.1343289266429
56.53556947023861
45.77518304152682
90.9250576125042
92.58311218819954
56.564411094719425
93.40714977233421
76.4965337012851
27.934440295859343
85.48202046929171
112.99616594918646
94.56451358102662
103.9268436767148
123.19210785694158
97.94182265632246
38.274100116919655
51.36088588576075
98.67362490884632
89.96813459246424
99.52993668336622
110.21199279322931
87.94129734182937
92.01825709457039
52.74729064257981
102.53550250323558
89.02125962530847
62.09761103145194
106.07498576631667
34.94094433672971
115.62811551293889
109.9043372149209
42.7860828979993
54.942043151472745
56.079021061303095
45.15061993163142
116.15710022814336
92.82989729349633
73.94227953685524
104.20853803931547
109.67162529494838
113.88807142924269
54.26095660532221
106.07230956347688
39.60447590809505
61.07900695267112
65.57569076410093
31.9031233093898
49.75221727473016
96.52976336581818
38.38841831733958
80.8914984237602
77.56715085131513
90.10815898471114
50.833601212801206
47.79924250864023
103.48397431909278
42.1557824830201
124.11550429235464
45.16090713610984
44.422933049662234
67.93159856694211
70.82679987170393
56.81660613522767
88.50926936606453
102.98288720574077
51.27300613058533
52.306631255662616
50.279056624745266
35.38969844567311
90.92012172585018
51.589313612556175
45.36288148011913
97.97366252489583
102.58821317366383
61.72518470912131
62.15061880842953
113.53509473307169
110.98197887386998
123.38243625741623
117.75015273480373
52.53246659687731
106.93154931876172
28.20433681449349
116.29563770210865
119.49954402419036
62.76448680319097
65.63488097893634
91.74804834980498
54.550881298185395
113.69468409453367
31.88786600637059
120.49739802018912
60.5751898462203
63.522901879744296
115.482801676825
41.679145455151655
100.0044425346182
78.09507818263205
97.06936443919884
86.37823096276063
77.45931415522742
120.1931591477047
84.21820694845127
79.6415738459826
56.86884924391475
54.04619925734304
85.7579813899035
105.57118942668079
109.32322377783065
36.22083060419807
37.87216160091145
46.32641951150277
87.99628269212025
100.55666779850235
70.40092787285437
39.74990896173981
90.80802294036484
95.32912675606316
39.113636973025756
45.2083069491421
69.82790838474982
34.4907165833374
99.14079724325391
86.28568212523716
52.622232700672924
33.72594846135366
94.66380258033648
99.46088785517244
74.98659652906801
59.59466549447154
51.590408241171644
104.54680134940985
118.59269177250185
28.467585301102183
60.26182959265033
122.6666273032947
45.700738740386555
77.91731066199377
84.51698930597043
120.57058863013451
63.86684116479262
63.874123271630125
100.98097852095155
74.90095208463859
77.0981009325848
124.7538623717914
92.74363579672944
40.67343918793591
58.985906573096756
108.46447391018526
81.91030381942014
37.30677852481191
38.273714087543475
43.79055463516197
89.23680203854502
47.017140207395116
85.95111830939342
37.823799209532325
36.81959691031119
118.88664120290532
83.18952466961485
42.62932074348001
46.66220336125363
52.784136888776956
95.02956313571025
99.33409907383205
38.39997582567503
25.857179273383334
78.01235681942482
111.23338505854143
63.50050179127802
119.12891492826104
66.6606131092856
92.70856731220204
37.238965223773455
114.24838735215111
61.31644021553425
85.44771176319351
68.66329630217095
83.30280686607293
72.42354594323929
122.93500215925764
82.9652437396653
29.69019633664296
44.108192773464495
49.546959970169745
56.63400802307869
98.14703943751925
50.159991046672374
58.805995880158854
34.74465464859864
42.46307206727189
121.44201027237685
30.77866516572303
59.886883679327305
30.913314640642895
75.25508220006897
104.11507793172635
119.1989754165847
62.0297766838154
81.47811514688287
119.73152401062121
83.80038605654141
121.9885368324581
26.85064177437322
105.27763800964222
107.88624504875388
87.36881563709238
46.79094989418409
49.43169345309553
84.00270902724986
91.55224222886167
36.96028513372168
115.03106047789969
73.4323122673577
114.41582954916504
55.39365427643445
91.71488858560801
117.22709918576977
35.59308676050398
68.30200983700374
89.93991280987458
80.82277385947694
96.18294810859258
103.57461990354814
113.85942611131928
71.06196966571892
57.70023090626179
35.22369330273342
47.250457298576436
57.64725179946063
84.22988210161847
108.2015318843544
103.63993544764286
61.82340207348753
72.65148361437068
50.004598941504526
102.72507101138332
83.97983466654026
121.89898977596594
82.01393180076107
80.84459650021316
79.08761410727647
87.30498911376256
103.35185022527233
92.53280493630683
41.51132969101691
110.8528853649729
60.18398135750766
59.17831331851059
29.13879526437153
101.69916064228045
26.497707507931988
61.9135692303753
92.47746131387427
101.27825898683243
107.15588052986315
116.82399975813465
82.88932585125406
93.90321145152691
78.6723802705261
90.45065278702454
97.57488714622865
83.34039320984884
51.390039744224595
35.897435851981506
55.777492053732324
41.08807644784677
33.14202357843675
28.517265908224697
32.50797170374917
26.040284443596164
107.70464385302873
44.4365987300291
99.82810391692395
54.684183466381924
29.261241485599633
81.16569994339315
118.7114603018974
45.621929438111664
65.61291751116315
64.83454314549914
29.40969991640744
25.632517066558936
102.3873551303689
96.63651010434809
103.58332859814668
85.61520124134196
123.2241843991912
26.290243792704825
25.499000184979927
62.9549019303759
112.26809688708947
62.4010094102427
99.1390359801185
51.980067475163665
28.87128780430247
63.41959068251135
91.5810612605559
27.941252603636112
94.42377162342423
54.021714660617114
39.745212171218846
25.583936891283344
84.20029804843313
93.34639385203617
66.78966485809184
107.71577354084107
53.1315604023781
41.878895172874394
32.40164176369315
59.29784967460884
57.73385853287486
82.83390864069807
105.72963606334052
53.356957589554526
26.275501874801034
67.64099440607802
34.997747671221425
87.45995523268014
69.89841744338946
41.464716003275235
104.07196954339814
104.70964057480454
75.19927899240452
94.74445976293646
91.27811606746606
72.47124938817089
109.9387150926098
42.34579376394515
38.29171464255177
28.567895883781482
36.83131424813892
71.96255086790488
86.64378638710001
52.83027120822747
44.8709023716095
55.83121115027829
112.17641102822823
124.92893704994204
32.85248235956798
57.224578128760896
39.67819291679903
114.83634330053472
53.98481649109942
72.45101121073651
43.10690946901369
35.65305533523885
120.53076283836106
90.16852289470279
91.70011296202858
109.89205973148911
115.82691217859816
44.08362387127285
31.864371797994018
96.48120435001064
116.48208465388822
79.58958252758055
54.68058086439144
55.71322675040273
78.97469606888258
117.82793426153972
82.15039923251797
37.70918069897008
45.36661737525364
49.98406755794724
78.42432915709682
44.56363950903128
122.79475361072952
42.48233711812895
85.04379724997409
80.56272722855692
84.07907969156469
95.13730824893253
81.4268467709268
46.92381070609007
116.33999075506189
73.64951544601755
74.0817345754831
123.91197959385947
68.54625076895309
35.33379160100072
44.01782274973455
102.2503302955927
48.379146364343455
91.82658054983794
100.53605511378085
94.78748025457263
27.10294723459895
68.28398778371081
96.96459956363094
64.50788225277469
31.802209317950147
88.0714053936309
100.16634211486122
53.31981449309274
123.70908837413043
59.85874905819549
101.98139442895305
29.88526501418446
53.083561840155504
48.672188821658445
95.70012290661822
104.85933036285866
44.03599040466823
107.49742798065776
78.94095686371777
110.16131341559519
55.07710826621105
58.18735749208466
46.31783039784217
77.15736913098463
41.6784062128329
105.67442438069365
78.22063200265126
96.8695544367067
39.353959331132636
81.13985630322105
47.52132444223844
47.48136842648216
97.29864812851736
77.73528633495062
117.51430269668698
48.746815858596236
45.73989044797185
87.50423890511473
111.36667209569816
94.7688062812758
76.00242109983327
32.908568373045036
67.71399424109156
85.2861725666387
119.386912096112
83.53649258414914
48.73694616762397
103.25136049505814
49.340252070878044
53.33691997266148
74.18863714534942
121.19568413176856
65.94452041391759
63.26513707987467
92.52571269608775
89.04792263063273
Rank 2: 200 simulations
Running 800 simulations with 4 MPI ranks
Rank 0: 200 simulations
49.15636200042982
37.78033259735677
69.93181163871444
Rank 3: 200 simulations
Rank 1: 200 simulations
t=7053414  fraction=0.43250  peak_slope=1.758e-07  t_peak=2116024  comparison cadence=7053414  difference=0.43250  below=0/3
t=7406085  fraction=0.43500  peak_slope=1.758e-07  t_peak=2116024  comparison cadence=7053414  difference=0.41375  below=0/3
t=7758756  fraction=0.43750  peak_slope=1.758e-07  t_peak=2116024  comparison cadence=7053414  difference=0.31875  below=0/3
t=8111427  fraction=0.43875  peak_slope=1.758e-07  t_peak=2116024  comparison cadence=7053414  difference=0.24375  below=0/3
t=8464097  fraction=0.43875  peak_slope=1.758e-07  t_peak=2116024  comparison cadence=7053414  difference=0.18500  below=0/3
t=8816768  fraction=0.43875  peak_slope=1.758e-07  t_peak=2116024  comparison cadence=7053414  difference=0.14500  below=0/3
t=9169439  fraction=0.44125  peak_slope=1.758e-07  t_peak=2116024  comparison cadence=7053414  difference=0.11000  below=0/3
t=9522110  fraction=0.44125  peak_slope=1.758e-07  t_peak=2116024  comparison cadence=7053414  difference=0.08750  below=0/3
t=9874780  fraction=0.44125  peak_slope=1.758e-07  t_peak=2116024  comparison cadence=7053414  difference=0.07625  below=0/3
t=10227451  fraction=0.44125  peak_slope=1.758e-07  t_peak=2116024  comparison cadence=7053414  difference=0.05875  below=0/3
t=10580122  fraction=0.44250  peak_slope=1.758e-07  t_peak=2116024  comparison cadence=7053414  difference=0.05125  below=0/3
t=10932792  fraction=0.44250  peak_slope=1.758e-07  t_peak=2116024  comparison cadence=7053414  difference=0.04375  below=1/3
t=11285463  fraction=0.44250  peak_slope=1.758e-07  t_peak=2116024  comparison cadence=7053414  difference=0.03500  below=2/3
t=11638134  fraction=0.44250  peak_slope=1.758e-07  t_peak=2116024  comparison cadence=7053414  difference=0.03000  below=3/3
Stopping at t=11638133.91966119
Saved 440 remaining particles to /scratch/group/p.phy260085.000//Mass_Fraction/Outputs/Ejection_Results/remaining_particles_2156337_1.csv
