==========================================
Mass Fraction MPI Run
==========================================
Date:               Tue Sep 22 22:32:00 CDT 2026
Host:               ac006
Array job ID:       2156337
Array task ID:      3
MPI ranks:          4
CPUs per task:      1
Nodes allocated:    1
Python:             /scratch/user/u.hm357857/.conda/envs/comets/bin/python
Conda environment:  /scratch/user/u.hm357857/.conda/envs/comets
==========================================

121.73748549327404
107.02511142474556
104.89354012249376
105.3501827431694
43.52209365707739
98.61320399483003
61.874693740012
99.0093890162468
60.46905002580405
73.8536331730235
29.109573422743885
59.28982050463028
72.599992469261
103.95340647535582
99.73828793490468
49.89909053850802
93.69155898776766
53.50753479736541
123.05666672708794
92.57831840415588
89.61857512148278
48.33247065504652
63.78099928669183
119.58375595292303
77.96609860246122
73.98056762774652
124.31216451190114
83.8758771335101
56.83822638985187
107.2157487901692
102.31239632883504
118.12565930299971
92.69320801297924
36.41986474089338
38.68041717628938
39.28363796547572
60.75567159683119
44.46737288939262
38.512518415302424
89.8526399836568
107.08040646290387
122.80620313896556
78.54876304974343
69.84007141448797
107.5113984054482
104.21703840978849
66.11967739740358
64.02148083914763
34.334461271792215
107.66553497610519
70.6978660596152
124.54268481618482
116.5571821878229
105.43447550208626
88.93062864746067
31.535199122930724
40.9160388703127
32.79842300699646
95.35282631009733
123.07503310223694
29.240567173146626
106.95215372144227
52.74178376734214
101.41067674432733
118.46092255401524
106.04436585876485
99.81620394313707
72.5552297931487
82.3857665140776
122.02994907589341
50.43004736591094
97.7778269836888
102.31933191148586
78.7998809852342
62.24554629238368
32.2525265309652
73.49618942081966
43.47296950799972
97.43328762844389
77.59963271088745
109.80538680868163
74.73677500209573
32.38798059018666
100.48035074368268
29.64681301715847
53.68391938584459
39.73918427821053
61.94465667769082
52.91388879762414
58.005322920053395
89.46108021691771
111.65794358932052
61.00058357337039
119.47026983659285
25.14066402365751
59.21991999431289
50.74760176579029
102.90773454474713
115.22607480358427
55.525363381705894
114.92201708223637
90.29749087762812
75.62978219083348
71.38067075508857
59.17261174908363
102.605640184463
53.58243293431355
61.064207687071814
42.415359322515
32.74842280313195
72.66276198168939
47.98963729760194
113.91067637722905
26.2148970580231
58.08159785515614
116.08484630589221
120.64955773270002
46.54219553613747
73.28235500875407
61.891359655231895
111.49741747615417
36.78638287620289
43.25982679989771
88.81041959890159
61.59660311345344
69.59785469986784
73.3418929902551
74.5425296303134
68.70370750092508
55.35496139613364
61.693694351227926
83.03885864793028
110.90166347239222
102.33875387123919
80.95844345697105
60.9534435535055
96.37836489515783
101.08832743218159
70.89077904941556
48.46220198515397
118.90144087968667
67.1258637083979
96.4407273042563
33.714282358857716
61.05086974909438
100.30106160977422
88.38115242004662
96.6777009991479
41.21268695606544
115.09000523095042
80.12347774590063
40.32926486895322
74.03419677544271
82.56175331791968
33.42719322340139
98.70907462112466
35.23505644279801
39.749514157802366
109.06063760419525
94.95766251111881
103.07214824577272
57.71992126198761
49.81226648790795
57.09313193154693
88.71191536295727
50.44669965347498
89.7602636871018
110.48774930964524
66.63170565370268
85.71766574267667
25.560006897915986
35.46802715047349
91.94019809019086
105.49429880125926
117.5053379574572
68.8634532862189
100.3639632706796
48.99120545154957
87.85375091649618
45.67559094889392
40.88703348244198
74.03165275739599
49.87598595614371
37.049821383040495
45.39084091022116
32.09136112465003
70.05815663270184
105.97729333840431
30.221808702017185
99.99901863486669
27.179849357800435
70.38913099617548
60.93172216018273
113.60262140621938
55.2687275413592
55.65530608782851
110.4322067366849
92.57749743960647
50.39956768461285
41.786596622083636
38.908262791857204
69.20598210420047
116.80613873913961
88.29759419892127
113.34246720303828
94.32111320225266
66.41335158728582
25.77661138132691
83.18568034560289
109.88995578137731
120.14859269137649
120.37750675985049
72.96757748073438
25.241891670018834
38.669713516046414
104.13765534625753
69.63942657836455
124.85292572008075
66.63453212567356
89.04921033252106
53.434033458124716
92.20969659998973
67.39627768026355
81.65192754106596
60.46342116551515
99.96682872675953
33.05483510365854
42.91842566203597
53.90979651426636
85.30324697052862
55.39823181233635
102.91786860340058
104.2503848590329
78.55921642749584
106.10080965828446
34.50117016706997
65.11362712303522
98.60061533014022
40.682487330863616
101.349619103667
123.85064144625112
43.997258879850605
64.99230626500406
97.61592761241918
50.716659317648414
75.36867606920731
86.89214308842367
121.7327556219614
40.528040479685416
108.60745759458881
79.65216801675915
78.12255490610326
75.67413185766591
112.285629702561
123.82246934489199
123.11013563990404
93.73839076558727
67.61366116879324
120.35954598722097
76.77792445951138
73.6499367080844
118.31280929800849
80.32285723370873
106.93247024354672
60.10532574765478
124.86839884678243
114.14588812090479
83.30448418204139
33.06216040898323
35.03889186662222
70.64521392499258
74.074681023994
67.46671030606366
59.593791906636916
116.98074248108375
52.43390978510859
32.273067956493804
115.86398538646647
74.65136856528144
100.946118979981
95.2723237005428
120.81585896158113
98.59695295426508
28.917892701003943
111.6279389546079
58.572619971061414
71.26840381079958
61.19404306572724
87.82696725340486
75.06933375459835
36.983088688930664
78.044008575205
95.00801337326867
71.11358703513446
47.23836260139973
99.70450324992765
65.73048767384378
106.51789628523095
58.87042070379165
67.31764671768747
101.9575520203795
121.63565561720378
102.178557019226
110.13448686113804
75.38981253481636
65.60464653979503
95.09561765797265
44.709062599045964
104.41189163526504
111.96068876984225
115.95628286666724
105.54211680119944
38.99451268623011
67.42357629873277
99.54202754446236
42.181383556888086
108.45996626104825
35.36080372877475
58.792976741377124
43.90913394451903
82.09774808678856
109.67556204764325
91.57993793237307
26.490626685761708
44.302963339969516
93.24459114860902
114.75081445225804
115.92190744651184
64.73120043434002
109.71286225791007
47.96482369840139
124.37625568282978
31.595061252466294
117.09593384005805
80.51493791612907
110.75150664145325
89.20313237228311
37.85388878140745
106.87592748252453
116.86856597120192
122.99662452332815
97.00039436149552
118.72061250051861
34.228769764645605
30.158523565781238
68.83092818627314
96.67904759112695
61.58517832275847
115.57908472744384
62.84817106058846
91.40482140767658
78.67106330186508
89.9111464780721
88.14954982908239
25.09419999948256
32.988750459223205
55.16016128817868
53.964752315060316
26.25442702994394
48.504142283606335
67.214495535856
46.292150157771516
74.23677407749861
65.99813945305436
54.81606741541576
46.3000185891498
53.2956139992424
39.866250003985826
50.259903461588976
58.58819588107057
64.59991795932311
77.99747545950868
49.48135075796752
45.918909607237644
99.42464415268901
91.71294080085384
78.33709416464119
90.23008086702741
98.54578241208596
116.29684647662967
29.057725731757678
59.672873227534026
25.96154289510313
60.33665801638
81.45075331370805
81.15811883861394
99.41979805608668
49.658504565264316
62.988131418303716
81.25466786100847
69.79888211429491
83.82719558047037
28.209087593719207
120.1293951054555
118.25085379310866
94.98187386142891
43.2661836398608
30.078933328899836
86.05372199611654
64.77946548503124
53.340574249977045
79.51370743044069
26.230077933107477
35.70051606880528
76.6764425882615
110.95419699159882
84.78720583588847
82.54547504509648
36.42530730785217
116.02174202332398
43.06870021871613
32.54473987248709
91.49525978012421
44.05362112811141
94.5834425724868
43.00588157685704
70.40029058596357
121.55840061128958
113.6863749018806
65.03590328877559
49.800477180264295
124.7883298129795
84.23942398676292
69.6483446104164
28.63850593332521
105.28015979536721
68.18691885765904
34.59275011658719
83.31861434135706
97.5726336107562
112.77014654778232
87.70062700752942
113.0084442008707
121.0242930933202
67.02817766151271
85.92090516594288
108.5739782427413
99.21194446640341
57.25569499878721
121.73614206398663
78.56402807209486
75.60244633227761
115.05679981931092
35.46489166526584
90.38894633973251
79.5503710474519
50.65466206427979
115.64199268324505
53.08691088443346
31.923952982815642
41.56940244694444
99.17527914796446
92.09005223025336
61.39323467946416
59.2075093279883
48.74437684583488
34.6038361537224
92.52958261218866
55.83585106030446
69.13520426143893
52.889729788722505
62.4195457161583
35.1776283716585
120.06273981665787
53.3557125311479
59.157192054780886
120.37983726808228
115.7055772685315
55.99617742131192
43.053837304914495
51.43331778078246
33.92046958843312
33.069118439549584
40.59947149708975
59.584227527616875
64.67218292916033
85.96313659890008
43.372606092619336
40.043329120092565
118.08977483512471
113.09225968514937
99.1356767307062
102.44017219281615
54.93697051283323
78.39191164667125
61.33359903920136
40.02087870433091
65.7720240918874
115.96218704454006
54.529697919727695
111.88980177516041
40.96194849646668
124.98186170007479
48.31426247808677
25.704818537530038
92.53805947093068
45.32592385357937
27.504347330959046
93.81519872388955
72.72579512755416
96.89096296805386
40.41638133397613
43.25800265459758
118.1231819818874
116.78319109546476
118.7270489874539
77.426038635872
102.91373926220345
59.555927215089156
54.06280868177179
89.12034793485812
121.06707230549875
91.53054523654404
53.529248005157655
72.61393759096342
59.12016393833994
38.12528097437669
31.14032218943464
31.622024115742708
94.93648829162332
110.934834363595
25.024351320864046
47.17661666561472
105.84113627349251
28.284594210564595
55.31715482769766
34.750725621355684
76.32881056824743
53.67067985069245
60.240709308655525
65.9375362973016
55.18700281073161
38.87819930881297
61.63371628692451
27.482732078890702
117.16550279291833
102.87484543413562
47.74169700844428
78.33346938131956
65.10925699605428
107.46660559161462
38.37359267222392
94.28511055494934
105.2956586570418
124.04534025470257
45.34005556515459
70.60369838753087
121.17600562678625
120.30207118022419
106.28308123947649
110.28195597426195
71.79647094207868
111.49578546381166
36.678889407538286
87.45736545988242
42.99457047561094
91.0744141701596
61.94337741701912
109.91104766506513
57.21886872102855
68.44703929082442
111.73581883831285
40.00711188406811
36.50917392160859
80.32127925463462
96.30834265497676
84.71384062180016
60.25389654501583
95.26988670427167
34.089179776449
64.19506060384656
120.2584897695501
85.14730015814251
45.71528431158552
71.08647714533139
97.07171008389518
50.98603907423346
114.1143221231182
68.53569698728953
32.52851269601466
27.761097429799264
88.68681096075181
35.358463468861856
111.2638805251395
50.800241247074375
58.084764671793344
103.57630253723646
84.86797837862146
89.58063840453741
83.5045146305566
97.70596646588447
88.98876628399468
82.12777310606054
53.99703027243282
115.80948460836197
68.22690227260969
31.39654108826577
123.02418415119281
93.14118866336743
45.21024251174715
45.90638604950304
41.806684119629324
121.20982624962484
116.25617774616367
114.00138618528149
121.83215474291072
103.42574982162033
110.0283832733243
32.062325978212236
117.05809566821
84.42637660750368
37.05820533121218
120.79723750122298
108.33380384422634
41.104692814342215
84.153990153623
76.60244199020454
120.8999110291979
84.1086445963891
69.79147528945808
69.51635318119324
61.848731358521206
107.08361033970066
42.75917657579353
42.5532943877208
76.51270984309775
36.6496956841633
102.05295936760625
58.19995534126471
112.61568626439008
114.79796699106208
58.35954932357911
100.3219740457512
120.75314823329616
78.87760710736852
65.60185184651688
117.82221460917577
67.78248874334068
75.66767376442697
93.50979212337992
57.352483191037805
58.66519779108598
120.0389300838193
75.49938452285491
99.45010956706356
37.93649325256241
104.72284556261444
118.74968550199118
27.165764944930682
120.96668080645262
88.66901533794447
95.19813687235276
122.45728306830924
76.54701637962725
95.12228383448343
31.333791057419766
111.27930700468836
74.22022445563286
71.5552877244355
94.19219353130765
80.52155324732993
117.29063885096328
61.831190578000275
57.66514796392266
94.6931762099291
113.0333058939027
86.94924881192894
123.11886796874566
25.204655543676335
108.19776416022286
47.19938638814275
83.6498680901729
33.619822437747125
32.202838901080824
70.88362984943244
72.12660802024901
54.88549189732767
38.4819142565039
98.5762361040791
46.624895241849714
67.19730595984919
66.79808291774006
89.2245318362041
121.16260504863935
97.57094106808805
118.19654292505842
104.03873029836109
36.132822442527534
54.36014503544193
90.83053023989709
34.882668417969164
94.07975251317056
74.44209021114901
81.89546270599735
35.19950604316926
81.41910017535825
90.00690747822888
97.27365685858159
44.58906842735707
98.74611452356712
123.81639230743134
74.36793118999591
49.28029092247485
88.69335272396854
55.339230328458385
37.66564995485895
31.168221743604285
112.59853621281842
70.90221020380025
114.12556541614356
94.9217284998866
103.25813396487416
39.87219994135091
88.48293677264036
70.1286810844727
91.56338152454138
76.08659036077961
118.89869828105435
42.74626542265172
86.40389080493694
124.74846353557815
39.201096741543054
75.84631088778255
94.76690530306237
62.73416505854718
28.53918649282159
85.74354266987802
118.86986049671309
41.86548079413343
75.18683410096986
106.22263322462074
110.89429876323234
91.76385697885448
54.433300648892235
97.25665143536047
76.3865697230634
30.382598125987204
102.70084470716588
80.37389006141066
85.46769353028557
70.38973191083139
33.79646458073897
81.83508857548193
123.75035108510859
47.302122667572974
111.01981972308701
82.13541461487418
107.27330202416702
111.15648825627879
62.21804487480369
107.92768708580144
55.07285079226306
73.24834300134555
60.59258581354538
48.78165155708819
39.8358258347096
72.26772233319005
40.08644634778518
68.79219495595257
49.000037833559986
54.35767683650854
59.99311264750431
47.8343494950978
42.29302542373226
68.37683074404015
121.31519599306836
67.56527192764585
106.0124289988794
67.9442989653901
110.6250895178755
90.45373852501834
61.974465422021886
30.923775854408987
123.36035764762673
48.977317227457895
35.5303045167428
26.371059585222913
58.465327275725
116.34296094404766
75.26696455248408
44.2450883740076
100.8548477716731
104.07166127875271
44.867691181092155
94.81702280738106
93.37200646982505
124.99661012613366
37.73950380654287
88.99670326153012
52.356693433082626
112.70343182165901
114.4723650374206
Rank 1: 200 simulations
49.33559798748223
69.68287970407522
96.44036052230575
76.12828078070808
54.25791690678945
115.27029794226995
61.41057338567387
Rank 2: 200 simulations
66.07050915414177
Running 800 simulations with 4 MPI ranks
Rank 0: 200 simulations
Rank 3: 200 simulations
t=9893269  fraction=0.18125  peak_slope=2.830e-08  t_peak=4946635  comparison cadence=9893269  difference=0.18125  below=0/3
t=10246601  fraction=0.18750  peak_slope=2.830e-08  t_peak=4946635  comparison cadence=9893269  difference=0.18750  below=0/3
t=10599932  fraction=0.19375  peak_slope=2.830e-08  t_peak=4946635  comparison cadence=9893269  difference=0.19375  below=0/3
t=10953263  fraction=0.19875  peak_slope=2.830e-08  t_peak=4946635  comparison cadence=9893269  difference=0.19750  below=0/3
t=11306594  fraction=0.20250  peak_slope=2.830e-08  t_peak=4946635  comparison cadence=9893269  difference=0.19875  below=0/3
t=11659925  fraction=0.21125  peak_slope=2.830e-08  t_peak=4946635  comparison cadence=9893269  difference=0.20625  below=0/3
t=12013256  fraction=0.21875  peak_slope=2.830e-08  t_peak=4946635  comparison cadence=9893269  difference=0.21000  below=0/3
t=12366587  fraction=0.22250  peak_slope=2.830e-08  t_peak=4946635  comparison cadence=9893269  difference=0.20750  below=0/3
t=12719918  fraction=0.22750  peak_slope=2.830e-08  t_peak=4946635  comparison cadence=9893269  difference=0.20625  below=0/3
t=13073249  fraction=0.22875  peak_slope=2.830e-08  t_peak=4946635  comparison cadence=9893269  difference=0.20250  below=0/3
t=13426580  fraction=0.23500  peak_slope=2.830e-08  t_peak=4946635  comparison cadence=9893269  difference=0.20125  below=0/3
t=13779911  fraction=0.23875  peak_slope=2.830e-08  t_peak=4946635  comparison cadence=9893269  difference=0.19375  below=0/3
t=14133242  fraction=0.24000  peak_slope=2.830e-08  t_peak=4946635  comparison cadence=9893269  difference=0.18500  below=0/3
t=14486573  fraction=0.24375  peak_slope=2.830e-08  t_peak=4946635  comparison cadence=9893269  difference=0.17750  below=0/3
t=14839904  fraction=0.24625  peak_slope=2.830e-08  t_peak=4946635  comparison cadence=9893269  difference=0.17000  below=0/3
t=15193235  fraction=0.25000  peak_slope=2.830e-08  t_peak=4946635  comparison cadence=9893269  difference=0.16625  below=0/3
t=15546566  fraction=0.25250  peak_slope=2.830e-08  t_peak=4946635  comparison cadence=9893269  difference=0.16250  below=0/3
t=15899897  fraction=0.25250  peak_slope=2.830e-08  t_peak=4946635  comparison cadence=9893269  difference=0.15375  below=0/3
t=16253228  fraction=0.25750  peak_slope=2.830e-08  t_peak=4946635  comparison cadence=9893269  difference=0.15000  below=0/3
t=16606559  fraction=0.26125  peak_slope=2.830e-08  t_peak=4946635  comparison cadence=9893269  difference=0.14875  below=0/3
t=16959890  fraction=0.26250  peak_slope=2.830e-08  t_peak=4946635  comparison cadence=9893269  difference=0.14125  below=0/3
t=17313222  fraction=0.27250  peak_slope=2.830e-08  t_peak=4946635  comparison cadence=9893269  difference=0.13750  below=0/3
t=17666553  fraction=0.27250  peak_slope=2.830e-08  t_peak=4946635  comparison cadence=9893269  difference=0.13375  below=0/3
t=18019884  fraction=0.27500  peak_slope=2.830e-08  t_peak=4946635  comparison cadence=9893269  difference=0.12625  below=0/3
t=18373215  fraction=0.27500  peak_slope=2.830e-08  t_peak=4946635  comparison cadence=9893269  difference=0.11750  below=0/3
t=18726546  fraction=0.27625  peak_slope=2.830e-08  t_peak=4946635  comparison cadence=9893269  difference=0.11125  below=0/3
t=19079877  fraction=0.27625  peak_slope=2.830e-08  t_peak=4946635  comparison cadence=9893269  difference=0.10375  below=0/3
t=19433208  fraction=0.27750  peak_slope=2.830e-08  t_peak=4946635  comparison cadence=9893269  difference=0.10125  below=0/3
t=19786539  fraction=0.27875  peak_slope=2.830e-08  t_peak=4946635  comparison cadence=9893269  difference=0.09750  below=0/3
t=20139870  fraction=0.28125  peak_slope=2.830e-08  t_peak=4946635  comparison cadence=9893269  difference=0.09375  below=0/3
t=20493201  fraction=0.28125  peak_slope=2.830e-08  t_peak=4946635  comparison cadence=9893269  difference=0.08750  below=0/3
t=20846532  fraction=0.28125  peak_slope=2.830e-08  t_peak=4946635  comparison cadence=9893269  difference=0.08250  below=0/3
t=21199863  fraction=0.28250  peak_slope=2.830e-08  t_peak=4946635  comparison cadence=9893269  difference=0.08000  below=0/3
t=21553194  fraction=0.28250  peak_slope=2.830e-08  t_peak=4946635  comparison cadence=9893269  difference=0.07125  below=0/3
t=21906525  fraction=0.28375  peak_slope=2.830e-08  t_peak=4946635  comparison cadence=9893269  difference=0.06500  below=0/3
t=22259856  fraction=0.28500  peak_slope=2.830e-08  t_peak=4946635  comparison cadence=9893269  difference=0.06250  below=0/3
t=22613187  fraction=0.28625  peak_slope=2.830e-08  t_peak=4946635  comparison cadence=9893269  difference=0.05875  below=0/3
t=22966518  fraction=0.28625  peak_slope=2.830e-08  t_peak=4946635  comparison cadence=9893269  difference=0.05750  below=0/3
t=23319849  fraction=0.28875  peak_slope=2.830e-08  t_peak=4946635  comparison cadence=9893269  difference=0.05375  below=0/3
t=23673180  fraction=0.29000  peak_slope=2.830e-08  t_peak=4946635  comparison cadence=9893269  difference=0.05125  below=0/3
t=24026512  fraction=0.29000  peak_slope=2.830e-08  t_peak=4946635  comparison cadence=9893269  difference=0.05000  below=1/3
t=24379843  fraction=0.29250  peak_slope=2.830e-08  t_peak=4946635  comparison cadence=9893269  difference=0.04875  below=2/3
t=24733174  fraction=0.29375  peak_slope=2.830e-08  t_peak=4946635  comparison cadence=9893269  difference=0.04750  below=3/3
Stopping at t=24733173.62797979
Saved 565 remaining particles to /scratch/group/p.phy260085.000//Mass_Fraction/Outputs/Ejection_Results/remaining_particles_2156337_3.csv
