==========================================
Mass Fraction MPI Run
==========================================
Date:               Tue Sep 22 20:56:32 CDT 2026
Host:               ac050
Array job ID:       2156296
Array task ID:      5
MPI ranks:          4
CPUs per task:      1
Nodes allocated:    2
Python:             /scratch/user/u.hm357857/.conda/envs/comets/bin/python
Conda environment:  /scratch/user/u.hm357857/.conda/envs/comets
==========================================

1.0832408831401399
1.4073607528843688
0.7552114341519272
1.9144585242189378
1.9027281578223882
0.6769504804305904
1.422916009973728
1.7242251347502604
2.2157971304613886
1.9964948051175055
1.0714357892820459
1.637743243698355
1.671632589510082
0.8130661169473776
1.526226815719773
0.8972346136530651
0.9659795822488402
1.030096675627677
0.688949689095816
2.438879172814075
0.9889057226972073
1.6503583417593721
0.8476222677291281
0.6738206725316656
1.0935203043533317
1.152987011227735
0.6869223657518826
2.424091875211968
2.464003845505998
1.7221450812240187
0.5922314929876347
2.4620977356873435
1.3420938280483314
1.3162167758846595
1.6335130428101083
1.0659823609201253
1.6852308054439964
1.8181516371068838
1.6190788275068664
0.8917382151344448
1.5159168082765937
2.3039526242506683
1.1972280692340658
1.9290647658319793
2.2828341680056994
0.8518272517408465
1.7701760708546397
1.8235625555058221
0.5390142915062088
1.8559307484218828
1.4830574647695285
2.495266730063592
2.4323367325294383
0.9714034066545854
0.9314088508558085
2.059755655185222
1.954229538102373
0.5889822815767227
2.130828855766348
0.8197920984167477
1.6938301728757494
0.8506306612888714
1.0136724439760736
2.1664119849131587
2.484109909799816
0.5956412914591451
1.2021281891832083
1.9930577729256378
2.3969676705370078
1.0122006942378758
2.264634979723954
1.8464195692311538
2.2970933857756393
2.364516398116225
0.7724910538088718
0.7423106246108118
2.3104914598304434
1.0235331391940892
1.1730036903351542
1.3419274693507586
0.8111133851005741
1.1605885947913417
1.0341619415027261
1.4463869729087027
1.7390305644064488
2.4142367831127682
2.2877594536531505
1.5261584676075883
1.7134380701296215
1.7840808903708745
2.0885673196110854
1.5984133974337678
0.5786550623876039
2.31012948636295
2.3232320131715536
0.8569738100452211
0.5596816692404565
0.8818778771465257
2.0349784254972825
2.226798353028779
2.1138091736718794
0.7133849521209816
1.8066235557294803
1.1843203549446535
1.3980826635732018
0.8111052331547213
2.1509525962839717
0.944518754606402
2.3759602765646606
1.623802156226442
1.3110005748194173
1.5726299191201856
2.3347241727788024
2.005926073487574
0.95206093394873
0.7582759027874382
1.8303448313641806
1.2135235154208968
1.3703536597591828
1.7395941221250255
1.427915077624286
0.7265026290972603
1.1070758924859152
1.7305557742630335
1.1532875439685342
1.2362608873980603
1.9076761689361785
1.1973258892950598
0.858434275952054
1.5928628115651016
1.0074270217526893
1.8989142170958204
2.1054707843536544
0.6872286263330396
1.1814571195543142
1.127611370471953
1.6520732838713195
2.325143386273405
0.5672069805325737
2.226427309107308
1.0091349451790663
1.0745965278451652
1.8195856517915543
1.6928403113589172
0.9007092057113351
0.7372690525809846
2.418563670816952
1.5156793330794172
0.8483302226451204
1.6519233830287656
1.4609471356570891
0.8673939395808892
1.9722807178770914
0.5072324497514464
2.2253818391861273
0.95315181519082
0.7813805738050341
1.3341521405008772
1.5500119761906153
1.4874053974891395
1.2625036344138623
1.5201479235728168
1.1655642364218974
2.4737937926887605
1.3625081642485042
0.6094439866807695
0.8643790676166425
1.086683769404365
2.46432027207687
1.0882818233257983
1.4970747653847989
2.3355726484354093
2.1790946454406406
1.3422372123562019
1.1301083356807715
2.434795320742135
0.5912516393668164
0.7771052298597836
1.2427353472226612
1.6249035175791926
1.4921133062726581
1.9448599559990423
2.348897952009189
1.4598570714634485
1.0947291001945045
1.7731904165608532
1.8180861757757574
1.6962282980790298
2.377815837026157
1.73142640263641
0.6002986953541809
1.082782906552301
2.4811494552879063
1.9260863623711901
1.939695780501693
1.6289242692499917
1.765161208031329
1.9876756015496664
1.6340603640268236
0.5102018251570635
0.8222481651358464
0.7500146495182232
1.6651810794269024
0.5879962646826871
2.360659711196336
2.4556921812778194
1.1594922098561242
1.5477563380987394
2.4039262613352967
1.8501054066559275
1.382318765274051
1.0451216505497378
1.3137565028889484
0.5104704592591005
1.038872643961375
0.9502193988341654
1.7061683405852501
1.7947451438630864
1.9722923106814532
1.4140838948996723
0.9129649694305253
1.123792941069394
0.5952649747637719
1.5479713902983554
1.040905911170781
1.5925780165085766
0.603565309287001
1.4824227979162627
1.637864040021536
2.2709243933163696
1.515284190709646
1.0848201525707974
0.9695397885809904
1.5647628526371553
1.519609791448769
2.2715440996610736
1.371728237883072
1.4892281950763488
1.6151649885915471
1.4768140986077463
2.365277201794637
2.2281897045292305
2.476091915053682
1.4156522843053683
2.38097574599485
1.9839446120634616
2.3510070048538623
1.2978667675180169
2.170093485084449
2.283808775252952
2.006453418078961
0.5247842467703585
0.9511814847734312
2.2577298259547325
2.267570696907674
1.7161298308104833
0.957708038976298
2.0794919539461323
2.4658566071919807
2.430196174850651
0.6758574099760761
2.474516860575247
1.459112897183724
1.6795361293689226
0.5717460550242077
1.2696164161559533
0.719954166600115
0.6290252738076765
1.1581924016016318
1.9798439406117088
0.5113034237272382
0.5578860882048073
1.1247467407963294
1.1964496495742165
1.1367879520348672
0.7299377004417309
2.336069572385844
0.7578206580443085
0.7077277669398923
1.553882400846607
1.5118029278078646
0.5124062918624479
1.9459531044497558
1.8587196493278486
0.6167429444813197
1.472164340992349
1.7486774153761302
2.185174062168897
1.3432809813531117
1.2515340274021434
2.3829285203863178
0.8143663014336517
1.5405097752725159
2.1997526881094904
2.295067251587848
1.8508910004493417
2.2256678523153712
1.9957543210051407
0.7845876723377974
0.8232072450512247
2.47274856747038
0.8505858156154507
0.5408270887926381
2.489009373903789
0.7596899567633599
1.956414620765607
1.2538779750642102
0.8669906230720985
1.0241486317798438
1.3829198155344289
1.7540017122709257
1.864141425228288
1.7546576106974918
1.3703406629229644
1.8710628499410455
1.2214873300534208
2.450843736680067
1.6996019445222246
1.3848979805152755
2.1991577223303187
0.5210281028563648
0.9444681098119951
1.576144166242552
0.5267505895834512
1.2737666988123844
1.8316762160013402
2.175561639676176
1.8835446560060878
0.5040361133720828
2.3985843624320555
0.7332512810769887
1.5598454498852246
0.7731426963878327
0.8460393103454076
0.7907341557730614
0.522952932229477
1.347019715897872
1.322153353770503
1.0727787608548258
0.9695310066969038
1.283245296610428
2.1067525566076855
2.0136520584571733
2.117755081921988
0.6445739415703791
2.3753342358257745
1.6464866171308405
0.6478183866491605
2.288735783958391
1.3391792842706338
0.9338581152955399
1.4340778013934132
0.6169995946245181
0.9585584246158836
2.0135877096583004
1.9541880670536869
1.2294613375180694
2.3266109431203104
0.848017511395087
2.2431859714986757
1.7275134647107833
0.7144077504136439
1.0909378557906075
2.293387606256932
0.7483030668821853
2.0281792307592204
2.44512648460448
2.3719984695077354
1.2227585433555512
1.2073011758295824
2.2342602054640994
0.9951329317941695
1.078177556458793
0.5211699136758083
0.5264649930999921
1.4360303952942228
1.0501202963727936
1.146240551760936
1.0054761048803076
2.1824504227207733
2.1139296294678056
1.1830041208499698
2.450363208575858
1.951289772405122
0.6823569013469908
0.723758656978926
2.179001451288957
1.2056240531290285
2.087586593419617
1.5120257840236517
0.5203526395216056
0.8577850605161337
1.9793997578994693
0.9111844105339475
1.2882167118063264
2.088685305461018
1.8875898502123247
2.2053507092595965
2.211687880326096
0.8760985838055044
1.9730469381205302
0.7481583970653287
1.6624364646154304
1.8481087299365886
0.9009220921096774
1.3469402128003871
1.4561189774826424
1.8990922185546781
2.0472515501916018
2.1520065025825885
1.2816051291455148
1.8625116791917335
2.080421191729504
1.7458222975360096
2.2968816785846506
0.6671307886309361
1.6727410087305097
2.119895898759746
2.2042233325626484
1.3522434308939857
1.084096996597032
2.3849343460335404
1.6082089887813096
1.9285988162638596
0.6299091864295951
0.6318298653361452
2.327130758085738
2.343827291145858
1.8671120692819947
1.992445087862406
2.447448507709403
1.8695596712055633
2.2199142196564896
1.8092148845312632
2.459208671156646
1.8944531934552897
1.3839076561020536
1.5857907944299126
1.1856459282211855
2.0669452577115486
0.7207107645591824
2.2673629623312914
1.5219470557278416
0.5818155467498267
2.0358759574258474
1.431720186129656
1.6057418823441683
2.3450728217181758
2.436542724607194
1.8618890887520374
0.5698861699880315
1.216873864311323
1.5589567751521103
2.2145928396670334
1.7710714203011804
1.3633711353150577
1.806759786880928
1.9882160523130306
1.2481276983684513
2.3546541584464933
0.8822473678305205
1.236052624542901
1.206028915407705
1.5556152764103555
0.7834276196950278
1.966904409276408
1.3473982256971613
1.44155540290222
1.3840720459516218
1.4702163783097415
1.2345165066830124
1.3418660108414266
1.4144495077286225
1.0027966753543671
2.2884982450769957
2.249413468061686
0.6509518430185404
0.666407815895736
2.138937903374181
0.947697031460363
1.5103858547079396
1.7006471440546351
1.5853079888630293
0.7500984089518228
1.36976155430541
2.238748703998309
1.7119537915756677
0.7275519781583972
0.8193069331155536
2.3341047668955177
1.0219292527874873
1.0492740719292124
0.7902616338014183
2.223989531442192
0.8054551312933735
0.9048333319396547
2.094566791859692
2.0338049709849444
2.351723980303829
0.8548333636135554
2.0567669023331177
1.1136033651136865
0.5970361200050365
1.0232700547769547
0.7396709436871198
2.449273949316377
1.2073065551094926
1.5264171804133375
1.482207933210022
1.6348134560020608
1.6315017511838612
0.9238069755302196
0.8972898483904583
0.7875802452881238
1.6282328387660372
1.6041425311315685
0.519848004791061
0.8961433073862084
2.3650691965394834
2.1935480364072135
1.7401191160410148
2.1622985300970923
2.0396643149293436
1.5229029247653048
0.5416429578566397
0.9338588300209323
1.7651626546999497
2.137771511338088
1.4625844484675143
2.3185907421768546
1.8954706495475138
1.3180760300798884
0.6561201738766373
2.178054647833136
2.300992612305061
0.6622575998750235
1.4302485962028288
2.4114215529778287
0.9957662106683558
2.444897693832948
1.3916183257998473
0.8874417061567204
1.648091785249812
0.7625182286116645
1.472139177537016
1.9132933069588527
0.5952085877092026
2.21566453976327
1.3866969384156143
1.8099931687753605
2.2378604431817832
1.9590418882314158
1.103289120780067
2.432490845763228
1.9744666939325304
1.2527338273765056
1.6849844717487479
1.2785841751196776
0.91682747055179
1.3352296311953102
1.635587274818874
2.28466869799034
2.369372892173346
1.3558679309309811
1.792528095164558
1.7926610979729227
0.7625956756311163
2.060390188887095
1.6449776090495982
1.4246313168348852
0.6447123705294155
1.35041745934577
1.1747878602789836
2.1099309736697878
2.4179096703647014
0.8051558831072476
2.3578334814885524
0.8788215981315228
0.8601415562628913
0.7695105041916537
0.7590848008936644
2.171151432578485
1.9940637902926808
2.1318600125445144
0.8573019950673633
1.6429523406334192
2.2305401041322015
1.8277538254485728
1.3428665362889316
1.7466039314596353
1.5613663467103323
0.7823042596871059
1.8555226926089219
0.915237037908786
1.2281759863691382
1.6677633257684212
1.3015841432833157
1.5384139791021323
0.9483102232587788
2.3014087572845074
2.368974029044482
0.6435640772356548
1.547369612280812
1.5739511025434105
1.9874546580377999
2.0820625290890646
1.809955309404796
0.9599927759343874
2.378320275898938
2.3000128323970146
0.8155420778517686
1.797928169769978
1.256950429122838
1.4910804619114897
1.6993466871876075
1.813468268329082
1.9101846980680333
1.2192777693811596
1.9683683943051484
1.8457599127150877
1.8976802270919377
0.6749191910207823
1.4979070032968598
0.9083471479990637
2.4947589340841825
1.3695449948457838
1.357020533592999
2.1462588423116653
2.1997359422608866
1.3761638098193842
2.0816713697611444
1.340312601256533
1.0759034688812383
1.6604190083565005
1.911398599809083
1.0231331656998668
1.8994292421452819
1.5729888336024107
1.4322721819805415
1.948379303749595
1.7528006655641863
0.5182714131090569
1.8616568283517967
0.6524201423069313
2.154902740772028
1.379231768727315
1.9390106963858416
1.5122702182791368
2.047832333267756
1.730244469005912
2.0437329035078564
1.8544995439220147
2.2969810169805953
1.2611144574570503
2.3628305697372407
0.7235752146857644
1.4124185203770987
0.8183791406323022
0.6060520234464595
1.0646905073667725
2.130095495819262
1.137322159927938
2.3929890328229697
0.595405500789209
0.517482647907348
0.6996861691161069
1.0697408972686735
0.5723788083317967
0.9644545425297189
1.2326948497556318
1.3061282229639233
0.5596473355600458
1.3246711825212547
1.0867625944706485
2.2572773712369374
2.3634964271099888
1.0343282708786297
0.7475182768836672
1.0850996931550836
2.0255481796254746
2.083343754932498
1.642350407386729
0.9384119245840459
0.6791530028624544
Rank 3: 200 simulations
1.5224658165482525
Rank 2: 200 simulations
0.6848374528086982
Rank 1: 200 simulations
1.1578556606082633
0.7375020755102653
1.5837953219135388
1.1265113245225544
1.786716957734652
2.1129557072433105
1.9967409782350514
1.0898664336008226
0.8185736227836271
1.0264251568034013
1.8919869763438308
1.8648338098090074
0.8925681238732319
1.0461070362515872
0.8028811846636852
2.138310355937863
1.5478999569099183
1.4614049587348739
0.6584087650137092
1.595655500073884
0.8286790898595426
1.45740197243366
0.931919560572732
2.278347361395759
1.5784671587210417
1.7973311812303845
1.3175372265482679
2.4193774360119664
1.0646195319054217
1.4343132176541586
1.961926389407809
0.8378676266004785
2.0719296434500505
2.076510374890749
1.7181945169720194
1.0254705918860736
1.289331491122774
0.7252352058072078
0.8995960423398721
2.184750248108701
2.461086363667852
0.6466751902410062
1.142541989783916
2.2989094899193523
0.8362091427670535
1.1316680880676697
0.9147046015688827
1.629810284680147
2.172858566159009
1.5984860416466182
0.7470278456382737
2.3069097898989983
0.5692249475863542
1.7922562249302363
0.7183930387677218
2.083427214136425
2.256538970933521
0.5309239319651409
2.3753270103256066
1.065481686675936
0.631157425792682
0.5940523229007786
0.55070000657837
2.116393821665171
1.417921667346954
1.4808608302548363
2.227662375245887
0.6115216841874862
2.05137384780343
0.8058486552197588
0.8510789228441513
2.355262704325103
1.7631444589702547
1.1393439873704603
1.2613685885757897
0.801098371349209
1.3496403625794373
2.316323937851171
0.5190018927165381
1.4906071586446035
1.1347922155223427
0.5336519526981542
1.7084194977041796
1.4308109642963203
0.9538296653579204
0.8664331879275871
2.2575525243145167
1.1082034359800066
1.1472195560755567
1.1832923401274338
2.4030673191074507
1.9325984191472934
0.9760594774370559
1.4602351008874823
0.533723325097706
2.4088669997087306
2.0898931314765288
0.5382720687272886
1.1508267738536422
1.4214465203446003
2.014697432576914
1.231540702195098
1.8804644739503882
1.8297275467401075
2.3142821799716113
1.8250166206186749
0.6069979914376125
0.9355877371133765
2.390813253365652
2.390989442169939
1.1404158135903268
1.1036816881060862
2.0854638791727216
0.95629100426041
Running 800 simulations with 4 MPI ranks
Rank 0: 200 simulations
