==========================================
Mass Fraction MPI Run
==========================================
Date:               Tue Sep 22 21:54:49 CDT 2026
Host:               ac006
Array job ID:       2156337
Array task ID:      2
MPI ranks:          4
CPUs per task:      1
Nodes allocated:    1
Python:             /scratch/user/u.hm357857/.conda/envs/comets/bin/python
Conda environment:  /scratch/user/u.hm357857/.conda/envs/comets
==========================================

119.5072970775907
97.4507256530067
84.50654378841892
37.70569525641585
113.67809470433232
88.46105684124728
78.61374966180927
66.64474278895288
120.48780360383765
117.88025387515094
27.745867394628497
37.39496898302357
104.41271497674407
60.93041797864964
35.3815183291696
59.549096720241565
40.16805324060656
44.62077391831497
83.04877492345855
59.16732958027807
47.22488343786476
72.71715222218113
97.1761326867663
39.17963737616553
69.288175149193
97.31269518189715
42.14594413843575
45.4060491826925
101.20002990792915
84.18469615269859
36.55807641666474
37.83615811944631
100.20074966119422
62.168035189632775
99.26809595115068
103.32355213275852
63.102427517860335
75.11059324134766
70.53637716662271
122.41117347381163
42.04359447610268
41.77479143993166
93.84452000052174
63.892945297357386
114.85978818443547
103.70368720576644
95.68345637660744
87.34890885273413
107.01154599285299
114.88833188750046
114.27254250718445
113.75259121839171
70.58990728365045
84.66981952823423
101.34466929135355
64.40803106833671
71.04060640398353
25.283925677029206
107.64757987281816
123.16713344668356
67.53948449527434
89.01161602703509
25.020523617687452
97.94654121751883
39.22684722568455
25.618566485610028
28.325124717728567
89.65375653988006
54.81771494395878
25.415519509278784
120.5990289292523
97.99541286190355
109.18414670726087
102.7855536496357
76.03510718520765
118.28521900168263
114.47233739843595
103.80138671964868
89.91572025796238
67.63963001766561
57.06110501662328
114.09997398285205
101.44210107098985
62.63610007108782
41.24530556766881
110.56402633008092
61.12109397073755
48.28249015025828
123.732528823314
94.06580143357027
44.56847088097731
83.54880854850876
71.08746794982694
37.624042871273765
113.12691780141455
63.92519948720054
56.33455859002253
40.015369934904314
61.112876909633954
67.31752202693792
68.21847126613157
42.600932259725155
90.41656471869258
70.8047359191831
36.77687831414232
112.62222940476335
118.88465967007846
107.91097387060721
92.71806577175659
36.85679009621698
104.73425406903164
52.91964848768174
108.57571806722692
119.48345596734562
122.80895081438776
117.4734784758335
29.978145073560103
74.5631726332316
59.86677145588658
72.76797318214543
111.54957604549243
29.88786171897575
53.46581596282515
123.32599165978372
41.03164063466427
72.19804601553037
83.29668498177764
116.08092623520038
65.00267685108071
100.68392926704274
114.92639038242886
64.92067892293213
73.01537561807709
71.58848056322753
89.9787618595662
26.50080927213081
68.09543175522278
122.97518292298797
67.2706199792506
46.0063853172517
43.24873449401008
86.21579651562803
74.12658586269907
47.05079864054335
79.43167268470644
51.970705823384236
31.46337637570894
39.127601076018934
37.824859676989604
120.02052951935379
80.03122523388812
122.57624360700639
121.88165796790729
35.66702882670189
116.77202485305615
114.59710227844528
90.30278657042848
101.4751309854703
65.96304386358503
123.1643413867241
79.60594547051204
41.25763080677104
117.23185651332423
30.28135066433457
105.30634514840307
116.67272257802514
109.9142842973813
67.88403198790377
106.26738095175125
73.3198265015129
44.76766153239346
122.47295531330884
113.86593465205074
31.422172901941547
52.291568587523116
106.41222353308952
29.500071498537217
62.52145030289997
68.5201369340656
25.7021934478039
120.19823609312319
106.68767852569442
33.38873648526939
69.37665745503546
59.49357731559621
37.84629373259213
123.00847110375742
57.75606757169982
100.64252335280676
102.71177687263994
107.18909602657575
109.87250871278408
47.156940503826426
67.59109808496476
116.67641081385423
46.84141843735324
82.06214824743024
58.08090349689154
90.97196525968839
83.16054452278101
88.7881007646267
72.41897942073749
42.01789386239979
81.95294103771141
67.58185579742428
63.51859099420398
90.69830744031256
37.38403111030283
83.71085309885498
88.48492855941677
51.04301436020388
109.03671748752572
38.01463836381728
87.5729188494081
110.92268629710911
56.255535412600835
111.34913056381943
123.85996033611237
104.81865677708653
37.54276642898928
107.64070760405812
35.69396458434952
83.42501434979258
59.98408972222777
42.317655810625894
99.91740942317489
76.03566850332398
82.69994766121651
45.58094636591515
86.01325390908343
41.007801298065246
45.28145578161944
49.01138378670724
96.13667342912652
50.957884777601514
99.07121417124709
31.989727567679548
49.92866903672992
90.43619605117289
59.4833420810731
64.6441529453732
86.6919256637568
123.16230219674529
117.33022064707332
107.24594437416086
69.81610023007289
42.17424829466696
84.75531126333246
78.6330086935439
99.54233618270122
98.29612308139491
70.16410064707622
100.77284996745985
78.13035696026031
61.6407952343885
63.65995866183785
88.36295927976454
79.50705145778609
75.83651302748666
109.52198421294949
88.72907675394802
77.57058291839644
120.61638550797615
110.81868254949377
46.31131579585998
49.0063286868605
44.52405305008749
30.400505609355765
90.59197170816302
122.52126169816472
31.02906097755077
79.84664020381256
65.92989638995823
106.50550577482106
51.4404905887039
90.8288230486694
100.01262136444625
123.56372535739831
26.27726172015369
56.91380963021676
72.20885390017403
36.20774539307602
29.483810449592383
72.5602786653869
78.57259558227429
39.156227056895986
42.556627692619855
120.67082336677402
30.365518265815805
33.32240716538914
117.09243462385983
113.70052508118073
28.818557237490595
46.546663240474516
32.59158371068936
36.794761598123856
78.21154428252834
38.9722479126954
64.64139278294473
71.69133969507439
77.2230015727875
74.95308239116466
36.826826928784655
74.11048092490353
48.022854540992796
29.227891498156655
60.391479338781195
33.88507884872071
39.21082172649367
111.43420838699257
47.32988767753967
84.61190020413432
92.2026711059979
59.77379207358287
68.62322842515321
30.763075029165556
86.56743167022779
89.77058784632133
69.25280499189208
85.57440725821507
54.54492622941227
63.211159202211306
119.34445518175045
69.36073700667718
58.10825790476455
110.86322705554609
37.72286835287687
71.21396330161613
101.10687266562758
34.92459878476231
44.98516817242879
33.66409501581854
81.02022618176426
45.82762667242237
112.50208332790149
66.8532449194388
40.28443561491029
54.084853985919366
69.82778500669984
34.23584222574404
62.87190892806067
95.43934708673163
90.78422971795692
59.55695752043526
106.04701093566379
62.4743149057548
54.424013514472406
94.47202084055507
57.265545965847544
80.24015030063018
92.15056992646767
78.2970116200209
56.848767910319395
61.72597023488153
43.16449116399042
60.922119814568475
42.58029006091897
64.61722311714652
35.460332358680375
123.68665880513818
78.01561848274
118.60140680029217
62.94598155696958
64.06271207609915
81.84747262323359
102.36292287615082
25.754710318338812
78.93915189240141
70.48837800261205
47.638720967233006
48.817306201558665
100.43858489008967
53.28819466233101
63.32373081054698
53.66490990982008
84.85136185284179
51.58506574664445
77.51426569146122
60.093513892420944
42.44666829614934
25.50618908268908
38.069813526993144
96.16311939749906
26.142302337115662
99.25153594276185
48.942332496512186
32.165077571221424
89.60046185964846
43.4743653795129
107.12686224620472
114.43243169766991
50.315254594031174
79.50181765387481
101.287189697826
70.47726812851491
34.85747002620592
33.753175878427896
38.43577662086243
87.14003660909587
39.68556912347787
122.2624594171981
84.2871323841095
44.28291717296199
123.53092296244571
119.99625130020549
29.064183290078905
71.90616279970271
97.26252946337624
121.08384094203102
85.92197613376287
82.62695055203201
70.93300775647464
76.22920662180445
43.13155292774189
51.59771851295808
46.602611689016896
34.086359188916525
68.40520158394473
58.03345998839975
68.73082201047323
45.10591808316579
30.583555789214003
96.29837554210118
117.53311899121302
88.40269628347137
42.37417520721732
106.04093542289533
64.922928463918
87.32820794696438
42.97486902055518
64.87155391150341
66.53391127796746
65.3328156223242
59.0129485115931
31.71313344053417
85.22384272117682
119.21058071677116
75.63756158398667
74.060995498096
81.9987017674729
101.70686197189988
49.808511329374056
54.58855883818522
66.26594927100962
67.78194974779564
54.88631174461821
77.08589393015141
36.63076939382395
33.169063421151236
56.52272941700909
52.08568116168939
52.97737775664876
25.48321575184609
47.7993887371256
59.455902109322714
106.23365742198004
29.79553564821599
42.43299113605514
107.89010539886797
33.837393695185725
78.90184278133529
123.5152821259908
34.15001177493263
40.857810732490094
88.7726782149653
69.97480869003275
34.04501968435849
31.278620154162073
41.74440267360619
25.226029003032647
97.39221171013156
99.83406048874946
105.44416687700249
113.85630452167528
25.518867359024576
38.9088891143907
117.02450586659118
45.53299653676355
72.24409271087758
120.59503498287148
25.78083516366727
35.38954061698368
55.74939452686931
85.68982001327004
91.1184100367278
64.91170711872434
119.88059094829579
80.11808998524094
29.258223037934037
108.8092917522923
78.68664897609162
33.98986099713394
29.00749747301472
65.25095451256504
33.454043682852586
77.00099687223991
29.94840355368906
112.97620255441282
48.57437418349572
78.55954894872437
50.828813965863574
77.4331214374416
118.01761022221203
39.969738016784774
76.42202671904259
50.58913119812125
121.17285046837844
58.469102193656454
32.41766897468749
55.526663546640044
101.83112196566412
111.49624411245875
88.91244597265663
70.31717714593344
90.66302173532604
104.26033057857099
96.45636072150508
50.803394252064805
90.26977581889557
91.99857246235457
93.36598235221038
100.38798035908644
90.16109378974734
40.625501520919215
94.06044118579925
88.30343755703456
71.84786776072156
76.17838144912366
40.700762752611354
40.28750288142871
55.94629104681
43.43458070784602
28.780890562013017
124.79552602353726
102.21231328400029
32.843371267685015
115.06510608929302
111.91384881846619
47.19016666622624
119.53615124628485
117.75004789190749
42.39359563363435
100.67090353216327
62.40826162482595
122.25770845555066
36.8197063148113
40.09095571078883
65.14048533782395
42.14874369965361
85.30460547816719
92.25482662812395
56.52641560755384
105.06869695788306
61.61753346428374
83.73232254598133
105.95493524188193
40.98928120635189
97.1090232659048
50.65859053151054
100.09156818735265
48.53406309324606
111.63039207170006
60.215572879078735
99.00490129649314
113.48214042315205
93.0864833633493
83.54649310775318
121.79740551538326
29.556791551971717
93.64843338095471
87.60128498244734
91.35329691146949
94.95889818702172
66.97403699683478
118.43604772259671
31.65728709330544
113.2731738213771
70.73730266819312
28.768591255065722
55.501347333277266
57.34856809196981
44.23355774555545
69.22662874185788
70.24553799361932
27.756228306493803
74.98629188636379
67.50020326209611
71.6581191899435
90.6727139562481
120.85388089630324
38.62856172507077
49.08619068004886
72.24782527593263
97.00817901981009
96.73223332924854
116.76601448650273
94.70393598347827
85.2894871849229
117.87403801590978
55.83720254185474
106.19447837302404
111.22134159597978
93.37368135285402
73.02239692667843
42.971874694665416
52.548980191332184
94.28995957654735
75.09101294495949
70.05455829248325
35.258591939900654
26.88089636295665
109.67185873247162
124.78001737230375
52.47138180506684
56.42402169927565
117.48677757446056
123.51582553521881
65.36780810429923
40.313425225366096
69.94861360304071
63.915118206901646
118.11094246095473
86.90830246393004
94.56492066468381
64.10363132545586
62.96860393148539
44.97994206302212
74.85049109127034
33.20790077527865
59.30016046676382
116.6257556204399
68.11196185666317
49.82154607982609
74.88703839140499
64.20336389347065
37.639773454284395
118.31535513372941
78.32542518860899
92.48862021532486
25.21558634798142
121.8495837018116
34.791710817889374
28.298074972005438
102.09831043964974
44.10157945951144
25.161081512451688
86.83881916169813
84.54542995018274
36.12592613568402
40.0217480411308
73.17612699272718
57.14624043994423
26.41893879628967
99.39124966320175
100.59620844658784
86.21760955670715
93.4775179724865
82.26152986476885
68.97664695464357
116.21141168908528
78.0458131998129
71.96426566516382
58.54616836540748
97.53854881269787
96.12389858117903
105.80221745580096
65.87507391430265
37.072626636956116
109.15856178335028
119.09452903557
49.41254041372902
123.55583824033125
80.28455308344292
40.18419617695373
107.14654276038414
58.480808644039875
82.70515530669252
121.66746566110966
51.25079853032345
33.23039693253179
103.01756077011169
80.77579397868831
92.30872789394887
91.04553841555126
88.07501480163431
26.95572121945361
92.06484143526244
71.95966427640501
49.57623529945836
71.38616812230231
119.30546487355262
57.98783985545399
78.86916941341131
89.46689869457298
35.91464257811161
36.81276852099634
26.767046222965373
47.161636057038024
59.96390731057155
103.63440302506677
102.86002922111292
104.89152602344885
111.70012273294539
120.89415094203932
98.90824847031834
56.99666285257912
60.87236844664423
48.23605835583375
104.28238623022743
38.72614994425575
115.85538152637632
122.12264923351448
122.61825074659953
112.63067190464078
91.8009626587549
61.14792809351775
67.07207873500103
38.5900001598452
61.14757080111768
102.95508046539028
119.08835799544988
45.49268354079858
50.10020016947967
68.62132163924264
63.96942109683906
72.9679075928407
25.781820188650993
60.943214463352525
68.30030653075633
109.8577202257026
40.34219463013594
33.09724536312575
29.940168426055493
57.63692382718653
105.4714243834585
53.32396724285042
74.67124917943167
68.63340289988068
91.92866772844239
96.62967454389883
110.58301787981
68.00180904832868
116.18861730265364
118.54115146767485
87.52283851440478
118.16885837339512
27.918838900696596
84.82180639625803
67.99652132812966
113.79083427261534
36.66490677502632
69.85951090857883
109.65845868212834
92.05702289166638
88.94108239267177
90.86953097207083
47.1498257132394
71.08724579376495
50.20524172490492
111.09173800440702
76.09159118707039
35.47628618340508
42.44649424117392
113.18317611940255
101.18194383424401
49.89331826839022
25.863761417794006
36.27259298088019
72.63905153224647
91.13680542220243
32.81010311941296
49.746131199817
42.19115829494159
33.425938176929705
56.945574490931115
92.9326623533038
105.04123797922004
75.07046775542021
56.08270758955641
70.89370642576387
101.6417049190998
51.04783229279659
45.74977246254753
46.47772222506707
121.30882089362748
48.261993478723724
109.18946868360399
25.686432033048234
91.9968135674442
100.77358669832726
37.32683406397239
121.9848825613213
51.46469502121708
26.251280233115704
104.70456221550353
26.69768478959166
Rank 3: 200 simulations
109.20818421965456
Rank 2: 200 simulations
52.91605398161949
Running 800 simulations with 4 MPI ranks
Rank 0: 200 simulations
83.35568151793719
67.81444310299307
Rank 1: 200 simulations
t=7062204  fraction=0.34000  peak_slope=8.992e-08  t_peak=2824881  comparison cadence=7062204  difference=0.34000  below=0/3
t=7415314  fraction=0.34000  peak_slope=8.992e-08  t_peak=2824881  comparison cadence=7062204  difference=0.34000  below=0/3
t=7768424  fraction=0.34625  peak_slope=8.992e-08  t_peak=2824881  comparison cadence=7062204  difference=0.33625  below=0/3
t=8121534  fraction=0.35125  peak_slope=8.992e-08  t_peak=2824881  comparison cadence=7062204  difference=0.31500  below=0/3
t=8474644  fraction=0.35375  peak_slope=8.992e-08  t_peak=2824881  comparison cadence=7062204  difference=0.29000  below=0/3
t=8827755  fraction=0.35500  peak_slope=8.992e-08  t_peak=2824881  comparison cadence=7062204  difference=0.26125  below=0/3
t=9180865  fraction=0.35750  peak_slope=8.992e-08  t_peak=2824881  comparison cadence=7062204  difference=0.22750  below=0/3
t=9533975  fraction=0.36000  peak_slope=8.992e-08  t_peak=2824881  comparison cadence=7062204  difference=0.19625  below=0/3
t=9887085  fraction=0.36250  peak_slope=8.992e-08  t_peak=2824881  comparison cadence=7062204  difference=0.16750  below=0/3
t=10240195  fraction=0.36375  peak_slope=8.992e-08  t_peak=2824881  comparison cadence=7062204  difference=0.14875  below=0/3
t=10593305  fraction=0.36625  peak_slope=8.992e-08  t_peak=2824881  comparison cadence=7062204  difference=0.12500  below=0/3
t=10946416  fraction=0.37000  peak_slope=8.992e-08  t_peak=2824881  comparison cadence=7062204  difference=0.11500  below=0/3
t=11299526  fraction=0.37125  peak_slope=8.992e-08  t_peak=2824881  comparison cadence=7062204  difference=0.09750  below=0/3
t=11652636  fraction=0.37500  peak_slope=8.992e-08  t_peak=2824881  comparison cadence=7062204  difference=0.08875  below=0/3
t=12005746  fraction=0.37625  peak_slope=8.992e-08  t_peak=2824881  comparison cadence=7062204  difference=0.07375  below=0/3
t=12358856  fraction=0.37750  peak_slope=8.992e-08  t_peak=2824881  comparison cadence=7062204  difference=0.07125  below=0/3
t=12711967  fraction=0.37750  peak_slope=8.992e-08  t_peak=2824881  comparison cadence=7062204  difference=0.05625  below=0/3
t=13065077  fraction=0.37875  peak_slope=8.992e-08  t_peak=2824881  comparison cadence=7062204  difference=0.05125  below=0/3
t=13418187  fraction=0.37875  peak_slope=8.992e-08  t_peak=2824881  comparison cadence=7062204  difference=0.05000  below=1/3
t=13771297  fraction=0.37875  peak_slope=8.992e-08  t_peak=2824881  comparison cadence=7062204  difference=0.04250  below=2/3
t=14124407  fraction=0.37875  peak_slope=8.992e-08  t_peak=2824881  comparison cadence=7062204  difference=0.03875  below=3/3
Stopping at t=14124407.296114864
Saved 495 remaining particles to /scratch/group/p.phy260085.000//Mass_Fraction/Outputs/Ejection_Results/remaining_particles_2156337_2.csv
