==========================================
Mass Fraction MPI Run
==========================================
Date:               Tue Sep 22 20:55:32 CDT 2026
Host:               ac050
Array job ID:       2156296
Array task ID:      3
MPI ranks:          4
CPUs per task:      1
Nodes allocated:    2
Python:             /scratch/user/u.hm357857/.conda/envs/comets/bin/python
Conda environment:  /scratch/user/u.hm357857/.conda/envs/comets
==========================================

1.4960782935101298
2.3178834799043457
1.0723270629506352
0.6998539813383755
1.4013617536331566
0.8320012195289737
1.6474714489944318
2.301388092245297
1.9026078879928023
1.300378980773618
0.6649780454124119
2.266389482143429
1.0927348950795865
2.097050287489247
1.511599173651683
1.6780343419094024
2.23292798362023
0.941935194475763
2.301348270668859
1.7126569732820724
1.1641719180793952
1.9058563001193407
2.3723486827147804
1.2189631070971227
1.2539665094650685
1.5997533346975603
1.7290152036960542
2.059122659200265
2.091640584248294
2.4468914322377966
1.7597853613734917
1.9649185947818688
2.3236666499054204
1.60229813116703
1.5217366327341892
1.3344938876076609
2.459735980752697
0.7061047957210735
1.728142751157189
0.5636315714261744
1.6785613864933908
0.8646871008525738
1.7910262823250107
2.3055791180373744
0.6521780931196459
1.9227501893812635
2.1984839525472424
1.3836964639662974
1.368502412493606
1.8316092964920996
2.1679523812626256
1.0081690569328356
2.454034307835843
0.615061634711662
1.9961727226788153
1.767351570193976
1.7468388736594354
1.7903050465108452
1.5234761737487525
1.3257961543752437
0.7576449459159564
1.9638702108912172
0.564016746516534
1.5557748631277593
1.5395064020689322
1.0456674194189521
2.426129060773323
1.7613311625771262
1.7458200708323577
1.4523945378319447
1.6156455874450661
2.1125802671557086
1.5536695578028492
1.6846516263072
2.3525863617358485
2.1246394254966985
1.7466100612374877
1.28108654838215
0.7084604024534868
0.9925796963435634
0.9330071525466677
1.4448588379486451
0.8886616370377172
1.7828196594389545
1.6251917253170038
1.6783208168977808
0.8458388048133747
1.3066559731332363
1.4336383104067332
1.7010666317948002
2.0868041165673743
0.7445415467668568
0.8767176052077283
0.8355874323178851
0.5733065555307948
2.3221543099657245
1.4089563317174363
1.6461726222491453
0.8356500614405542
1.4028987985416195
1.5637087178478253
1.2907727352887794
1.6520342007532056
0.5719599657701553
0.9115108498018574
1.170884300749458
0.5049374407058107
1.2449156309271734
1.946928374766614
1.0831626708317337
0.6500853328505316
1.1765581662465658
1.2288108977606544
2.1551941776000474
1.4872439638358634
2.3046864504709754
1.9630643753599488
1.9913447522930545
1.4811126160512895
2.051369726019409
0.7456440911681137
1.2206190881136365
2.0225586578496815
1.678487756117869
2.3948399731526804
1.3173201057741282
0.6691776442497173
1.0216422100789386
1.4829758251350609
0.6837184875132833
2.0374413706000087
2.185238309798483
1.2408854802743123
1.040113758151339
2.342155210711209
1.8612559418843386
1.6021578441140978
1.7603151534705037
0.8793497426970045
1.9832697855411785
1.1257106952455778
2.1347589764140653
1.541603032715797
0.7613941125897341
1.3018816162392242
2.4592532990865807
0.6368087317618893
1.956386541796638
1.259053625195889
1.511654637472235
1.4178358708220802
1.7292501691974005
1.9296414549116008
2.362475214099338
1.3318148482077241
0.9190653603457233
1.7130787927793292
2.0164246249866444
1.933790872848842
0.994790754146806
2.485733029799367
0.7994787049731125
1.036095553855203
1.7604807917171612
1.435516859045038
0.6255340830891536
0.9061518934988415
0.9757837887267655
0.9699317493923028
2.412847917474588
0.7313321528098773
1.2809869392212336
0.830442036848188
0.7971383435528459
1.869344846028231
0.674410886668722
2.4182131845997983
2.4639721338142655
1.8714727628365928
0.6229243134620726
0.6899688346187003
1.3632278097419477
1.9664832493609465
1.0198977478136593
1.8693844831397173
2.105280194621579
1.2492109246621885
1.773226989186069
1.418933477023456
0.7607587742384505
1.6480384113069038
1.9403197034535258
2.375842249057899
1.4443484554925394
2.373571896277901
0.8796627921229676
0.968403183662293
0.5196487698197856
1.7035228461594667
2.4535448105334794
1.751714566414742
1.1456688705156455
0.7261527180051941
1.196170834466063
2.291841376196351
1.1338115330799179
1.9506252678182237
0.7400934649198709
1.4257889447382892
1.3023780998336538
1.980926844638657
0.5381296412011094
1.9552134297255
0.5079129165522223
1.778553982570406
0.8053696230950167
1.125270707459678
0.6075571495080634
2.104598735831284
1.681134941015567
2.3797842603500117
1.4039390304402617
0.969310304635904
1.586118972852638
0.6564910950399969
2.2278127765876996
1.853893409362685
1.5362295223734035
1.1924058536498992
1.7957796640460368
2.445205116617247
0.912281087539295
2.2950637963068257
2.4034288101047627
2.2039377074782367
0.5425087877065164
2.472098512069292
0.8169391734624005
1.4374891908900325
0.5874819599348766
1.8327201547937209
2.305247070647268
2.2900970821897104
2.3740106808820176
0.6006796247199433
2.103280273599297
2.1588236288428586
1.8742167779393684
2.1334450016939366
1.2134819191282076
2.0447112537607914
2.33942043631815
0.9355122047154427
1.32156667454679
2.1466993610077134
2.1933597993747638
0.9318086311011167
1.8892686653200863
2.4984348966790435
1.7044727046041228
1.2385140588223047
0.5130019308315181
2.121127166985163
1.5826872008522044
1.9023641213554214
0.8004103541937972
1.320941811954762
1.417357197013747
1.421847152350746
1.4500193201924427
1.497206018954453
2.061068835036764
1.7364885351295898
1.9688063146807344
2.0562714098925867
2.180144572141222
2.058824925278798
1.7555368405909941
0.6055387192666519
2.464001837229168
0.8347339084811398
1.9336727418653215
2.480017312139946
2.433838774108206
1.4432923016534072
0.6390411205640607
1.3288436734434537
1.9830163819226312
1.2264214107332287
1.5068973503546823
1.9672697981718106
1.0880814767802807
1.2294519603292653
1.2931676002380783
0.5536430211384806
0.8671377133223579
1.9394966580442143
2.2905954647551283
0.9563889789411586
1.4088789006585125
0.6585131780604006
2.0468527562552072
2.264331466277871
1.2035431321923646
0.9522638111246458
2.304577318459758
2.3233260073954005
0.9579071298206465
2.4180843933567866
0.6772448518973817
0.8776846925127468
0.7816080555569422
1.6698761668393785
1.8201258487925829
0.628875082495866
0.620403997003482
1.0768807730457401
2.119632440885759
0.7910392526640377
2.2974997093577816
1.118856069590046
1.6874153933529885
0.8865043298310091
0.727141256783159
1.6348578929800508
2.480121499943614
1.0220011473986652
2.3205755830178876
1.9643717686708766
2.3929721749186106
1.6607425239366556
2.423133253348869
0.630600433326542
0.6698750045486439
2.2880148095800177
1.640815996492425
1.294485032694366
2.220509364828728
1.0072561483531217
2.117857891046209
1.4917213455008265
0.8590805171048723
1.0125150408704437
0.716827135228026
2.20777449556365
1.3169586082172973
1.2114790490708862
0.5488064832250172
1.461981262946095
1.8045979663205043
0.6886687734706616
2.12415939929227
1.0547606436557464
1.926303616758347
1.265571741560302
1.7275995248970524
1.8475125453413757
1.2928043452474864
2.2222944028808884
1.1633922041822435
2.487973213325038
2.4503075245795243
2.27731031025429
0.8100773021172636
1.9693202257777942
2.2567172615321636
1.1293136575634342
2.292130658287318
0.5071846799309174
0.7928910795627095
2.4002354427499437
2.1227021111769977
0.98021667058936
1.7524552209442146
1.5743719114089914
0.8028335603916681
1.7145987233462303
2.023175000635769
0.601952423060051
1.5270248601552412
0.6015965637424174
1.1423548757816524
1.6480814508894406
0.9721250021606178
0.7564418161231086
2.2158433732382226
1.942434475364582
1.280221290545126
0.706097977570294
1.391958788726768
1.230748464658017
1.7671934625083106
1.4314311938202162
2.0562087391146955
2.179265431668989
1.3526734564052325
1.3541123694741037
1.2971752721242167
0.6952043723187602
1.3063071178693366
2.1844789967618743
0.7271943590317609
1.2924439393191804
1.1331499097889741
1.324188052535525
1.9052653712343417
0.9545948595130909
0.831922567817468
1.9151212925187224
1.3808661560662723
0.9876726507380043
0.8759107658329337
1.778201355057877
1.036610686657075
1.9559457018160837
1.0921414238489242
2.1067550568948525
0.7164067076196048
1.1383168219401445
2.231170797461023
1.145406527615418
2.2456627030814964
1.307275577316806
0.7841571583728846
2.142108009341521
1.6847351860807707
2.2132928928947933
1.2284954184643024
1.752088097461407
2.082814879500921
1.762770438690533
1.36395494770688
1.4163041390843372
2.0374176265643866
2.4647440698723075
2.321768895902803
2.133037037912432
0.7278194473096777
2.204191662912158
1.87680978699265
1.0685567952047534
2.0496622234030495
1.9973702431195293
2.0669956829606075
0.9429491130159358
1.333012297508929
2.4903765827391044
1.5298754356350452
1.1768503112545676
2.0109013394426185
1.3223633026842305
1.6426297976860715
1.3903360715728181
1.3210662084812892
2.3804702945131364
0.8904004396998717
1.0202412336418873
1.8126214106809526
0.7916635965164582
1.947508812289188
1.9096617749632507
0.5613219725052627
0.9592582677244204
1.8956867025078827
2.245399589173021
0.5927832874171124
1.4534245241567572
1.0199467122551547
0.7915521098614806
0.8657665981516616
1.4712398437927876
0.75351799032971
1.0556088802706733
1.9335539975622096
2.2271805156780813
0.8310973329855174
2.1780209437292344
1.3335092961135215
1.4811417938594895
1.7589670727443878
2.1502390784280268
0.5866769975994282
1.2372801509456637
1.8851968290430268
1.2338254612984656
1.3007875052305815
1.872982205768663
1.7634850676126572
2.2668724895607033
0.7010436033594267
2.0903491049393104
2.0114663717545067
0.589979814052473
0.8074367136549614
1.0566544946862033
0.8057155791409787
1.2705916765024419
2.477588227282318
2.248713228354794
1.2723206366812037
1.5193212496868145
1.2732182643424401
1.5242634712916718
1.7267327968638706
0.8051407861675848
1.4782938551762963
1.1403261357224483
1.8258071258019355
0.9917440195361176
1.816208198012749
1.8740024714157755
0.9763167308269478
0.5589008489385161
2.0313255384786997
0.8798130084485407
1.512239858845862
2.4699235082731965
1.352798545147479
0.7432266003307029
1.2441127494787696
1.7573252955841205
2.38368848570666
1.3964520610815236
1.9278376971389042
1.0259091192996839
1.0447629395245346
1.6610045914422098
1.6395046024846476
1.7718096975437445
1.3793065385614036
0.593236371273961
1.1363025485654303
0.7768617870288612
2.3897977595822586
1.4592598080360588
2.1572450225669026
1.3698627601986169
1.8030822349733127
1.680553081347321
1.747442146268853
0.9958527280902936
1.5602181729676097
1.9768322420215807
1.4944487319536317
0.5738922902938508
2.063087688568273
1.3869664435277476
0.6935063544219144
1.1384506653193247
1.8482261776477742
0.7484947007068634
1.9156767983412963
1.458858357082108
1.6302717125598978
1.6152015937359807
0.5558197548143544
0.9050900036477074
0.8483358860752486
0.9387836518283863
2.219387398372454
2.087504201748916
1.3033679123818576
1.2194226364466494
1.027837262146119
0.7580718606826002
1.1406739009174127
0.8022926147182234
2.0350378484067413
0.7019225547688919
0.9767788280718104
1.862994620614217
1.7742551678851146
2.2666964084948664
1.6458514697709603
0.5178011189682896
2.0099284842482463
1.1030839007342397
1.7235127449005136
1.057342463624346
1.4067875753015808
1.4925889008768751
0.5371358992740893
1.9933813638639875
1.9222748155524003
1.1682996552933134
0.7724662588730389
2.2470689133878112
0.8075745259931433
2.188898400189993
0.8638185851495361
1.9773270376638379
1.419781952388864
1.216090617851039
1.7132400285856875
1.1426854381066323
2.071697572994813
1.9927843916628123
2.041352896782752
2.3600811768733894
1.919505888496449
0.5647371446644209
0.9180505416943878
0.5450451449953624
0.716604276834039
1.8472376036279023
2.421298899879566
0.5770585300961226
2.3992630314867
1.5173965902364104
1.3367391762248098
2.1571688676498217
1.1350427919868606
1.6283179440435247
2.3993505376888766
1.1833041101324127
1.2544771913147732
1.819865336895697
1.8638639241132935
0.7560201974556024
1.4446389707985605
2.035856340902483
1.3897593316569363
2.1980372379174664
2.011796522921106
0.6015737676163193
2.2485082501234492
0.6045230682475096
0.9524753332380387
1.396475972307992
1.0505674706132808
1.0596383770382416
2.164621253553975
1.0646876827838196
1.3184807373022915
1.3714927757291415
1.4916246689421866
2.3550476284835637
2.44983179892715
2.461381006345004
1.781190414406123
2.3729185373134007
0.9842429558605912
0.5063648645275538
1.6300204671945286
1.7544691394682044
0.54427140839446
1.5808847244036994
1.1843709908107616
1.3739361965697292
1.3852778640971697
1.4498990781953809
1.210041000305161
2.4648099010143625
1.1904688407025155
0.5402857444876812
1.2725144261050814
1.1223193379638392
0.6042796682656875
0.9711677524452422
0.8764069913097585
2.1082567775899923
0.9606550945311385
2.3281558070115285
2.3448397751800263
1.6739805693070315
1.8295021869312407
0.899461505663085
1.746935893324687
1.5283884570510196
1.528402967233945
0.6775647348396532
1.0699190742226352
2.1233163150363294
0.640391825790769
2.0967247630663084
0.9521424489320787
2.1480399662619947
2.2653750788927702
2.4797011417187003
1.1562534456051232
1.080587508100315
1.9902664056722088
2.019338379560848
0.8210460855384374
1.0762649914340616
2.1692211958371237
2.387985267031561
2.3774768270907085
0.5070554334960109
1.783553514235619
1.928379963526852
1.6399359796787174
2.2121650488056943
2.2051594509500863
1.5170843540195684
1.55207836009306
1.823330052691724
0.7455836923488397
1.9507657878187896
1.1533458840065092
1.773168812164453
1.01853889575477
1.6286362740754143
0.7679978298920571
0.9012340305905551
0.5647870802309687
2.246199637382369
2.107178862526326
0.8078305584668546
1.2652611297806144
0.920404363030741
2.312757971680292
1.319180158742832
0.6934466781457711
0.719917570200463
1.5875324296850095
1.2539019308117259
1.4170924054850613
1.7477046515148105
1.421695853313695
0.6180363052989761
1.2572358675986586
2.3431133923976324
0.6636245340177402
1.0404230756638921
1.0518549877635035
1.3683545795554144
0.7612247600059832
1.4290395643284228
0.7514689298603678
1.9041555104900696
1.926162268660111
2.0884931002705533
1.5221750329762753
2.0013878997644716
1.1610840929137054
1.0604762123272224
1.1650600195959813
1.687164419831942
0.9000690647014924
2.1822323890331052
0.6911723131482579
1.8347707503524835
1.7069669751822696
0.8762160752508765
0.8542392208268808
1.0233897787138435
Rank 1: 200 simulations
1.6608460094303672
0.8449862083477027
Rank 2: 200 simulations
Rank 3: 200 simulations
1.5821910056455333
0.7226186137353203
1.4684521704933207
2.3713138679517605
0.6041767332987726
1.8192052131223213
1.9662964445385929
0.6110758267481953
2.229022982681788
1.021050713755835
2.0074526559500105
1.2292692831358067
1.6925618989609434
0.7386424290181124
1.4442700358614053
2.316222805292674
1.660343641657436
2.31112368217169
2.127684298863338
1.8395781026158347
1.1577554631738636
2.3728413202926593
0.710284854797248
1.6603364675239942
1.076903515899849
1.0105505210157122
2.4843503352448977
1.6064919784321812
2.1248353927092785
1.1838572832742895
1.556066458632585
1.4849645129107125
1.1880563187696715
2.4755508499458134
1.596631184884357
0.8199367723515982
1.6046210458815133
2.0806346173335446
1.7441275244096992
1.088977101610355
1.1793033535547497
2.1587287048904598
0.8862034154626746
1.3753092459824872
1.5310668806126906
2.046307830528161
0.509443342078866
1.8884807793035578
0.8245099397018842
1.9509612246130694
0.7909950255477665
Running 800 simulations with 4 MPI ranks
Rank 0: 200 simulations
