==========================================
Mass Fraction MPI Run
==========================================
Date:               Wed Sep 23 20:00:37 CDT 2026
Host:               ac093
Array job ID:       2158759
Array task ID:      0
MPI ranks:          4
CPUs per task:      1
Nodes allocated:    1
Python:             /scratch/user/u.hm357857/.conda/envs/comets/bin/python
Conda environment:  /scratch/user/u.hm357857/.conda/envs/comets
==========================================

1.1769543442700932
1.7766774392836993
1.9577735433056753
0.9025032402010287
2.3330206548157206
1.2786616641687178
1.3977882192621687
0.8232105070163738
1.3261071869244214
0.7271328337044769
0.5963554261559398
1.3727573668322255
0.5882764106698
1.7069166009425782
0.8808447937115449
1.4564697471553538
1.7180522177624376
1.9910554366838835
2.061770550910176
2.25871701622249
0.5596996643829664
2.227033287767689
2.020018817535075
1.6537969535762251
0.8696321377228482
0.8875352828483554
1.0791589353815432
2.488275966253811
2.3148235704051547
0.6922012770006922
2.2866119166754055
2.3103423857823313
1.3951829723053073
1.0771048055647983
2.4918475134983415
1.1035700358627574
1.7069445571244195
1.9770249939721047
0.7345308098721774
2.344585418074547
1.7964711202496808
1.654474450305313
0.989425518324375
0.576952992308114
0.7460853764778905
2.1464952276279874
2.1067167458565343
2.3113211230980797
1.3345626238887183
1.2084345075637382
1.2225723236864006
0.7910589638396686
1.4257818638690058
1.7170150591987103
0.6335889486196504
1.7912341402843561
0.6605156567322452
1.3200784775329235
0.9623712768377215
1.9247014739210975
1.1750766495525389
1.0804999685791565
1.7121121375558592
0.6741040611609712
1.0420476378823729
1.309808474311788
1.6786995813596794
2.1274683283920677
0.8500003718247227
0.9741092900134085
1.2147504489075827
1.4526979766192059
1.1960741143490417
1.8571549404781102
1.6760025433363033
0.5034725864249434
2.131968517191572
1.6047308336290633
1.7537029261789496
1.7294077685336868
1.3174735875211907
2.1246892347550554
1.668207258125419
0.944969642535809
0.9480260162174661
1.4400045555164551
1.967919169552784
2.441893194784239
2.1814649524606313
1.1794341932450974
2.39811255508368
1.1950128147032393
2.046769338131446
1.6711264892358684
1.7869258478590957
1.5897507386560483
0.8212204304483084
1.7944943708780237
2.271404800810748
2.0280196023626713
1.1285509578943949
0.5884544778550387
0.8715794668917964
1.3473898982780916
1.7825600705693196
2.490174445709056
1.096170431615259
1.4919366445690423
1.0458314377981845
2.341190369544791
0.8597907127221251
1.2817980546903223
2.1636195658279154
2.0142032052023926
2.0822957128639046
0.5713050736187784
1.2224916998085638
2.1011314649501647
1.155732005609181
0.501998434493347
1.7222453259684931
1.0390199124209039
0.6810974230871738
2.215424993175308
1.8745329204382057
1.8550869651928543
1.0870225290057731
0.780347113037154
0.6585037508984282
1.6439751330302115
1.1339704524269314
1.4943103756285985
1.8927356294932873
2.2465760304353894
2.2705588883802363
0.5380115730524102
0.624966942464124
1.3841511809697817
1.2729784203265528
2.121954713259781
0.9965371146184712
1.1247103576648303
0.6865892798678912
1.7827971981308999
1.8808443401117587
1.7579395501398938
0.7323342734103966
1.020446104691816
1.7624883874779218
1.8195455984112365
0.7654478149465191
0.96112765360713
2.417700302978413
1.477562788896364
1.9555396886813323
2.1220262486701085
1.6183211018687884
0.6424106583348725
2.2076762717445475
2.417967455238263
2.197622094166064
1.1529222888264299
0.945879970505636
2.3002025684064926
0.9153317207405851
2.345058521055564
2.002409797263185
0.9712867531852669
0.6946110498880311
2.210209254089145
1.391558417316735
0.5164043970144716
0.623829560391995
1.5386401598414354
0.5977767817592621
1.1492580937199903
0.6985173171732202
1.0334220134134335
0.7456554446824151
1.069362481316451
0.5246850767363025
1.5373688890264097
0.5209499696075912
1.5143367309053173
1.8502923372526556
1.1709988010314072
1.5786373213165075
1.6926353594101633
1.518336373179866
0.5505804352748558
2.0412752448208917
1.8271514095739392
1.591667064225944
0.9152380723594358
1.7107902354246325
1.082127714532127
2.3143856525520166
1.519695911972304
1.6459059484710516
1.7138934900562737
1.8566507571892323
1.857468165464628
0.8157751773527104
2.2878852487847
1.9816651551196038
2.376554434473502
0.9406033147917667
0.9150677207574269
0.8034298638645405
1.0173301268924728
1.9943855579697056
1.7083026809905508
0.6452085520822348
1.7254424601769722
0.8319076741629123
2.0412363583966373
1.130188185062723
0.960869642334627
1.0880515065894034
0.6867251941592454
2.197722502239558
1.5195061450675078
0.6820304309017888
2.0841169560921147
1.5436512915777258
1.0065147988197736
1.2141015775245412
2.2075431817950677
0.9075185321117911
0.9055998249729489
1.7097077450512637
0.505726436127979
2.0684509711737524
0.6107081540447319
2.302065919468349
2.3297194422494503
1.0712518345795774
0.6904518454468971
0.6709727938007868
1.8485792753627297
2.3115506596444897
0.6442136916572789
2.381069426420008
1.6956467333644452
1.6477889705706361
1.908052920567354
0.8447362991443481
1.765121416636412
2.197454760428844
0.8860893323023042
1.1773367417807858
1.2270021060227607
2.2194062999991306
2.413231817276687
1.9100898264116235
1.2358844281516383
1.2104506928717425
2.4513408515229766
1.5019817673330227
0.6961013690097113
0.806580586093125
1.5155592191293263
1.9078812588462157
1.3104293378251362
1.6471719138431258
1.7207448707747346
0.694649335920688
2.139944335721511
1.8567405805728172
0.5268117888034529
1.2683327201234826
2.3897282772737003
0.9817613639257823
2.4254260997759927
0.9303875743674184
0.8211201811874882
1.0674434138204183
2.3714866593077764
0.7153134605300648
2.4761791375723643
1.7950566006573747
0.8690403788478258
0.9159425849026435
1.9635471557963136
1.110216463020338
0.6651053791734369
1.336865337264675
2.2896304096873843
0.7484400051414029
2.028998330835248
1.0809223406806097
0.8506515514955186
1.0808424330125055
1.112421659629225
1.305394330528444
2.066527763139163
1.4591008251478979
2.10203439619295
1.7565029166694734
1.577405312478378
1.4761817630127558
1.4952987327625034
2.434461946247957
0.6129154690286556
2.0795900863695937
1.2862114517753367
0.9085130743147234
1.3309896242235382
2.4505609993702224
2.196947944553196
2.4628189949549677
2.379721092153553
2.193142685572657
0.5970941509303416
0.6363621199784459
1.8392424521728066
2.2068134314293193
1.1168359400788477
0.6741987518530208
0.9702374180352857
0.71566695367915
1.5491614310452955
0.9991018280648045
2.4007721475023476
1.380377435300778
1.8830234970000979
0.8197314430092049
1.5619182978150172
0.6598322737869213
1.9427126380553914
2.0249100790040955
1.1254716100116307
2.295253594548658
1.9507232154041887
0.9054873375856529
1.7243670727438427
1.340938484695362
1.7730984957173967
1.29855439154446
0.693908458314225
2.08392472503198
2.3069821201783176
1.851747796944962
1.5051767786553383
1.4995763498485652
0.8174027166219402
2.181792404374586
0.8727727262218716
1.8904448024394682
2.3935098857324086
1.8789143322580675
1.8049719927774728
1.986813075360783
1.4883049921676337
1.8797005024272622
2.1239800261539763
1.5442708254090336
2.0399438821245033
2.494235816915511
0.6915271642502696
1.1761270257658363
1.393542054625662
0.9276371438500528
2.128017446181378
1.702507849623752
2.341709967877505
1.9266456433403465
1.1694454855606813
1.901578113902528
1.5105538479696485
0.8287153628413491
1.0421771588285522
0.7492741719798399
0.7695435758461675
1.5563851130254072
1.2494052805957228
2.4215219343074628
1.0463990448995872
2.087694494635512
1.0436760751672542
0.9186357364565045
1.1976603695219563
2.1200803649709643
1.7781829686617951
2.4635431800320546
1.4781587446454547
0.8107985178343033
1.1776690950107225
1.730103773375554
2.2236358587044824
0.8768584605780121
1.7754241570479568
1.5563460888005032
0.866597904158902
0.6756371741592546
0.7113106242636993
1.367434515352663
1.3455474300885701
2.084038682229643
2.0335073976713227
1.208018544631963
2.475354635458036
1.654125077152327
1.8142921975517512
2.1906852365019933
1.7935192145064591
0.5413274672473782
1.5170243276952489
1.7777019236120757
0.8388760744607795
2.055946705793547
2.169353423930258
0.5672627510563921
0.9157505758635678
1.590301733024078
0.7270187121904061
1.3327552699595637
0.6054903176238151
0.9225043260739241
2.333144197062717
0.7921977278811616
0.9133119755014847
1.9762170839313253
0.9576272001446737
0.9009003548018115
1.6045310562997883
1.742266141470882
1.8929748229356127
0.595284134987565
2.14636836642273
2.0638208648686875
1.3184887452300615
1.2009578249531303
1.6872152722686165
1.8761926716392199
0.5398736962641157
1.036212090588305
0.5386912515710298
2.2688286142766296
0.9101073917737728
2.308463588884675
0.80484857888433
0.8041656278007283
1.0411060266444625
1.4861600763428848
0.9177495190248468
1.1409609706502517
0.880321065896764
1.4404958527246547
1.4673522270081334
2.056425241648674
0.9711173769040695
1.717498885400356
1.5502230872694551
0.5806418633967658
0.6542450528876789
0.6349815928423626
1.8526001238192318
0.9672728909185853
1.4595318593816125
1.1246268178752588
2.1064523128259003
0.6051827012966611
1.2577679380309503
0.5718319127918905
0.5228792704532881
1.2374096478233723
0.8126309647895076
1.1274831500072444
1.6268273421680899
1.5829132002370738
1.5278338905088884
2.146315527945739
1.297608251090946
1.682754285212085
1.008799763442831
1.169506809435876
2.0899148467357427
1.6807318067076118
2.1872005405470474
0.9200092766099195
1.2323729820014369
2.280390538645614
1.357875968030209
1.0271847090435802
1.3321177934587296
1.6604166542371503
1.0255586771763499
1.7608401022615328
1.0571860677048195
0.8783887020790289
2.209219387166507
0.9267533310350711
1.1971171532572449
1.474808996656031
1.4666758277905185
1.8370712161064582
1.9550978733742952
1.8752454919801331
2.3316252636235273
1.1890685895755433
1.1510218635391392
2.40576358416365
1.7627928177351575
1.90398788473721
1.3479934836141414
1.7899211481083432
1.4879737942831697
0.8829219731898077
1.6264482270208767
0.9014345194096507
1.5423988424248545
1.9073164326615208
1.5617029989145201
2.3736911667595235
2.3176919811219054
0.5576414394686322
1.5640427779588468
0.5343917759797159
2.2516946390110935
0.8479875275328996
0.8761862430598866
1.2594597535424175
2.36308330781298
0.5982666828839676
1.0664213991321598
0.5685288791374237
1.9090482003477385
1.736406701526548
0.5535685541150601
1.5784069145093829
0.780911530167071
2.460154150734261
1.1634259347149236
1.2872085913776474
2.2513955725433776
1.4933872033291713
1.0570448352813615
1.475582127174182
0.7016739325550276
0.5573857047122504
1.8579486638569565
1.9162287542132814
1.1857644736007593
1.9637249610471117
0.9508917433076873
1.160373898852003
2.240424947709797
1.4401579761170114
1.8213936056178124
1.8700603694637932
1.2632764239259964
1.8219951139027044
1.4578555913794613
0.545049505707615
0.9818624532499975
1.2438307822052697
2.3991610606880784
0.6287217210226357
1.7013717082171707
0.547682186443067
1.6853813938252273
0.5532452122686307
1.5813325679615713
2.1143204315022777
2.0173058664754064
1.9368600854283728
2.3094896204558646
2.227835760703612
1.572307675593678
2.0512549151510866
1.8821811853296049
2.163690346352512
2.094696852832984
2.109335128541751
2.1040519163190696
1.9699253596406272
1.2707631531197456
1.824066164672388
2.485948546845816
1.1640740560841578
1.8370018932839633
0.6705889907264224
1.0812002673569403
1.998118857736349
1.2424742599375884
1.7242202383346399
0.5526780139377028
1.771122525888142
1.8513279008837604
1.4096519304751287
2.0073345370943936
2.1644779740409317
1.8567061061864625
0.9744183495372274
0.5162869438970157
2.315382984358249
2.2645319998033298
1.1009553970931814
1.659656475856339
1.3311207969006225
0.719147511692851
2.0072205857590406
1.3323570648358358
1.323569811912741
2.4467469307741325
1.9925689391340413
1.4335526662739726
1.513457764863231
1.0464977396429858
1.2948293946692575
1.47805197974534
0.9749495400369277
0.7902043750376386
2.079768110394288
0.5477078565643858
0.9674347630211788
2.2372472457701518
1.8128786775448529
2.436045104730404
1.8042059508860517
2.204862834892864
0.9289935174176942
0.8235610183713629
2.1913512211874053
0.9089461660247786
2.284817792164945
1.9011674446204396
0.6594329633781375
2.273603732530453
0.6306195650104129
1.3524663888337138
1.545390755973461
1.3127949262205612
2.464054846691218
2.3830894997695586
2.1449685669183443
1.307354991165945
2.177135543155
2.4111730808161256
1.7395194461695904
1.6690046548708266
1.6750464482011338
0.7274647014893487
0.7142267157753694
0.8869412165264821
1.182617275908778
0.7207985198240532
1.379192013285394
0.6481206547274434
2.4115562419463323
0.8616121141226358
1.1709241253814922
0.5287405880167602
0.6511621359302899
1.4109083758265701
1.1897522649090095
2.4273170896894265
1.8593211634992723
0.8535529703329192
0.5895794541904287
1.6573393849544893
2.43961022467814
2.437516695687914
0.979376259539936
1.0843027976170196
1.1576519023757894
0.6037949524387647
0.5441083860936162
1.5369545862027805
0.9901263556937672
1.9278821041951408
1.8692345443072873
0.5121803597819117
1.558856736026961
2.132165792338256
1.892816790823503
1.9743943621063145
0.7324744930074771
1.6871874576629875
1.5395746533539538
1.965331635720479
1.7547709499895021
2.023112330938447
1.193255163410538
1.4788507085983107
2.3093415925527463
1.8549772786507144
1.090361080512159
0.9931869407985467
0.8729000504449951
1.0627161965512835
1.7326774558006346
1.1451921840597354
2.2322808975906154
1.3028181362384927
1.6146983869074358
2.233685428270815
1.6980197140147635
0.7002608395232812
2.2808228334019347
0.7944098580417116
1.6872868185041892
0.5926802201084453
2.167142493404929
1.1635657068988798
1.2279436661835867
2.1531851748063
2.2687870733725495
0.7689451055484928
0.7041400711999148
1.8385794453692534
2.1346236470994873
2.207485912243783
1.5568254878718841
2.3455489981910036
1.1107314136418927
0.9544031666365509
1.6188185801486203
1.4237083689104264
0.7128717929467074
1.5191298732394851
2.2546374003798553
1.0420167255709694
2.1821394202933018
1.3786351360431979
1.3962360500126036
1.2642020053918204
0.864271876781928
1.898957221115982
1.5100864338284665
1.3401909438244208
1.451411625424907
1.9628195869279284
2.32231389277319
2.0667309433988423
2.1629442275945614
1.715554860837656
0.649652536390263
1.0094629571747908
1.1160688506080012
0.7793490338635252
0.8394606714152864
1.9907980116617965
0.9673112060930118
1.6317761789857845
2.177447635475783
2.313767967753531
2.293092374144645
2.3822524038226014
2.3413868686214734
1.4551697073483927
0.8422592520983363
1.8031150338273285
2.1868500752696516
0.5372854226766168
0.9576692976661114
1.264156662882091
1.4672289660094482
2.4832329560297848
1.7547373791332834
0.6364712916728958
1.5365366088714263
0.5000804779322336
1.1650783654018704
1.1036903639198183
1.9080872661990032
0.8690477509912236
2.2499694419920617
2.1838631223755502
1.2704368995566644
1.7919724451036152
1.259532988564362
1.2255963908129086
0.7808432874853695
2.3457136441612567
1.990755211427938
1.8761131664644266
1.7936237247432625
0.6875231324778801
1.6360909172474476
1.1332378826066527
2.1677144144948066
0.5075185071529382
0.5176708462266921
2.468673520551245
0.9122797809830803
0.7365268400928793
1.1021538096983552
1.3489927728076572
1.5109884690560635
2.111649645308627
0.8542067670930149
1.0038390186328485
2.4599822727506186
0.9536753245468645
1.867719358314161
0.9967787867168545
0.5426132253562381
2.0330720549391996
Rank 2: 200 simulations
Rank 1: 200 simulations
Running 800 simulations with 4 MPI ranks
Rank 0: 200 simulations
Rank 3: 200 simulations
t=59702  fraction=0.37125  peak_slope=1.583e-05  t_peak=29851  comparison cadence=59702  difference=0.37125  below=0/3
t=60697  fraction=0.37375  peak_slope=1.583e-05  t_peak=29851  comparison cadence=59702  difference=0.37375  below=0/3
t=61692  fraction=0.37750  peak_slope=1.583e-05  t_peak=29851  comparison cadence=59702  difference=0.37750  below=0/3
t=62687  fraction=0.37875  peak_slope=1.583e-05  t_peak=29851  comparison cadence=59702  difference=0.37875  below=0/3
t=63682  fraction=0.38625  peak_slope=1.583e-05  t_peak=29851  comparison cadence=59702  difference=0.38625  below=0/3
t=64677  fraction=0.38875  peak_slope=1.583e-05  t_peak=29851  comparison cadence=59702  difference=0.38875  below=0/3
t=65672  fraction=0.39000  peak_slope=1.583e-05  t_peak=29851  comparison cadence=59702  difference=0.39000  below=0/3
t=66667  fraction=0.39625  peak_slope=1.583e-05  t_peak=29851  comparison cadence=59702  difference=0.39625  below=0/3
t=67663  fraction=0.39875  peak_slope=1.583e-05  t_peak=29851  comparison cadence=59702  difference=0.39875  below=0/3
t=68658  fraction=0.40125  peak_slope=1.583e-05  t_peak=29851  comparison cadence=59702  difference=0.40125  below=0/3
t=69653  fraction=0.40250  peak_slope=1.583e-05  t_peak=29851  comparison cadence=59702  difference=0.40250  below=0/3
t=70648  fraction=0.40500  peak_slope=1.583e-05  t_peak=29851  comparison cadence=59702  difference=0.40500  below=0/3
t=71643  fraction=0.40625  peak_slope=1.583e-05  t_peak=29851  comparison cadence=59702  difference=0.40625  below=0/3
t=72638  fraction=0.40750  peak_slope=1.583e-05  t_peak=29851  comparison cadence=59702  difference=0.40750  below=0/3
t=73633  fraction=0.40750  peak_slope=1.583e-05  t_peak=29851  comparison cadence=59702  difference=0.40750  below=0/3
t=74628  fraction=0.41375  peak_slope=1.583e-05  t_peak=29851  comparison cadence=59702  difference=0.41250  below=0/3
t=75623  fraction=0.41375  peak_slope=1.583e-05  t_peak=29851  comparison cadence=59702  difference=0.41250  below=0/3
t=76618  fraction=0.41500  peak_slope=1.583e-05  t_peak=29851  comparison cadence=59702  difference=0.40750  below=0/3
t=77613  fraction=0.41750  peak_slope=1.583e-05  t_peak=29851  comparison cadence=59702  difference=0.40250  below=0/3
t=78608  fraction=0.41750  peak_slope=1.583e-05  t_peak=29851  comparison cadence=59702  difference=0.39250  below=0/3
t=79603  fraction=0.41875  peak_slope=1.583e-05  t_peak=29851  comparison cadence=59702  difference=0.38875  below=0/3
t=80598  fraction=0.42125  peak_slope=1.583e-05  t_peak=29851  comparison cadence=59702  difference=0.38000  below=0/3
t=81593  fraction=0.42250  peak_slope=1.583e-05  t_peak=29851  comparison cadence=59702  difference=0.36875  below=0/3
t=82588  fraction=0.42625  peak_slope=1.583e-05  t_peak=29851  comparison cadence=59702  difference=0.35500  below=0/3
t=83583  fraction=0.43000  peak_slope=1.583e-05  t_peak=29851  comparison cadence=59702  difference=0.35000  below=0/3
t=84578  fraction=0.43250  peak_slope=1.583e-05  t_peak=29851  comparison cadence=59702  difference=0.34250  below=0/3
t=85573  fraction=0.43625  peak_slope=1.583e-05  t_peak=29851  comparison cadence=59702  difference=0.32875  below=0/3
t=86568  fraction=0.43750  peak_slope=1.583e-05  t_peak=29851  comparison cadence=59702  difference=0.31875  below=0/3
t=87563  fraction=0.44000  peak_slope=1.583e-05  t_peak=29851  comparison cadence=59702  difference=0.30125  below=0/3
t=88558  fraction=0.44000  peak_slope=1.583e-05  t_peak=29851  comparison cadence=59702  difference=0.28875  below=0/3
t=89553  fraction=0.44125  peak_slope=1.583e-05  t_peak=29851  comparison cadence=59702  difference=0.27250  below=0/3
t=90548  fraction=0.44625  peak_slope=1.583e-05  t_peak=29851  comparison cadence=59702  difference=0.27125  below=0/3
t=91543  fraction=0.44625  peak_slope=1.583e-05  t_peak=29851  comparison cadence=59702  difference=0.26625  below=0/3
t=92538  fraction=0.44750  peak_slope=1.583e-05  t_peak=29851  comparison cadence=59702  difference=0.25375  below=0/3
t=93533  fraction=0.44875  peak_slope=1.583e-05  t_peak=29851  comparison cadence=59702  difference=0.24125  below=0/3
t=94529  fraction=0.45000  peak_slope=1.583e-05  t_peak=29851  comparison cadence=59702  difference=0.23375  below=0/3
t=95524  fraction=0.45000  peak_slope=1.583e-05  t_peak=29851  comparison cadence=59702  difference=0.22375  below=0/3
t=96519  fraction=0.45125  peak_slope=1.583e-05  t_peak=29851  comparison cadence=59702  difference=0.21125  below=0/3
t=97514  fraction=0.45375  peak_slope=1.583e-05  t_peak=29851  comparison cadence=59702  difference=0.19875  below=0/3
t=98509  fraction=0.45625  peak_slope=1.583e-05  t_peak=29851  comparison cadence=59702  difference=0.19000  below=0/3
t=99504  fraction=0.45875  peak_slope=1.583e-05  t_peak=29851  comparison cadence=59702  difference=0.19000  below=0/3
t=100499  fraction=0.46000  peak_slope=1.583e-05  t_peak=29851  comparison cadence=59702  difference=0.18125  below=0/3
t=101494  fraction=0.46375  peak_slope=1.583e-05  t_peak=29851  comparison cadence=59702  difference=0.18125  below=0/3
t=102489  fraction=0.46750  peak_slope=1.583e-05  t_peak=29851  comparison cadence=59702  difference=0.17250  below=0/3
t=103484  fraction=0.46750  peak_slope=1.583e-05  t_peak=29851  comparison cadence=59702  difference=0.16375  below=0/3
t=104479  fraction=0.46875  peak_slope=1.583e-05  t_peak=29851  comparison cadence=59702  difference=0.16250  below=0/3
t=105474  fraction=0.47125  peak_slope=1.583e-05  t_peak=29851  comparison cadence=59702  difference=0.16000  below=0/3
t=106469  fraction=0.47375  peak_slope=1.583e-05  t_peak=29851  comparison cadence=59702  difference=0.15875  below=0/3
t=107464  fraction=0.47375  peak_slope=1.583e-05  t_peak=29851  comparison cadence=59702  difference=0.15500  below=0/3
t=108459  fraction=0.47500  peak_slope=1.583e-05  t_peak=29851  comparison cadence=59702  difference=0.15375  below=0/3
t=109454  fraction=0.47750  peak_slope=1.583e-05  t_peak=29851  comparison cadence=59702  difference=0.14500  below=0/3
t=110449  fraction=0.47750  peak_slope=1.583e-05  t_peak=29851  comparison cadence=59702  difference=0.14000  below=0/3
t=111444  fraction=0.47750  peak_slope=1.583e-05  t_peak=29851  comparison cadence=59702  difference=0.13625  below=0/3
t=112439  fraction=0.47750  peak_slope=1.583e-05  t_peak=29851  comparison cadence=59702  difference=0.13375  below=0/3
t=113434  fraction=0.47875  peak_slope=1.583e-05  t_peak=29851  comparison cadence=59702  difference=0.13125  below=0/3
t=114429  fraction=0.48000  peak_slope=1.583e-05  t_peak=29851  comparison cadence=59702  difference=0.12875  below=0/3
t=115424  fraction=0.48125  peak_slope=1.583e-05  t_peak=29851  comparison cadence=59702  difference=0.12750  below=0/3
t=116419  fraction=0.48375  peak_slope=1.583e-05  t_peak=29851  comparison cadence=59702  difference=0.12250  below=0/3
t=117414  fraction=0.48500  peak_slope=1.583e-05  t_peak=29851  comparison cadence=59702  difference=0.12000  below=0/3
t=118409  fraction=0.48625  peak_slope=1.583e-05  t_peak=29851  comparison cadence=59702  difference=0.11750  below=0/3
t=119404  fraction=0.48875  peak_slope=1.583e-05  t_peak=29851  comparison cadence=59702  difference=0.11750  below=0/3
t=120400  fraction=0.49125  peak_slope=1.583e-05  t_peak=29851  comparison cadence=59702  difference=0.11750  below=0/3
t=121395  fraction=0.49125  peak_slope=1.583e-05  t_peak=29851  comparison cadence=59702  difference=0.11375  below=0/3
t=122390  fraction=0.49125  peak_slope=1.583e-05  t_peak=29851  comparison cadence=59702  difference=0.11250  below=0/3
t=123385  fraction=0.49250  peak_slope=1.583e-05  t_peak=29851  comparison cadence=59702  difference=0.10625  below=0/3
t=124380  fraction=0.49250  peak_slope=1.583e-05  t_peak=29851  comparison cadence=59702  difference=0.10375  below=0/3
t=125375  fraction=0.49375  peak_slope=1.583e-05  t_peak=29851  comparison cadence=59702  difference=0.10375  below=0/3
t=126370  fraction=0.49375  peak_slope=1.583e-05  t_peak=29851  comparison cadence=59702  difference=0.09750  below=0/3
t=127365  fraction=0.49500  peak_slope=1.583e-05  t_peak=29851  comparison cadence=59702  difference=0.09625  below=0/3
t=128360  fraction=0.49625  peak_slope=1.583e-05  t_peak=29851  comparison cadence=59702  difference=0.09500  below=0/3
t=129355  fraction=0.49875  peak_slope=1.583e-05  t_peak=29851  comparison cadence=59702  difference=0.09625  below=0/3
t=130350  fraction=0.50000  peak_slope=1.583e-05  t_peak=29851  comparison cadence=59702  difference=0.09500  below=0/3
t=131345  fraction=0.50000  peak_slope=1.583e-05  t_peak=29851  comparison cadence=59702  difference=0.09375  below=0/3
t=132340  fraction=0.50125  peak_slope=1.583e-05  t_peak=29851  comparison cadence=59702  difference=0.09375  below=0/3
t=133335  fraction=0.50125  peak_slope=1.583e-05  t_peak=29851  comparison cadence=59702  difference=0.09375  below=0/3
t=134330  fraction=0.50125  peak_slope=1.583e-05  t_peak=29851  comparison cadence=59702  difference=0.08750  below=0/3
t=135325  fraction=0.50250  peak_slope=1.583e-05  t_peak=29851  comparison cadence=59702  difference=0.08875  below=0/3
t=136320  fraction=0.50375  peak_slope=1.583e-05  t_peak=29851  comparison cadence=59702  difference=0.08875  below=0/3
t=137315  fraction=0.50500  peak_slope=1.583e-05  t_peak=29851  comparison cadence=59702  difference=0.08750  below=0/3
t=138310  fraction=0.50500  peak_slope=1.583e-05  t_peak=29851  comparison cadence=59702  difference=0.08750  below=0/3
t=139305  fraction=0.50750  peak_slope=1.583e-05  t_peak=29851  comparison cadence=59702  difference=0.08875  below=0/3
t=140300  fraction=0.50875  peak_slope=1.583e-05  t_peak=29851  comparison cadence=59702  difference=0.08750  below=0/3
t=141295  fraction=0.51000  peak_slope=1.583e-05  t_peak=29851  comparison cadence=59702  difference=0.08750  below=0/3
t=142290  fraction=0.51000  peak_slope=1.583e-05  t_peak=29851  comparison cadence=59702  difference=0.08375  below=0/3
t=143285  fraction=0.51125  peak_slope=1.583e-05  t_peak=29851  comparison cadence=59702  difference=0.08125  below=0/3
t=144280  fraction=0.51125  peak_slope=1.583e-05  t_peak=29851  comparison cadence=59702  difference=0.07875  below=0/3
t=145275  fraction=0.51250  peak_slope=1.583e-05  t_peak=29851  comparison cadence=59702  difference=0.07625  below=0/3
t=146270  fraction=0.51250  peak_slope=1.583e-05  t_peak=29851  comparison cadence=59702  difference=0.07500  below=0/3
t=147266  fraction=0.51250  peak_slope=1.583e-05  t_peak=29851  comparison cadence=59702  difference=0.07250  below=0/3
t=148261  fraction=0.51250  peak_slope=1.583e-05  t_peak=29851  comparison cadence=59702  difference=0.07250  below=0/3
t=149256  fraction=0.51375  peak_slope=1.583e-05  t_peak=29851  comparison cadence=59702  difference=0.07250  below=0/3
t=150251  fraction=0.51375  peak_slope=1.583e-05  t_peak=29851  comparison cadence=59702  difference=0.06750  below=0/3
t=151246  fraction=0.51375  peak_slope=1.583e-05  t_peak=29851  comparison cadence=59702  difference=0.06750  below=0/3
t=152241  fraction=0.51375  peak_slope=1.583e-05  t_peak=29851  comparison cadence=59702  difference=0.06625  below=0/3
t=153236  fraction=0.51375  peak_slope=1.583e-05  t_peak=29851  comparison cadence=59702  difference=0.06500  below=0/3
t=154231  fraction=0.51500  peak_slope=1.583e-05  t_peak=29851  comparison cadence=59702  difference=0.06500  below=0/3
t=155226  fraction=0.51625  peak_slope=1.583e-05  t_peak=29851  comparison cadence=59702  difference=0.06625  below=0/3
t=156221  fraction=0.52000  peak_slope=1.583e-05  t_peak=29851  comparison cadence=59702  difference=0.06875  below=0/3
t=157216  fraction=0.52000  peak_slope=1.583e-05  t_peak=29851  comparison cadence=59702  difference=0.06625  below=0/3
t=158211  fraction=0.52000  peak_slope=1.583e-05  t_peak=29851  comparison cadence=59702  difference=0.06375  below=0/3
t=159206  fraction=0.52000  peak_slope=1.583e-05  t_peak=29851  comparison cadence=59702  difference=0.06125  below=0/3
t=160201  fraction=0.52000  peak_slope=1.583e-05  t_peak=29851  comparison cadence=59702  difference=0.06000  below=0/3
t=161196  fraction=0.52000  peak_slope=1.583e-05  t_peak=29851  comparison cadence=59702  difference=0.05625  below=0/3
t=162191  fraction=0.52000  peak_slope=1.583e-05  t_peak=29851  comparison cadence=59702  difference=0.05250  below=0/3
t=163186  fraction=0.52000  peak_slope=1.583e-05  t_peak=29851  comparison cadence=59702  difference=0.05250  below=0/3
t=164181  fraction=0.52000  peak_slope=1.583e-05  t_peak=29851  comparison cadence=59702  difference=0.05125  below=0/3
t=165176  fraction=0.52000  peak_slope=1.583e-05  t_peak=29851  comparison cadence=59702  difference=0.04875  below=1/3
t=166171  fraction=0.52000  peak_slope=1.583e-05  t_peak=29851  comparison cadence=59702  difference=0.04625  below=2/3
t=167166  fraction=0.52000  peak_slope=1.583e-05  t_peak=29851  comparison cadence=59702  difference=0.04625  below=3/3
Stopping at t=167166.24795527817
Saved 379 remaining particles to /scratch/group/p.phy260085.000//Mass_Fraction/Outputs/Ejection_Results/remaining_particles_2158759_0.csv
