==========================================
Mass Fraction MPI Run
==========================================
Date:               Thu Sep 24 06:21:50 CDT 2026
Host:               ac031
Array job ID:       2158759
Array task ID:      3
MPI ranks:          4
CPUs per task:      1
Nodes allocated:    1
Python:             /scratch/user/u.hm357857/.conda/envs/comets/bin/python
Conda environment:  /scratch/user/u.hm357857/.conda/envs/comets
==========================================

1.9994347409186146
1.3768460941419267
1.313549144851834
0.9757255296722811
1.7389415615294292
0.8194096461225648
1.628399882097781
2.3212865316640254
1.3152267066057635
1.7737385801796022
2.2643499759314833
0.8814583503681896
0.6503184591707105
1.5414939470555378
2.1614965244602615
0.8158173812540674
1.8234441792754625
1.5758898849900016
1.5534915991210154
0.6469103404142829
2.3441707154573352
1.1801598632820642
1.7461408490330654
1.7829730297481334
1.0909316030817313
1.6165170146953256
2.084963202867076
1.1829627163951744
1.2023468224491012
2.206884132741623
2.474108192270765
1.417491462329762
1.9341319133035477
2.3419487252925064
2.1533544125573636
1.6105004671697458
0.6611019083027243
1.304847981409688
1.4289462637927344
1.581251996846823
1.8562352176481078
2.215749934458689
0.5266514679719885
1.3891423423370814
1.1225581826076132
0.9050429036715324
2.077629202961385
1.502164966197294
1.774185559149434
1.8782099841874706
1.3735575272904474
0.7437057150335735
2.3423888401671973
1.8263771382221483
0.5366479253618377
1.9081397765521764
1.2239988982295602
2.071970067966222
1.5970566675758684
1.4078966733721754
0.8862686317947941
0.9208437225659021
1.6678598217326646
2.283767448516679
1.9418575279032577
1.9041373275682074
0.6420919812205124
2.4549855860604533
1.9036382984055702
1.3838108995502154
2.037631775301417
1.0604661743479757
1.259774020956518
1.1292583873328634
1.7092808279772835
1.6337712916525684
1.6368186699547336
0.5055751469134231
0.8110796665855733
0.9783480900377619
1.8547777199349436
2.0400490535333753
1.6273734104495288
2.421073468042584
0.6447021873652659
1.366951889188801
1.3441991025469702
1.0030435890859093
0.9189098141002909
1.5772562354230049
0.6814103705916139
1.3949922035219338
0.8455269962110696
1.0850023781977054
2.361040776042998
2.039233155303852
1.5810263759690408
1.6965765086015077
0.9951503417511423
2.0072126686266905
1.1967142241379078
1.4679029704308482
1.7011368260756914
1.8055271117425853
2.495265374132883
0.8112925822778505
1.3218178379095755
1.98531053332251
2.2071783539739247
0.668030471666808
2.2042300445091945
0.7443925131626274
0.9264497111269927
2.0240046952189967
1.841998407389026
1.5529488176301145
1.864310434227619
2.1969295509861357
1.7356278312462226
0.8572804061228236
0.8746845728145323
1.2176060541891893
0.9388796771824595
0.9566643861662434
1.7830210300722293
1.8684961055900196
0.8573248878402409
2.4384540437351845
2.0120861641359107
2.3963384331878155
0.7727655112140024
1.0026228831288826
1.1044499846823939
1.3115141633496177
2.115352304734783
1.4641019066521117
1.1684837249831432
0.61902193891647
1.3152895722824212
0.7999786673804301
2.3976991351731156
1.372048346411145
1.3395507344378024
1.5621903264098116
1.392446686149856
1.419287791250694
2.107282442396727
0.7168960801956921
1.3011584064428126
2.339019768989586
1.6046787044787236
1.4643063393477587
0.6467774731286207
2.1862930987588833
1.5261778047163013
0.8269333729214552
2.33398693676216
1.994448857538561
0.868961321772113
2.377959551814473
1.2997043832426758
1.8017563221296302
2.0967903047326093
1.804126009635234
0.7700276707764722
1.1523201807765016
0.524166968837749
2.059321986979532
2.0835586310093825
1.5722837218862324
1.25137219908353
0.9698384166432825
0.6133813920616922
0.9991192307941421
2.217866088124258
0.6534612349122182
2.2904792534466756
1.9614977927893549
0.6039745802650969
1.6501101307678228
2.2860864591109804
2.414903701111157
1.0733378017422484
2.2204745699992072
0.6497022707016993
0.9514607590773214
0.8500699969166714
1.4678211862240558
0.9937124257026031
2.120810917312874
0.7343494425277344
0.6586837052920205
2.3354170784422283
2.036368683351811
0.6143072657572501
1.2984675117689244
1.98909476528089
2.469186316731792
1.5849603245551471
0.5796598958324986
0.8898149948610743
2.2166965221262878
1.821633998272315
1.7056859958476185
2.1403276329386003
2.0908034904947694
2.2022903415805057
1.1267710423777568
0.9598927716079213
0.6126425666774828
1.9576696694675113
1.4696783887825058
1.2729032626602006
2.3628174414313747
1.7554913810179342
0.5216349302305354
2.209176034026152
2.149616091195881
1.696048630977231
2.1289618547904126
2.311905003912809
1.6203853426862869
1.7476536350348941
1.033922903255907
2.3408530694701453
1.9646439367492596
1.569450441660755
0.564616901498399
1.1165044706129466
2.449507457739281
0.9674295215871997
0.5931936031754346
1.7232037833620057
1.737771696925616
2.1142833086202004
2.044640352580484
2.368769301520806
1.0386775947115243
1.0019422086452572
2.238895979789537
0.9702386643339882
0.6247191188810923
2.3725615086984133
2.141700044922368
2.4378174101066676
2.2484793304350306
2.2949135636586426
0.526374551514776
2.10807684030266
0.7484278584453485
1.4311700759014467
1.969158124976231
0.6807706248153236
1.323960133011306
2.411879912397972
2.419413375656508
0.90245850533945
2.197082954941207
0.5480262144843708
1.1550305513331098
2.15887545306994
1.2777984241780407
2.447055233048612
1.4278576662379903
1.5692664113183674
1.5862610928376037
1.4915732829314767
2.331012401670945
1.6927581108411325
2.398139240467443
1.2496713102373123
1.2415897330450307
2.4439081886977125
0.9565591836892422
1.6918591740251585
2.2418367261345664
1.9957453886273087
2.3552656106604033
1.1574998947733908
1.815455039666189
0.6326317460887334
0.5511149555118977
2.4378421887816506
2.4823899313222944
0.9467128701014391
0.8934953459895796
2.271748036633861
2.3582114382756796
0.849594439229326
2.1741312045746515
1.7217981876351387
0.9391506813985782
1.2121419841694907
0.8288428417427771
2.252065386621678
2.0073525308508176
2.312407520898585
1.9034590561312956
0.5790766467699477
0.7325598457142728
0.5388962857093542
1.8662431702318278
2.0704371004497437
2.176624662357593
2.0863134064707936
1.274104009636715
1.1959436316293655
1.167875302600163
0.5280022139851157
2.384260761030723
1.9468270684638542
1.7311521164741257
2.207813451586879
1.8146936892751786
1.857115528271558
1.8900768008587199
0.7233915665736674
2.23714913308336
1.6074843633911258
1.6880168790290204
1.4369154027720152
1.6516650755533329
1.5673700244747022
0.572542541078435
0.9692314432962992
0.8935999578461402
1.4677673617390383
2.1630964000477038
1.909757023296699
1.5076188033244347
1.2331793060635345
1.3701313594737896
0.8505570825285225
0.544292819404913
1.8187912149334071
1.307304073085934
1.8031144940872785
1.6421482028659475
1.3459617040553427
0.8602958406599324
2.4790456324498455
0.8339428729749074
0.5420725693268669
2.350052947506037
2.0240331169672245
1.9568820026593725
0.7052407813622772
1.036914244906383
2.30104841851315
1.4079465881398479
1.8197021799613589
2.2916722125560773
1.5614309875447585
1.2427399532445658
1.2463469801130014
1.6181203894551488
1.0764815122217435
1.0243129283759564
2.4364764629789395
1.006619306942162
0.6599274066182395
0.9196610606936269
0.7725334208575141
1.484604745469398
1.8138829385956947
1.1921200241133485
1.421139192460768
0.9860382973596402
1.8989219994010134
1.345839393260851
1.1900880431886356
2.3303812656867207
0.9418327840582361
2.092594912576561
1.26737821851339
1.9691478155990165
1.499798218961371
1.8893971317635179
1.2560556805171474
0.6153212431132651
2.002042969725169
2.3536467417569744
0.8774325194574208
2.097335173201026
0.5221428412957241
1.7038297087385414
0.5093728890279914
1.6173782938667327
1.7090602299542554
1.2168091781105157
1.963011685877391
1.7278529440793602
1.1095519007783772
1.2677633192665232
1.483110167664729
0.7040139469087368
0.7702694611215355
1.7150047589489352
0.5074028687755414
2.4263360493701978
1.4895604302956635
1.6175832376566874
2.2580305924906874
1.1409388631233635
1.4734770422491612
0.63872262338394
1.531362587879424
2.4502294593277583
0.5446793841186264
2.39689780400335
1.1706579036117397
0.6692175966938891
1.1429213799262916
1.5348599035951844
0.8958686474774695
1.564425644287907
0.8403011583252729
0.5871538799893701
2.07458571256688
1.1907946539119922
0.7321630016700071
1.4153276234637886
0.7268933802627648
2.0644029807423028
0.5887495629735495
1.4884156235355825
1.2553340088572158
1.7414056877403874
0.9847165864610896
0.554877661734402
1.6679280098213358
2.0991088187920672
1.3827126684036377
2.3342248265728944
1.9149637723508206
2.184524759489543
1.2978589378554821
1.1273891309308237
2.2327693011083376
0.6984738367150529
0.9319240668672757
2.3814354518494874
1.471085273451978
1.2607795019092336
2.3023185294631006
1.6770537698957482
1.7791822802301973
1.514190078052705
2.1141765800842265
1.3823351578722887
0.9859523019133158
1.2973287174307304
1.4205504215279368
1.1452483860888805
1.9278156485210827
1.023040615025793
1.9825739684868149
2.255209497295512
1.5982008848213913
2.021288042882177
1.111418077702578
1.5060023341193434
1.5158725785658773
1.4490449758939046
0.6012587798016316
2.376730454411698
0.6250074207598562
2.1545668706057866
1.7045762478679995
1.6837595803414793
0.9670838941776867
1.9616581161305406
1.7454040045644887
2.043509658233592
2.3503173064302967
1.2717876443734366
1.4243081734655372
0.6274937211490261
1.8708999711503125
1.3648546035516524
1.5175215193907567
1.657371841626525
1.556181090411828
1.6711378229727571
0.6164024058063502
0.5995675978684483
0.6104026841517538
1.9706887912013158
2.2928805410933073
1.4626659813169074
0.8146586584283371
0.6347780908747584
2.109328680584981
0.8343019954354005
2.4637693783354693
1.199044369582521
1.3713514258373891
0.8021293675478187
2.3481918697951487
2.4364228251265483
0.6470729693442454
2.3725012866706994
1.6142300570436021
1.7224955325933327
0.6799307430671768
1.9881677117381635
0.5450253377359655
1.7918847755412777
1.4761476997836545
0.5760733567831477
1.7569684551969955
1.9957627387521562
0.8503834304039266
1.5276544337965623
2.327797009914118
1.6842559494313962
1.4681351614213507
2.496779451508091
0.7175315680896033
1.9348401517213853
1.1507051466026401
1.5454832391840536
0.9510048482936728
0.564922727456018
1.7911737901123952
1.5724973967203566
1.0645471530945962
1.9195590800066695
1.1259460137097381
1.2939846135332775
1.0953724947329866
2.326941422114296
2.296281329336212
0.9694477501590075
2.001559241087208
1.6552232263290063
0.7841666583919384
2.0004517390878016
0.9653885226175558
2.366228883716932
2.1063828652127663
0.9020890764674745
2.2092575625655284
2.300665504215031
1.0511162468038915
2.3575129687469616
2.2821856165906893
0.7008650140789163
2.316168658989787
2.2592759974591914
1.302932612769866
1.3990877662207404
0.6743778373408329
0.6534848825235156
1.9232695780985565
2.315989809340352
0.8653055895008348
2.195489919024732
1.1172008909401883
2.127382659887189
0.6775957521640827
2.0109386955902764
1.4166099588527934
2.4286277223561816
2.0159131059578392
1.629125193938998
1.1925464494660283
1.1073032447866957
1.2123499048216981
0.7432504482527982
1.3512493505111312
0.9732574051826302
1.5671903519265433
0.8389870198003209
1.5553947607379401
1.738526401097112
2.133816052071851
1.6164249038754124
0.5413229349768065
2.285693613134102
1.3426757711069288
0.7482696235689905
0.8499024719731547
2.380748285216818
0.5468075858153651
1.365603319982241
0.860750075886483
0.5270618584041156
1.2568848296006103
1.5136982918005002
1.579625856808989
1.9993930211866124
1.1744657180524292
1.8363887374306087
1.9422981473224885
1.3308791696294915
1.1898650936492603
1.817760790636729
0.9109857198729743
1.147911937484882
1.292799695231916
0.8071659372402911
2.40506032330734
1.3435941803731317
1.4872163685950308
1.512765517161718
1.0854438162919078
1.1418212631422264
0.58657936748794
1.6671891854690044
1.2684728268198808
2.4283557522369437
2.2689509565184394
0.6626253129497288
0.7051300524732114
1.4950712655099316
1.8466882950737629
1.361800353305597
0.8088158348723617
1.856136112728408
1.536606829288768
1.5620447962233228
1.963387775960903
2.1045522987087244
1.863963003602751
1.5419345880641453
1.3192796765324453
1.463026422734129
2.110104245524046
0.5017250572833158
2.251399777743237
0.9960626331953306
1.06500148642909
1.3981377274086673
2.4099891869653227
1.144950618669776
0.9383828441292075
1.5064822579098895
1.3371863518673675
1.2804133066120724
0.5958695234649509
1.800549859965991
1.0341637506542596
1.6742911614121694
1.8182758986802745
1.9467605489703677
1.6770703580089055
1.437071452324613
1.439673660943868
0.7675321979893097
1.5112634388430757
1.301430309164582
0.9917584982426753
0.8703691530885991
2.3622850999337985
1.488517054317273
1.7763508917887285
2.088407320652506
0.6665504561136215
1.7273748257656298
1.8795704633763306
1.5203404335998576
1.4091505690803634
2.2016952165368657
1.3787323662627737
1.895426038402932
1.1844473420588288
0.9173703718348558
1.1532885434662379
1.1039103168179958
1.3810825736957633
1.937733093748379
2.471747221985167
1.8384322696461495
0.6360486709903099
0.7312549134850681
1.4578978272690506
1.584464433053977
1.1880324207096287
1.3010492088269163
1.8484949915965132
2.3330784077425584
1.9549753063055169
0.5522353129685051
1.183121736781603
1.189534079283177
0.9171082116922502
1.7432266898606767
0.7649295909052523
1.8004293849902628
1.7191490230936592
2.453790730947836
2.0008670027127566
2.2552986342257038
1.3242292438004435
1.9849147707255665
1.3751964540791102
1.7195929551947196
2.2953217259945244
0.8315975969258937
0.5435866189065814
1.3919361836351987
0.7948471852485586
0.9355602133194341
2.3452829564163395
0.9587260681806118
1.8379653033715697
1.0289212459273402
0.8715395082905182
0.8284880820268516
2.117360696667144
0.8331729871090654
2.485175199106787
2.4211000206546185
1.417027642007456
0.7343923701113428
1.2159682755027865
2.0306878283389524
0.7318194311933304
1.0595847966015564
2.3573139512147465
1.1216259391175503
1.5007761147776753
2.343989801301513
0.8355456200437059
2.118107324012505
1.832678812750783
0.5507233036606161
1.4884222882076115
1.4933922087146698
1.8374024747830695
1.816919458827609
2.0968561750362964
2.2757046066645064
0.6518384753753894
0.86321667530437
1.7414805216172313
2.0807372446832693
2.076165904962672
0.6703350176640164
0.8708722125744568
1.4908758120703376
2.1733443958744547
2.1927638197956325
2.0335174982829654
0.6595326224591622
1.2293758007192046
2.0601353707555576
1.2751946559274137
0.8932140367764712
2.4952785932126487
0.5504645938607922
0.8658072212198078
1.2419386223037572
1.2005256951566114
0.8304909313501048
2.0455612394289866
2.331487970010585
1.985378581406678
1.0682630503849628
1.1820295821706324
2.343982496867735
2.3596637694199485
1.6343185039979855
1.4173865384583526
2.251921964250586
1.3683996749105698
1.3925363882298036
2.458810714353235
1.2631848037101372
1.0069505727054857
0.6156586293571387
1.125162884636555
1.07434529813343
1.0068472037619125
1.0549587121513575
1.5527272896968922
1.4134349163036508
1.8317113649631311
2.0154851216228424
1.1422247229345877
1.7347834420768677
0.7465067628021504
2.112664089922744
1.1236590071218409
2.0496306777607254
1.2209130358909819
0.5608207623277999
0.5450856921607277
1.1713753551846169
1.6259173215112865
Rank 3: 200 simulations
1.3672614867639452
0.9234342573687884
2.1072285148935164
1.222674137039479
1.2259601275854335
2.123265634285737
0.9495205720009761
1.3242578800409757
1.5286857868821695
Running 800 simulations with 4 MPI ranks
Rank 0: 200 simulations
Rank 1: 200 simulations
Rank 2: 200 simulations
t=187882  fraction=0.22875  peak_slope=4.503e-06  t_peak=93941  comparison cadence=187882  difference=0.22875  below=0/3
t=188881  fraction=0.22875  peak_slope=4.503e-06  t_peak=93941  comparison cadence=187882  difference=0.22875  below=0/3
t=189881  fraction=0.22875  peak_slope=4.503e-06  t_peak=93941  comparison cadence=187882  difference=0.22875  below=0/3
t=190880  fraction=0.23125  peak_slope=4.503e-06  t_peak=93941  comparison cadence=187882  difference=0.23125  below=0/3
t=191879  fraction=0.23125  peak_slope=4.503e-06  t_peak=93941  comparison cadence=187882  difference=0.23125  below=0/3
t=192879  fraction=0.23125  peak_slope=4.503e-06  t_peak=93941  comparison cadence=187882  difference=0.23125  below=0/3
t=193878  fraction=0.23125  peak_slope=4.503e-06  t_peak=93941  comparison cadence=187882  difference=0.23125  below=0/3
t=194877  fraction=0.23250  peak_slope=4.503e-06  t_peak=93941  comparison cadence=187882  difference=0.23250  below=0/3
t=195877  fraction=0.23250  peak_slope=4.503e-06  t_peak=93941  comparison cadence=187882  difference=0.23250  below=0/3
t=196876  fraction=0.23250  peak_slope=4.503e-06  t_peak=93941  comparison cadence=187882  difference=0.23250  below=0/3
t=197875  fraction=0.23250  peak_slope=4.503e-06  t_peak=93941  comparison cadence=187882  difference=0.23250  below=0/3
t=198875  fraction=0.23250  peak_slope=4.503e-06  t_peak=93941  comparison cadence=187882  difference=0.23250  below=0/3
t=199874  fraction=0.23250  peak_slope=4.503e-06  t_peak=93941  comparison cadence=187882  difference=0.23250  below=0/3
t=200874  fraction=0.23250  peak_slope=4.503e-06  t_peak=93941  comparison cadence=187882  difference=0.23250  below=0/3
t=201873  fraction=0.23250  peak_slope=4.503e-06  t_peak=93941  comparison cadence=187882  difference=0.23250  below=0/3
t=202872  fraction=0.23250  peak_slope=4.503e-06  t_peak=93941  comparison cadence=187882  difference=0.23250  below=0/3
t=203872  fraction=0.23250  peak_slope=4.503e-06  t_peak=93941  comparison cadence=187882  difference=0.23250  below=0/3
t=204871  fraction=0.23250  peak_slope=4.503e-06  t_peak=93941  comparison cadence=187882  difference=0.23250  below=0/3
t=205870  fraction=0.23375  peak_slope=4.503e-06  t_peak=93941  comparison cadence=187882  difference=0.23375  below=0/3
t=206870  fraction=0.23375  peak_slope=4.503e-06  t_peak=93941  comparison cadence=187882  difference=0.23375  below=0/3
t=207869  fraction=0.23375  peak_slope=4.503e-06  t_peak=93941  comparison cadence=187882  difference=0.23375  below=0/3
t=208869  fraction=0.23375  peak_slope=4.503e-06  t_peak=93941  comparison cadence=187882  difference=0.23375  below=0/3
t=209868  fraction=0.23375  peak_slope=4.503e-06  t_peak=93941  comparison cadence=187882  difference=0.23375  below=0/3
t=210867  fraction=0.23375  peak_slope=4.503e-06  t_peak=93941  comparison cadence=187882  difference=0.23375  below=0/3
t=211867  fraction=0.23500  peak_slope=4.503e-06  t_peak=93941  comparison cadence=187882  difference=0.23500  below=0/3
t=212866  fraction=0.23500  peak_slope=4.503e-06  t_peak=93941  comparison cadence=187882  difference=0.23500  below=0/3
t=213865  fraction=0.23500  peak_slope=4.503e-06  t_peak=93941  comparison cadence=187882  difference=0.23500  below=0/3
t=214865  fraction=0.23500  peak_slope=4.503e-06  t_peak=93941  comparison cadence=187882  difference=0.23500  below=0/3
t=215864  fraction=0.23500  peak_slope=4.503e-06  t_peak=93941  comparison cadence=187882  difference=0.23500  below=0/3
t=216864  fraction=0.23625  peak_slope=4.503e-06  t_peak=93941  comparison cadence=187882  difference=0.23625  below=0/3
t=217863  fraction=0.23750  peak_slope=4.503e-06  t_peak=93941  comparison cadence=187882  difference=0.23750  below=0/3
t=218862  fraction=0.23750  peak_slope=4.503e-06  t_peak=93941  comparison cadence=187882  difference=0.23750  below=0/3
t=219862  fraction=0.23750  peak_slope=4.503e-06  t_peak=93941  comparison cadence=187882  difference=0.23750  below=0/3
t=220861  fraction=0.23875  peak_slope=4.503e-06  t_peak=93941  comparison cadence=187882  difference=0.23875  below=0/3
t=221860  fraction=0.23875  peak_slope=4.503e-06  t_peak=93941  comparison cadence=187882  difference=0.23875  below=0/3
t=222860  fraction=0.23875  peak_slope=4.503e-06  t_peak=93941  comparison cadence=187882  difference=0.23875  below=0/3
t=223859  fraction=0.23875  peak_slope=4.503e-06  t_peak=93941  comparison cadence=187882  difference=0.23875  below=0/3
t=224859  fraction=0.24125  peak_slope=4.503e-06  t_peak=93941  comparison cadence=187882  difference=0.24125  below=0/3
t=225858  fraction=0.24250  peak_slope=4.503e-06  t_peak=93941  comparison cadence=187882  difference=0.24250  below=0/3
t=226857  fraction=0.24250  peak_slope=4.503e-06  t_peak=93941  comparison cadence=187882  difference=0.24250  below=0/3
t=227857  fraction=0.24250  peak_slope=4.503e-06  t_peak=93941  comparison cadence=187882  difference=0.24250  below=0/3
t=228856  fraction=0.24250  peak_slope=4.503e-06  t_peak=93941  comparison cadence=187882  difference=0.24250  below=0/3
t=229855  fraction=0.24250  peak_slope=4.503e-06  t_peak=93941  comparison cadence=187882  difference=0.24250  below=0/3
t=230855  fraction=0.24250  peak_slope=4.503e-06  t_peak=93941  comparison cadence=187882  difference=0.24250  below=0/3
t=231854  fraction=0.24250  peak_slope=4.503e-06  t_peak=93941  comparison cadence=187882  difference=0.24250  below=0/3
t=232853  fraction=0.24375  peak_slope=4.503e-06  t_peak=93941  comparison cadence=187882  difference=0.24375  below=0/3
t=233853  fraction=0.24500  peak_slope=4.503e-06  t_peak=93941  comparison cadence=187882  difference=0.24500  below=0/3
t=234852  fraction=0.24625  peak_slope=4.503e-06  t_peak=93941  comparison cadence=187882  difference=0.24625  below=0/3
t=235852  fraction=0.24625  peak_slope=4.503e-06  t_peak=93941  comparison cadence=187882  difference=0.24625  below=0/3
t=236851  fraction=0.24625  peak_slope=4.503e-06  t_peak=93941  comparison cadence=187882  difference=0.24625  below=0/3
t=237850  fraction=0.24625  peak_slope=4.503e-06  t_peak=93941  comparison cadence=187882  difference=0.24500  below=0/3
t=238850  fraction=0.24625  peak_slope=4.503e-06  t_peak=93941  comparison cadence=187882  difference=0.24500  below=0/3
t=239849  fraction=0.24750  peak_slope=4.503e-06  t_peak=93941  comparison cadence=187882  difference=0.24625  below=0/3
t=240848  fraction=0.24750  peak_slope=4.503e-06  t_peak=93941  comparison cadence=187882  difference=0.24500  below=0/3
t=241848  fraction=0.24750  peak_slope=4.503e-06  t_peak=93941  comparison cadence=187882  difference=0.24375  below=0/3
t=242847  fraction=0.24875  peak_slope=4.503e-06  t_peak=93941  comparison cadence=187882  difference=0.24500  below=0/3
t=243847  fraction=0.24875  peak_slope=4.503e-06  t_peak=93941  comparison cadence=187882  difference=0.24250  below=0/3
t=244846  fraction=0.25000  peak_slope=4.503e-06  t_peak=93941  comparison cadence=187882  difference=0.24375  below=0/3
t=245845  fraction=0.25125  peak_slope=4.503e-06  t_peak=93941  comparison cadence=187882  difference=0.24500  below=0/3
t=246845  fraction=0.25125  peak_slope=4.503e-06  t_peak=93941  comparison cadence=187882  difference=0.24500  below=0/3
t=247844  fraction=0.25125  peak_slope=4.503e-06  t_peak=93941  comparison cadence=187882  difference=0.24500  below=0/3
t=248843  fraction=0.25125  peak_slope=4.503e-06  t_peak=93941  comparison cadence=187882  difference=0.24375  below=0/3
t=249843  fraction=0.25125  peak_slope=4.503e-06  t_peak=93941  comparison cadence=187882  difference=0.24375  below=0/3
t=250842  fraction=0.25125  peak_slope=4.503e-06  t_peak=93941  comparison cadence=187882  difference=0.23875  below=0/3
t=251842  fraction=0.25125  peak_slope=4.503e-06  t_peak=93941  comparison cadence=187882  difference=0.23750  below=0/3
t=252841  fraction=0.25125  peak_slope=4.503e-06  t_peak=93941  comparison cadence=187882  difference=0.23625  below=0/3
t=253840  fraction=0.25125  peak_slope=4.503e-06  t_peak=93941  comparison cadence=187882  difference=0.23625  below=0/3
t=254840  fraction=0.25125  peak_slope=4.503e-06  t_peak=93941  comparison cadence=187882  difference=0.23250  below=0/3
t=255839  fraction=0.25125  peak_slope=4.503e-06  t_peak=93941  comparison cadence=187882  difference=0.23250  below=0/3
t=256838  fraction=0.25250  peak_slope=4.503e-06  t_peak=93941  comparison cadence=187882  difference=0.23000  below=0/3
t=257838  fraction=0.25250  peak_slope=4.503e-06  t_peak=93941  comparison cadence=187882  difference=0.22875  below=0/3
t=258837  fraction=0.25250  peak_slope=4.503e-06  t_peak=93941  comparison cadence=187882  difference=0.22875  below=0/3
t=259836  fraction=0.25250  peak_slope=4.503e-06  t_peak=93941  comparison cadence=187882  difference=0.22625  below=0/3
t=260836  fraction=0.25250  peak_slope=4.503e-06  t_peak=93941  comparison cadence=187882  difference=0.22500  below=0/3
t=261835  fraction=0.25250  peak_slope=4.503e-06  t_peak=93941  comparison cadence=187882  difference=0.22125  below=0/3
t=262835  fraction=0.25500  peak_slope=4.503e-06  t_peak=93941  comparison cadence=187882  difference=0.22375  below=0/3
t=263834  fraction=0.25500  peak_slope=4.503e-06  t_peak=93941  comparison cadence=187882  difference=0.21875  below=0/3
t=264833  fraction=0.25500  peak_slope=4.503e-06  t_peak=93941  comparison cadence=187882  difference=0.21875  below=0/3
t=265833  fraction=0.25625  peak_slope=4.503e-06  t_peak=93941  comparison cadence=187882  difference=0.22000  below=0/3
t=266832  fraction=0.25625  peak_slope=4.503e-06  t_peak=93941  comparison cadence=187882  difference=0.21625  below=0/3
t=267831  fraction=0.25625  peak_slope=4.503e-06  t_peak=93941  comparison cadence=187882  difference=0.21375  below=0/3
t=268831  fraction=0.25625  peak_slope=4.503e-06  t_peak=93941  comparison cadence=187882  difference=0.21125  below=0/3
t=269830  fraction=0.25625  peak_slope=4.503e-06  t_peak=93941  comparison cadence=187882  difference=0.20875  below=0/3
t=270830  fraction=0.25625  peak_slope=4.503e-06  t_peak=93941  comparison cadence=187882  difference=0.20750  below=0/3
t=271829  fraction=0.25625  peak_slope=4.503e-06  t_peak=93941  comparison cadence=187882  difference=0.20500  below=0/3
t=272828  fraction=0.25750  peak_slope=4.503e-06  t_peak=93941  comparison cadence=187882  difference=0.20375  below=0/3
t=273828  fraction=0.25875  peak_slope=4.503e-06  t_peak=93941  comparison cadence=187882  difference=0.20125  below=0/3
t=274827  fraction=0.25875  peak_slope=4.503e-06  t_peak=93941  comparison cadence=187882  difference=0.19875  below=0/3
t=275826  fraction=0.25875  peak_slope=4.503e-06  t_peak=93941  comparison cadence=187882  difference=0.19750  below=0/3
t=276826  fraction=0.25875  peak_slope=4.503e-06  t_peak=93941  comparison cadence=187882  difference=0.19750  below=0/3
t=277825  fraction=0.25875  peak_slope=4.503e-06  t_peak=93941  comparison cadence=187882  difference=0.19375  below=0/3
t=278825  fraction=0.25875  peak_slope=4.503e-06  t_peak=93941  comparison cadence=187882  difference=0.19125  below=0/3
t=279824  fraction=0.25875  peak_slope=4.503e-06  t_peak=93941  comparison cadence=187882  difference=0.19000  below=0/3
t=280823  fraction=0.25875  peak_slope=4.503e-06  t_peak=93941  comparison cadence=187882  difference=0.18000  below=0/3
t=281823  fraction=0.25875  peak_slope=4.503e-06  t_peak=93941  comparison cadence=187882  difference=0.17500  below=0/3
t=282822  fraction=0.25875  peak_slope=4.503e-06  t_peak=93941  comparison cadence=187882  difference=0.17250  below=0/3
t=283821  fraction=0.25875  peak_slope=4.503e-06  t_peak=93941  comparison cadence=187882  difference=0.17000  below=0/3
t=284821  fraction=0.25875  peak_slope=4.503e-06  t_peak=93941  comparison cadence=187882  difference=0.16875  below=0/3
t=285820  fraction=0.25875  peak_slope=4.503e-06  t_peak=93941  comparison cadence=187882  difference=0.16625  below=0/3
t=286820  fraction=0.25875  peak_slope=4.503e-06  t_peak=93941  comparison cadence=187882  difference=0.16375  below=0/3
t=287819  fraction=0.26000  peak_slope=4.503e-06  t_peak=93941  comparison cadence=187882  difference=0.16250  below=0/3
t=288818  fraction=0.26000  peak_slope=4.503e-06  t_peak=93941  comparison cadence=187882  difference=0.16250  below=0/3
t=289818  fraction=0.26125  peak_slope=4.503e-06  t_peak=93941  comparison cadence=187882  difference=0.16000  below=0/3
t=290817  fraction=0.26125  peak_slope=4.503e-06  t_peak=93941  comparison cadence=187882  difference=0.15750  below=0/3
t=291816  fraction=0.26125  peak_slope=4.503e-06  t_peak=93941  comparison cadence=187882  difference=0.15250  below=0/3
t=292816  fraction=0.26125  peak_slope=4.503e-06  t_peak=93941  comparison cadence=187882  difference=0.15000  below=0/3
t=293815  fraction=0.26125  peak_slope=4.503e-06  t_peak=93941  comparison cadence=187882  difference=0.15000  below=0/3
t=294814  fraction=0.26250  peak_slope=4.503e-06  t_peak=93941  comparison cadence=187882  difference=0.15000  below=0/3
t=295814  fraction=0.26250  peak_slope=4.503e-06  t_peak=93941  comparison cadence=187882  difference=0.15000  below=0/3
t=296813  fraction=0.26500  peak_slope=4.503e-06  t_peak=93941  comparison cadence=187882  difference=0.15000  below=0/3
t=297813  fraction=0.26625  peak_slope=4.503e-06  t_peak=93941  comparison cadence=187882  difference=0.15000  below=0/3
t=298812  fraction=0.26625  peak_slope=4.503e-06  t_peak=93941  comparison cadence=187882  difference=0.14625  below=0/3
t=299811  fraction=0.26625  peak_slope=4.503e-06  t_peak=93941  comparison cadence=187882  difference=0.14125  below=0/3
t=300811  fraction=0.26625  peak_slope=4.503e-06  t_peak=93941  comparison cadence=187882  difference=0.14000  below=0/3
t=301810  fraction=0.26750  peak_slope=4.503e-06  t_peak=93941  comparison cadence=187882  difference=0.14000  below=0/3
t=302809  fraction=0.26750  peak_slope=4.503e-06  t_peak=93941  comparison cadence=187882  difference=0.14000  below=0/3
t=303809  fraction=0.26750  peak_slope=4.503e-06  t_peak=93941  comparison cadence=187882  difference=0.13750  below=0/3
t=304808  fraction=0.26750  peak_slope=4.503e-06  t_peak=93941  comparison cadence=187882  difference=0.13500  below=0/3
t=305808  fraction=0.26750  peak_slope=4.503e-06  t_peak=93941  comparison cadence=187882  difference=0.13375  below=0/3
t=306807  fraction=0.26750  peak_slope=4.503e-06  t_peak=93941  comparison cadence=187882  difference=0.13375  below=0/3
t=307806  fraction=0.26750  peak_slope=4.503e-06  t_peak=93941  comparison cadence=187882  difference=0.13000  below=0/3
t=308806  fraction=0.26750  peak_slope=4.503e-06  t_peak=93941  comparison cadence=187882  difference=0.12750  below=0/3
t=309805  fraction=0.26750  peak_slope=4.503e-06  t_peak=93941  comparison cadence=187882  difference=0.12500  below=0/3
t=310804  fraction=0.26750  peak_slope=4.503e-06  t_peak=93941  comparison cadence=187882  difference=0.12500  below=0/3
t=311804  fraction=0.26750  peak_slope=4.503e-06  t_peak=93941  comparison cadence=187882  difference=0.12000  below=0/3
t=312803  fraction=0.26750  peak_slope=4.503e-06  t_peak=93941  comparison cadence=187882  difference=0.11875  below=0/3
t=313803  fraction=0.26750  peak_slope=4.503e-06  t_peak=93941  comparison cadence=187882  difference=0.11625  below=0/3
t=314802  fraction=0.26750  peak_slope=4.503e-06  t_peak=93941  comparison cadence=187882  difference=0.11375  below=0/3
t=315801  fraction=0.26875  peak_slope=4.503e-06  t_peak=93941  comparison cadence=187882  difference=0.11375  below=0/3
t=316801  fraction=0.26875  peak_slope=4.503e-06  t_peak=93941  comparison cadence=187882  difference=0.11000  below=0/3
t=317800  fraction=0.26875  peak_slope=4.503e-06  t_peak=93941  comparison cadence=187882  difference=0.10750  below=0/3
t=318799  fraction=0.26875  peak_slope=4.503e-06  t_peak=93941  comparison cadence=187882  difference=0.10625  below=0/3
t=319799  fraction=0.26875  peak_slope=4.503e-06  t_peak=93941  comparison cadence=187882  difference=0.10500  below=0/3
t=320798  fraction=0.27000  peak_slope=4.503e-06  t_peak=93941  comparison cadence=187882  difference=0.10375  below=0/3
t=321798  fraction=0.27000  peak_slope=4.503e-06  t_peak=93941  comparison cadence=187882  difference=0.10250  below=0/3
t=322797  fraction=0.27000  peak_slope=4.503e-06  t_peak=93941  comparison cadence=187882  difference=0.10000  below=0/3
t=323796  fraction=0.27000  peak_slope=4.503e-06  t_peak=93941  comparison cadence=187882  difference=0.09875  below=0/3
t=324796  fraction=0.27000  peak_slope=4.503e-06  t_peak=93941  comparison cadence=187882  difference=0.09750  below=0/3
t=325795  fraction=0.27125  peak_slope=4.503e-06  t_peak=93941  comparison cadence=187882  difference=0.09875  below=0/3
t=326794  fraction=0.27250  peak_slope=4.503e-06  t_peak=93941  comparison cadence=187882  difference=0.10000  below=0/3
t=327794  fraction=0.27375  peak_slope=4.503e-06  t_peak=93941  comparison cadence=187882  difference=0.09750  below=0/3
t=328793  fraction=0.27375  peak_slope=4.503e-06  t_peak=93941  comparison cadence=187882  difference=0.09625  below=0/3
t=329792  fraction=0.27375  peak_slope=4.503e-06  t_peak=93941  comparison cadence=187882  difference=0.09250  below=0/3
t=330792  fraction=0.27500  peak_slope=4.503e-06  t_peak=93941  comparison cadence=187882  difference=0.09375  below=0/3
t=331791  fraction=0.27500  peak_slope=4.503e-06  t_peak=93941  comparison cadence=187882  difference=0.09375  below=0/3
t=332791  fraction=0.27625  peak_slope=4.503e-06  t_peak=93941  comparison cadence=187882  difference=0.09250  below=0/3
t=333790  fraction=0.27625  peak_slope=4.503e-06  t_peak=93941  comparison cadence=187882  difference=0.09250  below=0/3
t=334789  fraction=0.27625  peak_slope=4.503e-06  t_peak=93941  comparison cadence=187882  difference=0.09000  below=0/3
t=335789  fraction=0.27625  peak_slope=4.503e-06  t_peak=93941  comparison cadence=187882  difference=0.09000  below=0/3
t=336788  fraction=0.27625  peak_slope=4.503e-06  t_peak=93941  comparison cadence=187882  difference=0.08750  below=0/3
t=337787  fraction=0.27625  peak_slope=4.503e-06  t_peak=93941  comparison cadence=187882  difference=0.08750  below=0/3
t=338787  fraction=0.27750  peak_slope=4.503e-06  t_peak=93941  comparison cadence=187882  difference=0.08750  below=0/3
t=339786  fraction=0.27875  peak_slope=4.503e-06  t_peak=93941  comparison cadence=187882  difference=0.08750  below=0/3
t=340786  fraction=0.27875  peak_slope=4.503e-06  t_peak=93941  comparison cadence=187882  difference=0.08750  below=0/3
t=341785  fraction=0.27875  peak_slope=4.503e-06  t_peak=93941  comparison cadence=187882  difference=0.08500  below=0/3
t=342784  fraction=0.27875  peak_slope=4.503e-06  t_peak=93941  comparison cadence=187882  difference=0.08375  below=0/3
t=343784  fraction=0.27875  peak_slope=4.503e-06  t_peak=93941  comparison cadence=187882  difference=0.08250  below=0/3
t=344783  fraction=0.27875  peak_slope=4.503e-06  t_peak=93941  comparison cadence=187882  difference=0.08250  below=0/3
t=345782  fraction=0.27875  peak_slope=4.503e-06  t_peak=93941  comparison cadence=187882  difference=0.08250  below=0/3
t=346782  fraction=0.27875  peak_slope=4.503e-06  t_peak=93941  comparison cadence=187882  difference=0.08125  below=0/3
t=347781  fraction=0.27875  peak_slope=4.503e-06  t_peak=93941  comparison cadence=187882  difference=0.08125  below=0/3
t=348781  fraction=0.27875  peak_slope=4.503e-06  t_peak=93941  comparison cadence=187882  difference=0.08125  below=0/3
t=349780  fraction=0.28000  peak_slope=4.503e-06  t_peak=93941  comparison cadence=187882  difference=0.08125  below=0/3
t=350779  fraction=0.28000  peak_slope=4.503e-06  t_peak=93941  comparison cadence=187882  difference=0.07750  below=0/3
t=351779  fraction=0.28000  peak_slope=4.503e-06  t_peak=93941  comparison cadence=187882  difference=0.07625  below=0/3
t=352778  fraction=0.28000  peak_slope=4.503e-06  t_peak=93941  comparison cadence=187882  difference=0.07375  below=0/3
t=353777  fraction=0.28000  peak_slope=4.503e-06  t_peak=93941  comparison cadence=187882  difference=0.07375  below=0/3
t=354777  fraction=0.28000  peak_slope=4.503e-06  t_peak=93941  comparison cadence=187882  difference=0.07250  below=0/3
t=355776  fraction=0.28000  peak_slope=4.503e-06  t_peak=93941  comparison cadence=187882  difference=0.07125  below=0/3
t=356775  fraction=0.28000  peak_slope=4.503e-06  t_peak=93941  comparison cadence=187882  difference=0.07125  below=0/3
t=357775  fraction=0.28000  peak_slope=4.503e-06  t_peak=93941  comparison cadence=187882  difference=0.06875  below=0/3
t=358774  fraction=0.28000  peak_slope=4.503e-06  t_peak=93941  comparison cadence=187882  difference=0.06750  below=0/3
t=359774  fraction=0.28000  peak_slope=4.503e-06  t_peak=93941  comparison cadence=187882  difference=0.06625  below=0/3
t=360773  fraction=0.28000  peak_slope=4.503e-06  t_peak=93941  comparison cadence=187882  difference=0.06500  below=0/3
t=361772  fraction=0.28000  peak_slope=4.503e-06  t_peak=93941  comparison cadence=187882  difference=0.06500  below=0/3
t=362772  fraction=0.28000  peak_slope=4.503e-06  t_peak=93941  comparison cadence=187882  difference=0.06500  below=0/3
t=363771  fraction=0.28000  peak_slope=4.503e-06  t_peak=93941  comparison cadence=187882  difference=0.06375  below=0/3
t=364770  fraction=0.28000  peak_slope=4.503e-06  t_peak=93941  comparison cadence=187882  difference=0.06250  below=0/3
t=365770  fraction=0.28125  peak_slope=4.503e-06  t_peak=93941  comparison cadence=187882  difference=0.06375  below=0/3
t=366769  fraction=0.28125  peak_slope=4.503e-06  t_peak=93941  comparison cadence=187882  difference=0.06375  below=0/3
t=367769  fraction=0.28125  peak_slope=4.503e-06  t_peak=93941  comparison cadence=187882  difference=0.06000  below=0/3
t=368768  fraction=0.28250  peak_slope=4.503e-06  t_peak=93941  comparison cadence=187882  difference=0.06125  below=0/3
t=369767  fraction=0.28250  peak_slope=4.503e-06  t_peak=93941  comparison cadence=187882  difference=0.06125  below=0/3
t=370767  fraction=0.28250  peak_slope=4.503e-06  t_peak=93941  comparison cadence=187882  difference=0.06000  below=0/3
t=371766  fraction=0.28250  peak_slope=4.503e-06  t_peak=93941  comparison cadence=187882  difference=0.05750  below=0/3
t=372765  fraction=0.28250  peak_slope=4.503e-06  t_peak=93941  comparison cadence=187882  difference=0.05625  below=0/3
t=373765  fraction=0.28250  peak_slope=4.503e-06  t_peak=93941  comparison cadence=187882  difference=0.05500  below=0/3
t=374764  fraction=0.28250  peak_slope=4.503e-06  t_peak=93941  comparison cadence=187882  difference=0.05375  below=0/3
t=375764  fraction=0.28375  peak_slope=4.503e-06  t_peak=93941  comparison cadence=187882  difference=0.05500  below=0/3
t=376763  fraction=0.28500  peak_slope=4.503e-06  t_peak=93941  comparison cadence=187882  difference=0.05625  below=0/3
t=377762  fraction=0.28500  peak_slope=4.503e-06  t_peak=93941  comparison cadence=187882  difference=0.05625  below=0/3
t=378762  fraction=0.28500  peak_slope=4.503e-06  t_peak=93941  comparison cadence=187882  difference=0.05375  below=0/3
t=379761  fraction=0.28500  peak_slope=4.503e-06  t_peak=93941  comparison cadence=187882  difference=0.05375  below=0/3
t=380760  fraction=0.28500  peak_slope=4.503e-06  t_peak=93941  comparison cadence=187882  difference=0.05375  below=0/3
t=381760  fraction=0.28500  peak_slope=4.503e-06  t_peak=93941  comparison cadence=187882  difference=0.05375  below=0/3
t=382759  fraction=0.28500  peak_slope=4.503e-06  t_peak=93941  comparison cadence=187882  difference=0.05250  below=0/3
t=383759  fraction=0.28500  peak_slope=4.503e-06  t_peak=93941  comparison cadence=187882  difference=0.05250  below=0/3
t=384758  fraction=0.28500  peak_slope=4.503e-06  t_peak=93941  comparison cadence=187882  difference=0.05250  below=0/3
t=385757  fraction=0.28500  peak_slope=4.503e-06  t_peak=93941  comparison cadence=187882  difference=0.05250  below=0/3
t=386757  fraction=0.28500  peak_slope=4.503e-06  t_peak=93941  comparison cadence=187882  difference=0.05250  below=0/3
t=387756  fraction=0.28625  peak_slope=4.503e-06  t_peak=93941  comparison cadence=187882  difference=0.05375  below=0/3
t=388755  fraction=0.28625  peak_slope=4.503e-06  t_peak=93941  comparison cadence=187882  difference=0.05375  below=0/3
t=389755  fraction=0.28625  peak_slope=4.503e-06  t_peak=93941  comparison cadence=187882  difference=0.05375  below=0/3
t=390754  fraction=0.28625  peak_slope=4.503e-06  t_peak=93941  comparison cadence=187882  difference=0.05375  below=0/3
t=391753  fraction=0.28625  peak_slope=4.503e-06  t_peak=93941  comparison cadence=187882  difference=0.05375  below=0/3
t=392753  fraction=0.28625  peak_slope=4.503e-06  t_peak=93941  comparison cadence=187882  difference=0.05375  below=0/3
t=393752  fraction=0.28625  peak_slope=4.503e-06  t_peak=93941  comparison cadence=187882  difference=0.05250  below=0/3
t=394752  fraction=0.28625  peak_slope=4.503e-06  t_peak=93941  comparison cadence=187882  difference=0.05250  below=0/3
t=395751  fraction=0.28625  peak_slope=4.503e-06  t_peak=93941  comparison cadence=187882  difference=0.05250  below=0/3
t=396750  fraction=0.28625  peak_slope=4.503e-06  t_peak=93941  comparison cadence=187882  difference=0.05250  below=0/3
t=397750  fraction=0.28625  peak_slope=4.503e-06  t_peak=93941  comparison cadence=187882  difference=0.05250  below=0/3
t=398749  fraction=0.28625  peak_slope=4.503e-06  t_peak=93941  comparison cadence=187882  difference=0.05250  below=0/3
t=399748  fraction=0.28625  peak_slope=4.503e-06  t_peak=93941  comparison cadence=187882  difference=0.05125  below=0/3
t=400748  fraction=0.28625  peak_slope=4.503e-06  t_peak=93941  comparison cadence=187882  difference=0.05125  below=0/3
t=401747  fraction=0.28625  peak_slope=4.503e-06  t_peak=93941  comparison cadence=187882  difference=0.05125  below=0/3
t=402747  fraction=0.28625  peak_slope=4.503e-06  t_peak=93941  comparison cadence=187882  difference=0.05125  below=0/3
t=403746  fraction=0.28625  peak_slope=4.503e-06  t_peak=93941  comparison cadence=187882  difference=0.05125  below=0/3
t=404745  fraction=0.28625  peak_slope=4.503e-06  t_peak=93941  comparison cadence=187882  difference=0.05000  below=0/3
t=405745  fraction=0.28625  peak_slope=4.503e-06  t_peak=93941  comparison cadence=187882  difference=0.04875  below=1/3
t=406744  fraction=0.28625  peak_slope=4.503e-06  t_peak=93941  comparison cadence=187882  difference=0.04875  below=2/3
t=407743  fraction=0.28625  peak_slope=4.503e-06  t_peak=93941  comparison cadence=187882  difference=0.04875  below=3/3
Stopping at t=407743.4214505364
Saved 567 remaining particles to /scratch/group/p.phy260085.000//Mass_Fraction/Outputs/Ejection_Results/remaining_particles_2158759_3.csv
