==========================================
Mass Fraction MPI Run
==========================================
Date:               Fri Sep 25 12:19:33 CDT 2026
Host:               ac047
Array job ID:       2158759
Array task ID:      5
MPI ranks:          4
CPUs per task:      1
Nodes allocated:    2
Python:             /scratch/user/u.hm357857/.conda/envs/comets/bin/python
Conda environment:  /scratch/user/u.hm357857/.conda/envs/comets
==========================================

1.8567412566689114
0.8692966957686938
2.133659054536292
1.093834835960134
2.188664533831109
1.6707507550254543
1.7885091153464592
1.6244098459086131
1.526953335685737
1.4059542450669202
2.014454753321357
1.754314559475497
0.6910119940868154
0.505404105013499
0.5234434943924808
2.236046476469232
1.143652591423953
2.362935586070537
1.7599459145855276
0.9218510109752913
1.672560410751828
1.2944087274735978
1.5547225978598274
1.4646584903593414
1.2645466302216888
0.568869804172264
1.0471741954939227
1.2307538806601908
0.6896100811204258
1.064964351919717
0.606663416452697
0.9922964976396063
1.4427105810150271
2.198239765341129
2.222877629619684
0.655312154045963
1.8555597219926572
1.1470207770767173
1.288764765141497
1.718691345551402
2.217682732367201
0.5939755419666612
0.7398922846110458
1.011637946021805
1.9130259717252034
0.6099330854447584
2.17442147155564
1.2706045000495447
0.5739912964263045
0.7579620472047732
2.0210032000823484
2.4713710481656928
0.5964239435076664
1.990965629146225
0.7607687444064661
2.4053729676699596
1.3435401373346592
2.299447763354084
0.5211042697653852
2.4256874273414395
0.9562262270114639
2.276998916087097
0.8545025496349956
0.7038944494890116
2.2995477968655766
2.1539337081468055
2.3032761678118776
1.1692663833860522
2.0841272662645496
1.8956107874210404
0.8637230024080123
0.7365876309344677
2.017163309433484
0.5030923980414483
1.8738602921034397
1.1750166281868493
1.7174865361392098
2.017406489576018
0.9274078158926269
1.9541520626635482
1.9251422551632973
0.7956046426248622
1.0433962474869993
1.2200923875479126
0.910139122643234
1.6570899302417146
2.22251196803823
1.5663730712983663
0.627269451060426
2.4042080018692413
1.7567911054481506
1.6820509611311174
1.5401928410477186
1.4655013915724107
1.9308134351572064
1.4327888281998895
0.9019325006956407
1.634261106806512
1.7728293068262477
1.5075351842265008
2.0601189331208962
0.5871541838620224
1.244477691751032
2.459739668477205
1.000062439716296
1.3258783943231423
2.3980132557334866
1.1124862930543375
2.3701438516119255
2.109493320840412
0.6326340386943925
2.3217096431255015
0.7502404871580042
1.9072737210893644
1.3767440289425414
1.859008112750604
0.7404248074454174
1.766862128528461
2.2767041609464345
2.0877056027875325
1.2197409717347016
1.6156611207878626
1.238426813751227
1.4970691420089919
1.6210592532292631
1.0675683008643855
2.284678557968377
1.9698003844424428
2.2520872930863716
1.1952200328150633
1.2782445048897169
1.8667838690394614
2.4908421886412935
1.682674733270484
1.3969595488085764
2.4621095174863625
1.1399858323599432
2.2751941273038856
0.8753204603802853
0.869210328238927
2.00758993942702
0.5660955649535224
1.9169418317567504
2.3544459021714212
2.386474934073261
0.7210506461777368
0.990740488248463
1.1262539834223158
1.3537626793989315
0.7618536146571853
1.044197729454379
2.277723908802784
1.951150589018078
2.216628907150777
1.6825432337927018
0.7653274468608482
1.0381322719198898
2.294062888532226
1.3172119899750503
2.3149112113877415
0.557055741428379
0.6163591757356637
2.071032371000464
1.4805243245299486
1.5722413745749537
1.9895856038263071
2.1840954051342205
1.0527375959006215
1.6579992826368724
2.1445420369007886
0.7168405877113491
1.0684569480939543
0.7230278640946401
1.9062827945485357
1.159815735400927
2.3948547994894387
1.1922592874853462
1.3117891549905247
0.914802682308232
0.9835762587924757
1.8032788800931667
0.7248730033334183
1.3957477167656902
2.1062748518119125
0.7502992799678043
1.535845040878609
0.7233200506211661
1.020525688238532
2.0736780936183212
1.8333611719060612
1.2600974618807728
1.1385886225322415
1.3809099768736228
1.4114373702448357
0.5391765869690852
1.4573985309474045
2.146316701413811
1.3311057719090447
2.467499489947619
0.9146418208776819
0.6898836883790345
2.263255558115002
1.0027848625552793
1.4222102115805648
1.4021736574834807
1.9216209848817325
0.6594756411079172
2.206719752415438
2.221319492261859
0.996104870105061
1.922100067678984
1.9290069450600877
2.1863940591750266
0.7809122031678399
1.3794201355343987
0.7777768541325569
1.2362171051762842
2.2203359519250148
1.8088737499687035
1.2043910096033348
2.348159450720747
1.3708971087627528
0.5292389499553152
2.22645416910653
2.1076389982771033
1.5736323552984002
2.4701811242999163
1.4126163992693295
2.399688139132519
1.8832186918916631
2.4265559475553267
2.0589323811819065
1.2463407524768677
1.426226248342112
2.4190501715521386
1.9153454636725737
1.5600358708486044
1.6945483504163685
1.5629490762495537
2.041648801140491
2.0310406655047935
1.1002027969389305
1.341376562559194
1.381175029271974
1.9335315378771984
1.8558703982373286
2.222325195360863
0.8714939427084767
1.2594975625224405
0.99854024955003
1.4876100049554966
1.3442057872368796
0.668071884277762
2.453976351290307
1.074278954888946
2.271729803975261
1.2466614577647868
1.3832210991672391
1.4743020295320262
0.9165563958015157
1.052072434303538
1.7527830098822028
2.114331420303336
1.4459023238245279
1.125373462217206
2.3360379996578455
0.8847528469722763
1.0687761708124792
1.4281423240769267
2.3239423699210855
1.6677935734849996
2.2442036326194206
2.3428557923775086
0.9399038847929182
2.3437191070634045
0.6938545588969229
1.9831815167974831
2.2452871380206627
2.427270900217102
2.311399960138287
1.726421069704465
1.9974999194047964
2.3107822171122625
1.9380508084059955
0.752375164829886
1.2433303174274966
1.9399942206781453
0.8464831887255433
1.2453817346718399
1.63535079832469
0.6514187695252391
2.292925755406935
2.051957974972178
0.7803896156563497
2.4203052757641856
1.838491959137679
2.2389934888008467
2.268643583022201
1.6483895346098454
1.1483815511766307
0.8715550041977971
1.4892759535396356
1.3708201891741347
1.472525730822787
1.0522459386427994
1.297827548279193
2.3851660182585928
1.558403644089024
0.9195135089986135
1.8548930975445712
1.5238230544748377
0.8886776757744035
1.7012763193784546
1.7763829207980348
1.050189366272943
1.5379594990920875
1.1430855782552245
2.204105195525048
1.377822061993414
2.273702376605842
0.5512277862466077
0.8320109504821811
1.9780218515132875
2.304668599297986
1.7808186869640832
0.7785480288472819
1.9638695711608174
1.8832458331179376
1.466225128308114
1.987046379307825
2.4195891965436847
2.154115837426487
1.2183687914540986
0.5737564426103234
2.1114082179478366
2.4162217007745843
1.963010817175675
2.482611189277833
2.209527244083625
2.3810829819653865
1.9747774111672818
2.061493871305053
1.9845873341102982
1.097256312860974
1.522333292712287
0.8102854447129839
1.1446289346993144
1.2433057123282771
1.7288070891868137
0.6983250101448122
1.398252952412162
1.8727815225120357
2.250820877953906
0.5510989598509337
1.7765712108857725
1.8726564341551044
1.2396387621258098
1.0581517756514636
1.2154272732347167
1.7903667454483307
0.9515260613345595
2.4579432228562617
1.8754639007388667
1.8238134919617892
1.505080887379441
1.2180185662290792
1.6724297096388192
0.8988283331809328
1.8006043808381886
2.0944272629345435
1.9409348206965893
1.3275472720677235
2.273365119408422
2.2788462376211873
1.3425849851073408
2.404582026381683
0.809715955771253
1.2944591863771089
1.502348114041784
1.7502835598052244
0.9531457374797594
0.7224712795319548
2.001041554787382
1.862815364313576
2.156127128317044
1.5192194308908995
1.583119550007173
0.7417349237861817
1.854423260172693
1.6107053387781096
1.3993047549148114
2.291728745650171
1.9549220288291598
0.9567125073629887
2.337469856927515
0.7124655779606344
1.7056863994418745
1.4907927382453112
1.9738879396146274
0.6655354478861264
0.7910960522618615
1.973778041747975
2.408812406301659
1.8011553690575077
1.819495168166239
2.4828996931334872
1.961329426210498
0.6619316555640267
0.7292211937968243
1.4343662207240766
0.8941330140336938
1.5655224298669064
1.8001072212191072
2.3000195480747903
2.2269199758595284
1.1238354616864727
1.2499186742348605
0.8249465752418472
1.7170343535614774
2.2960426055090535
0.5363943434298655
2.0600737570200094
2.4152839298960234
2.3959160663328234
1.226080448042077
1.689077858361847
1.760132753602923
2.1179185887885326
2.1030608164062925
0.5976966150490155
1.3664819742811094
0.7279281407498808
1.856346516878754
1.777795639497516
2.0337673071433944
1.2696351223105002
1.2181838198603323
2.0881951643663483
0.7966487576764247
1.2717411332954753
1.9088596081740041
2.0144343084245815
2.3127145427400095
1.9797894951886297
1.0540697486210755
2.0411659709647507
0.6490581222944605
1.836181485449777
1.8387354573798473
2.4096540562360795
1.0344181400077113
2.136652340840483
1.263814606481316
1.1380590695443351
0.6354406260116316
2.2841072430776097
2.113550875131086
1.8696579803544826
1.1500506362804166
1.2973605137694928
1.1759808830914893
0.9362373914266331
1.8536262087704038
2.3449652496157665
1.2536070389823424
0.9997755038331266
1.901765943638162
1.4734660992325153
2.1036718609426472
2.449539103853338
0.7057558956129673
1.775765594754961
0.5586161600349322
2.303513809066024
1.9349013527652221
0.9058885323074697
1.2260844970021487
1.7501861285265943
1.3245927314246055
1.361264559757866
1.1672118398324367
1.391938285841121
2.332296064425582
1.4095549690466538
1.5544845579836388
1.9465588965138056
1.3133819837946976
2.2744819155583382
1.7298001014721174
0.5484954382526708
1.2767102370362577
1.7459437178358124
2.2708601179456824
1.6331021324087174
1.879139734786759
1.4363448514790371
2.3550022429375033
1.0535271257393972
1.9781984067098246
0.5953747781953791
0.9349431758892426
1.240396134309685
0.5952574811116231
0.5721895274403939
1.616829705203487
0.5937021125955624
1.161026642309435
2.244183377020845
1.7814568038941698
0.5225554635291527
0.9784634702113486
1.3448257977916311
1.2586965409016146
0.5553788605379402
1.618766047572289
2.2470575781747693
2.357006465161644
2.1293718720302377
1.3433281880313153
1.3965294222818159
2.1629326645881504
1.9658496649733304
2.3041706525689403
0.9533593772851183
1.1143905846679416
1.2003263086520348
2.3391120174598288
1.0586985350055944
2.109955686538085
1.2302883909449036
1.2380235674299098
0.8057954041476112
2.2925481038722433
1.1292446088327301
2.363713112320686
1.5746890441772254
0.9252917802235259
2.01568838723313
0.9286399311541567
1.7793432047772746
1.1300145172025897
0.9698055285265752
1.6955441258245099
1.7834955088542483
1.3789563090547168
1.0754034826693577
2.429236710951505
1.7271134725987753
2.066871426031888
1.8784681974543262
1.0332639370282903
1.1745775821171354
1.3234325796846278
1.7516045693131959
1.74812760676177
1.0041659201712265
0.6325976942475708
2.3231146512031904
1.2585041491929223
1.8083444697773778
1.49946413955305
0.8770012111076693
0.9810882659920515
2.1160698027294487
1.4695169703776967
1.561094949920662
1.9809855135298737
1.5784744204889607
2.1299132479546783
1.0437716319213446
1.6518796455996174
1.6712699771831587
1.971129276698638
2.242134589834145
1.0992843842949283
1.4177694169108337
1.4317523641551386
2.1610531591580484
1.4404549907041375
2.3682661908310134
1.5545065221298229
1.5826704911985991
0.6090650666490942
0.7932436361892552
2.3978744369713514
2.3180920436262435
1.8571664923741995
0.8115613476033396
1.3607500965126877
0.7627950577884948
2.4222717239798612
0.9812440470791568
2.280669508121143
0.7886766834842596
1.1162491338080767
2.1429825071031603
1.9531527732855027
1.5800785398704829
1.2671457523333218
2.2309473855429776
1.3392880890567742
1.5250644401146056
2.353869425573646
1.7360816718512861
1.110933360354406
1.9912995864930572
1.4750374326162201
0.9066235162976253
1.8817715974121698
2.4914735845538214
0.5313559065110447
2.1157203229329804
1.4591043887025037
1.5879845336734884
2.4055152006832405
1.1411015321517908
0.5466413488977391
0.505028376904801
0.9144372976048993
1.8029199702204632
1.06141181031284
0.701205962768235
1.458952527095043
0.8640800704794547
1.8692980092597795
2.223356869208093
0.6139678854531607
1.5552607386664787
1.1085940516141382
1.8991298843629552
1.8042286472784652
1.0000006057657094
1.6938044219226651
0.541121677007234
1.3061196842047929
1.6720434101322963
0.7184589699830992
2.0813192462486887
2.0908045504697563
0.8057679448044195
1.496071701329236
2.4867409647352603
1.0645532024431033
2.1346697313601926
1.838741995802767
0.7300968576233908
1.0273618191284966
1.8569343883001348
1.6125374675075324
2.111140267937613
1.8847058107867918
1.8395558648915904
1.7601354168981012
1.6553819363585316
1.560450883716899
1.7375691882441857
1.8857576462091834
1.1812750305867907
1.261309806332239
1.7409514069129914
1.225757467311427
0.9089341786351828
1.1893032064828795
0.8390829379228513
0.8881957424983771
0.9722850459259262
2.2426684133248145
1.7097863772791764
1.955741264261751
1.0321767362987424
1.5093415390679983
0.5494431978728764
0.7917500415609589
1.5167589394912326
1.5885065060070578
1.4824959009866174
0.8312878394808614
1.0488803491920498
1.2890479194487994
1.5725823222302018
0.5401828183850286
1.9626310794637412
1.7312719463373238
2.4866668863483317
1.851085864446964
0.94503422429448
2.474985139811891
0.6769112619757733
2.265068840712236
2.4253689853214273
1.456798317619248
2.2597952805486887
0.6675473501777931
1.0647095628448104
2.0810981104072486
1.061440680817354
2.492847516427725
1.7669320263556552
1.1956901926274577
2.2548008256854786
1.8012285404459363
1.8827314129541857
1.582046644136428
1.5123778630536837
1.0366371579365448
1.2169988985561782
2.278923874667262
1.5447265345345775
2.2888511792374704
0.9003919929488882
2.2426914259372603
0.8687346323700649
1.5268990205562036
0.6556426073767225
0.6616364699938331
0.8604536984798252
0.9150427720470122
1.6880980371764178
1.2040236348585243
2.1853636355312744
1.420186570776958
1.361756506169182
2.470792064617112
0.8073025562317471
1.3260383251925545
1.8003831529705288
1.571696858407605
1.1627152654891837
1.547411120350366
1.9309021365214567
1.8885786577947186
1.426333407506046
2.0437438134950785
1.660870386700214
1.3435739622758647
2.4099718261991274
0.965026695981928
1.8793288839498523
2.4862460436080798
2.2542177254567157
0.8540856971921928
1.6274727374542408
2.0522682031792328
0.5043987776395835
1.516316003772547
1.1473998110861177
2.468280391487114
1.552688602628717
1.8070667516349455
1.0563404837996349
1.8898412309362929
0.9388639209044571
1.6762384882281176
2.1695209926988954
2.2314970887187346
1.349329188283614
1.181121888493199
1.491689730032251
1.6415901847277152
0.5876909290738117
0.5402142631852522
2.1397150556744924
1.499021722367994
0.645062253379989
1.3528258870075764
0.5834182383948083
0.852531810829348
1.9201748471394635
1.4129430272180412
1.09179490543466
0.6917964715407505
1.6907092405064226
1.9283363955657613
0.767574454319774
1.1181462075373034
2.0734157700430957
1.0754017898616732
2.1171105460540556
0.7938151459457199
1.7649891653746066
1.7939906207815124
1.8855140574381424
2.1028873297704473
1.447931861430439
2.423041249601694
0.6482912795787419
1.4584551230758949
1.1090909615944562
1.9718016689962945
1.3071072161462156
1.4044643452511596
2.2622637489575474
1.748510474054346
1.5639555774437433
Rank 2: 200 simulations
2.4785964014533866
Rank 1: 200 simulations
1.6741269287463634
Running 800 simulations with 4 MPI ranks
Rank 0: 200 simulations
1.2061865040200646
0.5003548234370179
2.3893378579748914
2.0302659956594296
Rank 3: 200 simulations
