==========================================
Mass Fraction MPI Run
==========================================
Date:               Wed Sep 23 22:14:17 CDT 2026
Host:               ac020
Array job ID:       2158759
Array task ID:      1
MPI ranks:          4
CPUs per task:      1
Nodes allocated:    2
Python:             /scratch/user/u.hm357857/.conda/envs/comets/bin/python
Conda environment:  /scratch/user/u.hm357857/.conda/envs/comets
==========================================

1.788963393244249
1.8311150293712866
0.5936020642495101
2.076558106429002
2.3394930141574397
1.2847038915774445
1.197794041440664
2.2373922670377304
1.1575519543472281
2.4968422142122586
1.1262407453366028
2.0426451689905876
1.3544150830929136
2.270844585237725
1.2983617749436425
2.4354490751805615
0.5492162338732667
1.8063925658218818
1.1479429732885955
1.6146595181555408
1.033522436967811
0.7293933246597164
1.3772338193344178
1.5898974066113607
2.0230098879187617
0.7376993478441669
1.159825101757674
1.418431874423525
1.729373191083194
1.620966346475465
2.168362559888746
0.5424839433243953
1.471423156570388
1.1314045501232466
0.5727702491936468
0.5165516104693326
1.0774470078794334
1.5086103047425263
1.5526719507416957
1.7629388600184317
1.6591769126926617
2.4587345519018635
2.1638468650481895
2.4581189860236856
2.3801118239953576
0.8914024340225439
1.9691579710037157
0.7310012335175236
1.9394582659439725
0.7477132436896643
0.9791419375907227
0.5978444607135107
2.319451266024834
0.505664765057086
1.776292161730906
0.9024661945828505
0.8263316423058562
2.103303570070954
0.6201945779662483
1.1465159601328947
2.0782603093522254
2.1563054176229093
2.019691612596826
2.3640605639015977
0.539413317500365
0.5429403688200192
2.213201543435141
1.2447677318990356
1.735644724575849
2.1795975573607627
1.7437672849399324
1.8976479964419002
1.1818093553237432
2.080406537590771
2.161206056834626
1.0006689405155371
0.5671811709433003
0.5340468182703813
2.483630703774123
0.8223680563370397
1.4434195372680454
2.001228031893017
1.8383089572048503
1.301658445096046
2.4652928057634353
1.0852930447595948
1.0894852807710569
2.093859349715522
0.7824201883183937
1.39359646894516
1.5623395170449146
1.2626497703858985
2.1803753771527505
1.1109657913804736
2.2836427952630567
2.396338934600478
2.428586579675251
2.1705561184046074
1.1109260243450463
0.8116463792162956
1.7711816893826167
0.9026565835329352
1.3962730898074491
2.0985359892143514
2.1729927946075787
2.397921214712734
1.084946360777373
2.203399704258171
0.8200932653253572
2.2633792425336203
2.2280411961139093
1.8203616339413515
2.3662378050282786
1.5902202963715875
0.9761202691198498
2.3460941732414997
1.5827740440004736
1.487014293003938
0.9372477984454324
2.2687436424907377
0.7920261915495346
1.8066413575472202
0.610814082892494
0.5961493473292196
0.5610544748954021
2.2565508481754435
1.3858124201839077
0.6211435431318053
1.6238032887458103
1.0703008594235808
1.4238329191507946
2.007957324147015
0.5148697221160778
1.6147038731462584
2.3417657280680872
1.3361249023744346
2.419592725564902
1.1454343767045079
2.4033618973465867
2.267124165798575
1.533624902297939
1.9408073815006193
1.182851445277593
1.8158495455559565
1.7880375853047565
0.537509720647845
0.5801607970138163
1.9934268748285602
1.3102474950919238
2.4010456333677053
1.1858046655306722
2.1519882694720276
0.9390965073007542
1.185594126871909
1.1156901877052088
1.7682364009845442
1.0418499033727078
2.320729599938671
1.2448755538277367
2.158437660148633
0.5266959185894611
0.504117384439861
1.3600068194925417
0.5381924531826481
1.2938319138008085
2.343057567029722
1.54841398816161
2.2440297632311905
1.7106027862626316
1.9802234786576673
1.0178554241705469
1.9674422219249017
1.3545108995146184
2.2732388229773877
1.0723789263445391
2.442275682661227
2.4697280901748555
1.0851734649466505
1.3531550118128763
0.8131460021074142
1.3220020390797718
1.7623019735307028
1.7915261032817649
0.7939602041114104
0.8139745550532662
1.4574223185386421
0.9259933621602539
1.0139675788895204
1.5587704097698427
1.2969541116114514
0.6486236990976351
1.4069819428213948
1.8002139479821273
0.690154991667532
1.6600134106427746
2.229467403336814
2.1417646362504796
0.886122977525432
2.490971953127392
1.4326098501743818
1.6841749418462981
0.9353515356773898
0.6391820232985239
1.3126209302115341
2.322213779385659
2.1510868056195647
1.8624981889601473
1.15141788440066
1.939635850093228
2.350448052039702
1.2284921834282831
1.7881799927858137
1.9796810328633982
1.740012435920025
0.6207214582705722
0.9047989880695004
1.8730724109538175
1.66270043534719
2.414000069335258
0.9583645900306874
1.169888119723327
0.7647265451311804
1.1221319182036593
2.2747732490918677
1.1031224130301749
1.748000197836324
2.1270981829769102
1.2720228317296292
1.3556808218906684
1.5141151511197688
0.9602176593562226
0.6105651039622821
2.4951276350264306
1.5576422156555756
1.1888289342836835
0.6318209463629156
1.7835412908584054
2.0172397160182074
0.733753004844131
0.6016549322811637
0.9246470341251918
2.030111925352215
0.8643008901342608
2.213120581128428
1.870372940667926
1.0175182614698033
0.5797419352661908
0.8795295700847019
1.8947037478942697
1.9073208591173512
1.787105556118684
0.8407085437157313
1.665683311415396
0.8242845320609575
1.6462814979136622
1.2161554994664021
2.200888909117209
0.9419641085638872
1.1504305926325584
2.1073429964662687
0.5494182469941784
1.9427480863738
0.904386617026258
2.277311783413606
0.5853236305265104
1.2040593687565229
1.7539531955114853
2.278858421627606
0.7848352686853137
2.271044621733816
2.12419680075421
2.207505792219976
0.8534192764244908
2.3242848236083677
0.6511353933496309
1.2000848805648834
0.7717557488893034
0.7994383798678828
0.8274335014539529
2.2407720875585255
0.5000067488572479
2.089835847459365
0.6053447068387776
2.4086382390976913
2.2423030153565935
2.293771029344892
1.3549260323628445
1.445723604686097
1.5032543025733696
1.0784353123244363
1.2726155948403939
0.9589972425150466
2.291654470274655
2.304066524310185
1.6093298093417983
2.158638559255076
1.2386476605913248
1.8173817018763117
2.1952766632111356
1.7795374431307196
0.6322160302885367
1.8366583203150375
1.6674243637229011
1.7303815096089714
1.1856809115312563
2.4989062731893235
0.8981893979187534
1.4090226703411644
1.5988731415731507
2.2249085313261108
1.6606323846702646
1.5731553612647449
2.1253642180048775
1.7342547387991192
1.383850419019356
1.497550479996786
1.1054549993695744
1.7403349589602166
2.478925776037225
1.4979312875459287
2.333232171427227
1.6757077298514607
2.349383116915997
2.136602922711952
1.0028504432025427
2.341550050019717
1.8248418271706544
1.7952282328918103
1.2362162388465308
2.389446163365902
2.267651355489397
2.4779849963202256
0.9961683734620961
1.269470693400753
1.6993034926079513
1.7001616603521479
1.8925787825380465
1.124666588388745
1.3012504472011792
1.5842549497051213
1.2646967124825954
1.8386283138937753
1.422609685330563
1.8696269032569224
1.4832372395427602
2.021075163393953
0.5014260340774741
1.7429615960106928
0.6106716051054222
1.7080684576244867
1.1609782268815805
1.2253458564406938
1.7952468818572234
2.437496868773665
0.8728140968421463
1.1668475801104032
1.0927343740568836
1.886113965662243
0.7177139748293038
0.56878497787311
1.5732046828209911
2.420758128163351
0.5837570805496126
1.817930323163143
0.9204461073514318
1.834395600262253
2.2550839758004857
0.9376661452735764
1.1857257370092902
0.9855622503952315
0.6760418887273492
2.233231494134314
1.096603038697899
1.9554613170356554
2.364322478197243
1.2433706466498127
1.973260930184937
0.7063812611656026
2.0381718598016594
1.988626290431506
2.0599340070825907
2.2957722352844607
0.9634730809165377
0.7428689213124542
1.1768654629890334
0.847995754140364
0.5567203033426023
1.957363767694229
1.7914455189329679
2.4151865943627455
2.4133615957992216
1.9615559756134422
1.7642864832830363
1.1938883177425055
1.70077063795372
2.174152655004948
1.426042572921667
2.3804788574437725
1.6695330982096177
0.8803936467469482
1.4372818988544254
2.2865205901594177
2.3159916939501035
0.7254783134562726
1.3705712166263628
1.8798539731073403
1.7798250222815677
1.7421306365619098
2.36371265599149
0.8985041697869331
1.261115837062453
2.4189951372736584
0.6960962381568183
1.2665241996679204
1.5204927730701978
1.764993273495661
0.7653058370816301
1.235331696965458
1.2131065414860307
0.6627755169929761
0.97921715658703
1.8817525488461728
1.5212668260154913
2.1536585912796204
0.5040897936003721
2.1301607705019476
1.1026368793311345
1.275211957057591
0.7550214665940767
0.5348460421956682
1.5284529864536767
2.2115984677546394
2.076096204026435
2.3844222581854124
1.968255871380137
0.5271305651102618
1.0990130108934
2.3822275026173276
0.7878806684545887
1.1114379934934666
2.1925048365581956
1.455048687594116
1.949615096215258
0.6232281364146839
1.0966509201281167
1.3155536993040677
1.7767216099978245
1.7919151204564805
1.5162004661680388
2.056904654073005
2.239448984049604
1.146409597725741
0.8412708655900913
0.8760215749784965
2.205121484188228
1.057051041159656
2.0445752572030176
1.3381712981258322
1.7038799499716004
0.7136269779769291
0.9737929538721766
2.0795057295948385
1.0136995110067168
0.6109748995917414
1.2358788761675716
1.2067901973841595
0.916109366723872
1.6057270678935958
1.0935349797805782
1.9462427422148338
1.6381115720581532
1.3752070703356274
1.000429496432618
0.8027216076222081
1.2649333324735612
1.8131191902273185
2.3403437422119984
1.1739422530263113
1.755583318831218
1.337208674630807
1.5794823640927635
1.684963860401681
0.5288419064606766
0.9072784488715557
1.5499984644990044
2.438719082709439
2.461282600085038
0.686758669466506
2.306533467939632
1.5742817729549563
1.7365034303122409
1.980310581101095
1.855483758941065
0.6075163236478871
1.8504916783386183
1.997410953988163
2.272955491543833
1.0592101460471133
0.9885254585387246
2.4085283730535396
1.7051370139724302
0.5283054617599583
2.0455846245406315
1.3841216653613355
0.5573410934933836
0.6440616929450023
0.8414603851252682
1.2364841535085966
1.089336026860588
0.5932672671040877
1.1005664119795049
0.9529093857926452
0.930364361201151
0.8241031698862544
1.4106062081579303
1.732629328633046
1.658353045998257
1.2606898829745625
2.430664820248431
1.2033826640076526
1.590549564723763
0.7885184127299572
1.793548783979302
0.8935588697967076
1.41633249097177
0.6647663819909813
0.7935622949513603
1.029587619001073
1.0065647899391421
2.48048830696459
1.430082449878922
1.656256520068921
1.206936839020351
1.584367929174829
2.0206223317134615
0.8257290301817017
1.1118970920839317
2.03336226801974
0.9550995758433591
0.8276052994822494
2.379367161208921
1.5632306167405103
1.4915045936795612
0.7588240761330229
1.0451772546855125
1.0378164327761459
0.7488027320333674
2.1292673131110558
0.8048758902120774
2.187702260527028
0.8412095098523198
1.7999488263129304
0.541903506396171
1.6846931211409382
0.9325951631678828
2.1832975726114707
0.825416249871795
2.3864869019320203
1.8712417460494313
1.750545950712348
1.4837096436715527
1.4601300082295985
0.9915759833957969
1.5515930522300607
0.7837127122575587
1.4147365304064066
1.9907351650287182
1.8925200755892488
0.6424750221393651
1.7821402006703637
1.8265286761595239
1.4785245029695926
1.0548923786620796
1.8202459269900162
1.9318032234297018
1.1436538071405935
1.1286845932543648
2.329222475008437
0.7412206485977242
0.6380903028152107
1.7377596359969283
1.0355616360604365
2.0754028485597633
2.1199443658015724
1.6459998879600404
2.416845318071365
1.795611481177779
1.0729503333510022
1.1921103740671792
0.847138889804335
2.357925619118693
1.9084711949543167
1.2229885666211102
1.3363564212410128
0.5924645570920022
1.1662895475114954
1.1611626210791182
0.7146247362008289
0.9414119079329601
1.6750082763859757
1.802769628625265
2.3733735207795448
1.9769818849582081
2.0629420523298956
0.5505781715119045
1.227661665340539
1.6232444288129975
1.4186586445016476
1.8876623009745774
1.0622676567922278
1.7550022495928792
0.561141251600116
1.6646269689785247
1.5847056522310927
0.8950411721241958
1.956215319567378
2.0211407480270256
2.048126394332094
1.5529435867530987
2.3260400333800435
1.692208170369845
0.8821329209372486
2.2193621003924155
1.3093120026581182
2.0455492835367792
0.9166837430305799
1.5052419476828136
2.4022893283030875
0.9036978292037747
0.9408008642476768
1.9274026859259714
1.5118076911871752
2.3249837633474586
0.6315128770183069
1.1683950936283822
1.144459696703015
1.0462170745853547
2.33636964639859
1.2722428733589326
1.3628661233421433
0.6071463757091826
0.9166806058976111
0.724724229575539
1.2002124953952362
2.3556257571375063
0.6562753941043971
1.9408602427049002
0.9781198992936924
1.6822534474567938
1.1824566302272923
1.5998322235945504
1.1513768413241185
1.3834199062875798
1.8693216009387015
2.1675643969442904
2.2949409556283507
0.7982632724656231
2.492491128870059
1.7894075381330343
1.4222575485275266
1.7533604550171351
0.9960595303312112
2.474495574189133
1.77874387404573
1.7261555351714666
1.2344746723364024
2.1711081719702214
0.9336356430141386
1.697285364500612
2.3113363933326676
1.5365255928951587
1.5874282921815404
2.155683075117667
1.1842610672656704
0.7663220779562216
1.203028348325646
1.5247194962529484
2.1488494228616846
0.536484532036819
1.668861583677449
0.5572529779322248
0.8912424600508022
2.2672486254525506
1.3432681167528693
1.6234882522913872
1.8893110242909734
0.8638656345654505
1.8310010720809886
1.724167728076396
1.9222652161827138
0.7242718453433643
1.1333351505400018
1.2864555995761326
2.3428432603965117
0.6836498140465854
1.535315870409506
0.6343940552439529
0.8448154827917378
0.6481055804906803
1.0659130149821763
2.4007304225160886
2.1929995703650196
1.8312731583120363
1.912106252366444
1.1733997087385972
0.6909142324095903
1.0286571191641007
1.4796905667359712
0.863787468582506
2.144892251292146
0.7680533535825402
1.7608969633232463
2.328282682163601
0.5942552101207355
1.3604102447440092
1.3739873070358264
1.5287456565851674
2.483754584672051
0.9294810961761573
2.079100566952439
2.354341374893602
1.2130759204472998
2.4488939227352287
1.1470213678345418
1.9562940028230729
0.5002593639006223
2.434465468541303
1.6654455363683527
0.7708262117036087
2.2061614911399237
1.5178629167925444
2.0687171615325317
1.8742908923929984
1.7309455104467695
1.0280191189913341
1.282768516856806
1.255422410924086
1.5304317990094656
0.8033675681398624
2.0722525069286384
2.4896121386040724
1.1258397173916388
1.6266426337323567
2.3639452406756636
1.3335370191591187
2.2417414918690217
2.10092482297377
1.1219756277275246
1.818307795129532
1.9010646024154516
2.022227556312491
2.067468174280066
0.8427018398135295
2.202060540773248
2.3897231718068763
2.160147614046232
0.9461888120863622
1.2137203280199158
2.3902740447771573
2.1592118219513425
0.7797564833266553
0.7967165436157069
2.218063686634181
1.1706461341108283
1.3925007769290993
2.1248998748188264
1.041603110820958
1.2512673040137747
1.0735377866671962
0.7093194479051519
1.501167695569771
0.8177972318332658
1.27736756387287
2.1988831353535763
2.0729992364912904
0.6449150964034436
0.5255287634034407
1.1808606740999055
0.5626545844753637
2.413344221803426
Rank 1: 200 simulations
Rank 2: 200 simulations
0.8661767504321118
1.184496661002409
2.3861329435563414
0.8857293405903828
1.5515493611792932
1.0022999615667523
0.6753007654281833
Rank 3: 200 simulations
0.6848329210248043
1.8455562678405493
0.7066704213295685
1.5076919766132695
1.4801312734954863
0.6234843463560682
2.1282842397402555
1.3735283620559962
0.5361114493273147
2.0831498904468777
0.6809833069299223
1.99429142827968
0.9952553150337642
Running 800 simulations with 4 MPI ranks
Rank 0: 200 simulations
