==========================================
Mass Fraction MPI Run
==========================================
Date:               Thu Sep 24 02:54:45 CDT 2026
Host:               ac031
Array job ID:       2158759
Array task ID:      2
MPI ranks:          4
CPUs per task:      1
Nodes allocated:    1
Python:             /scratch/user/u.hm357857/.conda/envs/comets/bin/python
Conda environment:  /scratch/user/u.hm357857/.conda/envs/comets
==========================================

1.3446081658918954
0.5064120042624467
1.8048555366187466
0.9917659234710714
1.3806609160808865
2.073616838118576
1.2652982078479704
0.7715415761944229
2.2809897596300774
2.19382325444686
2.2518092532440583
2.0079074667605274
1.6583273043510647
2.3569352047754903
1.0913107574439849
0.712927061119512
1.9117743694541012
2.4547467791992
0.8061241770829113
1.7341606178870241
2.2660574186020352
1.2949207970364807
1.3022994848497598
2.4320298552314945
0.9813906911762695
1.9358410675212792
0.6685249901481496
2.082544789732637
0.6916884895996613
0.9024707897625628
1.14584313110384
1.7991879126888373
1.317789063945451
1.0756366325245932
1.6860402856056775
1.8768591521777007
1.7413408357019942
2.317880567156453
1.5018322355045686
0.568349703013171
1.6602500649299776
1.8716993025685755
1.140228002805385
0.5899988683339139
2.195484402386364
1.149243406742809
1.879009648441239
1.5171221204709573
0.734764846937352
1.819509849067724
2.354784243932598
1.2025763861728367
1.9245162009707604
1.7524171798295733
0.641589097275846
1.1091995942737218
1.7966239446622614
1.875677402062724
0.8900981890046162
2.3084707019835067
1.057792480227004
1.8850505796625552
2.244408145359629
2.1101345933876763
2.45204832355276
1.4444094828253802
0.9718088391635051
2.121571738132472
0.5652253932757993
1.933696625252641
1.9700624016779689
0.5833532750021737
1.2868103969957259
0.5418491343455034
1.5241858299141384
0.8230965757762148
0.8958242980160065
1.9882196672735102
1.6146382206475007
0.8201616391720667
1.0680563784709511
0.9999433820328998
2.2650414732922384
1.1365313106669712
1.4833829766408622
2.421088412539543
1.6399167182301708
1.7284349241473986
0.9503981142449918
2.1407855644261167
0.8249518114476717
2.274346570134445
1.7335426819663742
1.7217925073000282
1.486864124932428
1.1274517631754257
2.3042182156410513
0.6002487353454482
0.8349336465844732
0.7883552198283255
0.5596084832264931
0.6727019422766396
1.6812870668308884
2.001921387139205
0.7240363890764838
0.9943545712278217
1.4850152496917337
1.7974782432858576
1.2962980034348195
0.5307019608089487
0.9038368015467395
0.6501741725895327
1.0949143093269813
1.454212818014932
1.7751422433869872
2.296686177866107
2.2900408008384323
0.5458275484707387
1.153404892085459
1.4600747778316079
1.0897386045820876
0.610995515253896
0.7242180854765403
0.9722524709601021
2.4857081649387864
1.108344987779203
1.7557507445277265
2.403710887371109
0.8640859337554798
0.9891474808816239
1.8032582644322495
1.1051651113692442
2.3638288959970746
2.2467264225451546
1.6367068753357503
1.3866244923845161
2.249804399939257
2.1283171490476747
1.8939566748520564
2.409995190747711
1.8279130880384173
1.5651571273435259
0.7894252907398227
0.9740320076677629
2.091798157495263
1.9953682989608952
0.817141150726969
2.373997419122896
1.8325006950703502
0.772520873809365
2.16243416757242
1.8335009979098382
1.3829986242895247
0.9646751114566783
2.4308601400030083
2.023096731540183
2.331550356331533
1.9397121397950383
1.4480103145389365
1.769646430715082
0.5959061470101168
2.271685399141394
1.4242132950559543
2.1508800321503014
1.451832172133097
0.8858116848775484
2.46160893732952
1.2185772547301534
0.7359525319160327
1.981091673162557
1.7403651035282595
1.1171335009773722
1.647052461035579
1.7710988180296103
0.8722961766497044
0.9969478671323504
1.1972905212628575
1.9558181608292462
2.0316189468490538
0.6773081045375342
1.4499675182755238
0.8080767883083493
0.8163493738637817
0.5444156469299841
1.8361696273873307
0.7440749817331649
0.8362494562425584
1.773748113681695
2.0690413681666344
2.2822778972282376
1.2745566379765279
1.53260250809694
1.2320351525061908
2.3118138809158104
1.1511797065175813
1.8557774794403767
2.010156884730071
2.1013052794049116
0.5721344912351993
0.580452237267165
1.9528555134684866
0.7672102958864655
0.7304037259120679
0.8085856891563967
1.5600396784563169
1.3765846180592196
1.7160694352080659
1.4155446532720046
2.4754943629954522
0.6345850578194754
1.3401906185189372
1.7171967051359975
0.8147906175903452
2.200383482957319
1.1680561352991419
2.1368777573471416
1.222742701785336
1.5943524553130706
1.9233730635171762
1.277626466750796
2.302035977573439
2.0347764335481564
0.5586477890624526
1.3920756595289476
1.358465355164358
2.225205442247911
1.2057095123235364
2.0286592329665387
1.3598273911614467
0.8377536904825165
1.3908243403698983
1.7729313499375765
0.5285938336478457
0.6291385956461379
2.1768548529957004
0.7949451996698149
2.1517927522988534
1.5678821394343718
2.4770455337002213
0.8471584983702363
2.414290888636808
2.3571738120005987
0.7450941144034189
2.1655803852047457
2.4371858476265693
0.8098654382521804
1.8356287863158354
2.2681764776703854
2.366405137010616
0.7920032186085761
1.219631795418716
0.7419315006516014
0.7388557320904829
0.5726252864781232
2.1265317655292533
2.4979105396471324
2.317227475349079
0.6387839783002056
0.6255473000412735
1.8775697610096564
1.536507578418535
2.4971538728778784
1.9138105020344973
0.8179753152885529
2.074296944035494
2.434352373524727
2.085346624667543
2.0069275644097315
0.7988640622605081
1.6677254785771678
1.2439121766351149
0.6803998256408532
2.1744113463028487
1.7027845825925623
1.7959401792823708
1.3730400832392107
2.148027883734552
1.6221195070416545
0.5687532208727331
0.7685712639025879
1.214603494000874
2.4711720626097415
0.5115466070872885
2.4328102549621122
1.8293750335309136
0.6345535373301909
2.021648252613058
2.4346656693964874
2.389226392138794
1.0070010267614187
1.378355054282745
1.7292806533754672
1.4422112308586845
1.5823976280696845
1.9092763906190313
2.3697078042882307
1.6827502653797144
0.6271666519908345
1.1578674577553598
1.9445675843540873
1.5195445991487886
0.9514417035791762
0.6689206416737588
1.8187711003009086
2.020584735953925
2.3847486541409832
2.3528555271372698
1.227051896309801
2.3959938537548355
0.9487485650851193
2.082600187567844
2.1468323176315973
1.3413254811493414
0.9587521194239368
1.3275008766209706
2.2463666139343044
1.5360381816681739
0.9392809872232535
2.2832329188108673
0.9137729927839422
0.7133541147481499
1.9563243404404014
0.7016251261267605
1.8026222805071817
0.9052507325319092
0.5167444411617226
0.9503552067556209
0.8528961226636145
2.3669028806668977
1.6588613983533373
1.3158880901021068
1.9675113680057152
1.2279956653009374
1.6314013000948029
1.943156658240464
2.2113146280804523
1.4923824634854883
1.8762638396217424
0.8920809199639637
1.3338233317315225
1.7173824528062849
1.4501882025650754
1.4532615017386177
0.8096140389108206
2.0806268627459517
0.5343683434046131
1.3732349166879663
1.2289255745965126
1.4030386003700028
1.7641559967191547
1.5655722552071205
1.2921507286614824
1.998885461485383
0.6068737210435404
1.5481139489234284
2.4640273336982705
0.747123210026905
1.4941917728717058
1.818624507219236
2.22609294499102
1.2510565211084559
2.3187165029695365
2.3862020981037193
0.8770655416623956
0.6571799364156754
2.2136562482864015
2.2933044325841463
2.2813506090061093
0.8894595062257469
1.319039802253331
1.754905164238528
2.228254142255665
1.6078115276084417
0.7470855689532174
1.8948863066944688
0.9633954148650679
0.7503913032730258
1.73077717107878
2.2299567212761904
1.0911716672109482
0.7809043290815239
2.4032379162978224
2.331248144974709
1.8584082162914197
2.069142658561682
2.22988559412459
2.414988854974471
1.0960957853285125
1.2886150354444914
2.304634283658804
1.9580407484917968
0.8122625162921782
2.2775879975209095
1.216022093661808
0.7744863236462962
1.6904930304924362
1.3070574630862068
2.0857545818250935
1.012123616458138
0.9976762004564299
2.12428776981959
0.6295974439146919
2.4532018222896768
1.4156785961028635
0.5320716076178837
1.2654952999105915
1.1402741683703692
0.5932981867992508
1.593130380122168
1.0635479837017752
2.144392150417609
1.6701447403531382
1.908512400375802
1.1772903486730044
1.1487906255335982
1.9736508083050022
1.9092967175277071
0.8406514927654478
2.496760961457467
2.4820754473055278
2.2084339972758125
0.6288649183382524
1.1996141569992076
1.8085614034968454
0.6090410616750064
1.6688158868869325
1.7158572634249967
2.160506973785842
1.8813968098138047
2.284715238864287
1.3791783937939897
2.1569963737638327
1.3396860326443423
1.4316662546282375
0.8219526183635766
0.565282797933556
1.0116596413730963
1.8608873772949333
0.9169129056556884
2.3760636815579774
1.859076878853242
1.4715577451606736
2.334045551323922
0.9379313395694202
0.7938155057728347
1.5562800254680644
2.1878620611894117
0.7126628066558001
2.067347116031759
2.2377676113380858
2.4405501256158804
0.5151444636260902
0.9297432338931517
1.2704693340967963
1.4174295943109645
1.9271921229219169
1.8917462351957333
0.5648100184823641
2.2210674492894964
2.4658929322737873
1.7421966064591925
2.1139872497914998
1.1992850321377446
2.3567587569075537
1.2091669184856892
2.1410332190823373
1.191205415483374
1.607454338908094
1.1279813359880198
2.3568434007829744
1.4029487310487303
1.2307450871437122
2.4997549519215054
1.5736386744484983
0.9034752652587723
2.4647451836028855
1.3004425347899808
1.1700307598001713
2.1318349439809037
2.1253580463648984
0.8694990415896702
1.4333733973175946
0.7301862601644045
1.541964114022703
2.4728183053200867
0.6198286074919517
2.4609200331028243
0.5517174409904424
1.1083267775227323
0.7894860857624293
2.3925679400755344
1.6860064389415985
0.6513615474523844
1.318423200048834
0.6516941532379272
2.038698931929007
0.9749751389051933
1.9709446001555233
1.969383650607946
2.088343931135153
1.7687589087744588
1.652406376642455
0.6605222055610522
2.07020371017878
0.9668306505765623
1.6748418012182016
1.4258072606318353
1.4455799171014942
2.1760026342932495
0.8010604725703894
1.6593725583397572
1.0745437995701
1.3167421610757053
1.3413411093410736
1.7329098567417338
2.4791583270259654
2.4594876748993375
0.5495877138859637
1.9522538361821067
0.9741392511517475
1.6372030972072407
1.6838502418186012
2.057102228716614
1.742289768303672
1.5575900679816221
0.9301513627345788
0.8805884330903169
1.0584691921260245
1.2193072999782861
0.8900558339750044
2.0026897658010663
1.9364185525356385
2.334704599477548
1.5580541042666296
2.1078176634648003
1.4671594141172843
0.7896307432396699
0.9006048554909576
2.301590786113315
1.051760295408889
1.5393171228664797
0.8586705500248526
1.71043311485739
2.265269870532077
1.5572409213121943
1.057010605751339
1.9408824579319266
1.4424483793008829
1.4388460975802835
1.5488724344711018
2.024851985353526
2.377678045827899
1.0727986267707672
2.018010250494801
0.7111227590005866
2.067583017253552
1.4604457219512366
1.5635993815485434
0.8806497846435783
1.2906618847285236
0.8657627618003321
0.9422534287514417
1.3020872588704198
0.8122688854527345
1.2939245336585152
2.020703169133185
2.3756578441368825
2.1365099601849495
2.145682252773639
0.8782035091474676
1.9023125237102483
2.0336729012121477
1.2103991687096958
1.53142172115775
2.1681594849416035
1.8290525028122722
0.8676239164000823
0.9074888146009512
0.6665966270068377
1.6012552804359235
2.1994779368911894
2.3120172656555056
1.7346731371176836
2.40840458857588
1.9912009132120947
1.4184325760169607
1.909028279238562
1.8386249193039421
1.4664520766394031
0.6519142759771142
2.319018167129822
0.653328589193326
0.9014981683591134
0.7180846401590837
0.9234902451148916
1.3110794097125547
1.9560016903983484
2.280344420264392
1.7957690985367012
2.1987491277813906
2.1628562802460047
0.8383953795399706
1.5962421311402593
2.4500469615594183
0.8350760050128161
1.2912369958179242
0.8824253210578006
2.1488396323064762
2.4404632750356736
2.150029035850241
1.1937640589027934
0.8848160182857299
0.6087093704915063
2.242950397580241
2.156735858312196
0.9437510383472196
2.2071605898358633
2.1158432264909335
0.8878900951957882
0.762018929736612
0.6516517357940612
0.9720548830408218
1.2463319365695529
2.337489020942706
0.6883067669890424
2.4579119258606568
1.8823193237569051
0.9538525606194723
0.7420374817871893
1.5550372003857535
1.3109690887621424
0.7555456449681313
1.1485918134533533
1.6881423886242026
0.8677371321075635
1.243714832685418
0.8087859889771476
2.1209536858297593
1.3821114076570415
1.4237839879539202
1.9328087786717316
1.8303436018696462
1.4064926490612328
0.770834885756051
1.0302347433818848
1.5543151265012582
1.6762988105560264
1.9244525463536983
2.0431724343403257
0.7474048649208764
1.7147372742649538
0.9315810247495033
1.3715009794116477
1.2558550568578257
1.2745700831982756
0.7435884687734073
0.6698368827297685
1.0788275367383908
0.7750679372759752
0.8200133322974024
1.4312964606300629
1.8543092059485076
0.9909009021661082
0.6111849724235419
1.8192972259081357
0.9502616602146661
0.7488338227527251
1.4739603101941756
0.7550779009087014
1.1304844220879116
2.3984067953579977
1.8884636769525798
2.389006805100818
1.9644522201711005
0.9681913242340543
1.839924915349223
2.299301734627316
1.4925519572969193
1.0222609703256058
2.0785023409135306
0.8388946925287035
1.3543824196721814
1.919882314774992
0.5204347168556998
0.6341378557618556
0.9098199699246023
1.1954740811184918
1.5728476343428943
2.3631591042013644
2.3450264454989718
2.0183027889380245
1.037016965428429
1.851990619273437
1.9888105068366948
1.0301918847376859
0.6729128554510524
1.30707835808033
0.7751141920180404
1.2389385819043401
1.1306520418253498
1.5333497877264928
0.8009120757245314
1.123835568490371
2.3636130032092915
1.5074703775731089
0.9849677129201808
1.022392568789029
0.7705904723833783
1.47608002239066
1.5762335702200445
1.7341984673906363
2.1615489892416795
1.4839701887228356
1.6386050005677737
1.4755968604966498
0.7976403180448806
0.6313468420338899
1.3723117838667234
2.337670809126779
0.5689875652383314
0.8836533187056936
2.1084141696207004
2.0413581736034194
1.4380095945271094
1.3189971354468057
1.3799600964759977
1.0667970612987954
0.7391790538895471
0.7622193522505059
0.9020907517444594
1.8685849896823536
2.3951404413419737
0.9499711350366462
1.1178298671229818
0.9559549978227428
2.4394404358495185
1.5153421000312244
2.4930067768057924
2.202847369901484
1.7609020007461162
1.1357102599496773
0.5174221395834329
2.121994966925193
1.2605265462139683
0.7326261910339598
1.9815324150040947
1.377261704691594
2.2495491737811966
0.8816951062218898
2.3198788904507213
0.948039314109862
2.441284010688356
1.480787166387451
1.9699334977718517
1.0444366736825708
2.0955037862779133
1.916332413021173
2.364633222515307
1.1053948959560358
1.9697285967995553
2.3788772248374417
1.2469227226343664
0.864786451492952
0.6454552524525512
1.017437975075657
2.0338464762436343
1.715335373122496
2.2181701312453814
2.3007126030300133
2.408099412223208
2.3519347545623437
1.1981308045571808
2.42849164866703
2.0063483090976826
0.5392677732985185
1.1423582116358628
1.3999230326795888
1.1720527429395728
2.1829758137835196
2.221486647017539
1.021809594241027
1.3399675958631052
1.870224946145377
0.7101534314057873
2.121797679168532
1.328512710249507
1.5396689195641307
0.6495200900691387
0.5225138562051643
1.5501031515379309
1.23268743509102
1.649554398999542
1.0277974244044126
1.4785656770674611
Rank 2: 200 simulations
2.2759284117321137
1.2058078349960024
2.2933459684091586
Rank 3: 200 simulations
1.218036186016386
2.4533776567221057
0.878612550007309
Running 800 simulations with 4 MPI ranks
Rank 0: 200 simulations
Rank 1: 200 simulations
t=95880  fraction=0.19875  peak_slope=6.758e-06  t_peak=47940  comparison cadence=95880  difference=0.19875  below=0/3
t=96878  fraction=0.20625  peak_slope=6.758e-06  t_peak=47940  comparison cadence=95880  difference=0.20625  below=0/3
t=97877  fraction=0.21125  peak_slope=6.758e-06  t_peak=47940  comparison cadence=95880  difference=0.21125  below=0/3
t=98876  fraction=0.21250  peak_slope=6.758e-06  t_peak=47940  comparison cadence=95880  difference=0.21250  below=0/3
t=99875  fraction=0.21500  peak_slope=6.758e-06  t_peak=47940  comparison cadence=95880  difference=0.21500  below=0/3
t=100873  fraction=0.21625  peak_slope=6.758e-06  t_peak=47940  comparison cadence=95880  difference=0.21625  below=0/3
t=101872  fraction=0.21625  peak_slope=6.758e-06  t_peak=47940  comparison cadence=95880  difference=0.21625  below=0/3
t=102871  fraction=0.22000  peak_slope=6.758e-06  t_peak=47940  comparison cadence=95880  difference=0.22000  below=0/3
t=103870  fraction=0.22250  peak_slope=6.758e-06  t_peak=47940  comparison cadence=95880  difference=0.22250  below=0/3
t=104868  fraction=0.22250  peak_slope=6.758e-06  t_peak=47940  comparison cadence=95880  difference=0.22250  below=0/3
t=105867  fraction=0.22375  peak_slope=6.758e-06  t_peak=47940  comparison cadence=95880  difference=0.22375  below=0/3
t=106866  fraction=0.22500  peak_slope=6.758e-06  t_peak=47940  comparison cadence=95880  difference=0.22500  below=0/3
t=107865  fraction=0.22625  peak_slope=6.758e-06  t_peak=47940  comparison cadence=95880  difference=0.22625  below=0/3
t=108863  fraction=0.23125  peak_slope=6.758e-06  t_peak=47940  comparison cadence=95880  difference=0.23125  below=0/3
t=109862  fraction=0.23375  peak_slope=6.758e-06  t_peak=47940  comparison cadence=95880  difference=0.23375  below=0/3
t=110861  fraction=0.23375  peak_slope=6.758e-06  t_peak=47940  comparison cadence=95880  difference=0.23375  below=0/3
t=111860  fraction=0.23625  peak_slope=6.758e-06  t_peak=47940  comparison cadence=95880  difference=0.23625  below=0/3
t=112858  fraction=0.23750  peak_slope=6.758e-06  t_peak=47940  comparison cadence=95880  difference=0.23750  below=0/3
t=113857  fraction=0.23875  peak_slope=6.758e-06  t_peak=47940  comparison cadence=95880  difference=0.23875  below=0/3
t=114856  fraction=0.24000  peak_slope=6.758e-06  t_peak=47940  comparison cadence=95880  difference=0.24000  below=0/3
t=115855  fraction=0.24125  peak_slope=6.758e-06  t_peak=47940  comparison cadence=95880  difference=0.24125  below=0/3
t=116853  fraction=0.24250  peak_slope=6.758e-06  t_peak=47940  comparison cadence=95880  difference=0.24250  below=0/3
t=117852  fraction=0.24375  peak_slope=6.758e-06  t_peak=47940  comparison cadence=95880  difference=0.24375  below=0/3
t=118851  fraction=0.24500  peak_slope=6.758e-06  t_peak=47940  comparison cadence=95880  difference=0.24500  below=0/3
t=119850  fraction=0.24625  peak_slope=6.758e-06  t_peak=47940  comparison cadence=95880  difference=0.24625  below=0/3
t=120848  fraction=0.24750  peak_slope=6.758e-06  t_peak=47940  comparison cadence=95880  difference=0.24750  below=0/3
t=121847  fraction=0.24750  peak_slope=6.758e-06  t_peak=47940  comparison cadence=95880  difference=0.24750  below=0/3
t=122846  fraction=0.25250  peak_slope=6.758e-06  t_peak=47940  comparison cadence=95880  difference=0.25250  below=0/3
t=123845  fraction=0.25250  peak_slope=6.758e-06  t_peak=47940  comparison cadence=95880  difference=0.25250  below=0/3
t=124843  fraction=0.25500  peak_slope=6.758e-06  t_peak=47940  comparison cadence=95880  difference=0.25500  below=0/3
t=125842  fraction=0.25875  peak_slope=6.758e-06  t_peak=47940  comparison cadence=95880  difference=0.25875  below=0/3
t=126841  fraction=0.26125  peak_slope=6.758e-06  t_peak=47940  comparison cadence=95880  difference=0.26000  below=0/3
t=127840  fraction=0.26125  peak_slope=6.758e-06  t_peak=47940  comparison cadence=95880  difference=0.26000  below=0/3
t=128838  fraction=0.26125  peak_slope=6.758e-06  t_peak=47940  comparison cadence=95880  difference=0.26000  below=0/3
t=129837  fraction=0.26250  peak_slope=6.758e-06  t_peak=47940  comparison cadence=95880  difference=0.26125  below=0/3
t=130836  fraction=0.26375  peak_slope=6.758e-06  t_peak=47940  comparison cadence=95880  difference=0.26250  below=0/3
t=131835  fraction=0.26375  peak_slope=6.758e-06  t_peak=47940  comparison cadence=95880  difference=0.26250  below=0/3
t=132833  fraction=0.26500  peak_slope=6.758e-06  t_peak=47940  comparison cadence=95880  difference=0.26250  below=0/3
t=133832  fraction=0.26500  peak_slope=6.758e-06  t_peak=47940  comparison cadence=95880  difference=0.26125  below=0/3
t=134831  fraction=0.26625  peak_slope=6.758e-06  t_peak=47940  comparison cadence=95880  difference=0.26250  below=0/3
t=135830  fraction=0.26875  peak_slope=6.758e-06  t_peak=47940  comparison cadence=95880  difference=0.26000  below=0/3
t=136828  fraction=0.27125  peak_slope=6.758e-06  t_peak=47940  comparison cadence=95880  difference=0.26125  below=0/3
t=137827  fraction=0.27250  peak_slope=6.758e-06  t_peak=47940  comparison cadence=95880  difference=0.25875  below=0/3
t=138826  fraction=0.27250  peak_slope=6.758e-06  t_peak=47940  comparison cadence=95880  difference=0.25750  below=0/3
t=139824  fraction=0.27625  peak_slope=6.758e-06  t_peak=47940  comparison cadence=95880  difference=0.25625  below=0/3
t=140823  fraction=0.27875  peak_slope=6.758e-06  t_peak=47940  comparison cadence=95880  difference=0.25250  below=0/3
t=141822  fraction=0.27875  peak_slope=6.758e-06  t_peak=47940  comparison cadence=95880  difference=0.24625  below=0/3
t=142821  fraction=0.27875  peak_slope=6.758e-06  t_peak=47940  comparison cadence=95880  difference=0.23750  below=0/3
t=143819  fraction=0.27875  peak_slope=6.758e-06  t_peak=47940  comparison cadence=95880  difference=0.23000  below=0/3
t=144818  fraction=0.28000  peak_slope=6.758e-06  t_peak=47940  comparison cadence=95880  difference=0.23125  below=0/3
t=145817  fraction=0.28125  peak_slope=6.758e-06  t_peak=47940  comparison cadence=95880  difference=0.22875  below=0/3
t=146816  fraction=0.28125  peak_slope=6.758e-06  t_peak=47940  comparison cadence=95880  difference=0.22500  below=0/3
t=147814  fraction=0.28375  peak_slope=6.758e-06  t_peak=47940  comparison cadence=95880  difference=0.22125  below=0/3
t=148813  fraction=0.28625  peak_slope=6.758e-06  t_peak=47940  comparison cadence=95880  difference=0.21625  below=0/3
t=149812  fraction=0.28625  peak_slope=6.758e-06  t_peak=47940  comparison cadence=95880  difference=0.21250  below=0/3
t=150811  fraction=0.29000  peak_slope=6.758e-06  t_peak=47940  comparison cadence=95880  difference=0.21500  below=0/3
t=151809  fraction=0.29125  peak_slope=6.758e-06  t_peak=47940  comparison cadence=95880  difference=0.21375  below=0/3
t=152808  fraction=0.29125  peak_slope=6.758e-06  t_peak=47940  comparison cadence=95880  difference=0.21000  below=0/3
t=153807  fraction=0.29125  peak_slope=6.758e-06  t_peak=47940  comparison cadence=95880  difference=0.20500  below=0/3
t=154806  fraction=0.29250  peak_slope=6.758e-06  t_peak=47940  comparison cadence=95880  difference=0.20000  below=0/3
t=155804  fraction=0.29375  peak_slope=6.758e-06  t_peak=47940  comparison cadence=95880  difference=0.20000  below=0/3
t=156803  fraction=0.29375  peak_slope=6.758e-06  t_peak=47940  comparison cadence=95880  difference=0.19875  below=0/3
t=157802  fraction=0.29375  peak_slope=6.758e-06  t_peak=47940  comparison cadence=95880  difference=0.19125  below=0/3
t=158801  fraction=0.29375  peak_slope=6.758e-06  t_peak=47940  comparison cadence=95880  difference=0.18750  below=0/3
t=159799  fraction=0.29500  peak_slope=6.758e-06  t_peak=47940  comparison cadence=95880  difference=0.18375  below=0/3
t=160798  fraction=0.29500  peak_slope=6.758e-06  t_peak=47940  comparison cadence=95880  difference=0.17500  below=0/3
t=161797  fraction=0.29500  peak_slope=6.758e-06  t_peak=47940  comparison cadence=95880  difference=0.17125  below=0/3
t=162796  fraction=0.29500  peak_slope=6.758e-06  t_peak=47940  comparison cadence=95880  difference=0.16750  below=0/3
t=163794  fraction=0.29500  peak_slope=6.758e-06  t_peak=47940  comparison cadence=95880  difference=0.15875  below=0/3
t=164793  fraction=0.29500  peak_slope=6.758e-06  t_peak=47940  comparison cadence=95880  difference=0.15625  below=0/3
t=165792  fraction=0.29625  peak_slope=6.758e-06  t_peak=47940  comparison cadence=95880  difference=0.15625  below=0/3
t=166791  fraction=0.29750  peak_slope=6.758e-06  t_peak=47940  comparison cadence=95880  difference=0.15625  below=0/3
t=167789  fraction=0.29875  peak_slope=6.758e-06  t_peak=47940  comparison cadence=95880  difference=0.15500  below=0/3
t=168788  fraction=0.29875  peak_slope=6.758e-06  t_peak=47940  comparison cadence=95880  difference=0.15125  below=0/3
t=169787  fraction=0.30000  peak_slope=6.758e-06  t_peak=47940  comparison cadence=95880  difference=0.15125  below=0/3
t=170786  fraction=0.30000  peak_slope=6.758e-06  t_peak=47940  comparison cadence=95880  difference=0.14750  below=0/3
t=171784  fraction=0.30000  peak_slope=6.758e-06  t_peak=47940  comparison cadence=95880  difference=0.14250  below=0/3
t=172783  fraction=0.30125  peak_slope=6.758e-06  t_peak=47940  comparison cadence=95880  difference=0.14250  below=0/3
t=173782  fraction=0.30125  peak_slope=6.758e-06  t_peak=47940  comparison cadence=95880  difference=0.14000  below=0/3
t=174781  fraction=0.30125  peak_slope=6.758e-06  t_peak=47940  comparison cadence=95880  difference=0.13750  below=0/3
t=175779  fraction=0.30125  peak_slope=6.758e-06  t_peak=47940  comparison cadence=95880  difference=0.13375  below=0/3
t=176778  fraction=0.30250  peak_slope=6.758e-06  t_peak=47940  comparison cadence=95880  difference=0.13375  below=0/3
t=177777  fraction=0.30375  peak_slope=6.758e-06  t_peak=47940  comparison cadence=95880  difference=0.13125  below=0/3
t=178776  fraction=0.30375  peak_slope=6.758e-06  t_peak=47940  comparison cadence=95880  difference=0.13125  below=0/3
t=179774  fraction=0.30500  peak_slope=6.758e-06  t_peak=47940  comparison cadence=95880  difference=0.13000  below=0/3
t=180773  fraction=0.30625  peak_slope=6.758e-06  t_peak=47940  comparison cadence=95880  difference=0.13125  below=0/3
t=181772  fraction=0.30625  peak_slope=6.758e-06  t_peak=47940  comparison cadence=95880  difference=0.13000  below=0/3
t=182771  fraction=0.30750  peak_slope=6.758e-06  t_peak=47940  comparison cadence=95880  difference=0.13000  below=0/3
t=183769  fraction=0.30750  peak_slope=6.758e-06  t_peak=47940  comparison cadence=95880  difference=0.12750  below=0/3
t=184768  fraction=0.30875  peak_slope=6.758e-06  t_peak=47940  comparison cadence=95880  difference=0.12500  below=0/3
t=185767  fraction=0.31000  peak_slope=6.758e-06  t_peak=47940  comparison cadence=95880  difference=0.12250  below=0/3
t=186766  fraction=0.31000  peak_slope=6.758e-06  t_peak=47940  comparison cadence=95880  difference=0.12000  below=0/3
t=187764  fraction=0.31000  peak_slope=6.758e-06  t_peak=47940  comparison cadence=95880  difference=0.12000  below=0/3
t=188763  fraction=0.31125  peak_slope=6.758e-06  t_peak=47940  comparison cadence=95880  difference=0.11875  below=0/3
t=189762  fraction=0.31125  peak_slope=6.758e-06  t_peak=47940  comparison cadence=95880  difference=0.11500  below=0/3
t=190761  fraction=0.31125  peak_slope=6.758e-06  t_peak=47940  comparison cadence=95880  difference=0.11500  below=0/3
t=191759  fraction=0.31250  peak_slope=6.758e-06  t_peak=47940  comparison cadence=95880  difference=0.11375  below=0/3
t=192758  fraction=0.31250  peak_slope=6.758e-06  t_peak=47940  comparison cadence=95880  difference=0.10625  below=0/3
t=193757  fraction=0.31250  peak_slope=6.758e-06  t_peak=47940  comparison cadence=95880  difference=0.10125  below=0/3
t=194756  fraction=0.31250  peak_slope=6.758e-06  t_peak=47940  comparison cadence=95880  difference=0.10000  below=0/3
t=195754  fraction=0.31250  peak_slope=6.758e-06  t_peak=47940  comparison cadence=95880  difference=0.09750  below=0/3
t=196753  fraction=0.31250  peak_slope=6.758e-06  t_peak=47940  comparison cadence=95880  difference=0.09625  below=0/3
t=197752  fraction=0.31250  peak_slope=6.758e-06  t_peak=47940  comparison cadence=95880  difference=0.09625  below=0/3
t=198751  fraction=0.31375  peak_slope=6.758e-06  t_peak=47940  comparison cadence=95880  difference=0.09375  below=0/3
t=199749  fraction=0.31375  peak_slope=6.758e-06  t_peak=47940  comparison cadence=95880  difference=0.09125  below=0/3
t=200748  fraction=0.31750  peak_slope=6.758e-06  t_peak=47940  comparison cadence=95880  difference=0.09500  below=0/3
t=201747  fraction=0.31750  peak_slope=6.758e-06  t_peak=47940  comparison cadence=95880  difference=0.09375  below=0/3
t=202746  fraction=0.31875  peak_slope=6.758e-06  t_peak=47940  comparison cadence=95880  difference=0.09375  below=0/3
t=203744  fraction=0.32000  peak_slope=6.758e-06  t_peak=47940  comparison cadence=95880  difference=0.09375  below=0/3
t=204743  fraction=0.32000  peak_slope=6.758e-06  t_peak=47940  comparison cadence=95880  difference=0.08875  below=0/3
t=205742  fraction=0.32000  peak_slope=6.758e-06  t_peak=47940  comparison cadence=95880  difference=0.08625  below=0/3
t=206741  fraction=0.32000  peak_slope=6.758e-06  t_peak=47940  comparison cadence=95880  difference=0.08625  below=0/3
t=207739  fraction=0.32000  peak_slope=6.758e-06  t_peak=47940  comparison cadence=95880  difference=0.08375  below=0/3
t=208738  fraction=0.32125  peak_slope=6.758e-06  t_peak=47940  comparison cadence=95880  difference=0.08375  below=0/3
t=209737  fraction=0.32125  peak_slope=6.758e-06  t_peak=47940  comparison cadence=95880  difference=0.08250  below=0/3
t=210735  fraction=0.32125  peak_slope=6.758e-06  t_peak=47940  comparison cadence=95880  difference=0.08125  below=0/3
t=211734  fraction=0.32250  peak_slope=6.758e-06  t_peak=47940  comparison cadence=95880  difference=0.08125  below=0/3
t=212733  fraction=0.32250  peak_slope=6.758e-06  t_peak=47940  comparison cadence=95880  difference=0.08000  below=0/3
t=213732  fraction=0.32250  peak_slope=6.758e-06  t_peak=47940  comparison cadence=95880  difference=0.07875  below=0/3
t=214730  fraction=0.32375  peak_slope=6.758e-06  t_peak=47940  comparison cadence=95880  difference=0.07875  below=0/3
t=215729  fraction=0.32375  peak_slope=6.758e-06  t_peak=47940  comparison cadence=95880  difference=0.07750  below=0/3
t=216728  fraction=0.32375  peak_slope=6.758e-06  t_peak=47940  comparison cadence=95880  difference=0.07625  below=0/3
t=217727  fraction=0.32375  peak_slope=6.758e-06  t_peak=47940  comparison cadence=95880  difference=0.07625  below=0/3
t=218725  fraction=0.32375  peak_slope=6.758e-06  t_peak=47940  comparison cadence=95880  difference=0.07125  below=0/3
t=219724  fraction=0.32375  peak_slope=6.758e-06  t_peak=47940  comparison cadence=95880  difference=0.07125  below=0/3
t=220723  fraction=0.32375  peak_slope=6.758e-06  t_peak=47940  comparison cadence=95880  difference=0.06875  below=0/3
t=221722  fraction=0.32500  peak_slope=6.758e-06  t_peak=47940  comparison cadence=95880  difference=0.06625  below=0/3
t=222720  fraction=0.32500  peak_slope=6.758e-06  t_peak=47940  comparison cadence=95880  difference=0.06375  below=0/3
t=223719  fraction=0.32625  peak_slope=6.758e-06  t_peak=47940  comparison cadence=95880  difference=0.06500  below=0/3
t=224718  fraction=0.32625  peak_slope=6.758e-06  t_peak=47940  comparison cadence=95880  difference=0.06500  below=0/3
t=225717  fraction=0.32625  peak_slope=6.758e-06  t_peak=47940  comparison cadence=95880  difference=0.06375  below=0/3
t=226715  fraction=0.32875  peak_slope=6.758e-06  t_peak=47940  comparison cadence=95880  difference=0.06500  below=0/3
t=227714  fraction=0.33000  peak_slope=6.758e-06  t_peak=47940  comparison cadence=95880  difference=0.06625  below=0/3
t=228713  fraction=0.33125  peak_slope=6.758e-06  t_peak=47940  comparison cadence=95880  difference=0.06625  below=0/3
t=229712  fraction=0.33250  peak_slope=6.758e-06  t_peak=47940  comparison cadence=95880  difference=0.06750  below=0/3
t=230710  fraction=0.33250  peak_slope=6.758e-06  t_peak=47940  comparison cadence=95880  difference=0.06625  below=0/3
t=231709  fraction=0.33250  peak_slope=6.758e-06  t_peak=47940  comparison cadence=95880  difference=0.06375  below=0/3
t=232708  fraction=0.33250  peak_slope=6.758e-06  t_peak=47940  comparison cadence=95880  difference=0.06125  below=0/3
t=233707  fraction=0.33250  peak_slope=6.758e-06  t_peak=47940  comparison cadence=95880  difference=0.06000  below=0/3
t=234705  fraction=0.33250  peak_slope=6.758e-06  t_peak=47940  comparison cadence=95880  difference=0.06000  below=0/3
t=235704  fraction=0.33250  peak_slope=6.758e-06  t_peak=47940  comparison cadence=95880  difference=0.05625  below=0/3
t=236703  fraction=0.33375  peak_slope=6.758e-06  t_peak=47940  comparison cadence=95880  difference=0.05500  below=0/3
t=237702  fraction=0.33375  peak_slope=6.758e-06  t_peak=47940  comparison cadence=95880  difference=0.05500  below=0/3
t=238700  fraction=0.33375  peak_slope=6.758e-06  t_peak=47940  comparison cadence=95880  difference=0.05500  below=0/3
t=239699  fraction=0.33375  peak_slope=6.758e-06  t_peak=47940  comparison cadence=95880  difference=0.05500  below=0/3
t=240698  fraction=0.33625  peak_slope=6.758e-06  t_peak=47940  comparison cadence=95880  difference=0.05625  below=0/3
t=241697  fraction=0.33750  peak_slope=6.758e-06  t_peak=47940  comparison cadence=95880  difference=0.05625  below=0/3
t=242695  fraction=0.33750  peak_slope=6.758e-06  t_peak=47940  comparison cadence=95880  difference=0.05625  below=0/3
t=243694  fraction=0.33750  peak_slope=6.758e-06  t_peak=47940  comparison cadence=95880  difference=0.05375  below=0/3
t=244693  fraction=0.33750  peak_slope=6.758e-06  t_peak=47940  comparison cadence=95880  difference=0.05125  below=0/3
t=245692  fraction=0.33750  peak_slope=6.758e-06  t_peak=47940  comparison cadence=95880  difference=0.05125  below=0/3
t=246690  fraction=0.33750  peak_slope=6.758e-06  t_peak=47940  comparison cadence=95880  difference=0.04750  below=1/3
t=247689  fraction=0.33750  peak_slope=6.758e-06  t_peak=47940  comparison cadence=95880  difference=0.04625  below=2/3
t=248688  fraction=0.33875  peak_slope=6.758e-06  t_peak=47940  comparison cadence=95880  difference=0.04750  below=3/3
Stopping at t=248687.85806515688
Saved 522 remaining particles to /scratch/group/p.phy260085.000//Mass_Fraction/Outputs/Ejection_Results/remaining_particles_2158759_2.csv
