==========================================
Mass Fraction MPI Run
==========================================
Date:               Thu Sep 24 12:20:16 CDT 2026
Host:               ac003
Array job ID:       2158759
Array task ID:      4
MPI ranks:          4
CPUs per task:      1
Nodes allocated:    2
Python:             /scratch/user/u.hm357857/.conda/envs/comets/bin/python
Conda environment:  /scratch/user/u.hm357857/.conda/envs/comets
==========================================

0.5962421799553044
1.5729322032415223
1.7476249273008289
0.6072450561130915
1.9971426807601416
2.3246430042453063
1.5241256094983107
0.8413587730235115
0.9007877291061561
2.281050305690207
2.0064575930899435
1.0729680182688441
2.0108227859436347
0.5659346712815005
0.8975590342888644
1.5347772316516923
2.4040855563620083
0.6608100274021669
2.471004552354943
2.1630325925377325
0.6474486864101905
2.2505129664011045
1.0732961168218276
2.370078308384904
1.5989152864968172
1.4184552463818616
2.117205149733821
1.9126246335118562
2.0572734014010785
1.310713842874635
1.4719921921268555
1.5501929898901874
1.7612977055066863
1.420416062990799
1.5520533681774218
2.165572205479678
2.1118978948501903
1.905426060172971
0.9957883714145213
2.193171854491851
2.269679786604245
0.7362654980234558
0.5624395098495902
0.8951003126903274
1.330965263324579
0.7238768064256871
2.156541375059186
2.1187822684501203
2.4605987372821567
2.4670243542876493
1.6043929539988722
0.8708078168357876
1.773120148010724
1.603064542730127
1.7461519978701832
0.8401080968767354
1.4407590274085844
1.7012375162269442
1.003393706394058
2.3669698020373326
1.7705158120735491
1.8013012197598761
1.6584839840793528
1.4748147537585268
1.2557030273952934
1.9069400789015023
0.9914585594797727
1.2942841809585741
0.6453191700514518
1.1172360467189781
2.456975521428782
0.9569033042177202
1.5648788131166709
1.28626633133198
2.156412735726782
2.0668467420760406
1.174495568793622
1.346695774330624
0.6070746209415092
0.5458495675181514
1.682806484303372
0.7724338145260259
1.6828976556072268
0.9736406047418948
0.6225931505793205
2.159513631488127
1.1658272808973948
1.8400424265064306
1.8239583375393922
0.7559272776932564
1.5369139337129483
1.9373306034997742
1.0616675015134007
1.5034804811912112
1.0643011552949353
1.7138672123218166
1.5443615069742522
1.5794785876837325
2.4667632835798834
0.6671291022379837
1.1653321932609781
0.922019850071385
1.3035633060680927
1.1824309038450913
2.3849719824876763
0.8540316264711032
1.7024033555741902
0.9568093741220365
0.6242643278798587
2.465106517933262
1.4346881922314345
1.9339484736825452
2.0669620543815945
1.444077878137609
1.9416789687817202
2.013884076244673
1.4528271090746523
2.065982201353946
1.7096288894623195
1.8340877571682772
1.4172371237722106
1.3739716337501415
0.6021280207621744
0.9401996795739407
1.3917113657589586
1.3586551788645342
1.1352807346531857
0.520827280818088
1.522790911489081
1.717163067709849
0.5821908356476859
2.1535757374900655
1.7263287772491704
0.8155083319499068
1.5083848243928362
1.2195200419719223
2.1511188825194516
1.4802386759831792
2.1152400478243227
1.7328698968508547
0.9504031025864184
1.7908560287429172
0.8317668519516386
1.9654539107775073
2.0644486007270384
1.6415168476478217
0.927386402923398
1.6684005662129604
0.6541287801972022
1.6509025869097023
2.1511677605994515
0.9640257041383091
1.443106186872528
2.366548558189198
0.5040451643018675
1.0322089568587605
1.1448230946169446
0.5132269259715323
1.296181626222658
1.6867068876992024
0.9216052894745363
2.0827312328140555
2.410779348125737
0.7051110993020986
1.6080538892478557
1.4812528939817229
2.1501036080394975
0.6318008628412259
2.493074009393328
2.059600508243613
1.772109637153463
1.7984015445061539
1.105577181921122
0.9462443626981272
0.695492867357616
2.495777421876448
0.5851569449007206
2.069106677057718
1.776662532759341
2.4902136693905685
1.7477644231779375
2.157798815395025
2.326888372526698
1.396065574692427
1.922728955132096
1.1298071595900385
0.9636789166972546
1.7447015729618316
1.2852355557463346
2.1514537779814105
1.5979781770266634
2.2408191719299193
2.1200224776269803
1.4342001814274201
1.541187287098627
1.125506283448519
2.3489765082088017
1.2111792878409302
1.3961150610779138
0.9898794079269095
2.0390620087133655
1.0957650090694435
2.356722634903632
0.5291720189500917
2.024128660264351
0.8231942412991675
2.1360606783006943
2.136804246438622
1.031974654037321
1.5310231444916556
1.0744851398949802
1.1183075121530905
2.1378407265991024
1.1351039587968093
1.4268246941030478
1.4118170610483574
0.936424485549125
2.2952035782486417
2.1438128614895344
1.8257628095064615
1.6211600046224026
2.1708143746513255
2.3202194239551206
2.2528924582268557
1.383456635375951
1.7817831818077452
1.8424897049968807
2.481586077071376
0.6004231987847706
2.231673841097794
1.6987652714248294
2.1696945528307454
1.8459130453366333
2.1364912963740186
0.7146179025029624
1.4578113109262507
0.5373745240844867
2.2483194377789224
1.1720675134988443
1.6759110752339585
2.400286038827339
1.598915349100492
1.6333788709037809
2.4441536512858537
2.3485281455006657
1.6160228034356665
2.3057777873235823
2.2092125380776073
2.099293229577783
1.270344914200074
2.1348126534891225
1.1520861246828316
1.404037936422847
1.3030273237085852
1.079361691952882
2.2791997703189586
0.905448980102278
1.5373253613202977
2.1167790512594875
0.722159404628185
1.1795814760553072
0.9833760717302844
1.058866578633155
1.080697176767946
1.5918450709437084
1.3725804612641768
1.4496029516762612
1.509121592967465
2.074177481524678
2.1264613528386
1.3003899529580853
0.5610078657180675
0.7780140136517857
1.1190466584754937
0.7074585378164286
2.119581787696376
2.4980387208170463
1.503628623385276
1.296556779132642
1.3527603106277624
2.3423152086797816
0.9535190034398573
0.5022192210685326
2.179378931213723
1.6321713274974428
2.178216446706941
1.9011841195561552
2.4888749503686256
1.2852040606671542
0.5293952207082588
0.9727173217894871
0.6571999917584481
2.2644388553693364
0.82603097239571
1.3019499709207314
0.8617145767244396
0.9771849892501805
1.2942104970081407
0.5401934954846364
0.9308872677530313
1.2855844085563464
1.103699746931411
2.3267108004274113
0.5227746198103898
1.4374437516233338
1.4546371802070666
0.8763688296575085
1.9034658435327785
2.499994783319431
0.5190294009052272
0.5672916732967714
1.5959823944374913
0.9109004717905183
1.5664066177386449
1.8192609370043538
2.3332199558725546
1.4117259335603631
2.268408502772455
1.4110270945496066
2.37608735612333
1.0097106032233876
0.7156623915096401
2.340722738218565
1.933430764782377
0.9598496018477642
1.1485860557712733
0.9601277564873092
2.233613471488892
2.0577542322861033
1.2202435296557161
1.8905900272165714
0.791869719148659
0.5781256538548625
1.4180582257806793
1.5304849728487813
0.690110706525678
0.8867040514183888
0.8895783523492009
0.9643985852764996
0.9015821106550626
1.8243335997273786
0.5174814217067756
1.7750517213879726
1.242231929633638
2.36030195321717
1.9206019127711293
1.7227812552628854
2.40907016439692
1.4843622079424552
1.7517191608133693
1.9893641232574593
0.9171038280748187
0.8743737774785334
2.373109353998199
2.4207225849664322
1.8157230079931805
1.8758557732272867
1.0469401317198719
2.4778625180251224
1.976160458880475
1.8520364477305686
2.2292786833674114
2.288347287270099
1.2660383122935006
1.6184710769204917
0.7419938810839317
1.6509072183294549
2.0525379374742796
0.8757175919324436
0.5651397446570099
1.54863166680617
2.0463439471248286
2.193044707346902
1.2893451393509572
0.6998285314733743
1.3742222423606498
2.466925214823198
1.2911883991794655
2.36577163864807
0.752687898351776
1.800530760075638
0.5585824565299875
1.761182757281152
1.3635600612875178
0.5750166810191155
2.23149955048822
2.0657943341887117
1.4954889517537557
1.956414199901664
1.7580821669699906
1.6324690470063474
1.401634808835097
1.6765226703979652
1.8536123227211638
0.9551875380677091
2.4319353356344027
1.8043350255261024
1.0480179771367484
2.0817610953414865
1.9578093903551383
1.276415278175588
2.0232951138026936
0.6383573317344098
2.343045346019582
2.3536959863664926
2.0749454230768745
1.3054468524239355
1.3419494368473601
0.685044723785712
1.6635314658713845
1.3693447882219596
0.5749675268256222
0.8157238614032585
2.4717321318981655
1.8364072509180809
1.4531419189690578
2.0346398451625314
1.4122797982351252
1.8514932130994028
1.0579349606608515
0.5223114213844964
1.4731709944694982
2.064390930576427
0.5520998320472872
0.7722357192775144
2.1629091935700635
0.5468375057864676
2.335041807985501
1.6676674894836985
0.7456008182029845
1.6636037734579403
1.236009795632703
2.373344568725975
0.6466248622052517
2.0461701993886754
2.399719174577431
1.3140909605111266
1.9527940993465929
0.5128649038828568
0.5573086446525177
1.6784493788356798
1.731466964887273
2.396803771439856
2.244009887583873
1.2345247101218018
1.9875013593485424
2.285854567330946
1.6236560745371382
0.5883529743502969
0.6783943856408374
1.2050810607101197
1.0397040294793969
0.6887211884646987
2.43848232046434
2.4003622711178014
1.1942173335971886
1.5588280949071116
1.2109191657014742
1.8618145528912435
2.283594397075367
0.5425906262299951
1.1940279410979235
1.9558518191045595
0.894757469842796
1.1076992692959076
2.345875274234442
1.5160228200171395
1.4503453990107664
1.8920089692885589
1.0851654385741525
1.519137481146088
1.5271355209615325
1.8634109663471092
0.650619871470431
0.6230776403847362
2.1443260543476326
2.3235378419683945
1.3874602883374119
1.850102350023405
2.3566810893978745
1.2716580931191712
1.4181679716553683
1.0782929848805753
0.6178475748693653
1.3879148666017516
1.4717295279099551
1.913853296993432
1.7941457459879946
2.487802112909311
2.060131996610886
1.4742779129977999
2.000883542008619
1.9891966341784204
1.1398030839633138
0.6185135417455414
0.7716892294481099
1.999369556822399
0.9515067588148709
1.6816019248501062
1.607936653954614
1.5205463964501136
1.0383316693007154
1.7873266546895927
2.13223641102193
1.488484952390937
1.8256174390029063
1.4688116216985958
2.1668649465147816
1.2885872169019816
1.3881628756410862
0.630643143351763
1.3117056382617311
1.340713031817553
1.4461296701189195
2.0837249659103243
0.8588219404521209
0.5990293240726796
1.1946827495455619
1.1540735638689312
1.834543820944057
0.9417799767726303
1.6012264701192112
2.179705606255766
2.0766710000887554
0.9780914018899372
2.0671155253665354
1.5403816579103453
0.5899902719675827
2.45435689296822
1.853728408286732
2.2508879901238434
0.8867194764332249
1.5088057948907423
1.8209645698372203
0.5536317217407349
0.5505879725745881
0.7435712940792163
1.5893506648239812
2.085011532744963
2.4796176251637605
1.7035169236718664
0.660985633012946
2.2982646479902207
1.935038709150626
2.3799795365813523
1.6104570211736695
2.100743162200115
1.9778712473235587
1.0517633536638045
1.184290724339927
0.6600126342351265
1.1005078216504602
0.6614634685807719
1.1782833508176729
2.173535989050256
1.2935752414776858
1.056901821767706
1.8455548192933364
1.1360498369406167
1.9808435490317453
1.5722073928576048
2.092640684085123
2.140625790539838
1.6715183172384334
1.724809935257251
1.733199252936634
1.7958220198734638
0.8733870773977963
0.5773137862238436
1.703939055851342
1.7258115143630741
2.157547827385806
1.1092601422410215
1.8000814887659922
0.6012477272675598
0.7362827610791052
1.73925150963254
2.3427145917916676
1.6422150002568763
1.7807367573093285
2.384749463025836
1.9444185731910997
1.7094025453336166
2.267739539288124
1.5665142738074382
0.5533855053263455
1.2950295498251772
2.0866066040986615
0.7478530963139498
2.4788963824916648
1.5786136234647659
2.2966451651828255
1.8976324380579581
0.6967040610406108
0.7870790666528049
1.2941947711132042
0.8695502009075151
1.6759341203454923
1.1404038783954462
0.7656990267150514
2.3106021024110466
2.0573447226199253
1.6790631180288966
1.6792363657261555
0.548132927028546
0.9396840600912242
1.864420814789119
1.1827013684368
1.338581010256703
2.104434195813669
1.2730526979692618
1.104442593481293
1.6015327688772645
0.5154527222712517
1.4383908866110207
1.6012869940508079
1.3537252197903633
1.55282667544111
1.530631967352645
2.114482823653888
0.871287306503624
0.8428182757240705
0.8577306812991965
1.1868669881937368
2.2189960269624907
1.5474673478764678
1.2711081258758554
2.118457036029201
1.2006416100599915
0.7253869338395769
1.865677887971724
2.398968859919705
1.2334620832547902
0.964537680612704
2.1455670722134093
1.6663268653293668
2.4821186997758233
1.7632225392525631
0.8143165705033606
0.6410287399584145
2.254522800528382
0.8111324725378455
0.6011855485719242
0.6363016288256069
1.144574106876504
1.4282216608302247
1.9250351078668544
1.8374842299389509
0.948072155873761
1.1918131617115717
0.812999328690418
2.478482216906845
0.8926865801548753
1.2098409403278076
0.7362404087117485
1.6563717055627005
1.7327396174906282
1.0632716801280317
2.275084065125217
1.3855249315751086
1.5037558555851955
1.250624537127288
0.8491780871996439
0.9719991001339281
0.7526479468014466
0.9660404003812166
1.5878091041237903
1.9997843626293021
1.0219736653506508
1.860892869627467
0.8049613822241983
1.3825828668266853
1.1613809272143398
2.450614889145076
1.3628328294456014
0.9894526037846076
0.6807859228823563
0.570975589713125
2.498225478497046
1.8160879238769543
0.9231683098487409
2.454659617403335
2.190379332487985
1.133957250849228
1.3305839700374007
1.17280095287487
0.54090822420086
0.6038077494442977
0.5127307755757455
0.9630031008705846
0.7236563187676301
0.7117026957088011
1.0140192088058624
2.0203152334149848
0.8744262842970729
1.5359914628824674
0.7970975679892827
1.8178481333940621
1.651128701553907
2.245856565094174
1.3328572697648076
2.184841602724693
2.122539718701566
2.0377226769624284
0.5598424847686523
0.792436727611115
1.4384443949590364
1.2242589290122081
1.7951108283332264
2.4705697097472314
1.7601174804748234
2.2748030881215677
1.4244282945989317
2.458111408302926
1.9359937556501465
1.04945425843694
1.5459805038844996
1.8469000495045016
1.6487086465955691
2.492095154530928
2.4944233415762014
1.197348489331879
2.0417331870774578
2.4964818128555137
2.3453173630968513
1.1714919672422865
1.223187584734404
0.9176984694280219
1.7120604129241688
0.7422953536938379
1.3206878192348377
2.2488738857796875
0.7476485779349742
0.942360040722779
2.139418776248267
2.4264906070871497
1.1955817164449716
1.543287732189893
0.9189810393504525
1.8625327232655762
1.0154792223529947
0.8242301634075029
1.8734736334063142
1.719477867840649
1.4284026261947007
1.751488865424976
2.0923203371488475
2.264171394428827
1.859084890494692
0.7937178287069622
1.9685358075891566
0.7426461195798373
1.9862823513586059
2.0555453404295694
1.1772341329131686
0.8258595811920002
1.628183065556295
0.7359680817050671
1.7961000517561183
1.5314804765389192
1.0557766885403252
1.3965835531067938
2.1248830012756237
2.3980753364605496
2.3887766679797715
1.1086412087404076
0.9245867414940456
1.2201357458434443
1.6936791669354105
2.498866974952494
1.5183813850890018
1.4268111360816218
0.5551031759394638
2.183357567713532
1.5868604255743217
2.282969477003597
1.1281140044008187
2.113810733600343
2.382722252447757
1.1507542704543534
0.6533974267209552
2.375904443240003
1.3575380933420869
1.6376238652503827
0.9712344226626908
1.2341571181621838
2.138472738911528
1.656597713122461
1.2952995315898228
2.116567412883671
2.039596794311583
0.9920171656037711
0.7578927471629309
Rank 2: 200 simulations
Rank 1: 200 simulations
Rank 3: 200 simulations
2.154320199132667
1.3382850643320658
0.6172093100049063
0.785067920262601
2.2131881096723856
0.9172149463635715
1.456463170866458
Running 800 simulations with 4 MPI ranks
Rank 0: 200 simulations
t=263917  fraction=0.13000  peak_slope=2.001e-06  t_peak=131958  comparison cadence=263917  difference=0.13000  below=0/3
t=264916  fraction=0.13000  peak_slope=2.001e-06  t_peak=131958  comparison cadence=263917  difference=0.13000  below=0/3
t=265916  fraction=0.13000  peak_slope=2.001e-06  t_peak=131958  comparison cadence=263917  difference=0.13000  below=0/3
t=266916  fraction=0.13000  peak_slope=2.001e-06  t_peak=131958  comparison cadence=263917  difference=0.13000  below=0/3
t=267915  fraction=0.13000  peak_slope=2.001e-06  t_peak=131958  comparison cadence=263917  difference=0.13000  below=0/3
t=268915  fraction=0.13000  peak_slope=2.001e-06  t_peak=131958  comparison cadence=263917  difference=0.13000  below=0/3
t=269915  fraction=0.13000  peak_slope=2.001e-06  t_peak=131958  comparison cadence=263917  difference=0.13000  below=0/3
t=270915  fraction=0.13000  peak_slope=2.001e-06  t_peak=131958  comparison cadence=263917  difference=0.13000  below=0/3
t=271914  fraction=0.13125  peak_slope=2.001e-06  t_peak=131958  comparison cadence=263917  difference=0.13125  below=0/3
t=272914  fraction=0.13125  peak_slope=2.001e-06  t_peak=131958  comparison cadence=263917  difference=0.13125  below=0/3
t=273914  fraction=0.13250  peak_slope=2.001e-06  t_peak=131958  comparison cadence=263917  difference=0.13250  below=0/3
t=274913  fraction=0.13250  peak_slope=2.001e-06  t_peak=131958  comparison cadence=263917  difference=0.13250  below=0/3
t=275913  fraction=0.13375  peak_slope=2.001e-06  t_peak=131958  comparison cadence=263917  difference=0.13375  below=0/3
t=276913  fraction=0.13375  peak_slope=2.001e-06  t_peak=131958  comparison cadence=263917  difference=0.13375  below=0/3
t=277912  fraction=0.13500  peak_slope=2.001e-06  t_peak=131958  comparison cadence=263917  difference=0.13500  below=0/3
t=278912  fraction=0.13500  peak_slope=2.001e-06  t_peak=131958  comparison cadence=263917  difference=0.13500  below=0/3
t=279912  fraction=0.13625  peak_slope=2.001e-06  t_peak=131958  comparison cadence=263917  difference=0.13625  below=0/3
t=280911  fraction=0.13750  peak_slope=2.001e-06  t_peak=131958  comparison cadence=263917  difference=0.13750  below=0/3
t=281911  fraction=0.13750  peak_slope=2.001e-06  t_peak=131958  comparison cadence=263917  difference=0.13750  below=0/3
t=282911  fraction=0.13750  peak_slope=2.001e-06  t_peak=131958  comparison cadence=263917  difference=0.13750  below=0/3
t=283910  fraction=0.13750  peak_slope=2.001e-06  t_peak=131958  comparison cadence=263917  difference=0.13750  below=0/3
t=284910  fraction=0.13875  peak_slope=2.001e-06  t_peak=131958  comparison cadence=263917  difference=0.13875  below=0/3
t=285910  fraction=0.14000  peak_slope=2.001e-06  t_peak=131958  comparison cadence=263917  difference=0.14000  below=0/3
t=286910  fraction=0.14000  peak_slope=2.001e-06  t_peak=131958  comparison cadence=263917  difference=0.14000  below=0/3
t=287909  fraction=0.14000  peak_slope=2.001e-06  t_peak=131958  comparison cadence=263917  difference=0.14000  below=0/3
t=288909  fraction=0.14125  peak_slope=2.001e-06  t_peak=131958  comparison cadence=263917  difference=0.14125  below=0/3
t=289909  fraction=0.14125  peak_slope=2.001e-06  t_peak=131958  comparison cadence=263917  difference=0.14125  below=0/3
t=290908  fraction=0.14125  peak_slope=2.001e-06  t_peak=131958  comparison cadence=263917  difference=0.14125  below=0/3
t=291908  fraction=0.14250  peak_slope=2.001e-06  t_peak=131958  comparison cadence=263917  difference=0.14250  below=0/3
t=292908  fraction=0.14250  peak_slope=2.001e-06  t_peak=131958  comparison cadence=263917  difference=0.14250  below=0/3
t=293907  fraction=0.14250  peak_slope=2.001e-06  t_peak=131958  comparison cadence=263917  difference=0.14250  below=0/3
t=294907  fraction=0.14250  peak_slope=2.001e-06  t_peak=131958  comparison cadence=263917  difference=0.14250  below=0/3
t=295907  fraction=0.14250  peak_slope=2.001e-06  t_peak=131958  comparison cadence=263917  difference=0.14250  below=0/3
t=296906  fraction=0.14250  peak_slope=2.001e-06  t_peak=131958  comparison cadence=263917  difference=0.14250  below=0/3
t=297906  fraction=0.14375  peak_slope=2.001e-06  t_peak=131958  comparison cadence=263917  difference=0.14375  below=0/3
t=298906  fraction=0.14375  peak_slope=2.001e-06  t_peak=131958  comparison cadence=263917  difference=0.14375  below=0/3
t=299905  fraction=0.14500  peak_slope=2.001e-06  t_peak=131958  comparison cadence=263917  difference=0.14500  below=0/3
t=300905  fraction=0.14500  peak_slope=2.001e-06  t_peak=131958  comparison cadence=263917  difference=0.14500  below=0/3
t=301905  fraction=0.14500  peak_slope=2.001e-06  t_peak=131958  comparison cadence=263917  difference=0.14500  below=0/3
t=302904  fraction=0.14500  peak_slope=2.001e-06  t_peak=131958  comparison cadence=263917  difference=0.14500  below=0/3
t=303904  fraction=0.14625  peak_slope=2.001e-06  t_peak=131958  comparison cadence=263917  difference=0.14625  below=0/3
t=304904  fraction=0.14625  peak_slope=2.001e-06  t_peak=131958  comparison cadence=263917  difference=0.14625  below=0/3
t=305904  fraction=0.14625  peak_slope=2.001e-06  t_peak=131958  comparison cadence=263917  difference=0.14625  below=0/3
t=306903  fraction=0.14625  peak_slope=2.001e-06  t_peak=131958  comparison cadence=263917  difference=0.14625  below=0/3
t=307903  fraction=0.14750  peak_slope=2.001e-06  t_peak=131958  comparison cadence=263917  difference=0.14750  below=0/3
t=308903  fraction=0.14750  peak_slope=2.001e-06  t_peak=131958  comparison cadence=263917  difference=0.14750  below=0/3
t=309902  fraction=0.14750  peak_slope=2.001e-06  t_peak=131958  comparison cadence=263917  difference=0.14750  below=0/3
t=310902  fraction=0.14875  peak_slope=2.001e-06  t_peak=131958  comparison cadence=263917  difference=0.14875  below=0/3
t=311902  fraction=0.14875  peak_slope=2.001e-06  t_peak=131958  comparison cadence=263917  difference=0.14875  below=0/3
t=312901  fraction=0.14875  peak_slope=2.001e-06  t_peak=131958  comparison cadence=263917  difference=0.14875  below=0/3
t=313901  fraction=0.15000  peak_slope=2.001e-06  t_peak=131958  comparison cadence=263917  difference=0.15000  below=0/3
t=314901  fraction=0.15125  peak_slope=2.001e-06  t_peak=131958  comparison cadence=263917  difference=0.15125  below=0/3
t=315900  fraction=0.15125  peak_slope=2.001e-06  t_peak=131958  comparison cadence=263917  difference=0.15125  below=0/3
t=316900  fraction=0.15125  peak_slope=2.001e-06  t_peak=131958  comparison cadence=263917  difference=0.15125  below=0/3
t=317900  fraction=0.15250  peak_slope=2.001e-06  t_peak=131958  comparison cadence=263917  difference=0.15250  below=0/3
t=318899  fraction=0.15375  peak_slope=2.001e-06  t_peak=131958  comparison cadence=263917  difference=0.15375  below=0/3
t=319899  fraction=0.15375  peak_slope=2.001e-06  t_peak=131958  comparison cadence=263917  difference=0.15375  below=0/3
t=320899  fraction=0.15500  peak_slope=2.001e-06  t_peak=131958  comparison cadence=263917  difference=0.15500  below=0/3
t=321898  fraction=0.15625  peak_slope=2.001e-06  t_peak=131958  comparison cadence=263917  difference=0.15625  below=0/3
t=322898  fraction=0.15625  peak_slope=2.001e-06  t_peak=131958  comparison cadence=263917  difference=0.15625  below=0/3
t=323898  fraction=0.15625  peak_slope=2.001e-06  t_peak=131958  comparison cadence=263917  difference=0.15625  below=0/3
t=324898  fraction=0.15750  peak_slope=2.001e-06  t_peak=131958  comparison cadence=263917  difference=0.15750  below=0/3
t=325897  fraction=0.15750  peak_slope=2.001e-06  t_peak=131958  comparison cadence=263917  difference=0.15750  below=0/3
t=326897  fraction=0.15750  peak_slope=2.001e-06  t_peak=131958  comparison cadence=263917  difference=0.15750  below=0/3
t=327897  fraction=0.15750  peak_slope=2.001e-06  t_peak=131958  comparison cadence=263917  difference=0.15750  below=0/3
t=328896  fraction=0.15750  peak_slope=2.001e-06  t_peak=131958  comparison cadence=263917  difference=0.15750  below=0/3
t=329896  fraction=0.15875  peak_slope=2.001e-06  t_peak=131958  comparison cadence=263917  difference=0.15875  below=0/3
t=330896  fraction=0.15875  peak_slope=2.001e-06  t_peak=131958  comparison cadence=263917  difference=0.15875  below=0/3
t=331895  fraction=0.16000  peak_slope=2.001e-06  t_peak=131958  comparison cadence=263917  difference=0.16000  below=0/3
t=332895  fraction=0.16000  peak_slope=2.001e-06  t_peak=131958  comparison cadence=263917  difference=0.16000  below=0/3
t=333895  fraction=0.16000  peak_slope=2.001e-06  t_peak=131958  comparison cadence=263917  difference=0.16000  below=0/3
t=334894  fraction=0.16000  peak_slope=2.001e-06  t_peak=131958  comparison cadence=263917  difference=0.16000  below=0/3
t=335894  fraction=0.16000  peak_slope=2.001e-06  t_peak=131958  comparison cadence=263917  difference=0.16000  below=0/3
t=336894  fraction=0.16000  peak_slope=2.001e-06  t_peak=131958  comparison cadence=263917  difference=0.16000  below=0/3
t=337893  fraction=0.16000  peak_slope=2.001e-06  t_peak=131958  comparison cadence=263917  difference=0.16000  below=0/3
t=338893  fraction=0.16000  peak_slope=2.001e-06  t_peak=131958  comparison cadence=263917  difference=0.16000  below=0/3
t=339893  fraction=0.16125  peak_slope=2.001e-06  t_peak=131958  comparison cadence=263917  difference=0.16125  below=0/3
t=340892  fraction=0.16125  peak_slope=2.001e-06  t_peak=131958  comparison cadence=263917  difference=0.16125  below=0/3
t=341892  fraction=0.16250  peak_slope=2.001e-06  t_peak=131958  comparison cadence=263917  difference=0.16250  below=0/3
t=342892  fraction=0.16250  peak_slope=2.001e-06  t_peak=131958  comparison cadence=263917  difference=0.16250  below=0/3
t=343892  fraction=0.16375  peak_slope=2.001e-06  t_peak=131958  comparison cadence=263917  difference=0.16375  below=0/3
t=344891  fraction=0.16375  peak_slope=2.001e-06  t_peak=131958  comparison cadence=263917  difference=0.16375  below=0/3
t=345891  fraction=0.16375  peak_slope=2.001e-06  t_peak=131958  comparison cadence=263917  difference=0.16375  below=0/3
t=346891  fraction=0.16375  peak_slope=2.001e-06  t_peak=131958  comparison cadence=263917  difference=0.16375  below=0/3
t=347890  fraction=0.16625  peak_slope=2.001e-06  t_peak=131958  comparison cadence=263917  difference=0.16625  below=0/3
t=348890  fraction=0.16625  peak_slope=2.001e-06  t_peak=131958  comparison cadence=263917  difference=0.16625  below=0/3
t=349890  fraction=0.16625  peak_slope=2.001e-06  t_peak=131958  comparison cadence=263917  difference=0.16625  below=0/3
t=350889  fraction=0.16625  peak_slope=2.001e-06  t_peak=131958  comparison cadence=263917  difference=0.16625  below=0/3
t=351889  fraction=0.16750  peak_slope=2.001e-06  t_peak=131958  comparison cadence=263917  difference=0.16625  below=0/3
t=352889  fraction=0.16750  peak_slope=2.001e-06  t_peak=131958  comparison cadence=263917  difference=0.16625  below=0/3
t=353888  fraction=0.16750  peak_slope=2.001e-06  t_peak=131958  comparison cadence=263917  difference=0.16625  below=0/3
t=354888  fraction=0.16750  peak_slope=2.001e-06  t_peak=131958  comparison cadence=263917  difference=0.16625  below=0/3
t=355888  fraction=0.16875  peak_slope=2.001e-06  t_peak=131958  comparison cadence=263917  difference=0.16750  below=0/3
t=356887  fraction=0.16875  peak_slope=2.001e-06  t_peak=131958  comparison cadence=263917  difference=0.16500  below=0/3
t=357887  fraction=0.16875  peak_slope=2.001e-06  t_peak=131958  comparison cadence=263917  difference=0.16500  below=0/3
t=358887  fraction=0.16875  peak_slope=2.001e-06  t_peak=131958  comparison cadence=263917  difference=0.16500  below=0/3
t=359886  fraction=0.16875  peak_slope=2.001e-06  t_peak=131958  comparison cadence=263917  difference=0.16500  below=0/3
t=360886  fraction=0.17000  peak_slope=2.001e-06  t_peak=131958  comparison cadence=263917  difference=0.16625  below=0/3
t=361886  fraction=0.17000  peak_slope=2.001e-06  t_peak=131958  comparison cadence=263917  difference=0.16625  below=0/3
t=362886  fraction=0.17000  peak_slope=2.001e-06  t_peak=131958  comparison cadence=263917  difference=0.16625  below=0/3
t=363885  fraction=0.17125  peak_slope=2.001e-06  t_peak=131958  comparison cadence=263917  difference=0.16750  below=0/3
t=364885  fraction=0.17125  peak_slope=2.001e-06  t_peak=131958  comparison cadence=263917  difference=0.16750  below=0/3
t=365885  fraction=0.17125  peak_slope=2.001e-06  t_peak=131958  comparison cadence=263917  difference=0.16750  below=0/3
t=366884  fraction=0.17125  peak_slope=2.001e-06  t_peak=131958  comparison cadence=263917  difference=0.16750  below=0/3
t=367884  fraction=0.17125  peak_slope=2.001e-06  t_peak=131958  comparison cadence=263917  difference=0.16750  below=0/3
t=368884  fraction=0.17375  peak_slope=2.001e-06  t_peak=131958  comparison cadence=263917  difference=0.17000  below=0/3
t=369883  fraction=0.17375  peak_slope=2.001e-06  t_peak=131958  comparison cadence=263917  difference=0.17000  below=0/3
t=370883  fraction=0.17375  peak_slope=2.001e-06  t_peak=131958  comparison cadence=263917  difference=0.17000  below=0/3
t=371883  fraction=0.17375  peak_slope=2.001e-06  t_peak=131958  comparison cadence=263917  difference=0.17000  below=0/3
t=372882  fraction=0.17375  peak_slope=2.001e-06  t_peak=131958  comparison cadence=263917  difference=0.17000  below=0/3
t=373882  fraction=0.17375  peak_slope=2.001e-06  t_peak=131958  comparison cadence=263917  difference=0.16875  below=0/3
t=374882  fraction=0.17500  peak_slope=2.001e-06  t_peak=131958  comparison cadence=263917  difference=0.16875  below=0/3
t=375881  fraction=0.17500  peak_slope=2.001e-06  t_peak=131958  comparison cadence=263917  difference=0.16750  below=0/3
t=376881  fraction=0.17500  peak_slope=2.001e-06  t_peak=131958  comparison cadence=263917  difference=0.16750  below=0/3
t=377881  fraction=0.17625  peak_slope=2.001e-06  t_peak=131958  comparison cadence=263917  difference=0.16750  below=0/3
t=378880  fraction=0.17625  peak_slope=2.001e-06  t_peak=131958  comparison cadence=263917  difference=0.16750  below=0/3
t=379880  fraction=0.17750  peak_slope=2.001e-06  t_peak=131958  comparison cadence=263917  difference=0.16875  below=0/3
t=380880  fraction=0.17750  peak_slope=2.001e-06  t_peak=131958  comparison cadence=263917  difference=0.16875  below=0/3
t=381880  fraction=0.17750  peak_slope=2.001e-06  t_peak=131958  comparison cadence=263917  difference=0.16875  below=0/3
t=382879  fraction=0.17750  peak_slope=2.001e-06  t_peak=131958  comparison cadence=263917  difference=0.16875  below=0/3
t=383879  fraction=0.17875  peak_slope=2.001e-06  t_peak=131958  comparison cadence=263917  difference=0.17000  below=0/3
t=384879  fraction=0.17875  peak_slope=2.001e-06  t_peak=131958  comparison cadence=263917  difference=0.17000  below=0/3
t=385878  fraction=0.17875  peak_slope=2.001e-06  t_peak=131958  comparison cadence=263917  difference=0.17000  below=0/3
t=386878  fraction=0.17875  peak_slope=2.001e-06  t_peak=131958  comparison cadence=263917  difference=0.16875  below=0/3
t=387878  fraction=0.17875  peak_slope=2.001e-06  t_peak=131958  comparison cadence=263917  difference=0.16875  below=0/3
t=388877  fraction=0.18000  peak_slope=2.001e-06  t_peak=131958  comparison cadence=263917  difference=0.17000  below=0/3
t=389877  fraction=0.18000  peak_slope=2.001e-06  t_peak=131958  comparison cadence=263917  difference=0.16875  below=0/3
t=390877  fraction=0.18000  peak_slope=2.001e-06  t_peak=131958  comparison cadence=263917  difference=0.16875  below=0/3
t=391876  fraction=0.18000  peak_slope=2.001e-06  t_peak=131958  comparison cadence=263917  difference=0.16750  below=0/3
t=392876  fraction=0.18000  peak_slope=2.001e-06  t_peak=131958  comparison cadence=263917  difference=0.16750  below=0/3
t=393876  fraction=0.18125  peak_slope=2.001e-06  t_peak=131958  comparison cadence=263917  difference=0.16750  below=0/3
t=394875  fraction=0.18250  peak_slope=2.001e-06  t_peak=131958  comparison cadence=263917  difference=0.16500  below=0/3
t=395875  fraction=0.18250  peak_slope=2.001e-06  t_peak=131958  comparison cadence=263917  difference=0.16125  below=0/3
t=396875  fraction=0.18250  peak_slope=2.001e-06  t_peak=131958  comparison cadence=263917  difference=0.16000  below=0/3
t=397874  fraction=0.18250  peak_slope=2.001e-06  t_peak=131958  comparison cadence=263917  difference=0.16000  below=0/3
t=398874  fraction=0.18250  peak_slope=2.001e-06  t_peak=131958  comparison cadence=263917  difference=0.15875  below=0/3
t=399874  fraction=0.18250  peak_slope=2.001e-06  t_peak=131958  comparison cadence=263917  difference=0.15750  below=0/3
t=400874  fraction=0.18500  peak_slope=2.001e-06  t_peak=131958  comparison cadence=263917  difference=0.16000  below=0/3
t=401873  fraction=0.18500  peak_slope=2.001e-06  t_peak=131958  comparison cadence=263917  difference=0.16000  below=0/3
t=402873  fraction=0.18500  peak_slope=2.001e-06  t_peak=131958  comparison cadence=263917  difference=0.16000  below=0/3
t=403873  fraction=0.18875  peak_slope=2.001e-06  t_peak=131958  comparison cadence=263917  difference=0.16375  below=0/3
t=404872  fraction=0.18875  peak_slope=2.001e-06  t_peak=131958  comparison cadence=263917  difference=0.16250  below=0/3
t=405872  fraction=0.18875  peak_slope=2.001e-06  t_peak=131958  comparison cadence=263917  difference=0.16125  below=0/3
t=406872  fraction=0.19000  peak_slope=2.001e-06  t_peak=131958  comparison cadence=263917  difference=0.16250  below=0/3
t=407871  fraction=0.19000  peak_slope=2.001e-06  t_peak=131958  comparison cadence=263917  difference=0.16000  below=0/3
t=408871  fraction=0.19000  peak_slope=2.001e-06  t_peak=131958  comparison cadence=263917  difference=0.15875  below=0/3
t=409871  fraction=0.19000  peak_slope=2.001e-06  t_peak=131958  comparison cadence=263917  difference=0.15875  below=0/3
t=410870  fraction=0.19000  peak_slope=2.001e-06  t_peak=131958  comparison cadence=263917  difference=0.15875  below=0/3
t=411870  fraction=0.19000  peak_slope=2.001e-06  t_peak=131958  comparison cadence=263917  difference=0.15750  below=0/3
t=412870  fraction=0.19000  peak_slope=2.001e-06  t_peak=131958  comparison cadence=263917  difference=0.15500  below=0/3
t=413869  fraction=0.19000  peak_slope=2.001e-06  t_peak=131958  comparison cadence=263917  difference=0.15375  below=0/3
t=414869  fraction=0.19125  peak_slope=2.001e-06  t_peak=131958  comparison cadence=263917  difference=0.15375  below=0/3
t=415869  fraction=0.19125  peak_slope=2.001e-06  t_peak=131958  comparison cadence=263917  difference=0.15000  below=0/3
t=416869  fraction=0.19125  peak_slope=2.001e-06  t_peak=131958  comparison cadence=263917  difference=0.15000  below=0/3
t=417868  fraction=0.19125  peak_slope=2.001e-06  t_peak=131958  comparison cadence=263917  difference=0.15000  below=0/3
t=418868  fraction=0.19125  peak_slope=2.001e-06  t_peak=131958  comparison cadence=263917  difference=0.14875  below=0/3
t=419868  fraction=0.19125  peak_slope=2.001e-06  t_peak=131958  comparison cadence=263917  difference=0.14750  below=0/3
t=420867  fraction=0.19125  peak_slope=2.001e-06  t_peak=131958  comparison cadence=263917  difference=0.14750  below=0/3
t=421867  fraction=0.19125  peak_slope=2.001e-06  t_peak=131958  comparison cadence=263917  difference=0.14625  below=0/3
t=422867  fraction=0.19125  peak_slope=2.001e-06  t_peak=131958  comparison cadence=263917  difference=0.14500  below=0/3
t=423866  fraction=0.19125  peak_slope=2.001e-06  t_peak=131958  comparison cadence=263917  difference=0.14375  below=0/3
t=424866  fraction=0.19125  peak_slope=2.001e-06  t_peak=131958  comparison cadence=263917  difference=0.14375  below=0/3
t=425866  fraction=0.19125  peak_slope=2.001e-06  t_peak=131958  comparison cadence=263917  difference=0.14375  below=0/3
t=426865  fraction=0.19125  peak_slope=2.001e-06  t_peak=131958  comparison cadence=263917  difference=0.14375  below=0/3
t=427865  fraction=0.19125  peak_slope=2.001e-06  t_peak=131958  comparison cadence=263917  difference=0.14250  below=0/3
t=428865  fraction=0.19250  peak_slope=2.001e-06  t_peak=131958  comparison cadence=263917  difference=0.14250  below=0/3
t=429864  fraction=0.19375  peak_slope=2.001e-06  t_peak=131958  comparison cadence=263917  difference=0.14250  below=0/3
t=430864  fraction=0.19625  peak_slope=2.001e-06  t_peak=131958  comparison cadence=263917  difference=0.14375  below=0/3
t=431864  fraction=0.19625  peak_slope=2.001e-06  t_peak=131958  comparison cadence=263917  difference=0.14000  below=0/3
t=432863  fraction=0.19625  peak_slope=2.001e-06  t_peak=131958  comparison cadence=263917  difference=0.13875  below=0/3
t=433863  fraction=0.19625  peak_slope=2.001e-06  t_peak=131958  comparison cadence=263917  difference=0.13875  below=0/3
t=434863  fraction=0.19625  peak_slope=2.001e-06  t_peak=131958  comparison cadence=263917  difference=0.13875  below=0/3
t=435863  fraction=0.19625  peak_slope=2.001e-06  t_peak=131958  comparison cadence=263917  difference=0.13875  below=0/3
t=436862  fraction=0.19750  peak_slope=2.001e-06  t_peak=131958  comparison cadence=263917  difference=0.14000  below=0/3
t=437862  fraction=0.19750  peak_slope=2.001e-06  t_peak=131958  comparison cadence=263917  difference=0.14000  below=0/3
t=438862  fraction=0.19750  peak_slope=2.001e-06  t_peak=131958  comparison cadence=263917  difference=0.13875  below=0/3
t=439861  fraction=0.19750  peak_slope=2.001e-06  t_peak=131958  comparison cadence=263917  difference=0.13750  below=0/3
t=440861  fraction=0.19750  peak_slope=2.001e-06  t_peak=131958  comparison cadence=263917  difference=0.13750  below=0/3
t=441861  fraction=0.19750  peak_slope=2.001e-06  t_peak=131958  comparison cadence=263917  difference=0.13375  below=0/3
t=442860  fraction=0.19750  peak_slope=2.001e-06  t_peak=131958  comparison cadence=263917  difference=0.13375  below=0/3
t=443860  fraction=0.19750  peak_slope=2.001e-06  t_peak=131958  comparison cadence=263917  difference=0.13250  below=0/3
t=444860  fraction=0.19750  peak_slope=2.001e-06  t_peak=131958  comparison cadence=263917  difference=0.13250  below=0/3
t=445859  fraction=0.19750  peak_slope=2.001e-06  t_peak=131958  comparison cadence=263917  difference=0.13125  below=0/3
t=446859  fraction=0.19750  peak_slope=2.001e-06  t_peak=131958  comparison cadence=263917  difference=0.13125  below=0/3
t=447859  fraction=0.19750  peak_slope=2.001e-06  t_peak=131958  comparison cadence=263917  difference=0.13125  below=0/3
t=448858  fraction=0.19750  peak_slope=2.001e-06  t_peak=131958  comparison cadence=263917  difference=0.12875  below=0/3
t=449858  fraction=0.19875  peak_slope=2.001e-06  t_peak=131958  comparison cadence=263917  difference=0.13000  below=0/3
t=450858  fraction=0.20000  peak_slope=2.001e-06  t_peak=131958  comparison cadence=263917  difference=0.13125  below=0/3
t=451857  fraction=0.20125  peak_slope=2.001e-06  t_peak=131958  comparison cadence=263917  difference=0.13250  below=0/3
t=452857  fraction=0.20125  peak_slope=2.001e-06  t_peak=131958  comparison cadence=263917  difference=0.13125  below=0/3
t=453857  fraction=0.20125  peak_slope=2.001e-06  t_peak=131958  comparison cadence=263917  difference=0.13000  below=0/3
t=454857  fraction=0.20125  peak_slope=2.001e-06  t_peak=131958  comparison cadence=263917  difference=0.12750  below=0/3
t=455856  fraction=0.20250  peak_slope=2.001e-06  t_peak=131958  comparison cadence=263917  difference=0.12750  below=0/3
t=456856  fraction=0.20250  peak_slope=2.001e-06  t_peak=131958  comparison cadence=263917  difference=0.12625  below=0/3
t=457856  fraction=0.20375  peak_slope=2.001e-06  t_peak=131958  comparison cadence=263917  difference=0.12750  below=0/3
t=458855  fraction=0.20500  peak_slope=2.001e-06  t_peak=131958  comparison cadence=263917  difference=0.12750  below=0/3
t=459855  fraction=0.20500  peak_slope=2.001e-06  t_peak=131958  comparison cadence=263917  difference=0.12750  below=0/3
t=460855  fraction=0.20500  peak_slope=2.001e-06  t_peak=131958  comparison cadence=263917  difference=0.12625  below=0/3
t=461854  fraction=0.20500  peak_slope=2.001e-06  t_peak=131958  comparison cadence=263917  difference=0.12500  below=0/3
t=462854  fraction=0.20500  peak_slope=2.001e-06  t_peak=131958  comparison cadence=263917  difference=0.12500  below=0/3
t=463854  fraction=0.20500  peak_slope=2.001e-06  t_peak=131958  comparison cadence=263917  difference=0.12500  below=0/3
t=464853  fraction=0.20500  peak_slope=2.001e-06  t_peak=131958  comparison cadence=263917  difference=0.12375  below=0/3
t=465853  fraction=0.20500  peak_slope=2.001e-06  t_peak=131958  comparison cadence=263917  difference=0.12125  below=0/3
t=466853  fraction=0.20500  peak_slope=2.001e-06  t_peak=131958  comparison cadence=263917  difference=0.12125  below=0/3
t=467852  fraction=0.20500  peak_slope=2.001e-06  t_peak=131958  comparison cadence=263917  difference=0.11875  below=0/3
t=468852  fraction=0.20625  peak_slope=2.001e-06  t_peak=131958  comparison cadence=263917  difference=0.11875  below=0/3
t=469852  fraction=0.20750  peak_slope=2.001e-06  t_peak=131958  comparison cadence=263917  difference=0.11875  below=0/3
t=470851  fraction=0.20750  peak_slope=2.001e-06  t_peak=131958  comparison cadence=263917  difference=0.11625  below=0/3
t=471851  fraction=0.20750  peak_slope=2.001e-06  t_peak=131958  comparison cadence=263917  difference=0.11500  below=0/3
t=472851  fraction=0.20875  peak_slope=2.001e-06  t_peak=131958  comparison cadence=263917  difference=0.11625  below=0/3
t=473851  fraction=0.20875  peak_slope=2.001e-06  t_peak=131958  comparison cadence=263917  difference=0.11625  below=0/3
t=474850  fraction=0.20875  peak_slope=2.001e-06  t_peak=131958  comparison cadence=263917  difference=0.11500  below=0/3
t=475850  fraction=0.20875  peak_slope=2.001e-06  t_peak=131958  comparison cadence=263917  difference=0.11375  below=0/3
t=476850  fraction=0.20875  peak_slope=2.001e-06  t_peak=131958  comparison cadence=263917  difference=0.11375  below=0/3
t=477849  fraction=0.21000  peak_slope=2.001e-06  t_peak=131958  comparison cadence=263917  difference=0.11500  below=0/3
t=478849  fraction=0.21000  peak_slope=2.001e-06  t_peak=131958  comparison cadence=263917  difference=0.11500  below=0/3
t=479849  fraction=0.21000  peak_slope=2.001e-06  t_peak=131958  comparison cadence=263917  difference=0.11375  below=0/3
t=480848  fraction=0.21000  peak_slope=2.001e-06  t_peak=131958  comparison cadence=263917  difference=0.11125  below=0/3
t=481848  fraction=0.21000  peak_slope=2.001e-06  t_peak=131958  comparison cadence=263917  difference=0.10875  below=0/3
t=482848  fraction=0.21000  peak_slope=2.001e-06  t_peak=131958  comparison cadence=263917  difference=0.10875  below=0/3
t=483847  fraction=0.21000  peak_slope=2.001e-06  t_peak=131958  comparison cadence=263917  difference=0.10875  below=0/3
t=484847  fraction=0.21000  peak_slope=2.001e-06  t_peak=131958  comparison cadence=263917  difference=0.10875  below=0/3
t=485847  fraction=0.21000  peak_slope=2.001e-06  t_peak=131958  comparison cadence=263917  difference=0.10875  below=0/3
t=486846  fraction=0.21000  peak_slope=2.001e-06  t_peak=131958  comparison cadence=263917  difference=0.10875  below=0/3
t=487846  fraction=0.21250  peak_slope=2.001e-06  t_peak=131958  comparison cadence=263917  difference=0.11125  below=0/3
t=488846  fraction=0.21250  peak_slope=2.001e-06  t_peak=131958  comparison cadence=263917  difference=0.11125  below=0/3
t=489845  fraction=0.21250  peak_slope=2.001e-06  t_peak=131958  comparison cadence=263917  difference=0.11125  below=0/3
t=490845  fraction=0.21375  peak_slope=2.001e-06  t_peak=131958  comparison cadence=263917  difference=0.11125  below=0/3
t=491845  fraction=0.21375  peak_slope=2.001e-06  t_peak=131958  comparison cadence=263917  difference=0.11000  below=0/3
t=492845  fraction=0.21375  peak_slope=2.001e-06  t_peak=131958  comparison cadence=263917  difference=0.11000  below=0/3
t=493844  fraction=0.21375  peak_slope=2.001e-06  t_peak=131958  comparison cadence=263917  difference=0.11000  below=0/3
t=494844  fraction=0.21375  peak_slope=2.001e-06  t_peak=131958  comparison cadence=263917  difference=0.10750  below=0/3
t=495844  fraction=0.21375  peak_slope=2.001e-06  t_peak=131958  comparison cadence=263917  difference=0.10750  below=0/3
t=496843  fraction=0.21375  peak_slope=2.001e-06  t_peak=131958  comparison cadence=263917  difference=0.10750  below=0/3
t=497843  fraction=0.21500  peak_slope=2.001e-06  t_peak=131958  comparison cadence=263917  difference=0.10750  below=0/3
t=498843  fraction=0.21625  peak_slope=2.001e-06  t_peak=131958  comparison cadence=263917  difference=0.10750  below=0/3
t=499842  fraction=0.21750  peak_slope=2.001e-06  t_peak=131958  comparison cadence=263917  difference=0.10750  below=0/3
t=500842  fraction=0.21750  peak_slope=2.001e-06  t_peak=131958  comparison cadence=263917  difference=0.10750  below=0/3
t=501842  fraction=0.21875  peak_slope=2.001e-06  t_peak=131958  comparison cadence=263917  difference=0.10875  below=0/3
t=502841  fraction=0.21875  peak_slope=2.001e-06  t_peak=131958  comparison cadence=263917  difference=0.10750  below=0/3
t=503841  fraction=0.22000  peak_slope=2.001e-06  t_peak=131958  comparison cadence=263917  difference=0.10625  below=0/3
t=504841  fraction=0.22125  peak_slope=2.001e-06  t_peak=131958  comparison cadence=263917  difference=0.10750  below=0/3
t=505840  fraction=0.22125  peak_slope=2.001e-06  t_peak=131958  comparison cadence=263917  difference=0.10750  below=0/3
t=506840  fraction=0.22125  peak_slope=2.001e-06  t_peak=131958  comparison cadence=263917  difference=0.10625  below=0/3
t=507840  fraction=0.22125  peak_slope=2.001e-06  t_peak=131958  comparison cadence=263917  difference=0.10500  below=0/3
t=508839  fraction=0.22125  peak_slope=2.001e-06  t_peak=131958  comparison cadence=263917  difference=0.10375  below=0/3
t=509839  fraction=0.22125  peak_slope=2.001e-06  t_peak=131958  comparison cadence=263917  difference=0.10125  below=0/3
t=510839  fraction=0.22125  peak_slope=2.001e-06  t_peak=131958  comparison cadence=263917  difference=0.10000  below=0/3
t=511839  fraction=0.22125  peak_slope=2.001e-06  t_peak=131958  comparison cadence=263917  difference=0.10000  below=0/3
t=512838  fraction=0.22125  peak_slope=2.001e-06  t_peak=131958  comparison cadence=263917  difference=0.10000  below=0/3
t=513838  fraction=0.22125  peak_slope=2.001e-06  t_peak=131958  comparison cadence=263917  difference=0.10000  below=0/3
t=514838  fraction=0.22375  peak_slope=2.001e-06  t_peak=131958  comparison cadence=263917  difference=0.10250  below=0/3
t=515837  fraction=0.22375  peak_slope=2.001e-06  t_peak=131958  comparison cadence=263917  difference=0.10250  below=0/3
t=516837  fraction=0.22375  peak_slope=2.001e-06  t_peak=131958  comparison cadence=263917  difference=0.10125  below=0/3
t=517837  fraction=0.22375  peak_slope=2.001e-06  t_peak=131958  comparison cadence=263917  difference=0.10125  below=0/3
t=518836  fraction=0.22500  peak_slope=2.001e-06  t_peak=131958  comparison cadence=263917  difference=0.10125  below=0/3
t=519836  fraction=0.22500  peak_slope=2.001e-06  t_peak=131958  comparison cadence=263917  difference=0.10125  below=0/3
t=520836  fraction=0.22500  peak_slope=2.001e-06  t_peak=131958  comparison cadence=263917  difference=0.10125  below=0/3
t=521835  fraction=0.22500  peak_slope=2.001e-06  t_peak=131958  comparison cadence=263917  difference=0.10000  below=0/3
t=522835  fraction=0.22500  peak_slope=2.001e-06  t_peak=131958  comparison cadence=263917  difference=0.09875  below=0/3
t=523835  fraction=0.22625  peak_slope=2.001e-06  t_peak=131958  comparison cadence=263917  difference=0.09875  below=0/3
t=524834  fraction=0.22625  peak_slope=2.001e-06  t_peak=131958  comparison cadence=263917  difference=0.09875  below=0/3
t=525834  fraction=0.22625  peak_slope=2.001e-06  t_peak=131958  comparison cadence=263917  difference=0.09750  below=0/3
t=526834  fraction=0.22625  peak_slope=2.001e-06  t_peak=131958  comparison cadence=263917  difference=0.09750  below=0/3
t=527834  fraction=0.22750  peak_slope=2.001e-06  t_peak=131958  comparison cadence=263917  difference=0.09750  below=0/3
t=528833  fraction=0.22750  peak_slope=2.001e-06  t_peak=131958  comparison cadence=263917  difference=0.09750  below=0/3
t=529833  fraction=0.22750  peak_slope=2.001e-06  t_peak=131958  comparison cadence=263917  difference=0.09750  below=0/3
t=530833  fraction=0.22875  peak_slope=2.001e-06  t_peak=131958  comparison cadence=263917  difference=0.09875  below=0/3
t=531832  fraction=0.22875  peak_slope=2.001e-06  t_peak=131958  comparison cadence=263917  difference=0.09875  below=0/3
t=532832  fraction=0.22875  peak_slope=2.001e-06  t_peak=131958  comparison cadence=263917  difference=0.09875  below=0/3
t=533832  fraction=0.22875  peak_slope=2.001e-06  t_peak=131958  comparison cadence=263917  difference=0.09875  below=0/3
t=534831  fraction=0.22875  peak_slope=2.001e-06  t_peak=131958  comparison cadence=263917  difference=0.09875  below=0/3
t=535831  fraction=0.22875  peak_slope=2.001e-06  t_peak=131958  comparison cadence=263917  difference=0.09750  below=0/3
t=536831  fraction=0.22875  peak_slope=2.001e-06  t_peak=131958  comparison cadence=263917  difference=0.09750  below=0/3
t=537830  fraction=0.22875  peak_slope=2.001e-06  t_peak=131958  comparison cadence=263917  difference=0.09625  below=0/3
t=538830  fraction=0.22875  peak_slope=2.001e-06  t_peak=131958  comparison cadence=263917  difference=0.09625  below=0/3
t=539830  fraction=0.22875  peak_slope=2.001e-06  t_peak=131958  comparison cadence=263917  difference=0.09500  below=0/3
t=540829  fraction=0.22875  peak_slope=2.001e-06  t_peak=131958  comparison cadence=263917  difference=0.09500  below=0/3
t=541829  fraction=0.22875  peak_slope=2.001e-06  t_peak=131958  comparison cadence=263917  difference=0.09375  below=0/3
t=542829  fraction=0.22875  peak_slope=2.001e-06  t_peak=131958  comparison cadence=263917  difference=0.09375  below=0/3
t=543828  fraction=0.22875  peak_slope=2.001e-06  t_peak=131958  comparison cadence=263917  difference=0.09250  below=0/3
t=544828  fraction=0.22875  peak_slope=2.001e-06  t_peak=131958  comparison cadence=263917  difference=0.09125  below=0/3
t=545828  fraction=0.22875  peak_slope=2.001e-06  t_peak=131958  comparison cadence=263917  difference=0.09125  below=0/3
t=546828  fraction=0.22875  peak_slope=2.001e-06  t_peak=131958  comparison cadence=263917  difference=0.09125  below=0/3
t=547827  fraction=0.22875  peak_slope=2.001e-06  t_peak=131958  comparison cadence=263917  difference=0.09125  below=0/3
t=548827  fraction=0.22875  peak_slope=2.001e-06  t_peak=131958  comparison cadence=263917  difference=0.09000  below=0/3
t=549827  fraction=0.22875  peak_slope=2.001e-06  t_peak=131958  comparison cadence=263917  difference=0.08875  below=0/3
t=550826  fraction=0.22875  peak_slope=2.001e-06  t_peak=131958  comparison cadence=263917  difference=0.08875  below=0/3
t=551826  fraction=0.22875  peak_slope=2.001e-06  t_peak=131958  comparison cadence=263917  difference=0.08875  below=0/3
t=552826  fraction=0.22875  peak_slope=2.001e-06  t_peak=131958  comparison cadence=263917  difference=0.08750  below=0/3
t=553825  fraction=0.22875  peak_slope=2.001e-06  t_peak=131958  comparison cadence=263917  difference=0.08750  below=0/3
t=554825  fraction=0.22875  peak_slope=2.001e-06  t_peak=131958  comparison cadence=263917  difference=0.08750  below=0/3
t=555825  fraction=0.22875  peak_slope=2.001e-06  t_peak=131958  comparison cadence=263917  difference=0.08625  below=0/3
t=556824  fraction=0.22875  peak_slope=2.001e-06  t_peak=131958  comparison cadence=263917  difference=0.08625  below=0/3
t=557824  fraction=0.22875  peak_slope=2.001e-06  t_peak=131958  comparison cadence=263917  difference=0.08625  below=0/3
t=558824  fraction=0.22875  peak_slope=2.001e-06  t_peak=131958  comparison cadence=263917  difference=0.08625  below=0/3
t=559823  fraction=0.22875  peak_slope=2.001e-06  t_peak=131958  comparison cadence=263917  difference=0.08625  below=0/3
t=560823  fraction=0.22875  peak_slope=2.001e-06  t_peak=131958  comparison cadence=263917  difference=0.08625  below=0/3
t=561823  fraction=0.22875  peak_slope=2.001e-06  t_peak=131958  comparison cadence=263917  difference=0.08500  below=0/3
t=562822  fraction=0.22875  peak_slope=2.001e-06  t_peak=131958  comparison cadence=263917  difference=0.08500  below=0/3
t=563822  fraction=0.22875  peak_slope=2.001e-06  t_peak=131958  comparison cadence=263917  difference=0.08375  below=0/3
t=564822  fraction=0.22875  peak_slope=2.001e-06  t_peak=131958  comparison cadence=263917  difference=0.08375  below=0/3
t=565822  fraction=0.22875  peak_slope=2.001e-06  t_peak=131958  comparison cadence=263917  difference=0.08375  below=0/3
t=566821  fraction=0.22875  peak_slope=2.001e-06  t_peak=131958  comparison cadence=263917  difference=0.08375  below=0/3
t=567821  fraction=0.22875  peak_slope=2.001e-06  t_peak=131958  comparison cadence=263917  difference=0.08250  below=0/3
t=568821  fraction=0.23000  peak_slope=2.001e-06  t_peak=131958  comparison cadence=263917  difference=0.08375  below=0/3
t=569820  fraction=0.23000  peak_slope=2.001e-06  t_peak=131958  comparison cadence=263917  difference=0.08375  below=0/3
t=570820  fraction=0.23000  peak_slope=2.001e-06  t_peak=131958  comparison cadence=263917  difference=0.08375  below=0/3
t=571820  fraction=0.23000  peak_slope=2.001e-06  t_peak=131958  comparison cadence=263917  difference=0.08250  below=0/3
t=572819  fraction=0.23000  peak_slope=2.001e-06  t_peak=131958  comparison cadence=263917  difference=0.08250  below=0/3
t=573819  fraction=0.23000  peak_slope=2.001e-06  t_peak=131958  comparison cadence=263917  difference=0.08250  below=0/3
t=574819  fraction=0.23000  peak_slope=2.001e-06  t_peak=131958  comparison cadence=263917  difference=0.08125  below=0/3
t=575818  fraction=0.23000  peak_slope=2.001e-06  t_peak=131958  comparison cadence=263917  difference=0.08125  below=0/3
t=576818  fraction=0.23000  peak_slope=2.001e-06  t_peak=131958  comparison cadence=263917  difference=0.08125  below=0/3
t=577818  fraction=0.23000  peak_slope=2.001e-06  t_peak=131958  comparison cadence=263917  difference=0.08000  below=0/3
t=578817  fraction=0.23000  peak_slope=2.001e-06  t_peak=131958  comparison cadence=263917  difference=0.07875  below=0/3
t=579817  fraction=0.23000  peak_slope=2.001e-06  t_peak=131958  comparison cadence=263917  difference=0.07875  below=0/3
t=580817  fraction=0.23000  peak_slope=2.001e-06  t_peak=131958  comparison cadence=263917  difference=0.07875  below=0/3
t=581816  fraction=0.23000  peak_slope=2.001e-06  t_peak=131958  comparison cadence=263917  difference=0.07750  below=0/3
t=582816  fraction=0.23000  peak_slope=2.001e-06  t_peak=131958  comparison cadence=263917  difference=0.07625  below=0/3
t=583816  fraction=0.23125  peak_slope=2.001e-06  t_peak=131958  comparison cadence=263917  difference=0.07750  below=0/3
t=584816  fraction=0.23125  peak_slope=2.001e-06  t_peak=131958  comparison cadence=263917  difference=0.07625  below=0/3
t=585815  fraction=0.23125  peak_slope=2.001e-06  t_peak=131958  comparison cadence=263917  difference=0.07500  below=0/3
t=586815  fraction=0.23125  peak_slope=2.001e-06  t_peak=131958  comparison cadence=263917  difference=0.07500  below=0/3
t=587815  fraction=0.23125  peak_slope=2.001e-06  t_peak=131958  comparison cadence=263917  difference=0.07500  below=0/3
t=588814  fraction=0.23125  peak_slope=2.001e-06  t_peak=131958  comparison cadence=263917  difference=0.07375  below=0/3
t=589814  fraction=0.23125  peak_slope=2.001e-06  t_peak=131958  comparison cadence=263917  difference=0.07375  below=0/3
t=590814  fraction=0.23125  peak_slope=2.001e-06  t_peak=131958  comparison cadence=263917  difference=0.07375  below=0/3
t=591813  fraction=0.23125  peak_slope=2.001e-06  t_peak=131958  comparison cadence=263917  difference=0.07375  below=0/3
t=592813  fraction=0.23125  peak_slope=2.001e-06  t_peak=131958  comparison cadence=263917  difference=0.07375  below=0/3
t=593813  fraction=0.23125  peak_slope=2.001e-06  t_peak=131958  comparison cadence=263917  difference=0.07250  below=0/3
t=594812  fraction=0.23125  peak_slope=2.001e-06  t_peak=131958  comparison cadence=263917  difference=0.07250  below=0/3
t=595812  fraction=0.23125  peak_slope=2.001e-06  t_peak=131958  comparison cadence=263917  difference=0.07125  below=0/3
t=596812  fraction=0.23125  peak_slope=2.001e-06  t_peak=131958  comparison cadence=263917  difference=0.07125  below=0/3
t=597811  fraction=0.23125  peak_slope=2.001e-06  t_peak=131958  comparison cadence=263917  difference=0.07125  below=0/3
t=598811  fraction=0.23125  peak_slope=2.001e-06  t_peak=131958  comparison cadence=263917  difference=0.07125  below=0/3
t=599811  fraction=0.23125  peak_slope=2.001e-06  t_peak=131958  comparison cadence=263917  difference=0.07125  below=0/3
t=600810  fraction=0.23125  peak_slope=2.001e-06  t_peak=131958  comparison cadence=263917  difference=0.07125  below=0/3
t=601810  fraction=0.23250  peak_slope=2.001e-06  t_peak=131958  comparison cadence=263917  difference=0.07250  below=0/3
t=602810  fraction=0.23250  peak_slope=2.001e-06  t_peak=131958  comparison cadence=263917  difference=0.07250  below=0/3
t=603810  fraction=0.23250  peak_slope=2.001e-06  t_peak=131958  comparison cadence=263917  difference=0.07125  below=0/3
t=604809  fraction=0.23250  peak_slope=2.001e-06  t_peak=131958  comparison cadence=263917  difference=0.07125  below=0/3
t=605809  fraction=0.23250  peak_slope=2.001e-06  t_peak=131958  comparison cadence=263917  difference=0.07000  below=0/3
t=606809  fraction=0.23375  peak_slope=2.001e-06  t_peak=131958  comparison cadence=263917  difference=0.07125  below=0/3
t=607808  fraction=0.23375  peak_slope=2.001e-06  t_peak=131958  comparison cadence=263917  difference=0.07000  below=0/3
t=608808  fraction=0.23375  peak_slope=2.001e-06  t_peak=131958  comparison cadence=263917  difference=0.07000  below=0/3
t=609808  fraction=0.23375  peak_slope=2.001e-06  t_peak=131958  comparison cadence=263917  difference=0.07000  below=0/3
t=610807  fraction=0.23375  peak_slope=2.001e-06  t_peak=131958  comparison cadence=263917  difference=0.07000  below=0/3
t=611807  fraction=0.23375  peak_slope=2.001e-06  t_peak=131958  comparison cadence=263917  difference=0.06750  below=0/3
t=612807  fraction=0.23500  peak_slope=2.001e-06  t_peak=131958  comparison cadence=263917  difference=0.06875  below=0/3
t=613806  fraction=0.23500  peak_slope=2.001e-06  t_peak=131958  comparison cadence=263917  difference=0.06875  below=0/3
t=614806  fraction=0.23500  peak_slope=2.001e-06  t_peak=131958  comparison cadence=263917  difference=0.06875  below=0/3
t=615806  fraction=0.23500  peak_slope=2.001e-06  t_peak=131958  comparison cadence=263917  difference=0.06750  below=0/3
t=616805  fraction=0.23500  peak_slope=2.001e-06  t_peak=131958  comparison cadence=263917  difference=0.06750  below=0/3
t=617805  fraction=0.23500  peak_slope=2.001e-06  t_peak=131958  comparison cadence=263917  difference=0.06750  below=0/3
t=618805  fraction=0.23500  peak_slope=2.001e-06  t_peak=131958  comparison cadence=263917  difference=0.06750  below=0/3
t=619804  fraction=0.23500  peak_slope=2.001e-06  t_peak=131958  comparison cadence=263917  difference=0.06625  below=0/3
t=620804  fraction=0.23500  peak_slope=2.001e-06  t_peak=131958  comparison cadence=263917  difference=0.06625  below=0/3
t=621804  fraction=0.23500  peak_slope=2.001e-06  t_peak=131958  comparison cadence=263917  difference=0.06625  below=0/3
t=622804  fraction=0.23500  peak_slope=2.001e-06  t_peak=131958  comparison cadence=263917  difference=0.06625  below=0/3
t=623803  fraction=0.23500  peak_slope=2.001e-06  t_peak=131958  comparison cadence=263917  difference=0.06625  below=0/3
t=624803  fraction=0.23500  peak_slope=2.001e-06  t_peak=131958  comparison cadence=263917  difference=0.06500  below=0/3
t=625803  fraction=0.23625  peak_slope=2.001e-06  t_peak=131958  comparison cadence=263917  difference=0.06625  below=0/3
t=626802  fraction=0.23750  peak_slope=2.001e-06  t_peak=131958  comparison cadence=263917  difference=0.06750  below=0/3
t=627802  fraction=0.23750  peak_slope=2.001e-06  t_peak=131958  comparison cadence=263917  difference=0.06625  below=0/3
t=628802  fraction=0.23750  peak_slope=2.001e-06  t_peak=131958  comparison cadence=263917  difference=0.06625  below=0/3
t=629801  fraction=0.23750  peak_slope=2.001e-06  t_peak=131958  comparison cadence=263917  difference=0.06625  below=0/3
t=630801  fraction=0.23750  peak_slope=2.001e-06  t_peak=131958  comparison cadence=263917  difference=0.06625  below=0/3
t=631801  fraction=0.23750  peak_slope=2.001e-06  t_peak=131958  comparison cadence=263917  difference=0.06625  below=0/3
t=632800  fraction=0.23750  peak_slope=2.001e-06  t_peak=131958  comparison cadence=263917  difference=0.06375  below=0/3
t=633800  fraction=0.23750  peak_slope=2.001e-06  t_peak=131958  comparison cadence=263917  difference=0.06375  below=0/3
t=634800  fraction=0.23750  peak_slope=2.001e-06  t_peak=131958  comparison cadence=263917  difference=0.06375  below=0/3
t=635799  fraction=0.23750  peak_slope=2.001e-06  t_peak=131958  comparison cadence=263917  difference=0.06375  below=0/3
t=636799  fraction=0.23750  peak_slope=2.001e-06  t_peak=131958  comparison cadence=263917  difference=0.06375  below=0/3
t=637799  fraction=0.23750  peak_slope=2.001e-06  t_peak=131958  comparison cadence=263917  difference=0.06375  below=0/3
t=638799  fraction=0.23750  peak_slope=2.001e-06  t_peak=131958  comparison cadence=263917  difference=0.06250  below=0/3
t=639798  fraction=0.23750  peak_slope=2.001e-06  t_peak=131958  comparison cadence=263917  difference=0.06250  below=0/3
t=640798  fraction=0.23750  peak_slope=2.001e-06  t_peak=131958  comparison cadence=263917  difference=0.06250  below=0/3
t=641798  fraction=0.23750  peak_slope=2.001e-06  t_peak=131958  comparison cadence=263917  difference=0.06125  below=0/3
t=642797  fraction=0.23750  peak_slope=2.001e-06  t_peak=131958  comparison cadence=263917  difference=0.06125  below=0/3
t=643797  fraction=0.23875  peak_slope=2.001e-06  t_peak=131958  comparison cadence=263917  difference=0.06125  below=0/3
t=644797  fraction=0.23875  peak_slope=2.001e-06  t_peak=131958  comparison cadence=263917  difference=0.06125  below=0/3
t=645796  fraction=0.23875  peak_slope=2.001e-06  t_peak=131958  comparison cadence=263917  difference=0.06125  below=0/3
t=646796  fraction=0.23875  peak_slope=2.001e-06  t_peak=131958  comparison cadence=263917  difference=0.06125  below=0/3
t=647796  fraction=0.24000  peak_slope=2.001e-06  t_peak=131958  comparison cadence=263917  difference=0.06125  below=0/3
t=648795  fraction=0.24000  peak_slope=2.001e-06  t_peak=131958  comparison cadence=263917  difference=0.06125  below=0/3
