==========================================
Mass Fraction MPI Run
==========================================
Date:               Sat Sep 26 10:30:52 CDT 2026
Host:               ac018
Array job ID:       2163878
Array task ID:      1
MPI ranks:          4
CPUs per task:      1
Nodes allocated:    1
Python:             /scratch/user/u.hm357857/.conda/envs/comets/bin/python
Conda environment:  /scratch/user/u.hm357857/.conda/envs/comets
==========================================

81.57858070073169
98.55649011944905
110.16797544257156
103.35879692009797
38.42936326287077
30.39882883450007
70.7158683659995
88.9904561884793
50.123747213546935
117.41391019164011
47.233750873053516
123.1142668711329
103.30883662988808
97.874670279542
83.68453221231383
73.30802827044741
47.29939221659563
38.230343201631634
38.77304450077324
123.3367887483839
54.13303384297666
31.923924249938818
105.34624890345677
95.30989840219664
118.40920781819435
66.73794482051099
103.37148919046452
53.83245395678775
93.36488230810684
82.07723348401251
63.08656491336946
64.50291484648662
57.89035257088143
43.81319850718482
25.83796933884016
55.17080749086051
109.3002259695932
110.20550808169423
81.29067731323511
55.719379114254785
67.8992308527178
104.41753914039664
96.03493561798993
47.152803737495375
99.17274591802179
30.296758645003507
74.22405531857068
46.34623925223722
116.58823543127905
42.490764640745184
122.98700881028365
106.4287947155648
103.32241589879912
88.21843331485513
62.20423706223175
74.42907244207437
28.390620375791865
28.497510985175822
54.217313763521105
66.14002666897952
101.11795555873535
87.02290339592813
63.48030390023689
26.495793976997795
123.71171008027936
52.038338361946956
36.090205641162164
88.18366048573691
110.87512133533937
102.79479262021749
57.45719580849442
80.63713445309173
70.17445549162404
54.610351193472496
101.21399420231751
98.21101502064053
36.93619993874121
103.61221024219786
81.16334156851298
30.44242336361703
110.52309317688544
29.7610591029866
77.5746985991745
108.35515407149423
124.74325410267869
113.61086731784602
73.16978529232637
97.91686847502064
124.41597050222583
65.87794247085223
95.4635972585799
29.8394880230468
106.20654686568676
103.5301819913501
120.08907795645185
49.515310006925475
92.71415825365648
80.68320044482962
97.19383452453432
53.09165016063455
97.65697987206636
44.622740140681955
37.55488819240933
63.85543215430655
116.86331724158941
76.86398330576614
66.4585118362811
45.678522174289085
91.6082282918503
44.64889682678863
72.84582746424763
120.50806201749289
73.56988080564173
90.52735343909131
38.16940292827418
78.45051952912003
41.6337939556507
65.88399406068783
116.27359216419607
88.68468395588229
27.757000701117086
54.44903814664023
90.62720367782894
55.4702416471858
38.782486129713945
41.90413139151863
120.14609176408413
117.68500188566465
94.92480741140483
44.56564256379491
34.968446178396995
49.930594404105804
96.24186531577931
48.76806235757285
97.76157275846818
124.36857109624776
82.6402209029177
119.25552421166185
122.28496119496543
123.9042217319377
47.195238412559014
47.79854207794469
124.84444888036906
71.44938567744211
103.92462154439701
89.35360624161753
103.02868413226555
43.4953691855539
31.16360469370271
81.06203198586843
123.45216861609669
28.091534774186634
84.90320720626032
56.11886180095037
85.36300552655325
37.95232250985244
42.493091104903314
40.57822980938735
31.3762754664762
74.64566211832681
58.43890489516904
79.1674584651305
47.28302416527418
119.18640397397027
66.5575924922535
68.4225374082728
42.19852379897411
64.42476087549461
122.53898410359959
104.82085688927758
78.35891683889139
95.95688722241015
119.20430713737963
115.38846527714216
26.96733365224313
61.42369511383306
65.27536722003478
26.244585816058564
33.06974024029621
107.5572890048789
116.93064663467747
104.35667946352204
31.762989166958622
37.7887712885863
101.91455681204252
104.73049278158341
85.4875446253943
84.47960601861035
79.54186241628136
111.13221666144507
45.67580296073268
65.99214028081715
124.49078411925373
32.52290311782849
38.02304872920516
77.87871252014575
76.86759864659783
91.68965630588498
119.39193644797996
44.419958816728396
121.58443733151782
45.933842543235954
51.059139689236275
88.0944234625734
50.33362660766729
49.855660111055855
94.78421200929132
63.47793569560755
93.27195902409191
46.56522323464897
109.08380957157142
70.6105135897474
104.14728913987028
121.2492551684779
113.77091286469904
105.25838025423747
30.221751529380292
72.37945493094986
81.7666316210662
97.46979953712655
99.08157783265332
25.471777167042276
47.742775660838376
105.26547417865952
68.76831017023568
103.18301975320382
72.02308341079674
123.47489837577386
123.68926627903532
80.8499263120112
27.260067306553548
39.34026515018654
86.82493443007988
61.24959419733946
55.360254575138086
59.47533493017271
79.46372588342572
61.00544097814863
115.66578532190728
79.82564896274162
62.77040551673254
73.02245889165192
78.38470352627729
64.58256572760425
123.0911088422261
109.89761618222168
83.81988987228074
118.12056375610655
79.60591359333677
112.41556826648849
89.83097436502328
83.72475921696208
34.874958087260744
88.52904856640924
113.44122551767303
55.57677563432317
82.0256729137262
99.50160466946235
66.75097693473317
67.46586559204016
82.70721615465422
120.5504944954098
73.65976751533347
104.64166270463217
89.61717665806465
54.34165627945788
39.857022182847615
52.89114851696655
44.63398949858636
65.98013091988236
72.5843472530967
34.86881647812983
114.11853545068792
75.88977948266842
39.514999910986624
41.62762310061687
81.63529114092341
122.0039113231417
25.761380163609495
83.31880341439461
43.07301969000254
65.53619438352388
30.816557017400058
117.80159845784118
100.17148297400091
78.56460804334253
28.007592948611602
85.9176163846142
102.53725572323685
100.40457491661658
122.41330708630733
45.21324203431077
80.42020271042847
50.07025467123142
68.36494962580821
110.2880521861641
25.979549926751478
120.63897654651466
39.99851695535867
29.180953906135688
40.32812938379301
45.16641594655226
31.127094811902488
42.90366341497666
78.54225274712805
77.94751153197987
122.87716347116567
28.017114179701487
124.52013322607492
99.70180823923724
122.13948456154186
86.39753069473551
60.56129075107104
62.980551906808756
102.56501346501521
61.777608341314505
102.57550641963978
32.64049745989195
70.0186371253117
29.134663074564806
66.75251104912815
35.04892767109088
117.97876087113754
124.02939786588848
86.2239434069802
39.39992407762834
41.30657004022792
60.64950272015627
87.54799918194423
122.17595360833816
92.0873402731688
44.896714788542965
27.74500032728362
51.40914905227617
102.76515285241594
61.22842265596255
119.92578245782546
63.10435145703589
75.12449344367673
45.2039928920543
58.129554599334746
68.89135732754922
72.1341037322058
72.71948731693044
98.16069580186789
41.41193782754677
48.04111145870195
69.34922537691503
39.42956232475934
103.57435918168744
124.36189659617924
51.40626867440115
37.33907963694554
80.08826598191165
117.7174758711811
120.69376428691501
46.271879314079555
118.49286297618173
64.52098324410733
114.74388051154615
80.38014842337523
35.86800607148335
64.7941385982924
65.94255377379827
103.75619791258045
85.43094950591312
51.290838466909335
73.07638185420615
121.94515715510782
32.85061757594313
65.05102091919895
53.40855399280756
107.16552419314344
29.171908009282788
40.85768693907288
68.91281760184293
98.00493023207548
48.1294420682279
82.23468303389453
108.56346876097429
61.28223731742306
100.28933573303127
96.93219453435326
98.31106219847854
101.89207952558186
45.85701049305578
60.37378552084066
35.957457267506385
64.06993002985098
65.35103602862978
40.43806923700926
88.89954060913007
35.53848878667873
32.85053005785584
84.41731561850366
107.65059795401207
86.46748911637005
123.50393922738293
110.96576537002935
76.88581530462241
114.73237112666756
42.70536593709863
83.43405396699796
119.50912120789752
39.06086780438911
51.67938488132252
80.97278963655852
118.64351011266334
97.20640014606433
83.6039989915725
93.704220348
121.49172143257455
76.28330673056706
118.27477080248318
54.879547922814425
85.2813233076929
123.37646084139891
80.75339297017118
113.53312440224066
115.64370475070668
65.6990370973935
54.9647695471974
57.01678243778221
61.921742783967396
119.78233112944216
57.1493283054068
70.26352804273313
45.14426962275526
113.81728953749308
86.84740698029601
71.80334662551144
31.58520190035048
121.99413279317633
84.62193525802459
69.70462099831279
88.14738635708856
105.21720104234504
90.1878777971933
89.65869372876458
99.77299707939412
48.45050387967169
93.43001225552206
63.08257284003359
79.20949527217468
31.74253785454274
60.935260168293304
91.21123488694698
91.35389497327886
64.70872778827857
39.94680905362269
54.04612681592358
26.690389006712046
33.51860186174757
108.25037501653063
80.30731425181368
88.43938450098796
62.145518371674946
111.32089773571246
34.90120977750897
107.14382409188836
117.44070803772404
61.68888516001609
76.0059478853997
89.62376844596433
112.74870913609702
104.02618634844735
30.840348512881743
44.45661121062649
100.20028090427049
115.17932141967432
64.71795126389283
73.82476245686416
78.28675427051424
25.53812741780883
88.64321807873364
35.10702120883732
94.53270155170985
56.14384669615434
65.7349074947964
44.68091874766843
52.98271981170771
93.63021735503168
102.32488342645053
64.98077945939286
66.79017277408039
73.5177101534268
39.19567260697128
32.407607911533354
76.62208003665378
56.98681438453597
124.448534867066
37.77093854489083
88.96716932751673
34.47047447563263
50.370642678445755
32.271332844828116
98.53837033171581
51.67557873878633
55.09828935404174
25.172517556059304
39.15560713535844
117.35450027385428
39.52607097682671
54.77520456551146
37.58193792894934
62.62016650748895
89.38731326225914
116.06295244449683
65.84858631798303
58.59276894694465
52.61522995531094
121.20569134372285
82.7927964232181
92.5185519289647
92.80981056246432
27.958361272450126
79.48703166230337
59.272258562629844
65.07039580616109
40.024252936063355
119.64394420514478
73.83229428292137
43.283696274252705
97.17847935263873
107.77122955545376
70.3896938650013
81.36338989178178
65.39201269630934
34.58762628286384
91.10068962310898
68.8108510787296
39.99032194350325
115.77396554862625
96.88119315460622
117.35137440614439
103.86940261324547
105.73179094230993
47.630826854348356
107.386080188185
122.30968252663412
97.80918886578729
79.50659587373525
44.911039293677575
42.55307156843638
43.717221563621706
107.69821067398925
35.18841457480355
119.16972815671429
123.45134028636431
86.74824824186145
114.95790643177318
38.542461897179514
65.55012932320238
114.18912920610563
35.81838714394902
52.930208122194784
108.30276567813196
53.20145925037365
108.65557494603581
92.37984484132654
29.64830134576203
60.78033550873781
117.72222060716513
39.78460583997065
35.30940178695374
101.55503277561809
123.0661281999124
73.45055292799069
70.79209882818323
56.934052253064216
69.47871449969543
118.86265106753471
106.5625685946136
111.5720075044536
117.43419544606357
102.4557920259532
54.60118161669063
38.61650837969495
70.1583353892277
102.16504360981558
124.76247668660902
89.63078632463667
32.78569262520037
42.1632340902619
54.744124997579775
83.3899977667007
31.457660481788174
58.0712811242938
65.31781818308843
61.820504615504014
80.25119365954038
72.70463772455875
57.108283523727565
100.67819439731728
33.91229567414031
117.54510480788458
80.30070450669467
105.11855541545555
71.92011809903576
28.752213649170965
79.15275626629615
62.629682977540526
56.78855868557508
92.20018023247174
95.71873537800045
85.86402211847052
61.91881293076066
79.99315927253672
59.06273286690901
41.4526179033267
68.3502286693201
77.09409646510568
123.35011033534643
57.33393883209421
95.07297410402904
117.58144113514395
65.89060000780952
30.96959830281023
114.55241088935652
44.4648408258945
60.10232714503173
71.19222625457576
104.6453084030703
38.007924106863335
100.61426887121691
110.73536316557366
40.66092382452712
89.59554205438522
36.49360241525602
110.05093227563613
67.34718142019335
68.98616441172517
35.63484128568353
96.49097597957213
107.64555406797133
79.53510941942123
108.63273188826368
54.634252473673385
93.3920614323676
107.40218157686493
79.3437841922733
42.89421246008397
29.12186236128033
91.10540011244107
75.15565111029417
110.07200281639624
34.57856828492463
92.78123185770836
77.34724580439699
110.85775061394719
86.43202145484025
60.85767666613759
55.87340836017613
85.15834318362572
85.78794605508428
65.51992045172045
58.985633238595426
35.49696406401558
52.751784104605846
64.09491297437211
92.83530778846564
103.59000744184587
124.11498156021966
78.00761996640787
94.81996357789968
93.07612666838997
84.27891006750207
113.41055524832716
95.45627399173388
34.19286123220093
42.08360436073322
53.81632362179166
46.69357641874483
87.59732199953426
33.462362528936886
60.58515327993285
122.01790766130352
45.49210119108397
86.8898165197771
65.75191401582859
72.26432442592085
31.762681672998927
57.104319064937236
63.41970905125996
38.53011132268473
49.38519951704077
120.72130732948327
113.57322524971799
32.69749128621704
94.56976364884059
90.65941959539128
64.06084930070249
57.385062304949116
77.93113693592032
91.14762036398048
75.79495488663427
106.02750759287454
104.60078723840309
73.18954191728082
75.61520826304522
63.054393606461744
78.52806665276145
36.89210097244301
26.98035082729473
62.65037422816149
46.54220071860955
107.43953366621054
93.18092265871014
85.3970056785216
85.00977234900708
62.86075784724198
89.18433300089963
43.55942177270791
68.90664808683476
51.032891236211455
69.75550855109894
71.1301644482767
65.82785722485744
78.53564954028235
68.60966039466781
101.25395724655716
46.99269682887895
83.51315093320716
121.06603639010487
66.37031671981973
73.001047162983
113.38678479376543
104.88963174766106
49.36552084917726
72.46401486280587
115.30449654127548
71.38868126081601
110.39240366900502
32.291334571232426
90.79538225573775
65.37028479399405
42.37213611400183
115.08421376473096
105.76518078262748
69.89221987119836
27.21327341271824
97.36612292799109
109.69032729718047
97.0563077097385
96.95728791066564
96.44013215264198
50.24047856651045
97.75650311825575
100.56173709173318
57.01359100475929
93.14283543319947
123.87802282199621
114.1892080744923
74.92630993256597
32.18510399731706
87.02490726864661
109.7959408040401
98.87689897432844
118.41431903298869
70.4862254136143
99.0467371132712
117.06452213687616
82.36022015395963
55.729613799212245
119.9483479613378
26.559007370123243
67.70436925549598
123.73305874275748
112.6951126593577
75.4790713791799
67.80695982902101
30.417212897571655
66.80680063536614
119.94270149406478
70.86444383618925
79.11604454834809
69.14433208993817
76.44756021076594
94.24227824740063
51.12240832425101
74.82967852303682
60.78502449215887
62.13601183980519
92.62404982305257
63.08751540253989
112.25054712458912
123.91854555374707
87.0017426509257
59.96697674386052
33.329587231753486
64.1878113142706
77.05493983112963
105.46773300231781
70.57512292514961
85.26380362165634
57.50449239980071
95.59563743061528
95.12176800523866
80.45156816446718
27.525477447836412
Running 800 simulations with 4 MPI ranks
Rank 0: 200 simulations
Rank 1: 200 simulations
Rank 2: 200 simulations
Rank 3: 200 simulations
Stopping at t=100047681.60753204
Saved 793 remaining particles to /scratch/group/p.phy260085.000//Mass_Fraction/Outputs/Ejection_Results/remaining_particles_2163878_1.csv
