==========================================
Mass Fraction MPI Run
==========================================
Date:               Sat Sep 26 17:09:06 CDT 2026
Host:               ac044
Array job ID:       2163878
Array task ID:      2
MPI ranks:          4
CPUs per task:      1
Nodes allocated:    1
Python:             /scratch/user/u.hm357857/.conda/envs/comets/bin/python
Conda environment:  /scratch/user/u.hm357857/.conda/envs/comets
==========================================

110.47907621475144
98.51576789269993
87.60321391121282
95.09401188731307
34.04109601355021
115.62064620545765
86.6704111200099
102.48598983326586
79.8648839769001
68.55698895591442
36.430299388551546
67.25902588911207
88.20376249019603
82.13454841129116
30.016030074208743
118.64915096283598
44.16641464399904
105.17052260190404
61.28716391657487
72.23257781578573
120.06074136344137
48.93647617489131
56.270024674142164
45.57721018646957
117.22630411520363
110.48979478667268
71.11314639472555
88.98072214571353
122.4383836444841
34.18798306568054
99.92878945454152
74.04672915533496
30.190068416470695
121.56500460573055
123.87667339651911
94.84393581474406
59.687599704564775
58.3121665100072
51.22856134780368
38.56479978081757
67.6348327583462
30.967465018252383
104.23200684337775
91.07384476985155
58.496910203067344
105.80368029547378
37.452364708417576
91.57149074457729
58.49619808560033
66.07056570770509
68.83808645775827
36.11388611130687
59.54515880016156
120.96317540073194
39.406824416682596
43.05716525517086
46.738002693660164
117.39842322900493
61.526586221281235
76.40846173096193
110.22153661526805
28.309925309143726
51.90642245214568
46.36523260792757
81.00866041275489
48.07522885927672
117.94432432042987
83.94617790772016
85.7076341990724
113.34394814738073
73.50274358243038
48.71128830664229
82.65858220438994
95.68525838081446
103.3143409489711
114.3621623710802
75.96973960093419
93.34613358815866
36.27806786911235
48.79665337825213
63.40067097797345
31.849281091147585
67.13469044828486
52.09040660475243
106.23840316437519
122.1701855365493
62.566218084291606
41.84924799445993
110.8192917203948
37.28694280630227
76.08666694238107
119.90210901012122
106.56631029698255
101.04495509317223
59.889782256010584
55.35954855588105
32.54518071730024
89.90899669262889
37.44264747379656
103.8886109522539
104.81973018791551
40.07629576178695
49.88649335135777
109.11666578102802
41.2448010327611
105.46431781585135
33.82330683813484
113.6757867878034
85.27465333758622
84.31187631602158
36.99445785599792
35.964511423201984
65.51747444886875
43.66954874022265
25.580555268787563
74.34596632406223
94.23992974325351
49.820323835596966
26.982064348808123
46.63347922900384
108.45446089553316
53.61296077043586
43.171792857577294
119.58160626226977
57.45015098874317
100.25387362476498
32.03724728975318
108.79910710440383
35.42491323386749
106.79437922057231
52.63713814218768
107.63591731300474
36.601650902956365
63.40250917383803
39.45568646156542
101.92689468354727
117.52644833276821
102.71579431518903
44.60333904764009
98.48651112940766
58.23543435307088
78.54060125363412
46.62564731123807
114.21000116618589
92.33260223119792
59.026458869643726
34.74209074386615
79.38760982413505
95.0786088339485
119.85031962639637
51.227520451540364
34.931506786259725
40.025242259501084
113.01212222972066
61.16090113999677
34.122728426932625
50.59791665815486
87.32200853294046
66.51723624434905
108.29243492120013
37.9840698132999
109.641163498991
43.065175588072925
106.70703525937199
116.18270432907322
32.102666086863266
103.13421102104222
48.223955218942436
59.744255687569684
42.19788653060296
41.62803435678647
47.6949763037253
124.9427203006679
77.48224909744935
105.00528203511081
110.00656372243563
51.00255963909096
77.21060855571025
118.66921394389733
73.90526510095269
113.63648270482409
58.369796731204936
35.67412764903184
49.97549828814337
83.09484597109689
113.35170003522347
55.21335337507402
60.695928321734435
108.0103388837762
76.26383515532157
98.47814052901954
78.30924466770767
99.18600495060292
31.05961911740622
41.7767313881601
37.339272188797814
29.5703788698529
91.40984905943641
79.22495318950769
111.62155531721363
70.21727856174812
63.40693018857733
117.7606045734634
123.01819036243388
94.76425550839087
33.13457852647785
109.85552271625264
45.38818841171989
82.06130782852176
105.75339092081255
65.46169027700843
89.41402543154753
109.76949626521831
34.47545945067405
34.66709774048484
42.7135717913158
34.07840291690566
123.94409836116576
40.02437985511716
72.92981270792535
82.34085038215775
55.48290989141069
94.46609164737004
92.74785711095714
92.24930741598482
102.00943753578579
124.87506399526458
121.23267686571744
71.11596965956352
73.8687177149996
124.04478595109228
88.1107071319809
51.30255070556677
31.991684965019438
91.80852058609533
50.731937967926164
80.04954740989439
110.46212854630946
104.90625853237026
64.2025472469989
93.84587698658918
84.39771672821479
78.61840782441433
54.51259102120429
87.69894225074626
103.14822702799418
74.44444106701107
44.39330137052383
63.03880828382298
33.315252667821795
108.06421728372237
118.14061936238414
65.2113718431618
25.912511852032495
94.54440256019771
123.22008687667858
43.60731749193641
82.7049596879406
121.43387549312882
91.91175047874289
120.26574978696962
88.44009576341945
54.42641549631729
115.36452562785841
87.66969358319437
49.211345583968125
38.27637715873094
25.017000894907003
37.73918114222026
77.43235404477525
82.24045207782325
50.50346971122474
59.99585071975241
78.77905361454874
39.840369940591636
119.45876266711221
39.29088791213768
81.70740014197054
93.38265742729675
39.81882082600833
114.91725824388914
34.430339394712185
37.83801413504197
34.08955841853103
87.28882797321012
97.33568203096567
47.96074893294991
115.09689618044312
38.47738882886248
38.15843797439058
25.785220818109288
26.3931452129623
90.32550395206103
119.34183493842146
50.30335694000978
98.27385731492998
37.02736844056872
70.53936035257709
75.72784117965273
51.65899471377698
96.39233231978773
115.76291106129183
90.82746925220341
92.2706510176925
68.99313028554748
109.65733215628968
66.6675404334419
73.28956007795446
79.76694755640702
113.85690357406173
111.60625267961932
52.89126833748536
121.1573941124305
25.296176130201907
95.25942970999081
101.65220314253595
51.43409311741314
70.5725315267334
104.76286248217549
47.07037666094706
49.68717425912509
46.18237721185781
95.11822453514633
66.04987935395778
75.0849134324182
40.33934455773496
87.11866691416053
44.2513807436392
55.36164681185648
71.11862704743457
122.508663122641
89.99366730276319
112.36327926352165
50.91639128259099
55.361792272495315
74.99673938347945
76.7696867705778
123.76600654192312
73.25894435063287
106.88547199839911
101.58876885832612
62.52741619729129
56.578697071939374
30.895544980473275
74.72246050513868
45.488355675061044
26.39224709590363
79.72987932497571
63.53951409287699
43.324636288188685
106.28063463398756
79.89032562863832
72.05868901215982
105.84443422833479
56.15705661613558
52.754234073611386
108.49300006899205
119.9726613448027
51.85798083001202
85.86803271036653
33.53323627918944
86.62990713993263
64.14601250659169
85.69109465611737
72.17788353073561
32.87337834100897
65.2726966254769
82.94189223604091
90.46809603608224
26.78100859228253
56.79186875526856
43.93753147561379
36.96174010677483
65.84806306304421
82.26408375114067
110.49655910832035
51.67495664378696
85.69002654080714
45.68608322611826
85.9701763187502
48.374688852823766
61.111563116260726
87.1614137614045
116.31973472776144
112.100355507604
83.61103812133334
33.71389031852338
76.6608590023599
47.85879949691453
68.77087205089185
104.13508855957419
48.692219537699884
110.66370896943049
31.862091458829145
46.73135809766825
104.71232025353913
98.03578958128499
112.6410097123701
30.940436221455414
69.06376598888747
121.50016203159323
60.186287347118906
120.10974933062437
76.51909355961521
61.21416505397561
99.19967185632433
93.08256990348997
25.102310986973407
34.04794810636128
62.62283131500733
94.49814804735195
83.57852784393444
82.27140683691226
95.76199120348745
116.97528700233562
102.92025677400942
46.30296900870066
93.1024498425489
32.49230532729446
45.95261302581676
45.36827124299765
93.62135453016684
43.40436451451929
40.83940945527716
44.40092788258049
94.73010466481385
96.61751768745243
28.8513083425485
117.43845770681546
109.54127082812293
94.3807349275556
74.92699147968969
98.23239281799967
90.02080709427152
77.84241298776942
105.59988498055264
58.32283485400638
105.45742892347316
100.69811782855504
27.121256423959583
91.70933385637655
42.69123460166902
37.9976449049933
36.24918114772491
42.039942788962406
67.7543927744861
30.84158540609858
109.43516151008271
121.25345075322184
107.2829290921219
87.98592158186281
113.01548224769095
79.77679552920333
113.89068854658285
92.35047005915202
103.65083132801985
73.80342932105835
57.508966153181376
79.28865249602761
38.6559968806218
77.33702256755406
27.710431111688017
121.39493050374374
82.38557238348581
52.53442849670972
110.96866387421976
121.18186956360802
86.1338550188697
36.229161813160026
98.26008921842933
98.52463876766309
89.99502775164015
91.25973731960894
46.69793286288801
84.97321204378298
110.32204417801256
37.02005190896554
92.73774234002798
28.291455556141276
68.49799009195893
64.23227776396485
119.96961757258114
55.400180037929346
65.36757199142455
73.64203428634387
68.33948102342006
75.29067058589911
51.71887880926204
60.5971569560674
44.9849081034521
64.33595664981783
87.82922169866524
78.60978335293585
123.56972875031312
104.57666309109818
97.11261023940278
112.04712536348262
41.50224301538452
82.30073649121863
75.40778577833356
62.63734539830654
104.78240015882379
99.31599187042004
103.38607446767028
122.50745839396097
121.12696276721327
97.33049626991374
31.981114369747488
37.89262671697357
47.33295682509937
100.31534367832138
104.86407540656218
121.44370439867866
121.96229100284623
87.82627612192302
56.0315118779563
33.534215078317345
55.107285167293064
29.628716210036167
91.48736834129811
29.640460254983026
58.73906379037057
97.33885153497968
26.812535641526626
94.40091860550149
43.703333781533146
110.0362148651836
106.66597990128965
95.92540940782149
30.05980255404991
71.8476469198665
109.86126535602746
111.43295885570743
122.77786924959531
71.79166517719959
54.50757854926748
122.58920272953975
35.20795885486551
95.69399656009064
58.40104945580501
67.59352676740241
63.05677702981101
116.62027508911304
103.93691524116447
59.269636856483466
94.78292628279587
62.16601063454207
57.99779296032802
63.12990243531651
41.10781983437535
91.07345249383587
123.5292521612669
86.36621321953368
103.93127369971837
119.32286040463211
70.36969972144169
66.53909497609351
61.163410817044095
75.95240847631104
42.07354808747825
45.21941004302154
116.73171646383881
69.86105157198328
30.113162094919144
94.16855246287707
102.47628245505308
86.3401595485949
71.33644026427797
28.086865220597133
55.76895436286243
97.42357233570078
102.42155976733292
116.34603268308112
110.93540911535
50.989010866016386
97.54479135073504
117.35517002517017
81.11374468242259
90.99285918716873
59.804310257997905
61.4937988418469
57.18339455460646
79.60835589565409
75.96809670346359
27.334886611199927
74.23073743983261
88.57670954711192
97.1385511485652
102.85281541812734
104.52805100640158
107.88987431997971
38.76171295512273
46.104387480919755
118.4915350152624
47.05862809317336
123.30997908019823
73.19234327184574
100.48131653700541
104.70566827719314
29.87871470594974
37.34144583992099
112.10443597615293
106.60655314350359
98.66367418998601
92.5711386180245
30.674636708577896
108.38719844510318
69.7254773624608
78.48208184486404
76.13504568353045
74.84169698006095
103.28471247055971
91.7176122939609
77.46643011584978
85.75049438617899
110.78056601853632
44.23116565261739
119.16393381327724
57.66481703064249
115.67141578108337
99.19756148990334
106.88426602591812
122.73733273150552
107.5018748861981
124.39701334563058
75.11253460336955
122.61668798182755
90.97919826831466
98.12192408111505
35.79406010495977
45.2939289330244
79.42558534308435
85.1262677137689
86.26536286444954
76.06336544873932
93.40655293400117
86.12434532628222
27.92050552344888
51.13133843648694
122.06299487895375
101.03367867980317
104.54570248018574
54.016503322766766
53.55657418356847
66.88280403024541
121.27155546915793
85.34846925190999
63.18910909671048
124.80194459625932
31.64897406887959
33.44017305243845
57.818244712045875
89.19920387498267
111.69367665852089
52.13309404041678
66.50355711869753
114.28922522946105
27.62209481062906
103.13552532315096
121.65400061561178
90.8665044158178
76.13961903593733
56.191027727743545
26.645980763119493
34.31157087539031
81.89231143221427
40.57681539069874
116.86177092935004
77.47682984825238
109.52914865840236
118.30107762554114
52.338948139250064
90.95273901371745
72.95014715287147
54.04988357880636
123.83277060392362
100.12360078211282
53.12305496349484
41.05233612187038
101.88670295248268
25.516816157645795
30.50846844145366
95.25677065400453
85.74028684298199
115.56627166804277
100.18645054250854
34.52678948326092
72.92519275204401
46.708714318846965
25.677149579452696
81.44951093701471
107.15279670823635
53.437242863868136
32.841805666294675
111.24948177660762
67.13755014649237
93.8254611436404
98.03939620036749
115.72011391963395
48.11913171291394
107.9991415532787
87.29787802277417
79.61164970009757
76.41444977634953
93.41956247394083
105.0477265731945
74.06007560208164
31.304444367547635
53.42370253588027
49.66754042143508
65.07588917802912
68.76437713694493
60.59907899571312
75.52699672582835
48.96987654909556
67.46591513711523
59.86628074268528
30.62363903719416
110.37402478054719
99.8505073698077
59.34394028839838
59.86642899512557
95.42185753986854
31.396733840262435
105.22304627559447
108.23348388542593
77.53347657306934
122.7726787135668
78.94664075585267
69.27697883187949
102.72488945849702
111.09178779405161
122.77119580358338
81.25216533891324
57.8145827969545
124.86631225601967
119.08093744192828
115.11022085658261
120.46081381795574
105.77290877696508
124.94922867517695
41.92738274717461
61.61943066360085
49.9649855212099
99.97880448866448
26.26579298398788
87.88427977816238
118.05994007137802
70.33000082457895
119.95935290748271
63.43356229315691
30.51684000868937
30.686606382781267
36.125571628602344
45.928700872781846
34.95224693283927
74.02211683394124
98.11123159205766
115.49097253877935
60.70651114132384
50.934951259093566
102.11975580523782
124.87952742535904
86.4142851910289
43.072319346893494
103.77477137154436
58.81969842396722
118.8734591993609
108.6548326225891
68.05008145417597
38.340346768840405
59.46924948819936
30.274291536011578
62.745493186556125
82.44607741428277
68.94127641651717
116.15796056257862
90.8938907152928
94.68548053840256
26.12737322338703
108.06546773939407
51.3110595585756
91.98811395944584
48.381820529782146
105.7839293847985
53.212945718367166
120.82052484941586
79.3902310506956
33.33951007747301
57.53105481904315
Running 800 simulations with 4 MPI ranks
Rank 0: 200 simulations
61.61228494465426
114.96275484302875
Rank 2: 200 simulations
64.84749477473139
67.32117311263518
105.93652244451441
61.3798102899472
33.11105908920201
29.682295219119304
110.57741143716446
Rank 3: 200 simulations
47.22850266160358
Rank 1: 200 simulations
