==========================================
Mass Fraction MPI Run
==========================================
Date:               Fri Sep 25 22:24:36 CDT 2026
Host:               ac050
Array job ID:       2163878
Array task ID:      0
MPI ranks:          4
CPUs per task:      1
Nodes allocated:    2
Python:             /scratch/user/u.hm357857/.conda/envs/comets/bin/python
Conda environment:  /scratch/user/u.hm357857/.conda/envs/comets
==========================================

73.86352821763334
119.14489170095271
56.49913469242457
117.59447305025289
64.54552527024796
86.11806612964473
71.54613750140798
48.580041856898625
118.21145756926038
28.573360212137942
107.01179707231971
111.73109010045688
103.07160597919824
64.8856321291727
104.22563956516457
53.465435543619776
46.45009103922377
120.49872681902653
116.43413594054385
66.39215448860058
87.51397594649247
75.96443260621912
89.78390949336428
41.911849173056126
120.06318838502716
88.59073032893849
49.16509984019195
99.9384968807172
53.83545677171354
65.45955625953756
48.21976236380337
63.7197809130992
60.04643942133977
108.52278819973537
57.687788614995014
94.14992399321338
65.77304403968915
88.10911683736828
99.01316696250014
105.98699274983636
31.374583533050902
52.17568359097853
65.93758275788238
120.13560943685381
50.836888448462446
39.28693186675345
28.674272597341943
69.60038904726383
44.339817324644045
65.87389269598647
99.93762417104428
47.95094263292927
33.35863492548481
91.36712956527887
72.96135200761427
57.71482491807687
32.543176465838776
86.37983392970072
91.20351242819392
45.528846601857865
59.69747260708837
36.7801686731238
28.125578779581673
79.47606376532522
46.34164883064648
82.9907711605783
40.13565580850573
49.98484094692523
87.746934802691
64.84677170913056
43.27534890474682
72.0488351504404
58.58697359170224
36.552589133251516
76.72733256539209
97.89715774435723
103.06744719688302
116.76363526552824
61.86670304140651
96.7442608288839
34.55206125752169
56.77691484116919
68.31742098033824
69.61757666046424
31.998839089131593
39.76727104269282
115.75237059003788
108.59180328982994
108.46952449969241
116.61358278707836
81.54188176166491
62.44362724660103
101.82573570656821
63.6083946659492
88.96179406506084
116.7989067601021
64.91176861799504
81.63565892199497
33.908333968007895
64.31531187208779
73.44472392244668
34.87269411781131
111.97350069247953
47.76605129222733
81.65978730910709
27.174109102997058
64.68880006985766
78.05156251041524
79.03860315027677
94.58337751156412
117.65297862743901
115.52237120829732
88.34845845876106
47.638311883085805
80.10708357630665
91.55586204397817
44.310487029958
105.89272037291146
67.17998373813589
82.17395048439792
67.76379165706449
81.05379735476856
47.48924880427289
94.53665781891853
69.31491146191651
86.1803943449892
96.79841508710224
71.14051194326606
89.68932349899723
73.18474550890753
77.17375210895803
59.75369180011857
103.35378083279436
59.08133139936276
74.92269137330405
91.91482760952023
123.77698948503284
71.56987233342855
92.42086384838684
84.12171768105098
68.07066239596116
119.29249682475647
84.28902667466305
53.20322718085442
72.5803246800364
47.20444217741007
50.788184032199226
115.41409141467757
67.23455219673767
47.586811822622344
79.54867468571203
56.065368394191054
99.11331263059105
51.47167207880838
47.94502229693705
60.588164204126585
96.21823792152557
52.69798600900974
95.05784646703158
122.49786423276237
59.02392225296327
106.17469464342257
57.36218419088299
63.41856249215613
33.09160727052553
108.68716334155998
122.65297585761193
44.331281205290125
51.59454628124382
118.531347835552
120.46300079813605
41.51951817889305
33.579902150049065
121.18687129966807
80.7267725497087
116.93113334844864
92.73938939854132
35.878447490253116
49.20157911661405
101.26636000950582
68.32988907874568
25.421305026469533
106.18263098169339
53.195109637063865
82.16098825359583
40.53342559429972
45.93449182163043
33.05563578398721
74.07012963486434
52.02958538882937
100.51249445490198
29.50460758595651
116.19830114038187
39.406629173225326
26.996167383838234
107.83516066052302
110.85438418759328
67.37822956407666
122.62527066796476
78.43396636418038
88.34090221259002
73.56046541101168
81.60975037631603
82.67886147343762
79.95129164118288
102.69270882066803
117.53913319566831
54.68772210883005
114.70837986186328
93.18668878925509
54.6831168372765
38.93870651646485
30.887023654468102
35.91489937553597
121.2329762281957
66.90908176395835
111.33135607373467
37.198707806684425
95.45904400169263
115.58282915375297
93.3144298888401
116.99221383525258
50.9031065264109
122.8095501100712
81.9838937141088
86.38085283972542
27.860037366876313
51.277075867549726
113.8382024043496
105.82484483279745
49.36589782662104
110.22501532159397
111.57731250755401
65.43169730152412
65.65844085894172
122.52924126333144
106.1520136930503
108.73407628835376
57.109503126847
67.22699902012974
59.373061773393765
121.038775775181
61.50244617473896
120.83919721744279
74.3552187514197
107.29789280514417
80.28600850399982
78.19746587903683
45.65099583326716
55.95461405253042
79.69079835664263
113.92620192922908
64.50629904017963
64.42480154754867
81.25035457922074
81.23510349405869
54.79192972064344
100.16882276003136
111.76530264502139
68.96889966679547
81.85641199106449
87.1453638046078
60.04421482032611
80.75692972472666
58.036223048749456
69.24703839477576
70.40606471031825
67.23630819154387
29.716091967157567
42.35389572438104
66.85659833199574
115.64543994484514
50.504158428341896
110.52749480219
30.740193353625912
97.51159148412685
118.95539909747129
55.26539376046736
85.91795622678059
32.73935214213037
75.21876348753857
118.37399249391711
90.37411305023801
27.419600275928335
111.34115869518143
37.25163836029818
31.172233142027807
27.734534764380857
113.88776374661927
30.439277332416502
62.252335140444025
56.028268155003815
76.55389909965254
71.53685733184096
115.22111979273527
27.583637984982744
102.76694031640851
114.39165544338162
89.78001937278303
114.64791982883756
58.13969321588288
111.6285824469777
42.730681575577805
74.22333102781711
27.930326363826218
107.50587684005126
33.34053508094753
72.77835233576178
29.413611488135217
113.1017508790783
68.01159517381151
56.37163779832329
71.43840067389652
56.21582751429557
30.19399347938796
84.79388263176857
86.99914370435536
50.58781307056287
93.91171322181397
73.20016513038917
92.48378310384884
119.50904185289252
70.39891351745193
108.74466821238812
88.7904371517894
49.01766039613092
85.32703730165343
112.95462780923208
90.45496829413881
118.30091890901605
88.16994953073547
46.462225067538576
39.46563600904533
56.3274824400267
64.46404170282315
92.08235473023751
81.3191661588001
45.54696097570492
67.30805989859226
45.75377191524983
118.71420754765853
75.47900015680807
45.016615399813944
44.15159345621704
41.67011106676358
79.1835587620739
72.50858320958136
113.49721191895456
53.14100135569085
121.3188199801763
61.09615349223695
71.3095285522671
116.50773816957688
36.99746001879978
62.33491118064426
81.96732469202138
123.36509161328955
103.1454195271952
71.14090661686052
94.79649083402902
123.56444438081569
35.64460109470596
65.51935847866115
102.929260295179
110.8809668475432
93.0251420761748
117.74388340610479
70.79376517086374
101.14803546051859
108.71825320392368
57.340740382846874
70.7655585146552
75.14479528108112
69.91732645951699
79.00576765405351
30.725507235672787
121.39570812331228
69.05372102381557
117.49918434496543
72.44413466953883
54.99429522100485
66.15919777058213
93.56725459174126
37.4757242383841
97.93933554989349
95.27884003218506
108.03991234385192
119.22211735300263
25.599263536384665
46.01766383172197
110.9152188164186
121.70787521431106
35.18824789700141
93.10257889455927
70.14701854142895
73.72641247312706
94.55733730571703
56.83887507068728
115.56111669359963
28.51345259869259
119.25374188148342
103.01849403093327
59.63657155094799
123.21325075350441
101.68479584337354
110.36022837399253
82.09434075426954
61.304007232345036
89.95762213491744
41.94443747666055
67.86646006283802
52.78190814461662
61.79790841277478
109.63576906843157
93.24901905995156
98.55161086207441
62.077762637239964
121.67035442203678
105.3513865424845
59.85696808313724
25.36952169561181
95.89824416090563
118.43457761993433
39.96092113507348
109.17054525043427
76.52234820876225
112.95759921614214
29.901347137756183
64.13604421821226
42.251828798253825
102.623501055942
45.331340264949105
53.61293078221594
83.76775593971925
101.30051217153083
98.79709694704104
115.84832558153967
84.46623544486508
27.246587335522154
70.88377515528549
57.6886587802173
40.773016302128106
79.64399600690498
73.90819446412657
119.21656257187428
85.80156330557753
78.44027108302467
67.1976022695089
86.87383665691145
75.20396687147566
90.62388514318117
106.56336067817243
69.44208050429923
36.02295359148627
55.082784742614855
96.26583231428287
53.78132705620404
104.63767135666451
109.11698192049145
59.438360266673826
96.70410365424021
82.64070841796425
28.742580309926534
76.98685046609435
75.98000036081538
49.001473840233835
104.87989295465235
95.66026076778975
36.89136457626904
66.66482454700733
29.05993638499983
91.07687453038362
118.10490228926986
63.909711461846754
80.89887107381414
122.51158929699973
47.56192956564887
54.47068557750639
58.866395199658314
97.80122841236758
124.74269333745956
109.47912023632945
124.26278756671016
83.29502658404729
30.17903458218897
74.38749010268829
42.88880754498621
110.5137341223945
88.48308666488894
113.38019143752469
36.336286421796835
26.75017855536653
89.734379502797
38.82059463460218
41.649546983272145
99.82056322094392
119.83208116108854
49.18926377752959
62.74819771463053
89.59828082271667
54.081901926782564
74.83517828911803
103.19761194049693
109.07128702906773
121.43032286817014
64.93015044548187
36.34210657828859
124.4778597453772
115.15366787770232
120.85501228373188
61.206411795290904
92.94925013876673
82.03731039471316
115.65108579236485
106.17778723408962
117.34745914918857
107.06114121248831
35.42966052388438
99.55111956104061
76.18558682963962
106.50892625046666
106.73250449487696
82.30238683172978
28.160472533617487
103.75352824950924
57.016436938488425
116.44395944255047
71.50926564854083
114.55559608408353
35.85268597372112
52.92214285171999
121.69513962472513
42.7807908489191
119.22161298097376
36.80300176095243
52.39156287442911
124.33971207046099
63.17090024455469
85.15588513311232
71.22784537895272
124.10708938244791
123.81640809701284
67.37933768817197
42.949038655298246
43.10213087264269
37.71111472217421
81.1654155127916
30.19533405803979
60.24855644515051
45.011051019670276
47.70212863359144
99.0598756131422
35.142993538722145
25.747500160417893
64.43038150761839
70.1568129737335
88.77622076785639
117.47101711644528
92.78912618999394
32.252991129664835
54.69054846351192
55.932164196941244
87.05858151916001
40.526836493891004
69.43923436775755
56.39316304111304
56.32731389037414
88.68997150054764
94.54488479274384
87.0870511583278
29.28574800624024
112.59674587360355
87.93226747139974
119.76828441350676
71.51716192279952
92.83313940858623
28.40961957682846
105.86893312890979
85.02411415473134
102.86108474940396
46.91410809767096
119.63551335135205
91.78418064401575
57.27024431205987
71.21226066245447
28.602085074314232
111.85635087959253
102.08734574927783
75.64358749542959
80.60390731707835
111.84742584992587
58.15769707259166
104.68622732820305
54.976726382717985
31.721386024615363
58.72828119027527
25.532413359303774
31.290084545351647
56.44847379830161
96.1281363619179
88.17111704463568
85.20455292021273
31.058549868639684
29.98395152703347
26.963747109010484
76.81880699453194
49.375523383217434
106.4625623790421
62.01861622347153
34.640894828291245
98.07533073652836
45.92878807981823
94.2061156760736
73.49877372263461
61.03143979312398
117.91139303384536
65.72569792713014
46.10504528486146
124.74636387074372
39.63045126085388
30.74060873752856
104.28103057425058
89.97901592114907
105.5948660027409
119.80590974632712
120.85798665841287
30.9584632993393
30.56101360124427
103.16500593416053
80.9139929355212
64.3272078205921
31.72163933358314
35.248733787288174
86.56060834608019
104.28432708466998
27.50460588190823
93.76867340819001
116.83242461574595
31.655484515455633
99.48611186577959
26.21898574455024
104.91592384995595
98.87058173449496
90.47088457541298
106.985251589491
26.800146117854396
105.95051048585452
67.71458021531964
35.203639487164224
94.98203876169113
42.53887084051702
109.58233381524438
58.40826200303996
55.92525767824994
92.08562911804425
99.9571373050032
68.54816805556113
91.67431457646349
33.3958635258106
69.38909834699535
110.93945729153272
64.04969501196456
72.57726794117096
116.58524706002781
96.7060166025012
56.547512359958645
91.72013412077592
76.98677395683953
33.450123924058076
34.694646656221806
55.85334470603408
75.48919179466144
64.9925912018962
68.34879353003649
69.8683252161866
104.59815613135548
113.61758452478354
86.397804494661
100.84157299920476
44.49818088239075
69.0073812203212
109.08757810837409
39.077940053630215
71.73399954756303
29.228520958862813
70.05753469505693
72.70673613245802
86.49883580944382
102.27986220670857
99.73943339195571
114.2266891364735
66.21097204031426
26.43736830462603
80.986391869024
89.002930388464
110.86210251839115
85.72572107190132
111.07310683975943
54.10022025952621
39.69187254717813
88.49780415538629
73.98392043027017
108.5450394252796
93.91893550000397
42.508152688137926
44.7946378627215
106.12648680976955
45.13984590491474
63.08683316333534
49.09903689731668
99.99157932148131
58.64400180844307
89.63396821951942
97.9701685739573
102.40970359348567
103.4260726648883
89.99833294249099
113.62068506624195
56.41655636119709
120.02775328793443
63.19623247218142
48.64563964661044
49.131538359444015
105.03894468781561
56.08636577246018
59.74927056978325
84.0432946587186
89.3235098289872
103.6269359761462
74.33470433916952
124.40344907826884
46.27496752239209
42.37503327728939
85.78882332451474
100.86870233510271
95.81463391930555
64.27153212342459
38.75149742442075
35.83378666214038
30.544823984944102
118.04734839399184
37.90641838751927
57.27826880729281
50.73648008604118
50.75756259042339
55.42010342553909
56.277562859219515
31.33558082719742
86.28681782606668
58.61122089301344
121.81919793505278
56.7133350116081
48.65343549114229
42.037027244978354
38.84704627652281
119.61552393081791
90.86672138548712
115.67409411545306
48.09301824014959
29.027307522961145
120.60559207686671
31.393490743103204
100.58443523398508
81.9726259306857
40.92672024860823
48.33390258098995
Rank 1: 200 simulations
Running 800 simulations with 4 MPI ranks
Rank 0: 200 simulations
83.89093304805493
84.92317313547763
29.44773585946161
114.53437915266801
109.26715195398118
43.0369263030285
101.87415165351717
51.29510943447458
53.55414502218959
39.972241756188076
118.01594817790942
36.41806234801022
89.94981302486586
105.98835808666239
51.28128455551424
88.90145930201467
37.07262384430204
120.12795286083843
106.19495566527036
47.578940685047485
66.13454273314647
29.92573998867094
37.58764391433091
71.94156517581717
72.78348219955534
109.77675311961197
91.29456932282972
105.33693356338941
77.25569272462141
113.13010432261459
37.656564391285265
77.25246326256851
122.0817196528894
51.07111461024323
Rank 2: 200 simulations
Rank 3: 200 simulations
t=81304425  fraction=0.10875  peak_slope=4.951e-09  t_peak=40652213  comparison cadence=81304425  difference=0.10875  below=0/3
t=81657923  fraction=0.11000  peak_slope=4.951e-09  t_peak=40652213  comparison cadence=81304425  difference=0.11000  below=0/3
t=82011420  fraction=0.11125  peak_slope=4.951e-09  t_peak=40652213  comparison cadence=81304425  difference=0.11125  below=0/3
t=82364918  fraction=0.11375  peak_slope=4.951e-09  t_peak=40652213  comparison cadence=81304425  difference=0.11375  below=0/3
t=82718416  fraction=0.11375  peak_slope=4.951e-09  t_peak=40652213  comparison cadence=81304425  difference=0.11375  below=0/3
t=83071913  fraction=0.11375  peak_slope=4.951e-09  t_peak=40652213  comparison cadence=81304425  difference=0.11375  below=0/3
t=83425411  fraction=0.11375  peak_slope=4.951e-09  t_peak=40652213  comparison cadence=81304425  difference=0.11375  below=0/3
t=83778908  fraction=0.11375  peak_slope=4.951e-09  t_peak=40652213  comparison cadence=81304425  difference=0.11375  below=0/3
t=84132406  fraction=0.11375  peak_slope=4.951e-09  t_peak=40652213  comparison cadence=81304425  difference=0.11375  below=0/3
t=84485903  fraction=0.11375  peak_slope=4.951e-09  t_peak=40652213  comparison cadence=81304425  difference=0.11375  below=0/3
t=84839401  fraction=0.11500  peak_slope=4.951e-09  t_peak=40652213  comparison cadence=81304425  difference=0.11500  below=0/3
t=85192898  fraction=0.11500  peak_slope=4.951e-09  t_peak=40652213  comparison cadence=81304425  difference=0.11500  below=0/3
t=85546396  fraction=0.11500  peak_slope=4.951e-09  t_peak=40652213  comparison cadence=81304425  difference=0.11500  below=0/3
t=85899893  fraction=0.11625  peak_slope=4.951e-09  t_peak=40652213  comparison cadence=81304425  difference=0.11625  below=0/3
t=86253391  fraction=0.11875  peak_slope=4.951e-09  t_peak=40652213  comparison cadence=81304425  difference=0.11875  below=0/3
t=86606888  fraction=0.12000  peak_slope=4.951e-09  t_peak=40652213  comparison cadence=81304425  difference=0.12000  below=0/3
t=86960386  fraction=0.12000  peak_slope=4.951e-09  t_peak=40652213  comparison cadence=81304425  difference=0.12000  below=0/3
t=87313883  fraction=0.12000  peak_slope=4.951e-09  t_peak=40652213  comparison cadence=81304425  difference=0.12000  below=0/3
t=87667381  fraction=0.12125  peak_slope=4.951e-09  t_peak=40652213  comparison cadence=81304425  difference=0.12125  below=0/3
t=88020878  fraction=0.12125  peak_slope=4.951e-09  t_peak=40652213  comparison cadence=81304425  difference=0.12125  below=0/3
t=88374376  fraction=0.12250  peak_slope=4.951e-09  t_peak=40652213  comparison cadence=81304425  difference=0.12250  below=0/3
t=88727873  fraction=0.12250  peak_slope=4.951e-09  t_peak=40652213  comparison cadence=81304425  difference=0.12250  below=0/3
t=89081371  fraction=0.12250  peak_slope=4.951e-09  t_peak=40652213  comparison cadence=81304425  difference=0.12250  below=0/3
t=89434868  fraction=0.12250  peak_slope=4.951e-09  t_peak=40652213  comparison cadence=81304425  difference=0.12250  below=0/3
t=89788366  fraction=0.12250  peak_slope=4.951e-09  t_peak=40652213  comparison cadence=81304425  difference=0.12250  below=0/3
t=90141863  fraction=0.12250  peak_slope=4.951e-09  t_peak=40652213  comparison cadence=81304425  difference=0.12250  below=0/3
t=90495361  fraction=0.12250  peak_slope=4.951e-09  t_peak=40652213  comparison cadence=81304425  difference=0.12250  below=0/3
t=90848858  fraction=0.12250  peak_slope=4.951e-09  t_peak=40652213  comparison cadence=81304425  difference=0.12250  below=0/3
t=91202356  fraction=0.12375  peak_slope=4.951e-09  t_peak=40652213  comparison cadence=81304425  difference=0.12375  below=0/3
t=91555853  fraction=0.12625  peak_slope=4.951e-09  t_peak=40652213  comparison cadence=81304425  difference=0.12625  below=0/3
t=91909351  fraction=0.12625  peak_slope=4.951e-09  t_peak=40652213  comparison cadence=81304425  difference=0.12625  below=0/3
t=92262848  fraction=0.12750  peak_slope=4.951e-09  t_peak=40652213  comparison cadence=81304425  difference=0.12750  below=0/3
t=92616346  fraction=0.12750  peak_slope=4.951e-09  t_peak=40652213  comparison cadence=81304425  difference=0.12750  below=0/3
t=92969843  fraction=0.12750  peak_slope=4.951e-09  t_peak=40652213  comparison cadence=81304425  difference=0.12750  below=0/3
t=93323341  fraction=0.12750  peak_slope=4.951e-09  t_peak=40652213  comparison cadence=81304425  difference=0.12625  below=0/3
t=93676838  fraction=0.12750  peak_slope=4.951e-09  t_peak=40652213  comparison cadence=81304425  difference=0.12625  below=0/3
t=94030336  fraction=0.12750  peak_slope=4.951e-09  t_peak=40652213  comparison cadence=81304425  difference=0.12625  below=0/3
t=94383833  fraction=0.12750  peak_slope=4.951e-09  t_peak=40652213  comparison cadence=81304425  difference=0.12500  below=0/3
t=94737331  fraction=0.12750  peak_slope=4.951e-09  t_peak=40652213  comparison cadence=81304425  difference=0.12500  below=0/3
t=95090828  fraction=0.12875  peak_slope=4.951e-09  t_peak=40652213  comparison cadence=81304425  difference=0.12625  below=0/3
t=95444326  fraction=0.13000  peak_slope=4.951e-09  t_peak=40652213  comparison cadence=81304425  difference=0.12750  below=0/3
t=95797823  fraction=0.13000  peak_slope=4.951e-09  t_peak=40652213  comparison cadence=81304425  difference=0.12750  below=0/3
t=96151321  fraction=0.13125  peak_slope=4.951e-09  t_peak=40652213  comparison cadence=81304425  difference=0.12875  below=0/3
t=96504818  fraction=0.13250  peak_slope=4.951e-09  t_peak=40652213  comparison cadence=81304425  difference=0.13000  below=0/3
t=96858316  fraction=0.13500  peak_slope=4.951e-09  t_peak=40652213  comparison cadence=81304425  difference=0.13250  below=0/3
t=97211813  fraction=0.13500  peak_slope=4.951e-09  t_peak=40652213  comparison cadence=81304425  difference=0.13250  below=0/3
t=97565311  fraction=0.13625  peak_slope=4.951e-09  t_peak=40652213  comparison cadence=81304425  difference=0.13375  below=0/3
t=97918808  fraction=0.13625  peak_slope=4.951e-09  t_peak=40652213  comparison cadence=81304425  difference=0.13375  below=0/3
t=98272306  fraction=0.13625  peak_slope=4.951e-09  t_peak=40652213  comparison cadence=81304425  difference=0.13375  below=0/3
t=98625803  fraction=0.13625  peak_slope=4.951e-09  t_peak=40652213  comparison cadence=81304425  difference=0.13250  below=0/3
t=98979301  fraction=0.13750  peak_slope=4.951e-09  t_peak=40652213  comparison cadence=81304425  difference=0.13375  below=0/3
t=99332798  fraction=0.13750  peak_slope=4.951e-09  t_peak=40652213  comparison cadence=81304425  difference=0.13250  below=0/3
t=99686296  fraction=0.13750  peak_slope=4.951e-09  t_peak=40652213  comparison cadence=81304425  difference=0.13250  below=0/3
t=100039793  fraction=0.13750  peak_slope=4.951e-09  t_peak=40652213  comparison cadence=81304425  difference=0.13250  below=0/3
Stopping at t=100039793.10805254
Saved 688 remaining particles to /scratch/group/p.phy260085.000//Mass_Fraction/Outputs/Ejection_Results/remaining_particles_2163878_0.csv
