==========================================
Mass Fraction MPI Run
==========================================
Date:               Sat Sep 26 23:52:48 CDT 2026
Host:               ac014
Array job ID:       2165830
Array task ID:      0
MPI ranks:          4
CPUs per task:      1
Nodes allocated:    1
Python:             /scratch/user/u.hm357857/.conda/envs/comets/bin/python
Conda environment:  /scratch/user/u.hm357857/.conda/envs/comets
==========================================

6.610468941535923
9.372595232320021
5.3956882574441565
8.52272189299164
6.7752525082154955
6.248855040871886
4.636304736449369
2.7408910512068263
7.108620745253667
2.9475856774883837
10.342569445380416
5.294725509297285
3.194239082088395
12.055154182724086
4.037482628844921
4.143427921546038
6.607044889015023
10.973296770074935
2.7313036234669807
11.849615706000117
6.448578969949054
5.941471904259734
10.11096859868405
7.503365797390398
7.577036513988053
8.626516280099082
4.3711066545761295
5.103417029474597
3.1235765584630815
9.269658413868404
8.609283077278013
5.103309674933268
12.316355854032693
9.399390578765164
4.395198901466854
5.1213408419805
7.246570415270265
9.19687048411073
11.62547170814937
11.150938845403251
4.488931307750052
4.886277538224344
11.099878750161983
11.671800400894627
4.4592861850817345
6.941309829498266
9.269042659903796
5.340931902856207
12.228558738031204
7.722334571828676
3.920903747545763
3.6905769810696754
7.4553106738572925
7.640431693060631
10.326340326690094
10.005035655073726
6.024582048691522
4.386432378786189
3.8813299672078516
10.204533964986252
7.112331154560232
4.724479371989777
9.564257472646508
10.84405194614511
9.528919367595204
2.6086190200287387
2.731339172627224
7.668335722484651
8.604229992576553
8.415092369231663
9.782557822193318
10.856212795592837
4.584921119411448
5.166870664804576
4.66158847128626
6.433264935649333
11.429911054547844
9.512390570442072
7.7574747717458505
12.023287607443628
2.989070465624418
8.862427415654938
10.512252010294617
10.735440440149516
5.675086600338995
5.6641150234118705
6.5178482474632835
9.586730475089603
10.24536379048052
9.251171129761188
7.252210051071565
4.229902289594375
12.05409303348268
7.983616189974424
3.4516974390588806
6.404668584501891
6.239181553379407
9.290296879033503
4.392036382542482
11.351282398179878
10.031039669809397
3.5058620780722363
9.952035042082734
7.782885141754169
4.193165748674832
5.962114195635859
5.02558529670735
2.5309855792348634
5.508166557030093
7.160047295658167
10.808863587453096
6.292519616993864
5.933977471060405
9.985684279987343
11.172744710922997
11.840201223819943
6.52680391357952
6.845711817627558
4.855747661044818
3.38259833076048
11.57024181226215
7.1622302287655515
10.574804518033227
6.581359191402692
10.074816320613357
9.790341310478729
6.996928732019882
8.706054819453897
11.34720241028736
8.973579809212552
8.984472508039705
8.524698333085013
8.326309218662026
11.205468755005342
11.650514039578251
7.6725154607490085
9.01384011388199
5.43195942718226
3.215910374869264
8.20824967612794
8.81507433928288
8.752617793598567
9.662197489064711
4.239911370802895
11.81517138142041
3.781510164573487
10.313613063193133
9.248944874690135
4.26314057168606
5.678261926860504
4.894961059391373
9.222938636473435
9.287755089708497
12.44296922134806
3.8377408000786306
2.9517544033626697
3.5370911169070194
9.684745234142753
4.53668445079026
10.423014269250231
5.840899174173845
3.2505200316971194
6.652219521439482
4.9025168452896315
4.75801751029522
6.615123609757761
12.179649694492841
4.339605378075932
11.655908749797772
4.874521000102378
3.705272343185605
8.160562207074705
3.6783840026345684
9.573401514889508
5.4446026750447105
5.844236790121728
5.650688051563458
7.577962860361168
6.227514809577034
7.449062792561152
7.505634636967889
12.00147054953378
9.187778221553465
4.957822832164437
11.81656266583654
11.517725821642745
11.22540861158415
10.159408460799007
5.248917902071641
11.872004406602809
8.470536779860783
5.897665710201311
6.648159571262671
7.215520323535443
6.081975962100124
5.172087931404377
7.292736976377741
2.839211299547295
7.397163496695707
3.202504238441406
9.036316955810518
2.8509247664293182
10.60952030404838
5.335952695593319
7.396433104053873
2.851371830591747
9.08622723941427
4.409126730163321
8.279899209967796
3.434712377497654
3.418670257929203
9.507207927645883
9.943041756928055
4.503352716217254
11.48521718142078
12.00947914887889
9.708914349682395
8.438496260058574
5.832271198978849
8.901646952849703
12.07650337655338
6.509676720651082
4.301478901065005
4.677977127191415
9.631831284654815
8.352373232761648
12.388830869164536
5.03010931364936
12.306003258253876
9.586468092703695
2.852254601880574
11.34618927343806
10.618185750691868
6.238695157110373
4.219869434744684
7.948263273426654
6.6834057734178645
12.435388457606862
10.412353346309102
12.177603703041292
5.005821514189696
10.526090157131504
11.747657263899054
6.011072023382144
11.400468956244246
8.469215845316231
10.651763900432673
3.7469805300317702
5.822847814618069
10.351259695989238
6.21405898073959
4.956358931623931
7.660462050412651
10.969369396630622
10.275068806062052
11.816727944292056
6.740137205385686
6.964206186836989
9.391584991079457
10.373067916317392
2.8398345807787817
4.312007693740224
8.65131093071301
4.802678895447298
4.631357265178463
4.251892164077101
8.619158564523637
10.120590233655324
11.651584997518796
8.399083689470297
12.383383768414088
4.285302827789094
9.222497864054851
7.312043684752042
3.741540237588914
2.7825456193671263
3.8538112770002577
9.961908706260653
3.4195698103773067
10.018054538761376
6.978813837691752
2.6046492330667768
7.201633869531654
7.070664127787114
10.306533014866062
11.083350832938466
9.69775758296564
9.46588245840987
12.037411990520312
2.6060309186334365
3.935182003307488
5.493267403210061
11.333637290408957
7.5186542626686865
10.196293411477729
8.296595250477957
12.283754543403116
3.397115214483689
7.775671431348899
4.999161192397068
7.132430340551061
6.206372291156769
7.114738070105183
4.085056156025972
6.843505436928821
4.928056674265779
3.2344818794272188
9.130158200084411
9.366897893963763
5.745895728030441
10.868249038146436
6.970526183937446
11.927945250990174
12.067114196560182
9.989837464831815
10.034967713683464
8.766866473901251
2.595937957124529
9.648375546169703
3.7721272557652985
10.311777817399616
10.194450501353733
3.0469805320724417
7.8284837757924395
5.220072413181183
7.5996690308131045
6.2106265243914605
3.586451852515257
6.119506630069569
9.26191613173037
5.988108041682772
7.582540433089273
6.522094411214012
2.820488223662092
10.208566990134667
9.65835942842394
11.423776125178133
9.1263853095172
2.97485359395845
2.8533582790970904
3.5058355770940186
10.041414052656542
11.849589540490943
11.155626791623442
4.0009318069436635
8.787706641587842
4.445240541997581
5.4839586170404395
10.278890228849141
7.950690385538833
2.917090326026578
4.999234915873303
5.40033376540317
3.363875182967082
10.52402960346322
10.779881617757436
10.935161678950276
6.00492246271166
7.79021402111794
5.053036133311295
4.940176009923403
5.813913211553222
7.456000524379808
3.27080229469797
8.935798160151576
5.61164663506743
9.459889530397707
9.950286392519253
10.554840449957984
7.869046941222209
8.017899968305027
11.485588693603214
11.505338636159465
3.8226275397117817
4.381544805970927
5.639959732389121
6.872167422443486
10.06584445499469
9.672531942184946
5.311247930790541
4.022981667537722
5.7279514882218745
3.526482196638059
7.996538477133539
6.983065926187412
11.979685482066307
6.135145466502804
8.29689082279553
5.584143923669538
5.002802838531694
8.882769559994092
12.483714678544201
10.763475200828077
9.819188409164024
6.928920268959766
7.567931764832454
7.880248660112351
4.639804395517255
10.792691448045984
10.014878436255383
12.057504142275695
3.511363182990178
3.3735586782614346
5.226126326174823
5.134056406579736
6.4298608467909135
8.74099304917852
4.0028398576932025
8.670640652067464
7.332208419821686
6.130336076347262
9.294824544619965
7.370578413965365
6.932090520697418
8.544109910219746
5.738306465127225
6.805636745556905
10.393831623109541
3.428099232773852
3.1586718549675097
7.69579484649878
8.198880285177257
7.133705793432644
9.830905816845945
10.43472935765031
9.397885295190683
7.103919212862738
4.074819944993514
2.9145472438514197
8.747145569553695
2.526410489110135
4.267467935181567
11.738310347552222
12.446445821999898
10.090609527542345
10.34531414833652
10.791188107011191
12.19257583662673
4.424492742314636
5.4823542622336365
3.8535198031828877
6.332512080026385
6.5520003717288855
4.507564231091008
12.47115380132609
11.573428986008615
5.377972894272903
11.465556820052198
8.28247944734615
12.274488700791675
7.917180543152428
12.14985068531327
4.728991409425048
6.848092771470194
7.4256451118052
3.8921236643476655
7.489954437508911
6.191812896509158
9.044896173442805
5.756575381258048
6.921979188738496
7.202854722107697
3.160320664489676
2.9489379220876497
10.26209277553415
7.696638016405487
5.433545427319667
9.599033374910716
5.947566874779722
8.189079136765674
5.190149936766721
5.892216464533017
6.320753935973558
9.91333066631449
4.013138179634157
5.758004914368398
6.329705807510674
4.9937707030676854
7.964623915590203
12.152351584272228
9.677713609739689
9.59518809297064
4.413807022676265
4.400154634994821
6.949686423817089
9.851256933928461
7.840211623239568
4.709899466355555
11.11295263241701
10.244145451828347
4.622348247466577
5.460574725689126
5.913045403851045
8.605940204773184
10.55307113257918
9.562167324232664
6.686742856141965
10.656262382136017
3.627621616439851
6.118009351882913
9.382750864092635
8.235194795061808
7.111132495476202
2.9447060394575275
10.719845492303829
2.5022983880070537
3.5310196087434176
4.780208157173792
4.816684748419559
4.047884967333007
6.779605459287453
10.81813193824159
5.6377145582729495
2.5242633629385125
2.745236133619442
3.467376219833941
9.688239585012475
7.671103596142999
10.131157044468601
3.5625863726394167
11.470877927871014
3.509452616575884
11.869048546651138
4.998471068883931
9.241873220352005
11.190484391311818
7.262523604238624
9.878183181085602
8.420760584796344
8.162477009656264
10.375651144700946
11.685423411356735
4.157420811344689
6.684072315709601
7.319828067938163
8.64754981644758
2.7214458093398664
7.477816507912479
4.960074822767258
6.007836672072234
11.848961073804897
12.233409035568034
9.54627263864693
4.3828731346980065
9.329763777599226
11.177609901335195
7.692177430019861
11.915358446939136
4.051147338955635
11.314630076740578
9.596382066499228
8.809979962297108
10.118218929147472
6.744539228799367
3.3554442862304223
7.696807902921395
3.291916636627057
8.117199138316444
11.083438068646549
12.441897797874187
6.347539430209157
9.084706821579164
11.466809046235552
2.8888664981674426
5.27674869754048
3.531294131528803
6.932721583843229
5.90392503081206
9.112654721513364
6.129454758722986
5.926996086814985
4.33621451188566
4.272472576919172
11.997605021085855
5.232698777119978
9.905035216614973
4.539772697311552
7.922751565149337
5.31269539065719
11.909198764863048
7.198474066820761
10.29490547520125
8.097924636376316
7.592121509873805
7.046743423249959
11.361168934216368
8.42719803613134
2.6973662528626283
11.377746037266114
4.5011730115672535
10.674699480958834
9.990393668232413
5.3895289224378296
12.205228998219427
12.134653419199072
6.791632169062129
6.049663190385059
8.999571929394916
3.790215756549389
3.635496601262381
2.8955789031607315
2.6917897560054227
3.3079215153279895
12.289350074092475
8.645058668682317
8.349895903502278
3.01707807339332
8.839234476631553
9.453921203954053
10.284841504808607
6.487304469352467
12.171830415264335
5.6365407898503594
5.5247510309667796
4.631660661259801
8.286154285515567
10.778985805098689
9.16055659612238
3.5054421192329377
8.008339836433455
3.8264969497087034
11.676331253369995
7.488937544677988
11.910780812231064
5.967184527614919
10.595663801860786
9.85203168923413
3.9985844846384255
5.767130417132709
8.868725248628396
9.572701707378416
12.271854267179492
5.183169665381065
8.676390660438994
3.633031083147511
9.492411540263209
2.6250079329085785
8.021228180900213
3.8235744274966086
11.654808666608249
4.728203213223829
3.4550809299880667
9.20223829903646
6.2579267830350185
4.94404029945148
10.957931266835327
5.230679163947021
6.134639910795846
11.50342960452151
4.024648979405622
6.949151787552093
9.20419070400778
3.2971039341164543
8.730990097807625
6.495062180469475
9.55828480702186
3.1555824109730013
3.7745193048904415
10.59043504108325
8.243834828059608
5.715566882445433
5.970059494817716
10.746060975415032
6.864625203358803
5.687651217110502
7.052719828898778
4.3551783400743185
8.46759637414396
8.000936893464882
3.615509425110399
11.848085650130537
10.599250099710689
3.439991175199709
2.6379921808032005
7.113430804154184
11.110524261191285
5.9458371665374035
5.959496230899164
12.291619543958367
8.437142185905305
8.685695771111753
3.1234169522938804
7.078618994139839
2.6496848010303022
7.180272428165933
3.7681161401561414
3.1523112171115164
2.9591045349521194
3.450663743019505
4.949796692049812
8.080857368249912
4.557033395922244
6.792986807370946
3.5228903017400115
8.043792115647724
8.9069279101749
4.019426509365523
8.009192039646232
10.98347776352796
12.378970542224522
9.945053457789868
4.406829813447763
9.818548678223252
3.359206370465031
7.369605866034003
4.780251266344317
12.03056397712038
4.472384074158744
8.80230067548947
11.424136123284736
10.95753423475767
10.779848814177374
5.178085840900869
5.225368512409471
5.970029861566922
11.634579462363238
7.118229700610387
7.948987017661732
11.672532967738475
6.538341566191589
7.964187020792037
6.225475014578562
6.60079617287453
4.093286163392614
5.715583289606666
9.796069269890415
12.240343531122122
9.303928328058555
7.288269283986128
11.339140773667403
10.937582929405192
6.292528651254424
3.5697836075584877
4.732146052774291
12.403023837549869
8.858269514609367
11.246554270446797
7.238643532277287
3.2229906774789487
9.746778091213988
5.546509452534661
4.221340801040027
6.4671801894470216
6.414103568935229
8.2812786026558
7.764124920335037
6.215309437911695
8.015340828926032
4.559602730917321
11.232821402711613
2.917768802583114
10.260266704863316
8.839927186262539
7.3000218912026735
11.327990983821396
4.923571188692078
11.973232882189823
4.843244367968914
3.568164652673327
4.557623189659048
9.108645203028495
5.913458750194716
11.955018698176083
5.3813658895879755
10.144340960663698
7.9826637084350205
3.296188786619565
11.764993451138944
7.872700207063331
4.836664117524742
10.858019969635844
6.223238928440745
12.276582871335219
7.409417760601308
8.468744487831302
6.26360874397624
4.134025113714755
9.890814547777191
5.4701103659194485
4.893253599984463
7.86253989172521
7.511017511750408
10.54342573859586
7.927498429407596
6.235737156667382
9.415666858146245
8.469871742122374
5.963985775165714
10.589871611696527
9.541595633270115
8.934412515133452
10.968614825716173
12.292777573208134
7.994042687117654
11.964669208068257
10.861856543890406
5.134372338146039
7.108391621888563
Rank 3: 200 simulations
Rank 1: 200 simulations
7.123086704345896
9.997036306284027
Rank 2: 200 simulations
Running 800 simulations with 4 MPI ranks
Rank 0: 200 simulations
t=1112485  fraction=0.54750  peak_slope=4.562e-06  t_peak=100124  comparison cadence=1112485  difference=0.54750  below=0/3
t=1123610  fraction=0.54750  peak_slope=4.562e-06  t_peak=100124  comparison cadence=1112485  difference=0.54750  below=0/3
t=1134735  fraction=0.54750  peak_slope=4.562e-06  t_peak=100124  comparison cadence=1112485  difference=0.54750  below=0/3
t=1145860  fraction=0.54750  peak_slope=4.562e-06  t_peak=100124  comparison cadence=1112485  difference=0.54750  below=0/3
t=1156985  fraction=0.54875  peak_slope=4.562e-06  t_peak=100124  comparison cadence=1112485  difference=0.53375  below=0/3
t=1168110  fraction=0.54875  peak_slope=4.562e-06  t_peak=100124  comparison cadence=1112485  difference=0.48750  below=0/3
t=1179235  fraction=0.54875  peak_slope=4.562e-06  t_peak=100124  comparison cadence=1112485  difference=0.44000  below=0/3
t=1190359  fraction=0.54875  peak_slope=4.562e-06  t_peak=100124  comparison cadence=1112485  difference=0.37000  below=0/3
t=1201484  fraction=0.54875  peak_slope=4.562e-06  t_peak=100124  comparison cadence=1112485  difference=0.32500  below=0/3
t=1212609  fraction=0.54875  peak_slope=4.562e-06  t_peak=100124  comparison cadence=1112485  difference=0.28000  below=0/3
t=1223734  fraction=0.54875  peak_slope=4.562e-06  t_peak=100124  comparison cadence=1112485  difference=0.23625  below=0/3
t=1234859  fraction=0.54875  peak_slope=4.562e-06  t_peak=100124  comparison cadence=1112485  difference=0.21375  below=0/3
t=1245984  fraction=0.54875  peak_slope=4.562e-06  t_peak=100124  comparison cadence=1112485  difference=0.19125  below=0/3
t=1257109  fraction=0.55000  peak_slope=4.562e-06  t_peak=100124  comparison cadence=1112485  difference=0.17500  below=0/3
t=1268233  fraction=0.55000  peak_slope=4.562e-06  t_peak=100124  comparison cadence=1112485  difference=0.15750  below=0/3
t=1279358  fraction=0.55125  peak_slope=4.562e-06  t_peak=100124  comparison cadence=1112485  difference=0.15125  below=0/3
t=1290483  fraction=0.55125  peak_slope=4.562e-06  t_peak=100124  comparison cadence=1112485  difference=0.14125  below=0/3
t=1301608  fraction=0.55125  peak_slope=4.562e-06  t_peak=100124  comparison cadence=1112485  difference=0.13250  below=0/3
t=1312733  fraction=0.55250  peak_slope=4.562e-06  t_peak=100124  comparison cadence=1112485  difference=0.12250  below=0/3
t=1323858  fraction=0.55250  peak_slope=4.562e-06  t_peak=100124  comparison cadence=1112485  difference=0.11250  below=0/3
t=1334982  fraction=0.55250  peak_slope=4.562e-06  t_peak=100124  comparison cadence=1112485  difference=0.10625  below=0/3
t=1346107  fraction=0.55250  peak_slope=4.562e-06  t_peak=100124  comparison cadence=1112485  difference=0.10000  below=0/3
t=1357232  fraction=0.55250  peak_slope=4.562e-06  t_peak=100124  comparison cadence=1112485  difference=0.09375  below=0/3
t=1368357  fraction=0.55250  peak_slope=4.562e-06  t_peak=100124  comparison cadence=1112485  difference=0.09125  below=0/3
t=1379482  fraction=0.55250  peak_slope=4.562e-06  t_peak=100124  comparison cadence=1112485  difference=0.08250  below=0/3
t=1390607  fraction=0.55250  peak_slope=4.562e-06  t_peak=100124  comparison cadence=1112485  difference=0.07750  below=0/3
t=1401732  fraction=0.55250  peak_slope=4.562e-06  t_peak=100124  comparison cadence=1112485  difference=0.07250  below=0/3
t=1412856  fraction=0.55250  peak_slope=4.562e-06  t_peak=100124  comparison cadence=1112485  difference=0.07000  below=0/3
t=1423981  fraction=0.55250  peak_slope=4.562e-06  t_peak=100124  comparison cadence=1112485  difference=0.06250  below=0/3
t=1435106  fraction=0.55250  peak_slope=4.562e-06  t_peak=100124  comparison cadence=1112485  difference=0.05875  below=0/3
t=1446231  fraction=0.55250  peak_slope=4.562e-06  t_peak=100124  comparison cadence=1112485  difference=0.05500  below=0/3
t=1457356  fraction=0.55375  peak_slope=4.562e-06  t_peak=100124  comparison cadence=1112485  difference=0.05000  below=0/3
t=1468481  fraction=0.55375  peak_slope=4.562e-06  t_peak=100124  comparison cadence=1112485  difference=0.04750  below=0/3
t=1479606  fraction=0.55375  peak_slope=4.562e-06  t_peak=100124  comparison cadence=1112485  difference=0.04625  below=0/3
t=1490730  fraction=0.55375  peak_slope=4.562e-06  t_peak=100124  comparison cadence=1112485  difference=0.04125  below=0/3
t=1501855  fraction=0.55375  peak_slope=4.562e-06  t_peak=100124  comparison cadence=1112485  difference=0.04125  below=0/3
t=1512980  fraction=0.55375  peak_slope=4.562e-06  t_peak=100124  comparison cadence=1112485  difference=0.04000  below=0/3
t=1524105  fraction=0.55375  peak_slope=4.562e-06  t_peak=100124  comparison cadence=1112485  difference=0.03750  below=0/3
t=1535230  fraction=0.55375  peak_slope=4.562e-06  t_peak=100124  comparison cadence=1112485  difference=0.03625  below=0/3
t=1546355  fraction=0.55375  peak_slope=4.562e-06  t_peak=100124  comparison cadence=1112485  difference=0.03375  below=0/3
t=1557480  fraction=0.55375  peak_slope=4.562e-06  t_peak=100124  comparison cadence=1112485  difference=0.03125  below=0/3
t=1568604  fraction=0.55375  peak_slope=4.562e-06  t_peak=100124  comparison cadence=1112485  difference=0.03125  below=0/3
t=1579729  fraction=0.55375  peak_slope=4.562e-06  t_peak=100124  comparison cadence=1112485  difference=0.03125  below=0/3
t=1590854  fraction=0.55375  peak_slope=4.562e-06  t_peak=100124  comparison cadence=1112485  difference=0.03125  below=0/3
t=1601979  fraction=0.55375  peak_slope=4.562e-06  t_peak=100124  comparison cadence=1112485  difference=0.02875  below=0/3
t=1613104  fraction=0.55375  peak_slope=4.562e-06  t_peak=100124  comparison cadence=1112485  difference=0.02750  below=0/3
t=1624229  fraction=0.55375  peak_slope=4.562e-06  t_peak=100124  comparison cadence=1112485  difference=0.02750  below=0/3
t=1635354  fraction=0.55375  peak_slope=4.562e-06  t_peak=100124  comparison cadence=1112485  difference=0.02750  below=0/3
t=1646478  fraction=0.55375  peak_slope=4.562e-06  t_peak=100124  comparison cadence=1112485  difference=0.02750  below=0/3
t=1657603  fraction=0.55375  peak_slope=4.562e-06  t_peak=100124  comparison cadence=1112485  difference=0.02750  below=0/3
t=1668728  fraction=0.55375  peak_slope=4.562e-06  t_peak=100124  comparison cadence=1112485  difference=0.02500  below=0/3
t=1679853  fraction=0.55375  peak_slope=4.562e-06  t_peak=100124  comparison cadence=1112485  difference=0.02500  below=0/3
t=1690978  fraction=0.55500  peak_slope=4.562e-06  t_peak=100124  comparison cadence=1112485  difference=0.02500  below=0/3
t=1702103  fraction=0.55500  peak_slope=4.562e-06  t_peak=100124  comparison cadence=1112485  difference=0.02375  below=0/3
t=1713228  fraction=0.55500  peak_slope=4.562e-06  t_peak=100124  comparison cadence=1112485  difference=0.02250  below=0/3
t=1724352  fraction=0.55500  peak_slope=4.562e-06  t_peak=100124  comparison cadence=1112485  difference=0.02125  below=0/3
t=1735477  fraction=0.55500  peak_slope=4.562e-06  t_peak=100124  comparison cadence=1112485  difference=0.02000  below=0/3
t=1746602  fraction=0.55500  peak_slope=4.562e-06  t_peak=100124  comparison cadence=1112485  difference=0.02000  below=0/3
t=1757727  fraction=0.55500  peak_slope=4.562e-06  t_peak=100124  comparison cadence=1112485  difference=0.01875  below=1/3
t=1768852  fraction=0.55500  peak_slope=4.562e-06  t_peak=100124  comparison cadence=1112485  difference=0.01875  below=2/3
t=1779977  fraction=0.55500  peak_slope=4.562e-06  t_peak=100124  comparison cadence=1112485  difference=0.01750  below=3/3
Stopping at t=1779976.637959939
Saved 349 remaining particles to /scratch/group/p.phy260085.000//Mass_Fraction/Outputs/Ejection_Results/remaining_particles_2165830_0.csv
