==========================================
Mass Fraction MPI Run
==========================================
Date:               Wed Sep 30 01:14:53 CDT 2026
Host:               ac029
Array job ID:       2165830
Array task ID:      5
MPI ranks:          4
CPUs per task:      1
Nodes allocated:    1
Python:             /scratch/user/u.hm357857/.conda/envs/comets/bin/python
Conda environment:  /scratch/user/u.hm357857/.conda/envs/comets
==========================================

2.3905440160901685
1.2038170663680425
0.7521145861849496
2.0668523932236864
0.6525998279743719
0.6235920669366992
1.4483987718418572
1.0771017777038492
1.0395403888306012
1.188765537940389
1.3989095587388172
0.603972725684583
2.2842110124243185
0.5995563635828773
2.042128055829733
0.6282329916534208
1.0078373799902933
2.274898314285184
1.1137915525831192
1.4628234306566814
1.6926054984452579
1.8538735531886383
0.6869041866762806
0.7352878013722521
1.8345148428212577
0.7560655217570715
0.6379441406751518
0.8115787273278658
1.5746608332496537
1.580855960093742
2.0047852285822065
1.4749753293894188
1.908319253324587
1.7317351587901222
1.980691826472385
2.258773866729113
1.3481672912892277
2.155040193443031
0.541163425994208
1.5839312328174193
0.5049682597076364
1.2049295258867436
1.8428772063758705
1.1815332422601004
1.6866680418813442
0.7803704000252343
1.3666973832498723
0.9367910294398165
2.06352612728113
2.479884670082738
1.4044852228505655
0.8332141979147802
2.1684408945555766
2.414536131031955
2.0921257801439572
2.283545344712624
1.5977286025152972
1.7497773986549445
1.7791592229949778
0.8269167113605467
0.5465247457608478
1.8947578025604694
1.7299835946136894
1.650048245916699
2.347259550785636
1.530856133742638
2.108912016334741
1.5110543518789956
0.7687553344545424
1.676782281034968
1.996457513853325
2.2570069547457434
1.1849068153343574
1.9578518252254997
1.839224981247294
0.6924609695600212
1.1518418531513834
1.6406796156369918
1.7151973971539067
1.995826490338166
0.7645779670491659
1.8772541016809716
1.2625328623916194
2.3738663714985138
2.1447633147764185
2.1289727410651356
1.1633084419410678
0.8700942290532958
2.105268610950268
2.4243527842976773
0.9535668067439196
1.4537332720925626
0.7055952662923275
1.3168219498497071
0.8341282768201881
1.377739862959647
1.037078551099416
0.5689550410137036
1.7835792477565406
2.2431166465979224
0.6600532294642714
2.3255071279538604
0.86556616228347
1.286404802540643
2.306527821701161
1.669507774545453
2.4809316990411263
1.4914718997548773
1.5476307184083238
1.0451666846115233
1.6787315773082978
1.9238494670560682
2.207308051437393
1.7007111847602367
1.951294006818452
2.31942895003605
1.850800159417002
0.5927562160231838
1.5269937531806483
2.244010600222268
0.9540209433509625
2.0996593822120393
0.9538059274533164
1.538844327267687
2.077933277265099
2.2137321165323156
1.5365213191756937
2.1926647375200257
0.6037877160708189
1.1611756521256116
1.1891126300354478
2.03259217953093
2.422160805434034
1.699755401754363
1.0337574663193418
2.339085279456349
0.8971362954882884
2.141754035842961
0.8807443717151822
1.0854145282216496
1.1632702365647098
2.2183151156934025
2.499005641795126
0.6608046650832526
1.1986688639314347
1.2082608014683869
1.393017221497615
0.983655174944509
0.9831354596786663
1.2984255495657466
2.056352908396786
1.740399715259566
0.7316247665168325
1.7642190269706275
1.2545539896907425
1.3352119605307222
0.902570909610698
0.6866150206054615
1.675858168711287
0.6847273783623398
2.0870285723271476
2.0629553703983508
0.9731534304842304
1.0703460334921895
0.5490304597142741
1.454995182072649
1.4708000113825512
2.18365981850837
2.440789741826287
2.1395798590817394
0.6551403292546736
1.0799520728389806
0.5496791531881511
1.6188414981304091
1.079843188384572
1.4563238030104864
1.461535711974556
1.042245983865273
2.323142240183886
0.9281473053891458
1.0139398038441372
1.9772338519887611
1.1121541560534813
1.2092524164408636
0.8820871949861158
2.4556011848040766
1.5804194597378176
1.5676484007120408
1.2037311798000203
2.4878128581724415
2.2108385597068034
0.7282964037371433
1.376370916378088
2.371014104781585
2.0629100802980442
2.103746521362042
2.287123964406503
0.8298088193288293
1.3376820276049954
1.9869959405361568
1.557088445008879
2.407525362238367
2.170287651980556
0.7802106983123716
0.5466963411984753
0.5573159843602744
0.5224951632449433
0.5509556031776273
1.293603424585185
2.103615557856892
1.891437527001952
1.5638428186992557
2.455060283448444
2.0392224925280393
0.5739250535791938
1.5707643422076025
2.491608696135133
2.3483802449519353
0.5130364183647855
1.9931237044108883
2.47755053112986
1.3657887459812277
1.8309109958595087
0.8786499500449088
1.4986857367894328
0.6386567261221805
0.8330074007799395
1.067811748871274
1.857125972542038
1.616058677621043
1.6304470188945288
2.155570686787832
1.930594493494543
1.690121305756401
1.3990840949432006
0.6282521069740439
2.3508804196523108
2.3464850792129717
2.468034355879401
1.5150154216707354
1.7327598674382922
2.346983152094851
1.9097637439585038
1.8185509407047462
1.3181840877218778
2.2041231991599526
1.1463327499698435
2.385770270532908
1.1991085096712923
1.6536627851582981
0.9379549153172453
1.3882096661435495
0.5549660812662343
1.3606345612800896
2.1311666678613315
1.4200453251860197
1.7998073857378578
2.4217402982920513
2.005191410602211
1.3903221225089244
0.9995053614791691
0.5549683001609109
1.0520526565458466
1.4765879361657068
0.5465020711600217
1.3616522817333323
1.2651806407461856
1.5243727346610207
1.5516725825690456
1.91375381534709
2.1490603292313413
2.1368467224298744
2.1542639649074715
1.522563762951732
1.8653497239615373
0.8165129989234787
0.5478916546065273
1.0245015193128983
1.1888792684476839
1.9935092460473907
1.848794854345279
0.6590612932910245
2.177152808974329
1.1255310588098688
2.347186089026869
0.530191739003598
2.096213500468613
2.0674163028671675
1.3671424407560466
1.046857996832333
1.1612068166059066
1.1902859241550943
1.2536730081633596
2.4060401838942855
1.380015085794489
1.9038347786634289
0.8251921597088208
2.4833905350924805
1.649784705746232
0.594067890715217
1.4657760891181992
1.802400790325086
1.9418995558138925
2.4861268721551255
1.2848210380361893
1.7935030458108858
2.1098089486931597
1.832735560553514
1.753574317558507
1.4143019533015648
0.9080461055733422
1.7416013647266146
1.3991517806116636
1.6030070155795968
1.7878871995901198
1.2866771019730685
2.4887418866783593
1.5601136751451914
1.8767892137482511
0.8711378023318921
1.815568345177252
0.6092867347436703
0.7236825710517587
2.036899117738165
0.9457716061765056
1.3812080606335095
0.5381731926523667
0.9976748423511606
2.280690027651315
2.3776164126926926
0.5325997276044738
1.8700911584144955
2.3550474998050466
0.8413122225652585
2.3915266859585547
1.0706107617837632
2.040354041676628
1.5299615268826416
1.9985172999869851
0.7336174537662634
1.9684578654174305
1.0098285315858853
1.576266367298082
2.1141075465691994
2.4125562043325814
1.407370103652075
2.29839627804283
1.004151766536355
1.9268112694369197
0.675981404236506
0.9392824384993943
1.961401091573314
2.113703924383277
0.9248839350498674
0.9038832815221953
1.5099441004346839
1.1842074373538463
2.298139872120154
1.8001276617996635
0.5783643641592748
1.7113563643767054
0.6012141607161221
0.8181377653353712
0.5326434459816385
0.9425160977636344
1.350976680233278
2.0476265673029492
1.2670465037039684
1.9439114512680435
2.4174577465934406
1.0554712620772675
2.0387453062057768
1.6037953407489491
1.402774639053256
1.2256652467995022
1.8119537077837122
0.5711866575578679
1.1433458779533119
0.608902941165651
0.6875048529543923
0.8106998166209678
2.2829966383042555
1.4989923999050658
1.4061042149438978
1.2653529873265843
1.0754450713607613
1.6325941326378053
2.086639099842256
1.4331041239322966
1.309983288184941
0.9516569261808849
1.7898149800977756
0.6603541171713108
1.5588793323798793
1.154538014479381
2.0931945659248505
1.6085016172495716
2.438390814769143
1.7660250867592147
1.35292854302527
1.9642779242168438
1.2724963153171664
0.8429815091276456
0.5966796196303952
1.7836448819022814
1.9522905609786407
1.213706886294689
0.5764246293750681
0.6278952968764009
0.5859424981458785
1.002086668088364
1.2883080875235062
2.0398712576199287
0.750920249956101
0.6157354735095784
1.606066668220774
1.0529633141572057
1.4240825364429601
1.8113838495883379
1.5906146944801844
0.7713015775545824
1.0114453488011437
1.352674290241052
1.355443840622548
2.0714327524793745
1.3900044426750744
0.7418341103889126
2.3281451760678715
1.684949510007525
0.8887962751019758
1.1482733949424535
0.838885383792457
2.0519134108011245
1.9209948712289708
1.7618633699699335
1.9227915393248622
2.2951631499774408
2.4694847783233334
2.3719444021319616
2.00059053167913
2.192654602200145
1.9600348977529032
0.561361066443584
0.5567021363233837
1.1728199300503808
0.7871693645689801
0.7316239936139255
1.041508574673262
1.8510748693453782
1.3351925724410623
2.2671297915328457
1.7515705160766275
1.9295094181304724
1.2800444890662974
1.9922478981241507
1.5148384081925534
1.26753986058665
1.4905187587499507
2.1327923367100214
0.6935154861523609
1.4995766328149898
0.9772263484091743
2.392609053343687
1.1078557910480877
0.6229102714201247
0.8900870537392198
1.6191143082917772
0.8664395325828174
1.7327515162732028
1.5066078274832342
1.379976879255642
2.257484440136082
1.560897824537502
1.249881531503476
1.6223634309427661
0.9567149672183155
1.934358457082854
1.651119079059061
1.1647422081861099
1.1028477456367296
1.4325616848852696
1.044637337292594
0.8658434674830711
1.2487008666013797
1.9495500941100865
0.8284004301965417
2.0748967387892443
2.480751118061935
2.1198274108867388
1.2199985644083235
1.1950323841264723
1.1962646998525457
0.8804035209651611
0.9955936208411365
1.41718496597258
1.8746927741774517
0.6894062103235121
0.8893901535225761
0.6347588880039952
2.3228073161793326
1.9551790733236787
2.118889790677616
1.8672213868674121
1.1887047728018578
0.9540168086013276
1.2455228998875945
2.437332442155511
1.8830300780810307
1.9767809930607876
2.4560598785661227
2.0393281017919342
2.1052497818263918
1.7872493571441272
1.280012885604027
1.216274332031928
0.62213015031792
2.358070446578197
1.5228499190187226
1.660534920619952
1.5901810728498604
2.0763195066214895
1.2507768872818175
1.2449654177309635
1.0264470587847774
0.8578938527361839
0.879567576066056
0.6798733413591227
1.7565308230814538
0.8331029231897209
0.8282785861174782
0.8547824988981958
2.281849118563068
1.2664315654377007
1.438222246987317
1.6354277400457742
1.0012841100410297
1.6215478796592133
1.465397458367587
0.8609861040965452
1.9372224849394364
1.0551545271044993
0.9109816908298438
2.230973397989194
1.379515199631134
1.9109345419577977
1.5527590666249325
2.090897364126233
1.4207488308551692
0.9209830776680858
2.1912464274637955
1.7838320084596646
1.36999670782088
0.562874763861962
1.3825061042732665
1.2838644961932297
2.4536646149720385
1.3568916652740675
1.6453734757529956
2.447905324347902
1.7801973644547848
1.93675749675051
1.3894856483200844
1.199932573245371
1.795731646253956
1.7730947173153944
1.3256597503527179
2.1091573912908537
0.7539800059429662
0.7340397286693261
2.1422328461092515
1.8014291288655753
1.5802477298844142
1.5977850100835425
1.7043780091142764
0.6018340116323662
1.7008500485588536
1.8993175462442604
2.204385699490018
2.15998128735714
1.41161491074737
1.2988869656019608
1.2745631776867825
1.9017347031459182
1.4225280109348937
0.6950044565919635
0.8868690702774584
2.1006362645696077
1.9415370353728527
1.0076239508155989
1.573768752415069
1.3683346286708855
1.5025690972359933
1.1733065787283614
1.7327768560981
2.0308803992487228
0.6209878360798147
1.0297660273650393
0.8223193631068757
2.2420451043785095
1.5323747564412653
1.4958922265580565
1.1463254459111727
1.7546751381127597
1.237205529472015
2.4528796194876348
2.3152449085627107
1.9871139458562053
2.134861440474581
1.7283217219496345
2.1050795107381095
1.384241379570577
1.8409239991953885
1.4736766709916092
1.5750110038167389
1.382606410747948
1.9353681811661807
0.799470941246746
1.9832314005096885
1.0146313854422349
1.171649823485163
0.6344427041113634
2.3791136784500555
0.733103759959068
1.2389752335650341
2.0440740255093814
0.8911847950611391
1.6268441668588742
2.44236623595908
1.6926640210256416
2.047613080791926
1.3122183272204817
1.0030572394540906
2.3950449123671413
1.3817263320221618
1.6463763826000086
1.3624524134433675
0.5378739349722823
1.8482313078432224
1.3276194383085933
1.4340443932319151
1.772130737784393
1.7276719274966
0.5323474596760156
1.8702564804743909
1.4660312646424007
2.234573859522149
0.9569180692089403
0.8177548179859901
1.196677292191831
0.5170618193697079
1.975949441284939
2.3390436226791755
1.993750186609918
1.9901168674471639
1.9169976214536404
2.115501068561729
1.6109038565312694
2.2521752700547
0.9386593384980948
2.091758108217154
1.921806719947192
2.1606847454943754
2.2063536541050244
1.0789920048601969
1.9207704391865779
0.9452635736917399
2.3925232472431137
2.2608219038355477
2.115611982709199
1.0304878607365153
1.271182485609037
1.1337040110699532
1.1937615458158575
0.6049250906336849
0.6130600522590386
2.438579506867615
0.8612353574315144
1.6237590061838443
1.719118929546258
0.6199113954689712
1.1597160648154177
1.4530056114142205
2.0179557570029534
1.5934174125782297
1.300972624327132
1.304223776629076
1.6983350382825373
1.2017472627655743
1.0917596597014085
1.622687603898865
1.3640359768758374
2.017257029051148
1.3127089276203827
1.72133145455386
1.833684790761541
1.167707928362515
1.0545413139421012
0.8443226522981395
1.08826908960544
2.140551357164545
0.5157483696456031
1.675113688681272
1.13759058880269
2.3606751414974543
0.6817041839063722
1.110588187434756
0.592052668018151
1.7118128647468995
1.9554527780632167
2.023366643448568
1.589533172760855
1.9089444027880134
1.6594055793386808
0.8662749999961565
0.8844559609921638
0.8860708870457843
0.902062935862529
1.1916539934906962
0.9902463306515026
1.1059905852042373
1.3314771048751648
1.3268072202329346
1.424016084614781
2.3683674411690063
2.3991693538455166
1.9972561111656977
1.5787148990770237
2.1513992604380476
1.4447810182658984
2.4238039431661993
1.7607352776944176
1.139106942453621
2.2710756182645557
1.4806727080070545
1.2858903789649871
1.1721549521906254
0.5311258920180895
1.4399209768420973
1.1720228806135822
0.551817596585114
1.6153548716626738
1.0784759882197494
1.9475775071164907
2.384069781154457
2.331563037200891
1.4425525612148176
1.3868256761552555
1.9503626421628653
0.6320886592743729
1.0525957786144575
2.2935850700840135
0.5202670988158067
2.2480651315700335
1.7036561377318766
2.3367409312165277
0.8972556081655052
1.298283492129656
1.6971002429660604
1.709671250115572
1.0421505656742305
0.9714483260532736
2.376944746498511
1.8657310843942816
1.0483822215476544
0.6447147033228728
1.9276042801656943
1.1075774787161157
1.2817638015026303
1.4746009761843661
1.8428354245378398
1.1971283117999771
0.9177365807142681
0.940500324123948
1.5032496795011339
0.5085588113385422
1.6217598883169626
1.2955547956261886
1.4846244251693532
1.8615850248060537
2.430080274814737
0.8824649228560584
2.4050872363187317
0.7519577048557713
1.2663128479285741
2.2377526734289224
1.0637531264969762
0.7373020785235429
0.926448283194099
1.8963192125661819
0.6052938455613732
0.9418207629292792
1.0175487399054566
0.6755435934089944
1.4416178212152113
1.2629173781377154
Running 800 simulations with 4 MPI ranks
Rank 0: 200 simulations
1.777654580150304
1.2890442795412151
1.1098115328242464
1.5113470418379047
Rank 1: 200 simulations
1.2001142799420816
Rank 2: 200 simulations
Rank 3: 200 simulations
