==========================================
Mass Fraction MPI Run
==========================================
Date:               Sun Sep 27 01:21:29 CDT 2026
Host:               ac051
Array job ID:       2165830
Array task ID:      1
MPI ranks:          4
CPUs per task:      1
Nodes allocated:    1
Python:             /scratch/user/u.hm357857/.conda/envs/comets/bin/python
Conda environment:  /scratch/user/u.hm357857/.conda/envs/comets
==========================================

11.66500158963836
3.846250998906365
2.872996171606883
9.846684848494553
4.457511747371075
9.886794640573939
9.43003636636973
3.230114830827042
9.685784922658653
4.996017559164684
5.114302541021535
3.467439400470782
2.7671285581251426
6.471898008535835
12.077434965435005
8.986519754451324
10.346339140432258
3.6052964433255696
2.904669291663158
7.393241143908972
7.0420656686814365
12.382982589108309
12.071798342439786
6.977766948216254
7.305695690163519
4.85698769899035
3.5854752912353383
10.771535977360358
6.546825574406508
3.551857883490721
7.646654711552182
6.089460657331971
5.848858672786488
10.0929818390489
7.418677432378857
11.542167122357137
5.190013901115279
3.202676417513665
7.117970929122958
3.3010870383584967
12.074671558238467
11.964024528400058
3.5800207580447916
3.1280784549024574
8.311959186237551
3.5314002287870485
4.129197776326228
7.063804951493703
11.497877677777714
6.137445347423908
11.613691715369768
7.23952729842268
2.6684420820366936
8.069438429663737
11.938261300959933
7.731342794298785
6.8518259351326645
7.067223911664991
8.371664209304846
7.901438216130834
10.393791298737842
12.179874277937968
7.078942683437881
4.316539002293118
9.264230143177636
7.926177679199506
5.246181063904135
10.1651736257652
4.887647585366485
7.281088349833595
10.677169065254091
12.307107477566788
2.9081436583585063
4.047153461925134
5.443843294084321
9.252567074203828
8.560151206816467
8.996840594730045
5.5334191360291785
9.286654246399445
3.9613157275139566
5.841011921302879
7.159592588541778
9.04926320620094
11.94395510655047
3.960954185839709
7.232127144504982
4.955421131397044
5.750914624168769
8.670406173881236
11.225977501239239
3.5291548685375274
9.899687122748055
10.635911231942243
10.826716401077942
7.875235482436668
8.235855971533852
12.095542116499539
11.765701353704632
12.415363284302437
10.143312512095378
9.953912374870868
12.00368284597943
11.507991718427732
4.2976514949204505
5.380215084521955
10.004179064665033
3.7903531582556815
4.322706896076016
3.145616516534359
8.026054515864013
6.236541319155035
10.495133514533133
4.861993247374967
11.903218165441915
9.346077890286729
6.468479428134986
3.6430944519779884
7.10471621925427
8.912555969508784
7.005389230119539
9.056688104869988
5.168821421900857
3.2059776297533182
3.058306291199963
12.015613870247503
4.172287055303713
9.217702778184211
8.62019130248388
5.337731614441964
11.823292070804815
12.027776922035486
5.34146392046433
5.554063347615089
4.451945205906202
4.916051528223356
3.747378369503087
5.460617339414635
8.496269601783407
3.300563348578706
12.341661529649992
5.007622359850049
12.156990770973353
10.526351302458037
7.217527092044197
5.612173389795938
8.147042880024511
11.27641550978528
12.040898395836596
8.853603630262493
5.828044887192235
11.46999555718739
3.603367361094273
7.661936733721124
7.672120432451175
5.0852209450902075
7.208441693334563
4.406778029706663
11.89748048567984
5.6803393399171584
12.041570361383393
5.697222029274448
12.12698506320341
10.65099884012223
5.917292905998246
11.628642900647776
3.0448435254271136
2.518247113276151
4.633522582059927
11.449242396928405
6.8058453206519385
4.9909955627351845
6.392822285523431
6.656164090495935
10.328538975460361
11.138378407249546
12.494227090758
4.470540260064925
9.742226394315072
2.8791773020732214
10.430417997485236
9.887869714147572
7.9877268321406545
10.426303420087475
11.596801071456566
9.125366218980133
10.653299962051047
7.769050507200605
9.47033717308796
6.648634762277823
3.1720098543408906
5.150906022867929
7.609469179913408
5.008102319657789
7.6903931683037685
2.5708215469238116
10.727169250520367
8.710399572968193
5.857080676809573
7.539444025740142
7.049501045568796
11.123332447442728
9.065589430320589
10.784363804905041
9.094608188395004
3.2153560317081684
9.043014654039446
8.829597380880212
12.356319906242495
10.695023842308347
8.546850797665934
4.857321527289621
6.095637934049564
11.1496784319151
12.331731596612315
8.032412824519922
3.4043470658653363
4.780789774248015
8.179409255751942
10.530914392490168
10.53333698866145
4.434771830390337
11.48130901696198
9.475166549296551
6.076613952097141
7.720436343375784
8.249220502463235
7.603451892645456
8.832311866197522
6.785674725012326
9.689932270879071
4.152383664438709
12.119735393244335
9.55606769828701
9.30486347896152
4.7165502554951235
12.487186244660759
5.054715688749215
4.007674533858737
10.055551730346085
5.590567895532365
10.381462522039676
3.2711432781332492
6.560391915678434
3.361204366848126
4.947394265965885
5.247106466401839
5.0920783460426104
11.500014020972927
12.452210585480973
5.051783959294913
3.4249457516407866
11.605932992442629
7.511892046323901
4.0622397161229165
4.079346695932891
10.857758145494994
7.71561536949552
2.745337881701717
4.361514510862378
9.637995808710757
3.421437703291722
5.215942370060288
9.642358369440323
10.586259310373539
10.199785280361445
4.7209324283009835
7.663580086571137
5.31551571543993
11.654402341055537
4.393407186958359
8.230039952251007
3.5874908982367373
10.10510736655224
9.017446567826806
3.6798147431972614
11.203742021164532
7.929271082102321
9.38080369109658
10.498792040358353
10.380997427504836
3.968351197408584
11.409749844985866
2.6048148750215527
10.287468291409784
10.629535273146093
12.39578416475845
12.355570964488864
5.392029184419947
11.736281585699228
10.713450140819631
11.09247066805927
12.124741038130274
11.067307943394088
4.115561957728454
11.637504051933105
4.9836365715128945
7.243660404894454
5.971912506693224
12.480349644363022
8.904514033274973
8.238649400476069
11.788027862988095
10.893112436433704
10.366544676859707
10.33190999150964
6.0023452234799635
8.114450530035972
5.392111092128268
6.670805938196339
9.788671305717457
9.188705373209352
11.35804164043263
5.570864194175203
3.081520625011377
7.000865749384379
10.100095235723554
11.381305094984898
3.047731136355374
6.60031585657764
4.887122339388843
6.119716872764128
11.53150261637625
5.060225280991038
10.399638510012526
4.140009077427358
10.071457407156144
9.09345594472622
12.231937442906592
7.553988960884164
6.8044111541284105
6.957159889895964
10.595460637411339
12.450094254146235
5.644582880899631
3.235869150914541
3.12961279956287
11.677516775844465
6.348192365847406
10.049104738941825
4.14672591213537
4.4794780615096546
7.089494732043143
10.991260080363448
11.581752560862434
4.258348259606022
7.973522922948886
10.571497172427716
3.2445280606251794
6.180067581071893
4.829960741362374
3.609779945026631
5.529964889594585
7.012821476429405
4.6973972416292415
12.128934517946039
5.06209825547592
6.794506009571252
8.673123873358051
11.106604473373308
6.878903530308289
7.9262892312777975
5.754513104222062
6.116256457474342
10.26641668402787
4.760728734437636
10.292988845679472
7.4120900287921865
6.84068272558873
12.387111916151191
6.278159574212584
8.724573166890476
10.950737121276791
11.198407860796738
8.62470029145873
9.466965995104108
10.345968588796996
5.764453328405102
9.935201663756896
3.1646053208187377
5.079138332616468
9.181963090621409
8.63434960166157
11.122011491324724
11.678530579789971
11.973022384734836
6.6182667703637685
4.874232786876036
12.258744932946788
12.292961464466659
8.870219280994752
8.82477812549627
4.082287661015855
4.65680701508287
3.482651061971631
3.4137413622417623
4.466536750614654
8.484395111859905
3.0303505607985293
9.872071542997075
10.692682063530617
4.628757231252195
4.926464818001773
10.916802401862407
7.004335178262719
5.891589641513715
11.131555314742545
6.625848217439906
7.740858493220699
12.103429390406047
7.466035591814624
6.213695673428764
4.670164584339762
11.77475215074071
5.011989998082674
5.728362203772299
6.105456725963357
10.63574474887703
6.822975668803376
9.580046392190317
9.865681035727727
8.335507839807265
11.466492296331518
6.160327406360189
6.36255674467329
9.322377153952566
8.14452262970141
6.545038703630758
5.958893500700818
12.38821403474533
7.805267094412275
3.0294962053989494
10.707272118148039
5.062026064317084
2.6269113301984506
8.262842686142097
6.014225444884822
3.866915183313815
8.204524919914622
9.61159385242714
6.044493237669018
4.179738110535215
6.44093021024613
6.872923507874552
12.402954613099496
10.087829494589322
6.368341262109711
3.1844883573793092
6.687868933701479
10.896295116330814
4.449715698079722
4.325281616424733
9.45549247088554
9.068832917431468
9.034319602421615
7.897186609343123
6.820487171224362
8.373077522928533
5.03808908557033
3.0438134186170163
5.581210146386074
4.299923634371222
8.136242401225946
10.156425464852312
10.42835369829455
11.54487198480346
6.460310978807486
9.907112596452437
6.29560067864317
5.629151924685476
12.10180404119292
6.168707456918651
7.769372361538762
8.153433179257501
12.45694520825862
4.118688884741059
11.975106567760843
9.467310519404123
5.371166038176467
10.06347647874955
10.624777039820557
7.557263610724945
9.360244531329283
9.147059859883043
11.959188761927685
6.62738519655055
7.441502670109481
10.34349612378596
7.28884491639738
4.736644329523959
5.957027078870858
3.2919544730735706
6.762300114122772
12.440735331897919
4.726713331943549
5.593236523083883
11.243960119247427
3.8574289709495346
4.195741779790515
12.31833968843284
11.369762650353936
7.6628821562636675
6.349216694029488
11.297796157741999
12.375877867840511
9.391574193865434
11.941947766458608
8.445416131522487
8.24614457546983
7.768464239625258
2.956024414358632
5.062017910373044
6.326148749344482
4.456199017207938
10.228866250038676
4.463499274739366
3.5404694961371352
8.592881364812984
4.736650158823719
4.419505127207632
5.815164720064324
12.481793445469494
3.4010133079613967
5.507057206182136
10.042643648279856
6.832644953111018
10.832999630126004
4.934815429621269
9.197869887863684
3.8152400331853844
11.506522947372778
4.428011547767234
9.092119483357255
4.701455531265277
7.995499788541175
7.071070087785637
5.44634765027145
2.620077578313599
4.103428211384318
11.599178128896911
6.879285277786868
6.65129493976492
8.51006115001459
5.880828625891043
6.0233225283959655
6.025480747943033
9.440139451539192
11.652840770445103
5.583280903628497
3.5928046123153012
10.602259467621222
8.632864011697404
2.965584165285838
8.941454543382255
2.64656000744504
3.3738108271338954
11.00828913312178
7.741290176730706
5.811974518695129
10.388700447026022
8.853206599589345
8.425145767746772
12.093532249127737
7.632902960081392
4.596765932884848
11.618393121421306
3.0628402659224707
7.234948478214701
7.5893927972011985
5.675361481789838
2.6156568268270264
11.486113670764567
3.21639665924343
4.509186446018053
3.863866619235629
9.23017368372394
6.644026528288698
10.010518702467802
7.667883515644872
6.654098781931448
3.1960786627130533
10.330805927078863
2.8509965655192815
9.672460707922545
12.38727748841493
6.256748421416801
3.370923261372348
2.9408900572771124
3.8368422508916957
9.125442908306786
11.628842188051618
10.720840583586147
11.996020119068374
6.842345922737508
4.957381792726414
2.7745842464456585
5.117464194915071
12.153823896601523
11.72445791737372
3.978353743569587
11.74037767570005
4.136747365617182
5.749457866616158
11.149459054065463
10.223484268394287
9.979213018871018
8.296305630600939
6.9694960492212115
6.70125166150743
11.067606461592236
9.334466076946043
4.722348449360894
9.229475766661142
3.057726960873899
5.949326082040138
10.20044357586509
9.236416460013423
5.611689583492235
8.21409559569309
5.699050187324018
3.8209713922208732
6.003235583717292
10.235556199823877
7.3034501421431886
4.400212179344644
6.592870441270576
6.6745081658516785
3.286774189778867
12.335189290965848
10.703032293892283
10.191269988756243
5.461103453576838
8.532909826490497
10.340270708505946
11.442308614211328
7.173686271721592
5.639419293653495
8.008182327419952
7.841559904236288
12.45602597274441
3.01555963977719
6.105347836234525
2.624370189234914
10.768125508026925
10.911820709652257
10.041837174482483
3.147374148693639
7.413646993024553
2.9892574597302266
3.8685660045492942
7.567433464431685
6.235177409762466
11.369120144386825
12.417364874693863
10.765097365998054
7.218928434990012
8.987773051302652
7.817790877293294
4.832248913156056
9.016760818043785
4.025778337903835
6.3552088162626506
9.456763725072179
10.069897389472828
6.401543323968872
4.92669632515714
5.375031544605382
9.536211529610936
11.0059103698803
9.317201525639227
11.358272283639927
11.528403940740642
9.167427418231261
7.469838545108674
3.6641755014739363
10.566332865606027
5.481868487663175
5.995863397667211
5.440851044391977
4.109843679794652
6.231495965463719
3.507168227895124
4.790507438113698
7.252444707183164
5.890531040265932
6.339081277630917
9.059443470938847
3.5247934739990683
2.5509992827196557
12.115933547392952
5.401532735168764
7.607475234356119
12.247522837669438
7.311160254150874
8.93150710553002
2.7553764429541214
3.764370166633909
8.654706300546437
3.8785280990743862
8.558036392603295
8.339975496279258
6.7067605582888845
9.519624498948822
9.13535840337417
6.178971811426087
5.769798751315385
4.449184527761
6.012039328771438
2.8303672741927066
8.717367223100196
7.2183057070119805
9.564252125780026
5.2054215457510065
9.883378737508057
11.604698123940057
7.0742223657356345
3.539868448422988
10.604455412691223
2.8310770772320315
10.035277842768568
8.082051230853244
12.224607313308223
10.009776832649262
10.959822829298204
9.378568823746853
10.187109412338753
2.5415530597228297
10.554768807816231
3.4750339211220185
4.94609787671755
10.328911061662897
9.271489431266643
7.363190251336976
5.12189368862347
10.504164951961938
3.0108368647147232
3.014160135517093
5.5930344868742825
7.723916316283704
5.05864191648977
8.42900251900669
11.596549915231709
10.926643935084487
9.91486227486785
8.89092908862349
7.695470393625554
6.465914638833609
11.133949782850053
11.5345190258026
12.483860449992024
2.7080117164036785
12.460500405103623
2.5945192882024024
4.597809345807483
4.444045301506034
4.094844108195548
9.417896653437657
9.178633228678763
3.25003599699629
7.6002976314038815
9.291370567992908
8.913974665721593
5.750403872995235
7.990628678748138
8.278230565728105
10.649696892472372
11.094237993751191
5.074719542107806
7.841116374207435
3.5752065820810097
5.805533101540492
7.545137944674663
6.1791418870948025
10.76386148525415
10.739923160211891
6.739352217565884
8.636840597901951
11.743152533443117
7.688016739404456
7.735031673627047
Rank 2: 200 simulations
2.6847198390577107
6.030888684934417
6.383656775967682
Running 800 simulations with 4 MPI ranks
Rank 0: 200 simulations
2.660215132180025
6.45808773245069
9.480664572140975
4.7219072297496565
5.006331522012485
5.28364727017887
6.210075405755134
Rank 1: 200 simulations
9.337807665414141
9.598110261015252
3.134547840014047
3.5500376973575296
2.6186475001959253
10.788381209613437
4.170403009689014
10.97005410327592
12.44510811116099
4.284146371724001
Rank 3: 200 simulations
t=1115243  fraction=0.44875  peak_slope=3.026e-06  t_peak=133829  comparison cadence=1115243  difference=0.44875  below=0/3
t=1126395  fraction=0.44875  peak_slope=3.026e-06  t_peak=133829  comparison cadence=1115243  difference=0.44875  below=0/3
t=1137548  fraction=0.44875  peak_slope=3.026e-06  t_peak=133829  comparison cadence=1115243  difference=0.44875  below=0/3
t=1148700  fraction=0.44875  peak_slope=3.026e-06  t_peak=133829  comparison cadence=1115243  difference=0.44875  below=0/3
t=1159852  fraction=0.44875  peak_slope=3.026e-06  t_peak=133829  comparison cadence=1115243  difference=0.44875  below=0/3
t=1171005  fraction=0.45000  peak_slope=3.026e-06  t_peak=133829  comparison cadence=1115243  difference=0.45000  below=0/3
t=1182157  fraction=0.45000  peak_slope=3.026e-06  t_peak=133829  comparison cadence=1115243  difference=0.44125  below=0/3
t=1193310  fraction=0.45000  peak_slope=3.026e-06  t_peak=133829  comparison cadence=1115243  difference=0.41625  below=0/3
t=1204462  fraction=0.45000  peak_slope=3.026e-06  t_peak=133829  comparison cadence=1115243  difference=0.38250  below=0/3
t=1215615  fraction=0.45000  peak_slope=3.026e-06  t_peak=133829  comparison cadence=1115243  difference=0.34750  below=0/3
t=1226767  fraction=0.45000  peak_slope=3.026e-06  t_peak=133829  comparison cadence=1115243  difference=0.31875  below=0/3
t=1237919  fraction=0.45000  peak_slope=3.026e-06  t_peak=133829  comparison cadence=1115243  difference=0.28500  below=0/3
t=1249072  fraction=0.45000  peak_slope=3.026e-06  t_peak=133829  comparison cadence=1115243  difference=0.24750  below=0/3
t=1260224  fraction=0.45000  peak_slope=3.026e-06  t_peak=133829  comparison cadence=1115243  difference=0.22125  below=0/3
t=1271377  fraction=0.45000  peak_slope=3.026e-06  t_peak=133829  comparison cadence=1115243  difference=0.20500  below=0/3
t=1282529  fraction=0.45000  peak_slope=3.026e-06  t_peak=133829  comparison cadence=1115243  difference=0.19625  below=0/3
t=1293682  fraction=0.45000  peak_slope=3.026e-06  t_peak=133829  comparison cadence=1115243  difference=0.17625  below=0/3
t=1304834  fraction=0.45125  peak_slope=3.026e-06  t_peak=133829  comparison cadence=1115243  difference=0.16250  below=0/3
t=1315986  fraction=0.45125  peak_slope=3.026e-06  t_peak=133829  comparison cadence=1115243  difference=0.15375  below=0/3
t=1327139  fraction=0.45125  peak_slope=3.026e-06  t_peak=133829  comparison cadence=1115243  difference=0.14750  below=0/3
t=1338291  fraction=0.45125  peak_slope=3.026e-06  t_peak=133829  comparison cadence=1115243  difference=0.13875  below=0/3
t=1349444  fraction=0.45125  peak_slope=3.026e-06  t_peak=133829  comparison cadence=1115243  difference=0.12875  below=0/3
t=1360596  fraction=0.45125  peak_slope=3.026e-06  t_peak=133829  comparison cadence=1115243  difference=0.12250  below=0/3
t=1371749  fraction=0.45125  peak_slope=3.026e-06  t_peak=133829  comparison cadence=1115243  difference=0.10625  below=0/3
t=1382901  fraction=0.45125  peak_slope=3.026e-06  t_peak=133829  comparison cadence=1115243  difference=0.10125  below=0/3
t=1394053  fraction=0.45125  peak_slope=3.026e-06  t_peak=133829  comparison cadence=1115243  difference=0.10000  below=0/3
t=1405206  fraction=0.45125  peak_slope=3.026e-06  t_peak=133829  comparison cadence=1115243  difference=0.09750  below=0/3
t=1416358  fraction=0.45125  peak_slope=3.026e-06  t_peak=133829  comparison cadence=1115243  difference=0.09250  below=0/3
t=1427511  fraction=0.45125  peak_slope=3.026e-06  t_peak=133829  comparison cadence=1115243  difference=0.09000  below=0/3
t=1438663  fraction=0.45125  peak_slope=3.026e-06  t_peak=133829  comparison cadence=1115243  difference=0.08750  below=0/3
t=1449816  fraction=0.45125  peak_slope=3.026e-06  t_peak=133829  comparison cadence=1115243  difference=0.08250  below=0/3
t=1460968  fraction=0.45125  peak_slope=3.026e-06  t_peak=133829  comparison cadence=1115243  difference=0.07625  below=0/3
t=1472120  fraction=0.45125  peak_slope=3.026e-06  t_peak=133829  comparison cadence=1115243  difference=0.07125  below=0/3
t=1483273  fraction=0.45125  peak_slope=3.026e-06  t_peak=133829  comparison cadence=1115243  difference=0.06875  below=0/3
t=1494425  fraction=0.45125  peak_slope=3.026e-06  t_peak=133829  comparison cadence=1115243  difference=0.06250  below=0/3
t=1505578  fraction=0.45250  peak_slope=3.026e-06  t_peak=133829  comparison cadence=1115243  difference=0.06125  below=0/3
t=1516730  fraction=0.45250  peak_slope=3.026e-06  t_peak=133829  comparison cadence=1115243  difference=0.05625  below=0/3
t=1527883  fraction=0.45250  peak_slope=3.026e-06  t_peak=133829  comparison cadence=1115243  difference=0.05375  below=0/3
t=1539035  fraction=0.45250  peak_slope=3.026e-06  t_peak=133829  comparison cadence=1115243  difference=0.05250  below=0/3
t=1550187  fraction=0.45250  peak_slope=3.026e-06  t_peak=133829  comparison cadence=1115243  difference=0.05250  below=0/3
t=1561340  fraction=0.45250  peak_slope=3.026e-06  t_peak=133829  comparison cadence=1115243  difference=0.04875  below=0/3
t=1572492  fraction=0.45250  peak_slope=3.026e-06  t_peak=133829  comparison cadence=1115243  difference=0.04750  below=0/3
t=1583645  fraction=0.45250  peak_slope=3.026e-06  t_peak=133829  comparison cadence=1115243  difference=0.04750  below=0/3
t=1594797  fraction=0.45250  peak_slope=3.026e-06  t_peak=133829  comparison cadence=1115243  difference=0.04500  below=0/3
t=1605950  fraction=0.45250  peak_slope=3.026e-06  t_peak=133829  comparison cadence=1115243  difference=0.04000  below=0/3
t=1617102  fraction=0.45250  peak_slope=3.026e-06  t_peak=133829  comparison cadence=1115243  difference=0.03875  below=0/3
t=1628254  fraction=0.45250  peak_slope=3.026e-06  t_peak=133829  comparison cadence=1115243  difference=0.03750  below=0/3
t=1639407  fraction=0.45250  peak_slope=3.026e-06  t_peak=133829  comparison cadence=1115243  difference=0.03375  below=0/3
t=1650559  fraction=0.45250  peak_slope=3.026e-06  t_peak=133829  comparison cadence=1115243  difference=0.03375  below=0/3
t=1661712  fraction=0.45250  peak_slope=3.026e-06  t_peak=133829  comparison cadence=1115243  difference=0.03375  below=0/3
t=1672864  fraction=0.45250  peak_slope=3.026e-06  t_peak=133829  comparison cadence=1115243  difference=0.03250  below=0/3
t=1684017  fraction=0.45250  peak_slope=3.026e-06  t_peak=133829  comparison cadence=1115243  difference=0.02875  below=0/3
t=1695169  fraction=0.45250  peak_slope=3.026e-06  t_peak=133829  comparison cadence=1115243  difference=0.02750  below=0/3
t=1706321  fraction=0.45250  peak_slope=3.026e-06  t_peak=133829  comparison cadence=1115243  difference=0.02750  below=0/3
t=1717474  fraction=0.45250  peak_slope=3.026e-06  t_peak=133829  comparison cadence=1115243  difference=0.02750  below=0/3
t=1728626  fraction=0.45250  peak_slope=3.026e-06  t_peak=133829  comparison cadence=1115243  difference=0.02750  below=0/3
t=1739779  fraction=0.45250  peak_slope=3.026e-06  t_peak=133829  comparison cadence=1115243  difference=0.02625  below=0/3
t=1750931  fraction=0.45250  peak_slope=3.026e-06  t_peak=133829  comparison cadence=1115243  difference=0.02625  below=0/3
t=1762084  fraction=0.45250  peak_slope=3.026e-06  t_peak=133829  comparison cadence=1115243  difference=0.02375  below=0/3
t=1773236  fraction=0.45250  peak_slope=3.026e-06  t_peak=133829  comparison cadence=1115243  difference=0.02375  below=0/3
t=1784388  fraction=0.45250  peak_slope=3.026e-06  t_peak=133829  comparison cadence=1115243  difference=0.02125  below=0/3
t=1795541  fraction=0.45375  peak_slope=3.026e-06  t_peak=133829  comparison cadence=1115243  difference=0.02000  below=1/3
t=1806693  fraction=0.45375  peak_slope=3.026e-06  t_peak=133829  comparison cadence=1115243  difference=0.01750  below=2/3
t=1817846  fraction=0.45375  peak_slope=3.026e-06  t_peak=133829  comparison cadence=1115243  difference=0.01750  below=3/3
Stopping at t=1817845.6899185963
Saved 428 remaining particles to /scratch/group/p.phy260085.000//Mass_Fraction/Outputs/Ejection_Results/remaining_particles_2165830_1.csv
