==========================================
Mass Fraction MPI Run
==========================================
Date:               Sun Sep 27 06:39:15 CDT 2026
Host:               ac029
Array job ID:       2165830
Array task ID:      3
MPI ranks:          4
CPUs per task:      1
Nodes allocated:    1
Python:             /scratch/user/u.hm357857/.conda/envs/comets/bin/python
Conda environment:  /scratch/user/u.hm357857/.conda/envs/comets
==========================================

10.340820760408418
7.594670422046786
4.339834684373512
2.606729124073693
9.223997703248166
4.983401736626059
4.36874435787572
6.806844255300853
9.909041624935998
7.1174201816784555
6.181884887972427
10.68755999375724
6.637889473469461
11.529133534234923
7.7279109218410795
12.21672811060319
3.1051760059643962
10.796395123205816
11.21004898791212
7.4188711433380226
11.14000953478837
5.099411551969693
6.002873987867515
4.758704390163574
5.8826296050745075
8.462585083839603
2.944868132053263
7.390993505402771
11.11617300007849
12.461073036823871
9.44367298696212
3.186838294440073
5.23928352201613
12.452646964337664
8.14187113751079
11.977700460760554
3.3933979211783982
3.4621379773543906
8.487946344635091
8.680288581147101
9.995487205566723
3.7036510856181337
9.191616938616722
6.0549869613883
6.378981990925227
9.169394656789677
4.9874646295606375
2.9747647269102395
7.383388915773174
12.340355907287892
7.114964382369307
7.088337444642109
3.026633521531882
5.579027376466609
9.14797061410814
8.312255246275205
8.081679457288269
6.981215405578441
6.716927191235244
4.406910731832408
5.375587728033521
3.579720873982809
7.561921683489363
4.204024625385139
4.277130166841977
3.5722160871284983
2.9248400550641005
7.316369714709187
10.907159581632662
3.1686247650528876
9.466230448009401
3.552601190416583
7.2170998075981885
4.309566431405746
12.17860556320871
8.205538890697222
5.9225834275768
3.940049019893672
3.009640934366171
5.064000965726691
3.360237725306355
3.286876910274855
12.042366484356146
11.715063650303161
6.34810188965485
10.837716597294067
9.675817681854298
7.768588412504382
2.530688180829949
8.182852422273188
11.79069519393315
3.4305268525864916
5.740231449733244
5.240156478358279
8.028215657398716
9.292148131013601
11.699393393735143
4.863185994268924
10.99240621911378
11.008499646995759
6.533195746981798
9.377204379301565
8.059147809358798
11.103867837129362
9.910782276213226
3.3441558524253256
3.907288849584125
4.2437877092915155
8.624092468665808
6.864148756862065
9.781950757669595
10.426780685489355
9.409114809430486
7.632906568103746
8.662393118589375
9.898232162888867
8.559410136694392
8.903583716979874
12.071908213321
7.036568790066405
9.088300221389726
9.832078754821437
3.3064809589751154
7.6506101460726885
5.69893888476421
10.115190531225835
4.088456036074193
7.97528208382826
11.29231117229866
11.454837347826963
2.7555573923281154
3.225536755924762
8.133674453773454
8.374213009328924
10.51028429018221
5.485223791595169
3.493703628042182
8.306187941433798
10.736146200393527
10.779865229291847
6.603139821019962
3.413080393623591
6.926520302915225
2.5066143816225916
6.685307656909112
2.6899773250662506
8.56371340736943
12.474903223171683
11.740525554822137
11.367242720099885
9.329092437416064
2.6290468210824427
10.460569116422029
3.9064303600615657
5.202347935938022
8.649041665451826
4.338949751493244
9.057715592529913
3.4900706467717715
9.042921179246878
9.137702190365651
6.680371462888983
11.451447579568267
7.317023295123537
10.05565569396979
6.471075792102148
4.741272550578416
12.491214441902196
6.683971552779542
7.924341335020523
6.225690362005078
9.309553445080162
9.155418798852462
8.366868395787948
8.109217293339979
5.6559802170550455
12.225029888714214
8.76970982247408
3.6644345949245585
9.64010095751739
10.379646886448095
10.208089976602146
11.456042537789736
9.48050728756165
7.252920591424326
11.46267752024783
6.8685627275829555
6.984805589547465
5.104510911138229
3.5168116408666594
5.596404822235148
6.279480192421312
5.609958321222467
10.00596631129401
9.888712250246918
12.130876085912657
3.8502306927626027
9.841038770742248
9.21628977222988
7.320993548195114
11.00631181237134
11.521946288460862
7.5051073569805755
4.724809614666604
8.513990988886455
4.245073484137521
8.106791428629753
9.696015615612101
3.6280637310583863
9.19097365128698
4.1897447349713834
3.069332338076781
8.649609031327934
2.8803114192072297
3.5858989447467824
8.775637779209777
3.0152053939478165
9.900560176237963
4.641578866626281
9.82860176317453
9.428186277921444
11.27136359099423
8.985555131276387
5.4893902487465285
4.99235970199002
5.936033574495133
6.190823027380485
7.146781068102353
12.211038349988028
6.1979769701561205
9.821528095935118
6.263872056262674
11.360258613392576
8.526888643703348
11.905063138072068
6.137121965744607
11.083992127504525
9.011573056912566
11.793481901929539
11.485693185049024
8.547072832896404
11.266336560347966
11.757041573266738
10.711281682894366
10.779673075072274
11.296358885326775
3.876237147702264
6.428314041778065
2.5963038630391866
7.388649076319761
7.620273496978466
5.315786801319563
4.033859876831983
11.761976098523766
10.290912399138502
4.742083953786205
9.170244629366053
6.894458702462419
9.224551636880362
3.289479209700686
2.9812479045416715
8.690612328451241
9.556765815209113
9.745138636046622
7.816405087979707
3.6846150218075344
5.596171194536891
9.760302871075588
7.976845477971284
11.03454036061256
12.414859775455245
10.819445912254618
5.081872905705041
6.412906918982807
4.706574043752404
3.2679977319938134
6.690297650056255
10.30273908501815
7.809892216351786
7.620791002231816
6.78411884044044
11.54845562871725
6.375998917124491
9.462862404015832
7.856787806611811
12.033338815645436
9.659014380238409
10.252348049240911
6.130576483526187
5.024969247456308
4.823207452487583
11.341838533181276
8.108611429395348
7.102241432008951
3.298099290856026
8.103431665198318
4.754083331738395
7.7293898594077115
10.681454223091029
12.351287830872424
7.162508115636995
10.466299132365208
9.014028090477186
10.510012242616591
10.607561393429467
3.268667137773813
10.974328933231819
2.522476402291749
9.140931674353748
11.294318209832173
10.754260947079416
3.768464592173463
5.9619883078899285
10.309548372407232
4.101342582489781
7.433653782688144
11.294624633729459
7.754610434723183
2.6919817360326137
9.464889564732903
2.67717136937251
3.949718829985173
5.816422169165102
8.155023038200357
3.175519555018551
5.674939504971327
8.975934702422274
6.256488539991265
9.633750564632077
3.9231834671333576
6.5968645085608415
3.177739112804648
8.558093472474592
9.681513652980666
3.2530159373597223
8.58943427998325
4.374073945037191
9.565291703640586
12.497441944364462
11.292513254948206
7.817668982263778
6.4409151604867185
9.988512404199419
5.551056527763976
6.945847341549186
9.978349325741451
11.846122408424645
10.397570615945607
7.461720869070975
2.6435687688851894
3.2067483519880593
3.8414715664817045
8.424420373459304
3.2639959889746595
3.5929918459322154
3.7992842052725404
10.015153902776525
7.676568489297023
3.2094819652134223
4.367496936713895
6.204689353713961
9.577486175441887
8.56256439150217
12.091941650215125
12.485851240406795
5.368931594095246
2.8667651663081606
5.497857653885467
12.209521148078512
11.194256504646328
7.200979028653183
4.526633173064556
5.5958536772762635
2.9789415968405653
3.16220830798966
11.493252823629714
9.011633486891974
11.454792928264432
12.196539419044235
11.493865968032804
12.269443865608936
9.238044728228502
9.856299784150512
10.135315410460674
5.387650671615748
3.865705912851638
10.50715937427502
11.879361939173116
7.080597080302551
3.4657952792189626
4.852789962571196
9.341852797077513
10.761432511738597
11.207348159839988
4.75826646195891
8.078855583980683
11.205384913673036
11.832545985777287
5.585787727400096
9.30138162840385
9.21715064354828
9.34468633314992
8.574195413051104
6.152081615628534
11.483045783608421
5.6753033458090645
3.8763285374635403
12.08449329571376
8.606767622258246
5.203609071896489
8.26942026118019
4.9120851855242815
12.239596838295734
7.23314130825811
10.265905739952796
4.89738437895248
8.149128684837471
8.552929377268661
9.914563689606817
9.916024245448618
2.9525974307065495
6.710194498561963
6.398354795650942
6.606489972088635
4.75701967662228
3.5552622094356368
4.440068208895863
7.3971170449553405
12.054625638418218
11.463030738483825
3.349491090785419
10.610586654590366
3.704988327691676
11.604388453760397
11.16250978791843
3.749227406149833
4.0711002764824125
6.618295205133274
2.541896037296522
4.9083320629328995
10.941158299623284
9.055177715717566
6.293304753005423
7.68280499728122
6.718396699206065
5.550565660147847
6.63788059903149
5.552858229712898
10.969169806778137
10.826317116883285
10.938893583114412
7.265252357039056
5.7197354637093785
3.3333210544942373
3.4318830573666483
4.696077562265552
7.726313502166301
2.6110080322985563
6.423812143129405
11.926031306564855
6.107073314667984
3.608819853516251
11.769197333166957
9.806248922566931
10.56622766235284
11.16367940408897
6.962981748414704
9.05672349959287
3.806911405878741
3.415848912080486
9.700239263664857
8.012363375751582
5.464143362582846
4.781646510091697
11.684637830058499
7.515780718316618
4.40424213148756
5.7528712860881805
3.8066839602226277
6.206454724067802
4.734449608184744
11.49350263269331
6.095684632644847
7.787466654379481
8.480461623594039
6.592889015893942
12.397995256878897
8.690496525462857
3.5495288703772445
5.802284318602286
4.956569937964299
10.686251367390572
4.788901158718506
4.590818095864693
9.386297844184845
8.466043789159432
4.123327687124446
4.129608466307438
6.769949320488198
2.5451491308853758
7.285016242859532
11.590679014476407
11.591104588433316
7.479769490727595
10.523168717883957
6.462726231684581
5.724799143105821
8.690013978413429
6.991137192174702
3.495279165156777
6.722802691800892
11.00777816811101
3.8961525685048537
5.8186554772075105
6.64633416298275
11.474111720792992
2.724780982530385
8.929089074544958
6.434724045380406
11.177422355602452
6.94426946704462
3.6371007453654993
10.146463351300715
5.213501062739722
11.4919075562325
12.20733246144744
4.693566352454896
2.8513657353510125
3.260101735117403
8.555363767762913
2.5025073133578912
10.940731253551263
6.872086619375493
7.094625842854669
10.785942504062758
5.060315576349836
10.913712948825228
3.254875178655743
4.718513885566288
5.914005347166781
12.015040465082494
9.592097118042357
2.883355586187916
2.531207107509003
6.093770102125612
2.6366611970218203
8.20506462083194
5.659419880530883
4.688789145417069
6.365531320281837
3.246899747555776
6.051628542382023
3.217702845257253
4.969257551399037
10.012054532725578
8.880807066265909
9.995793211535203
8.02524726493645
10.920053874607824
2.7386864209479986
3.713287836022048
10.97770933344198
5.0005485445965725
6.149276557811638
12.110105766302404
5.32605777283532
5.528768302468742
9.514647434453408
4.001191709220756
11.381613510916967
5.163299328812423
5.32565340559559
8.594806682700307
8.08919427785444
6.503617617756574
3.792871855503692
10.22360962797362
4.539338364387071
4.762570679617123
10.387107506615395
6.879504194503281
9.696126706480804
4.159961336414922
8.569440310485305
10.830233570781175
5.4335574658263
5.352836298084373
2.532684502374374
7.050033379312141
4.780817590760512
3.689387371973496
10.96512715063131
7.94584483217144
7.076065126471508
11.24480905668229
11.853253088112584
6.822221895266932
8.058428876979582
5.1442648210673365
3.795495818931567
6.870850460606114
9.221799588188368
12.209065841659076
12.278468216704244
7.78952518036546
12.050584888860268
11.612860526202368
11.031577608332512
11.184327912556872
3.3776908880252074
7.178626105430319
5.070432318218185
7.008578802398988
4.08829597108428
4.934249216573525
8.909253346981878
3.6232947222836853
8.605787696178044
11.4867294985746
6.946687338429392
2.781542580808749
10.119696007840405
10.436167768329755
10.865788425085777
8.652057494490668
3.868034380261227
12.09056196447109
8.961334645700294
7.116623626756935
10.906907929576008
9.544904492588438
11.758437068057816
3.417459059661252
9.652954990966787
11.275217112725777
3.4561915050601835
10.03937370289154
10.535644502242432
3.11672156237915
5.5020570846753305
9.420949027794778
11.768263086733805
12.179171731043516
5.708668844289988
5.661214969590473
10.162949872637537
10.345933350098498
9.615240430403981
12.38921319885636
2.8758566114460873
11.192703398269813
9.055984344769513
10.37871555638652
3.6127286022291925
4.87652590920817
6.862917588600488
12.41578141489576
9.346204402392061
2.7879735963470087
6.857284975083234
7.0459462942105695
8.21508723480091
5.524362287521701
6.568251045351646
6.588608239404474
7.075791081477694
4.663430133607074
5.36974224475113
9.12084078063058
7.808742634770212
5.360282931771513
7.763619035696906
6.780860656070818
7.036107816115487
11.550668945824702
6.4415354378420355
11.494624308280281
12.38092608209296
6.268293844094797
12.093966818311262
9.175566840107503
6.296046498216627
7.23373696550913
4.006807072493812
7.552101766287706
5.931097696115267
5.279466124038448
9.484578723681658
6.172649385094639
8.852498977584702
8.06919983739609
7.687389245049905
3.509830949419044
4.751108465005206
6.308293972082936
4.508836018485576
11.6589714288136
9.884596312131382
4.88755368706561
11.765761949425224
3.172678511231549
9.953352572575918
12.005383851565421
11.100371037707166
4.047294205135539
9.456907236314532
8.87551448429626
5.134101665248224
7.334516308869924
3.0739625158538475
9.54805078648505
10.164415145335568
8.928924707876039
11.913169969585812
3.7560164780634486
7.743555981928896
12.274954276493439
11.163750432855608
8.353028960717097
4.715418182749552
8.469103626875699
7.507949979265215
12.299008451972803
11.649397377630953
9.124177270871332
9.448021147758991
9.95714958888834
11.833796140511932
11.642845343978847
3.885081894517237
2.904356833573707
8.93967711215501
7.144712165662796
7.323343974417069
6.62704274676469
2.8429436552356337
10.781589345808083
6.41938253761423
6.642818198026454
3.6359382944791285
2.708328883875204
4.9376785399584815
8.512692631823388
8.388930574150649
6.743976376820395
7.139885759289849
4.969999225130995
7.303304611541671
7.114850003020294
10.612785609178555
5.52619671339219
11.811325112978338
4.486411868680919
3.041121165703692
5.370387434159671
8.068721949421128
7.013238797198179
6.158613665710845
8.235522205916537
5.603671044643793
3.0093557312794283
8.838535309575846
11.932051765218324
9.06313696870129
11.593119278225188
7.139757606097086
10.371882949369144
6.5705353655708985
5.661158257906896
9.634371220110367
10.948789192888126
10.105342804468496
4.877730511598117
2.690437804569469
5.322375527761509
6.042043943533356
9.01679463609884
3.9442702306709254
9.245157374309038
8.000927269925553
3.119682481671494
5.22015908622498
8.090518468831442
11.588958643282975
7.590665362590439
7.51916977556414
5.387853152349381
4.15014046289399
8.13179659244507
3.2921278412929778
4.63386467953558
4.701187256338751
10.6086810708468
9.083133807520017
8.38843536127452
7.677098857154067
5.981204081430248
8.086318780728574
5.451568626157939
11.275700243479307
Rank 1: 200 simulations
Running 800 simulations with 4 MPI ranks
Rank 0: 200 simulations
Rank 2: 200 simulations
Rank 3: 200 simulations
t=1441357  fraction=0.25250  peak_slope=6.041e-07  t_peak=480452  comparison cadence=1441357  difference=0.25250  below=0/3
t=1452530  fraction=0.25250  peak_slope=6.041e-07  t_peak=480452  comparison cadence=1441357  difference=0.25250  below=0/3
t=1463703  fraction=0.25250  peak_slope=6.041e-07  t_peak=480452  comparison cadence=1441357  difference=0.25250  below=0/3
t=1474877  fraction=0.25250  peak_slope=6.041e-07  t_peak=480452  comparison cadence=1441357  difference=0.25250  below=0/3
t=1486050  fraction=0.25375  peak_slope=6.041e-07  t_peak=480452  comparison cadence=1441357  difference=0.25375  below=0/3
t=1497223  fraction=0.25375  peak_slope=6.041e-07  t_peak=480452  comparison cadence=1441357  difference=0.25375  below=0/3
t=1508397  fraction=0.25375  peak_slope=6.041e-07  t_peak=480452  comparison cadence=1441357  difference=0.25375  below=0/3
t=1519570  fraction=0.25500  peak_slope=6.041e-07  t_peak=480452  comparison cadence=1441357  difference=0.25500  below=0/3
t=1530743  fraction=0.25500  peak_slope=6.041e-07  t_peak=480452  comparison cadence=1441357  difference=0.25500  below=0/3
t=1541917  fraction=0.25500  peak_slope=6.041e-07  t_peak=480452  comparison cadence=1441357  difference=0.25500  below=0/3
t=1553090  fraction=0.25500  peak_slope=6.041e-07  t_peak=480452  comparison cadence=1441357  difference=0.25500  below=0/3
t=1564263  fraction=0.25625  peak_slope=6.041e-07  t_peak=480452  comparison cadence=1441357  difference=0.25625  below=0/3
t=1575437  fraction=0.25750  peak_slope=6.041e-07  t_peak=480452  comparison cadence=1441357  difference=0.25750  below=0/3
t=1586610  fraction=0.25750  peak_slope=6.041e-07  t_peak=480452  comparison cadence=1441357  difference=0.25750  below=0/3
t=1597783  fraction=0.26000  peak_slope=6.041e-07  t_peak=480452  comparison cadence=1441357  difference=0.26000  below=0/3
t=1608956  fraction=0.26250  peak_slope=6.041e-07  t_peak=480452  comparison cadence=1441357  difference=0.26125  below=0/3
t=1620130  fraction=0.26375  peak_slope=6.041e-07  t_peak=480452  comparison cadence=1441357  difference=0.26125  below=0/3
t=1631303  fraction=0.26375  peak_slope=6.041e-07  t_peak=480452  comparison cadence=1441357  difference=0.25875  below=0/3
t=1642476  fraction=0.26375  peak_slope=6.041e-07  t_peak=480452  comparison cadence=1441357  difference=0.25750  below=0/3
t=1653650  fraction=0.26375  peak_slope=6.041e-07  t_peak=480452  comparison cadence=1441357  difference=0.25500  below=0/3
t=1664823  fraction=0.26375  peak_slope=6.041e-07  t_peak=480452  comparison cadence=1441357  difference=0.25250  below=0/3
t=1675996  fraction=0.26375  peak_slope=6.041e-07  t_peak=480452  comparison cadence=1441357  difference=0.24875  below=0/3
t=1687170  fraction=0.26375  peak_slope=6.041e-07  t_peak=480452  comparison cadence=1441357  difference=0.24750  below=0/3
t=1698343  fraction=0.26375  peak_slope=6.041e-07  t_peak=480452  comparison cadence=1441357  difference=0.24375  below=0/3
t=1709516  fraction=0.26500  peak_slope=6.041e-07  t_peak=480452  comparison cadence=1441357  difference=0.24000  below=0/3
t=1720690  fraction=0.26500  peak_slope=6.041e-07  t_peak=480452  comparison cadence=1441357  difference=0.23500  below=0/3
t=1731863  fraction=0.26500  peak_slope=6.041e-07  t_peak=480452  comparison cadence=1441357  difference=0.23500  below=0/3
t=1743036  fraction=0.26500  peak_slope=6.041e-07  t_peak=480452  comparison cadence=1441357  difference=0.23000  below=0/3
t=1754210  fraction=0.26500  peak_slope=6.041e-07  t_peak=480452  comparison cadence=1441357  difference=0.22500  below=0/3
t=1765383  fraction=0.26500  peak_slope=6.041e-07  t_peak=480452  comparison cadence=1441357  difference=0.21750  below=0/3
t=1776556  fraction=0.26500  peak_slope=6.041e-07  t_peak=480452  comparison cadence=1441357  difference=0.21125  below=0/3
t=1787729  fraction=0.26500  peak_slope=6.041e-07  t_peak=480452  comparison cadence=1441357  difference=0.20875  below=0/3
t=1798903  fraction=0.26500  peak_slope=6.041e-07  t_peak=480452  comparison cadence=1441357  difference=0.19875  below=0/3
t=1810076  fraction=0.26500  peak_slope=6.041e-07  t_peak=480452  comparison cadence=1441357  difference=0.19125  below=0/3
t=1821249  fraction=0.26500  peak_slope=6.041e-07  t_peak=480452  comparison cadence=1441357  difference=0.18875  below=0/3
t=1832423  fraction=0.26500  peak_slope=6.041e-07  t_peak=480452  comparison cadence=1441357  difference=0.18250  below=0/3
t=1843596  fraction=0.26625  peak_slope=6.041e-07  t_peak=480452  comparison cadence=1441357  difference=0.18125  below=0/3
t=1854769  fraction=0.26625  peak_slope=6.041e-07  t_peak=480452  comparison cadence=1441357  difference=0.17375  below=0/3
t=1865943  fraction=0.26625  peak_slope=6.041e-07  t_peak=480452  comparison cadence=1441357  difference=0.17000  below=0/3
t=1877116  fraction=0.26750  peak_slope=6.041e-07  t_peak=480452  comparison cadence=1441357  difference=0.16375  below=0/3
t=1888289  fraction=0.26750  peak_slope=6.041e-07  t_peak=480452  comparison cadence=1441357  difference=0.15875  below=0/3
t=1899463  fraction=0.26875  peak_slope=6.041e-07  t_peak=480452  comparison cadence=1441357  difference=0.15500  below=0/3
t=1910636  fraction=0.26875  peak_slope=6.041e-07  t_peak=480452  comparison cadence=1441357  difference=0.14625  below=0/3
t=1921809  fraction=0.26875  peak_slope=6.041e-07  t_peak=480452  comparison cadence=1441357  difference=0.13875  below=0/3
t=1932982  fraction=0.26875  peak_slope=6.041e-07  t_peak=480452  comparison cadence=1441357  difference=0.13375  below=0/3
t=1944156  fraction=0.26875  peak_slope=6.041e-07  t_peak=480452  comparison cadence=1441357  difference=0.12875  below=0/3
t=1955329  fraction=0.26875  peak_slope=6.041e-07  t_peak=480452  comparison cadence=1441357  difference=0.12750  below=0/3
t=1966502  fraction=0.26875  peak_slope=6.041e-07  t_peak=480452  comparison cadence=1441357  difference=0.12125  below=0/3
t=1977676  fraction=0.26875  peak_slope=6.041e-07  t_peak=480452  comparison cadence=1441357  difference=0.12000  below=0/3
t=1988849  fraction=0.26875  peak_slope=6.041e-07  t_peak=480452  comparison cadence=1441357  difference=0.11875  below=0/3
t=2000022  fraction=0.26875  peak_slope=6.041e-07  t_peak=480452  comparison cadence=1441357  difference=0.11250  below=0/3
t=2011196  fraction=0.26875  peak_slope=6.041e-07  t_peak=480452  comparison cadence=1441357  difference=0.10875  below=0/3
t=2022369  fraction=0.26875  peak_slope=6.041e-07  t_peak=480452  comparison cadence=1441357  difference=0.10750  below=0/3
t=2033542  fraction=0.26875  peak_slope=6.041e-07  t_peak=480452  comparison cadence=1441357  difference=0.10375  below=0/3
t=2044716  fraction=0.26875  peak_slope=6.041e-07  t_peak=480452  comparison cadence=1441357  difference=0.10125  below=0/3
t=2055889  fraction=0.26875  peak_slope=6.041e-07  t_peak=480452  comparison cadence=1441357  difference=0.10125  below=0/3
t=2067062  fraction=0.26875  peak_slope=6.041e-07  t_peak=480452  comparison cadence=1441357  difference=0.10125  below=0/3
t=2078235  fraction=0.26875  peak_slope=6.041e-07  t_peak=480452  comparison cadence=1441357  difference=0.09875  below=0/3
t=2089409  fraction=0.26875  peak_slope=6.041e-07  t_peak=480452  comparison cadence=1441357  difference=0.09625  below=0/3
t=2100582  fraction=0.27000  peak_slope=6.041e-07  t_peak=480452  comparison cadence=1441357  difference=0.09625  below=0/3
t=2111755  fraction=0.27000  peak_slope=6.041e-07  t_peak=480452  comparison cadence=1441357  difference=0.09500  below=0/3
t=2122929  fraction=0.27000  peak_slope=6.041e-07  t_peak=480452  comparison cadence=1441357  difference=0.09500  below=0/3
t=2134102  fraction=0.27000  peak_slope=6.041e-07  t_peak=480452  comparison cadence=1441357  difference=0.09000  below=0/3
t=2145275  fraction=0.27000  peak_slope=6.041e-07  t_peak=480452  comparison cadence=1441357  difference=0.08875  below=0/3
t=2156449  fraction=0.27000  peak_slope=6.041e-07  t_peak=480452  comparison cadence=1441357  difference=0.08750  below=0/3
t=2167622  fraction=0.27000  peak_slope=6.041e-07  t_peak=480452  comparison cadence=1441357  difference=0.08625  below=0/3
t=2178795  fraction=0.27000  peak_slope=6.041e-07  t_peak=480452  comparison cadence=1441357  difference=0.08500  below=0/3
t=2189969  fraction=0.27000  peak_slope=6.041e-07  t_peak=480452  comparison cadence=1441357  difference=0.08250  below=0/3
t=2201142  fraction=0.27000  peak_slope=6.041e-07  t_peak=480452  comparison cadence=1441357  difference=0.08000  below=0/3
t=2212315  fraction=0.27000  peak_slope=6.041e-07  t_peak=480452  comparison cadence=1441357  difference=0.07875  below=0/3
t=2223488  fraction=0.27000  peak_slope=6.041e-07  t_peak=480452  comparison cadence=1441357  difference=0.07875  below=0/3
t=2234662  fraction=0.27000  peak_slope=6.041e-07  t_peak=480452  comparison cadence=1441357  difference=0.07625  below=0/3
t=2245835  fraction=0.27000  peak_slope=6.041e-07  t_peak=480452  comparison cadence=1441357  difference=0.07625  below=0/3
t=2257008  fraction=0.27000  peak_slope=6.041e-07  t_peak=480452  comparison cadence=1441357  difference=0.07250  below=0/3
t=2268182  fraction=0.27000  peak_slope=6.041e-07  t_peak=480452  comparison cadence=1441357  difference=0.07125  below=0/3
t=2279355  fraction=0.27000  peak_slope=6.041e-07  t_peak=480452  comparison cadence=1441357  difference=0.07125  below=0/3
t=2290528  fraction=0.27000  peak_slope=6.041e-07  t_peak=480452  comparison cadence=1441357  difference=0.07000  below=0/3
t=2301702  fraction=0.27000  peak_slope=6.041e-07  t_peak=480452  comparison cadence=1441357  difference=0.06875  below=0/3
t=2312875  fraction=0.27000  peak_slope=6.041e-07  t_peak=480452  comparison cadence=1441357  difference=0.06625  below=0/3
t=2324048  fraction=0.27000  peak_slope=6.041e-07  t_peak=480452  comparison cadence=1441357  difference=0.06625  below=0/3
t=2335222  fraction=0.27000  peak_slope=6.041e-07  t_peak=480452  comparison cadence=1441357  difference=0.06625  below=0/3
t=2346395  fraction=0.27000  peak_slope=6.041e-07  t_peak=480452  comparison cadence=1441357  difference=0.06500  below=0/3
t=2357568  fraction=0.27000  peak_slope=6.041e-07  t_peak=480452  comparison cadence=1441357  difference=0.06500  below=0/3
t=2368741  fraction=0.27000  peak_slope=6.041e-07  t_peak=480452  comparison cadence=1441357  difference=0.06375  below=0/3
t=2379915  fraction=0.27000  peak_slope=6.041e-07  t_peak=480452  comparison cadence=1441357  difference=0.06375  below=0/3
t=2391088  fraction=0.27125  peak_slope=6.041e-07  t_peak=480452  comparison cadence=1441357  difference=0.06250  below=0/3
t=2402261  fraction=0.27125  peak_slope=6.041e-07  t_peak=480452  comparison cadence=1441357  difference=0.05875  below=0/3
t=2413435  fraction=0.27125  peak_slope=6.041e-07  t_peak=480452  comparison cadence=1441357  difference=0.05875  below=0/3
t=2424608  fraction=0.27125  peak_slope=6.041e-07  t_peak=480452  comparison cadence=1441357  difference=0.05750  below=0/3
t=2435781  fraction=0.27375  peak_slope=6.041e-07  t_peak=480452  comparison cadence=1441357  difference=0.05625  below=0/3
t=2446955  fraction=0.27375  peak_slope=6.041e-07  t_peak=480452  comparison cadence=1441357  difference=0.05625  below=0/3
t=2458128  fraction=0.27375  peak_slope=6.041e-07  t_peak=480452  comparison cadence=1441357  difference=0.05500  below=0/3
t=2469301  fraction=0.27375  peak_slope=6.041e-07  t_peak=480452  comparison cadence=1441357  difference=0.05500  below=0/3
t=2480475  fraction=0.27375  peak_slope=6.041e-07  t_peak=480452  comparison cadence=1441357  difference=0.05125  below=0/3
t=2491648  fraction=0.27500  peak_slope=6.041e-07  t_peak=480452  comparison cadence=1441357  difference=0.05125  below=0/3
t=2502821  fraction=0.27625  peak_slope=6.041e-07  t_peak=480452  comparison cadence=1441357  difference=0.05000  below=0/3
t=2513995  fraction=0.27625  peak_slope=6.041e-07  t_peak=480452  comparison cadence=1441357  difference=0.04875  below=0/3
t=2525168  fraction=0.27625  peak_slope=6.041e-07  t_peak=480452  comparison cadence=1441357  difference=0.04875  below=0/3
t=2536341  fraction=0.27625  peak_slope=6.041e-07  t_peak=480452  comparison cadence=1441357  difference=0.04875  below=0/3
t=2547514  fraction=0.27625  peak_slope=6.041e-07  t_peak=480452  comparison cadence=1441357  difference=0.04875  below=0/3
t=2558688  fraction=0.27625  peak_slope=6.041e-07  t_peak=480452  comparison cadence=1441357  difference=0.04750  below=0/3
t=2569861  fraction=0.27625  peak_slope=6.041e-07  t_peak=480452  comparison cadence=1441357  difference=0.04750  below=0/3
t=2581034  fraction=0.27750  peak_slope=6.041e-07  t_peak=480452  comparison cadence=1441357  difference=0.04750  below=0/3
t=2592208  fraction=0.27750  peak_slope=6.041e-07  t_peak=480452  comparison cadence=1441357  difference=0.04750  below=0/3
t=2603381  fraction=0.27875  peak_slope=6.041e-07  t_peak=480452  comparison cadence=1441357  difference=0.04750  below=0/3
t=2614554  fraction=0.27875  peak_slope=6.041e-07  t_peak=480452  comparison cadence=1441357  difference=0.04750  below=0/3
t=2625728  fraction=0.27875  peak_slope=6.041e-07  t_peak=480452  comparison cadence=1441357  difference=0.04500  below=0/3
t=2636901  fraction=0.27875  peak_slope=6.041e-07  t_peak=480452  comparison cadence=1441357  difference=0.04250  below=0/3
t=2648074  fraction=0.27875  peak_slope=6.041e-07  t_peak=480452  comparison cadence=1441357  difference=0.04125  below=0/3
t=2659248  fraction=0.27875  peak_slope=6.041e-07  t_peak=480452  comparison cadence=1441357  difference=0.03875  below=0/3
t=2670421  fraction=0.27875  peak_slope=6.041e-07  t_peak=480452  comparison cadence=1441357  difference=0.03875  below=0/3
t=2681594  fraction=0.27875  peak_slope=6.041e-07  t_peak=480452  comparison cadence=1441357  difference=0.03750  below=0/3
t=2692767  fraction=0.27875  peak_slope=6.041e-07  t_peak=480452  comparison cadence=1441357  difference=0.03750  below=0/3
t=2703941  fraction=0.27875  peak_slope=6.041e-07  t_peak=480452  comparison cadence=1441357  difference=0.03500  below=0/3
t=2715114  fraction=0.27875  peak_slope=6.041e-07  t_peak=480452  comparison cadence=1441357  difference=0.03375  below=0/3
t=2726287  fraction=0.27875  peak_slope=6.041e-07  t_peak=480452  comparison cadence=1441357  difference=0.03250  below=0/3
t=2737461  fraction=0.27875  peak_slope=6.041e-07  t_peak=480452  comparison cadence=1441357  difference=0.03125  below=0/3
t=2748634  fraction=0.27875  peak_slope=6.041e-07  t_peak=480452  comparison cadence=1441357  difference=0.03000  below=0/3
t=2759807  fraction=0.27875  peak_slope=6.041e-07  t_peak=480452  comparison cadence=1441357  difference=0.03000  below=0/3
t=2770981  fraction=0.27875  peak_slope=6.041e-07  t_peak=480452  comparison cadence=1441357  difference=0.03000  below=0/3
t=2782154  fraction=0.27875  peak_slope=6.041e-07  t_peak=480452  comparison cadence=1441357  difference=0.03000  below=0/3
t=2793327  fraction=0.27875  peak_slope=6.041e-07  t_peak=480452  comparison cadence=1441357  difference=0.02875  below=0/3
t=2804501  fraction=0.27875  peak_slope=6.041e-07  t_peak=480452  comparison cadence=1441357  difference=0.02875  below=0/3
t=2815674  fraction=0.27875  peak_slope=6.041e-07  t_peak=480452  comparison cadence=1441357  difference=0.02875  below=0/3
t=2826847  fraction=0.27875  peak_slope=6.041e-07  t_peak=480452  comparison cadence=1441357  difference=0.02875  below=0/3
t=2838020  fraction=0.27875  peak_slope=6.041e-07  t_peak=480452  comparison cadence=1441357  difference=0.02875  below=0/3
t=2849194  fraction=0.27875  peak_slope=6.041e-07  t_peak=480452  comparison cadence=1441357  difference=0.02750  below=0/3
t=2860367  fraction=0.27875  peak_slope=6.041e-07  t_peak=480452  comparison cadence=1441357  difference=0.02625  below=0/3
t=2871540  fraction=0.27875  peak_slope=6.041e-07  t_peak=480452  comparison cadence=1441357  difference=0.02625  below=0/3
t=2882714  fraction=0.27875  peak_slope=6.041e-07  t_peak=480452  comparison cadence=1441357  difference=0.02625  below=0/3
t=2893887  fraction=0.27875  peak_slope=6.041e-07  t_peak=480452  comparison cadence=1441357  difference=0.02625  below=0/3
t=2905060  fraction=0.27875  peak_slope=6.041e-07  t_peak=480452  comparison cadence=1441357  difference=0.02625  below=0/3
t=2916234  fraction=0.27875  peak_slope=6.041e-07  t_peak=480452  comparison cadence=1441357  difference=0.02625  below=0/3
t=2927407  fraction=0.27875  peak_slope=6.041e-07  t_peak=480452  comparison cadence=1441357  difference=0.02500  below=0/3
t=2938580  fraction=0.27875  peak_slope=6.041e-07  t_peak=480452  comparison cadence=1441357  difference=0.02500  below=0/3
t=2949754  fraction=0.27875  peak_slope=6.041e-07  t_peak=480452  comparison cadence=1441357  difference=0.02500  below=0/3
t=2960927  fraction=0.27875  peak_slope=6.041e-07  t_peak=480452  comparison cadence=1441357  difference=0.02375  below=0/3
t=2972100  fraction=0.27875  peak_slope=6.041e-07  t_peak=480452  comparison cadence=1441357  difference=0.02375  below=0/3
t=2983273  fraction=0.27875  peak_slope=6.041e-07  t_peak=480452  comparison cadence=1441357  difference=0.02375  below=0/3
t=2994447  fraction=0.27875  peak_slope=6.041e-07  t_peak=480452  comparison cadence=1441357  difference=0.02375  below=0/3
t=3005620  fraction=0.27875  peak_slope=6.041e-07  t_peak=480452  comparison cadence=1441357  difference=0.02250  below=0/3
t=3016793  fraction=0.27875  peak_slope=6.041e-07  t_peak=480452  comparison cadence=1441357  difference=0.02125  below=0/3
t=3027967  fraction=0.27875  peak_slope=6.041e-07  t_peak=480452  comparison cadence=1441357  difference=0.02125  below=0/3
t=3039140  fraction=0.27875  peak_slope=6.041e-07  t_peak=480452  comparison cadence=1441357  difference=0.01875  below=1/3
t=3050313  fraction=0.27875  peak_slope=6.041e-07  t_peak=480452  comparison cadence=1441357  difference=0.01625  below=2/3
t=3061487  fraction=0.27875  peak_slope=6.041e-07  t_peak=480452  comparison cadence=1441357  difference=0.01500  below=3/3
Stopping at t=3061486.643642626
Saved 573 remaining particles to /scratch/group/p.phy260085.000//Mass_Fraction/Outputs/Ejection_Results/remaining_particles_2165830_3.csv
