==========================================
Mass Fraction MPI Run
==========================================
Date:               Sun Sep 27 03:42:13 CDT 2026
Host:               ac077
Array job ID:       2165830
Array task ID:      2
MPI ranks:          4
CPUs per task:      1
Nodes allocated:    1
Python:             /scratch/user/u.hm357857/.conda/envs/comets/bin/python
Conda environment:  /scratch/user/u.hm357857/.conda/envs/comets
==========================================

6.378412491650332
5.658117691833525
7.854830978929997
6.93687982499486
12.3897854109209
5.975537667647313
5.2924807466512505
3.5659565668129076
7.36020054589596
9.476699506773134
2.526779762971858
5.229792937773901
5.583586614207251
5.157883678287964
9.09533910462828
7.279243233665516
9.984000678751151
4.013419470536315
9.16242918578118
9.729402447347173
3.401821971974923
9.03578011562631
6.364884849315136
7.661515406615422
9.887159747337703
5.347181971142229
10.886241535973936
8.064810591964438
9.968085609258452
5.463080804849811
5.0353831133990585
10.493412161453993
4.999848278173867
12.32008554888411
3.2027983996599163
11.814193792369798
6.876510369469154
10.268170557690388
7.865700147621358
3.5684018307820695
9.292613540682861
4.148334776585027
7.998991620444221
2.896374322222486
5.972466806205286
11.372643124383114
10.20397637333972
6.156559323450733
7.450957351835252
5.517268407755907
6.438292224066338
8.89476360434703
12.189618127970173
7.575838780396832
6.583557675963283
4.096612550404672
4.015618819056356
10.41978773982597
7.033078644492676
3.284177013284352
2.7635155142051104
11.79364151718183
9.624779083279417
4.484832579908023
10.03438485112628
6.300826253209193
12.396871235641026
6.910181155824224
8.860755853883935
2.603895968718338
9.893166014994147
9.914321836876363
8.829634144194372
7.336666667774594
10.231536554767585
4.643415751531067
10.63726122044881
11.904980132976108
5.772706719049657
4.366294989187929
7.256028202636844
11.644548077024686
2.544074580401926
12.24607417385416
10.411576220008312
7.049530162322151
2.6413830391059925
9.801043099131237
10.260619831590256
9.566876921941436
9.630794980693828
12.381008077550891
3.0725167022389774
11.279406707562348
4.8291863571883376
2.5341387697312037
11.087730400736152
10.916764290814868
5.77178360475271
10.77516380577144
6.7506900341565155
9.113500477894961
8.957364001308418
4.845473302251671
7.264162613903068
8.455724672023877
3.719776020995625
12.348929769821043
6.76433777834737
11.7049247889956
7.887836268063124
6.895942689517104
11.582433355307456
9.858134994990436
3.2737405287243093
9.366786605616241
8.40814082432396
3.1964243855621346
9.357680671042631
10.14092973577369
9.593293598108152
4.608351916728145
2.9661336975109442
9.484747016482675
9.801838317294473
10.240359621171482
3.5753974747735464
10.1410249330565
12.492555401327788
11.340427677846336
8.098190916276263
9.39279126088856
10.006684393112206
6.637511674066227
4.023211620062025
11.793956021372558
7.198765523679828
11.87254752896237
11.881489377418474
7.941788041978527
12.078684574411833
11.72413501058323
2.745257978138488
7.455437331140587
9.05634019176319
11.137951944955208
4.237656010813643
7.655559084136448
6.542722329984824
4.100158947885274
8.675633287490683
8.928835559417394
12.160314016348112
4.1093011506514685
11.521508674276284
6.773604392198561
11.317267625127768
6.863414890475974
9.2989298599935
4.083471835897963
7.91581369118151
5.231496543327774
11.963270160068255
12.102911105188808
7.629267648275953
6.8299147022559765
4.999072928248957
6.852313252111211
7.552916791901597
5.827307168228236
8.145300535191566
3.262573567479461
6.321607468078202
6.516550562562507
6.467449884272947
9.595614763291284
6.892208310424818
3.044864401954428
10.705612576465175
11.370944694649625
6.4025366760723825
11.927734435253296
6.684390897356353
12.322900623468444
9.372652543557347
9.343596591377636
6.18247100356318
11.545682144361644
7.164206388748501
12.154222155092032
5.135359745263787
6.532092260898288
8.40045434764612
4.078597615289755
10.345669609801044
8.576545868467512
7.5049972507048235
7.974400231724864
2.5257199604392264
9.55703932710448
3.1881421801635748
10.245363007040766
6.937926230415796
9.311408323142349
3.873187602750563
7.754019147332002
12.462952678897851
8.299953647231241
10.579676877312442
9.694559395306435
6.405201933993302
3.1256985503086296
8.856237492595973
6.210487968841924
9.090622550413789
6.587413021003363
5.842750175315934
6.029707937567654
8.232796913361613
11.4451636314519
4.172377727046751
10.815365121087856
10.010920212222356
4.580756864510958
12.455702947529492
2.5605968534880406
2.7401937636498364
9.698407975634352
7.689228253098569
11.078001304249161
6.316854914833262
10.282199332921417
3.5014258723477596
10.91540283027827
6.127494135382951
10.919092061204044
3.7797992155213835
2.5692968364784408
8.345272186326936
6.969977206005264
7.295013065239403
5.96623872647752
7.49670093755633
9.229490863534336
11.718806575635949
9.800653215290803
11.787300870151272
4.134180307840801
11.863786659672389
4.512998554347492
4.682547427868393
5.793428990927203
5.232411128528246
8.81627403556048
7.970101545587541
7.141315468795396
8.589632826747904
7.464805686379953
7.555814972355276
5.9347204600591565
7.4569114681700475
6.666820492386638
5.666047103056036
12.274292992355997
5.736773251979871
9.665249524618178
12.198857140951441
10.7385309888977
5.495389862272109
8.943490978145906
3.5213951334373226
6.828236244139946
9.93539312945954
6.775799184039858
9.474247079504396
5.902315895553823
5.232006584856682
8.766167294003441
8.596627211878534
6.2964521485129135
12.066269772759458
4.669760782679555
4.052517409044489
11.40487161662381
8.345480218002876
2.6958033548653573
7.624131507420237
10.25588191347584
7.849914444476908
4.6269835218148945
5.004821744525731
6.954541013386653
4.114565966028123
7.896098850784126
8.427182291445696
5.147220901905445
11.92551232072417
12.293557625623963
10.815288392233327
7.329266672581718
2.5974355517249648
8.702124242249193
9.398541904086105
9.29538261640651
10.819190645640376
5.276304202902883
8.53348209351372
5.06610345072732
9.330899072991027
6.273500624346099
9.93866213602561
9.515510949501268
11.61932290308983
5.513167596062769
11.898879663415634
7.677253022421336
9.846820043098479
5.417649712811143
7.255868615896746
7.527326051923869
8.549322677763774
8.284174741519863
11.37919714146287
8.411275088323542
8.979650675218549
9.152526642714314
11.411105046628258
4.513732931934995
5.239719094835092
3.50611211555366
6.272656916881827
4.786358671131675
5.201907097052494
11.995984021510434
8.570055151945315
8.225633600114175
9.699622131386095
9.066182224128335
7.799986709846958
9.479719961025987
7.2567107069053005
10.772989435770029
10.664151559638036
10.061946191531003
4.416395629595515
4.392894533878801
5.985266598216149
6.5891204564370955
8.496763023693052
9.3571479207946
3.4461183648121474
6.292284054684156
10.930010207945934
3.9408272641914466
8.065045961592723
3.3660297980335905
10.135829853283335
9.473913833330663
7.708854529528047
10.422146526566332
12.476657355452293
6.065219726027372
6.438782819717607
2.979160880082312
10.005785670974753
11.639248401796928
5.278237899860773
6.283962354404489
12.260166821041636
11.535081838912358
9.467335279921258
11.17560990002351
11.559749561872836
9.216471475777162
11.43711511592189
7.543328868021936
12.050330310773795
3.8538177144371577
2.7011351627312266
6.0813841662005625
8.563871890895761
4.774293426257373
4.814575832021863
9.603427844312789
9.095450750274694
12.436432177279636
9.973529228776519
7.989079991770852
6.228816806016514
7.260027428520895
2.880907460743268
11.976271666189062
9.445491380360949
7.58821764439619
7.4518929172172355
4.131779435355286
5.144382256159208
8.910247141237324
3.302025823100899
2.8646677625071026
5.5089754025150235
3.564600243217396
9.998010075723894
5.633810117226212
3.2372895911389046
7.151920652805103
11.840208226863698
4.255740540193118
8.959682588236266
5.841877397065395
10.630994030856403
4.768695992345253
6.504241131952055
8.625738963064178
10.079094394885733
8.430089582537551
11.096641985344075
11.489230692477898
3.433586937818479
7.4928555941055155
3.940416258913552
12.210481873990002
8.905983236122301
2.6494834381189447
10.821602337341497
3.126527760498632
7.748139213487849
6.505253201861038
10.224864948422645
5.509487276832827
5.895612090324978
5.021680312205724
7.294784628678411
5.906972275246218
8.913702607440271
10.820828527826672
6.665844188255075
8.317915600150222
11.691566071938865
3.254229987171188
7.7500028336537135
9.657869148997516
10.233306491514522
7.1027978816391455
10.561135523954452
12.438525237858386
4.654861693076391
8.476043352180683
12.024894417435103
7.42838266534033
12.46792819191537
6.532492311234288
7.411426456799582
6.361195537990916
11.907780560397205
8.204156042337319
4.5655209161818
8.919655356597442
3.8207973450189767
8.386365329354106
7.854548761751417
4.381995509064707
5.53473496230678
7.396991364104926
3.619893485511745
7.819760000472241
6.306262451147565
11.980068988777274
4.979174006573173
2.7798933195058897
9.225768674644858
9.569076559825508
9.851961590082185
10.666377027630332
4.867260082056745
3.351232580206257
9.584923797963917
8.593317727129053
3.205756619397715
11.999361821365893
10.365923520550417
5.815879247135223
6.908600814723297
4.6899229669469475
11.32750494979962
11.139207627799841
4.394230187172962
10.951460600178992
5.703557531063005
8.878846688083806
9.13298464155427
9.563421754478156
7.441325722529583
8.670356393008305
11.6387410251466
8.475178090213788
8.830664343731037
6.628083274813718
3.215063775003042
11.410888011540022
2.8207880576087074
11.474508490340927
3.055054966203402
12.422736693762426
12.314774544082589
3.4223232443334006
8.687536787805902
6.0547484074049205
11.696156862730987
11.444928689221381
3.9879906013351496
5.963614376255185
6.330824187828639
10.758081296634941
8.149468437584982
8.99752218477812
6.785939058245303
9.068461250067372
8.594269009751063
5.012108867945329
3.495167940505215
9.628509556222822
12.472823005935606
3.1067870862658986
8.53637984782415
11.336701755748448
10.641673400189486
3.393365467662952
3.510819205519068
7.321102687139169
6.966663519810891
4.602512495910932
7.055921682038706
6.899462148594866
2.574791933076559
5.0882991703971445
10.801350584239774
8.339488281438268
8.782595435590126
11.8966433663425
4.194376771539671
6.372411568448485
8.17608771425574
6.9086692879180465
4.776365234614998
7.196114889219936
5.293261776904995
10.914530200358318
6.449744432047262
9.21430368758272
9.831729328838351
10.893901362075201
6.427315044020525
7.457410241900037
12.233697314385712
10.698191764075807
5.201869674651913
11.850161404737499
10.468377891888716
12.087718444308237
3.21886875183674
6.703115403447062
5.863835470788338
9.345162363922771
9.06838837327081
9.404507146455863
3.075283695425939
2.717822292348796
8.228409458188686
12.473664892905777
5.159502685257056
5.168967208383547
3.5953830300877385
8.430082937172386
11.289827908234393
8.526578025426975
11.246942494954101
9.939973443353558
6.895114413305297
4.784679609187821
9.386372843214119
7.7486176319088615
5.7461951803756115
10.713433555023798
11.421748062251519
6.698270419282316
8.964500949194628
11.77119120649357
7.504827307824798
8.460549091496507
7.290719468382656
9.992238488666082
9.969758388194357
10.060330136643827
8.878112298848816
5.64561519577294
9.294657619510977
4.337609499897921
9.37982937490828
5.1840992547492295
11.219718718463257
2.8807879445503293
12.114337924758498
9.356512638546615
3.256035799744572
4.605959324858608
8.110239569101138
11.039069216321815
11.497040328379587
11.063033304751501
4.187941803193727
5.635830344322615
3.0646537362900936
11.705185147520007
8.772201750180878
8.484850609487694
12.290012439889113
8.165285017074817
3.437649828516035
5.153821119482394
4.012580712578057
10.000686809912011
2.7166056716615747
11.307231855290444
3.1348112058286928
4.895665153050839
11.479005413484355
2.942121278583575
2.8815996805247757
11.727826063511447
9.634146712442273
4.330708547599741
10.105338598414324
8.541356516671517
7.582836190599088
6.4491884244593765
9.70886374647737
9.201235046644966
4.833157605452842
10.889883863116562
10.842925422525388
5.709515368710527
3.4397751598563078
6.619402157591963
10.113391142533576
3.2731827961314277
11.3884298844638
12.270427760892519
4.699730129492707
3.674282116064208
6.233983742965768
11.354509857276462
8.907653899363867
8.05702942923218
3.147467751002554
5.625308980200089
10.27511055377608
9.804571431406686
2.5610355826004794
9.749233685625747
11.616170619697519
5.231803718860846
12.394230460392127
3.9294934972687456
7.2732676674290175
5.51947950045943
9.439494307924095
6.3360391084425185
3.323668957999031
7.652036925644975
6.591803014365151
2.5933949912097685
10.47320047133376
8.768470452007227
6.819912640414312
6.657728322455134
7.6992978279367446
7.417226250828028
11.211839709941653
10.907070357087905
8.594529426200612
6.26861476321949
12.114436762401557
3.1746394028423106
8.347877256798387
4.020002026930851
10.787882080351501
7.6924724609233905
5.371329766935913
7.168785953265219
6.693352143676843
11.81429036968597
3.184583230193595
10.561767414332785
11.410657158730459
4.169637450645318
4.052152999773511
6.261226902994101
5.961847832232635
7.840219370145393
11.907105252038363
5.777322131194528
10.903542801879775
5.764022246407057
3.872382490991828
6.614192868241483
8.087282494649095
7.764254443122453
11.08761947917188
8.291995335961612
3.657305474907211
8.212056787911777
5.12059949518909
10.224403843206563
10.153369055801203
10.115768240356795
2.948410518795365
5.542386777487501
11.30913165601184
9.818651906705583
8.38635455302927
11.004408555795816
7.697215982117517
4.186033640745857
3.633294556019134
11.055048485378093
10.365667711672362
8.12035272092262
6.808048565334878
2.9907255597365543
3.2760379776818627
6.863276036619993
4.068780734522778
5.035935842612047
11.12740897911857
8.779302496599325
12.109496079032022
6.025786504099374
12.461553737562166
4.622937796491257
8.04702891451744
11.226910332935859
10.964813782751847
8.182738360017524
9.703320264244066
7.365124973081139
8.050531305855703
9.834729815169428
4.253291541059674
11.256641232836106
5.018037515888894
6.19561210757059
3.3386804626719293
9.115213861400907
6.443906079373197
8.081372140064218
2.6937374039357973
10.148558451481673
5.3388189509161545
12.296570897673828
5.8203911372633925
6.483491316523157
8.64564673902948
6.981477446302167
5.628587801889433
7.034317192140801
5.4959493573663085
7.271410553344345
4.117238718716556
5.087489855961885
6.832981656590059
9.765871488566837
4.204211603150945
4.91394988859615
11.717437889937148
8.765331058279552
5.480085492970179
3.8344438530509386
3.386240845015224
6.099943606730234
2.5731786165608197
11.839945225594072
9.591558798732633
12.328595598330637
7.720050288630523
10.58705938881842
2.726210295525825
12.096661506525736
6.480733948789403
5.909311941326395
9.167323532468986
9.17365163498813
9.786431202335061
8.88755164487582
12.088798855648509
4.353272735430018
Running 800 simulations with 4 MPI ranks
Rank 0: 200 simulations
8.115406197973234
9.250619180814194
7.048905479615749
Rank 1: 200 simulations
Rank 2: 200 simulations
6.138577156822825
Rank 3: 200 simulations
t=1116632  fraction=0.32625  peak_slope=1.119e-06  t_peak=245659  comparison cadence=1116632  difference=0.32625  below=0/3
t=1127799  fraction=0.32875  peak_slope=1.119e-06  t_peak=245659  comparison cadence=1116632  difference=0.32875  below=0/3
t=1138965  fraction=0.32875  peak_slope=1.119e-06  t_peak=245659  comparison cadence=1116632  difference=0.32875  below=0/3
t=1150131  fraction=0.32875  peak_slope=1.119e-06  t_peak=245659  comparison cadence=1116632  difference=0.32875  below=0/3
t=1161298  fraction=0.33000  peak_slope=1.119e-06  t_peak=245659  comparison cadence=1116632  difference=0.33000  below=0/3
t=1172464  fraction=0.33000  peak_slope=1.119e-06  t_peak=245659  comparison cadence=1116632  difference=0.33000  below=0/3
t=1183630  fraction=0.33125  peak_slope=1.119e-06  t_peak=245659  comparison cadence=1116632  difference=0.33125  below=0/3
t=1194797  fraction=0.33125  peak_slope=1.119e-06  t_peak=245659  comparison cadence=1116632  difference=0.33125  below=0/3
t=1205963  fraction=0.33125  peak_slope=1.119e-06  t_peak=245659  comparison cadence=1116632  difference=0.33000  below=0/3
t=1217129  fraction=0.33125  peak_slope=1.119e-06  t_peak=245659  comparison cadence=1116632  difference=0.32625  below=0/3
t=1228296  fraction=0.33125  peak_slope=1.119e-06  t_peak=245659  comparison cadence=1116632  difference=0.31625  below=0/3
t=1239462  fraction=0.33125  peak_slope=1.119e-06  t_peak=245659  comparison cadence=1116632  difference=0.30250  below=0/3
t=1250628  fraction=0.33125  peak_slope=1.119e-06  t_peak=245659  comparison cadence=1116632  difference=0.28875  below=0/3
t=1261795  fraction=0.33125  peak_slope=1.119e-06  t_peak=245659  comparison cadence=1116632  difference=0.27750  below=0/3
t=1272961  fraction=0.33125  peak_slope=1.119e-06  t_peak=245659  comparison cadence=1116632  difference=0.26750  below=0/3
t=1284127  fraction=0.33125  peak_slope=1.119e-06  t_peak=245659  comparison cadence=1116632  difference=0.25750  below=0/3
t=1295294  fraction=0.33125  peak_slope=1.119e-06  t_peak=245659  comparison cadence=1116632  difference=0.24375  below=0/3
t=1306460  fraction=0.33250  peak_slope=1.119e-06  t_peak=245659  comparison cadence=1116632  difference=0.23750  below=0/3
t=1317626  fraction=0.33250  peak_slope=1.119e-06  t_peak=245659  comparison cadence=1116632  difference=0.22500  below=0/3
t=1328793  fraction=0.33250  peak_slope=1.119e-06  t_peak=245659  comparison cadence=1116632  difference=0.21000  below=0/3
t=1339959  fraction=0.33375  peak_slope=1.119e-06  t_peak=245659  comparison cadence=1116632  difference=0.20375  below=0/3
t=1351125  fraction=0.33375  peak_slope=1.119e-06  t_peak=245659  comparison cadence=1116632  difference=0.18750  below=0/3
t=1362292  fraction=0.33375  peak_slope=1.119e-06  t_peak=245659  comparison cadence=1116632  difference=0.17625  below=0/3
t=1373458  fraction=0.33375  peak_slope=1.119e-06  t_peak=245659  comparison cadence=1116632  difference=0.16750  below=0/3
t=1384624  fraction=0.33500  peak_slope=1.119e-06  t_peak=245659  comparison cadence=1116632  difference=0.16125  below=0/3
t=1395791  fraction=0.33625  peak_slope=1.119e-06  t_peak=245659  comparison cadence=1116632  difference=0.15625  below=0/3
t=1406957  fraction=0.33625  peak_slope=1.119e-06  t_peak=245659  comparison cadence=1116632  difference=0.14875  below=0/3
t=1418123  fraction=0.33625  peak_slope=1.119e-06  t_peak=245659  comparison cadence=1116632  difference=0.14000  below=0/3
t=1429290  fraction=0.33625  peak_slope=1.119e-06  t_peak=245659  comparison cadence=1116632  difference=0.13125  below=0/3
t=1440456  fraction=0.33750  peak_slope=1.119e-06  t_peak=245659  comparison cadence=1116632  difference=0.13125  below=0/3
t=1451622  fraction=0.33750  peak_slope=1.119e-06  t_peak=245659  comparison cadence=1116632  difference=0.12500  below=0/3
t=1462788  fraction=0.33750  peak_slope=1.119e-06  t_peak=245659  comparison cadence=1116632  difference=0.11875  below=0/3
t=1473955  fraction=0.33750  peak_slope=1.119e-06  t_peak=245659  comparison cadence=1116632  difference=0.11250  below=0/3
t=1485121  fraction=0.34000  peak_slope=1.119e-06  t_peak=245659  comparison cadence=1116632  difference=0.11500  below=0/3
t=1496287  fraction=0.34000  peak_slope=1.119e-06  t_peak=245659  comparison cadence=1116632  difference=0.11000  below=0/3
t=1507454  fraction=0.34000  peak_slope=1.119e-06  t_peak=245659  comparison cadence=1116632  difference=0.10625  below=0/3
t=1518620  fraction=0.34000  peak_slope=1.119e-06  t_peak=245659  comparison cadence=1116632  difference=0.10375  below=0/3
t=1529786  fraction=0.34000  peak_slope=1.119e-06  t_peak=245659  comparison cadence=1116632  difference=0.10250  below=0/3
t=1540953  fraction=0.34000  peak_slope=1.119e-06  t_peak=245659  comparison cadence=1116632  difference=0.10000  below=0/3
t=1552119  fraction=0.34000  peak_slope=1.119e-06  t_peak=245659  comparison cadence=1116632  difference=0.09750  below=0/3
t=1563285  fraction=0.34000  peak_slope=1.119e-06  t_peak=245659  comparison cadence=1116632  difference=0.09625  below=0/3
t=1574452  fraction=0.34125  peak_slope=1.119e-06  t_peak=245659  comparison cadence=1116632  difference=0.09250  below=0/3
t=1585618  fraction=0.34125  peak_slope=1.119e-06  t_peak=245659  comparison cadence=1116632  difference=0.09000  below=0/3
t=1596784  fraction=0.34125  peak_slope=1.119e-06  t_peak=245659  comparison cadence=1116632  difference=0.09000  below=0/3
t=1607951  fraction=0.34125  peak_slope=1.119e-06  t_peak=245659  comparison cadence=1116632  difference=0.08625  below=0/3
t=1619117  fraction=0.34125  peak_slope=1.119e-06  t_peak=245659  comparison cadence=1116632  difference=0.08500  below=0/3
t=1630283  fraction=0.34125  peak_slope=1.119e-06  t_peak=245659  comparison cadence=1116632  difference=0.08250  below=0/3
t=1641450  fraction=0.34125  peak_slope=1.119e-06  t_peak=245659  comparison cadence=1116632  difference=0.07875  below=0/3
t=1652616  fraction=0.34125  peak_slope=1.119e-06  t_peak=245659  comparison cadence=1116632  difference=0.07375  below=0/3
t=1663782  fraction=0.34125  peak_slope=1.119e-06  t_peak=245659  comparison cadence=1116632  difference=0.07000  below=0/3
t=1674949  fraction=0.34125  peak_slope=1.119e-06  t_peak=245659  comparison cadence=1116632  difference=0.07000  below=0/3
t=1686115  fraction=0.34125  peak_slope=1.119e-06  t_peak=245659  comparison cadence=1116632  difference=0.06625  below=0/3
t=1697281  fraction=0.34125  peak_slope=1.119e-06  t_peak=245659  comparison cadence=1116632  difference=0.06375  below=0/3
t=1708448  fraction=0.34125  peak_slope=1.119e-06  t_peak=245659  comparison cadence=1116632  difference=0.06250  below=0/3
t=1719614  fraction=0.34125  peak_slope=1.119e-06  t_peak=245659  comparison cadence=1116632  difference=0.06000  below=0/3
t=1730780  fraction=0.34125  peak_slope=1.119e-06  t_peak=245659  comparison cadence=1116632  difference=0.05750  below=0/3
t=1741947  fraction=0.34125  peak_slope=1.119e-06  t_peak=245659  comparison cadence=1116632  difference=0.05625  below=0/3
t=1753113  fraction=0.34125  peak_slope=1.119e-06  t_peak=245659  comparison cadence=1116632  difference=0.05000  below=0/3
t=1764279  fraction=0.34125  peak_slope=1.119e-06  t_peak=245659  comparison cadence=1116632  difference=0.05000  below=0/3
t=1775446  fraction=0.34125  peak_slope=1.119e-06  t_peak=245659  comparison cadence=1116632  difference=0.05000  below=0/3
t=1786612  fraction=0.34125  peak_slope=1.119e-06  t_peak=245659  comparison cadence=1116632  difference=0.05000  below=0/3
t=1797778  fraction=0.34125  peak_slope=1.119e-06  t_peak=245659  comparison cadence=1116632  difference=0.04875  below=0/3
t=1808945  fraction=0.34125  peak_slope=1.119e-06  t_peak=245659  comparison cadence=1116632  difference=0.04875  below=0/3
t=1820111  fraction=0.34125  peak_slope=1.119e-06  t_peak=245659  comparison cadence=1116632  difference=0.04875  below=0/3
t=1831277  fraction=0.34125  peak_slope=1.119e-06  t_peak=245659  comparison cadence=1116632  difference=0.04750  below=0/3
t=1842444  fraction=0.34125  peak_slope=1.119e-06  t_peak=245659  comparison cadence=1116632  difference=0.04375  below=0/3
t=1853610  fraction=0.34125  peak_slope=1.119e-06  t_peak=245659  comparison cadence=1116632  difference=0.04250  below=0/3
t=1864776  fraction=0.34125  peak_slope=1.119e-06  t_peak=245659  comparison cadence=1116632  difference=0.04125  below=0/3
t=1875943  fraction=0.34125  peak_slope=1.119e-06  t_peak=245659  comparison cadence=1116632  difference=0.04125  below=0/3
t=1887109  fraction=0.34125  peak_slope=1.119e-06  t_peak=245659  comparison cadence=1116632  difference=0.03750  below=0/3
t=1898275  fraction=0.34125  peak_slope=1.119e-06  t_peak=245659  comparison cadence=1116632  difference=0.03625  below=0/3
t=1909441  fraction=0.34125  peak_slope=1.119e-06  t_peak=245659  comparison cadence=1116632  difference=0.03500  below=0/3
t=1920608  fraction=0.34125  peak_slope=1.119e-06  t_peak=245659  comparison cadence=1116632  difference=0.03375  below=0/3
t=1931774  fraction=0.34125  peak_slope=1.119e-06  t_peak=245659  comparison cadence=1116632  difference=0.03125  below=0/3
t=1942940  fraction=0.34125  peak_slope=1.119e-06  t_peak=245659  comparison cadence=1116632  difference=0.03125  below=0/3
t=1954107  fraction=0.34125  peak_slope=1.119e-06  t_peak=245659  comparison cadence=1116632  difference=0.03125  below=0/3
t=1965273  fraction=0.34125  peak_slope=1.119e-06  t_peak=245659  comparison cadence=1116632  difference=0.03125  below=0/3
t=1976439  fraction=0.34125  peak_slope=1.119e-06  t_peak=245659  comparison cadence=1116632  difference=0.03125  below=0/3
t=1987606  fraction=0.34125  peak_slope=1.119e-06  t_peak=245659  comparison cadence=1116632  difference=0.03125  below=0/3
t=1998772  fraction=0.34250  peak_slope=1.119e-06  t_peak=245659  comparison cadence=1116632  difference=0.03125  below=0/3
t=2009938  fraction=0.34250  peak_slope=1.119e-06  t_peak=245659  comparison cadence=1116632  difference=0.03000  below=0/3
t=2021105  fraction=0.34250  peak_slope=1.119e-06  t_peak=245659  comparison cadence=1116632  difference=0.02875  below=0/3
t=2032271  fraction=0.34250  peak_slope=1.119e-06  t_peak=245659  comparison cadence=1116632  difference=0.02875  below=0/3
t=2043437  fraction=0.34250  peak_slope=1.119e-06  t_peak=245659  comparison cadence=1116632  difference=0.02875  below=0/3
t=2054604  fraction=0.34250  peak_slope=1.119e-06  t_peak=245659  comparison cadence=1116632  difference=0.02750  below=0/3
t=2065770  fraction=0.34250  peak_slope=1.119e-06  t_peak=245659  comparison cadence=1116632  difference=0.02750  below=0/3
t=2076936  fraction=0.34250  peak_slope=1.119e-06  t_peak=245659  comparison cadence=1116632  difference=0.02750  below=0/3
t=2088103  fraction=0.34250  peak_slope=1.119e-06  t_peak=245659  comparison cadence=1116632  difference=0.02500  below=0/3
t=2099269  fraction=0.34250  peak_slope=1.119e-06  t_peak=245659  comparison cadence=1116632  difference=0.02375  below=0/3
t=2110435  fraction=0.34375  peak_slope=1.119e-06  t_peak=245659  comparison cadence=1116632  difference=0.02500  below=0/3
t=2121602  fraction=0.34375  peak_slope=1.119e-06  t_peak=245659  comparison cadence=1116632  difference=0.02500  below=0/3
t=2132768  fraction=0.34375  peak_slope=1.119e-06  t_peak=245659  comparison cadence=1116632  difference=0.02500  below=0/3
t=2143934  fraction=0.34375  peak_slope=1.119e-06  t_peak=245659  comparison cadence=1116632  difference=0.02500  below=0/3
t=2155101  fraction=0.34375  peak_slope=1.119e-06  t_peak=245659  comparison cadence=1116632  difference=0.02500  below=0/3
t=2166267  fraction=0.34375  peak_slope=1.119e-06  t_peak=245659  comparison cadence=1116632  difference=0.02500  below=0/3
t=2177433  fraction=0.34375  peak_slope=1.119e-06  t_peak=245659  comparison cadence=1116632  difference=0.02250  below=0/3
t=2188600  fraction=0.34375  peak_slope=1.119e-06  t_peak=245659  comparison cadence=1116632  difference=0.02000  below=0/3
t=2199766  fraction=0.34375  peak_slope=1.119e-06  t_peak=245659  comparison cadence=1116632  difference=0.02000  below=0/3
t=2210932  fraction=0.34375  peak_slope=1.119e-06  t_peak=245659  comparison cadence=1116632  difference=0.02000  below=0/3
t=2222099  fraction=0.34375  peak_slope=1.119e-06  t_peak=245659  comparison cadence=1116632  difference=0.01875  below=1/3
t=2233265  fraction=0.34375  peak_slope=1.119e-06  t_peak=245659  comparison cadence=1116632  difference=0.01750  below=2/3
t=2244431  fraction=0.34375  peak_slope=1.119e-06  t_peak=245659  comparison cadence=1116632  difference=0.01500  below=3/3
Stopping at t=2244431.2071950706
Saved 522 remaining particles to /scratch/group/p.phy260085.000//Mass_Fraction/Outputs/Ejection_Results/remaining_particles_2165830_2.csv
