==========================================
Mass Fraction MPI Run
==========================================
Date:               Sun Sep 27 12:09:21 CDT 2026
Host:               ac018
Array job ID:       2165830
Array task ID:      4
MPI ranks:          4
CPUs per task:      1
Nodes allocated:    1
Python:             /scratch/user/u.hm357857/.conda/envs/comets/bin/python
Conda environment:  /scratch/user/u.hm357857/.conda/envs/comets
==========================================

9.57585943120861
10.12313655940957
4.175717669107893
10.307250380748378
3.405977316778025
4.125160782192292
10.302134270995122
7.281064549638414
9.065106133400633
6.222122730595892
7.307929068102422
6.683172049734365
8.695900954960951
3.3480799148226383
10.891068970495354
5.416743655614161
7.428554545323304
3.4883253967457883
10.222126950124999
10.813247498912258
3.4598686856158944
5.396595633943047
5.871684152891543
9.053067617215847
6.018163424711177
8.726734771034922
6.596399163595463
3.0591484091272667
4.099271940528925
11.681842612168637
9.415975976951188
11.424861564710568
7.100677807628683
4.0841899333103004
9.611511135433748
4.7162365330550635
6.09810031127601
6.694307747870047
7.677279691654146
2.5220147862550055
10.728581356646814
6.170100279252377
5.639887261846551
3.7185333924956057
6.111232469746289
3.8877072717635155
2.8244692139430363
7.40839723396217
12.44779905479423
5.0563148784632075
8.544389163622435
9.155898935972285
3.6827324190165402
8.595581663995825
11.488299789753066
5.5335780491626245
4.677212869810797
4.387253220199313
5.971614237644327
12.317135585200305
10.492754026019169
10.480848735912744
11.500520433746214
7.842432368276241
7.628629997937953
9.919748578236078
8.628830246533408
8.430483560381399
4.473564499619718
3.525260254737299
8.402539159602666
7.372883692459452
4.440437329265647
8.160014588927151
9.056099186988472
4.753028725501743
9.598257267268721
3.8828906059481136
9.001470933243745
11.23745422993873
5.67649252203945
10.512610958099181
11.294192054601819
12.186434133329167
7.270342211752392
2.6910973701473875
11.194909511998048
3.8799498861069015
7.528824236083609
12.059094415703125
2.5391835712623703
10.550585255610498
12.082308325871972
7.77601640087418
6.181846196659512
7.873472341695544
11.87080291338347
10.197031098156769
6.658808191034524
5.923369448684475
10.068395995665156
4.521316484666507
4.2146097455713125
3.2347861397177313
5.6478838889443574
4.100182827790553
12.20918615176562
7.578417819638126
8.768606588998516
3.3575354291362336
5.6232428616657995
6.813122361216044
4.1341418954300035
6.557064620327489
12.001058635142304
9.434300250505283
10.986181517669962
10.57886958237378
10.099234063892837
3.5112324135941475
11.135185538159364
12.357262575007278
3.950953014491483
5.081046112192729
5.1829580100816965
2.729103453803292
4.704345154380292
3.711300928176069
7.727620065628368
12.272437603174907
5.821280748871195
9.988692633714596
11.158959178289853
3.996175902727469
5.643766624466188
4.609540653882378
3.670848455184579
3.0247148591635753
10.354399008392242
9.378860875756917
10.588124858460073
8.44436339233975
3.255513163838514
10.269065361471423
6.41187305411224
9.753423406068768
9.478728233538924
10.208711169642761
12.45808614186847
8.292095894744987
8.1737687311498
10.43403214625038
3.9839693465333195
10.516156985082281
5.951064724373639
9.204782699557255
4.341223688358358
3.283141841329801
2.915636639726409
3.746121355580796
6.999810837712047
12.275295963409713
9.08370889915864
7.623509146497215
7.1434750964147975
7.764245070234036
3.1114693006332415
4.988784369063409
6.2476047783912
2.5591783870238882
11.721041653179093
7.507966449882867
5.225961484668744
9.600887238393181
10.55789034085237
3.1021423252039138
7.9044075111229954
9.153183620633914
3.9953093144847474
4.533826815112817
7.876172380074014
9.901157711205734
8.752369155366457
7.75455070973258
8.883155226497149
8.184638547230497
10.707682637316818
5.442414554862614
12.403077085039888
11.857482944371844
6.0767547997411855
5.76405128706506
11.528839952315245
11.178707650284702
6.884952575445512
5.792825945481475
10.567099264073503
9.947167948418103
6.082089316350596
6.345656007754391
2.7525187692473683
7.744946158295367
9.063723538160833
4.181414425332965
3.002966538733174
3.4127713005074956
12.446906124510544
4.954666211610679
5.933708968164617
10.904511443793893
5.209515862035479
7.587075652708534
4.228141918492163
3.80106802242697
12.34380607413295
4.43943171795839
11.486342287461916
8.216893285143044
7.00927822869626
10.850614485465359
9.237301732017007
8.491938868141872
3.203908562020449
9.883993395723571
7.089547065574893
7.236745862154576
8.819416229755115
9.895909872208975
8.382435375572708
2.858416506139986
5.550234330656573
10.34783181619416
3.229645927570002
10.343430826880201
5.778193742283851
6.1322135709002605
7.9301003744157
9.675660750347735
10.387688651802598
4.481650947624331
8.74106919362342
2.656468300733874
9.676324286037786
10.132952767437844
9.997415725594959
2.881076341352026
9.58957257448069
3.433800011714557
10.046036221016852
8.072569918474413
8.617898350563582
3.5181080093154335
6.2010607776429225
3.3961980217237233
10.957027246504232
12.470395717161717
4.50087441492435
6.0457630256687285
9.472011530165627
5.141051537233768
9.17294457317409
10.808036732426913
2.5301941082072243
12.362445784296005
8.916052541538916
2.5041298852797245
9.832907308990926
5.738145881698971
12.436891021685671
6.8717897855450865
11.524022762607567
5.822810332421222
3.241058766406044
3.261437707673064
4.507056919280908
12.220244686399647
7.287467275456924
4.048418963187413
9.829368568460477
3.8279266788874677
4.564469820636132
9.746387562170245
5.478630751775057
8.330315625906781
7.828689320364397
4.857124269140706
11.691489996552534
5.1019343931949095
6.9031994644615
4.408032893581596
7.789754961430948
6.343117025916455
12.334444526015284
11.220556721588444
3.2538274182986395
9.036799183843536
11.57702441495407
9.914711886019195
7.4455352374652435
6.098384916651366
3.3120077609147938
4.735126095317806
9.690228094560537
3.3648764747116777
8.069229301347587
11.078156327549896
12.260765948538054
11.7395015527839
7.394143476910201
10.673225309790038
5.466459801440719
5.526393029116634
10.351419818349187
5.419912799970893
8.76627924344104
10.695280082606363
11.99446346868092
3.2904351908890863
4.396166613299374
5.259253295375922
12.316451441121588
10.681754613647
6.411666619027649
6.046029628177009
6.347357980436289
7.848527802138562
10.228821616046755
10.94486395364818
2.599793659816234
5.365051267148127
7.604210742621817
3.350682207737594
7.112671313535767
4.383034868081693
12.247105150650828
3.9163286879731407
9.350062755366174
2.892236523695353
12.309977775411177
7.235228430369782
8.65372198010714
4.418957155265239
5.312606988494043
11.526741183841912
6.726763080164135
9.800655794657823
11.857565963212064
6.31938796871709
4.812668856244659
7.543272459677542
3.5984647185511243
2.903154901257179
11.827290047318922
4.707073316445417
8.858296788221748
10.574569857530289
12.382202471251672
9.149284740798281
9.687274960066322
6.383931665314137
9.770336206164705
3.026615497960359
4.490842240526489
10.486630906509987
12.075409080310983
7.635758596082657
9.477619873822375
12.129208282258016
4.101299924944087
10.926406700914962
9.476381730506855
8.534170832214858
9.148824730301197
6.564386791176763
3.6951999022264093
4.190321476147973
8.24267044860685
12.313830290182942
10.844390803282947
10.041572841585328
3.074659536258284
11.451242193096974
11.836396846619945
7.170708619098557
6.290152312934797
3.10373571751963
10.902890889900338
6.424601328044602
3.782770134123189
9.120873947361869
4.338366390016951
8.164685823253812
9.723626153725125
5.207554154068727
3.2100127401573153
9.80160374519377
7.849293378488222
5.508241196724061
12.40029467133301
9.077527622301101
8.3781163481836
12.156139174151527
12.100833060663133
9.93769184359035
7.127482460244804
11.96272541237134
3.844724946975947
3.876774109039901
8.988478135197301
7.025083506785393
12.024290500377564
7.2198366276104
4.795926807050628
10.814094334015266
8.792271887780768
10.183945681483642
6.848778658329629
7.968297365934463
3.7146144825856107
9.703598584608319
11.962527584070093
5.264633219640249
4.236138746591451
2.563415619372705
5.952700927696485
8.557020484986094
6.886611771343882
6.273571257143754
8.418624775955024
5.287788728153933
10.223170711931033
8.767791744538663
9.287698917883393
8.968588406848973
6.469483092764261
7.28665562656012
8.452892053752734
6.849999325288455
6.576219768021632
12.356067584162357
3.3130766455023197
8.098775743924763
10.152387935415902
10.725933518480964
2.9845651643560323
10.750460531885256
9.168171638528506
8.40380583026104
4.656295906633046
8.482720596255533
11.131843438474188
9.139652231268661
10.462471619360475
10.60286335657202
11.913069250303135
6.2499597512932805
7.127662860799223
3.5593165144246717
6.81899738795424
9.360335176539905
8.80609395145345
8.225519457395258
5.8941700842158316
10.55598949599045
2.911689436168694
11.550960752721622
6.330873955478364
7.190311228308489
4.03487651541325
11.460643255076878
6.704326138260134
8.970970958136714
4.567223753895652
10.430157530081031
7.569645151481903
10.258276889173294
5.100100673698375
8.673763650341357
11.18197668556967
10.175816587741792
6.291536111872618
6.869371123556513
4.0966653578705605
12.312383760521277
5.519697990694393
8.861206672715129
5.934087183030556
11.402478669741967
5.760496450290113
9.694743246428459
11.898232910062989
6.870620708115726
12.39486840078883
5.280706731711295
7.3331933797376925
7.259893779301977
9.403634055933109
6.107987260695267
9.862609998183611
6.857035665539355
12.279569122804727
10.631164938321998
11.050078816557448
3.505692021698338
5.002499491392132
5.445469579449668
3.7182185666879777
3.5423475655308714
3.6088685089525163
7.874643507795098
6.578839120178278
6.236487513171244
10.197060428998826
11.721077100268632
4.5956818790828144
10.443451675393598
4.929280310802056
9.509835500620772
7.149772129771906
12.402342837317327
5.177098633195859
9.469646297291316
2.5646707721847317
8.846052163856642
12.152620230332008
2.7910451204715447
11.821972693554027
10.22467535417585
5.570701900580321
3.301052130809249
6.447105576941361
6.225268798526863
7.06542241520884
7.820930300775014
9.970731103044281
5.036407970342571
8.640635286758632
6.648357785962304
5.604349105068447
5.868420473034996
7.9920131959313965
11.862067707017406
4.069251276940245
11.045794837604284
7.31098056097851
4.20280535574506
6.512891035269073
2.983132835657737
5.73357699896494
6.9862791060780385
11.257863798338487
7.229646378364057
12.454352504927092
12.485191558819643
11.21497071021907
2.6737357636958157
7.423403372485065
11.864533530636196
12.196627257940495
6.813596747674162
12.123534704490693
6.806325167146734
7.3222775762633905
7.838518399209917
11.170948988251787
12.321641550449991
7.814388825532626
8.440841183882997
4.929713427263321
4.494830151359607
8.466230148497626
3.174772732734784
10.555494435943137
3.060720067030591
5.584291040548411
4.701821776619596
3.4649344304051874
3.3399812692708695
7.141110302014102
10.930223787045236
7.22994061925996
3.712095663902437
9.96999871828798
11.554477687237888
2.6161584652968584
3.2375420267792987
4.901834114355515
4.00370531409303
3.5446950636267305
11.111616465948547
10.215403190442206
5.956005643599532
3.897748493388402
11.04883043249978
8.352324314714785
9.401440579189874
5.522873502856558
8.736892505619414
11.525151979252318
7.261896378611309
8.165953937685124
11.47553058353336
9.97929428071361
6.887773495341776
7.371083934290079
7.545975018482585
3.899884896903437
6.099409188523344
10.539031354669874
11.182106703810085
2.7907285517773817
10.298226321385119
11.95807999290568
11.31912605969863
5.055823798786509
7.642091932600145
2.7922520295035644
10.198220813473204
6.9348232062267146
7.3628807165465755
3.265025648996427
12.083386753211878
11.66465740649872
12.153352735662521
11.462389610421306
8.410415877064786
4.602730866993881
5.22596509716677
7.050343140796005
9.369092656114898
9.211649367122547
7.901891037659777
11.137852692139846
10.962487543624066
10.699759092795304
8.468209767427252
4.94658142685751
12.213359614937502
10.370786167720963
10.613790042151221
5.8075676590902106
7.420031969065105
4.869382631366081
7.6371874962855815
10.709551392314731
7.3464278723474195
10.846032772419289
7.861198302258503
5.102144515400645
2.6741833976761784
11.648437273012647
6.137732373754722
8.280055499154182
5.238082906972422
12.415216700779839
6.549993903313128
11.01324832486074
7.753086911321051
4.756845007951579
4.6932572602693785
3.106474825060771
11.796032865483003
8.715315361537492
5.145235034400932
10.340480575874583
3.672028325641982
5.58167238259167
6.841869544925157
11.63635443081372
11.378867539632996
5.069444775786699
12.170660082298596
3.2199460520104104
10.085581703981124
6.95685678795477
7.460130271382644
10.059257617393865
10.571179011518137
10.423416959379999
6.066019901947164
8.474190497036512
5.807528393599586
4.18278143582879
5.514747326721502
6.693983559874729
3.1381720226078236
6.006047236830216
3.2144861220453445
4.6363881271548735
12.375006708708451
6.451449397505482
8.424295440074927
11.416316931303678
3.3841136279835804
6.645043551989217
7.606509486116824
3.6978145916010776
4.653380912016031
8.187105331558625
9.611309753844862
8.312641894714801
3.685829150657959
10.500422433772613
7.544818309137247
3.9057876808908887
7.511721711707357
10.823996511744152
7.976582639519463
3.6892995159711237
2.5839054756861213
5.921329234180748
11.573247338391088
12.141151032970454
8.55626783743567
10.74425980538715
11.28534170335988
6.700718718751263
6.610452580706031
3.602731849305508
6.848486998135373
4.461747863920099
10.612797654334651
3.615925470626361
6.221506434809311
11.707350032892075
7.152297108384735
6.548080860922244
9.327493205694743
9.084057704577452
10.474353465393962
3.9237702946974737
2.502405731401155
8.684129616988645
5.46741603008149
6.029876638568046
3.7515357327655274
5.463187866284108
11.619956636597912
7.483916415857429
5.122990160179095
9.159376712230053
8.05899953047625
5.349844052380819
10.05332795469519
6.8876706444749525
11.75371419786929
5.8096888382430585
10.75796333448954
6.02750546852767
9.526422608209163
7.288075717315588
4.1514953295887995
9.626233674796818
9.27761021646392
9.360308163914528
7.275025705817223
4.883757130119446
5.562999042871171
9.064685053036657
3.97068455638761
9.641779280280861
12.373633905604557
12.201801460533254
9.80149132403742
7.640402183424785
12.30581816134407
8.764842136548356
11.978654647872226
12.247300824473722
12.408516101469576
8.704479645052233
11.83838392718899
3.689128757743525
9.176145113401514
8.009226482679544
10.290382833512382
3.42178755616088
11.614125432540625
8.453939797013948
3.3179139558471658
3.262990737818333
8.498725740603545
10.427326556266436
3.705120933280983
10.911500051660934
9.7975306955218
5.7366734196153395
8.894421161938853
8.640992006523259
10.817613714098258
11.939669625558748
4.647715436297341
9.67453251179164
9.582495192792553
Rank 2: 200 simulations
10.505546667595805
3.432216662176616
12.488914706074771
9.916635639520843
Rank 3: 200 simulations
7.586968016680978
10.341837360571407
Running 800 simulations with 4 MPI ranks
Rank 0: 200 simulations
Rank 1: 200 simulations
t=14790418  fraction=0.10750  peak_slope=8.945e-08  t_peak=4930139  comparison cadence=14790418  difference=0.10750  below=0/3
t=14801597  fraction=0.10750  peak_slope=8.945e-08  t_peak=4930139  comparison cadence=14790418  difference=0.10750  below=0/3
t=14812777  fraction=0.10875  peak_slope=8.945e-08  t_peak=4930139  comparison cadence=14790418  difference=0.10875  below=0/3
t=14823956  fraction=0.10875  peak_slope=8.945e-08  t_peak=4930139  comparison cadence=14790418  difference=0.10875  below=0/3
t=14835135  fraction=0.10875  peak_slope=8.945e-08  t_peak=4930139  comparison cadence=14790418  difference=0.10875  below=0/3
t=14846315  fraction=0.10875  peak_slope=8.945e-08  t_peak=4930139  comparison cadence=14790418  difference=0.10875  below=0/3
t=14857494  fraction=0.10875  peak_slope=8.945e-08  t_peak=4930139  comparison cadence=14790418  difference=0.10875  below=0/3
t=14868674  fraction=0.10875  peak_slope=8.945e-08  t_peak=4930139  comparison cadence=14790418  difference=0.10875  below=0/3
t=14879853  fraction=0.10875  peak_slope=8.945e-08  t_peak=4930139  comparison cadence=14790418  difference=0.10875  below=0/3
t=14891033  fraction=0.10875  peak_slope=8.945e-08  t_peak=4930139  comparison cadence=14790418  difference=0.10875  below=0/3
t=14902212  fraction=0.10875  peak_slope=8.945e-08  t_peak=4930139  comparison cadence=14790418  difference=0.10875  below=0/3
t=14913392  fraction=0.10875  peak_slope=8.945e-08  t_peak=4930139  comparison cadence=14790418  difference=0.10875  below=0/3
t=14924571  fraction=0.10875  peak_slope=8.945e-08  t_peak=4930139  comparison cadence=14790418  difference=0.10875  below=0/3
t=14935751  fraction=0.10875  peak_slope=8.945e-08  t_peak=4930139  comparison cadence=14790418  difference=0.10875  below=0/3
t=14946930  fraction=0.10875  peak_slope=8.945e-08  t_peak=4930139  comparison cadence=14790418  difference=0.10875  below=0/3
t=14958109  fraction=0.10875  peak_slope=8.945e-08  t_peak=4930139  comparison cadence=14790418  difference=0.10875  below=0/3
t=14969289  fraction=0.11000  peak_slope=8.945e-08  t_peak=4930139  comparison cadence=14790418  difference=0.11000  below=0/3
t=14980468  fraction=0.11000  peak_slope=8.945e-08  t_peak=4930139  comparison cadence=14790418  difference=0.11000  below=0/3
t=14991648  fraction=0.11000  peak_slope=8.945e-08  t_peak=4930139  comparison cadence=14790418  difference=0.11000  below=0/3
t=15002827  fraction=0.11000  peak_slope=8.945e-08  t_peak=4930139  comparison cadence=14790418  difference=0.11000  below=0/3
t=15014007  fraction=0.11000  peak_slope=8.945e-08  t_peak=4930139  comparison cadence=14790418  difference=0.11000  below=0/3
t=15025186  fraction=0.11125  peak_slope=8.945e-08  t_peak=4930139  comparison cadence=14790418  difference=0.11125  below=0/3
t=15036366  fraction=0.11125  peak_slope=8.945e-08  t_peak=4930139  comparison cadence=14790418  difference=0.11125  below=0/3
t=15047545  fraction=0.11125  peak_slope=8.945e-08  t_peak=4930139  comparison cadence=14790418  difference=0.11125  below=0/3
t=15058725  fraction=0.11125  peak_slope=8.945e-08  t_peak=4930139  comparison cadence=14790418  difference=0.11125  below=0/3
t=15069904  fraction=0.11125  peak_slope=8.945e-08  t_peak=4930139  comparison cadence=14790418  difference=0.11125  below=0/3
t=15081083  fraction=0.11125  peak_slope=8.945e-08  t_peak=4930139  comparison cadence=14790418  difference=0.11125  below=0/3
t=15092263  fraction=0.11125  peak_slope=8.945e-08  t_peak=4930139  comparison cadence=14790418  difference=0.11125  below=0/3
t=15103442  fraction=0.11250  peak_slope=8.945e-08  t_peak=4930139  comparison cadence=14790418  difference=0.11250  below=0/3
t=15114622  fraction=0.11250  peak_slope=8.945e-08  t_peak=4930139  comparison cadence=14790418  difference=0.11250  below=0/3
t=15125801  fraction=0.11250  peak_slope=8.945e-08  t_peak=4930139  comparison cadence=14790418  difference=0.11250  below=0/3
t=15136981  fraction=0.11250  peak_slope=8.945e-08  t_peak=4930139  comparison cadence=14790418  difference=0.11250  below=0/3
t=15148160  fraction=0.11250  peak_slope=8.945e-08  t_peak=4930139  comparison cadence=14790418  difference=0.11250  below=0/3
t=15159340  fraction=0.11250  peak_slope=8.945e-08  t_peak=4930139  comparison cadence=14790418  difference=0.11250  below=0/3
t=15170519  fraction=0.11250  peak_slope=8.945e-08  t_peak=4930139  comparison cadence=14790418  difference=0.11250  below=0/3
t=15181699  fraction=0.11250  peak_slope=8.945e-08  t_peak=4930139  comparison cadence=14790418  difference=0.11250  below=0/3
t=15192878  fraction=0.11250  peak_slope=8.945e-08  t_peak=4930139  comparison cadence=14790418  difference=0.11250  below=0/3
t=15204057  fraction=0.11250  peak_slope=8.945e-08  t_peak=4930139  comparison cadence=14790418  difference=0.11250  below=0/3
t=15215237  fraction=0.11250  peak_slope=8.945e-08  t_peak=4930139  comparison cadence=14790418  difference=0.11250  below=0/3
t=15226416  fraction=0.11250  peak_slope=8.945e-08  t_peak=4930139  comparison cadence=14790418  difference=0.11250  below=0/3
t=15237596  fraction=0.11250  peak_slope=8.945e-08  t_peak=4930139  comparison cadence=14790418  difference=0.11250  below=0/3
t=15248775  fraction=0.11250  peak_slope=8.945e-08  t_peak=4930139  comparison cadence=14790418  difference=0.11250  below=0/3
t=15259955  fraction=0.11250  peak_slope=8.945e-08  t_peak=4930139  comparison cadence=14790418  difference=0.11250  below=0/3
t=15271134  fraction=0.11250  peak_slope=8.945e-08  t_peak=4930139  comparison cadence=14790418  difference=0.11250  below=0/3
t=15282314  fraction=0.11375  peak_slope=8.945e-08  t_peak=4930139  comparison cadence=14790418  difference=0.11375  below=0/3
t=15293493  fraction=0.11375  peak_slope=8.945e-08  t_peak=4930139  comparison cadence=14790418  difference=0.11375  below=0/3
t=15304673  fraction=0.11375  peak_slope=8.945e-08  t_peak=4930139  comparison cadence=14790418  difference=0.11375  below=0/3
t=15315852  fraction=0.11375  peak_slope=8.945e-08  t_peak=4930139  comparison cadence=14790418  difference=0.11375  below=0/3
t=15327031  fraction=0.11375  peak_slope=8.945e-08  t_peak=4930139  comparison cadence=14790418  difference=0.11375  below=0/3
t=15338211  fraction=0.11375  peak_slope=8.945e-08  t_peak=4930139  comparison cadence=14790418  difference=0.11375  below=0/3
t=15349390  fraction=0.11375  peak_slope=8.945e-08  t_peak=4930139  comparison cadence=14790418  difference=0.11375  below=0/3
t=15360570  fraction=0.11375  peak_slope=8.945e-08  t_peak=4930139  comparison cadence=14790418  difference=0.11375  below=0/3
t=15371749  fraction=0.11375  peak_slope=8.945e-08  t_peak=4930139  comparison cadence=14790418  difference=0.11375  below=0/3
t=15382929  fraction=0.11375  peak_slope=8.945e-08  t_peak=4930139  comparison cadence=14790418  difference=0.11375  below=0/3
t=15394108  fraction=0.11375  peak_slope=8.945e-08  t_peak=4930139  comparison cadence=14790418  difference=0.11375  below=0/3
t=15405288  fraction=0.11375  peak_slope=8.945e-08  t_peak=4930139  comparison cadence=14790418  difference=0.11375  below=0/3
t=15416467  fraction=0.11375  peak_slope=8.945e-08  t_peak=4930139  comparison cadence=14790418  difference=0.11375  below=0/3
t=15427647  fraction=0.11375  peak_slope=8.945e-08  t_peak=4930139  comparison cadence=14790418  difference=0.11375  below=0/3
t=15438826  fraction=0.11375  peak_slope=8.945e-08  t_peak=4930139  comparison cadence=14790418  difference=0.11375  below=0/3
t=15450005  fraction=0.11375  peak_slope=8.945e-08  t_peak=4930139  comparison cadence=14790418  difference=0.11375  below=0/3
t=15461185  fraction=0.11375  peak_slope=8.945e-08  t_peak=4930139  comparison cadence=14790418  difference=0.11375  below=0/3
t=15472364  fraction=0.11375  peak_slope=8.945e-08  t_peak=4930139  comparison cadence=14790418  difference=0.11375  below=0/3
t=15483544  fraction=0.11375  peak_slope=8.945e-08  t_peak=4930139  comparison cadence=14790418  difference=0.11375  below=0/3
t=15494723  fraction=0.11375  peak_slope=8.945e-08  t_peak=4930139  comparison cadence=14790418  difference=0.11375  below=0/3
t=15505903  fraction=0.11375  peak_slope=8.945e-08  t_peak=4930139  comparison cadence=14790418  difference=0.11375  below=0/3
t=15517082  fraction=0.11375  peak_slope=8.945e-08  t_peak=4930139  comparison cadence=14790418  difference=0.11375  below=0/3
t=15528262  fraction=0.11375  peak_slope=8.945e-08  t_peak=4930139  comparison cadence=14790418  difference=0.11375  below=0/3
t=15539441  fraction=0.11375  peak_slope=8.945e-08  t_peak=4930139  comparison cadence=14790418  difference=0.11375  below=0/3
t=15550621  fraction=0.11375  peak_slope=8.945e-08  t_peak=4930139  comparison cadence=14790418  difference=0.11375  below=0/3
t=15561800  fraction=0.11500  peak_slope=8.945e-08  t_peak=4930139  comparison cadence=14790418  difference=0.11500  below=0/3
t=15572979  fraction=0.11500  peak_slope=8.945e-08  t_peak=4930139  comparison cadence=14790418  difference=0.11500  below=0/3
t=15584159  fraction=0.11500  peak_slope=8.945e-08  t_peak=4930139  comparison cadence=14790418  difference=0.11500  below=0/3
t=15595338  fraction=0.11500  peak_slope=8.945e-08  t_peak=4930139  comparison cadence=14790418  difference=0.11500  below=0/3
t=15606518  fraction=0.11500  peak_slope=8.945e-08  t_peak=4930139  comparison cadence=14790418  difference=0.11500  below=0/3
t=15617697  fraction=0.11500  peak_slope=8.945e-08  t_peak=4930139  comparison cadence=14790418  difference=0.11500  below=0/3
t=15628877  fraction=0.11500  peak_slope=8.945e-08  t_peak=4930139  comparison cadence=14790418  difference=0.11500  below=0/3
t=15640056  fraction=0.11625  peak_slope=8.945e-08  t_peak=4930139  comparison cadence=14790418  difference=0.11625  below=0/3
t=15651236  fraction=0.11625  peak_slope=8.945e-08  t_peak=4930139  comparison cadence=14790418  difference=0.11625  below=0/3
t=15662415  fraction=0.11625  peak_slope=8.945e-08  t_peak=4930139  comparison cadence=14790418  difference=0.11625  below=0/3
t=15673595  fraction=0.11625  peak_slope=8.945e-08  t_peak=4930139  comparison cadence=14790418  difference=0.11625  below=0/3
t=15684774  fraction=0.11625  peak_slope=8.945e-08  t_peak=4930139  comparison cadence=14790418  difference=0.11625  below=0/3
t=15695953  fraction=0.11625  peak_slope=8.945e-08  t_peak=4930139  comparison cadence=14790418  difference=0.11625  below=0/3
t=15707133  fraction=0.11625  peak_slope=8.945e-08  t_peak=4930139  comparison cadence=14790418  difference=0.11625  below=0/3
t=15718312  fraction=0.11625  peak_slope=8.945e-08  t_peak=4930139  comparison cadence=14790418  difference=0.11625  below=0/3
t=15729492  fraction=0.11625  peak_slope=8.945e-08  t_peak=4930139  comparison cadence=14790418  difference=0.11625  below=0/3
t=15740671  fraction=0.11625  peak_slope=8.945e-08  t_peak=4930139  comparison cadence=14790418  difference=0.11625  below=0/3
t=15751851  fraction=0.11625  peak_slope=8.945e-08  t_peak=4930139  comparison cadence=14790418  difference=0.11625  below=0/3
t=15763030  fraction=0.11625  peak_slope=8.945e-08  t_peak=4930139  comparison cadence=14790418  difference=0.11625  below=0/3
t=15774210  fraction=0.11625  peak_slope=8.945e-08  t_peak=4930139  comparison cadence=14790418  difference=0.11625  below=0/3
t=15785389  fraction=0.11625  peak_slope=8.945e-08  t_peak=4930139  comparison cadence=14790418  difference=0.11625  below=0/3
t=15796569  fraction=0.11625  peak_slope=8.945e-08  t_peak=4930139  comparison cadence=14790418  difference=0.11625  below=0/3
t=15807748  fraction=0.11625  peak_slope=8.945e-08  t_peak=4930139  comparison cadence=14790418  difference=0.11625  below=0/3
t=15818927  fraction=0.11625  peak_slope=8.945e-08  t_peak=4930139  comparison cadence=14790418  difference=0.11625  below=0/3
t=15830107  fraction=0.11625  peak_slope=8.945e-08  t_peak=4930139  comparison cadence=14790418  difference=0.11625  below=0/3
t=15841286  fraction=0.11625  peak_slope=8.945e-08  t_peak=4930139  comparison cadence=14790418  difference=0.11625  below=0/3
t=15852466  fraction=0.11750  peak_slope=8.945e-08  t_peak=4930139  comparison cadence=14790418  difference=0.11750  below=0/3
t=15863645  fraction=0.11750  peak_slope=8.945e-08  t_peak=4930139  comparison cadence=14790418  difference=0.11750  below=0/3
t=15874825  fraction=0.11750  peak_slope=8.945e-08  t_peak=4930139  comparison cadence=14790418  difference=0.11750  below=0/3
t=15886004  fraction=0.11750  peak_slope=8.945e-08  t_peak=4930139  comparison cadence=14790418  difference=0.11750  below=0/3
t=15897184  fraction=0.11750  peak_slope=8.945e-08  t_peak=4930139  comparison cadence=14790418  difference=0.11750  below=0/3
t=15908363  fraction=0.11750  peak_slope=8.945e-08  t_peak=4930139  comparison cadence=14790418  difference=0.11750  below=0/3
t=15919543  fraction=0.11750  peak_slope=8.945e-08  t_peak=4930139  comparison cadence=14790418  difference=0.11750  below=0/3
t=15930722  fraction=0.11750  peak_slope=8.945e-08  t_peak=4930139  comparison cadence=14790418  difference=0.11750  below=0/3
t=15941901  fraction=0.11750  peak_slope=8.945e-08  t_peak=4930139  comparison cadence=14790418  difference=0.11750  below=0/3
t=15953081  fraction=0.11750  peak_slope=8.945e-08  t_peak=4930139  comparison cadence=14790418  difference=0.11750  below=0/3
t=15964260  fraction=0.11875  peak_slope=8.945e-08  t_peak=4930139  comparison cadence=14790418  difference=0.11875  below=0/3
t=15975440  fraction=0.11875  peak_slope=8.945e-08  t_peak=4930139  comparison cadence=14790418  difference=0.11875  below=0/3
t=15986619  fraction=0.11875  peak_slope=8.945e-08  t_peak=4930139  comparison cadence=14790418  difference=0.11875  below=0/3
t=15997799  fraction=0.11875  peak_slope=8.945e-08  t_peak=4930139  comparison cadence=14790418  difference=0.11875  below=0/3
t=16008978  fraction=0.11875  peak_slope=8.945e-08  t_peak=4930139  comparison cadence=14790418  difference=0.11875  below=0/3
t=16020158  fraction=0.11875  peak_slope=8.945e-08  t_peak=4930139  comparison cadence=14790418  difference=0.11875  below=0/3
t=16031337  fraction=0.11875  peak_slope=8.945e-08  t_peak=4930139  comparison cadence=14790418  difference=0.11875  below=0/3
t=16042517  fraction=0.11875  peak_slope=8.945e-08  t_peak=4930139  comparison cadence=14790418  difference=0.11875  below=0/3
t=16053696  fraction=0.11875  peak_slope=8.945e-08  t_peak=4930139  comparison cadence=14790418  difference=0.11875  below=0/3
t=16064875  fraction=0.11875  peak_slope=8.945e-08  t_peak=4930139  comparison cadence=14790418  difference=0.11875  below=0/3
t=16076055  fraction=0.11875  peak_slope=8.945e-08  t_peak=4930139  comparison cadence=14790418  difference=0.11875  below=0/3
t=16087234  fraction=0.11875  peak_slope=8.945e-08  t_peak=4930139  comparison cadence=14790418  difference=0.11875  below=0/3
t=16098414  fraction=0.11875  peak_slope=8.945e-08  t_peak=4930139  comparison cadence=14790418  difference=0.11875  below=0/3
t=16109593  fraction=0.11875  peak_slope=8.945e-08  t_peak=4930139  comparison cadence=14790418  difference=0.11875  below=0/3
t=16120773  fraction=0.11875  peak_slope=8.945e-08  t_peak=4930139  comparison cadence=14790418  difference=0.11875  below=0/3
t=16131952  fraction=0.11875  peak_slope=8.945e-08  t_peak=4930139  comparison cadence=14790418  difference=0.11875  below=0/3
t=16143132  fraction=0.11875  peak_slope=8.945e-08  t_peak=4930139  comparison cadence=14790418  difference=0.11875  below=0/3
t=16154311  fraction=0.11875  peak_slope=8.945e-08  t_peak=4930139  comparison cadence=14790418  difference=0.11875  below=0/3
t=16165490  fraction=0.11875  peak_slope=8.945e-08  t_peak=4930139  comparison cadence=14790418  difference=0.11875  below=0/3
t=16176670  fraction=0.11875  peak_slope=8.945e-08  t_peak=4930139  comparison cadence=14790418  difference=0.11875  below=0/3
t=16187849  fraction=0.11875  peak_slope=8.945e-08  t_peak=4930139  comparison cadence=14790418  difference=0.11875  below=0/3
t=16199029  fraction=0.11875  peak_slope=8.945e-08  t_peak=4930139  comparison cadence=14790418  difference=0.11875  below=0/3
t=16210208  fraction=0.11875  peak_slope=8.945e-08  t_peak=4930139  comparison cadence=14790418  difference=0.11875  below=0/3
t=16221388  fraction=0.11875  peak_slope=8.945e-08  t_peak=4930139  comparison cadence=14790418  difference=0.11875  below=0/3
t=16232567  fraction=0.11875  peak_slope=8.945e-08  t_peak=4930139  comparison cadence=14790418  difference=0.11875  below=0/3
t=16243747  fraction=0.11875  peak_slope=8.945e-08  t_peak=4930139  comparison cadence=14790418  difference=0.11875  below=0/3
t=16254926  fraction=0.11875  peak_slope=8.945e-08  t_peak=4930139  comparison cadence=14790418  difference=0.11875  below=0/3
t=16266106  fraction=0.11875  peak_slope=8.945e-08  t_peak=4930139  comparison cadence=14790418  difference=0.11875  below=0/3
t=16277285  fraction=0.11875  peak_slope=8.945e-08  t_peak=4930139  comparison cadence=14790418  difference=0.11875  below=0/3
t=16288464  fraction=0.11875  peak_slope=8.945e-08  t_peak=4930139  comparison cadence=14790418  difference=0.11875  below=0/3
t=16299644  fraction=0.11875  peak_slope=8.945e-08  t_peak=4930139  comparison cadence=14790418  difference=0.11875  below=0/3
t=16310823  fraction=0.11875  peak_slope=8.945e-08  t_peak=4930139  comparison cadence=14790418  difference=0.11875  below=0/3
t=16322003  fraction=0.11875  peak_slope=8.945e-08  t_peak=4930139  comparison cadence=14790418  difference=0.11875  below=0/3
t=16333182  fraction=0.11875  peak_slope=8.945e-08  t_peak=4930139  comparison cadence=14790418  difference=0.11875  below=0/3
t=16344362  fraction=0.11875  peak_slope=8.945e-08  t_peak=4930139  comparison cadence=14790418  difference=0.11875  below=0/3
t=16355541  fraction=0.11875  peak_slope=8.945e-08  t_peak=4930139  comparison cadence=14790418  difference=0.11875  below=0/3
t=16366721  fraction=0.11875  peak_slope=8.945e-08  t_peak=4930139  comparison cadence=14790418  difference=0.11875  below=0/3
t=16377900  fraction=0.11875  peak_slope=8.945e-08  t_peak=4930139  comparison cadence=14790418  difference=0.11875  below=0/3
t=16389080  fraction=0.11875  peak_slope=8.945e-08  t_peak=4930139  comparison cadence=14790418  difference=0.11875  below=0/3
t=16400259  fraction=0.11875  peak_slope=8.945e-08  t_peak=4930139  comparison cadence=14790418  difference=0.11875  below=0/3
t=16411438  fraction=0.11875  peak_slope=8.945e-08  t_peak=4930139  comparison cadence=14790418  difference=0.11875  below=0/3
t=16422618  fraction=0.11875  peak_slope=8.945e-08  t_peak=4930139  comparison cadence=14790418  difference=0.11875  below=0/3
t=16433797  fraction=0.11875  peak_slope=8.945e-08  t_peak=4930139  comparison cadence=14790418  difference=0.11875  below=0/3
t=16444977  fraction=0.11875  peak_slope=8.945e-08  t_peak=4930139  comparison cadence=14790418  difference=0.11875  below=0/3
t=16456156  fraction=0.11875  peak_slope=8.945e-08  t_peak=4930139  comparison cadence=14790418  difference=0.11875  below=0/3
t=16467336  fraction=0.11875  peak_slope=8.945e-08  t_peak=4930139  comparison cadence=14790418  difference=0.11875  below=0/3
t=16478515  fraction=0.11875  peak_slope=8.945e-08  t_peak=4930139  comparison cadence=14790418  difference=0.11875  below=0/3
t=16489695  fraction=0.11875  peak_slope=8.945e-08  t_peak=4930139  comparison cadence=14790418  difference=0.11875  below=0/3
t=16500874  fraction=0.11875  peak_slope=8.945e-08  t_peak=4930139  comparison cadence=14790418  difference=0.11875  below=0/3
t=16512054  fraction=0.11875  peak_slope=8.945e-08  t_peak=4930139  comparison cadence=14790418  difference=0.11875  below=0/3
t=16523233  fraction=0.11875  peak_slope=8.945e-08  t_peak=4930139  comparison cadence=14790418  difference=0.11875  below=0/3
t=16534412  fraction=0.11875  peak_slope=8.945e-08  t_peak=4930139  comparison cadence=14790418  difference=0.11875  below=0/3
t=16545592  fraction=0.11875  peak_slope=8.945e-08  t_peak=4930139  comparison cadence=14790418  difference=0.11875  below=0/3
t=16556771  fraction=0.11875  peak_slope=8.945e-08  t_peak=4930139  comparison cadence=14790418  difference=0.11875  below=0/3
t=16567951  fraction=0.11875  peak_slope=8.945e-08  t_peak=4930139  comparison cadence=14790418  difference=0.11875  below=0/3
t=16579130  fraction=0.11875  peak_slope=8.945e-08  t_peak=4930139  comparison cadence=14790418  difference=0.11875  below=0/3
t=16590310  fraction=0.11875  peak_slope=8.945e-08  t_peak=4930139  comparison cadence=14790418  difference=0.11875  below=0/3
t=16601489  fraction=0.11875  peak_slope=8.945e-08  t_peak=4930139  comparison cadence=14790418  difference=0.11875  below=0/3
t=16612669  fraction=0.11875  peak_slope=8.945e-08  t_peak=4930139  comparison cadence=14790418  difference=0.11875  below=0/3
t=16623848  fraction=0.11875  peak_slope=8.945e-08  t_peak=4930139  comparison cadence=14790418  difference=0.11875  below=0/3
t=16635028  fraction=0.11875  peak_slope=8.945e-08  t_peak=4930139  comparison cadence=14790418  difference=0.11875  below=0/3
t=16646207  fraction=0.11875  peak_slope=8.945e-08  t_peak=4930139  comparison cadence=14790418  difference=0.11875  below=0/3
t=16657386  fraction=0.11875  peak_slope=8.945e-08  t_peak=4930139  comparison cadence=14790418  difference=0.11875  below=0/3
t=16668566  fraction=0.12000  peak_slope=8.945e-08  t_peak=4930139  comparison cadence=14790418  difference=0.12000  below=0/3
t=16679745  fraction=0.12000  peak_slope=8.945e-08  t_peak=4930139  comparison cadence=14790418  difference=0.12000  below=0/3
t=16690925  fraction=0.12000  peak_slope=8.945e-08  t_peak=4930139  comparison cadence=14790418  difference=0.12000  below=0/3
t=16702104  fraction=0.12000  peak_slope=8.945e-08  t_peak=4930139  comparison cadence=14790418  difference=0.12000  below=0/3
t=16713284  fraction=0.12000  peak_slope=8.945e-08  t_peak=4930139  comparison cadence=14790418  difference=0.12000  below=0/3
t=16724463  fraction=0.12000  peak_slope=8.945e-08  t_peak=4930139  comparison cadence=14790418  difference=0.12000  below=0/3
t=16735643  fraction=0.12000  peak_slope=8.945e-08  t_peak=4930139  comparison cadence=14790418  difference=0.12000  below=0/3
t=16746822  fraction=0.12000  peak_slope=8.945e-08  t_peak=4930139  comparison cadence=14790418  difference=0.12000  below=0/3
t=16758002  fraction=0.12000  peak_slope=8.945e-08  t_peak=4930139  comparison cadence=14790418  difference=0.12000  below=0/3
t=16769181  fraction=0.12000  peak_slope=8.945e-08  t_peak=4930139  comparison cadence=14790418  difference=0.12000  below=0/3
t=16780360  fraction=0.12000  peak_slope=8.945e-08  t_peak=4930139  comparison cadence=14790418  difference=0.12000  below=0/3
t=16791540  fraction=0.12000  peak_slope=8.945e-08  t_peak=4930139  comparison cadence=14790418  difference=0.12000  below=0/3
t=16802719  fraction=0.12000  peak_slope=8.945e-08  t_peak=4930139  comparison cadence=14790418  difference=0.12000  below=0/3
t=16813899  fraction=0.12000  peak_slope=8.945e-08  t_peak=4930139  comparison cadence=14790418  difference=0.12000  below=0/3
t=16825078  fraction=0.12000  peak_slope=8.945e-08  t_peak=4930139  comparison cadence=14790418  difference=0.12000  below=0/3
t=16836258  fraction=0.12000  peak_slope=8.945e-08  t_peak=4930139  comparison cadence=14790418  difference=0.12000  below=0/3
t=16847437  fraction=0.12000  peak_slope=8.945e-08  t_peak=4930139  comparison cadence=14790418  difference=0.12000  below=0/3
t=16858617  fraction=0.12000  peak_slope=8.945e-08  t_peak=4930139  comparison cadence=14790418  difference=0.12000  below=0/3
t=16869796  fraction=0.12000  peak_slope=8.945e-08  t_peak=4930139  comparison cadence=14790418  difference=0.12000  below=0/3
t=16880976  fraction=0.12000  peak_slope=8.945e-08  t_peak=4930139  comparison cadence=14790418  difference=0.12000  below=0/3
t=16892155  fraction=0.12000  peak_slope=8.945e-08  t_peak=4930139  comparison cadence=14790418  difference=0.12000  below=0/3
t=16903334  fraction=0.12000  peak_slope=8.945e-08  t_peak=4930139  comparison cadence=14790418  difference=0.12000  below=0/3
