==========================================
Mass Fraction MPI Run
==========================================
Date:               Sun Sep 27 11:22:05 CDT 2026
Host:               ac016
Array job ID:       2166628
Array task ID:      0
MPI ranks:          4
CPUs per task:      1
Nodes allocated:    1
Python:             /scratch/user/u.hm357857/.conda/envs/comets/bin/python
Conda environment:  /scratch/user/u.hm357857/.conda/envs/comets
==========================================

5.195754833112161
3.914051125353031
5.436409243367812
5.178970496475363
11.527583558696287
4.070791070961485
5.5123500031294
6.4223488795381485
9.024156220913476
12.288409954727028
5.045129325861986
12.193145297133444
8.202428639174338
5.663185003466068
6.55599204460139
7.373772548397353
10.052779140940245
9.665185806972953
12.32261354182839
5.020887293623311
6.793529930594193
6.874812841576935
3.400668524934234
10.773132281531012
12.335757967213413
6.9836945046141
4.468102693615381
12.350065938222887
10.13335014421243
2.5889349343999424
8.035544083243206
9.714794252752103
7.445272105375728
8.231717108118538
3.2926910228577846
7.508553811867261
9.991731431761698
10.519276280349523
5.803774173493542
7.563462572708809
4.319159018948852
8.80885891964856
8.556546303255088
8.093199874198199
4.7822576058764845
8.745458741322448
2.9001967006538045
11.102156768031637
4.168083253653494
3.1009266589600184
6.509776640729369
10.675007180345034
5.0195279482175925
11.748383631819708
4.962691880969579
9.620933127277361
3.0909290743744986
9.95905344593028
6.058172819971564
11.660448813028042
2.9558170264406627
10.086628272094966
7.606064439464481
10.726900446822276
6.973143313924027
10.565263102580012
5.0384098277256575
8.16660404190493
7.921384881864343
3.3323451371947566
5.2894644809863784
6.986594807624548
3.613605016091943
3.0090860007955955
9.182937097040371
3.179930019622428
11.061333233149885
5.144458457469839
6.967132760450273
8.496617858736927
11.595218329456571
5.011345220401062
3.6168578971201173
3.628396715339451
5.597790875048369
11.687598035070044
7.7209929659934895
5.130905952397612
10.366277291961497
10.73882484721572
7.54808852536595
5.995585412606477
11.363842537918663
7.548080301848447
8.91915440529301
4.332708231102983
6.214905253850354
9.21806553216287
3.732172521671303
4.759166315330158
4.746740692572194
6.809257538084259
11.427678501021125
10.318375669940263
5.5917551968889185
9.424986086315156
9.348973099286003
7.005199400056061
3.046625241325336
4.187394315214178
9.390474624518696
11.221992762358767
4.439401424342114
10.214653544810018
9.63689844452659
4.6595251940305396
8.812134505199296
2.7666253516932935
4.596767536760811
5.161315767186077
4.314497282858022
10.594787089554217
11.801839357087026
8.96137783091648
4.199437426734308
3.7149439768884305
6.564357328038693
9.390461217555064
11.225747618372214
3.7315160246548276
8.029742585865797
5.739990160797843
9.874847014744311
11.806454989857206
5.497525493092331
8.056699443675527
2.607051112107902
10.669951286058033
10.296621856201966
3.769074317337544
5.079348547003432
10.984830922387339
3.0403723208321964
5.336306958062085
9.229720057783517
9.965581028401981
5.7364652521058614
2.849011167428505
4.730821990855826
12.064109235910855
8.4354470156017
4.4742329528852
3.377609126817769
3.2584122553759745
3.7568475293281733
7.69892471358723
2.8403501920591556
10.681577737452002
7.6094396383127485
3.6037067343831817
10.175657148541875
5.296054040862285
7.396038444519
3.25416628806893
6.40454822531635
4.009074634931923
7.499507215080037
11.349096739656714
8.093121441960793
3.8517894542686637
4.122853874941662
5.782862524874064
11.957053015658062
4.763864959105481
3.3751512605386527
12.042008754573345
4.807847442361685
2.784871941765512
3.5220033095865197
12.44211726307374
8.966370772201191
5.018818350900894
11.120795664696303
8.69911968389011
12.140897747837855
6.241777770887892
5.647764605828031
11.989406949987824
5.25076315658675
10.810241267444724
5.20294861290192
8.946713877310586
10.54452615896761
3.65709765179366
10.926707331069883
7.358774462397891
4.026949015105893
11.043466088572398
9.948650443979194
8.630744285914728
4.690185325156801
3.9650068898168156
4.542250483931466
11.248109934032428
8.920749299384628
11.053967713454119
5.957093288797285
6.077607653738214
11.753666614550674
6.279142673746384
10.282107707683657
6.16828776003211
6.446556777110004
5.547023808575259
3.4361914728639986
6.142801393676689
6.989022907672716
4.606361852899054
8.633507539610651
4.387094399587706
6.598006907395927
6.557768294861566
8.803560097561125
7.505234424780117
6.006872630964077
4.568988591422054
6.99593324509515
11.644877806885614
3.6010669952073138
8.613551937880857
3.8254202481995825
4.012534731472187
11.95679156527634
6.658070682406834
10.229602183144781
2.6278788986319768
10.059077946857819
12.200429134511358
3.6257204149490807
4.880910060386454
8.665276248292123
6.2364001230326895
7.2762479949474015
3.2618031721740373
4.928624989585019
2.614598225104624
11.594598511339917
11.246778759124462
8.149436209600733
4.242804318469448
9.6796030691295
12.49347832500881
11.300017405457112
4.418892322439234
6.126999841247878
3.1801081275963616
3.503318095100154
9.618758355441148
10.884973645621063
11.126975175125649
11.18034005070295
8.125394305436263
4.248416686225366
10.161266250761901
10.383257522848151
11.085671219537813
3.1080205321931476
8.69800034549058
2.8238009184136192
5.219215882584462
6.400622648270352
11.309220298992905
7.808068576569061
3.5181869202763205
11.832650601816608
10.40082262055515
7.790180244842659
5.435183662301197
5.002339216626669
5.992568687445493
7.307220299430233
6.325948431410008
9.23833164356969
4.487778553803475
5.63188367108015
12.228655033320422
9.041745691184511
11.496943447413063
8.249173783821242
12.057306320375961
8.873840668648514
6.937293534484849
11.085190424413216
3.0587668054816266
4.4759371620380985
5.465202334447781
9.115609710265783
12.187787054230807
10.10564821796346
10.796807413507029
7.940977778245596
10.557850203042289
11.719557394895027
12.42163924485025
6.660091691804551
9.296074594470264
7.4642443514025985
7.361587071245902
5.680811373945999
7.457252116561729
10.764002174115593
4.802414618330487
8.249852084187427
9.155777115154974
5.731077143425494
11.468122549136222
4.2489608318894
8.417443499492672
3.9764901283130283
4.019256096402794
10.448290177153927
8.08662483653244
10.457647076260459
11.674175709673323
2.877579909823802
6.24825516918233
4.016917069220632
5.662540902584335
6.684652229032952
12.185078280536224
10.790436313762621
4.765924800792437
10.528474471004024
10.100196135902662
7.661495022616366
5.860800412384987
2.6239576401277755
8.03084729961593
6.849184962638187
6.346234277695965
6.294110306600539
7.219388952482171
4.147715880265563
3.793812258904121
6.251566713935523
4.952590328542707
5.745148568807478
11.965246825125497
5.795347199527853
11.71393846294986
8.604909982282987
7.059757050928796
3.4874678196836904
9.831158436932784
10.215721412651648
8.232130467434075
9.390389167893536
11.078368389509272
11.254565388074273
8.683451426412274
5.412068562989381
9.074140522215394
9.517176112028732
10.218198519052324
9.520828280019881
11.283999362470832
5.623503416588403
7.541299399402198
3.2174020334332254
7.955974882545381
10.768616831631935
8.305516904271816
5.09694565204544
5.646962590585558
6.771935635041011
4.32977610497521
3.8270278640631705
9.389138170896405
10.585011903134365
10.643126182602362
4.793366149651357
4.185845606651823
11.702805443554487
3.793476942965036
3.9494077357279647
8.557973204009034
6.737689549473563
11.060821276612847
6.640417691372878
11.804423174822963
6.801843316651768
2.6204769629455105
9.38592285189635
10.643083136869556
10.657390736625256
5.237115296115709
6.721425515063317
9.111351049276223
2.980163813067863
10.148267873050333
5.298298494457824
10.45280942364166
7.997059771072841
3.1625469520852647
11.246134335206769
2.93393559386116
5.508106645608985
8.810563173039071
9.46708752041085
9.733189638715922
8.90278047831401
6.0497642905241875
2.933316117793571
4.739495011408641
12.002726273777762
2.997874764054015
12.20127597545665
11.506264999048959
8.177183346548702
11.421523239170108
7.959650579427366
4.295490236727662
3.750366470899519
10.782995313439468
3.672176501087583
10.1751097728729
6.434812081956053
6.8551223719488705
4.03765331987286
7.0494615338525035
4.517748728186862
11.464401720971544
10.17404142897098
8.480291789520852
7.911673149163319
9.765951864294053
4.885412834930603
5.0603032292404055
3.2530587787482768
7.630446878248188
11.529487278872997
3.419487938930892
12.320177066685426
2.5270605056164666
3.631886468217538
12.281591472024612
9.20893539739873
10.986652710914427
12.069683179630324
10.142866081680415
4.998467408812392
4.883617707162898
2.638545892005376
3.3593661576340903
6.7982963585715686
11.592386769396596
6.121800868842261
6.07100307731354
9.778385896865267
12.476653756237395
6.2672724290985276
6.775777199540476
5.152716524369303
4.239890504872691
11.568286703774932
10.847017713115726
8.840081551005897
3.178410698802192
2.5686185409639526
5.432394343230936
10.778632391142821
11.80478105230259
4.443260448726377
7.407648576448035
5.375734458355069
4.970740780870152
7.717702759353396
12.471366950175241
6.520760622998783
8.575984068173476
11.111626146820345
7.893339353877421
5.596974042143801
5.142796303961363
10.126991414729002
11.204135981943185
2.6149156089988965
2.691684650489975
5.656550510207725
9.747471764725255
6.326844185768615
10.35175160951864
5.346651002372743
5.803731350908848
3.4527766803547566
3.372904528197563
7.771347264724728
10.830577178510616
5.1738866004994755
12.231077520972784
5.612172342946614
8.997485056378816
9.312067701602233
8.578121844060075
3.9112293918339014
11.141089813905493
8.215381074034468
7.0017562407671825
9.32428575809194
7.047261801477718
10.409395690171948
3.444083821936208
10.211005663899282
5.665300926300155
10.488985256676813
9.93827353926182
2.9104262476473997
3.3410683022639045
11.400306953481381
9.681892422756505
2.5610755441104693
8.992305683051036
9.283393729351957
4.439206331914138
5.381395502288923
6.829309030531388
12.407967754005222
3.715705989328626
7.752709658464614
7.051133572860698
5.712036945771808
6.5032819389458485
4.967848981969423
4.6008067481396395
5.690621828359634
5.918264571599467
5.371075228454369
10.84505541940069
5.58145702847057
3.321913024293349
9.629625258060253
5.817078582994371
7.892759190799187
7.707907571635858
9.921508295218846
9.575454500897843
5.941351281127406
9.740793714735744
6.513083233097844
5.7273471352977605
8.97476547261105
5.156205695354999
8.160679778659983
7.01383922371954
4.489594457671941
4.7624027175230434
9.10405849752306
6.426143282265681
11.585319144432754
4.64467154092672
7.701016092464822
3.166950177274497
2.5535353428077965
4.386793416420759
4.848441290798231
6.924663765416525
10.220840847373239
8.35159226948976
7.047741861855711
8.757995086425158
11.426594309691014
2.871798908227091
7.673628950248734
9.212388539788796
12.268524049043606
10.841136187645798
9.995791428207186
3.5651617542661365
7.243846973294039
8.904407675799705
4.735203818482469
4.2307063593601235
12.03060503907409
9.018918303427965
9.526826395268898
9.065511811279352
6.535274097611399
4.783242397752493
7.893208548934916
4.980437935009924
12.420270781165213
8.897302640377116
9.689909594303248
5.168058454994988
6.571275350040975
5.191537251230089
6.822318842063125
3.3278209093238162
7.638891656970372
8.621683772693288
8.780982129767713
11.47672350096821
2.7334240832082903
9.889744950867042
3.3431953891993373
11.804904577627148
11.544460770690945
4.07786153431343
10.641462384908781
5.678737889671743
11.165425335046098
2.928720427028381
3.1410970424546827
7.324462031755971
10.781935282719164
7.467460510449171
8.806519003024077
6.3131783615285535
5.3151169393773525
10.121854536689023
10.859147920706665
4.734512371224749
10.350704694892077
5.303739417331245
7.045524624783889
8.283572811675196
10.086312246988307
10.338178449049831
7.262158375249782
5.844093583548875
11.043578619899273
9.686797482833306
12.203913959379577
6.647149709296363
6.605531351267533
10.228656784814254
3.619624738178554
7.462289245385019
4.873768091455543
11.953561899517887
11.556103503301845
6.101343822555685
6.213083517424753
11.41515903996321
6.798236381398533
4.619640443808558
8.67360820404765
5.3496887222697955
4.111501304045911
11.066794686719355
9.672487127393389
5.971940618984869
2.8501587602655576
11.078191713554133
3.9983432072705316
10.725526790200062
10.833773523733829
5.759711091210376
11.535377084977604
6.790997839882095
7.4988560095020995
5.085289341775646
5.461189178235584
6.2037893342694215
6.621689264835168
8.199406868268682
9.254925155248275
10.459742677567485
7.19573453826377
6.597225176301786
8.78880330800424
6.157253086839968
7.564970018376976
8.825597867049009
4.438737302176772
5.978391235532254
9.147677498266944
4.174176980535416
10.928809516670913
8.695655149244494
10.491354095927264
7.451922291743496
4.708671446399987
7.228978506365697
11.039280342934735
9.246258502887473
9.793236571603835
7.5652462045297595
7.367987165888655
10.723296983538656
7.110539671209186
4.847197392271115
2.9137700579801096
2.50072847207261
11.858056440149001
3.99750539563118
6.201411427325971
7.741258071086393
3.4869162062161276
11.868073343903784
4.322625766177434
5.952173960101349
3.8631712238793723
2.890799322787172
8.913300741868017
8.21720076368744
8.228953844374356
9.038950927036332
5.271250028606243
11.482939178139658
9.164041648907041
6.228531003594297
4.907216503686458
5.274583497815564
10.994588048127389
3.4506137280943774
6.0077974492816235
4.603205618480438
9.384572809017849
9.147687492856633
8.071009564318302
11.832168736654074
8.432830011181844
3.0591834382055882
7.683604654896418
6.847932609713725
6.840649413423316
7.083057223922671
2.545256095590802
5.275330933281126
11.478663230517286
2.7094644437198534
11.429983652035308
9.28055154911462
6.241525906760596
4.084581375224224
11.760208929269112
2.908191386684863
4.255520744172356
5.480245370853646
6.309752073139841
8.003013754232802
7.292115525948879
10.32147423563998
11.683017776135532
8.055662838228056
5.636692395351589
4.956194141802195
5.6494975775025
7.437390233328712
8.611443975180336
11.00901395850302
6.693946832081133
6.482319118968254
8.431321485990308
7.805988999639084
4.098088640510644
10.336665745522657
5.41214340131315
3.823335055666739
3.2457071351090363
10.604039879989283
3.8115077223531033
9.312112550646907
7.83078709924732
4.956336700730906
6.7349657877453515
7.265289204998945
10.411626314646426
6.390198758219929
4.716897627790257
6.035125754959248
4.5195334345434
4.855818168649677
6.425077540431531
9.538273478009877
8.908590875738932
3.6730456491997487
4.06139040649216
4.250032581189606
12.01927351700068
7.322456834698635
7.48652071977973
9.555367222807407
8.498667663698996
4.084905737951329
11.046097384276479
11.786984797616105
5.950415951528331
3.4180309341644888
9.66569512947004
2.783649485365276
5.02742775658275
8.383969479783968
10.262670864200958
9.450208185558708
5.036454283238366
6.66795865044816
Running 800 simulations with 4 MPI ranks
Rank 0: 200 simulations
Rank 2: 200 simulations
9.89055855261119
10.114968058436974
Rank 3: 200 simulations
Rank 1: 200 simulations
