==========================================
Mass Fraction MPI Run
==========================================
Date:               Mon Sep 28 21:00:58 CDT 2026
Host:               ac027
Array job ID:       2172262
Array task ID:      2
MPI ranks:          4
CPUs per task:      1
Nodes allocated:    1
Python:             /scratch/user/u.hm357857/.conda/envs/comets/bin/python
Conda environment:  /scratch/user/u.hm357857/.conda/envs/comets
==========================================

3.2543826404691734
6.828949274242186
8.145797249276447
4.8669656703009565
11.205288536104327
7.965511959237358
2.74314849844567
7.646213868467525
3.486050065323698
6.860394529755761
4.5152274507081955
10.123359680653131
7.219398384655293
8.77076317457034
9.872854327096233
2.522897568870998
9.946915065184802
10.393452096039645
5.026987292082609
8.213503615558057
10.480685244553461
10.254908280190872
12.249293879967828
7.8851653564847
9.86038564436809
4.108434995971864
7.698075339664703
8.979238941567779
4.150378903776785
2.7127937551491343
9.795773337821766
9.103615894053215
2.6874232555937008
5.06369244184425
11.72519238789653
6.579225764475547
12.482645226727936
4.178242630075314
8.668562986932224
8.647888475342466
3.7374577224160066
10.723067818762441
5.123827679313772
3.696953064697616
2.6258384375654598
8.097813062697321
8.895234656655568
6.702301767596798
6.469929431905964
9.953873363034143
6.980153649083541
3.168605894775145
11.785122172067988
9.070230034588668
3.236827920288924
3.5947966796059747
7.458874958723538
8.086601443205431
11.482820455603735
6.794725238444506
3.607072161072643
4.392746548665273
6.037392976126004
4.318832876202431
10.690679964736356
3.7675154102935737
7.506850431681054
5.756026797713973
6.190650120004577
9.721370271203865
7.927463245804534
10.282854242694057
11.18271755209418
2.737370537129028
7.898382895021411
4.701320530096416
4.969555953768506
12.482053952327652
3.7322428288506746
6.279968566478836
6.107841579563934
6.737996761215845
10.107478688206495
7.592190339886013
3.0146627450635255
4.563844731141398
8.275204023842086
10.482241606149842
6.11466996543585
5.103334503293212
4.637312392020457
9.822954528539702
10.157116417944907
5.308382448143998
6.8495996299582185
9.97986472300633
12.472353920032269
6.863982632686671
4.5453219345803895
9.096527150902993
3.8408173144303372
7.45781596166244
6.7196086289517245
3.3672532543595404
7.298096604134717
5.151089330075317
12.14803288425201
8.535709888382312
4.10774311654917
2.7607758390043746
4.311574684674772
4.515011113412692
6.052986430350416
8.8072469218707
3.155085382877484
5.8913903840240645
10.850069956412467
3.7923613911409837
9.68633480578399
8.304120141800379
7.018813436669649
12.368933009636361
8.235231725310602
8.291554240822833
3.218668924393512
10.923425648453861
7.923023064496194
11.712925846516288
8.697129895819712
8.7405021505585
3.810476773530569
5.849532077274172
2.656399520271495
10.444945821415129
9.904907090882272
3.789732245515408
11.754416505789164
9.728096772529906
6.801237768660552
12.114981565935377
11.549591009337592
9.170809686348022
9.34522487702807
9.321661988444227
6.6381402659168725
12.382998330286792
2.578254419625383
6.528036712901562
11.311241918887047
2.5613250718602165
10.473806496446763
6.6499236065499225
7.696294616102342
4.345154537052734
9.060663648569449
5.98024658981208
10.5097201370636
8.014592094945339
7.928499412146749
6.377984158923259
10.587512201267423
6.6434490498949925
7.549928217865975
11.144358738322182
6.337335711872461
9.408459977135134
3.871799438043093
5.139052768318269
6.141725362625275
8.156045574531785
2.5186020672258302
9.64526589275128
3.2317606279161017
5.85869779803171
6.626386058851525
11.453079491143573
8.659481652521412
5.2170254984702105
5.561232373691418
6.497977945695455
6.1258853079743725
7.755646988710263
4.670243260321919
5.803783716051183
2.711600304873756
6.343778884459143
3.869074871464473
12.285531934839453
3.316277297214781
5.6695866478336185
12.034213709303712
2.9076048211153624
7.779518445221873
5.8343209233742375
11.816419060122458
10.209360146832724
7.5106151955668645
4.628215329789683
11.16292968373801
6.355040602992574
5.546040414907285
2.63836338779507
10.772374161640489
9.14581176476027
7.279208235764788
11.070421612747722
3.995294022694126
7.496039185491249
11.635872623665737
8.186773984083015
8.50685472731638
12.449613271618999
4.971238910102299
6.839578160661634
8.069491622920639
8.604729337913742
9.77852743223166
7.56923270669965
2.9525395622805704
5.583052819641888
11.542066637435394
8.42358692801707
5.129334718247915
10.344195332554069
5.705976769060013
2.8960859644990666
10.7688379584155
6.631804189319053
10.312300194408405
5.055114949678114
2.930394086295834
8.036235821553221
11.727366376928922
9.369018370987607
11.735279629657503
8.76818052177947
2.9449531358488015
3.2609045394434033
3.9831547011789303
11.66410008460434
12.25650019769822
2.6744288778132974
10.075177466652537
8.93839187403406
4.626250169266662
12.094576751508617
5.42078129550577
5.959915873907727
11.931235962518972
12.338120524428456
10.984119008800224
8.1269471383709
10.71287473688369
5.310211742708978
10.378675162489808
10.941982834304502
9.57767410135713
6.35404697999539
5.666833362048706
10.940836878043285
3.940068892813322
2.7188865664440476
8.688451643232801
6.138359104683733
6.063748433609777
5.732461641800737
6.65927292754485
11.682530311680381
8.785589976050282
10.173666988791954
10.53371753371077
12.131688212838215
9.58445353919582
7.658221005438212
12.195282921677663
4.440424164119323
2.9424583050622233
9.130269444247311
5.559795345515546
6.519169263377847
6.1047778155146375
11.874696018208132
10.138403443823503
8.764763267022566
11.194867761443486
4.780446760188688
10.299481459868563
7.722380637422387
10.629653827268772
4.4414929647014905
10.49037016445117
7.233489769072923
6.659997739695974
5.262123727410673
11.576305069383007
7.409856264883058
6.103616631350891
7.908217500769678
6.422816409777019
10.050025394144795
10.87504335717137
9.457864015593156
10.450750441448058
8.812215878626933
10.489401382237668
11.769697647526131
4.169660716281332
8.494208358914026
2.614112403098626
11.156681747085976
8.310968979116755
11.21521217782327
10.493560536792279
10.801470960429146
7.469093765579462
6.369321467047325
10.486289953744993
8.910019580644834
11.271695858661918
2.5505603534023913
11.010136983844607
3.5481390810169655
5.083481603298999
3.458941115956068
10.940748295004155
7.910932465827387
11.810475972671723
3.6397282173826295
10.650609907179499
7.686134509215565
9.476294051662954
12.312575283299672
6.509540885272931
9.898156879184558
8.945720593831958
11.136932891070538
4.75499752296931
6.191132919345694
7.956501554454441
8.077458499098688
11.718236184392138
2.9462696895915674
6.748743170925228
4.059007318285919
4.861174448514668
8.992508608059667
2.9219588527817852
6.670068192233276
8.44435125843388
4.5375913601657905
2.877628283045949
3.1321200588396882
9.169758293416528
9.81164475869906
4.431189755300489
5.395493332311823
11.97164120895597
11.954590466953675
12.074878808717301
4.737903444770839
4.295033940653701
2.69897899726792
8.934038430649668
6.004469641235504
7.652403681716422
4.0437343453824255
4.259598983742752
11.920709654214136
6.796754831431898
10.357802243016563
12.439923526073919
12.22209900723151
6.0111714581902636
7.16131490030686
6.864725954118804
2.666884207266106
7.096548708209962
4.338523133297926
6.224932984255121
4.450092594180441
8.02495514401705
11.36018976878876
12.321354051778563
7.99009538084383
11.242817323695261
4.879668875120644
7.681074130231156
5.366698027055678
10.052260064147866
5.069105779518832
9.827977032074298
11.848670928069739
9.399692971856368
6.133987589721553
5.1533865197763715
12.204297213662175
3.4474662324112995
5.179331067736351
6.2775259374501555
9.781492225957722
7.741431487567031
10.59218658028244
5.5560485578505165
3.263355229659802
2.715642202366144
10.437724332073742
6.6110522893406305
11.800589583773256
9.814983660840404
3.591230323921255
7.984019305080803
6.8946830247925845
6.491025328718277
3.4274555096211468
2.514157192712654
9.3445057573872
5.371497577681765
9.309707948663394
2.815792849873533
6.644101964611587
10.730737220410987
7.010111717609936
5.526002076669105
7.127179577227867
11.14912028002044
8.861262069685651
6.730141823166318
7.067564119351152
10.292654389521694
6.687326107444957
6.020376330386146
9.784847685578166
10.381425735700606
6.402707046360129
4.895060288244349
8.198831042093998
6.350801693210054
11.440168767724966
12.289350140005237
10.22654223028903
5.840783892233549
10.148380141191856
7.939806314720617
5.7106968257054636
9.999312666755324
7.489163457720452
7.425615865215041
10.59986379517295
5.71404909404162
9.943345494477308
4.593823839092234
6.430478872011388
6.649265350517563
8.474527231069345
5.367099102482525
11.92430179701944
7.708981913144904
10.242108104595943
2.552119344355781
3.6326858422114627
5.379005764512243
4.420283710609998
8.84960796558205
9.17577852432467
10.12610708526833
7.470422707939241
8.547873742552895
10.546465791706801
12.176064241339965
5.343777594099857
11.469076703123948
12.26081260846662
5.7732535286110656
4.062849154610063
11.330293767705301
7.381572815534617
4.507420674767975
6.001967589122294
11.526405584985131
5.526890978775619
10.039878508486032
5.769430859418289
10.50090650458868
11.022884212056182
8.04485187565704
11.322996189872232
7.869356332609264
9.05798609762029
2.915277895030096
4.869778828635428
11.266524517394974
12.082453661279164
4.966684389530567
6.652401298582107
11.24720691933812
6.431000824964647
5.370227195818864
11.832532740084254
6.625235834529024
10.128699767569517
12.490695877811927
8.672602308519668
3.0765537638930818
5.72336532926659
11.4910430531444
5.798689673121648
12.374727713998977
4.857381224085389
4.4135121555044385
11.348969350176707
3.1694826022588485
3.452201601082697
6.748386341683393
6.6658915141961605
11.555482216901812
11.417111350360319
7.138311176501285
6.479170855695996
12.407572944599185
2.654263181645675
10.402982090083377
4.364095725044778
8.830118281228284
9.05566678529608
7.082738584397079
9.518290334018316
6.737123538802851
9.310710717295603
12.2288690914862
3.527276856837387
7.036608353514346
8.090459633687233
11.823745446826324
9.969268433096577
3.5478553437129268
10.156815763995521
12.120239518607287
9.115618256166478
3.345483260703157
2.749897930311861
4.295760023160279
7.879377411605221
3.6435753194940226
6.636058200045342
7.111847085889339
9.891509979736764
7.96679189591157
6.324639627697306
10.840500574762581
7.339538879330444
11.28337323191917
2.9388501851299855
11.314697768569523
2.9379143673202934
5.140283346705149
11.009789516874472
9.908847566758002
4.830594758256229
6.534646390090968
7.872325441844406
10.126914498053587
12.352852702471179
4.224352449871884
9.256979820176241
7.704289353270908
4.737841538494218
7.9724874553930105
6.632960969815693
6.598013159539891
11.177985546336421
4.94525623457995
11.14437346757722
4.553010378337832
6.740164126772495
2.6874829783057663
12.001148603985651
6.092807238882595
8.036714461406527
3.3169872247527965
9.637536172812815
10.128000930823097
9.353067973686914
9.636180515056363
5.024351711780679
5.347595648530317
4.279319495409962
4.034482497396725
4.979606084594145
11.194407746632503
10.84248314534281
8.931918903386036
9.169243658721474
11.2978548266924
7.732346437803739
6.035368938162673
5.548159220957044
2.599099415648202
6.701341836576896
3.8831372857696933
7.134458893444102
8.760424583013808
9.198881429953257
12.208018183310518
11.73248722724835
6.759687502499981
3.9670252937597983
8.553914357673829
6.16975411811532
4.9271050910975545
2.6590263827208647
6.53419538984285
2.8253457923908987
4.4915733647194145
11.214970720168877
7.831493717299718
11.538044578140603
10.728433190377107
10.56946554642197
12.233992423898743
10.245927426610194
8.002286155134314
4.328021548513696
2.636531169274323
9.009042699895014
3.741784464432769
4.698824738413554
6.011095387977779
8.104113604606724
7.5045641536997785
9.30511043762914
6.481560488540566
10.922615966885555
8.97522949797725
5.846645425907716
9.009209656795436
12.226790692051605
6.626325164584314
12.27119364768229
10.745696219991924
6.3038006868956655
4.7290107568635795
10.848067652418692
7.76293498960848
6.328853706080539
5.9401860336752765
4.6169304037778165
4.549643282802075
7.007714172542786
10.005860969758457
3.9105331101305216
9.498374636104357
6.355942931173583
10.181722126346157
8.272890144021568
8.584189064309404
5.244562231122437
9.199172905462435
7.283175489633697
7.043547612176722
5.081624224034807
10.487347415927001
8.381432287734896
11.356238660614808
3.3426580793303184
10.033004363782673
9.46404648160066
3.7831216778804433
5.479466993094135
10.599950361396896
10.828500252986712
10.912133865905503
8.98632357397134
8.609643781960319
3.8532526545635704
6.482595655209544
6.100245498139837
5.515674722648582
8.046602862493005
5.211583150900405
3.8825264752886826
7.025195145461537
7.976118868901426
6.079152609414569
8.414587938196092
6.612699137831674
3.1969992167517383
5.550413623952047
9.114279317015175
12.004296563549921
4.930153011004569
3.223727417897363
6.542269228264165
8.55734170652735
11.565395529350003
6.3090798403892485
3.2802357213033373
9.883946324322412
7.000739645837378
5.637993265686855
10.122726586229103
5.710792804080053
9.18176821825529
8.309438154416506
11.890545091838284
8.890916748039563
7.302030014351464
3.8362638643645077
7.586274559230945
12.421367310705376
2.9378925140312164
5.2831095361283955
10.713121486468037
6.433782279009309
6.117983912867984
11.296298126354005
6.135512232652928
3.042007226104302
3.040341681887374
4.736527915962413
6.5175365756007935
4.610124460083572
5.376282065661757
3.9134950695852266
10.469861990802755
9.945895841074694
11.256916611207314
12.485939672817796
8.922300413432417
5.102425438524863
5.767205382530369
9.247195055282535
7.853803186515372
7.69498372924337
4.8996454305383175
3.8747721178223316
9.376613960911541
8.07549949154955
6.09193377900605
2.7822103508509133
4.654955011852148
9.325516126726528
12.212823489543187
8.218956301938727
4.117816270436467
6.197351790737074
4.791556758777073
9.407377882199487
9.040886907408355
8.411654059146143
9.456719256599598
11.007166412294225
12.181283022908715
10.233496029990569
11.152758942922794
2.6890256500183893
5.8913071972675315
4.912941591992412
3.3967294616250943
4.43095120309833
6.027477618198666
9.498974164999156
10.450323453923879
4.189037912281432
10.275842915505136
3.8530129760291865
5.661716102324723
11.134609905537102
7.191296108825485
4.442952376664885
7.676580447745849
2.812832475022471
3.1209220881943978
5.832038733525672
9.373832203587586
6.990823843788403
11.784924170958904
8.85992169984723
6.2610878591109245
9.02539381703016
12.402552140975965
5.195705801623113
10.56620176829219
9.894198754829542
9.090709165798682
5.956441290950462
12.063667156702726
12.18769682120072
8.269048602920508
6.102669799462452
7.947515504258774
9.92348416338731
9.082336608808319
9.290866430253915
Rank 1: 200 simulations
10.059212036853262
8.026054107400615
3.6644982493214515
9.675022078735573
Rank 2: 200 simulations
6.691397310828846
11.006906661023312
6.569930675865864
Rank 3: 200 simulations
Running 800 simulations with 4 MPI ranks
Rank 0: 200 simulations
t=1116632  fraction=0.34875  peak_slope=1.366e-06  t_peak=189828  comparison cadence=1116632  difference=0.34875  below=0/3
t=1127799  fraction=0.34875  peak_slope=1.366e-06  t_peak=189828  comparison cadence=1116632  difference=0.34875  below=0/3
t=1138965  fraction=0.35000  peak_slope=1.366e-06  t_peak=189828  comparison cadence=1116632  difference=0.35000  below=0/3
t=1150131  fraction=0.35125  peak_slope=1.366e-06  t_peak=189828  comparison cadence=1116632  difference=0.35125  below=0/3
t=1161298  fraction=0.35375  peak_slope=1.366e-06  t_peak=189828  comparison cadence=1116632  difference=0.35375  below=0/3
t=1172464  fraction=0.35500  peak_slope=1.366e-06  t_peak=189828  comparison cadence=1116632  difference=0.35500  below=0/3
t=1183630  fraction=0.35500  peak_slope=1.366e-06  t_peak=189828  comparison cadence=1116632  difference=0.35500  below=0/3
t=1194797  fraction=0.35500  peak_slope=1.366e-06  t_peak=189828  comparison cadence=1116632  difference=0.35500  below=0/3
t=1205963  fraction=0.35500  peak_slope=1.366e-06  t_peak=189828  comparison cadence=1116632  difference=0.35125  below=0/3
t=1217129  fraction=0.35500  peak_slope=1.366e-06  t_peak=189828  comparison cadence=1116632  difference=0.35000  below=0/3
t=1228296  fraction=0.35500  peak_slope=1.366e-06  t_peak=189828  comparison cadence=1116632  difference=0.34375  below=0/3
t=1239462  fraction=0.35500  peak_slope=1.366e-06  t_peak=189828  comparison cadence=1116632  difference=0.33500  below=0/3
t=1250628  fraction=0.35500  peak_slope=1.366e-06  t_peak=189828  comparison cadence=1116632  difference=0.32000  below=0/3
t=1261795  fraction=0.35500  peak_slope=1.366e-06  t_peak=189828  comparison cadence=1116632  difference=0.30500  below=0/3
t=1272961  fraction=0.35500  peak_slope=1.366e-06  t_peak=189828  comparison cadence=1116632  difference=0.29250  below=0/3
t=1284127  fraction=0.35500  peak_slope=1.366e-06  t_peak=189828  comparison cadence=1116632  difference=0.27500  below=0/3
t=1295294  fraction=0.35500  peak_slope=1.366e-06  t_peak=189828  comparison cadence=1116632  difference=0.26375  below=0/3
t=1306460  fraction=0.35500  peak_slope=1.366e-06  t_peak=189828  comparison cadence=1116632  difference=0.24375  below=0/3
t=1317626  fraction=0.35500  peak_slope=1.366e-06  t_peak=189828  comparison cadence=1116632  difference=0.23000  below=0/3
t=1328793  fraction=0.35500  peak_slope=1.366e-06  t_peak=189828  comparison cadence=1116632  difference=0.21875  below=0/3
t=1339959  fraction=0.35500  peak_slope=1.366e-06  t_peak=189828  comparison cadence=1116632  difference=0.20625  below=0/3
t=1351125  fraction=0.35500  peak_slope=1.366e-06  t_peak=189828  comparison cadence=1116632  difference=0.19625  below=0/3
t=1362292  fraction=0.35500  peak_slope=1.366e-06  t_peak=189828  comparison cadence=1116632  difference=0.18500  below=0/3
t=1373458  fraction=0.35500  peak_slope=1.366e-06  t_peak=189828  comparison cadence=1116632  difference=0.16875  below=0/3
t=1384624  fraction=0.35500  peak_slope=1.366e-06  t_peak=189828  comparison cadence=1116632  difference=0.15875  below=0/3
t=1395791  fraction=0.35500  peak_slope=1.366e-06  t_peak=189828  comparison cadence=1116632  difference=0.14750  below=0/3
t=1406957  fraction=0.35500  peak_slope=1.366e-06  t_peak=189828  comparison cadence=1116632  difference=0.13750  below=0/3
t=1418123  fraction=0.35500  peak_slope=1.366e-06  t_peak=189828  comparison cadence=1116632  difference=0.12750  below=0/3
t=1429290  fraction=0.35500  peak_slope=1.366e-06  t_peak=189828  comparison cadence=1116632  difference=0.12125  below=0/3
t=1440456  fraction=0.35500  peak_slope=1.366e-06  t_peak=189828  comparison cadence=1116632  difference=0.11250  below=0/3
t=1451622  fraction=0.35500  peak_slope=1.366e-06  t_peak=189828  comparison cadence=1116632  difference=0.10750  below=0/3
t=1462788  fraction=0.35500  peak_slope=1.366e-06  t_peak=189828  comparison cadence=1116632  difference=0.10500  below=0/3
t=1473955  fraction=0.35500  peak_slope=1.366e-06  t_peak=189828  comparison cadence=1116632  difference=0.09875  below=0/3
t=1485121  fraction=0.35500  peak_slope=1.366e-06  t_peak=189828  comparison cadence=1116632  difference=0.09250  below=0/3
t=1496287  fraction=0.35500  peak_slope=1.366e-06  t_peak=189828  comparison cadence=1116632  difference=0.08875  below=0/3
t=1507454  fraction=0.35500  peak_slope=1.366e-06  t_peak=189828  comparison cadence=1116632  difference=0.08500  below=0/3
t=1518620  fraction=0.35500  peak_slope=1.366e-06  t_peak=189828  comparison cadence=1116632  difference=0.08125  below=0/3
t=1529786  fraction=0.35625  peak_slope=1.366e-06  t_peak=189828  comparison cadence=1116632  difference=0.08125  below=0/3
t=1540953  fraction=0.35625  peak_slope=1.366e-06  t_peak=189828  comparison cadence=1116632  difference=0.07875  below=0/3
t=1552119  fraction=0.35625  peak_slope=1.366e-06  t_peak=189828  comparison cadence=1116632  difference=0.07375  below=0/3
t=1563285  fraction=0.35625  peak_slope=1.366e-06  t_peak=189828  comparison cadence=1116632  difference=0.06750  below=0/3
t=1574452  fraction=0.35625  peak_slope=1.366e-06  t_peak=189828  comparison cadence=1116632  difference=0.06625  below=0/3
t=1585618  fraction=0.35625  peak_slope=1.366e-06  t_peak=189828  comparison cadence=1116632  difference=0.06250  below=0/3
t=1596784  fraction=0.35625  peak_slope=1.366e-06  t_peak=189828  comparison cadence=1116632  difference=0.06250  below=0/3
t=1607951  fraction=0.35625  peak_slope=1.366e-06  t_peak=189828  comparison cadence=1116632  difference=0.05625  below=0/3
t=1619117  fraction=0.35625  peak_slope=1.366e-06  t_peak=189828  comparison cadence=1116632  difference=0.05125  below=0/3
t=1630283  fraction=0.35625  peak_slope=1.366e-06  t_peak=189828  comparison cadence=1116632  difference=0.05125  below=0/3
t=1641450  fraction=0.35625  peak_slope=1.366e-06  t_peak=189828  comparison cadence=1116632  difference=0.05125  below=0/3
t=1652616  fraction=0.35625  peak_slope=1.366e-06  t_peak=189828  comparison cadence=1116632  difference=0.05000  below=0/3
t=1663782  fraction=0.35625  peak_slope=1.366e-06  t_peak=189828  comparison cadence=1116632  difference=0.04875  below=0/3
t=1674949  fraction=0.35625  peak_slope=1.366e-06  t_peak=189828  comparison cadence=1116632  difference=0.04625  below=0/3
t=1686115  fraction=0.35625  peak_slope=1.366e-06  t_peak=189828  comparison cadence=1116632  difference=0.04375  below=0/3
t=1697281  fraction=0.35625  peak_slope=1.366e-06  t_peak=189828  comparison cadence=1116632  difference=0.04250  below=0/3
t=1708448  fraction=0.35625  peak_slope=1.366e-06  t_peak=189828  comparison cadence=1116632  difference=0.04250  below=0/3
t=1719614  fraction=0.35625  peak_slope=1.366e-06  t_peak=189828  comparison cadence=1116632  difference=0.04250  below=0/3
t=1730780  fraction=0.35625  peak_slope=1.366e-06  t_peak=189828  comparison cadence=1116632  difference=0.03875  below=1/3
t=1741947  fraction=0.35625  peak_slope=1.366e-06  t_peak=189828  comparison cadence=1116632  difference=0.03875  below=2/3
t=1753113  fraction=0.35625  peak_slope=1.366e-06  t_peak=189828  comparison cadence=1116632  difference=0.03750  below=3/3
Stopping at t=1753112.9329832145
Saved 513 remaining particles to /scratch/group/p.phy260085.000//Mass_Fraction/Outputs/Ejection_Results/remaining_particles_2172262_2.csv
