==========================================
Mass Fraction MPI Run
==========================================
Date:               Mon Sep 28 21:00:59 CDT 2026
Host:               ac044
Array job ID:       2172262
Array task ID:      4
MPI ranks:          4
CPUs per task:      1
Nodes allocated:    1
Python:             /scratch/user/u.hm357857/.conda/envs/comets/bin/python
Conda environment:  /scratch/user/u.hm357857/.conda/envs/comets
==========================================

8.056869166483784
4.007500873520903
5.069729611911376
8.426255310849335
10.21643124222964
7.6304140000991385
3.7841841782247467
3.423792861330781
9.813491458620287
8.749279086102067
9.123090400026163
11.278420594839684
3.2730442673244866
4.452275977231476
6.12975978496043
3.5807404100951357
10.566181646652348
6.737295636427646
3.331638463210634
8.552572062432967
6.672059711936064
9.11767370602064
8.003344546851057
10.311255107516368
7.180403853149877
6.794825415971452
4.22448151291091
10.135789112307291
8.315766667529251
4.624588007688631
8.363791807919894
9.521033810576835
5.219312591872773
2.937120920552724
11.302759287332876
8.70693195530286
3.2293045387964225
9.322967258304374
10.420095853673494
5.17711641924628
8.799369224486167
8.528246355399911
7.212936674544409
12.282752557276892
11.174908705497778
4.398908698521642
8.49298287490151
11.638969725179345
5.938612489684201
10.19031122635262
11.68136603234182
6.385687539027059
7.907490259512243
5.200152350772369
4.207708399391042
12.355897086006161
2.979488115161196
11.94639407724652
3.078215726117428
4.60825454465506
11.049471578653362
3.429101147583223
12.151673057610846
8.181055715387414
5.151013311920282
5.29038184837875
5.252840283035879
9.324246498655079
3.062893946205728
6.854392414215709
8.35974301215041
9.005203233925752
2.5153435960543358
10.352463659134235
11.71360458235534
7.429947720867495
3.147803127878098
8.347390723670802
3.6256146514098795
6.365642997407971
3.4460198742181247
3.2508016788266323
6.1703537439404466
10.26227325991125
9.391444405910853
8.173123289458033
8.272612953071253
7.1773277780003415
9.004701057865145
3.734642049912087
12.457444508514627
7.437704901282959
9.898832895033737
7.685947547889917
11.8123481383519
4.868090338476917
9.521490203104545
6.708632370587821
5.474978374855828
4.103834252893056
10.68990770442973
10.62533260064897
7.523691380279752
10.14809432059025
9.491515051324765
12.300636614005565
8.908098708185268
6.934025109394292
6.5050267373435675
7.5391414886680606
6.7700537571185
2.872318969680662
11.984471617208941
6.074360249213244
3.1378031343288706
5.722099720879042
4.320059648834535
8.718729792275562
2.7608647850135712
4.507292552959737
7.384849509148372
2.841836364761795
9.957994998117382
11.152843476137196
6.814371096279305
6.191946909010749
3.261518264050598
11.550402484255983
8.727858937133693
8.359935574488276
5.3434357824535885
9.873478365159722
6.875638109692344
10.799457867478873
11.248936105012262
7.098134909162537
5.177344683972706
2.6148387889800873
10.088073721604268
5.661448927799222
5.809193949620752
9.693749140596719
8.516523339479168
4.778760150957617
4.822102100745332
7.552441569201439
6.1832481579921375
8.784236024069106
7.339632713597634
10.501452622607463
11.174873902650894
8.254319521354653
12.285348990135102
7.769398908028818
2.8577201208584038
3.9752493565484426
3.1486425167620666
6.548220411853308
12.303615660938782
6.73800345063325
4.001124674985057
12.341721105588313
4.965731355401203
8.502154333646565
11.789595151755346
9.270603513174084
4.258758358735426
7.071208937555541
10.069796918176547
11.853977130288683
7.1174872997713345
5.72224642295576
12.422986774182398
7.572312696432412
8.437216875342688
10.138077379461315
8.041704742810223
6.637255725322384
11.062820506245213
11.095686684799016
7.820792680355705
3.864065786702766
3.6034610260747115
10.803414950313392
8.58342002181813
5.3560728880605595
4.563138279218658
6.474073240742349
10.075919846108148
7.6251504789909665
2.8006611182055465
4.315693211003193
6.8084126475244275
3.1451046803323344
3.5692590450023
3.4338770483155248
4.251989208018092
8.82855420586895
3.5544118873496844
9.01102036862522
10.297607898831586
12.00119277289812
3.3824242115954437
5.709633322948648
11.015507333936545
4.903977608505771
6.349649466758724
8.553977769896385
2.859245468525442
9.734355984166452
10.551247243896189
5.6016100988936435
9.326915791604094
3.711513403507627
5.239562032795345
5.676867778399948
7.405252965392012
5.1223110372388
8.618042187372655
3.6641009319538087
7.167047069604498
10.919650945153684
3.4404409633711017
7.058521735771899
5.651373631871934
9.878528899816335
9.26102730124257
4.0434056834635355
7.834488766980185
4.878723230990501
4.055907423545698
5.072178368001503
5.138039879156915
9.798375245923161
11.872077866911447
7.989980470214004
2.5438061247090102
4.269739288837714
8.877410850136922
10.680519531141652
4.8610748790632785
6.258476117550713
10.57281880441302
12.435612721459322
6.468601644501747
5.3823969545922
9.164027491711792
9.994072203850624
12.246785903100445
5.569521182751257
2.676031951315343
6.246155671910905
5.004486275113491
10.528969524772702
2.9677620994048306
2.5751191885923665
7.222918390686219
4.746476507270541
10.83439823052544
3.6737812508046366
8.083367264587668
4.868248139429837
7.458863223807933
6.0894243800805405
11.245766432553925
8.056301636432094
8.910265984183855
7.033477656926056
9.268407055396597
4.905893052701083
7.270053836369586
9.894978561043613
10.266014797875405
9.722406167512915
6.025126769743379
10.499225599891894
12.298374692665968
8.586486582186321
5.671437324465848
8.660592675095444
6.110051107906637
9.425757631929864
9.29414857323297
11.299096705492108
10.660861673316546
11.56927141659562
4.599697517744293
6.120402791900879
3.9149009622783684
10.825463194460989
4.60884140510726
7.627296286436546
11.3971270989151
7.737588059168078
2.6926793512423144
4.572131753454669
3.2880375017370103
8.833869203959704
10.572481344912028
4.796852884808578
10.586370560867843
5.9953225462462125
6.468782209353797
5.8844775684905315
4.4370014525160375
6.436833038019763
9.33193707626041
3.2767065648265534
9.400007051116557
6.96659856444318
5.082986234723013
7.344725887613652
5.1948168780504105
10.687881513803756
7.883010608965525
3.1023963317657732
11.772723985222717
9.746927923326538
4.353540813832182
11.143238561190353
5.291685853569482
12.255160257151003
9.172924355447986
3.3281389516654682
8.185062332238235
7.484073495852046
6.364009342953475
3.5494311733758033
12.377235950216253
5.007269011763857
10.800165846559729
6.528271626579942
3.140796159206775
12.191685721873325
10.65448488468294
6.0421385662232465
8.448860538317025
3.208177163794347
9.503788784740781
10.547970986159207
11.94457161694309
10.905401751193164
6.937382434651916
6.473928247320163
5.004334772349002
4.122685601517677
7.570869297793969
5.076645758842691
10.622181391594157
5.381863188389897
8.067855290378112
9.174419022788886
5.689132389726103
8.641698288423944
9.447383422937069
8.295041355090511
5.796266420496289
6.142540662410138
9.465911044346742
6.754058303122129
4.045039402468728
11.890402623872319
9.540801293153649
8.773065958273152
3.418057913138343
9.684418040430572
3.778171041745474
7.599993326112944
11.106851859526925
11.941838468689628
8.678189318724153
10.918736999285297
4.765873784322841
10.204661975656972
7.57783429240532
7.050860698246621
8.90656901410382
9.609741122409787
11.709984964781965
12.42208685929319
9.207364895739191
2.708801531357069
10.316286514915747
12.20763454167776
4.890708060308906
8.327013147539487
10.633884128722595
8.962439137383665
9.18244732825498
5.137605528798929
3.596738869520367
3.678762611106915
10.489493492532475
11.44580642240856
5.533215763777405
3.9952007917407406
9.560044583603187
6.584772307778538
4.989726450272467
3.7161542967350036
12.377330689281873
4.929515520659278
9.276279863021767
10.419147930057866
11.733109126955348
10.299477945475685
10.174262857118704
8.312017734851732
6.0505731325109515
4.058570589707883
10.534230410932347
7.087780865158939
4.916997846034416
3.440525189649688
8.46610629570821
8.969520588653346
5.6121266489559325
3.840805725873416
2.657078472145973
5.763609404374696
2.783855484184298
3.8833656405299646
8.760276377108301
6.063258727391033
7.422517970655794
6.420658937049421
11.15567704632061
11.456535751161441
11.38899296130894
4.014936121082502
8.697694883770776
5.721394524049336
10.207025954119104
3.040503614274981
5.051821346738684
5.602835521083245
9.383220512008922
11.744591428053482
7.862696680176034
10.20794046024869
2.5345226050834277
4.95401217460834
9.662151724316258
3.7550967583968307
5.548927028215314
3.2430023949010964
4.215713007868498
6.773802474429117
8.780103694294066
10.479358025486246
8.066932884142853
6.276926656518212
8.200198580126909
5.603795654832242
4.735639185527992
7.20298363119399
11.097270124536923
12.45217339838545
3.8044062785465482
7.827747349876702
7.381473937764071
9.51487681638881
5.054453371442288
7.579614494580835
9.939483030588981
10.4705254459766
11.817750154716732
9.348907949274688
8.533430016848497
7.672585660212661
10.604349547560894
12.343963950315958
8.38835725638579
12.434385959654387
5.9000963375145705
3.854060737919288
10.105440854708416
12.06725562179593
2.6078699029148678
3.0552039900937134
9.510617666422185
9.021759605776685
2.9994119101625447
9.450016290901377
8.87345505126752
3.4019716925546426
11.023364648298838
11.154751814234148
4.523954937241122
8.563231129433696
8.587492707355999
10.755019291996756
4.106960701298126
5.275703332293982
5.579665598694844
12.061853360797459
2.569214423018662
6.51295949347655
5.994970089754874
2.695257278003711
8.873328227218847
11.465315329019429
2.6670755406461866
6.042693994149182
8.626034326316576
5.607135251789286
7.395534452841437
3.775882174984763
7.023310832755434
9.063455812119361
10.826547082641724
9.243907729216481
3.109651788326805
7.881393423363344
9.07502742984699
9.998061259236636
10.51904984807465
7.284763082764362
8.886059954941947
6.0817307662675715
4.803735749641663
9.355343469146598
4.2695301063151145
6.56180500285214
2.5579692422754907
9.388055134733033
7.499860833744297
5.484241967373256
12.276482222758245
5.395472759242979
11.662178512297103
6.6111357668377
10.762983411342354
8.275395135181046
5.941740208243543
11.967623877123698
3.5249300052662758
8.715773482202998
9.906473884765063
5.600167414345545
9.860449629059316
5.124940714437148
10.761971200943192
4.75090517625244
5.013628823391211
11.39043034722407
7.378419235197754
7.729531690834013
8.518857462744002
5.579389105975807
4.798568725982482
6.234646493128212
12.057200625784002
8.789544295825085
10.72646574732116
9.374660017860048
10.275226116282408
8.72402832253962
12.202739306412191
3.729870243675213
10.573010533292745
3.4462148086701063
7.181841355045089
3.897395813651573
2.996746409163078
6.93958632460861
10.811704058360744
7.578093994890871
4.076913741910974
6.973919434591105
9.154927298961889
3.745341459653723
6.726016238096431
4.689455515135012
11.474765102366613
4.545246046723802
10.93707104173506
7.003524739696165
2.614776693696953
2.545247278273984
9.913201510895348
4.6065478701230145
4.703164770922959
9.58035736852965
8.96417913570334
5.548906308033277
4.330225616044893
10.461016262626625
6.466070705938817
11.653115293899493
7.446467426853335
11.36411858017635
11.811770128848906
8.853928222809628
7.129202545459661
10.785841123819948
5.063504661802948
8.802096719034846
8.564334224675125
7.281023589266381
8.159492827416333
6.9165292202647946
9.862305926408126
10.668567459818728
5.530187922988428
3.4349869610450954
7.814984434451398
9.821733204011613
8.914759885927248
6.087191074397358
9.628114692468696
10.27018675956794
11.6590737343707
8.852187293710934
4.1984242961910825
5.070900311421063
5.197875672904103
8.553789483438253
5.315349661104891
9.913905110476975
4.424296785364293
8.318884294668496
6.707686316460592
2.935463432768446
5.051304088532497
6.227792073265222
5.459661290929736
6.157821554281231
8.159135428610131
6.217178865138553
12.010248475341141
5.904465522973011
5.687137955506387
4.8495894217767965
8.391505299937881
4.002494880599725
10.313978546575422
5.918763156292939
11.537507465928666
10.991588246059221
11.647730569184539
11.896696096729606
10.602250994579732
10.723823109145117
5.141804330853939
9.134176008493345
3.5081504038905633
2.953493780277726
11.637078951050873
6.048535337678841
10.222352678540508
9.735631567501837
7.098000536032022
6.608939753232935
6.755582716200541
9.138399689596769
8.42765290039997
4.083408936829688
6.655907451223237
7.666019155852757
4.971051977860893
2.7936200800350033
4.037332936850586
12.271782527621575
9.092364901360614
5.784777673253219
12.054844280953251
7.58476338941656
11.210554109893524
7.6345489494484635
6.207935282468574
11.382971784049703
5.5420104624045985
4.038131150416175
5.20890196437247
6.367775624656287
8.856823514194732
6.683080825412815
2.831275728028798
11.774006032635068
12.094996527309135
9.498310355159559
5.831860322744364
2.667670337510196
2.5868705388960898
11.693319797885453
4.742213377795269
6.062715028213871
2.9133820380508846
4.787757628845864
8.376716450065048
3.7898866583101523
4.558837548304769
11.937862008263185
5.706234930287202
11.492863539544462
12.328451169444186
4.188695299273945
10.671169808418904
11.794069338960272
12.03438438993451
9.393385784102861
8.372261619910438
10.459587342653556
9.921154852656638
4.8261885735971575
7.664787550479504
7.77363501735282
12.264598618168147
10.850209239270503
3.1259599485172043
7.413230938878733
3.6327422156039457
12.354988269430308
7.9585952023603825
8.189818462122696
2.795748888206906
10.056659076903182
9.221409984902596
10.436804433171963
2.904036597619556
10.074041117874994
2.856850998659035
5.193287305352202
6.323290289293731
4.799077631781577
11.091547954016914
8.530151270321621
10.856777270661803
3.6462912445922813
3.06705064274323
7.298902911135667
6.843992564990776
3.6443713009880563
3.412578310925607
8.70973094470398
6.2857782229018575
10.419991971422988
8.16157429853975
9.798347961913668
3.244607320699701
4.347922617846986
10.053163699749714
9.987019890894217
6.687711077044601
9.866676018210605
3.925417362995164
5.490673008475309
9.328131627593553
10.92998991596496
5.997454125575504
12.016595736372398
9.67011486678387
11.933397057098357
9.663634893312558
6.931980819530352
6.765023490072423
10.803339536063723
3.5062159777329462
7.271073304946736
12.27524119570274
8.965242299671603
11.513244813631902
8.151445795681177
6.604285199112978
10.080282928194165
6.180764666295567
4.775733737517527
5.077558634773466
8.357430599958754
3.060646153160266
6.490245865020146
2.5496430248433013
8.305017917003914
6.4309116362913485
4.113536595668088
3.9858740426751105
12.091861493291535
9.035104356403044
4.477742231054838
3.205587327171399
8.853860331665615
4.161271235046378
6.5132254627539385
10.512561977380633
3.2777498252233475
7.765096615166311
7.275651906756354
4.63601175516974
3.7088287538183384
12.396323122495852
10.782569166003258
Rank 3: 200 simulations
6.513800347713767
8.314439881382047
11.11380159677262
5.256258242257216
8.697457249357553
7.229874600269602
3.6650060085668725
7.672490679406238
Rank 1: 200 simulations
Running 800 simulations with 4 MPI ranks
Rank 0: 200 simulations
Rank 2: 200 simulations
t=2145948  fraction=0.20500  peak_slope=3.131e-07  t_peak=715316  comparison cadence=2145948  difference=0.20500  below=0/3
t=2157125  fraction=0.20750  peak_slope=3.131e-07  t_peak=715316  comparison cadence=2145948  difference=0.20750  below=0/3
t=2168302  fraction=0.20750  peak_slope=3.131e-07  t_peak=715316  comparison cadence=2145948  difference=0.20750  below=0/3
t=2179479  fraction=0.20750  peak_slope=3.131e-07  t_peak=715316  comparison cadence=2145948  difference=0.20750  below=0/3
t=2190656  fraction=0.20750  peak_slope=3.131e-07  t_peak=715316  comparison cadence=2145948  difference=0.20750  below=0/3
t=2201832  fraction=0.20750  peak_slope=3.131e-07  t_peak=715316  comparison cadence=2145948  difference=0.20750  below=0/3
t=2213009  fraction=0.20750  peak_slope=3.131e-07  t_peak=715316  comparison cadence=2145948  difference=0.20750  below=0/3
t=2224186  fraction=0.20750  peak_slope=3.131e-07  t_peak=715316  comparison cadence=2145948  difference=0.20750  below=0/3
t=2235363  fraction=0.20750  peak_slope=3.131e-07  t_peak=715316  comparison cadence=2145948  difference=0.20750  below=0/3
t=2246540  fraction=0.20750  peak_slope=3.131e-07  t_peak=715316  comparison cadence=2145948  difference=0.20750  below=0/3
t=2257717  fraction=0.20875  peak_slope=3.131e-07  t_peak=715316  comparison cadence=2145948  difference=0.20875  below=0/3
t=2268893  fraction=0.21000  peak_slope=3.131e-07  t_peak=715316  comparison cadence=2145948  difference=0.21000  below=0/3
t=2280070  fraction=0.21000  peak_slope=3.131e-07  t_peak=715316  comparison cadence=2145948  difference=0.21000  below=0/3
t=2291247  fraction=0.21125  peak_slope=3.131e-07  t_peak=715316  comparison cadence=2145948  difference=0.21125  below=0/3
t=2302424  fraction=0.21125  peak_slope=3.131e-07  t_peak=715316  comparison cadence=2145948  difference=0.21125  below=0/3
t=2313601  fraction=0.21250  peak_slope=3.131e-07  t_peak=715316  comparison cadence=2145948  difference=0.21250  below=0/3
t=2324777  fraction=0.21500  peak_slope=3.131e-07  t_peak=715316  comparison cadence=2145948  difference=0.21500  below=0/3
t=2335954  fraction=0.21500  peak_slope=3.131e-07  t_peak=715316  comparison cadence=2145948  difference=0.21500  below=0/3
t=2347131  fraction=0.21500  peak_slope=3.131e-07  t_peak=715316  comparison cadence=2145948  difference=0.21500  below=0/3
t=2358308  fraction=0.21500  peak_slope=3.131e-07  t_peak=715316  comparison cadence=2145948  difference=0.21500  below=0/3
t=2369485  fraction=0.21625  peak_slope=3.131e-07  t_peak=715316  comparison cadence=2145948  difference=0.21625  below=0/3
t=2380661  fraction=0.21625  peak_slope=3.131e-07  t_peak=715316  comparison cadence=2145948  difference=0.21625  below=0/3
t=2391838  fraction=0.21750  peak_slope=3.131e-07  t_peak=715316  comparison cadence=2145948  difference=0.21750  below=0/3
t=2403015  fraction=0.21750  peak_slope=3.131e-07  t_peak=715316  comparison cadence=2145948  difference=0.21750  below=0/3
t=2414192  fraction=0.21750  peak_slope=3.131e-07  t_peak=715316  comparison cadence=2145948  difference=0.21750  below=0/3
t=2425369  fraction=0.21750  peak_slope=3.131e-07  t_peak=715316  comparison cadence=2145948  difference=0.21750  below=0/3
t=2436546  fraction=0.21750  peak_slope=3.131e-07  t_peak=715316  comparison cadence=2145948  difference=0.21750  below=0/3
t=2447722  fraction=0.21750  peak_slope=3.131e-07  t_peak=715316  comparison cadence=2145948  difference=0.21625  below=0/3
t=2458899  fraction=0.21875  peak_slope=3.131e-07  t_peak=715316  comparison cadence=2145948  difference=0.21750  below=0/3
t=2470076  fraction=0.21875  peak_slope=3.131e-07  t_peak=715316  comparison cadence=2145948  difference=0.21750  below=0/3
t=2481253  fraction=0.21875  peak_slope=3.131e-07  t_peak=715316  comparison cadence=2145948  difference=0.21750  below=0/3
t=2492430  fraction=0.21875  peak_slope=3.131e-07  t_peak=715316  comparison cadence=2145948  difference=0.21625  below=0/3
t=2503606  fraction=0.22000  peak_slope=3.131e-07  t_peak=715316  comparison cadence=2145948  difference=0.21625  below=0/3
t=2514783  fraction=0.22000  peak_slope=3.131e-07  t_peak=715316  comparison cadence=2145948  difference=0.21625  below=0/3
t=2525960  fraction=0.22125  peak_slope=3.131e-07  t_peak=715316  comparison cadence=2145948  difference=0.21500  below=0/3
t=2537137  fraction=0.22125  peak_slope=3.131e-07  t_peak=715316  comparison cadence=2145948  difference=0.21375  below=0/3
t=2548314  fraction=0.22125  peak_slope=3.131e-07  t_peak=715316  comparison cadence=2145948  difference=0.21375  below=0/3
t=2559490  fraction=0.22250  peak_slope=3.131e-07  t_peak=715316  comparison cadence=2145948  difference=0.21500  below=0/3
t=2570667  fraction=0.22250  peak_slope=3.131e-07  t_peak=715316  comparison cadence=2145948  difference=0.21500  below=0/3
t=2581844  fraction=0.22250  peak_slope=3.131e-07  t_peak=715316  comparison cadence=2145948  difference=0.21375  below=0/3
t=2593021  fraction=0.22375  peak_slope=3.131e-07  t_peak=715316  comparison cadence=2145948  difference=0.21375  below=0/3
t=2604198  fraction=0.22375  peak_slope=3.131e-07  t_peak=715316  comparison cadence=2145948  difference=0.21250  below=0/3
t=2615375  fraction=0.22375  peak_slope=3.131e-07  t_peak=715316  comparison cadence=2145948  difference=0.21250  below=0/3
t=2626551  fraction=0.22375  peak_slope=3.131e-07  t_peak=715316  comparison cadence=2145948  difference=0.21250  below=0/3
t=2637728  fraction=0.22500  peak_slope=3.131e-07  t_peak=715316  comparison cadence=2145948  difference=0.21250  below=0/3
t=2648905  fraction=0.22500  peak_slope=3.131e-07  t_peak=715316  comparison cadence=2145948  difference=0.21125  below=0/3
t=2660082  fraction=0.22500  peak_slope=3.131e-07  t_peak=715316  comparison cadence=2145948  difference=0.21125  below=0/3
t=2671259  fraction=0.22500  peak_slope=3.131e-07  t_peak=715316  comparison cadence=2145948  difference=0.21125  below=0/3
t=2682435  fraction=0.22500  peak_slope=3.131e-07  t_peak=715316  comparison cadence=2145948  difference=0.21000  below=0/3
t=2693612  fraction=0.22625  peak_slope=3.131e-07  t_peak=715316  comparison cadence=2145948  difference=0.20875  below=0/3
t=2704789  fraction=0.22625  peak_slope=3.131e-07  t_peak=715316  comparison cadence=2145948  difference=0.20750  below=0/3
t=2715966  fraction=0.22625  peak_slope=3.131e-07  t_peak=715316  comparison cadence=2145948  difference=0.20750  below=0/3
t=2727143  fraction=0.22625  peak_slope=3.131e-07  t_peak=715316  comparison cadence=2145948  difference=0.20625  below=0/3
t=2738320  fraction=0.22625  peak_slope=3.131e-07  t_peak=715316  comparison cadence=2145948  difference=0.20375  below=0/3
t=2749496  fraction=0.22625  peak_slope=3.131e-07  t_peak=715316  comparison cadence=2145948  difference=0.20250  below=0/3
t=2760673  fraction=0.22625  peak_slope=3.131e-07  t_peak=715316  comparison cadence=2145948  difference=0.19875  below=0/3
t=2771850  fraction=0.22750  peak_slope=3.131e-07  t_peak=715316  comparison cadence=2145948  difference=0.19875  below=0/3
t=2783027  fraction=0.22750  peak_slope=3.131e-07  t_peak=715316  comparison cadence=2145948  difference=0.19750  below=0/3
t=2794204  fraction=0.22750  peak_slope=3.131e-07  t_peak=715316  comparison cadence=2145948  difference=0.19625  below=0/3
t=2805380  fraction=0.22750  peak_slope=3.131e-07  t_peak=715316  comparison cadence=2145948  difference=0.19375  below=0/3
t=2816557  fraction=0.22750  peak_slope=3.131e-07  t_peak=715316  comparison cadence=2145948  difference=0.19125  below=0/3
t=2827734  fraction=0.22750  peak_slope=3.131e-07  t_peak=715316  comparison cadence=2145948  difference=0.18875  below=0/3
t=2838911  fraction=0.22875  peak_slope=3.131e-07  t_peak=715316  comparison cadence=2145948  difference=0.18500  below=0/3
t=2850088  fraction=0.22875  peak_slope=3.131e-07  t_peak=715316  comparison cadence=2145948  difference=0.18250  below=0/3
t=2861264  fraction=0.22875  peak_slope=3.131e-07  t_peak=715316  comparison cadence=2145948  difference=0.17750  below=0/3
t=2872441  fraction=0.23125  peak_slope=3.131e-07  t_peak=715316  comparison cadence=2145948  difference=0.18000  below=0/3
t=2883618  fraction=0.23125  peak_slope=3.131e-07  t_peak=715316  comparison cadence=2145948  difference=0.18000  below=0/3
t=2894795  fraction=0.23125  peak_slope=3.131e-07  t_peak=715316  comparison cadence=2145948  difference=0.17875  below=0/3
t=2905972  fraction=0.23125  peak_slope=3.131e-07  t_peak=715316  comparison cadence=2145948  difference=0.17750  below=0/3
t=2917149  fraction=0.23125  peak_slope=3.131e-07  t_peak=715316  comparison cadence=2145948  difference=0.17625  below=0/3
t=2928325  fraction=0.23125  peak_slope=3.131e-07  t_peak=715316  comparison cadence=2145948  difference=0.17500  below=0/3
t=2939502  fraction=0.23125  peak_slope=3.131e-07  t_peak=715316  comparison cadence=2145948  difference=0.17500  below=0/3
t=2950679  fraction=0.23250  peak_slope=3.131e-07  t_peak=715316  comparison cadence=2145948  difference=0.17375  below=0/3
t=2961856  fraction=0.23250  peak_slope=3.131e-07  t_peak=715316  comparison cadence=2145948  difference=0.17125  below=0/3
t=2973033  fraction=0.23250  peak_slope=3.131e-07  t_peak=715316  comparison cadence=2145948  difference=0.16625  below=0/3
t=2984209  fraction=0.23250  peak_slope=3.131e-07  t_peak=715316  comparison cadence=2145948  difference=0.16625  below=0/3
t=2995386  fraction=0.23250  peak_slope=3.131e-07  t_peak=715316  comparison cadence=2145948  difference=0.16625  below=0/3
t=3006563  fraction=0.23250  peak_slope=3.131e-07  t_peak=715316  comparison cadence=2145948  difference=0.16500  below=0/3
t=3017740  fraction=0.23250  peak_slope=3.131e-07  t_peak=715316  comparison cadence=2145948  difference=0.16500  below=0/3
t=3028917  fraction=0.23250  peak_slope=3.131e-07  t_peak=715316  comparison cadence=2145948  difference=0.16125  below=0/3
t=3040094  fraction=0.23250  peak_slope=3.131e-07  t_peak=715316  comparison cadence=2145948  difference=0.16000  below=0/3
t=3051270  fraction=0.23250  peak_slope=3.131e-07  t_peak=715316  comparison cadence=2145948  difference=0.15625  below=0/3
t=3062447  fraction=0.23250  peak_slope=3.131e-07  t_peak=715316  comparison cadence=2145948  difference=0.15375  below=0/3
t=3073624  fraction=0.23375  peak_slope=3.131e-07  t_peak=715316  comparison cadence=2145948  difference=0.15125  below=0/3
t=3084801  fraction=0.23375  peak_slope=3.131e-07  t_peak=715316  comparison cadence=2145948  difference=0.15125  below=0/3
t=3095978  fraction=0.23375  peak_slope=3.131e-07  t_peak=715316  comparison cadence=2145948  difference=0.14625  below=0/3
t=3107154  fraction=0.23375  peak_slope=3.131e-07  t_peak=715316  comparison cadence=2145948  difference=0.14500  below=0/3
t=3118331  fraction=0.23375  peak_slope=3.131e-07  t_peak=715316  comparison cadence=2145948  difference=0.14375  below=0/3
t=3129508  fraction=0.23375  peak_slope=3.131e-07  t_peak=715316  comparison cadence=2145948  difference=0.14000  below=0/3
t=3140685  fraction=0.23375  peak_slope=3.131e-07  t_peak=715316  comparison cadence=2145948  difference=0.14000  below=0/3
t=3151862  fraction=0.23375  peak_slope=3.131e-07  t_peak=715316  comparison cadence=2145948  difference=0.13875  below=0/3
t=3163038  fraction=0.23375  peak_slope=3.131e-07  t_peak=715316  comparison cadence=2145948  difference=0.13875  below=0/3
t=3174215  fraction=0.23375  peak_slope=3.131e-07  t_peak=715316  comparison cadence=2145948  difference=0.13750  below=0/3
t=3185392  fraction=0.23375  peak_slope=3.131e-07  t_peak=715316  comparison cadence=2145948  difference=0.13625  below=0/3
t=3196569  fraction=0.23375  peak_slope=3.131e-07  t_peak=715316  comparison cadence=2145948  difference=0.13625  below=0/3
t=3207746  fraction=0.23375  peak_slope=3.131e-07  t_peak=715316  comparison cadence=2145948  difference=0.13375  below=0/3
t=3218923  fraction=0.23500  peak_slope=3.131e-07  t_peak=715316  comparison cadence=2145948  difference=0.13375  below=0/3
t=3230099  fraction=0.23500  peak_slope=3.131e-07  t_peak=715316  comparison cadence=2145948  difference=0.13125  below=0/3
t=3241276  fraction=0.23500  peak_slope=3.131e-07  t_peak=715316  comparison cadence=2145948  difference=0.13000  below=0/3
t=3252453  fraction=0.23500  peak_slope=3.131e-07  t_peak=715316  comparison cadence=2145948  difference=0.12625  below=0/3
t=3263630  fraction=0.23500  peak_slope=3.131e-07  t_peak=715316  comparison cadence=2145948  difference=0.12250  below=0/3
t=3274807  fraction=0.23500  peak_slope=3.131e-07  t_peak=715316  comparison cadence=2145948  difference=0.12000  below=0/3
t=3285983  fraction=0.23500  peak_slope=3.131e-07  t_peak=715316  comparison cadence=2145948  difference=0.11625  below=0/3
t=3297160  fraction=0.23500  peak_slope=3.131e-07  t_peak=715316  comparison cadence=2145948  difference=0.11500  below=0/3
t=3308337  fraction=0.23500  peak_slope=3.131e-07  t_peak=715316  comparison cadence=2145948  difference=0.11250  below=0/3
t=3319514  fraction=0.23500  peak_slope=3.131e-07  t_peak=715316  comparison cadence=2145948  difference=0.10875  below=0/3
t=3330691  fraction=0.23500  peak_slope=3.131e-07  t_peak=715316  comparison cadence=2145948  difference=0.10625  below=0/3
t=3341868  fraction=0.23500  peak_slope=3.131e-07  t_peak=715316  comparison cadence=2145948  difference=0.10625  below=0/3
t=3353044  fraction=0.23500  peak_slope=3.131e-07  t_peak=715316  comparison cadence=2145948  difference=0.10500  below=0/3
t=3364221  fraction=0.23500  peak_slope=3.131e-07  t_peak=715316  comparison cadence=2145948  difference=0.10375  below=0/3
t=3375398  fraction=0.23500  peak_slope=3.131e-07  t_peak=715316  comparison cadence=2145948  difference=0.10375  below=0/3
t=3386575  fraction=0.23500  peak_slope=3.131e-07  t_peak=715316  comparison cadence=2145948  difference=0.10250  below=0/3
t=3397752  fraction=0.23500  peak_slope=3.131e-07  t_peak=715316  comparison cadence=2145948  difference=0.10250  below=0/3
t=3408928  fraction=0.23500  peak_slope=3.131e-07  t_peak=715316  comparison cadence=2145948  difference=0.10250  below=0/3
t=3420105  fraction=0.23500  peak_slope=3.131e-07  t_peak=715316  comparison cadence=2145948  difference=0.10125  below=0/3
t=3431282  fraction=0.23500  peak_slope=3.131e-07  t_peak=715316  comparison cadence=2145948  difference=0.10125  below=0/3
t=3442459  fraction=0.23500  peak_slope=3.131e-07  t_peak=715316  comparison cadence=2145948  difference=0.10000  below=0/3
t=3453636  fraction=0.23500  peak_slope=3.131e-07  t_peak=715316  comparison cadence=2145948  difference=0.10000  below=0/3
t=3464812  fraction=0.23500  peak_slope=3.131e-07  t_peak=715316  comparison cadence=2145948  difference=0.09875  below=0/3
t=3475989  fraction=0.23500  peak_slope=3.131e-07  t_peak=715316  comparison cadence=2145948  difference=0.09750  below=0/3
t=3487166  fraction=0.23750  peak_slope=3.131e-07  t_peak=715316  comparison cadence=2145948  difference=0.09875  below=0/3
t=3498343  fraction=0.23750  peak_slope=3.131e-07  t_peak=715316  comparison cadence=2145948  difference=0.09875  below=0/3
t=3509520  fraction=0.23750  peak_slope=3.131e-07  t_peak=715316  comparison cadence=2145948  difference=0.09750  below=0/3
t=3520697  fraction=0.23750  peak_slope=3.131e-07  t_peak=715316  comparison cadence=2145948  difference=0.09500  below=0/3
t=3531873  fraction=0.23750  peak_slope=3.131e-07  t_peak=715316  comparison cadence=2145948  difference=0.09125  below=0/3
t=3543050  fraction=0.23875  peak_slope=3.131e-07  t_peak=715316  comparison cadence=2145948  difference=0.09250  below=0/3
t=3554227  fraction=0.23875  peak_slope=3.131e-07  t_peak=715316  comparison cadence=2145948  difference=0.09250  below=0/3
t=3565404  fraction=0.23875  peak_slope=3.131e-07  t_peak=715316  comparison cadence=2145948  difference=0.09250  below=0/3
t=3576581  fraction=0.23875  peak_slope=3.131e-07  t_peak=715316  comparison cadence=2145948  difference=0.09125  below=0/3
t=3587757  fraction=0.24000  peak_slope=3.131e-07  t_peak=715316  comparison cadence=2145948  difference=0.09125  below=0/3
t=3598934  fraction=0.24000  peak_slope=3.131e-07  t_peak=715316  comparison cadence=2145948  difference=0.08875  below=0/3
t=3610111  fraction=0.24000  peak_slope=3.131e-07  t_peak=715316  comparison cadence=2145948  difference=0.08750  below=0/3
t=3621288  fraction=0.24000  peak_slope=3.131e-07  t_peak=715316  comparison cadence=2145948  difference=0.08625  below=0/3
t=3632465  fraction=0.24000  peak_slope=3.131e-07  t_peak=715316  comparison cadence=2145948  difference=0.08625  below=0/3
t=3643641  fraction=0.24000  peak_slope=3.131e-07  t_peak=715316  comparison cadence=2145948  difference=0.08500  below=0/3
t=3654818  fraction=0.24000  peak_slope=3.131e-07  t_peak=715316  comparison cadence=2145948  difference=0.08375  below=0/3
t=3665995  fraction=0.24000  peak_slope=3.131e-07  t_peak=715316  comparison cadence=2145948  difference=0.08250  below=0/3
t=3677172  fraction=0.24000  peak_slope=3.131e-07  t_peak=715316  comparison cadence=2145948  difference=0.08125  below=0/3
t=3688349  fraction=0.24000  peak_slope=3.131e-07  t_peak=715316  comparison cadence=2145948  difference=0.08000  below=0/3
t=3699526  fraction=0.24125  peak_slope=3.131e-07  t_peak=715316  comparison cadence=2145948  difference=0.07875  below=0/3
t=3710702  fraction=0.24125  peak_slope=3.131e-07  t_peak=715316  comparison cadence=2145948  difference=0.07750  below=0/3
t=3721879  fraction=0.24125  peak_slope=3.131e-07  t_peak=715316  comparison cadence=2145948  difference=0.07625  below=0/3
t=3733056  fraction=0.24125  peak_slope=3.131e-07  t_peak=715316  comparison cadence=2145948  difference=0.07625  below=0/3
t=3744233  fraction=0.24125  peak_slope=3.131e-07  t_peak=715316  comparison cadence=2145948  difference=0.07500  below=0/3
t=3755410  fraction=0.24125  peak_slope=3.131e-07  t_peak=715316  comparison cadence=2145948  difference=0.07500  below=0/3
t=3766586  fraction=0.24125  peak_slope=3.131e-07  t_peak=715316  comparison cadence=2145948  difference=0.07375  below=0/3
t=3777763  fraction=0.24125  peak_slope=3.131e-07  t_peak=715316  comparison cadence=2145948  difference=0.07375  below=0/3
t=3788940  fraction=0.24125  peak_slope=3.131e-07  t_peak=715316  comparison cadence=2145948  difference=0.07375  below=0/3
t=3800117  fraction=0.24125  peak_slope=3.131e-07  t_peak=715316  comparison cadence=2145948  difference=0.07375  below=0/3
t=3811294  fraction=0.24125  peak_slope=3.131e-07  t_peak=715316  comparison cadence=2145948  difference=0.07375  below=0/3
t=3822471  fraction=0.24125  peak_slope=3.131e-07  t_peak=715316  comparison cadence=2145948  difference=0.07250  below=0/3
t=3833647  fraction=0.24125  peak_slope=3.131e-07  t_peak=715316  comparison cadence=2145948  difference=0.07125  below=0/3
t=3844824  fraction=0.24125  peak_slope=3.131e-07  t_peak=715316  comparison cadence=2145948  difference=0.06875  below=0/3
t=3856001  fraction=0.24125  peak_slope=3.131e-07  t_peak=715316  comparison cadence=2145948  difference=0.06750  below=0/3
t=3867178  fraction=0.24125  peak_slope=3.131e-07  t_peak=715316  comparison cadence=2145948  difference=0.06625  below=0/3
t=3878355  fraction=0.24125  peak_slope=3.131e-07  t_peak=715316  comparison cadence=2145948  difference=0.06625  below=0/3
t=3889531  fraction=0.24125  peak_slope=3.131e-07  t_peak=715316  comparison cadence=2145948  difference=0.06625  below=0/3
t=3900708  fraction=0.24125  peak_slope=3.131e-07  t_peak=715316  comparison cadence=2145948  difference=0.06375  below=0/3
t=3911885  fraction=0.24125  peak_slope=3.131e-07  t_peak=715316  comparison cadence=2145948  difference=0.06375  below=0/3
t=3923062  fraction=0.24250  peak_slope=3.131e-07  t_peak=715316  comparison cadence=2145948  difference=0.06500  below=0/3
t=3934239  fraction=0.24250  peak_slope=3.131e-07  t_peak=715316  comparison cadence=2145948  difference=0.06500  below=0/3
t=3945415  fraction=0.24375  peak_slope=3.131e-07  t_peak=715316  comparison cadence=2145948  difference=0.06625  below=0/3
t=3956592  fraction=0.24375  peak_slope=3.131e-07  t_peak=715316  comparison cadence=2145948  difference=0.06625  below=0/3
t=3967769  fraction=0.24375  peak_slope=3.131e-07  t_peak=715316  comparison cadence=2145948  difference=0.06500  below=0/3
t=3978946  fraction=0.24375  peak_slope=3.131e-07  t_peak=715316  comparison cadence=2145948  difference=0.06500  below=0/3
t=3990123  fraction=0.24375  peak_slope=3.131e-07  t_peak=715316  comparison cadence=2145948  difference=0.06500  below=0/3
t=4001300  fraction=0.24375  peak_slope=3.131e-07  t_peak=715316  comparison cadence=2145948  difference=0.06500  below=0/3
t=4012476  fraction=0.24375  peak_slope=3.131e-07  t_peak=715316  comparison cadence=2145948  difference=0.06500  below=0/3
t=4023653  fraction=0.24375  peak_slope=3.131e-07  t_peak=715316  comparison cadence=2145948  difference=0.06250  below=0/3
t=4034830  fraction=0.24375  peak_slope=3.131e-07  t_peak=715316  comparison cadence=2145948  difference=0.06250  below=0/3
t=4046007  fraction=0.24375  peak_slope=3.131e-07  t_peak=715316  comparison cadence=2145948  difference=0.06250  below=0/3
t=4057184  fraction=0.24375  peak_slope=3.131e-07  t_peak=715316  comparison cadence=2145948  difference=0.06000  below=0/3
t=4068360  fraction=0.24375  peak_slope=3.131e-07  t_peak=715316  comparison cadence=2145948  difference=0.05875  below=0/3
t=4079537  fraction=0.24375  peak_slope=3.131e-07  t_peak=715316  comparison cadence=2145948  difference=0.05875  below=0/3
t=4090714  fraction=0.24375  peak_slope=3.131e-07  t_peak=715316  comparison cadence=2145948  difference=0.05875  below=0/3
t=4101891  fraction=0.24375  peak_slope=3.131e-07  t_peak=715316  comparison cadence=2145948  difference=0.05750  below=0/3
t=4113068  fraction=0.24375  peak_slope=3.131e-07  t_peak=715316  comparison cadence=2145948  difference=0.05500  below=0/3
t=4124245  fraction=0.24500  peak_slope=3.131e-07  t_peak=715316  comparison cadence=2145948  difference=0.05375  below=0/3
t=4135421  fraction=0.24500  peak_slope=3.131e-07  t_peak=715316  comparison cadence=2145948  difference=0.05375  below=0/3
t=4146598  fraction=0.24500  peak_slope=3.131e-07  t_peak=715316  comparison cadence=2145948  difference=0.05125  below=0/3
t=4157775  fraction=0.24625  peak_slope=3.131e-07  t_peak=715316  comparison cadence=2145948  difference=0.05125  below=0/3
t=4168952  fraction=0.24625  peak_slope=3.131e-07  t_peak=715316  comparison cadence=2145948  difference=0.05125  below=0/3
t=4180129  fraction=0.24625  peak_slope=3.131e-07  t_peak=715316  comparison cadence=2145948  difference=0.05125  below=0/3
t=4191305  fraction=0.24625  peak_slope=3.131e-07  t_peak=715316  comparison cadence=2145948  difference=0.05000  below=0/3
t=4202482  fraction=0.24625  peak_slope=3.131e-07  t_peak=715316  comparison cadence=2145948  difference=0.04875  below=0/3
t=4213659  fraction=0.24625  peak_slope=3.131e-07  t_peak=715316  comparison cadence=2145948  difference=0.04750  below=0/3
t=4224836  fraction=0.24625  peak_slope=3.131e-07  t_peak=715316  comparison cadence=2145948  difference=0.04625  below=0/3
t=4236013  fraction=0.24625  peak_slope=3.131e-07  t_peak=715316  comparison cadence=2145948  difference=0.04625  below=0/3
t=4247189  fraction=0.24625  peak_slope=3.131e-07  t_peak=715316  comparison cadence=2145948  difference=0.04500  below=0/3
t=4258366  fraction=0.24625  peak_slope=3.131e-07  t_peak=715316  comparison cadence=2145948  difference=0.04375  below=0/3
t=4269543  fraction=0.24625  peak_slope=3.131e-07  t_peak=715316  comparison cadence=2145948  difference=0.04375  below=0/3
t=4280720  fraction=0.24625  peak_slope=3.131e-07  t_peak=715316  comparison cadence=2145948  difference=0.04250  below=0/3
t=4291897  fraction=0.24625  peak_slope=3.131e-07  t_peak=715316  comparison cadence=2145948  difference=0.04125  below=0/3
t=4303074  fraction=0.24625  peak_slope=3.131e-07  t_peak=715316  comparison cadence=2145948  difference=0.03875  below=1/3
t=4314250  fraction=0.24625  peak_slope=3.131e-07  t_peak=715316  comparison cadence=2145948  difference=0.03875  below=2/3
t=4325427  fraction=0.24625  peak_slope=3.131e-07  t_peak=715316  comparison cadence=2145948  difference=0.03875  below=3/3
Stopping at t=4325427.171621186
Saved 600 remaining particles to /scratch/group/p.phy260085.000//Mass_Fraction/Outputs/Ejection_Results/remaining_particles_2172262_4.csv
