==========================================
Mass Fraction MPI Run
==========================================
Date:               Mon Sep 28 21:01:29 CDT 2026
Host:               ac002
Array job ID:       2172268
Array task ID:      2
MPI ranks:          4
CPUs per task:      1
Nodes allocated:    1
Python:             /scratch/user/u.hm357857/.conda/envs/comets/bin/python
Conda environment:  /scratch/user/u.hm357857/.conda/envs/comets
==========================================

1.067789196449538
1.7181126811748282
1.5546788777379477
0.5335271117838192
1.5674237879415815
0.922116091149425
1.4572436297866298
1.471736826286489
2.4647513811064887
1.394716328357382
1.9295012569738814
0.6733903180311285
1.39010131530394
1.2625461119854529
1.330516304316021
1.9359520291411048
2.454315132060616
0.5231806125267684
1.796963414659822
2.0274373216428545
0.8545990379946793
1.7531216614874845
0.5992443449448566
0.5362002966219668
0.9295196764177707
1.414363684838057
2.15401121551608
1.7496388124855262
2.2748660653278305
2.2614373108688395
0.934323030914916
1.8118751585946686
0.9140160069831678
1.1346482665249666
1.8753631142622353
1.208670586086568
0.6241734352090933
1.3920870574200734
2.4178494719615284
1.134670480306099
0.7337863906443416
0.7793296469663544
0.8574146360652615
2.340261735666427
1.6176553528951179
1.7000145011597823
0.8989840147248567
2.3824871548267597
2.4724761532556347
2.2647616414174503
2.171071078525273
0.7691358884385264
1.4488132281320905
1.2144776107638848
1.5367854083737518
2.1664834260607635
1.205455163509121
1.6925593048381669
1.3392980091173194
1.5508560169277854
2.3663513800689957
1.6292962565585587
2.018961687084347
1.1316922343991107
0.9300662773243915
2.4905113553530884
1.5106867469274814
1.7153380858753895
2.086199801817664
0.9404529966615343
1.6492750462568593
0.5558887136843684
2.316169559572356
1.4812294259863577
2.1899990109814524
0.5835552648703224
1.8092113487075863
1.4247215442759842
1.1632570878070587
1.7919574941283414
2.283295397426726
1.9356152973679357
1.528801062338873
1.1182242570959704
0.807527555645815
0.800786549739652
2.210920172920296
1.9363955472192445
1.08186587415738
0.7079202018931927
2.425024482391404
0.5288772302760818
1.982171481064565
2.4183899669859583
1.0277441830349334
0.5081993970465568
1.6409604615422928
1.0967427067506819
0.9565357957411045
1.8704055392322125
1.6053503146513697
0.6638437053779827
1.4869531457766292
0.6026620049078748
2.1011300972558304
2.0334977735842887
1.7035568738623876
1.1008366070955111
2.15058888207448
1.3192759644496939
1.4904517390381125
1.7259206359292925
1.863990709094086
1.9507119493588398
1.62996213533205
1.8385214791527205
1.3532365349820312
0.6401669888274635
2.015021362113927
2.123847479654506
1.9804819232710071
2.3528776856031213
1.0483548108688359
1.2780128949620606
1.9736670245101515
2.3245126195345103
2.4452484623300084
2.4606723665967625
1.6211292145157656
0.8034775902571565
0.9680744043893008
1.3874840293424813
1.6839043799745863
0.7752746612880677
1.6543489485511704
1.0571755914446583
1.1570979665640027
2.3624507778107424
1.6298081421862947
0.5546093998157697
1.4656118824709166
1.6907018493266435
1.4190068805078369
1.2141121953617442
1.582660975563321
2.1019870600819166
1.3069971466190256
2.220464773397996
1.88545633034911
1.5478838992110455
1.2225439239062457
2.3253966416913174
0.5215289926555633
0.7542418151583534
1.0450539512981083
1.2937287911347992
2.3630972530960896
1.24660247313022
1.2395303741079995
1.1631674657265478
1.7602624488625023
1.9146099957922933
0.6601900882166363
1.5704479480647944
0.8007731192200076
0.6693295698908734
1.814011856562829
2.072200018159279
0.8213120849986255
1.2863442612943732
1.4658888432959796
0.6909364912635922
2.102032228211935
2.2215484803059464
1.4027896210478954
1.6840509493285347
1.6091044033618265
1.704390026402713
1.6549960333504619
2.048933956681385
0.952176280138789
1.8195958293159702
1.1250990727630543
1.3027178853956851
0.7947429088419591
0.7365519256297302
2.0725246236155326
0.7157238546268108
0.7262549975950012
1.3008962962466815
1.8106166141948783
2.1532542486374036
0.5097380249300185
1.6974885360721992
1.6093545098603481
0.640961764528029
2.4344273968945163
1.4407929627199958
0.9823433131750354
1.2417405240222326
2.33913636567123
0.8599456938695171
1.3916210163149805
2.413214728251204
1.86515990716466
0.7951512943452979
1.3081655919627946
0.8303934782497269
1.2339571771541367
0.7435382021622678
2.1217283696186566
0.6777519396167035
1.501483667926493
1.2250095648626702
2.454113628019491
1.7249566692025664
1.2270122103695111
1.198171098390636
1.311607340002944
1.8717688392549974
2.0357427515841007
0.9153146427729306
0.9173212274658331
1.4388985571963604
1.8927407863248134
1.7997961663126116
2.322786837005099
2.1748049472684183
1.6409359612668624
0.5543705168346609
0.6886666556023233
0.9987184866554812
2.1916189389319585
1.886915794902921
1.087018515227848
0.5582516837461173
2.360089234229107
1.757266261839567
0.6810314795182428
2.3100108686166303
0.9852917166756132
2.29666122293669
0.6504196616336102
1.9607489903881437
1.4463710508773633
1.532983719576059
0.6892515763025904
2.3769543583900736
2.479165841536072
0.9106803323990005
2.363296216956772
1.8111458658777715
2.2461690427152643
0.8410918896576729
0.9662503021301971
1.9690885372692906
1.7294015074304552
0.7016712312773412
1.3945512265734699
1.681294849876465
1.197025299313278
2.0435261301527285
2.234462103269622
1.6347273382840573
1.4349313387169433
1.0757938363577375
2.410647997159129
1.117704996237573
1.0844478096325856
1.0772740210370062
1.859931096294986
2.1261490493426707
1.170206506460606
1.972670699765923
1.2694047660952115
0.8616709821602402
0.5831426685909802
1.4008942670028828
0.7902710726623969
1.4930393848769683
0.5733325234762476
2.1571345524831624
0.6394610360747301
0.715326919160058
2.2182170843429128
2.3086330332579728
0.8339560773481651
1.075669269739353
0.7455632282558267
2.3815626943442014
0.8636351754650589
1.175129228987112
1.2721092078804517
1.8643470606988062
2.2178930945125783
1.6447808123133774
1.5581260343745973
2.328070282756002
1.20323696676275
0.5193984260414202
2.1930401200303353
2.298113020724755
1.4980244097409159
1.3885825417380506
1.3093855699365664
2.1720489623854733
2.310883899045961
1.5880658266694394
2.0342992779376514
0.6779631686077516
0.7061321243990495
1.8790503407897863
2.467196051029941
1.0168790526000444
1.1555120878563883
2.2565119308624677
1.4832379568642338
0.6300337371064886
0.8197424759953957
0.8133176615717665
1.9546187683303562
2.0715307168392902
1.3973999665827228
0.7955678488265927
2.0106710772761494
1.9988515263636637
1.0274582935656835
2.0986544784103236
0.917367113570096
0.6136844189305146
0.7756171155581033
1.1514934331985118
2.330072366931323
0.9093383709266571
1.58932197345224
0.8412650928576819
1.3114461955400527
0.5480593028155551
0.8685714768764095
2.2157974392984845
1.6912655936939878
1.1887185007479497
1.8274420185665021
1.5962445604724311
1.4567201240730823
0.5752513174574867
1.17403309943951
1.9150492884619286
2.1541493493193853
1.7493638435970553
0.7342503337688104
0.7006072573436037
1.3762375128436224
1.0706534831871004
1.7020700462395522
1.3934667376770393
1.8634822178477837
2.307740997942406
2.116307289370531
1.658231696453578
1.788685321151518
2.132016508086793
0.5262136090187999
1.8855081801406819
1.7221847609129488
2.049239567891761
0.5155602517522835
1.2578346092478552
1.8875698623198767
0.918337215633718
1.5395988440872406
2.49756727433161
1.7140503665146778
1.1148181848529377
1.630369653230524
2.219780807243037
1.8605356131502646
2.1146174035738867
1.5168193939403765
1.8073723290313444
1.051025361959664
1.7071831483267104
1.5478897732372423
1.3333246061054425
1.6047274912992409
0.6452119678209598
2.2044540904952648
0.5677039450057761
1.4452174265296087
1.0666933844242448
1.3116860685111609
1.5405616462877947
1.3324864720863794
2.240334590630235
2.454353218191878
1.1246425704087073
2.489443272530906
0.5740633178197863
0.8173784677474296
1.505425399069594
0.9710288957631401
1.074058906608353
1.3402795489678365
2.071251322103749
1.914098584826573
2.124297494988041
0.9027567919127444
1.6018116160400286
1.0425208045070191
1.4595687240026287
2.4258793041786086
1.4658225578826298
1.6786087641386764
0.909605991242606
2.0978684475339584
1.7817484140259217
1.4217391819411305
1.0987031354423533
2.175203336165862
0.9507834214713338
0.9983409780892374
2.0351178234605705
0.9617056397563826
0.5459768734510373
1.0048461286246417
0.5349663578373982
1.904150500952047
1.6117206126175567
1.2173846266543795
2.0977680913730183
1.6444333069967383
1.715441631610552
0.5826281129181747
1.334376977917564
0.990211561228785
1.939909561624464
0.6785752285229221
1.9093657873943892
2.099457048157105
0.9524073434848692
0.5972961389337106
2.107260034797033
2.215416480692352
2.150795483233031
0.6946323538157049
1.7424141802853803
0.8770186436619749
1.9740486614527337
2.172103246504135
1.024525747938358
1.208727718426636
1.5980433118800188
1.588758053448596
2.045714411281497
0.9360710066054099
0.7246160050810382
1.8970501022828412
2.2844355556551115
2.3767489323843085
1.2264136904668397
1.2207142974111271
1.072983605302369
1.1072411758227896
1.3820497509924121
1.7297095236561815
1.1768486556706197
1.9021824347937681
2.477750716921209
0.8703360748787723
0.8917453567891636
0.8928904336824954
1.627151836664495
1.9098484219463576
1.2494746677104576
0.8550972717808352
1.5796861598155
1.4807748145410466
1.202686724882804
1.6136406517762365
0.8417696698765875
2.061511425001537
0.6490929483815979
2.458663442684035
0.7500387135283859
2.424018169732541
1.7569759122394824
1.710990566319594
1.1049773774738105
0.9579557120054141
2.4451021205237233
1.4063422105986265
0.566895351537009
0.7783196108540305
0.7657455470699226
1.7230782480824283
2.065351364555256
1.4716103886009901
1.6879820172361188
2.0786246020824892
2.301030841042483
0.9028892329809739
1.7584605538019642
2.027060052275549
1.0914819444474315
2.1914014455745807
2.1861442097889423
2.0477748020446405
1.157628583018691
2.448017275175209
0.7849161147178374
1.4022629890966418
1.8822332529524661
0.9935577199219316
2.00134911120292
1.56794058384487
2.439648686825107
1.433413454040691
1.6137136902803138
1.61352670887164
0.8865678341852692
1.1758989228759793
0.5925996483013474
2.3464188390451
1.1567342588597043
0.979071596307014
1.7993617437328628
1.356008309297074
0.5057208606462031
1.620366558996037
2.334719930060759
2.443025136733986
1.6810050502056457
1.4182477073874251
2.315849896799466
2.039315371801458
0.5018993422591076
1.553912515165854
1.8075186066359261
1.5634922383344445
1.2537615702700926
0.9529844900263482
2.4289574384416754
0.8442205364762954
1.5962163329230596
0.7041741996441744
0.9127022069821993
1.868380942422919
0.6543145671736958
0.5078707177151276
0.7491485261335238
1.0940354379136832
1.4536003959541206
2.0626676262647052
2.0305758034884454
0.5586951225123156
1.451013048604466
0.6572676730167286
2.0354121335483395
2.0462915377702258
2.291069890607885
0.9791608590117922
0.5489508989674519
0.7837702451267199
1.5973996860453306
1.1151907937324814
1.1522711253960374
0.7389846027936668
0.7676933463691871
0.8485030802166886
2.3636703043483696
2.0365919752049324
2.155503099866284
1.9650513435574306
1.1779554457899106
1.8815639971585811
2.03132499433074
1.6678109059449508
1.204001768695562
2.429130480592882
1.6273723867803962
1.2521555020658315
1.156369795825076
0.9679002036408231
2.4668296042012168
2.1322201249172625
1.1773882036698826
1.5038327316035973
2.310161721481851
1.883393934216622
0.894505531378051
0.7389222663122004
1.6538289748191095
1.771182205087121
1.3295759090641535
1.9751908878985318
1.7529013720764588
1.486152322955711
0.8080722171919581
1.0463689260286626
1.911124944775677
1.016424904462342
2.434858380284438
0.9515800273731145
1.0353324478161574
1.148590963886491
0.5947077317849354
2.2693660329444185
1.841729457729325
1.1408628395761955
0.6547593625371277
1.6896319589193292
1.2216338132653703
0.986885227471012
1.8882143862377805
2.1998010754215374
2.4057912788489406
1.9490135451370751
1.7018113933904095
1.502296021677607
0.9094298562967698
0.9057765557116058
1.7034731593474874
2.1578490256897975
2.322233356209181
0.6117009708464014
2.4279329028013032
1.0916578380456539
1.0084616201753658
1.9086295741861559
1.360631072092881
0.8853800475332667
1.158421524710128
2.0556372716105313
2.413838335650187
1.0831671315523594
1.0694779053872827
1.643720295248351
1.3099989366109057
2.4811707909587355
0.9868247491057522
2.0957763794583073
0.6468754183045591
1.8915944805344043
1.6521690172864854
2.241018902543648
0.8297514173035858
1.1913179682871087
2.0992951540630402
0.6697194217026847
1.7314555829791551
1.569089375431208
1.6876263183110742
1.0409120766858109
1.451905079452169
1.477003250601008
1.912963905481063
1.019487367998489
2.018004765564147
1.1371842381920771
1.2338381380038737
2.417294110044866
1.8618638291755247
2.1317947328808193
0.9974164385501836
1.6137461371236563
1.0404445396317854
0.7750158465005883
1.3599516610050377
0.7954706231365407
1.736990607420853
1.0933791553732763
0.9521289620747804
0.9492095342057003
1.3975637077818914
1.2411259224563758
1.2000551920955318
0.5077788111340031
2.2004999027817194
0.5191941018448849
0.6451353114342353
1.1856779852390151
2.0349631195347198
2.4402365937123767
1.1862159234998346
0.8046312287582509
1.6340177239404086
0.9061747916209288
0.5393601130805956
1.93379476628988
0.5645175416146788
0.823429204243159
1.9843776829037314
1.0958305398874695
2.0784782294815436
0.6281215518624492
1.823033615456411
2.459973423299377
2.3905835996785196
1.053657019383797
1.6745587355295433
1.2745080643075166
2.1365077795471468
2.3030487329628206
0.5363782860268083
0.6368601241339369
1.6456822953771182
1.954123110100452
0.9984322506268402
0.6392439210523106
0.7661215612485202
2.2433418654819217
2.212042439747812
1.3706217394793268
0.6325482952507575
1.2162065069585095
1.8523234002752593
1.9021189293410843
0.5843284455622462
1.3716220334553209
2.4264937167522382
2.103170009185843
2.4049424188628024
1.2224326120038078
2.1667613579213603
0.8140853324905692
0.9297101335946831
1.174810892997107
2.2360656848708516
1.8865590677036528
1.7308918567213627
1.834462827775793
0.7386387249110407
2.2716750862193544
1.6248672712160268
0.6396468750652813
1.8245850564242478
0.6706066733252518
2.2120100706773584
2.0691086267844776
1.5269272254312218
2.483530476684879
1.10438648398833
1.747422867219297
2.496584474869088
0.6378273822937381
2.3388543925295666
0.8166826413291937
1.717003053716041
0.6800754951459265
2.256142508603836
1.657048273029329
1.9495862460504239
1.8750698353507727
1.594711773980161
2.059498350764202
1.0890576117556496
1.8279248356324131
0.902885132763769
1.0205213724359674
1.3962027125454881
1.9980728094614926
2.063152101497103
1.3368640346915137
0.6875813295088922
2.4608687718198174
1.2616738279126314
1.8015146287526125
1.952717467696998
1.9125325806494022
0.7593516943263807
0.7082503227799317
1.253266043834369
0.7732415486842468
1.1494345477677204
1.260205313135762
0.8270345019383221
0.6768257979163002
0.814665090303266
2.0612556643004645
2.2496851249791012
1.78969238664138
1.5841192546838903
0.6650968194441915
1.4650227678415095
0.8925768660618791
1.001277995409113
0.5264194120170349
0.7126862888824121
2.4534732202003102
0.8556346281217388
2.2484719278390957
0.7184635884305104
0.8480276206557709
0.7450351621801545
1.6511625411429778
2.0832478884155536
2.1695258686380745
2.021252428721314
Running 800 simulations with 4 MPI ranks
Rank 0: 200 simulations
0.5097410428501497
0.8188151869310079
Rank 1: 200 simulations
Rank 2: 200 simulations
Rank 3: 200 simulations
t=176778  fraction=0.29750  peak_slope=6.508e-06  t_peak=58926  comparison cadence=176778  difference=0.29750  below=0/3
t=177777  fraction=0.29750  peak_slope=6.508e-06  t_peak=58926  comparison cadence=176778  difference=0.29750  below=0/3
t=178776  fraction=0.29750  peak_slope=6.508e-06  t_peak=58926  comparison cadence=176778  difference=0.29750  below=0/3
t=179774  fraction=0.29750  peak_slope=6.508e-06  t_peak=58926  comparison cadence=176778  difference=0.29750  below=0/3
t=180773  fraction=0.29875  peak_slope=6.508e-06  t_peak=58926  comparison cadence=176778  difference=0.29875  below=0/3
t=181772  fraction=0.30000  peak_slope=6.508e-06  t_peak=58926  comparison cadence=176778  difference=0.30000  below=0/3
t=182771  fraction=0.30000  peak_slope=6.508e-06  t_peak=58926  comparison cadence=176778  difference=0.30000  below=0/3
t=183769  fraction=0.30000  peak_slope=6.508e-06  t_peak=58926  comparison cadence=176778  difference=0.30000  below=0/3
t=184768  fraction=0.30000  peak_slope=6.508e-06  t_peak=58926  comparison cadence=176778  difference=0.30000  below=0/3
t=185767  fraction=0.30125  peak_slope=6.508e-06  t_peak=58926  comparison cadence=176778  difference=0.30125  below=0/3
t=186766  fraction=0.30250  peak_slope=6.508e-06  t_peak=58926  comparison cadence=176778  difference=0.30250  below=0/3
t=187764  fraction=0.30250  peak_slope=6.508e-06  t_peak=58926  comparison cadence=176778  difference=0.30250  below=0/3
t=188763  fraction=0.30375  peak_slope=6.508e-06  t_peak=58926  comparison cadence=176778  difference=0.30375  below=0/3
t=189762  fraction=0.30375  peak_slope=6.508e-06  t_peak=58926  comparison cadence=176778  difference=0.30375  below=0/3
t=190761  fraction=0.30500  peak_slope=6.508e-06  t_peak=58926  comparison cadence=176778  difference=0.30500  below=0/3
t=191759  fraction=0.30500  peak_slope=6.508e-06  t_peak=58926  comparison cadence=176778  difference=0.30500  below=0/3
t=192758  fraction=0.30500  peak_slope=6.508e-06  t_peak=58926  comparison cadence=176778  difference=0.30500  below=0/3
t=193757  fraction=0.30625  peak_slope=6.508e-06  t_peak=58926  comparison cadence=176778  difference=0.30625  below=0/3
t=194756  fraction=0.30625  peak_slope=6.508e-06  t_peak=58926  comparison cadence=176778  difference=0.30625  below=0/3
t=195754  fraction=0.30625  peak_slope=6.508e-06  t_peak=58926  comparison cadence=176778  difference=0.30625  below=0/3
t=196753  fraction=0.30625  peak_slope=6.508e-06  t_peak=58926  comparison cadence=176778  difference=0.30625  below=0/3
t=197752  fraction=0.30625  peak_slope=6.508e-06  t_peak=58926  comparison cadence=176778  difference=0.30625  below=0/3
t=198751  fraction=0.30625  peak_slope=6.508e-06  t_peak=58926  comparison cadence=176778  difference=0.30625  below=0/3
t=199749  fraction=0.30750  peak_slope=6.508e-06  t_peak=58926  comparison cadence=176778  difference=0.30750  below=0/3
t=200748  fraction=0.30875  peak_slope=6.508e-06  t_peak=58926  comparison cadence=176778  difference=0.30875  below=0/3
t=201747  fraction=0.31000  peak_slope=6.508e-06  t_peak=58926  comparison cadence=176778  difference=0.31000  below=0/3
t=202746  fraction=0.31125  peak_slope=6.508e-06  t_peak=58926  comparison cadence=176778  difference=0.31125  below=0/3
t=203744  fraction=0.31125  peak_slope=6.508e-06  t_peak=58926  comparison cadence=176778  difference=0.31125  below=0/3
t=204743  fraction=0.31125  peak_slope=6.508e-06  t_peak=58926  comparison cadence=176778  difference=0.31125  below=0/3
t=205742  fraction=0.31125  peak_slope=6.508e-06  t_peak=58926  comparison cadence=176778  difference=0.31125  below=0/3
t=206741  fraction=0.31250  peak_slope=6.508e-06  t_peak=58926  comparison cadence=176778  difference=0.31250  below=0/3
t=207739  fraction=0.31250  peak_slope=6.508e-06  t_peak=58926  comparison cadence=176778  difference=0.31250  below=0/3
t=208738  fraction=0.31250  peak_slope=6.508e-06  t_peak=58926  comparison cadence=176778  difference=0.31125  below=0/3
t=209737  fraction=0.31250  peak_slope=6.508e-06  t_peak=58926  comparison cadence=176778  difference=0.31000  below=0/3
t=210735  fraction=0.31250  peak_slope=6.508e-06  t_peak=58926  comparison cadence=176778  difference=0.30875  below=0/3
t=211734  fraction=0.31375  peak_slope=6.508e-06  t_peak=58926  comparison cadence=176778  difference=0.30750  below=0/3
t=212733  fraction=0.31375  peak_slope=6.508e-06  t_peak=58926  comparison cadence=176778  difference=0.30375  below=0/3
t=213732  fraction=0.31500  peak_slope=6.508e-06  t_peak=58926  comparison cadence=176778  difference=0.30125  below=0/3
t=214730  fraction=0.31500  peak_slope=6.508e-06  t_peak=58926  comparison cadence=176778  difference=0.30125  below=0/3
t=215729  fraction=0.31500  peak_slope=6.508e-06  t_peak=58926  comparison cadence=176778  difference=0.30000  below=0/3
t=216728  fraction=0.31625  peak_slope=6.508e-06  t_peak=58926  comparison cadence=176778  difference=0.30000  below=0/3
t=217727  fraction=0.31750  peak_slope=6.508e-06  t_peak=58926  comparison cadence=176778  difference=0.30000  below=0/3
t=218725  fraction=0.31875  peak_slope=6.508e-06  t_peak=58926  comparison cadence=176778  difference=0.29375  below=0/3
t=219724  fraction=0.31875  peak_slope=6.508e-06  t_peak=58926  comparison cadence=176778  difference=0.29125  below=0/3
t=220723  fraction=0.32000  peak_slope=6.508e-06  t_peak=58926  comparison cadence=176778  difference=0.29000  below=0/3
t=221722  fraction=0.32000  peak_slope=6.508e-06  t_peak=58926  comparison cadence=176778  difference=0.28875  below=0/3
t=222720  fraction=0.32000  peak_slope=6.508e-06  t_peak=58926  comparison cadence=176778  difference=0.28375  below=0/3
t=223719  fraction=0.32000  peak_slope=6.508e-06  t_peak=58926  comparison cadence=176778  difference=0.28125  below=0/3
t=224718  fraction=0.32000  peak_slope=6.508e-06  t_peak=58926  comparison cadence=176778  difference=0.27625  below=0/3
t=225717  fraction=0.32000  peak_slope=6.508e-06  t_peak=58926  comparison cadence=176778  difference=0.27000  below=0/3
t=226715  fraction=0.32000  peak_slope=6.508e-06  t_peak=58926  comparison cadence=176778  difference=0.26250  below=0/3
t=227714  fraction=0.32000  peak_slope=6.508e-06  t_peak=58926  comparison cadence=176778  difference=0.26125  below=0/3
t=228713  fraction=0.32125  peak_slope=6.508e-06  t_peak=58926  comparison cadence=176778  difference=0.25750  below=0/3
t=229712  fraction=0.32125  peak_slope=6.508e-06  t_peak=58926  comparison cadence=176778  difference=0.25500  below=0/3
t=230710  fraction=0.32125  peak_slope=6.508e-06  t_peak=58926  comparison cadence=176778  difference=0.25000  below=0/3
t=231709  fraction=0.32125  peak_slope=6.508e-06  t_peak=58926  comparison cadence=176778  difference=0.24125  below=0/3
t=232708  fraction=0.32125  peak_slope=6.508e-06  t_peak=58926  comparison cadence=176778  difference=0.23375  below=0/3
t=233707  fraction=0.32125  peak_slope=6.508e-06  t_peak=58926  comparison cadence=176778  difference=0.23000  below=0/3
t=234705  fraction=0.32250  peak_slope=6.508e-06  t_peak=58926  comparison cadence=176778  difference=0.22500  below=0/3
t=235704  fraction=0.32375  peak_slope=6.508e-06  t_peak=58926  comparison cadence=176778  difference=0.22000  below=0/3
t=236703  fraction=0.32375  peak_slope=6.508e-06  t_peak=58926  comparison cadence=176778  difference=0.21125  below=0/3
t=237702  fraction=0.32375  peak_slope=6.508e-06  t_peak=58926  comparison cadence=176778  difference=0.20500  below=0/3
t=238700  fraction=0.32375  peak_slope=6.508e-06  t_peak=58926  comparison cadence=176778  difference=0.20250  below=0/3
t=239699  fraction=0.32500  peak_slope=6.508e-06  t_peak=58926  comparison cadence=176778  difference=0.20000  below=0/3
t=240698  fraction=0.32500  peak_slope=6.508e-06  t_peak=58926  comparison cadence=176778  difference=0.19625  below=0/3
t=241697  fraction=0.32500  peak_slope=6.508e-06  t_peak=58926  comparison cadence=176778  difference=0.19500  below=0/3
t=242695  fraction=0.32500  peak_slope=6.508e-06  t_peak=58926  comparison cadence=176778  difference=0.18875  below=0/3
t=243694  fraction=0.32500  peak_slope=6.508e-06  t_peak=58926  comparison cadence=176778  difference=0.18750  below=0/3
t=244693  fraction=0.32625  peak_slope=6.508e-06  t_peak=58926  comparison cadence=176778  difference=0.18625  below=0/3
t=245692  fraction=0.32625  peak_slope=6.508e-06  t_peak=58926  comparison cadence=176778  difference=0.18125  below=0/3
t=246690  fraction=0.32625  peak_slope=6.508e-06  t_peak=58926  comparison cadence=176778  difference=0.18000  below=0/3
t=247689  fraction=0.32750  peak_slope=6.508e-06  t_peak=58926  comparison cadence=176778  difference=0.17500  below=0/3
t=248688  fraction=0.32750  peak_slope=6.508e-06  t_peak=58926  comparison cadence=176778  difference=0.17000  below=0/3
t=249687  fraction=0.32750  peak_slope=6.508e-06  t_peak=58926  comparison cadence=176778  difference=0.16500  below=0/3
t=250685  fraction=0.32750  peak_slope=6.508e-06  t_peak=58926  comparison cadence=176778  difference=0.16375  below=0/3
t=251684  fraction=0.32750  peak_slope=6.508e-06  t_peak=58926  comparison cadence=176778  difference=0.16125  below=0/3
t=252683  fraction=0.32750  peak_slope=6.508e-06  t_peak=58926  comparison cadence=176778  difference=0.15875  below=0/3
t=253682  fraction=0.32750  peak_slope=6.508e-06  t_peak=58926  comparison cadence=176778  difference=0.15375  below=0/3
t=254680  fraction=0.32750  peak_slope=6.508e-06  t_peak=58926  comparison cadence=176778  difference=0.14875  below=0/3
t=255679  fraction=0.32750  peak_slope=6.508e-06  t_peak=58926  comparison cadence=176778  difference=0.14375  below=0/3
t=256678  fraction=0.32875  peak_slope=6.508e-06  t_peak=58926  comparison cadence=176778  difference=0.14375  below=0/3
t=257677  fraction=0.33125  peak_slope=6.508e-06  t_peak=58926  comparison cadence=176778  difference=0.14500  below=0/3
t=258675  fraction=0.33125  peak_slope=6.508e-06  t_peak=58926  comparison cadence=176778  difference=0.14375  below=0/3
t=259674  fraction=0.33250  peak_slope=6.508e-06  t_peak=58926  comparison cadence=176778  difference=0.14250  below=0/3
t=260673  fraction=0.33375  peak_slope=6.508e-06  t_peak=58926  comparison cadence=176778  difference=0.14250  below=0/3
t=261672  fraction=0.33375  peak_slope=6.508e-06  t_peak=58926  comparison cadence=176778  difference=0.14250  below=0/3
t=262670  fraction=0.33375  peak_slope=6.508e-06  t_peak=58926  comparison cadence=176778  difference=0.14000  below=0/3
t=263669  fraction=0.33375  peak_slope=6.508e-06  t_peak=58926  comparison cadence=176778  difference=0.13750  below=0/3
t=264668  fraction=0.33375  peak_slope=6.508e-06  t_peak=58926  comparison cadence=176778  difference=0.13500  below=0/3
t=265667  fraction=0.33375  peak_slope=6.508e-06  t_peak=58926  comparison cadence=176778  difference=0.13500  below=0/3
t=266665  fraction=0.33500  peak_slope=6.508e-06  t_peak=58926  comparison cadence=176778  difference=0.13375  below=0/3
t=267664  fraction=0.33500  peak_slope=6.508e-06  t_peak=58926  comparison cadence=176778  difference=0.12875  below=0/3
t=268663  fraction=0.33625  peak_slope=6.508e-06  t_peak=58926  comparison cadence=176778  difference=0.12875  below=0/3
t=269662  fraction=0.33875  peak_slope=6.508e-06  t_peak=58926  comparison cadence=176778  difference=0.12750  below=0/3
t=270660  fraction=0.33875  peak_slope=6.508e-06  t_peak=58926  comparison cadence=176778  difference=0.12750  below=0/3
t=271659  fraction=0.34000  peak_slope=6.508e-06  t_peak=58926  comparison cadence=176778  difference=0.12500  below=0/3
t=272658  fraction=0.34000  peak_slope=6.508e-06  t_peak=58926  comparison cadence=176778  difference=0.11875  below=0/3
t=273657  fraction=0.34000  peak_slope=6.508e-06  t_peak=58926  comparison cadence=176778  difference=0.11750  below=0/3
t=274655  fraction=0.34000  peak_slope=6.508e-06  t_peak=58926  comparison cadence=176778  difference=0.11500  below=0/3
t=275654  fraction=0.34000  peak_slope=6.508e-06  t_peak=58926  comparison cadence=176778  difference=0.11500  below=0/3
t=276653  fraction=0.34000  peak_slope=6.508e-06  t_peak=58926  comparison cadence=176778  difference=0.11250  below=0/3
t=277652  fraction=0.34000  peak_slope=6.508e-06  t_peak=58926  comparison cadence=176778  difference=0.11250  below=0/3
t=278650  fraction=0.34000  peak_slope=6.508e-06  t_peak=58926  comparison cadence=176778  difference=0.11250  below=0/3
t=279649  fraction=0.34000  peak_slope=6.508e-06  t_peak=58926  comparison cadence=176778  difference=0.10875  below=0/3
t=280648  fraction=0.34000  peak_slope=6.508e-06  t_peak=58926  comparison cadence=176778  difference=0.10625  below=0/3
t=281646  fraction=0.34000  peak_slope=6.508e-06  t_peak=58926  comparison cadence=176778  difference=0.10375  below=0/3
t=282645  fraction=0.34000  peak_slope=6.508e-06  t_peak=58926  comparison cadence=176778  difference=0.10125  below=0/3
t=283644  fraction=0.34000  peak_slope=6.508e-06  t_peak=58926  comparison cadence=176778  difference=0.10125  below=0/3
t=284643  fraction=0.34000  peak_slope=6.508e-06  t_peak=58926  comparison cadence=176778  difference=0.10125  below=0/3
t=285641  fraction=0.34000  peak_slope=6.508e-06  t_peak=58926  comparison cadence=176778  difference=0.10000  below=0/3
t=286640  fraction=0.34125  peak_slope=6.508e-06  t_peak=58926  comparison cadence=176778  difference=0.09750  below=0/3
t=287639  fraction=0.34250  peak_slope=6.508e-06  t_peak=58926  comparison cadence=176778  difference=0.09750  below=0/3
t=288638  fraction=0.34375  peak_slope=6.508e-06  t_peak=58926  comparison cadence=176778  difference=0.09750  below=0/3
t=289636  fraction=0.34375  peak_slope=6.508e-06  t_peak=58926  comparison cadence=176778  difference=0.09625  below=0/3
t=290635  fraction=0.34375  peak_slope=6.508e-06  t_peak=58926  comparison cadence=176778  difference=0.09500  below=0/3
t=291634  fraction=0.34375  peak_slope=6.508e-06  t_peak=58926  comparison cadence=176778  difference=0.09375  below=0/3
t=292633  fraction=0.34375  peak_slope=6.508e-06  t_peak=58926  comparison cadence=176778  difference=0.09250  below=0/3
t=293631  fraction=0.34375  peak_slope=6.508e-06  t_peak=58926  comparison cadence=176778  difference=0.09125  below=0/3
t=294630  fraction=0.34375  peak_slope=6.508e-06  t_peak=58926  comparison cadence=176778  difference=0.09125  below=0/3
t=295629  fraction=0.34375  peak_slope=6.508e-06  t_peak=58926  comparison cadence=176778  difference=0.09125  below=0/3
t=296628  fraction=0.34375  peak_slope=6.508e-06  t_peak=58926  comparison cadence=176778  difference=0.09000  below=0/3
t=297626  fraction=0.34375  peak_slope=6.508e-06  t_peak=58926  comparison cadence=176778  difference=0.08875  below=0/3
t=298625  fraction=0.34375  peak_slope=6.508e-06  t_peak=58926  comparison cadence=176778  difference=0.08750  below=0/3
t=299624  fraction=0.34375  peak_slope=6.508e-06  t_peak=58926  comparison cadence=176778  difference=0.08500  below=0/3
t=300623  fraction=0.34375  peak_slope=6.508e-06  t_peak=58926  comparison cadence=176778  difference=0.08250  below=0/3
t=301621  fraction=0.34375  peak_slope=6.508e-06  t_peak=58926  comparison cadence=176778  difference=0.08250  below=0/3
t=302620  fraction=0.34375  peak_slope=6.508e-06  t_peak=58926  comparison cadence=176778  difference=0.08250  below=0/3
t=303619  fraction=0.34375  peak_slope=6.508e-06  t_peak=58926  comparison cadence=176778  difference=0.08000  below=0/3
t=304618  fraction=0.34375  peak_slope=6.508e-06  t_peak=58926  comparison cadence=176778  difference=0.07875  below=0/3
t=305616  fraction=0.34375  peak_slope=6.508e-06  t_peak=58926  comparison cadence=176778  difference=0.07625  below=0/3
t=306615  fraction=0.34375  peak_slope=6.508e-06  t_peak=58926  comparison cadence=176778  difference=0.07500  below=0/3
t=307614  fraction=0.34375  peak_slope=6.508e-06  t_peak=58926  comparison cadence=176778  difference=0.07500  below=0/3
t=308613  fraction=0.34375  peak_slope=6.508e-06  t_peak=58926  comparison cadence=176778  difference=0.07500  below=0/3
t=309611  fraction=0.34375  peak_slope=6.508e-06  t_peak=58926  comparison cadence=176778  difference=0.07500  below=0/3
t=310610  fraction=0.34375  peak_slope=6.508e-06  t_peak=58926  comparison cadence=176778  difference=0.07500  below=0/3
t=311609  fraction=0.34375  peak_slope=6.508e-06  t_peak=58926  comparison cadence=176778  difference=0.07375  below=0/3
t=312608  fraction=0.34375  peak_slope=6.508e-06  t_peak=58926  comparison cadence=176778  difference=0.07250  below=0/3
t=313606  fraction=0.34375  peak_slope=6.508e-06  t_peak=58926  comparison cadence=176778  difference=0.07000  below=0/3
t=314605  fraction=0.34375  peak_slope=6.508e-06  t_peak=58926  comparison cadence=176778  difference=0.07000  below=0/3
t=315604  fraction=0.34375  peak_slope=6.508e-06  t_peak=58926  comparison cadence=176778  difference=0.06750  below=0/3
t=316603  fraction=0.34375  peak_slope=6.508e-06  t_peak=58926  comparison cadence=176778  difference=0.06750  below=0/3
t=317601  fraction=0.34375  peak_slope=6.508e-06  t_peak=58926  comparison cadence=176778  difference=0.06625  below=0/3
t=318600  fraction=0.34375  peak_slope=6.508e-06  t_peak=58926  comparison cadence=176778  difference=0.06625  below=0/3
t=319599  fraction=0.34375  peak_slope=6.508e-06  t_peak=58926  comparison cadence=176778  difference=0.06625  below=0/3
t=320598  fraction=0.34375  peak_slope=6.508e-06  t_peak=58926  comparison cadence=176778  difference=0.06500  below=0/3
t=321596  fraction=0.34375  peak_slope=6.508e-06  t_peak=58926  comparison cadence=176778  difference=0.06500  below=0/3
t=322595  fraction=0.34375  peak_slope=6.508e-06  t_peak=58926  comparison cadence=176778  difference=0.06500  below=0/3
t=323594  fraction=0.34375  peak_slope=6.508e-06  t_peak=58926  comparison cadence=176778  difference=0.06500  below=0/3
t=324593  fraction=0.34375  peak_slope=6.508e-06  t_peak=58926  comparison cadence=176778  difference=0.06500  below=0/3
t=325591  fraction=0.34375  peak_slope=6.508e-06  t_peak=58926  comparison cadence=176778  difference=0.06500  below=0/3
t=326590  fraction=0.34375  peak_slope=6.508e-06  t_peak=58926  comparison cadence=176778  difference=0.06500  below=0/3
t=327589  fraction=0.34375  peak_slope=6.508e-06  t_peak=58926  comparison cadence=176778  difference=0.06500  below=0/3
t=328588  fraction=0.34500  peak_slope=6.508e-06  t_peak=58926  comparison cadence=176778  difference=0.06500  below=0/3
t=329586  fraction=0.34500  peak_slope=6.508e-06  t_peak=58926  comparison cadence=176778  difference=0.06250  below=0/3
t=330585  fraction=0.34500  peak_slope=6.508e-06  t_peak=58926  comparison cadence=176778  difference=0.06000  below=0/3
t=331584  fraction=0.34500  peak_slope=6.508e-06  t_peak=58926  comparison cadence=176778  difference=0.06000  below=0/3
t=332583  fraction=0.34500  peak_slope=6.508e-06  t_peak=58926  comparison cadence=176778  difference=0.06000  below=0/3
t=333581  fraction=0.34500  peak_slope=6.508e-06  t_peak=58926  comparison cadence=176778  difference=0.06000  below=0/3
t=334580  fraction=0.34625  peak_slope=6.508e-06  t_peak=58926  comparison cadence=176778  difference=0.06000  below=0/3
t=335579  fraction=0.34625  peak_slope=6.508e-06  t_peak=58926  comparison cadence=176778  difference=0.05875  below=0/3
t=336578  fraction=0.34625  peak_slope=6.508e-06  t_peak=58926  comparison cadence=176778  difference=0.05875  below=0/3
t=337576  fraction=0.34750  peak_slope=6.508e-06  t_peak=58926  comparison cadence=176778  difference=0.06000  below=0/3
t=338575  fraction=0.34750  peak_slope=6.508e-06  t_peak=58926  comparison cadence=176778  difference=0.06000  below=0/3
t=339574  fraction=0.34750  peak_slope=6.508e-06  t_peak=58926  comparison cadence=176778  difference=0.06000  below=0/3
t=340573  fraction=0.34750  peak_slope=6.508e-06  t_peak=58926  comparison cadence=176778  difference=0.06000  below=0/3
t=341571  fraction=0.34750  peak_slope=6.508e-06  t_peak=58926  comparison cadence=176778  difference=0.06000  below=0/3
t=342570  fraction=0.34750  peak_slope=6.508e-06  t_peak=58926  comparison cadence=176778  difference=0.06000  below=0/3
t=343569  fraction=0.34750  peak_slope=6.508e-06  t_peak=58926  comparison cadence=176778  difference=0.05875  below=0/3
t=344568  fraction=0.34750  peak_slope=6.508e-06  t_peak=58926  comparison cadence=176778  difference=0.05750  below=0/3
t=345566  fraction=0.34750  peak_slope=6.508e-06  t_peak=58926  comparison cadence=176778  difference=0.05625  below=0/3
t=346565  fraction=0.34750  peak_slope=6.508e-06  t_peak=58926  comparison cadence=176778  difference=0.05500  below=0/3
t=347564  fraction=0.34750  peak_slope=6.508e-06  t_peak=58926  comparison cadence=176778  difference=0.05500  below=0/3
t=348562  fraction=0.34750  peak_slope=6.508e-06  t_peak=58926  comparison cadence=176778  difference=0.05500  below=0/3
t=349561  fraction=0.34750  peak_slope=6.508e-06  t_peak=58926  comparison cadence=176778  difference=0.05500  below=0/3
t=350560  fraction=0.34875  peak_slope=6.508e-06  t_peak=58926  comparison cadence=176778  difference=0.05625  below=0/3
t=351559  fraction=0.34875  peak_slope=6.508e-06  t_peak=58926  comparison cadence=176778  difference=0.05375  below=0/3
t=352557  fraction=0.34875  peak_slope=6.508e-06  t_peak=58926  comparison cadence=176778  difference=0.05375  below=0/3
t=353556  fraction=0.34875  peak_slope=6.508e-06  t_peak=58926  comparison cadence=176778  difference=0.05125  below=0/3
t=354555  fraction=0.34875  peak_slope=6.508e-06  t_peak=58926  comparison cadence=176778  difference=0.05125  below=0/3
t=355554  fraction=0.34875  peak_slope=6.508e-06  t_peak=58926  comparison cadence=176778  difference=0.05125  below=0/3
t=356552  fraction=0.34875  peak_slope=6.508e-06  t_peak=58926  comparison cadence=176778  difference=0.05125  below=0/3
t=357551  fraction=0.34875  peak_slope=6.508e-06  t_peak=58926  comparison cadence=176778  difference=0.05000  below=0/3
t=358550  fraction=0.34875  peak_slope=6.508e-06  t_peak=58926  comparison cadence=176778  difference=0.04875  below=0/3
t=359549  fraction=0.34875  peak_slope=6.508e-06  t_peak=58926  comparison cadence=176778  difference=0.04875  below=0/3
t=360547  fraction=0.34875  peak_slope=6.508e-06  t_peak=58926  comparison cadence=176778  difference=0.04875  below=0/3
t=361546  fraction=0.34875  peak_slope=6.508e-06  t_peak=58926  comparison cadence=176778  difference=0.04875  below=0/3
t=362545  fraction=0.34875  peak_slope=6.508e-06  t_peak=58926  comparison cadence=176778  difference=0.04750  below=0/3
t=363544  fraction=0.34875  peak_slope=6.508e-06  t_peak=58926  comparison cadence=176778  difference=0.04625  below=0/3
t=364542  fraction=0.34875  peak_slope=6.508e-06  t_peak=58926  comparison cadence=176778  difference=0.04625  below=0/3
t=365541  fraction=0.34875  peak_slope=6.508e-06  t_peak=58926  comparison cadence=176778  difference=0.04500  below=0/3
t=366540  fraction=0.34875  peak_slope=6.508e-06  t_peak=58926  comparison cadence=176778  difference=0.04500  below=0/3
t=367539  fraction=0.34875  peak_slope=6.508e-06  t_peak=58926  comparison cadence=176778  difference=0.04375  below=0/3
t=368537  fraction=0.34875  peak_slope=6.508e-06  t_peak=58926  comparison cadence=176778  difference=0.04375  below=0/3
t=369536  fraction=0.34875  peak_slope=6.508e-06  t_peak=58926  comparison cadence=176778  difference=0.04375  below=0/3
t=370535  fraction=0.34875  peak_slope=6.508e-06  t_peak=58926  comparison cadence=176778  difference=0.04250  below=0/3
t=371534  fraction=0.34875  peak_slope=6.508e-06  t_peak=58926  comparison cadence=176778  difference=0.04250  below=0/3
t=372532  fraction=0.35125  peak_slope=6.508e-06  t_peak=58926  comparison cadence=176778  difference=0.04500  below=0/3
t=373531  fraction=0.35125  peak_slope=6.508e-06  t_peak=58926  comparison cadence=176778  difference=0.04500  below=0/3
t=374530  fraction=0.35125  peak_slope=6.508e-06  t_peak=58926  comparison cadence=176778  difference=0.04500  below=0/3
t=375529  fraction=0.35125  peak_slope=6.508e-06  t_peak=58926  comparison cadence=176778  difference=0.04500  below=0/3
t=376527  fraction=0.35125  peak_slope=6.508e-06  t_peak=58926  comparison cadence=176778  difference=0.04375  below=0/3
t=377526  fraction=0.35250  peak_slope=6.508e-06  t_peak=58926  comparison cadence=176778  difference=0.04375  below=0/3
t=378525  fraction=0.35250  peak_slope=6.508e-06  t_peak=58926  comparison cadence=176778  difference=0.04250  below=0/3
t=379524  fraction=0.35250  peak_slope=6.508e-06  t_peak=58926  comparison cadence=176778  difference=0.04125  below=0/3
t=380522  fraction=0.35250  peak_slope=6.508e-06  t_peak=58926  comparison cadence=176778  difference=0.04125  below=0/3
t=381521  fraction=0.35250  peak_slope=6.508e-06  t_peak=58926  comparison cadence=176778  difference=0.04125  below=0/3
t=382520  fraction=0.35250  peak_slope=6.508e-06  t_peak=58926  comparison cadence=176778  difference=0.04125  below=0/3
t=383519  fraction=0.35250  peak_slope=6.508e-06  t_peak=58926  comparison cadence=176778  difference=0.04000  below=1/3
t=384517  fraction=0.35375  peak_slope=6.508e-06  t_peak=58926  comparison cadence=176778  difference=0.04125  below=0/3
t=385516  fraction=0.35375  peak_slope=6.508e-06  t_peak=58926  comparison cadence=176778  difference=0.04125  below=0/3
t=386515  fraction=0.35375  peak_slope=6.508e-06  t_peak=58926  comparison cadence=176778  difference=0.04125  below=0/3
t=387514  fraction=0.35375  peak_slope=6.508e-06  t_peak=58926  comparison cadence=176778  difference=0.04125  below=0/3
t=388512  fraction=0.35375  peak_slope=6.508e-06  t_peak=58926  comparison cadence=176778  difference=0.04000  below=0/3
t=389511  fraction=0.35375  peak_slope=6.508e-06  t_peak=58926  comparison cadence=176778  difference=0.04000  below=0/3
t=390510  fraction=0.35375  peak_slope=6.508e-06  t_peak=58926  comparison cadence=176778  difference=0.03875  below=1/3
t=391509  fraction=0.35375  peak_slope=6.508e-06  t_peak=58926  comparison cadence=176778  difference=0.03875  below=2/3
t=392507  fraction=0.35375  peak_slope=6.508e-06  t_peak=58926  comparison cadence=176778  difference=0.03875  below=3/3
Stopping at t=392507.34224741627
Saved 508 remaining particles to /scratch/group/p.phy260085.000//Mass_Fraction/Outputs/Ejection_Results/remaining_particles_2172268_2.csv
