==========================================
Mass Fraction MPI Run
==========================================
Date:               Mon Sep 28 21:01:29 CDT 2026
Host:               ac035
Array job ID:       2172268
Array task ID:      5
MPI ranks:          4
CPUs per task:      1
Nodes allocated:    1
Python:             /scratch/user/u.hm357857/.conda/envs/comets/bin/python
Conda environment:  /scratch/user/u.hm357857/.conda/envs/comets
==========================================

1.1420444948472726
1.8169805901301024
2.3873857467978086
0.6776243279098264
1.8895659695494296
2.461393137260279
2.205465447197099
1.7164625547296355
2.0809684078506168
1.7664281305300187
1.1847079639757079
2.290442595144076
2.258225374699193
1.8058747838147686
1.0667797500952312
0.78589473329574
1.4350641513690496
0.6533482688548407
1.2362186629440433
2.231729655303779
2.488812652008949
0.6413796899922046
1.1673847148986471
0.7433317292384303
1.1545751554060406
2.1474548013253534
0.6215308144190081
1.87101807868747
1.955599981480227
2.398110346965787
1.0446694488697181
2.4620456540250486
1.9278803315725461
2.2847175235629575
1.9548716906707668
2.4448374543215774
1.0881742117541047
0.5403163389136285
1.2381565593812562
0.7770067527168174
1.1959913767946746
2.4517925356448287
2.44406925202747
1.9113932671339124
0.607798775901109
1.3429644167362842
2.271810064574696
1.0854610365067594
2.426731183765527
0.6698848168009464
0.5725868028316607
0.5193486001546579
1.9111401303895692
1.427751373488235
0.7710870071402449
2.394471084340875
1.6453974429098601
1.3607624329982748
1.803015611462125
2.0028885694331597
1.0201457445478912
1.4022479404339052
0.5423246642623911
1.6848611098564616
0.6866056588596723
1.9944339659172685
1.2762587109944306
0.7863340510737902
1.3476719871472191
0.8309202365138892
0.578386885311446
1.3521161042938032
1.06177261781834
1.9065707757221924
2.1439315752076897
1.789258090531625
1.6633263384532413
1.1764272051119247
1.9321145618080118
1.4054261015004261
0.8187145013171595
1.7862373421388318
0.5143368999507945
2.2162241477780578
1.1101249817139256
1.2104786576002722
1.548923850120204
1.3241949417773877
1.1856370090097865
2.152831770311759
1.9940405926522622
1.9169519570237923
1.9817691499177634
1.4553664557308161
2.484005962443727
1.4660352040006854
1.593934673538281
2.4397474748482257
1.2214345160411886
0.7188021300851453
0.6640276500623168
1.9364846083104643
0.5970389501954128
1.5905038384063028
0.9767028711376085
1.8567047482901202
2.2410501689284144
1.0476597456638617
1.946561282423125
2.3215703858115533
0.9301988795724556
1.8281664079560178
0.9305818415934222
1.77033732039488
2.007212335735643
0.8250082740587512
2.093033395386472
1.2783761301629237
1.4222792662498671
1.2807615712298455
0.8067520989003878
0.80025886342872
2.1012879171399304
2.2274125551161226
1.4668410310761704
1.3444199204602796
0.8913629893743662
1.2206878696750372
1.2646616260067312
1.333735379247055
0.7149606602005703
1.371553743802097
1.8960942907237155
2.223043772443673
1.233457953289319
0.8151041942396069
1.7707231692957874
0.6555389878583484
1.1161417690289424
1.0874597747837138
1.9439384741416241
2.3205969295690316
0.5720293589339345
0.6735366883443694
0.5293893763422246
1.8690502413019228
2.097608479021149
0.9848746346769717
0.5573862677532231
0.844669323707278
1.5740022762322532
1.2543287341665008
0.8200062353201072
1.5032264483134614
1.9763901800145889
0.8777618428540945
1.2386385520846175
2.440883062138282
1.7162582595801126
0.8790890273157692
0.5569569749696077
1.7594431887725317
0.6423602971547826
1.7203605772403494
1.4561659225057468
2.355870832930221
1.1841834699243587
1.1326694982227863
0.9197969317323256
1.4304342620680837
0.5696678512622744
1.705844063820072
1.068695852258979
1.8155231949477186
1.3459245415127667
2.035542205861634
2.2083514432849536
1.3326181783311921
1.353831941907911
0.8150142243837848
1.817458688994844
1.2214592595388596
0.9473414635914277
1.5632270196082432
1.1110375805647488
1.3847842712899114
1.4002367160113152
0.9421685659565997
0.6626851562744083
1.0289123169090473
1.0456560377129864
1.1744751517050267
1.9195327325057163
2.2720338413728722
2.00098664312332
1.8680049365955997
2.1738708842422634
0.5022283452911585
0.6005613638828424
1.351788398297337
2.2399715723080647
2.1891809528367343
1.9095511196368595
0.5658229477022052
2.0021105403022013
2.047519956897397
2.102362183802243
1.9095746333020696
2.0939958131134784
1.0377154036048686
1.0564992917068619
1.2654185351838074
2.0465163949714893
1.3831579241649004
1.9208850852024661
0.8968370607124447
1.393488913462567
0.7409302154127517
1.132332203192605
0.8601196499452295
0.8604418275366532
2.3921397163592983
0.9501259900674597
2.4540416137901273
1.3496943007565885
0.875525152691182
1.4724196476814941
2.3769659416170743
2.0160891473774987
1.148348034916681
1.531644701747691
1.934083272778506
0.6822568606604837
0.9543848607929335
1.4386138788858833
1.318928955447494
0.8250343873305861
1.9353660187440436
1.1875638002657198
0.8075287888166744
1.5139514803366143
2.0559563351763828
2.406420069877725
0.6931279380229438
0.9566931956217983
1.0859238554625792
1.9277861717834526
1.6402416852688981
1.3277617152692454
1.812428329014433
2.195996480346917
1.1195303481298204
1.9669546951396875
2.036364211116979
0.9200459926518934
1.7963639980190529
1.5483304065273258
1.4446106337130118
0.9936026710524035
1.31990327385171
1.365201115023502
1.663172810438322
1.6629730196582841
1.6799799413763776
1.7993409214541614
1.9828329412621215
1.5337120494098824
0.9524848755031832
2.036337746427167
1.7524449801070738
2.0239097026754918
0.9977219278625451
2.3891801418122105
1.8642726358890487
1.2969456831424624
0.7363343167552456
1.243079338311609
1.8845338183029252
1.3853781185660874
2.2346357045440177
1.1664882852027838
0.9058357922018176
1.5028565573074246
0.5637802081874714
1.5982157214791777
1.7202846322977505
2.4591222711038356
2.4164195314708614
1.6350902485378935
1.1032778949869824
1.8194517583025185
1.7734070640295008
1.1599261579551032
1.2930902229987453
1.6526884024908028
1.8898397636751814
1.9430043479026755
1.0215351724026032
1.248418976682102
1.1109376181054929
1.1761582973599471
1.7822889301732856
0.6364990949821074
1.3241321348295798
0.9174288827507138
1.7152381450169418
1.7523612438968443
1.3355385440228171
0.5936369760980014
0.9164547849364286
1.3543145419139517
0.7469119338723018
1.9483025064190806
1.6585461932418395
0.5441113165388991
2.495882413603865
1.039054862581846
1.0077311008628753
0.841320118159085
1.2983206652757242
1.7329668526660145
2.3772410870942746
0.7560419770621363
1.3164608590394316
1.279413337002486
1.2402683342918717
2.149623732054307
1.2881743271968413
1.6510175735708923
1.6450167599828618
1.4420547413131615
2.0105665745775774
1.644953821348622
1.531655608012637
2.3161632062186532
0.5299622114243465
1.1354605892381533
2.4765568870199592
1.1685858894632966
2.188837790235505
2.3069181145621616
1.8714335118414227
2.2812038009603013
0.9950572550959975
0.618487296805299
1.8397627992608074
1.4753358539925367
0.5879489597648901
1.764424802322606
1.9532700268939405
1.2470071812468104
2.1222877572317183
1.190203355219202
1.602505821150537
2.2104759886847365
2.064649599156396
0.8985799989376944
2.3599642143016313
0.8186921694860136
0.9993575497457898
0.9842251230613117
2.0125495316441313
0.8825222231904535
1.7797608415526034
1.1201052384891332
2.0743369186402543
1.5012727772770917
0.7110637125057051
1.0175956135102862
1.8836866517474133
0.6346892470614995
1.4904979594241266
2.0686895046224896
2.125734547442055
1.5379457056769532
0.6047369866126582
1.7677713400585775
1.2553202952554725
2.474785930454257
1.3146050283798318
2.3501037852695013
1.8264934160503314
1.1802874412337603
0.5786877397427255
1.0458966486191739
0.5362913411872043
0.9982075446514778
1.1056433269580002
2.1969625093201506
1.13306997870395
2.011231791216181
2.0460675518017695
1.1814914077885288
1.3080626543962228
1.9717729961800363
0.9303500227001531
0.6059638093039588
1.6743783148116882
0.7725720919509558
1.384137023509995
1.687579795838159
0.8500743390716723
1.4246231106761393
2.1778989141160494
2.054421017778429
1.5001547755445124
0.9985058255255888
1.9420423716225723
1.305743467594327
1.9917856458904166
1.7987250827161185
1.7085272385481434
1.4204418297425794
1.1250268480141001
1.0268199667070348
2.1340399115633213
2.032710042795207
1.173753095856385
2.336858656426344
1.6275404464393914
1.3109756676007824
2.4557117770912575
0.7559179135882972
1.42984214563121
1.971476052675663
1.9615953906937789
2.423870426580582
2.131004402416746
1.3053672595741497
0.9963648509288725
0.984508346337382
1.9332437799005593
0.6765243265270897
0.9826921787589724
2.4965098234020067
2.4647564760883194
0.5400642361499877
1.846396294830913
1.2181586229694212
2.255029636903105
2.221919198660753
2.2744166603215388
1.8560540818219373
0.9038095462727691
1.0956415555493058
2.041661044224261
0.5420829091779091
0.966906442308024
1.3160053271885983
1.7534347969165593
0.7821258673048672
1.3265184244617927
1.4750140447287847
1.2315707385925336
1.823957340335531
1.4975531985696735
1.2593264078039847
1.63605847438657
2.1852052003646087
1.4354235630697598
1.529403336718441
1.526345719936939
1.4484467830409453
2.2023999607516216
1.7939016091426068
0.7499414741673036
1.493978902932829
1.4405298020967003
1.1610991643905764
1.3715501916792359
1.8798971867673222
0.9213172307552373
0.7124092504704607
0.5545625072592943
1.8499234840639436
1.8161178367542579
1.410634774045438
1.4923523547368818
2.196537135299528
1.641764935425365
2.38412678215548
1.7346504258370485
1.1889244430113797
1.4775992541118586
0.9885097216645098
1.701135404151065
2.0885971709777174
1.2246348969512229
1.4492290433757582
0.9387599066995704
0.8780639131946335
1.1448279791532918
1.815415004440178
1.4271001315055367
1.6269861591502701
1.388223643422611
0.7829285863182667
1.3018261737404953
1.1850742174775615
1.716382843622727
1.3547200784792781
1.811075097103094
1.2294725681930079
0.5657013844138918
2.050385225673492
2.1201521229181433
1.0631081994695943
2.0501211363480607
1.2018230408683663
2.2386134650601672
0.6896414552948888
2.247386878619236
1.3118111696270447
0.5046007502116576
1.345342028822728
1.6360953976079673
0.7749250515101123
0.6801079807622628
0.8711009455888712
1.9073720870043818
1.266299530392434
2.398126133290877
1.6966477994346971
1.6698253228105724
1.8544811077837373
2.0292731061535583
1.1484536046511724
0.6963353552064178
2.4202860534414024
1.7537861348436083
1.0179637014036698
1.5997878020179288
0.733026967416301
1.9216190296227846
2.066685939569804
1.4073189323156725
0.52842456349478
1.906912232561341
2.304196341181994
0.7206464863086326
0.9401222919427865
0.7946223024349501
0.8672289482094739
1.1724341723163785
0.7524862241637895
1.906641821124624
2.3745981871586173
1.734315599761453
1.0195231147470143
0.7773168280762972
2.3735167979969196
1.6309737973618554
1.6694266856966635
0.9834850659164989
0.7382943068680266
0.8436410531729654
1.0803603292200543
1.2007763459601473
2.1747708669005736
1.1194472102564064
2.2261413840649302
0.7922658667004203
1.0566967581107414
0.9142319413562228
1.786911151583909
1.978609910132944
2.134260488915665
1.885060280928816
1.8439206454395904
0.6948711155783842
2.336455249992343
0.8279117400847316
1.8774440138229849
0.9657011481943272
0.932706790108913
1.9552939388046984
1.9949966558847376
0.7136720011476008
1.6373843786145648
0.945630294480162
1.0059118942225043
1.7239610714008196
0.8242787354390764
2.2837908774952034
1.5258904015077015
2.3133691467562096
1.839607571087712
0.8414007789650462
2.3911299341665027
0.5190763549978414
1.6559903718956346
1.5193927810693753
2.484467571718576
0.7889382748705709
2.327145626454799
0.5473045207692941
1.2408186974501367
1.7859187246559263
1.0217013003280793
1.7885193821538847
1.532447919562045
1.2854219934840672
0.6584339944827295
1.0971410714325336
1.6052144087550257
2.20175053311511
0.5412035039010699
1.9626292530936378
1.6241676135602756
1.8838196121193242
2.206501713544924
1.9907681966534223
2.2972796478304307
2.497767911142513
0.646193262895538
1.7061115655839214
0.8012094764067432
2.037210385977822
2.0068000288381396
0.7803498429676838
1.5747202514160301
0.7324160908699444
0.7936622383944663
2.4960864354967636
1.6607057077053755
0.9639026618523898
2.1979827016903584
1.2111236865640806
1.2387018022313945
1.4545870936942455
2.283311160209221
1.2235601870060795
0.6899801476905294
2.484016581790006
0.7437911265905073
1.0084686092547837
2.137534306985346
1.8316862787338402
1.8808154025098511
2.355630167790774
0.6869923407989826
0.5436605630338922
2.342768140119656
0.8342902720327137
1.8160794346042946
1.0013093007528118
1.2544425776110375
1.3239986019185175
1.4625507063435161
1.6677289857480968
0.5619737103870748
1.7299533382140035
0.5732172974954739
1.2283726722762407
1.1257890821305119
1.6055662794410612
0.6027415380701642
1.6082835985355948
2.025075680934467
1.742964532455628
0.8480978453799812
0.7176200368641348
1.426685205500019
2.1560909600089837
2.2350839303455743
2.3322454685617897
2.2976678558920307
1.9968695580274136
0.5057786957745463
2.0906170223801395
1.272443792381143
2.115759035158288
1.159693699030646
1.4147746710630036
2.4827746829512
0.8479153660137742
1.4388742515269115
1.4026435852911836
0.7423767828651047
0.6303977560643619
2.4667148431028108
1.9290827744284806
1.8390983761481796
1.75083777271032
1.3870603843863496
1.357168510974813
0.607135293084599
0.6755995020449914
2.2864605357435757
1.7254988227316057
1.0222662616739142
1.813787834682986
2.152465833895205
1.55921300058392
2.429403393959187
1.831093707027081
1.3562940783881976
1.7527255150663459
1.1576536777281459
2.4612449005408292
0.8838793858860319
1.7866216412102982
0.7769308476361083
2.2312655932954737
2.0319950500397805
1.9094026254713148
2.372466328095987
2.10401644360127
1.7784774411033624
0.5567073507120901
2.252729225382509
1.6515510024775382
0.873487432537096
1.0203241384738142
1.0798347795930783
1.6960605155676012
2.066164333813943
0.9084618797049913
2.1157278968292674
1.8413605356957274
2.1461520034920185
2.174064253509994
1.3687417709580785
1.1672095289024615
0.7918719179322133
2.0355827732287723
1.444294469559964
1.2065462787226964
0.8655823052486185
2.159534318191593
1.1076923616132788
2.202267952799291
1.8024606206098366
0.6475637081027865
1.2342272850877325
0.6000425293215037
1.6247014678212903
0.9158586741932493
1.8130218334392338
1.3682873500648371
1.0703720224721291
2.2464783959411054
0.5817612831632752
1.9936971202907676
0.6278909238160579
0.9298917708185765
1.207817346063198
2.407419695398894
1.276148095300801
0.7973212447388149
0.5858283865543994
1.6521830522041938
1.5289214333540582
1.7538670828251937
2.1233489528085894
1.4169919330585599
1.0354673151188503
0.7537314004056741
2.065628182264875
0.6429173198207776
2.47487066012285
0.7963680509058655
2.1775829784219427
1.7457136947333212
0.9645463307264621
1.5526266174681371
2.1152502451398165
0.8860708824064247
1.1137595634833959
0.5915512736348367
2.0004321819358495
1.3046032373374818
1.8430210543630818
0.6168471221013403
1.7556256333594893
2.3250354460524942
2.1025389852180547
0.6519490220787751
1.4195972363649239
1.2888217044583705
1.8388818365372097
1.3803887295792736
1.23504326698878
1.1367460062942971
1.253152365467477
0.7216740194540168
0.6298588890622712
2.4818055820337337
1.0370300047298113
1.7696915617444495
1.2869111654847258
1.0661828842868972
1.7123197342754022
2.146389538494719
2.442452893625266
0.5725378797019285
2.132779594316194
Rank 2: 200 simulations
0.6949148456518541
Rank 3: 200 simulations
2.1535053345540405
1.7669576530427182
Running 800 simulations with 4 MPI ranks
Rank 0: 200 simulations
Rank 1: 200 simulations
