==========================================
Mass Fraction MPI Run
==========================================
Date:               Mon Sep 28 21:00:58 CDT 2026
Host:               ac014
Array job ID:       2172262
Array task ID:      0
MPI ranks:          4
CPUs per task:      1
Nodes allocated:    1
Python:             /scratch/user/u.hm357857/.conda/envs/comets/bin/python
Conda environment:  /scratch/user/u.hm357857/.conda/envs/comets
==========================================

11.471116610952256
3.0052539402989833
3.4422251441998695
10.884204963280668
9.798752534798425
3.9350243948721095
3.2613474093628225
5.307153612220627
11.465195401054414
8.631197573226572
4.939517002298063
6.789339579769065
6.848988498905969
6.93691738603464
7.983837597776303
8.385962145569046
3.8792788369242617
5.795076577354629
10.822965121391126
3.213482140691738
4.322963271819268
2.940060344873936
2.903707374153842
11.05842546779301
3.002046430480172
8.80587074698504
4.0177258328418395
5.412908625443963
10.236500053017785
12.314451091502704
5.3006466908190415
7.638718430318148
7.0927317652774855
6.849756821094357
9.825243182472414
10.926850741719715
4.80201424086027
12.299464289863838
4.524547295257969
7.437513854592474
5.236205456705707
4.893968313884988
3.232315620089241
9.881080733313354
8.904736108470399
3.848364148814283
9.615867046809523
11.887342797585777
8.516533580055096
6.994035661058595
7.328481663453832
9.927910437639348
8.064446490677376
6.705848585043076
5.8251655953737105
12.027696749182361
11.073223037256524
12.105190493834034
11.68405434240509
6.739353517792063
6.443001415279105
9.755361672952226
9.14234008466563
4.674984895799571
8.859743689574575
7.785314993500995
7.654690549130962
5.65484651665554
2.7439495999072863
3.1292294506076654
10.521465654393404
2.9620108478682408
10.202043136278597
3.758547431128876
10.957742935305866
8.000333352841288
4.335316501892076
10.65238819612106
3.8165021315818026
7.648182559692627
7.365876422116383
5.160377015869222
10.793236822728424
3.9468958553712383
7.963793070533255
8.179866560570122
8.901542983214153
10.7398323016797
3.2310015749290013
10.99161619768202
10.98477735210822
9.905455593437686
9.73394747535982
3.3930579658273086
6.728224133403398
7.317774489117873
8.609880373410084
9.156646930487403
4.07355516259207
3.6719130400062427
3.2733198451997914
12.284904780441202
3.433448552610532
5.8894277582718235
10.47437764031104
8.594595159340823
10.193662507465707
4.679950367948878
2.5017773987241254
12.391402933068193
11.651396834948546
10.52792439250553
4.460147596518591
3.270192361159677
11.726486030576519
4.108831171879745
6.373372293854377
7.669070233888705
5.515125212495881
4.388975555490303
2.8099016985421965
11.487052313500191
5.338572439721792
7.200995394433719
9.40719047575989
5.594923976650225
7.724012848155101
11.906607399892508
4.872510757005308
11.810839640751771
4.676489217811106
9.002058348969864
9.431893261169913
2.92854382876936
3.427970016536971
5.565395168698318
12.23234135852313
8.831847512808721
3.6920609211220667
5.7919619882292315
2.632489723235917
4.390474650909368
5.989105395523975
6.948748231626989
10.189645733364948
11.357176913375739
6.346090369661485
4.759860710076187
7.64126983695151
11.050829828755868
9.478935183972725
7.672336922332008
3.3382595604857066
7.336677522795267
11.925355488583655
11.76967730857588
9.04342287764633
5.227893459966486
10.075565462826102
2.9945327341370187
10.57048682393424
2.9492885623872276
5.060863279329086
10.75071431857247
2.6694222485521966
3.0795346061187123
2.5512809946220893
7.395578366665726
12.03978807357574
10.726998127421615
6.011843685533212
6.407605226579326
9.931898889207014
3.628593620645283
4.314639698438636
5.513010275598504
5.6422653769318725
2.9355514036961927
2.8546571942482313
9.786805399011058
5.761908284086459
8.362357855259772
11.63374170808799
3.0751455415880646
10.026698730592855
8.958672066293918
4.1719059967015415
3.800375943006429
7.329128199769751
6.039422059787642
3.008484279376844
7.861636120696957
5.72993520653193
7.427782837908118
8.118765176165159
5.368793766552191
6.956867546932627
8.24105482729319
11.483591998297968
10.661698194647068
11.365264994943807
6.502999947153457
3.521743082531983
5.128347262724756
4.971225393296129
3.404751469061841
11.617250067905267
4.7686313858663105
10.06336934801555
11.416483799772955
4.615733445236515
3.828612725189723
4.05834562155467
7.357129769988013
2.730339164072185
3.2600623369542747
3.7385156833261037
3.637814625215529
8.521614098523228
4.293357685305109
8.430278242498554
6.025166878782161
7.180384438639182
3.4755592571474647
8.632702589402854
11.862034038825088
11.8746501678047
5.183558221602317
2.7509931835661305
12.31947500892772
7.274180559808966
5.786636355690751
6.177233482318421
2.504555874032154
3.7703166407058863
11.385278804216316
8.139288126048115
10.718071727836586
11.901141803960698
9.202782879852897
3.4378386934214333
10.41754732047601
10.872048805117027
8.50578379477836
6.75556434439546
3.4329520647512357
3.864693099578733
7.340696806167673
8.969208197271458
3.622625930256201
8.215463145019822
6.309810886188975
7.708860463607229
11.54229533615556
3.8097140189256464
4.986481090029294
6.239048835490375
4.660461371979247
7.486408444135153
5.277599355384731
5.952640678595903
8.12120576660849
7.929911876767665
4.131107967725558
11.617429395760707
11.631530632238356
4.984099356864132
3.5047844412250106
3.6093413553434326
9.181618575243782
7.768741854305805
8.055110147124282
9.457745220273962
4.815446612307104
3.322316291427124
7.507773458446597
10.226873408712422
7.10601232340372
11.641354555911928
10.890569985763902
10.573742993321257
6.823635317193992
3.0642098084690774
3.769361407820483
12.396087349888273
9.329009485430982
9.106918990042363
11.85157236771421
7.662777415943415
7.974757150513881
11.075275745226406
4.328121778153503
11.591733483981693
11.07719238166734
12.448690901999548
9.967174783104765
11.98252023462283
6.358784693313875
5.113748357191771
5.93762334122022
3.449435022042012
3.092654014090739
3.4645225100288988
5.269973924126601
8.640018205413426
11.732628527189998
8.010176584503226
3.423676094593503
9.157981901173672
10.877881781737827
5.0351370108673885
5.7645862344069005
12.324366453214067
6.98606104188391
8.173586903171978
11.127936223627891
8.277523880167891
7.098781051919538
6.946660913733551
4.885209915544042
9.627585391449902
5.773815756359504
7.359242696627868
8.724452423083457
8.316136276827546
10.457608358112356
5.578894171477053
6.894894006829063
11.525545087908029
8.844410831937747
11.208093247844984
3.104043807648215
7.600779352319593
5.468201426242683
3.4061737922204447
12.136736229957709
3.6758520547798126
3.424744426813459
10.87305956649468
3.164382724502958
10.82972291445573
12.039194004323688
10.993244418872003
3.3463841228862767
7.693138158459521
12.133751998346975
3.280338188894625
3.692594823737915
5.42699750163143
10.420237523626385
8.964783293093626
9.106341226920051
5.978834814041597
9.138176591715453
9.155879213080347
5.141937107526584
5.768017934323563
5.807832688130434
6.745666938860172
3.230737362201681
4.600380649713656
12.161438417138697
4.9382160256760415
3.8183352477926213
7.153758740842977
3.382067401549551
3.2400600799397017
12.168902928590992
9.588894074734263
2.897175894545679
8.310600935698101
9.441082755918481
10.976424305389415
8.981870315229875
5.686690365476082
12.297794963951025
5.322811412036977
3.939923990439053
9.26706559740871
11.767337017288215
2.877864560812824
7.945858288917754
6.9195315886604245
10.593049233823578
9.125592080595236
4.884629337349428
12.063034376230144
2.774323027434927
11.481396041642059
4.761217460226326
4.452986115190233
4.695637914124208
9.741619969930225
12.088493375446118
4.289746543738861
4.3879783572390885
10.692146884556603
6.683320276571537
5.872977682771569
4.326900707254959
12.399756549039662
4.37538089631674
7.037834654068444
10.639313173644076
11.049185532437848
7.197055753873891
11.840305063438045
4.596458310654095
11.376725319195174
10.475288991148666
8.599010161345781
7.756483068501585
10.22437997807468
11.811493889423723
2.9275625255813975
3.8724339160606656
11.186502097894707
8.3184423393661
6.165600759433252
11.65286564914875
2.83864788188131
3.3047961149739824
9.952247146452706
11.671386154346253
5.137021283347071
12.389427469356555
5.6714480159891325
9.125336985979148
10.835300233507093
5.634397720803745
7.687845988565281
11.541107078099863
10.172368404124533
2.8577525275385343
10.24565557587642
3.258552321381546
11.426720725812505
9.221263768533948
11.526354370676238
12.151702397912219
10.710316598531735
7.199546137587668
4.13917235083538
5.907732996592569
12.153278791758812
11.46174972387852
4.768573866323163
5.807990853758741
6.667504906274187
7.314414142796118
10.687499541605202
6.93628666936717
8.11240587184976
6.172106406640017
12.179877086861143
12.203815101541933
3.3568459304074825
7.068332548073377
2.738729405309849
12.049055770397516
2.9963436976608526
5.174839925525752
9.756012355450427
9.393605179196403
2.586270418149584
10.200516665127545
11.385829611740458
8.151184536275757
8.109020259976887
5.718367265785033
9.180120556074272
8.098666968542773
2.7560507778541075
11.495937497175582
9.640247128787857
2.5453143976264423
5.856998091511285
3.960135652431852
2.761067703745682
3.99763513770678
6.284623552512407
3.9974035004477217
11.13749096462113
2.572456336092129
6.553488349069613
5.674158548559246
8.320055241135703
3.1287577377559317
7.273436447784263
6.0447757607060435
5.690389754474588
7.98591398679232
7.719813639274121
6.129171016576924
9.735007649997833
11.309880060501065
4.931934549436176
9.766518720049984
12.189939693582815
6.44662085497454
4.547276528886856
7.226549168604763
6.7869566954122815
12.07791446840748
3.913829240041121
5.311850106006883
8.155749985146171
9.034060202013222
4.699188078962761
7.048262261921181
8.843238702569664
2.53421918247146
12.139814385306078
4.759934206881649
6.66031056883833
6.363799186867944
6.5896753186272825
3.033000254637556
9.599029078024326
6.7231143250528085
10.29788955026256
4.149407348275655
11.035115809169238
9.384101695957483
9.64746549282249
11.205398877774584
6.777666248965573
9.947503990362081
2.7663160548165955
5.941971477272957
8.570699089426547
3.1828477837224045
6.084353122691963
3.0278147472497574
11.507164850391023
9.878590627902602
9.580230781888917
8.06924644523512
11.798697553624624
6.426481570042308
4.446850834064212
11.698188693356126
4.076918756836781
7.894097990088737
7.700195856692557
12.281341758789532
2.8326762656898063
7.345340736612158
3.16969033250646
4.054092702741084
11.513381693107615
4.706215770482976
5.73547293968902
6.687862995859709
11.840349611414437
5.078981677087773
3.6983242891135215
10.64383919423405
4.112348089245406
7.337795280135644
9.441935839718084
6.1205981070823
7.8825403577087725
8.99614250387552
7.718507138636399
9.664450960957321
6.35639892885751
3.0069715272240725
9.38163680016563
11.813171851067615
8.896453484151518
11.107284113224999
7.741169285255692
10.049064276857251
6.377360472617354
5.063456790025038
9.23925349126009
8.443862313643436
11.741447528660748
7.0172499221530344
7.544715424599443
11.104107430069273
8.243988148465329
5.386305586463919
7.934547406974868
5.551671313263791
7.323407781887065
4.773770109514688
11.778003907648946
8.693515017868219
11.483115150522401
3.8462301135947774
11.095787330754735
6.1183690217337485
9.446702116320212
10.860147215174203
12.276155424981404
10.304758598363746
10.70031501358778
7.109752819067088
3.540840195796916
5.708618221829535
12.246864201835802
5.026271714804265
11.576952321130703
8.12777267323852
8.635124800689411
10.03580506929478
6.657967978163091
5.384523674994592
6.168259081379437
6.3613797995466825
5.656352130162795
8.157723410406504
9.523349517921877
8.093361073408378
10.027006681084975
2.5607169235330343
3.4249180140730315
8.012114431013199
6.692858236059253
10.13983593221795
11.48335523491453
7.094178605379767
3.4914377113184027
3.2594653130738562
2.8908654093167883
9.605249942072582
3.4152493868754643
2.6814835001819137
8.070409575807606
8.773881782702778
11.59971837335738
5.697866879178423
6.586684502842013
9.469537254385319
3.2522501558047012
5.825718664284409
8.644969183263381
3.2265500084408494
4.436401087502199
4.539389364161911
3.2568739599766183
7.271760474689589
9.534792779710633
6.568478030753074
2.7450092211434516
3.4431699969383267
11.626889348791368
11.462120460385938
4.775832521601768
9.5282011686797
8.17776280817816
5.838598312416826
11.287609753629308
7.020834137922167
12.004804423549103
8.04634690921434
5.684731277962795
2.9986464157776096
7.062654054111156
9.389193202860149
2.890070293679882
3.882092436667289
5.0015833531715845
12.119993189039205
4.214796465681977
7.539334929134299
7.430278528513361
4.3458392022131065
6.363164448083447
10.629349137717286
11.44567488363965
3.8091111018108306
7.297861588552013
6.579852840270611
7.58177428388961
5.561245006967877
7.852219645311651
9.248698006477259
3.7426813213274404
12.171195813376452
11.97496985003748
5.803260748143764
7.950290337485953
8.504352795686088
9.326315482775314
2.874052241406054
3.0266324185964577
8.649775235463528
10.817528179517405
6.274112682806404
6.878824178427295
8.80698924577057
11.467901009603196
10.452070918294647
10.471354020194582
7.7593680437992845
2.9238976268774297
2.808153892749481
9.01184704056779
7.622396676369721
5.251334098780428
11.928448394485452
4.025938870077811
11.41817129447977
4.053192277603501
4.942691584793598
7.421333781269842
3.8170045071554926
10.367924534573142
12.174173127906517
10.929351748913742
7.030861733953181
6.225282789671155
4.922481276646295
3.6859210874000237
3.2655946319169447
10.258127405667025
6.416961110857459
8.499247915648647
7.5041326862527225
6.678856446806841
11.131259182332773
7.233798412942135
2.9870121230962408
7.998296067387552
11.965285080361863
6.904217170279071
11.103431924774211
5.655163290113659
4.340796499852385
12.080698502491783
9.599788098609807
8.954104997933285
6.835798552601032
7.788306321130499
7.4761569153724485
11.315281041542985
9.265490352107571
7.218055401508948
10.361435809387473
9.90832625571452
10.606760214101849
8.005629604743708
4.9287432858427485
10.181266186379412
12.477697026085767
11.68971438933492
8.237391485364903
6.806864437475346
6.092164492050543
8.253890081893694
10.835520457749958
8.410053587775444
9.460006558861279
8.001682948835358
9.910668902795639
5.553561583663177
6.924423508061997
4.154648998617097
11.93939380528244
7.463552721594694
12.479057275357288
12.345370251821242
4.984729492603936
6.953614728278662
11.173699195923279
7.7385448030516315
11.172141404414202
7.633799902651046
12.379391973610636
10.03698056078572
Rank 1: 200 simulations
5.412288487749893
11.084696941799816
8.104691573080736
4.907036618371501
5.2270958591936045
8.537802266139167
9.018736573571466
9.951184777538115
7.339115697389172
11.623473774229673
6.080281873948463
11.804158729754969
9.439787558123738
8.009714370516164
2.884495152539581
4.605637244693805
7.576413601475989
6.5200883685179365
4.809723758079855
7.324489674391187
4.752703882105714
11.041762738305078
3.5187613994355784
8.650790890624435
Rank 2: 200 simulations
9.062693004449738
2.8045005177804514
Running 800 simulations with 4 MPI ranks
Rank 0: 200 simulations
8.896818893064577
Rank 3: 200 simulations
t=1112485  fraction=0.52625  peak_slope=4.719e-06  t_peak=100124  comparison cadence=1112485  difference=0.52625  below=0/3
t=1123610  fraction=0.52625  peak_slope=4.719e-06  t_peak=100124  comparison cadence=1112485  difference=0.52625  below=0/3
t=1134735  fraction=0.52625  peak_slope=4.719e-06  t_peak=100124  comparison cadence=1112485  difference=0.52625  below=0/3
t=1145860  fraction=0.52625  peak_slope=4.719e-06  t_peak=100124  comparison cadence=1112485  difference=0.52625  below=0/3
t=1156985  fraction=0.52625  peak_slope=4.719e-06  t_peak=100124  comparison cadence=1112485  difference=0.51250  below=0/3
t=1168110  fraction=0.52625  peak_slope=4.719e-06  t_peak=100124  comparison cadence=1112485  difference=0.45875  below=0/3
t=1179235  fraction=0.52750  peak_slope=4.719e-06  t_peak=100124  comparison cadence=1112485  difference=0.40125  below=0/3
t=1190359  fraction=0.52750  peak_slope=4.719e-06  t_peak=100124  comparison cadence=1112485  difference=0.34375  below=0/3
t=1201484  fraction=0.52750  peak_slope=4.719e-06  t_peak=100124  comparison cadence=1112485  difference=0.29000  below=0/3
t=1212609  fraction=0.52750  peak_slope=4.719e-06  t_peak=100124  comparison cadence=1112485  difference=0.25125  below=0/3
t=1223734  fraction=0.52875  peak_slope=4.719e-06  t_peak=100124  comparison cadence=1112485  difference=0.23000  below=0/3
t=1234859  fraction=0.52875  peak_slope=4.719e-06  t_peak=100124  comparison cadence=1112485  difference=0.20750  below=0/3
t=1245984  fraction=0.52875  peak_slope=4.719e-06  t_peak=100124  comparison cadence=1112485  difference=0.18625  below=0/3
t=1257109  fraction=0.52875  peak_slope=4.719e-06  t_peak=100124  comparison cadence=1112485  difference=0.17500  below=0/3
t=1268233  fraction=0.53000  peak_slope=4.719e-06  t_peak=100124  comparison cadence=1112485  difference=0.15625  below=0/3
t=1279358  fraction=0.53000  peak_slope=4.719e-06  t_peak=100124  comparison cadence=1112485  difference=0.14250  below=0/3
t=1290483  fraction=0.53000  peak_slope=4.719e-06  t_peak=100124  comparison cadence=1112485  difference=0.12875  below=0/3
t=1301608  fraction=0.53000  peak_slope=4.719e-06  t_peak=100124  comparison cadence=1112485  difference=0.11625  below=0/3
t=1312733  fraction=0.53000  peak_slope=4.719e-06  t_peak=100124  comparison cadence=1112485  difference=0.10125  below=0/3
t=1323858  fraction=0.53000  peak_slope=4.719e-06  t_peak=100124  comparison cadence=1112485  difference=0.08875  below=0/3
t=1334982  fraction=0.53125  peak_slope=4.719e-06  t_peak=100124  comparison cadence=1112485  difference=0.08625  below=0/3
t=1346107  fraction=0.53125  peak_slope=4.719e-06  t_peak=100124  comparison cadence=1112485  difference=0.08125  below=0/3
t=1357232  fraction=0.53125  peak_slope=4.719e-06  t_peak=100124  comparison cadence=1112485  difference=0.07125  below=0/3
t=1368357  fraction=0.53125  peak_slope=4.719e-06  t_peak=100124  comparison cadence=1112485  difference=0.06625  below=0/3
t=1379482  fraction=0.53125  peak_slope=4.719e-06  t_peak=100124  comparison cadence=1112485  difference=0.06250  below=0/3
t=1390607  fraction=0.53125  peak_slope=4.719e-06  t_peak=100124  comparison cadence=1112485  difference=0.06000  below=0/3
t=1401732  fraction=0.53125  peak_slope=4.719e-06  t_peak=100124  comparison cadence=1112485  difference=0.05875  below=0/3
t=1412856  fraction=0.53125  peak_slope=4.719e-06  t_peak=100124  comparison cadence=1112485  difference=0.05125  below=0/3
t=1423981  fraction=0.53125  peak_slope=4.719e-06  t_peak=100124  comparison cadence=1112485  difference=0.04500  below=0/3
t=1435106  fraction=0.53125  peak_slope=4.719e-06  t_peak=100124  comparison cadence=1112485  difference=0.03875  below=1/3
t=1446231  fraction=0.53125  peak_slope=4.719e-06  t_peak=100124  comparison cadence=1112485  difference=0.03500  below=2/3
t=1457356  fraction=0.53125  peak_slope=4.719e-06  t_peak=100124  comparison cadence=1112485  difference=0.03375  below=3/3
Stopping at t=1457355.8723297
Saved 372 remaining particles to /scratch/group/p.phy260085.000//Mass_Fraction/Outputs/Ejection_Results/remaining_particles_2172262_0.csv
