==========================================
Mass Fraction MPI Run
==========================================
Date:               Mon Sep 28 21:00:59 CDT 2026
Host:               ac044
Array job ID:       2172262
Array task ID:      5
MPI ranks:          4
CPUs per task:      1
Nodes allocated:    1
Python:             /scratch/user/u.hm357857/.conda/envs/comets/bin/python
Conda environment:  /scratch/user/u.hm357857/.conda/envs/comets
==========================================

10.430110196535274
4.431082363835603
11.277380881589274
6.612507833582747
10.380693602476073
6.229559419189846
9.157443038240313
9.756991457881357
11.372948282453164
10.505860268047256
12.464969618605359
11.31858448729563
8.314125448081585
7.009860409982988
2.8399453905085625
2.6367599271668696
4.659073333733428
3.4784630990510212
7.496691799573679
3.715650578175201
12.128055140161704
4.351064118406759
4.415134126781015
5.067958892815811
11.17754118050291
3.5928957523459895
6.397429245317787
3.1666036092746594
9.02217260936006
3.1680219428543976
10.58894124055102
4.0570414419030145
4.184122367836195
6.152824711819624
3.1058868690634878
8.332866478963583
5.806721210420561
9.432563268404515
4.8915071591986194
6.022219298720508
8.754464475917073
5.198221176898663
3.441742107549448
5.716356082381355
9.241461190573727
8.758284325278874
4.715439002970595
11.015025567177691
2.6118623717526623
8.848804215668963
11.686123658675225
12.376309975746208
7.45502341579799
10.10844369501541
7.020176557304259
7.814886461049153
5.312967529816452
12.470111716648715
7.954663836611936
9.873163494478383
3.751292696768699
10.149708642199025
7.038355979159521
4.845515229605816
9.36797422987463
10.741347278044115
6.119690937548342
3.9522752850450713
7.391259152446835
9.773240973014602
5.1099744756305725
8.997743089817874
7.7974314409064345
8.800406592310946
6.449671101584179
5.463305287729497
10.659810604996345
4.861298712400279
10.129394466740969
10.129691391563746
7.722340485957178
12.341406742421652
4.149857830553084
3.9479109531754606
9.96105041796623
4.52243549889746
9.455328269476308
2.767133478373349
10.27885518687346
9.234838015440896
4.607047204161962
2.568940950359775
5.515589960200708
12.440580725418782
7.429932488440981
8.441822853208397
2.9678715382794927
10.640643928394313
9.744807060372704
11.978470165238074
5.6512950692205255
8.745565455372075
4.258468101906008
4.600151067008201
5.824080849208099
5.276137614301954
11.760469988245623
5.632880831068659
8.379002529679434
3.555871303264375
8.446776014543989
4.168500111017227
7.842850687274816
5.985210633064344
2.619570929191676
5.3130377249781215
8.698075139911762
10.820651059747021
9.983469423645209
7.907109517126712
2.5445918842825876
11.583840847741621
5.591349730676462
11.977282796747797
7.5922736908183674
2.672218862663913
11.959156462594418
7.61542345479925
12.36869579628229
10.89702721845209
9.157859922874406
9.553208819117176
5.909158085716641
5.4285791941121015
7.138569129371844
7.118259289717627
5.4539339821231625
3.295912346765044
9.993751751007492
10.126482865367024
7.809222492724738
11.55050529639172
4.809136052817803
8.006495373105825
7.326424863713274
9.073753566726815
2.6946643733032527
5.112945691308218
7.589129035479828
3.9099110341280308
9.66015338512254
9.442922589977071
11.107739737522516
9.557821591960177
11.964964448191022
12.276986788547163
5.209198189529916
6.586801624672721
9.747243359168131
4.432747692598648
5.845866852828294
3.203494714060188
7.29197125726783
11.706821958586593
8.505410243190834
5.607683477653282
4.195059348855816
8.323368892623767
6.930331264868612
9.90760186891442
3.566911140691742
7.805422251169771
4.100755525545665
4.956824072735186
6.502221082953521
9.0212716206424
4.920504773193887
7.16877342441795
5.065339064171791
6.6541756869057025
3.868799123276936
9.109124311265749
12.30643457842867
10.305797531599872
6.31824767272097
4.370830817014456
4.543588176723141
6.303531331045164
12.184552950445065
12.357577616148475
10.112363955780372
4.375510645478032
4.311195543322638
10.909866082056338
5.414993156474445
7.212650538709485
5.667318772972108
11.203052873509263
8.686006445658052
9.397490430844627
11.289010511538669
4.54447213041142
5.85102494168193
10.19677588979008
9.593179054780414
6.320345934496151
9.336340041393653
7.241817138126346
2.9702349278231144
4.099341851853422
6.664062539001976
6.3139866784393375
4.980831233868304
12.188444795280668
4.042347184171903
9.691756621340392
6.3262630930193335
7.691064707769839
7.233286555493356
4.112357263165962
2.5590602752543767
7.097441272381846
2.531260499222622
5.890317218170821
8.131649362934535
4.534427763000238
5.952577328806477
7.555632216051072
9.056688068717296
9.886346126372375
3.592533188705509
3.5480584101421986
12.018134704335072
9.223307265363083
10.223327910515241
11.032085846437681
10.22571005830293
6.538254292027165
8.800615486278595
3.6505799999809008
8.315587266505018
7.051499625504938
12.41191562466301
4.4577039584702005
5.091610170901683
12.233746080439289
6.275504412400564
5.661487177153878
9.087987362972097
9.577092033864357
11.359337517272435
4.228835734113794
3.976058217085401
4.894472905586858
7.088598729241447
11.646339660690794
11.907166021655215
10.415397961095568
3.8389972855067587
9.714248163886076
6.427327423496745
8.615069267598289
12.279993740025807
12.183338007293344
11.59070622301667
3.341432355326752
9.217773468438683
5.480466271078645
8.97100495599227
8.58024885003385
8.120904086259868
6.848176815612723
5.873314469874352
8.092360343391098
11.778349883462043
4.353827034475579
5.3653893007491895
3.2130719388743536
3.1534708113468115
9.180604336844478
3.2454848564142225
10.55802921126672
7.342640035424993
11.557837652892413
12.194130800769805
3.537553022319191
4.3772195404136784
3.7717888698130397
4.79913176933179
9.461470201908947
6.488832205020457
11.728007352712707
11.170687327943492
3.5685640481556113
12.494107921611432
10.832074780852514
12.164518660853473
12.180272887488117
12.303662279992269
2.9138494115226576
5.916199895939458
6.9660468675471945
6.716086034814907
2.6600423161458284
8.829278018056545
10.055727768334283
11.157252305061112
7.688061778661421
6.822797889593724
7.424200451276038
10.136312443180671
8.654438301982218
10.962284007613892
12.063874389374035
7.768470820963197
7.428782557320655
12.058990664639351
7.831111470568267
6.229177038753978
8.029033052570398
6.608552657695908
10.911557257220467
9.363901789301174
11.402936411841788
11.333725622555594
3.9225381803641324
8.627007912522837
11.761580412879454
9.82307222028903
9.739579855899075
10.022659813553815
8.307131425448109
7.912300935338613
5.72027545830312
8.589544957792715
7.654103947036665
10.059363913118252
9.06881899259175
11.816672579105925
10.389952771486257
3.1949115218800364
4.827029575304863
10.422791031105689
3.9650277728217462
10.434254083645031
5.055829741874409
9.662450162465756
9.884589084355717
7.077195033847005
3.697249855146134
9.793915239696702
5.234685933115611
5.50075165014599
5.702419478610557
6.606098892202539
6.808004255535457
7.905429912093239
7.80057598483514
2.5636163975727477
4.139731647610244
11.622900881468025
12.047401723682428
3.1976032119578726
8.330711752957868
5.937489973203548
7.67831452817329
3.354284657890317
8.828346107946334
6.747361288282906
11.083396637525665
4.567413685295411
11.005557498251887
12.476565073185443
3.034762401323122
10.065187458999562
10.548703240061467
10.71913696316239
4.467588205293898
8.47304430817314
2.968695374000819
10.13484384367441
9.302357201640605
4.469952150443024
2.799925115140459
4.206383742076731
8.61654722642534
8.660348578810057
7.042180762201911
11.035858909438213
5.87561121988296
9.048702837194238
5.795990605441849
10.07368088097782
9.564144411944232
4.199548226564786
5.66460867009285
12.078751863161742
9.866812923093796
8.12292477214152
9.112808491144659
7.200653692621871
12.359121915051057
4.686652785897075
11.341331840963576
5.1829486024119875
10.03297577716308
6.801342964396257
7.3994571834225455
3.403900391776189
6.3711246709937
3.452433563609194
2.5534785939099636
7.831426024024358
7.494376855475773
8.891557817216594
8.578392177372736
2.573405148236466
12.178011036687925
12.088669522339666
8.004389609520945
4.567502166532021
7.6201555693768706
10.769777875462214
4.729419104382472
8.218961733230351
8.663019150790152
6.051985155592177
11.008121035251344
8.533147700594975
6.432242187929511
5.93619263363102
11.737762218586687
3.7303910058432432
11.241987826747561
10.612240404819515
11.8554571191155
9.015319049937059
5.277995572186402
6.766528665971667
4.922242307059045
9.065922949731611
6.599876033992572
8.596571512772844
11.947678895790055
8.021479238355589
8.08215363784814
8.50203997212216
7.343869592722166
7.285096658625926
3.2972568945293013
8.502985802344224
4.404626152913778
7.773539044010288
7.228146807553577
8.596693966197815
5.165881766520774
3.059350933262305
4.393076018619389
4.532282934402334
4.301128329638939
8.477653151437691
6.093435483679396
4.8718144694956935
11.77755437752465
11.622645221735175
3.645157147754242
3.8993855786082596
6.888517019043937
7.808034999778989
5.013803000245756
11.27803705898875
6.409272395449069
12.139836868467205
4.138104340556269
7.308869860192308
11.687203107475217
5.3158234571076335
6.066434440886227
4.725543279675723
4.939897457638315
6.28195177897344
8.055699579829948
3.3413227262271104
6.301523213643608
11.772050807146018
12.169411537970014
3.5494874980157407
4.295179125525143
9.670770047146474
11.684655891601597
4.792696299744318
9.853197921820783
4.171445229232958
8.084994940904284
12.10643063439412
10.139951211828816
5.145359751283099
6.193346038277612
3.816975617181695
3.11100649736624
12.183055372753508
5.206269049788347
3.0309084596493885
11.676863500249702
10.160492092351214
7.092738734674077
8.026333231581551
2.5390655712507346
7.972365914028172
10.805402354980504
11.831259946327169
4.4166736331397205
7.536299201579807
4.071152770521152
6.762255248186474
4.9639583352670815
3.5592468527513157
7.3225432217306174
9.117729358530081
2.9070359597793614
7.206459249738522
11.158489423542935
10.95323773881622
9.300050076347288
9.104717394336841
3.367978043999603
9.352744529569337
6.857110552304212
7.265919639682819
6.856041918047039
2.973721420697469
5.037778321693999
6.1729958047283855
9.454753195814888
11.303217852328505
8.247613109941437
4.672739209795732
3.1898962047462853
8.068192578045322
10.28078490744135
9.14507616723182
9.464118193094162
10.89748361333616
10.51592944574924
8.433615650227996
8.88511267293083
5.86030372072059
10.773309537856782
3.5182844934321613
9.626921280403131
10.09590284955749
3.5431966657182565
7.962477011897937
10.971127437549761
4.8059626046466715
3.575954588330832
8.660400592236911
5.043414398984636
2.88395508032419
8.836514210124779
7.735221521036547
5.781480034344738
3.4188937892134508
10.480880639066722
9.995220289314537
8.063960554467828
11.13624416913812
8.957886650818526
2.614042555134468
8.326887625500703
6.692769900260892
3.8721834788066154
7.215959598137455
2.953847683224078
3.9550981548426556
5.424679494102906
4.3361404700998705
12.174688234866085
5.395528834932472
9.961991691017417
3.345964409569673
10.443206105462828
11.838121718421666
10.026925233020911
5.500567157647861
3.1669136338892656
7.871280318343384
11.871651412488362
8.14424618262963
7.668742746189384
5.120375061569074
10.142218266035593
7.521594488566351
6.678652856326216
10.77389491338293
9.48095146165873
4.91470457126778
8.78967698961083
6.100795197289662
11.705271716653781
6.227327283512664
10.67375902867231
8.787457948874312
7.191901916732039
4.488357670365035
4.632028427358433
7.119029277545426
4.171872150809264
3.902761238862753
3.617346371333332
3.717997179669903
3.1274940351665226
4.333415317339938
7.527512456369956
8.076991178800153
8.483397712483116
9.484073995960244
12.257887223773107
9.063308425749545
4.32803273584077
8.47925652876792
12.361674265982083
5.813151015811355
5.785123158553668
3.3583530240347215
7.339257657607013
3.3978598740879553
8.48633825126987
11.32424666804919
9.09743996762824
3.787499166284052
6.1702576643443905
4.275800506699942
9.724786857666812
8.43931286570619
8.537706744246528
6.742808734644695
7.9958160236418845
8.107421445928077
3.244608749311051
7.641785610876871
4.008703033883636
2.556324747964862
5.468859327252451
8.880170525395338
12.443485856282798
7.809404653694967
7.280629885004341
3.009652103910616
3.0562404020887524
2.606127431340864
4.9627683385292745
8.09241403092263
8.504686018780305
4.632617843486456
9.551873625961349
7.747644033190916
11.682167836009661
8.229604653820202
6.623241449823752
10.440582303096237
6.750308398705607
10.91039694048213
6.460715240077404
9.080551752323654
5.438964687890659
10.073221493773627
5.385793397013064
9.440976733282984
6.295875100025684
3.999374741468462
3.6096447913721463
3.879336420450744
6.38434810998141
6.118756796130677
6.353571886667522
10.058111546104822
5.357994070749407
8.997328926955861
2.836363276807674
6.072484561359186
3.003835231164894
2.6220176884955073
5.305272370457374
4.480673151447841
3.6367998151236067
9.120524436599606
11.172493865755037
6.096423992092989
11.479397190550051
8.457903473510655
9.963766756701048
10.383021818456623
4.329623621899695
5.335951217507159
11.57080189831316
8.568707839736977
11.56938724895581
11.269033951856649
5.638640678469854
10.395872935111349
10.313736463117886
2.68447841841428
5.3152809419616185
4.3348988026082225
8.606044939374227
6.168775483649273
5.760211098624181
2.531595911960073
9.693777646483404
11.603395877814963
5.808675957198604
8.211449747507368
3.2114628481035923
6.195416854890215
3.1026902545903923
6.911979528775895
4.1616621027753355
9.922501406637522
6.881844022717486
3.122238844114711
11.646385898294938
10.108233839680445
10.060138646184681
5.230384771097629
5.41681002091515
6.057736544464806
10.909340012847416
4.437095374437899
10.348442929356867
10.799076513282094
11.352124656123113
10.642299615860173
12.144988311445568
6.998995564118945
11.251356376263264
6.822918349900599
11.444244257533478
5.987867739093103
9.25477125978357
2.887516245847135
9.972484739487268
9.348737477869733
5.546857292948073
8.43941420835967
8.836328754028605
6.690086105234789
9.263913363450799
2.5226366568651337
9.172603499639283
3.7044035906228046
6.416822751217505
6.530800580577612
9.996155281404677
3.2396301258791285
6.245872871843043
6.000132501312337
10.61427859731507
3.168374226310051
9.905625585906357
3.8190983556234857
9.829299337951845
2.9708007021347838
3.00581186090642
5.746878623753124
6.53883357799534
4.13188371141168
3.577353920960562
7.361574453195777
10.664081319808384
8.278557050517072
5.1511243644366
11.816509550366586
6.776300798394869
8.221736625399394
9.753284874624631
5.46576783571825
3.1718955147135452
5.0106875757962985
5.343307802336383
9.927743031649454
4.555989055582293
6.512034706501869
7.397811659918615
7.040700260439778
4.490859453644155
4.979280820927686
7.594425269027755
Rank 1: 200 simulations
8.389212631704066
9.869879057540562
9.235408237596435
8.663476883516267
5.38700335794665
4.503889908513841
9.596757434985776
10.914739691856653
7.152413534033851
8.114677745623988
3.224436897958877
Running 800 simulations with 4 MPI ranks
Rank 0: 200 simulations
7.354491844298773
Rank 2: 200 simulations
Rank 3: 200 simulations
