==========================================
Mass Fraction MPI Run
==========================================
Date:               Mon Sep 28 21:00:58 CDT 2026
Host:               ac038
Array job ID:       2172262
Array task ID:      1
MPI ranks:          4
CPUs per task:      1
Nodes allocated:    1
Python:             /scratch/user/u.hm357857/.conda/envs/comets/bin/python
Conda environment:  /scratch/user/u.hm357857/.conda/envs/comets
==========================================

5.423004511808278
9.659316546346938
4.062469336129414
6.9337164640242674
2.963585404626583
2.5948517045607966
9.90376202894143
9.283828869035956
12.22735905773602
10.099367540670197
5.820648852385716
2.748292209764678
8.872044988444651
10.728293949373365
3.9986586389156287
2.791600035221249
9.472773381953138
10.603550961704752
5.009721858812868
2.8485502881712907
5.898750139092714
10.456495707439508
8.525987585601682
3.4060057029241078
7.461000265135544
7.760594951579769
6.807311783343456
4.615607071948759
3.310961213089514
2.699322520816695
2.9959665406764224
10.672115901109724
10.602661860184096
10.558357636605374
7.862350121947259
9.59354262415015
9.093256978361065
3.9645827394615143
6.142710954015418
10.368829997612853
11.42625329436223
3.3199106084694066
4.400980930546052
9.28510313045198
11.062319544864474
6.827216911478175
4.5824294875279925
10.449085728065807
4.83056307428315
11.450188705917475
11.899006015624884
6.8308919602174285
10.351592878255383
10.318842030668002
4.166750663097267
8.189989527166876
3.63492695110898
8.81841903296143
11.180769833408164
9.011433063983151
12.479651052839406
9.309685520546218
6.649883403112936
12.358148941531518
4.805048876882754
5.442616622893505
9.034781963517478
5.015605377550089
3.7446244100385675
4.735916756722977
10.799258278143112
3.14663756295921
12.015840255977066
9.297771597305047
7.7472030124929105
8.771493500731788
12.349061374432681
4.848756376097797
7.319837133506393
9.554833577829239
6.41440129120212
3.7527403827585815
3.8563664866437164
12.396076958096614
12.337923864000512
6.67550820754912
6.606426563243575
4.928390746391031
4.606118361729626
4.891121197571619
4.449298065975448
10.371387196449511
10.072292204336454
11.430657818705434
5.932249653647929
6.6196571598812035
10.994354171930913
10.70625018389798
11.92985727709723
6.511799308080186
8.876010153762564
6.595517233272751
3.430604077515186
11.873502930775167
12.331752342369779
4.449365350387388
7.703143369656945
6.601472839654248
3.123291947359883
2.9711840206544373
3.89469849002524
11.160412896005912
10.08601024624097
9.47183469977923
6.798783775500842
6.671958540808609
9.764669017617909
8.808365912191709
3.0348105220765156
10.633277900816383
7.43220486185457
10.177033469471466
5.486320803609033
3.030076713896499
12.041735579799958
4.934279184505545
4.959689453470304
11.294122196440622
3.7789684337685325
12.245903347734613
8.35669210128637
4.08064327409698
2.8731244360999284
9.134103232874889
6.370857606564247
6.231707775966472
5.174526157671816
6.370415222922867
6.918666759909332
4.032743329042594
3.158401952387254
4.947836268755498
7.423610693882601
12.432170355260556
3.9064044270311493
11.902158408281032
8.232449511706701
8.498718746241234
5.740124749209514
7.887862509784042
5.427105479887389
4.9894700397196035
6.382319186851733
6.298222614234393
5.782581878683148
7.917024702806889
3.532894883267134
9.50987616402757
9.843534362405263
10.98673880537415
4.810119195446654
10.654044370044645
3.473476601010108
7.817978824000185
6.574433072589542
7.512824678780879
9.620362558600414
2.6926948498642767
9.16153562579127
8.08907565251564
9.723714835244817
11.502869615894367
6.478095230987185
10.745837422705165
8.23057025601232
6.514490327531749
9.13864457290676
2.8732729961821035
7.2124163990123265
6.1416504857504695
2.9807350847169856
4.995557085891865
11.254275368172152
2.9150614963941415
6.947443083597658
5.150669127009413
6.039662174627488
9.547881579806925
7.801407467638423
9.810681736732555
4.076110931382227
3.719520564980827
10.253672334264845
11.305904583791266
12.089343752026643
7.442001418478839
6.196706915173303
5.991901702456892
8.24178892707774
4.6305472372733565
9.690575299585573
4.581997494726785
4.448026653623479
10.675510948545204
7.9850060899193
5.626230283272102
10.207920667708567
3.6806374415377805
5.382602480407317
4.226751683420002
2.6837431848700213
9.77549484854763
12.180543931619537
7.351204905068621
3.16451940822577
3.1852990130428527
7.1432514851315085
6.748987360090371
9.917707242776276
11.164210379275271
12.132249905405251
8.55690258668048
9.102315686244511
8.270286612394603
11.655424795053023
8.031743631038026
8.40276298543252
3.155356801492756
8.581210991055741
7.579421197405188
9.38507623901932
4.001212096352029
7.689201469382036
4.982454906450865
4.618703988034857
7.325804659907154
12.471302098263285
3.268322841038488
7.372825270002089
3.9563716716247486
6.84699341412453
6.954700239738788
2.911750892207677
12.406703340763281
7.872418300536454
7.8989567175853415
4.893796861518837
5.533436502512479
12.082744708379522
3.3759904531009433
8.240256546657204
3.305145885328221
9.427261151971985
10.28769154029777
10.063713089401535
4.232579618136782
4.745953211546143
10.267925352832043
10.718421861482167
6.266266746836222
9.347203016507471
12.028380760444064
10.039501567032246
12.359520968976941
4.482018549955665
11.386607777422958
6.765415922092707
11.88258756186456
11.113790072044923
4.323756488498345
9.631385036638061
7.3454430034326625
12.103979184318725
5.685888567917081
10.835549803838783
8.391000323671374
4.488858484719112
12.479837698346357
12.321547898347387
5.588230028384232
10.595599424032025
6.655509300376825
4.117760247098039
8.287085734144057
4.531091500595668
6.0065942184419825
4.495935032838034
11.00753634647554
9.643432483492745
7.601604382273322
6.175587153636735
5.615032410128852
6.137090469671605
11.285489588815935
3.6952246126783326
10.7813149515478
12.495929792481311
4.6879095433150875
5.6180623402245
4.34466593165162
6.8298184984093915
4.634287637683486
3.7507204813937065
5.347028291698762
11.697826503543897
4.951582018785464
12.331672251065998
3.8124641871472633
5.169942464704959
8.033646116451715
7.499929899568522
11.732190103102063
11.16680613201319
2.9402895392285355
6.990082553665346
3.6784168758956612
10.539431559608921
11.989137288057528
9.132222309972292
8.006343663834224
7.357234845984113
3.6050320197077577
3.8313810417386183
5.914930091246518
7.623938235606513
5.833606126415046
4.591207311001428
4.645048993325245
8.62482973038609
4.352774811379222
3.12082450782838
3.633657833581333
11.796507758013643
11.246266833138879
5.140990524686412
12.440922754947193
8.631981973303064
2.905038809120113
2.5865477943452198
7.188490306929544
9.581837945133428
3.7298603532287156
6.887675361712096
4.300467586932934
7.22832384886631
8.718353194366886
6.565531717675665
4.763546187484973
12.007962596956641
8.836978068911558
5.8400588604098385
9.497477610379699
10.22671463402128
6.337789081795647
8.910128669796247
7.7669643635032495
5.538348336003947
11.762621647694418
9.819716189089185
7.813088193279553
5.9522943315399
3.049328883757508
9.001460592970567
4.534343464285274
10.21889105427239
3.7025163077834833
6.606497465190003
11.301980021849207
7.118461303185205
6.938678462944806
8.836953499066631
3.868054704381163
3.202763317242545
12.466057980948298
5.396244339377951
11.299789415762547
8.996984673669882
2.554328176461247
2.7480210778778824
10.422674835369214
4.869365281818624
7.328754311615722
8.520933442135235
7.979656850549742
3.5719757666052656
4.936879214143991
10.710369958868377
5.3934880675443235
3.0733288251925615
7.636459659100564
7.1876949815299955
4.348894286179743
9.784661158812787
9.647083463096344
3.7624888699483625
9.407759945012327
11.83488766332513
11.412031937180037
12.366134051371045
7.379881652063012
5.427300578013287
4.668301145743769
5.188368416028936
2.9367388271042314
12.455612318670413
8.28839838062814
4.552507229902165
4.002325945741521
4.81924644497388
2.6458730976558167
11.654546324946105
8.335908355832622
4.763452808576122
7.696946279729707
8.545494112645127
6.35288715886457
11.649634691664785
8.094134130776972
3.8073934343684526
10.278946987656902
6.463033019303536
5.47283914128633
8.984507874233362
7.432918662612406
6.164239542079628
9.904207460527932
10.64934297988792
8.758897420718563
7.853415631164823
9.071845737762974
12.312191136664
3.1442726613765357
7.708404166629984
3.9283055431273004
6.47238675558544
12.49692565842446
9.021284459996927
11.085045304709727
8.9261849789978
11.307938914543254
7.249168064129609
9.52487425773938
8.287284342792809
3.525105661584005
10.867857533427237
7.034056574721368
6.200253996445086
7.676107853088904
3.94282948594297
7.321765316991354
4.489202824134589
10.519772841617751
6.777823559568672
8.442391435566458
4.235926865076021
11.872074445073249
3.064160294844026
5.617728107433554
7.797064837601396
11.950928908147244
5.83070712797446
7.336250138190829
7.575750774593266
11.512861411334857
9.274660509050808
7.143389359283453
2.7879701684870453
11.057907995562045
12.175835438655854
6.044362091408244
11.714864510447372
7.165655401248321
10.67142386909453
8.563949500428082
5.239031053777485
5.454893924912977
11.750009448738027
2.616282919205122
7.813633349871827
6.668045062435316
7.801019186159821
3.699775307252282
3.9658585457427806
12.309487982473748
8.724717940223577
7.599421775612457
5.573455097553026
4.127499530139059
8.151765295191584
11.922046272186664
9.130350663770333
11.396519116239997
12.111330563518296
9.272928168710886
7.5292036444504
3.6460323516769764
3.529704866029576
2.6664336333563146
10.81681128493738
9.528778643482658
3.3186128740732723
5.959778641551622
8.9359667958969
10.738203145514424
4.183826548802479
8.37405843273774
4.033379457926055
12.304575077692324
9.2609428786176
9.951561783927136
9.458873602611495
9.548908846938907
7.1446987191155396
9.341334273535388
9.914995023744108
10.507551732946592
11.473272403113295
4.031084366115884
11.040755453017631
5.561755179843045
9.767585587201124
4.624010500240676
10.45079170666705
12.47527694371501
2.8440131640948763
10.871663714882233
8.116265685611667
7.808567855600046
5.900865725993558
7.150292908548694
11.28137056037167
11.124996373523715
6.132944554845119
10.326072787648933
6.119620597203457
3.9706052125160953
11.174162489784482
3.6275457419498194
7.6289389702259145
10.7086690045928
11.502074226556047
3.688044665373751
6.03964754762102
7.376661774372946
6.3832206147142125
4.417785727111269
8.571905914957632
4.71180136774048
4.0731882801493215
8.761474602288235
4.967099700403917
8.853716439318555
6.630624265649083
2.5937952544302325
11.187093804183432
9.91148031483576
2.5909673482840514
3.5918568107394333
6.8840696314894725
12.250850720915345
4.872867974489029
6.016226264597736
7.7668335778319815
8.907759432516134
5.83052386851462
6.763381449252478
6.145314804456055
11.007163410091875
8.262924392496025
7.05007849394317
3.1519866090678015
10.528721194469917
6.264826356421052
12.328525503578714
8.19465650604662
4.306220135009503
5.01082125478196
5.347758611843095
7.311442693031575
3.579309458434905
5.596877206221171
2.6826920361939663
11.461781935855344
8.738833978973805
11.622656537885996
5.770544698080369
10.093155928191305
5.287376771169328
10.821140898871494
9.684993775508342
7.377831765569841
4.261512307474641
11.643830100018832
2.9681405970579533
2.9220740002894052
10.433773380733538
9.720651414135787
7.386847212317385
9.492226212688372
5.219842676090394
11.59711524830283
6.342722588369424
11.74760106021112
12.146728708589606
5.702770953822962
2.962989776000491
10.85027506101754
7.627639458613328
6.5521627003572505
11.107581405908322
2.976243946710656
11.108229241793605
10.659035816178001
5.967302741883472
8.836580139059114
9.848013896564737
8.955238693102055
6.318215159636127
2.9497797985226573
5.324029646422281
3.867283205593427
11.657551865765864
8.586254384247326
8.584025251621732
6.450296526536436
4.836254239269185
12.320720538655998
10.20426329776301
3.112966787940157
11.031507491439069
7.722292215205258
10.088221647792487
7.460494634273051
10.324136236078932
3.612429938721098
3.343848929468244
9.402711863930135
4.34109313718325
2.763500836519145
11.51074712108326
4.833494987680439
5.400124614696425
8.559099133026956
10.497334107090543
8.596743808326636
3.038523584936171
9.731561365553684
4.334525952819826
12.266808637595503
7.324161339749267
6.588883709242671
3.1375227220521893
8.316204401673225
10.300638716467361
3.672401549560931
9.232340024186058
9.077518530017867
4.136922813416277
9.52222586219779
5.481070703270934
3.692858407661961
4.973674669624041
11.71917254186003
8.988616137190906
4.187620363178559
11.733943289838107
10.381534189572513
10.49306499947219
3.593309764053354
4.104731274323087
9.319763415225198
6.521505725278596
11.100631639415361
11.635252505603315
9.897179461496512
6.616549907386311
11.872278551334634
3.104639188997008
8.320192531087628
11.826823387770949
11.311018207431987
6.814620952387786
11.31809148629928
8.056318296534396
3.437730973107358
4.707293527816637
9.560035426746579
3.82536862377739
9.696108076922691
9.16199246840735
4.607933042569705
12.406319141403815
5.9634674839401995
6.298805548292852
3.992386561434791
8.657361007864331
6.925437354734267
10.63093017769818
3.805752369647256
2.832521360278215
9.699667151070408
5.863636626645869
10.114791744798788
11.176188361884762
9.945088430376856
6.907589993783851
7.704490005644976
3.488198844469532
9.89541834798241
9.265322070390312
10.242726118687576
11.155287851262838
4.440959764901869
10.305394932288968
11.312874012789235
8.12068400192361
11.311220777517974
2.739035333246913
10.37259676082866
8.767469051116002
4.661761903341094
11.746813716817439
4.617591251285191
8.368371890044427
9.964078420330404
7.43573758797682
5.845225560667291
3.282224401152647
10.745885501281396
9.231391778810956
4.153460262368315
10.632195264769539
11.826084497579831
5.258372515315626
3.470315364816934
9.158945894258029
6.318870679431137
5.899204809215769
6.718323100113983
6.673796414413439
6.218591271723616
11.930435982721775
6.869779766118533
9.364140112169661
9.611448062944351
10.301883932444994
8.555425531392402
11.129756503481886
8.736008965441187
9.556673677969048
11.729395445256419
10.688426291958258
4.279546162459798
2.8514961377136783
8.913821465704855
4.16615526083457
9.336135240168701
7.982283859384643
5.785919897680309
5.355882762634922
5.482009948750681
7.1754423799530045
9.009907324513634
2.8052538639080318
4.462887638152746
4.572149439749179
4.485195311830946
9.060046078869835
2.6520156461018973
3.263841571072695
10.20277767200744
9.796020935239973
4.713699097915061
7.461329481786185
9.180039800372496
3.36994789049038
3.333530196037403
6.133570754638352
11.248236881961676
3.103021396533243
11.960761510973132
7.0348423511868035
12.257323354241391
5.378334748614625
7.915497850906828
8.891580188283625
7.955569680538313
5.29204984189626
10.967827867205779
3.542574117924798
5.789210083895286
3.0475819412646077
3.738716408790914
5.007355406640379
8.114159136280744
3.0579345075477793
5.860114978846679
Rank 1: 200 simulations
10.052853269368576
Running 800 simulations with 4 MPI ranks
Rank 0: 200 simulations
9.087169624193002
12.127405841360595
Rank 3: 200 simulations
Rank 2: 200 simulations
t=1115243  fraction=0.44375  peak_slope=2.824e-06  t_peak=122677  comparison cadence=1115243  difference=0.44375  below=0/3
t=1126395  fraction=0.44375  peak_slope=2.824e-06  t_peak=122677  comparison cadence=1115243  difference=0.44375  below=0/3
t=1137548  fraction=0.44375  peak_slope=2.824e-06  t_peak=122677  comparison cadence=1115243  difference=0.44375  below=0/3
t=1148700  fraction=0.44375  peak_slope=2.824e-06  t_peak=122677  comparison cadence=1115243  difference=0.44375  below=0/3
t=1159852  fraction=0.44500  peak_slope=2.824e-06  t_peak=122677  comparison cadence=1115243  difference=0.44500  below=0/3
t=1171005  fraction=0.44500  peak_slope=2.824e-06  t_peak=122677  comparison cadence=1115243  difference=0.44250  below=0/3
t=1182157  fraction=0.44500  peak_slope=2.824e-06  t_peak=122677  comparison cadence=1115243  difference=0.42750  below=0/3
t=1193310  fraction=0.44500  peak_slope=2.824e-06  t_peak=122677  comparison cadence=1115243  difference=0.39750  below=0/3
t=1204462  fraction=0.44500  peak_slope=2.824e-06  t_peak=122677  comparison cadence=1115243  difference=0.36875  below=0/3
t=1215615  fraction=0.44500  peak_slope=2.824e-06  t_peak=122677  comparison cadence=1115243  difference=0.34125  below=0/3
t=1226767  fraction=0.44625  peak_slope=2.824e-06  t_peak=122677  comparison cadence=1115243  difference=0.30375  below=0/3
t=1237919  fraction=0.44625  peak_slope=2.824e-06  t_peak=122677  comparison cadence=1115243  difference=0.27125  below=0/3
t=1249072  fraction=0.44625  peak_slope=2.824e-06  t_peak=122677  comparison cadence=1115243  difference=0.25000  below=0/3
t=1260224  fraction=0.44625  peak_slope=2.824e-06  t_peak=122677  comparison cadence=1115243  difference=0.22000  below=0/3
t=1271377  fraction=0.44625  peak_slope=2.824e-06  t_peak=122677  comparison cadence=1115243  difference=0.20000  below=0/3
t=1282529  fraction=0.44750  peak_slope=2.824e-06  t_peak=122677  comparison cadence=1115243  difference=0.18375  below=0/3
t=1293682  fraction=0.44750  peak_slope=2.824e-06  t_peak=122677  comparison cadence=1115243  difference=0.17000  below=0/3
t=1304834  fraction=0.44750  peak_slope=2.824e-06  t_peak=122677  comparison cadence=1115243  difference=0.16000  below=0/3
t=1315986  fraction=0.44750  peak_slope=2.824e-06  t_peak=122677  comparison cadence=1115243  difference=0.14875  below=0/3
t=1327139  fraction=0.44750  peak_slope=2.824e-06  t_peak=122677  comparison cadence=1115243  difference=0.13750  below=0/3
t=1338291  fraction=0.44750  peak_slope=2.824e-06  t_peak=122677  comparison cadence=1115243  difference=0.12875  below=0/3
t=1349444  fraction=0.44875  peak_slope=2.824e-06  t_peak=122677  comparison cadence=1115243  difference=0.12750  below=0/3
t=1360596  fraction=0.44875  peak_slope=2.824e-06  t_peak=122677  comparison cadence=1115243  difference=0.12125  below=0/3
t=1371749  fraction=0.44875  peak_slope=2.824e-06  t_peak=122677  comparison cadence=1115243  difference=0.11000  below=0/3
t=1382901  fraction=0.45000  peak_slope=2.824e-06  t_peak=122677  comparison cadence=1115243  difference=0.10875  below=0/3
t=1394053  fraction=0.45000  peak_slope=2.824e-06  t_peak=122677  comparison cadence=1115243  difference=0.10000  below=0/3
t=1405206  fraction=0.45000  peak_slope=2.824e-06  t_peak=122677  comparison cadence=1115243  difference=0.09750  below=0/3
t=1416358  fraction=0.45000  peak_slope=2.824e-06  t_peak=122677  comparison cadence=1115243  difference=0.09125  below=0/3
t=1427511  fraction=0.45000  peak_slope=2.824e-06  t_peak=122677  comparison cadence=1115243  difference=0.08875  below=0/3
t=1438663  fraction=0.45000  peak_slope=2.824e-06  t_peak=122677  comparison cadence=1115243  difference=0.08375  below=0/3
t=1449816  fraction=0.45000  peak_slope=2.824e-06  t_peak=122677  comparison cadence=1115243  difference=0.08000  below=0/3
t=1460968  fraction=0.45000  peak_slope=2.824e-06  t_peak=122677  comparison cadence=1115243  difference=0.07375  below=0/3
t=1472120  fraction=0.45000  peak_slope=2.824e-06  t_peak=122677  comparison cadence=1115243  difference=0.07250  below=0/3
t=1483273  fraction=0.45000  peak_slope=2.824e-06  t_peak=122677  comparison cadence=1115243  difference=0.06875  below=0/3
t=1494425  fraction=0.45000  peak_slope=2.824e-06  t_peak=122677  comparison cadence=1115243  difference=0.06625  below=0/3
t=1505578  fraction=0.45125  peak_slope=2.824e-06  t_peak=122677  comparison cadence=1115243  difference=0.06375  below=0/3
t=1516730  fraction=0.45125  peak_slope=2.824e-06  t_peak=122677  comparison cadence=1115243  difference=0.06250  below=0/3
t=1527883  fraction=0.45125  peak_slope=2.824e-06  t_peak=122677  comparison cadence=1115243  difference=0.06000  below=0/3
t=1539035  fraction=0.45125  peak_slope=2.824e-06  t_peak=122677  comparison cadence=1115243  difference=0.05625  below=0/3
t=1550187  fraction=0.45125  peak_slope=2.824e-06  t_peak=122677  comparison cadence=1115243  difference=0.05375  below=0/3
t=1561340  fraction=0.45125  peak_slope=2.824e-06  t_peak=122677  comparison cadence=1115243  difference=0.05250  below=0/3
t=1572492  fraction=0.45125  peak_slope=2.824e-06  t_peak=122677  comparison cadence=1115243  difference=0.05250  below=0/3
t=1583645  fraction=0.45125  peak_slope=2.824e-06  t_peak=122677  comparison cadence=1115243  difference=0.05125  below=0/3
t=1594797  fraction=0.45250  peak_slope=2.824e-06  t_peak=122677  comparison cadence=1115243  difference=0.05000  below=0/3
t=1605950  fraction=0.45250  peak_slope=2.824e-06  t_peak=122677  comparison cadence=1115243  difference=0.04875  below=0/3
t=1617102  fraction=0.45250  peak_slope=2.824e-06  t_peak=122677  comparison cadence=1115243  difference=0.04750  below=0/3
t=1628254  fraction=0.45250  peak_slope=2.824e-06  t_peak=122677  comparison cadence=1115243  difference=0.04375  below=0/3
t=1639407  fraction=0.45375  peak_slope=2.824e-06  t_peak=122677  comparison cadence=1115243  difference=0.04375  below=0/3
t=1650559  fraction=0.45375  peak_slope=2.824e-06  t_peak=122677  comparison cadence=1115243  difference=0.04375  below=0/3
t=1661712  fraction=0.45375  peak_slope=2.824e-06  t_peak=122677  comparison cadence=1115243  difference=0.04000  below=1/3
t=1672864  fraction=0.45375  peak_slope=2.824e-06  t_peak=122677  comparison cadence=1115243  difference=0.04000  below=2/3
t=1684017  fraction=0.45375  peak_slope=2.824e-06  t_peak=122677  comparison cadence=1115243  difference=0.03750  below=3/3
Stopping at t=1684016.559372442
Saved 430 remaining particles to /scratch/group/p.phy260085.000//Mass_Fraction/Outputs/Ejection_Results/remaining_particles_2172262_1.csv
