==========================================
Mass Fraction MPI Run
==========================================
Date:               Mon Sep 28 21:01:29 CDT 2026
Host:               ac002
Array job ID:       2172268
Array task ID:      3
MPI ranks:          4
CPUs per task:      1
Nodes allocated:    1
Python:             /scratch/user/u.hm357857/.conda/envs/comets/bin/python
Conda environment:  /scratch/user/u.hm357857/.conda/envs/comets
==========================================

2.3413375955883584
1.0364344965893737
2.341567586549597
1.6512057026739353
1.2787927026005526
1.0217277181164148
1.7138257222355484
1.940572997094029
2.061710371444763
1.973733946638629
1.6421223073489333
1.2584597460868623
1.475850299314756
1.7548726325588206
0.6466721188001177
2.2844168411039583
1.1610868682147193
1.5992013099182214
2.0193213191162336
2.014529844679065
2.3209770159997523
0.7591580356900789
0.7537713095399687
0.7805506330951202
2.422668390413227
1.1574147523262512
1.8526181363671794
2.382019232389994
1.8168215147665834
0.8985725269886979
1.4609659663519552
2.236098744596469
1.732670991479923
0.7170045978990502
1.6593206507588845
1.0334399333660942
1.9897582006195842
2.1907962190962706
1.8034281557996794
0.8649350569558205
1.6943695621703214
1.4350742328696673
1.5544272782453792
0.5896240961058326
2.133705229595389
1.1274650909262531
1.826722549987727
2.449897901125878
1.7305943732553182
2.439323375122255
2.4430289633773112
1.3127194128224893
1.1233251007470582
2.298448879519694
0.9421821534188752
1.9215812763763425
1.448713477863409
2.394549546628867
0.5110003265407312
1.000373464182877
1.1952583507058239
1.3265260536314674
1.7887292086698565
1.84374768563024
2.2976917357420024
1.3217355711079721
1.398620787060399
0.6254487073435695
1.1837949206298781
2.4974578876132947
1.3117639174047753
1.43709045191031
1.3163476869187711
2.481879759313128
1.444996072154249
1.0368548669949185
2.033751299478594
2.2714025812349674
1.0545259545346655
2.2734670166378375
0.730416994310966
1.9234285865627927
0.838971180298246
2.031818376396018
0.5853117339208886
0.5687457616046263
2.1368935333049315
0.8744435121469787
1.4258661018398693
2.291538261377587
2.3923905894072273
2.408994556884778
2.134006756063627
1.8179216192787389
1.8354134480034938
2.1971259357444657
1.5785921797935965
0.7697986342754963
0.7116106750358591
2.1378264136395533
1.3829819678629562
0.706093477768821
0.5172064169537327
2.1052675476178924
1.4302010814976918
1.9996225370081644
0.5534560970851674
2.060184801683345
2.2161189162983557
1.1671890234744304
2.145169893989973
0.6270623529358557
2.0907916894719065
2.112635790804561
1.7274052410944762
2.415735709054391
1.6787069052052064
2.3471818211988884
2.4397393765270374
1.5981077038779572
2.281490764154423
1.2659173149854035
1.2626582450975574
1.8750580915977422
1.0924192277300406
1.1121945126786714
2.28622655932542
1.2543559952975467
0.6332542539012567
1.8408015784860454
0.634223105390147
0.6541323760142843
2.229096142023833
1.9663851262632353
2.1746685303436895
0.5445986020517817
1.4107940320431382
0.6612326513768749
1.3672944294098586
1.3656631676783781
0.7118789321486003
1.4429638332552788
1.2013903432506436
2.244787301713208
2.0092681131005503
0.7920753617450544
2.321009344388669
1.6319168867321496
0.9952249583805914
0.9077313429508318
1.7346600648673396
0.7348276164128373
2.2258701055697543
1.1654532088716447
1.130287637873353
0.6813269857818052
2.4849659656605745
1.8487368479133892
0.847137979820171
0.9162888227077821
1.8367693520498007
1.8848384233422915
0.5701533806120189
0.797613275881988
0.9146655915323596
1.32883204859314
1.0199816820471281
2.0985857483186363
1.8575441907854562
0.6344628691042793
2.0896502008586513
0.8886205691262463
2.3158670117428075
0.90761697567429
1.2199852040277412
2.1498791781406714
2.1893783691344106
2.0998580940398073
2.4352555127604028
2.097574193737927
2.3047807331138603
0.9407093464482894
1.5761698607402068
1.4809935111670838
2.312627711105051
1.212049325383674
0.5705571937467546
1.0006522212945894
2.4185952758619376
1.7404776453489037
0.748958590376056
1.7080375387209414
1.772748172711402
2.363094966237452
1.1294128013177707
1.5994145167821996
1.7039295238311805
0.9247779481962144
2.103134279417078
1.1583285394107117
1.6171827857718317
1.7168386788283005
0.6380720985997095
2.391160494885348
1.3011024702174083
2.458267562897535
1.8509959968965874
2.1914386307650426
1.4832863439252657
1.4422776815251312
2.1670493039350216
1.3992000932986743
0.5564013590010017
1.382438337948865
2.3941690151601582
1.7504052287288558
2.2310211083966442
1.6188971120593687
2.433520292547294
2.0524852291272886
1.6104799000821735
0.8329992528976815
0.9636665408331455
1.3432389338779909
1.7604962963849986
2.3176018920649843
1.6487839827246271
1.5324725727923998
0.5623922530446697
2.406224416313804
1.647143166928912
1.7372097562458106
0.8232219819471287
1.6771720779194512
0.7701549174863918
0.8250602760656018
1.7025343856744792
2.13748463833942
1.2500749029944156
2.1564774218841585
2.207428029103845
1.8193982017620618
1.3354794346768355
1.9431720379211905
1.822904414356908
2.0078219631511307
1.2849055047436386
2.4109355503109224
2.401520824494172
2.0568106830894655
1.6050381315370372
1.6776774628483218
1.0235520163951906
1.1683360721598932
2.204792115345728
1.542970117545972
0.8279871131591752
0.5008114072919876
1.495837640604133
2.461415543827245
0.8001523035533928
2.441978699115736
2.4773724835705697
1.8387991669675474
2.098564380725849
0.9028057148320792
2.2856423485604305
1.0296227732099519
1.5508386828669076
1.1903362892931164
2.2644896838725517
1.0521642665009256
2.4910761127823156
0.5771227498175131
2.4982941009079855
2.3157868274845113
1.5324332587383922
1.4897705499434033
1.0715898210588886
1.100699782321774
0.7794284089900712
1.588848237744031
2.011311212255854
2.3721807358312574
2.01977753542178
1.9802507320221499
2.476480208312153
0.6543647369663907
1.0262337885142396
1.6225509028351173
0.9793898991944385
0.7768108054755396
0.5460949854307799
2.1745103641037717
1.933757201519531
1.9323832763775735
1.9026720612916141
1.6102618271643347
1.8842724812989875
0.7398337814250735
0.8801000659813292
0.7475914408533562
1.926953485497948
1.770291054392807
1.3150802948876334
0.9347211367293746
1.2046258990252459
2.1267642368623294
1.1939360889007413
1.6601339656219123
0.8024439380829955
1.2274524133259892
1.7565982013675114
1.197593160970823
1.3754771745811791
1.880623187232091
1.1253913394100754
1.7034241250569488
2.2787557778144705
1.9475783914192197
2.2882466388116462
2.194435537680236
1.5120183597954748
1.5291868531916388
1.3894728700546568
2.4431558159007345
1.6341670036107931
2.1295218723164924
1.8273544842793523
1.6183759862793003
0.7204598630846251
0.8704806964121459
1.0792239180376348
1.4187498915417902
2.267783353676981
1.2617678544258046
1.9795283024775479
2.427682509390154
1.5399807085171584
2.197450792378194
0.8448601517089196
1.8337644486331641
2.3409273211212334
1.4748692529498988
0.6063527457483897
2.473000007667675
1.6362516816239279
1.8467112609699141
2.291458092601567
0.5275206132429444
0.648929835279173
1.1455454218435295
1.6538007355376512
1.6464281797756022
0.7245991148521103
0.5836019076734504
1.3713994296383183
2.217518795598429
1.3874849443553625
0.9524611259526199
1.086611657253072
1.872374076735602
1.2720953031951234
1.5483981956387942
1.998225321118386
1.524392467412039
0.5312733430292167
1.301149977315797
1.5339273294152502
2.040337667265929
1.92423786299284
2.248994770408883
2.407971274014118
2.221864228854589
1.4494283369377872
1.9562384529114862
1.1369068800720752
1.9473928192711667
2.461884292582165
0.5562448102927839
1.3612247878984023
0.6607536394922102
1.8933717885050316
2.048217396875939
1.0475253317691375
1.6167762119844078
1.4507532660007727
0.7865580267671273
1.5780384035996657
1.7662816841462132
0.5361204422430104
1.0270649595475805
1.4035040280136595
0.5819602589822226
0.7894683400261409
0.6211824496452321
1.992436904427993
2.0199888735957536
0.9544892924570181
1.374328018282878
1.3873422546375989
0.999398989049741
1.7400435651092867
2.322474120559649
2.092378356861751
1.6774527542974054
1.034431090543143
2.4821690118931476
2.465296837595597
2.144119556505884
1.6040121212958565
1.5098471735509857
2.0198192430905917
0.5472286401345794
1.9907359513002956
1.739327974132292
0.9804414432157744
1.9667503322406394
1.947995859292238
1.1283301744987644
0.8085023971144727
0.894335860737153
2.473289108988884
0.5752375551975253
0.6013317243105452
2.4000011468588305
1.5880029613407776
2.427319569922755
2.4122925326331535
2.096558019726492
1.2396187102235987
2.0836225101581305
0.7543366266199398
1.225651619633015
0.5632757300984843
2.474942588148672
1.7380302606839264
2.3352442359335583
2.1269314191014517
1.0957642983979499
2.432657686901211
1.645746475345097
1.5447550891799038
1.4644442786631002
1.7362268111236654
1.1595739854493217
0.6576054631985082
1.1735039278496648
0.7568350735200204
1.8305483112414902
1.5522720669935148
0.7050455094632513
1.0151794906826253
2.361715339513111
0.5970061377607556
0.9977082874333372
0.5172697264250146
0.9969261093349362
0.9404845973697984
1.9188983849247299
2.1985484007974128
1.2096091549583532
0.7172027763481372
1.6554138434683143
2.198119681000909
0.6611278952862822
1.8544859072975062
2.4301141069770322
0.8340723709211064
2.4164144392747695
2.401012944345358
2.0999936956895793
2.3390575671288536
0.5260298682130087
1.2586342445959906
1.051407507063549
1.0831188467302617
2.392252732287388
1.1809601625410138
2.2276352506768786
1.9015185177645126
2.022016832718453
1.9669495336055944
1.7043220525340006
0.5409524540199555
1.9997828869008
1.970399681369544
0.9677672725410082
1.2482993981163664
0.6521771630078759
1.4946176383793366
0.7327324281829894
1.9746684613060834
1.3296724317777489
1.339698111896874
2.3858227243088472
0.7501127804236789
1.6801911903309126
0.7056116342302885
0.5301897776264899
2.0450095300294735
1.3258267223593936
0.5783856982878852
1.871680592844654
1.675442897645512
1.9162232719792076
1.4772582246512118
2.064320602051296
1.7780971911463015
0.603315719282119
0.7694539237234563
0.6208721551081382
0.7458319555749129
2.4849449479507744
2.0886035779309817
0.9120719626055567
0.5165692275578793
1.4741880263723388
1.5522123254231825
0.8683715371494738
1.4550408915745106
1.4021435697347364
1.1004023479060723
2.13153603841152
0.8955025085459134
2.073205969801961
0.5136364420148998
0.7416778811761939
2.082074646801807
0.5004822055731579
1.4921714923059464
1.250518600771044
1.2530826592597573
2.3544893440287495
1.917744255650535
0.8763357532375162
1.933303463012116
2.2123370625218053
1.986161142272801
1.2030649720938362
0.9975383634860486
1.4500329578587556
1.3901804695270032
1.1938980671831936
1.4856936882874408
1.3055036572251209
0.546642738003686
0.992682920942253
2.3809514823831535
0.6487857435716811
2.486810949134724
1.8644735095480713
2.2075026975967433
2.093005769867613
2.4354583241437364
0.8290031221659713
1.679300231877588
2.171994854856433
0.8295601908953603
1.6401205922883217
2.386737514362795
1.030447258347144
1.5597928736123683
2.423104550828331
2.0515007379374346
0.5278052591524669
1.1946643379831487
0.5513167636198253
1.090943156358987
2.338028813325874
2.386290281371914
1.8572678804652112
1.6343022213908547
1.4922972184483039
2.097598444926056
0.7041185139441757
1.681034049221834
1.075772574393594
2.0540597627478046
2.1600217565829958
2.0887306462347808
1.981624513396333
0.9396962246673386
2.0354151662171263
0.9805053841915159
1.531907214333294
2.340419268255337
1.071158401930004
1.7955969702762196
1.981415586892916
1.5085472889141023
2.054598767987511
0.6416590483386724
1.5678290561888428
1.3948710785146223
1.8857882973184044
1.905334342302263
1.5544441205959751
1.6824368431358465
1.5404491868037131
2.406399855084555
1.1896634455130677
1.782113009453085
0.7680824887188584
1.0865224033834318
1.1144248575719455
2.2093304229911688
0.560386607136991
2.4004285859923646
0.5839622237607505
1.700183791809757
0.8560180249650933
1.0599528666888318
2.3494315130052286
1.959592613927657
1.7683873893883304
2.139562408146121
2.189864874105885
2.2714772921386186
2.0879523106970064
1.0515778266373084
0.6235569378237784
2.1623150968530025
0.9843414708394114
0.7171772423441003
2.3539940339712673
1.4739158747297318
1.3177379814497434
0.5105387710141633
0.8942067015858002
1.0264877287220882
2.1715020744464555
0.9074323460686269
1.6040098031968966
1.9995043696229458
0.5189778002862468
1.59174931932241
0.7997793230346775
0.8144364846889625
2.174751054529699
1.0354769063579472
1.34787598128682
0.9022025854193219
1.7210470725553215
1.2787499357970888
1.151271335797292
1.0837444259390094
1.663325174181262
1.7304489796085458
1.675531967534359
1.9840933373530154
0.8471390547656867
1.1498863831066144
0.9266317463383122
0.8619004921555065
1.8650737536438484
2.1717507229578685
1.1001924770680558
2.179178071912701
0.5500900630150658
1.6734039049697222
2.409621570987227
1.8777254537549075
1.3811498540640792
2.2954924758712343
2.373027402416097
2.4459047914213974
0.9050665320068516
1.1989736979376928
0.7772271529515917
0.8531300354654185
2.146742509573774
1.5332891666590853
2.397370911185959
2.2350809158719995
2.3153399358571143
1.3200397940211166
1.350275240636152
2.1886071060135697
2.4475911947984352
2.05110568069737
2.1794290668998944
2.1101080223893556
1.6767326061351475
2.2794543503024007
0.7713518839241595
1.9924286092227055
1.8858072900867504
1.0597609769769962
1.502067851264981
2.0838650055642356
1.9750034823211275
2.0878170679112875
1.1175663785080079
0.9473065487243295
1.081061844705149
2.3454744669527594
0.9280033900974409
1.6451263739020154
1.0153948154960504
0.6068186403004967
2.293256075542483
0.6112867196362379
1.940481869282822
2.1285463604558164
1.4952410838669172
1.8496811479221529
2.374085355502592
1.167941990778661
1.7109835096882602
1.3913132820315313
2.3468490763963814
1.660792766260141
0.7263292499625413
1.0418684762906836
0.6985555168000006
1.1834565625389901
2.498712238497233
0.6074439567478298
0.7278066869377402
0.8787424810160465
2.2139663662109657
1.6565696276604036
0.6802905494937301
1.6671346441625392
1.7589633181327877
0.6105403045378754
1.8547066135162709
1.4895626700041313
1.7369585998216217
2.1342107749300183
1.0702635484113705
2.4870668874959048
2.4910381716276877
1.5378690817231488
1.6161104980364693
1.1059303139631518
0.5503746843280393
2.4855293009545676
1.5101881643657493
1.8294996395371097
1.785118554874574
1.6405002305768432
1.3912355956616822
1.2152531382441296
1.966684360865577
1.8006563379534828
2.026629367630382
1.1317143789699289
0.6333862953109457
2.312260256233655
0.8921317140338361
0.9471623844203285
1.6280396877319148
0.8107020457692664
0.5547508344859731
0.7950848312543783
1.4450203977876392
1.5081716463159143
2.193442013971964
1.9265708634174177
2.328176655836398
2.324743004938205
0.5353180004714939
0.9999146083600241
2.2908754325911067
1.2994830487122875
1.0988794536727304
0.7086376218452488
1.5529247240863164
1.8105981054185711
2.048030167906921
1.4798306435946398
1.6694459051485266
2.148610364133974
1.4204223312426298
1.6074217860614124
1.2821102755628973
1.4495556362280946
1.7580731819446866
1.682403176681086
1.593072709616168
1.571735258434659
1.070555746207373
1.6966314865465981
1.9192112961367498
1.556689584592628
2.3409834681013466
1.5950918679506636
0.7778318901126311
1.877716167311175
1.8816549979855166
1.748467884885139
1.296997998863893
2.469737663438157
0.574030511674053
Rank 1: 200 simulations
Rank 2: 200 simulations
1.8805929539763355
1.3053891897096506
1.6351231720105344
1.057022047666643
Running 800 simulations with 4 MPI ranks
Rank 0: 200 simulations
Rank 3: 200 simulations
t=257838  fraction=0.22375  peak_slope=4.253e-06  t_peak=85946  comparison cadence=257838  difference=0.22375  below=0/3
t=258837  fraction=0.22750  peak_slope=4.253e-06  t_peak=85946  comparison cadence=257838  difference=0.22750  below=0/3
t=259836  fraction=0.22750  peak_slope=4.253e-06  t_peak=85946  comparison cadence=257838  difference=0.22750  below=0/3
t=260836  fraction=0.22750  peak_slope=4.253e-06  t_peak=85946  comparison cadence=257838  difference=0.22750  below=0/3
t=261835  fraction=0.22750  peak_slope=4.253e-06  t_peak=85946  comparison cadence=257838  difference=0.22750  below=0/3
t=262835  fraction=0.22750  peak_slope=4.253e-06  t_peak=85946  comparison cadence=257838  difference=0.22750  below=0/3
t=263834  fraction=0.22750  peak_slope=4.253e-06  t_peak=85946  comparison cadence=257838  difference=0.22750  below=0/3
t=264833  fraction=0.22750  peak_slope=4.253e-06  t_peak=85946  comparison cadence=257838  difference=0.22750  below=0/3
t=265833  fraction=0.22875  peak_slope=4.253e-06  t_peak=85946  comparison cadence=257838  difference=0.22875  below=0/3
t=266832  fraction=0.22875  peak_slope=4.253e-06  t_peak=85946  comparison cadence=257838  difference=0.22875  below=0/3
t=267831  fraction=0.22875  peak_slope=4.253e-06  t_peak=85946  comparison cadence=257838  difference=0.22875  below=0/3
t=268831  fraction=0.22875  peak_slope=4.253e-06  t_peak=85946  comparison cadence=257838  difference=0.22875  below=0/3
t=269830  fraction=0.22875  peak_slope=4.253e-06  t_peak=85946  comparison cadence=257838  difference=0.22875  below=0/3
t=270830  fraction=0.22875  peak_slope=4.253e-06  t_peak=85946  comparison cadence=257838  difference=0.22875  below=0/3
t=271829  fraction=0.22875  peak_slope=4.253e-06  t_peak=85946  comparison cadence=257838  difference=0.22875  below=0/3
t=272828  fraction=0.22875  peak_slope=4.253e-06  t_peak=85946  comparison cadence=257838  difference=0.22875  below=0/3
t=273828  fraction=0.22875  peak_slope=4.253e-06  t_peak=85946  comparison cadence=257838  difference=0.22875  below=0/3
t=274827  fraction=0.23000  peak_slope=4.253e-06  t_peak=85946  comparison cadence=257838  difference=0.23000  below=0/3
t=275826  fraction=0.23000  peak_slope=4.253e-06  t_peak=85946  comparison cadence=257838  difference=0.23000  below=0/3
t=276826  fraction=0.23000  peak_slope=4.253e-06  t_peak=85946  comparison cadence=257838  difference=0.23000  below=0/3
t=277825  fraction=0.23000  peak_slope=4.253e-06  t_peak=85946  comparison cadence=257838  difference=0.23000  below=0/3
t=278825  fraction=0.23125  peak_slope=4.253e-06  t_peak=85946  comparison cadence=257838  difference=0.23125  below=0/3
t=279824  fraction=0.23250  peak_slope=4.253e-06  t_peak=85946  comparison cadence=257838  difference=0.23250  below=0/3
t=280823  fraction=0.23250  peak_slope=4.253e-06  t_peak=85946  comparison cadence=257838  difference=0.23250  below=0/3
t=281823  fraction=0.23250  peak_slope=4.253e-06  t_peak=85946  comparison cadence=257838  difference=0.23250  below=0/3
t=282822  fraction=0.23375  peak_slope=4.253e-06  t_peak=85946  comparison cadence=257838  difference=0.23375  below=0/3
t=283821  fraction=0.23375  peak_slope=4.253e-06  t_peak=85946  comparison cadence=257838  difference=0.23375  below=0/3
t=284821  fraction=0.23500  peak_slope=4.253e-06  t_peak=85946  comparison cadence=257838  difference=0.23500  below=0/3
t=285820  fraction=0.23500  peak_slope=4.253e-06  t_peak=85946  comparison cadence=257838  difference=0.23500  below=0/3
t=286820  fraction=0.23500  peak_slope=4.253e-06  t_peak=85946  comparison cadence=257838  difference=0.23500  below=0/3
t=287819  fraction=0.23625  peak_slope=4.253e-06  t_peak=85946  comparison cadence=257838  difference=0.23625  below=0/3
t=288818  fraction=0.23625  peak_slope=4.253e-06  t_peak=85946  comparison cadence=257838  difference=0.23625  below=0/3
t=289818  fraction=0.23625  peak_slope=4.253e-06  t_peak=85946  comparison cadence=257838  difference=0.23625  below=0/3
t=290817  fraction=0.23625  peak_slope=4.253e-06  t_peak=85946  comparison cadence=257838  difference=0.23625  below=0/3
t=291816  fraction=0.23750  peak_slope=4.253e-06  t_peak=85946  comparison cadence=257838  difference=0.23750  below=0/3
t=292816  fraction=0.23750  peak_slope=4.253e-06  t_peak=85946  comparison cadence=257838  difference=0.23750  below=0/3
t=293815  fraction=0.23750  peak_slope=4.253e-06  t_peak=85946  comparison cadence=257838  difference=0.23750  below=0/3
t=294814  fraction=0.23750  peak_slope=4.253e-06  t_peak=85946  comparison cadence=257838  difference=0.23750  below=0/3
t=295814  fraction=0.23750  peak_slope=4.253e-06  t_peak=85946  comparison cadence=257838  difference=0.23750  below=0/3
t=296813  fraction=0.23750  peak_slope=4.253e-06  t_peak=85946  comparison cadence=257838  difference=0.23750  below=0/3
t=297813  fraction=0.23750  peak_slope=4.253e-06  t_peak=85946  comparison cadence=257838  difference=0.23750  below=0/3
t=298812  fraction=0.23750  peak_slope=4.253e-06  t_peak=85946  comparison cadence=257838  difference=0.23625  below=0/3
t=299811  fraction=0.23750  peak_slope=4.253e-06  t_peak=85946  comparison cadence=257838  difference=0.23625  below=0/3
t=300811  fraction=0.23750  peak_slope=4.253e-06  t_peak=85946  comparison cadence=257838  difference=0.23625  below=0/3
t=301810  fraction=0.23875  peak_slope=4.253e-06  t_peak=85946  comparison cadence=257838  difference=0.23750  below=0/3
t=302809  fraction=0.23875  peak_slope=4.253e-06  t_peak=85946  comparison cadence=257838  difference=0.23750  below=0/3
t=303809  fraction=0.24000  peak_slope=4.253e-06  t_peak=85946  comparison cadence=257838  difference=0.23875  below=0/3
t=304808  fraction=0.24250  peak_slope=4.253e-06  t_peak=85946  comparison cadence=257838  difference=0.24125  below=0/3
t=305808  fraction=0.24250  peak_slope=4.253e-06  t_peak=85946  comparison cadence=257838  difference=0.24125  below=0/3
t=306807  fraction=0.24250  peak_slope=4.253e-06  t_peak=85946  comparison cadence=257838  difference=0.24125  below=0/3
t=307806  fraction=0.24375  peak_slope=4.253e-06  t_peak=85946  comparison cadence=257838  difference=0.24250  below=0/3
t=308806  fraction=0.24375  peak_slope=4.253e-06  t_peak=85946  comparison cadence=257838  difference=0.24125  below=0/3
t=309805  fraction=0.24375  peak_slope=4.253e-06  t_peak=85946  comparison cadence=257838  difference=0.24125  below=0/3
t=310804  fraction=0.24375  peak_slope=4.253e-06  t_peak=85946  comparison cadence=257838  difference=0.24000  below=0/3
t=311804  fraction=0.24375  peak_slope=4.253e-06  t_peak=85946  comparison cadence=257838  difference=0.24000  below=0/3
t=312803  fraction=0.24375  peak_slope=4.253e-06  t_peak=85946  comparison cadence=257838  difference=0.24000  below=0/3
t=313803  fraction=0.24375  peak_slope=4.253e-06  t_peak=85946  comparison cadence=257838  difference=0.23625  below=0/3
t=314802  fraction=0.24375  peak_slope=4.253e-06  t_peak=85946  comparison cadence=257838  difference=0.23500  below=0/3
t=315801  fraction=0.24500  peak_slope=4.253e-06  t_peak=85946  comparison cadence=257838  difference=0.23625  below=0/3
t=316801  fraction=0.24625  peak_slope=4.253e-06  t_peak=85946  comparison cadence=257838  difference=0.23750  below=0/3
t=317800  fraction=0.24625  peak_slope=4.253e-06  t_peak=85946  comparison cadence=257838  difference=0.23750  below=0/3
t=318799  fraction=0.24750  peak_slope=4.253e-06  t_peak=85946  comparison cadence=257838  difference=0.23625  below=0/3
t=319799  fraction=0.24750  peak_slope=4.253e-06  t_peak=85946  comparison cadence=257838  difference=0.23625  below=0/3
t=320798  fraction=0.24750  peak_slope=4.253e-06  t_peak=85946  comparison cadence=257838  difference=0.23250  below=0/3
t=321798  fraction=0.24875  peak_slope=4.253e-06  t_peak=85946  comparison cadence=257838  difference=0.23375  below=0/3
t=322797  fraction=0.24875  peak_slope=4.253e-06  t_peak=85946  comparison cadence=257838  difference=0.23125  below=0/3
t=323796  fraction=0.24875  peak_slope=4.253e-06  t_peak=85946  comparison cadence=257838  difference=0.22875  below=0/3
t=324796  fraction=0.24875  peak_slope=4.253e-06  t_peak=85946  comparison cadence=257838  difference=0.22875  below=0/3
t=325795  fraction=0.24875  peak_slope=4.253e-06  t_peak=85946  comparison cadence=257838  difference=0.22625  below=0/3
t=326794  fraction=0.24875  peak_slope=4.253e-06  t_peak=85946  comparison cadence=257838  difference=0.22625  below=0/3
t=327794  fraction=0.24875  peak_slope=4.253e-06  t_peak=85946  comparison cadence=257838  difference=0.22500  below=0/3
t=328793  fraction=0.25000  peak_slope=4.253e-06  t_peak=85946  comparison cadence=257838  difference=0.22500  below=0/3
t=329792  fraction=0.25000  peak_slope=4.253e-06  t_peak=85946  comparison cadence=257838  difference=0.22500  below=0/3
t=330792  fraction=0.25000  peak_slope=4.253e-06  t_peak=85946  comparison cadence=257838  difference=0.22375  below=0/3
t=331791  fraction=0.25000  peak_slope=4.253e-06  t_peak=85946  comparison cadence=257838  difference=0.21875  below=0/3
t=332791  fraction=0.25000  peak_slope=4.253e-06  t_peak=85946  comparison cadence=257838  difference=0.21500  below=0/3
t=333790  fraction=0.25125  peak_slope=4.253e-06  t_peak=85946  comparison cadence=257838  difference=0.21500  below=0/3
t=334789  fraction=0.25125  peak_slope=4.253e-06  t_peak=85946  comparison cadence=257838  difference=0.21375  below=0/3
t=335789  fraction=0.25250  peak_slope=4.253e-06  t_peak=85946  comparison cadence=257838  difference=0.21250  below=0/3
t=336788  fraction=0.25250  peak_slope=4.253e-06  t_peak=85946  comparison cadence=257838  difference=0.21250  below=0/3
t=337787  fraction=0.25250  peak_slope=4.253e-06  t_peak=85946  comparison cadence=257838  difference=0.20875  below=0/3
t=338787  fraction=0.25250  peak_slope=4.253e-06  t_peak=85946  comparison cadence=257838  difference=0.20500  below=0/3
t=339786  fraction=0.25250  peak_slope=4.253e-06  t_peak=85946  comparison cadence=257838  difference=0.20250  below=0/3
t=340786  fraction=0.25375  peak_slope=4.253e-06  t_peak=85946  comparison cadence=257838  difference=0.19875  below=0/3
t=341785  fraction=0.25375  peak_slope=4.253e-06  t_peak=85946  comparison cadence=257838  difference=0.19375  below=0/3
t=342784  fraction=0.25375  peak_slope=4.253e-06  t_peak=85946  comparison cadence=257838  difference=0.19000  below=0/3
t=343784  fraction=0.25375  peak_slope=4.253e-06  t_peak=85946  comparison cadence=257838  difference=0.18500  below=0/3
t=344783  fraction=0.25500  peak_slope=4.253e-06  t_peak=85946  comparison cadence=257838  difference=0.18500  below=0/3
t=345782  fraction=0.25625  peak_slope=4.253e-06  t_peak=85946  comparison cadence=257838  difference=0.18500  below=0/3
t=346782  fraction=0.25625  peak_slope=4.253e-06  t_peak=85946  comparison cadence=257838  difference=0.18000  below=0/3
t=347781  fraction=0.25625  peak_slope=4.253e-06  t_peak=85946  comparison cadence=257838  difference=0.18000  below=0/3
t=348781  fraction=0.25625  peak_slope=4.253e-06  t_peak=85946  comparison cadence=257838  difference=0.17625  below=0/3
t=349780  fraction=0.25625  peak_slope=4.253e-06  t_peak=85946  comparison cadence=257838  difference=0.17375  below=0/3
t=350779  fraction=0.25625  peak_slope=4.253e-06  t_peak=85946  comparison cadence=257838  difference=0.17250  below=0/3
t=351779  fraction=0.25625  peak_slope=4.253e-06  t_peak=85946  comparison cadence=257838  difference=0.17250  below=0/3
t=352778  fraction=0.25625  peak_slope=4.253e-06  t_peak=85946  comparison cadence=257838  difference=0.17125  below=0/3
t=353777  fraction=0.25625  peak_slope=4.253e-06  t_peak=85946  comparison cadence=257838  difference=0.17000  below=0/3
t=354777  fraction=0.25625  peak_slope=4.253e-06  t_peak=85946  comparison cadence=257838  difference=0.16750  below=0/3
t=355776  fraction=0.25625  peak_slope=4.253e-06  t_peak=85946  comparison cadence=257838  difference=0.16625  below=0/3
t=356775  fraction=0.25625  peak_slope=4.253e-06  t_peak=85946  comparison cadence=257838  difference=0.16625  below=0/3
t=357775  fraction=0.25625  peak_slope=4.253e-06  t_peak=85946  comparison cadence=257838  difference=0.16500  below=0/3
t=358774  fraction=0.25625  peak_slope=4.253e-06  t_peak=85946  comparison cadence=257838  difference=0.16375  below=0/3
t=359774  fraction=0.25625  peak_slope=4.253e-06  t_peak=85946  comparison cadence=257838  difference=0.16250  below=0/3
t=360773  fraction=0.25750  peak_slope=4.253e-06  t_peak=85946  comparison cadence=257838  difference=0.15875  below=0/3
t=361772  fraction=0.25875  peak_slope=4.253e-06  t_peak=85946  comparison cadence=257838  difference=0.16000  below=0/3
t=362772  fraction=0.25875  peak_slope=4.253e-06  t_peak=85946  comparison cadence=257838  difference=0.15875  below=0/3
t=363771  fraction=0.25875  peak_slope=4.253e-06  t_peak=85946  comparison cadence=257838  difference=0.15750  below=0/3
t=364770  fraction=0.25875  peak_slope=4.253e-06  t_peak=85946  comparison cadence=257838  difference=0.15500  below=0/3
t=365770  fraction=0.25875  peak_slope=4.253e-06  t_peak=85946  comparison cadence=257838  difference=0.15250  below=0/3
t=366769  fraction=0.25875  peak_slope=4.253e-06  t_peak=85946  comparison cadence=257838  difference=0.15000  below=0/3
t=367769  fraction=0.25875  peak_slope=4.253e-06  t_peak=85946  comparison cadence=257838  difference=0.14875  below=0/3
t=368768  fraction=0.25875  peak_slope=4.253e-06  t_peak=85946  comparison cadence=257838  difference=0.14500  below=0/3
t=369767  fraction=0.25875  peak_slope=4.253e-06  t_peak=85946  comparison cadence=257838  difference=0.14250  below=0/3
t=370767  fraction=0.26000  peak_slope=4.253e-06  t_peak=85946  comparison cadence=257838  difference=0.14375  below=0/3
t=371766  fraction=0.26000  peak_slope=4.253e-06  t_peak=85946  comparison cadence=257838  difference=0.14375  below=0/3
t=372765  fraction=0.26000  peak_slope=4.253e-06  t_peak=85946  comparison cadence=257838  difference=0.14250  below=0/3
t=373765  fraction=0.26000  peak_slope=4.253e-06  t_peak=85946  comparison cadence=257838  difference=0.14125  below=0/3
t=374764  fraction=0.26125  peak_slope=4.253e-06  t_peak=85946  comparison cadence=257838  difference=0.14250  below=0/3
t=375764  fraction=0.26125  peak_slope=4.253e-06  t_peak=85946  comparison cadence=257838  difference=0.14250  below=0/3
t=376763  fraction=0.26125  peak_slope=4.253e-06  t_peak=85946  comparison cadence=257838  difference=0.14125  below=0/3
t=377762  fraction=0.26250  peak_slope=4.253e-06  t_peak=85946  comparison cadence=257838  difference=0.14250  below=0/3
t=378762  fraction=0.26250  peak_slope=4.253e-06  t_peak=85946  comparison cadence=257838  difference=0.14000  below=0/3
t=379761  fraction=0.26250  peak_slope=4.253e-06  t_peak=85946  comparison cadence=257838  difference=0.13750  below=0/3
t=380760  fraction=0.26250  peak_slope=4.253e-06  t_peak=85946  comparison cadence=257838  difference=0.13500  below=0/3
t=381760  fraction=0.26250  peak_slope=4.253e-06  t_peak=85946  comparison cadence=257838  difference=0.13375  below=0/3
t=382759  fraction=0.26250  peak_slope=4.253e-06  t_peak=85946  comparison cadence=257838  difference=0.13125  below=0/3
t=383759  fraction=0.26250  peak_slope=4.253e-06  t_peak=85946  comparison cadence=257838  difference=0.13000  below=0/3
t=384758  fraction=0.26250  peak_slope=4.253e-06  t_peak=85946  comparison cadence=257838  difference=0.13000  below=0/3
t=385757  fraction=0.26250  peak_slope=4.253e-06  t_peak=85946  comparison cadence=257838  difference=0.12875  below=0/3
t=386757  fraction=0.26250  peak_slope=4.253e-06  t_peak=85946  comparison cadence=257838  difference=0.12375  below=0/3
t=387756  fraction=0.26250  peak_slope=4.253e-06  t_peak=85946  comparison cadence=257838  difference=0.12250  below=0/3
t=388755  fraction=0.26250  peak_slope=4.253e-06  t_peak=85946  comparison cadence=257838  difference=0.12000  below=0/3
t=389755  fraction=0.26250  peak_slope=4.253e-06  t_peak=85946  comparison cadence=257838  difference=0.12000  below=0/3
t=390754  fraction=0.26250  peak_slope=4.253e-06  t_peak=85946  comparison cadence=257838  difference=0.11875  below=0/3
t=391753  fraction=0.26250  peak_slope=4.253e-06  t_peak=85946  comparison cadence=257838  difference=0.11750  below=0/3
t=392753  fraction=0.26250  peak_slope=4.253e-06  t_peak=85946  comparison cadence=257838  difference=0.11625  below=0/3
t=393752  fraction=0.26250  peak_slope=4.253e-06  t_peak=85946  comparison cadence=257838  difference=0.11625  below=0/3
t=394752  fraction=0.26250  peak_slope=4.253e-06  t_peak=85946  comparison cadence=257838  difference=0.11500  below=0/3
t=395751  fraction=0.26250  peak_slope=4.253e-06  t_peak=85946  comparison cadence=257838  difference=0.11250  below=0/3
t=396750  fraction=0.26250  peak_slope=4.253e-06  t_peak=85946  comparison cadence=257838  difference=0.11125  below=0/3
t=397750  fraction=0.26250  peak_slope=4.253e-06  t_peak=85946  comparison cadence=257838  difference=0.11000  below=0/3
t=398749  fraction=0.26375  peak_slope=4.253e-06  t_peak=85946  comparison cadence=257838  difference=0.11000  below=0/3
t=399748  fraction=0.26375  peak_slope=4.253e-06  t_peak=85946  comparison cadence=257838  difference=0.11000  below=0/3
t=400748  fraction=0.26375  peak_slope=4.253e-06  t_peak=85946  comparison cadence=257838  difference=0.10750  below=0/3
t=401747  fraction=0.26375  peak_slope=4.253e-06  t_peak=85946  comparison cadence=257838  difference=0.10375  below=0/3
t=402747  fraction=0.26375  peak_slope=4.253e-06  t_peak=85946  comparison cadence=257838  difference=0.10375  below=0/3
t=403746  fraction=0.26375  peak_slope=4.253e-06  t_peak=85946  comparison cadence=257838  difference=0.10375  below=0/3
t=404745  fraction=0.26375  peak_slope=4.253e-06  t_peak=85946  comparison cadence=257838  difference=0.10375  below=0/3
t=405745  fraction=0.26375  peak_slope=4.253e-06  t_peak=85946  comparison cadence=257838  difference=0.10375  below=0/3
t=406744  fraction=0.26375  peak_slope=4.253e-06  t_peak=85946  comparison cadence=257838  difference=0.10125  below=0/3
t=407743  fraction=0.26500  peak_slope=4.253e-06  t_peak=85946  comparison cadence=257838  difference=0.10250  below=0/3
t=408743  fraction=0.26625  peak_slope=4.253e-06  t_peak=85946  comparison cadence=257838  difference=0.10375  below=0/3
t=409742  fraction=0.26625  peak_slope=4.253e-06  t_peak=85946  comparison cadence=257838  difference=0.10375  below=0/3
t=410742  fraction=0.26625  peak_slope=4.253e-06  t_peak=85946  comparison cadence=257838  difference=0.10375  below=0/3
t=411741  fraction=0.26625  peak_slope=4.253e-06  t_peak=85946  comparison cadence=257838  difference=0.10250  below=0/3
t=412740  fraction=0.26625  peak_slope=4.253e-06  t_peak=85946  comparison cadence=257838  difference=0.10250  below=0/3
t=413740  fraction=0.26625  peak_slope=4.253e-06  t_peak=85946  comparison cadence=257838  difference=0.10250  below=0/3
t=414739  fraction=0.26625  peak_slope=4.253e-06  t_peak=85946  comparison cadence=257838  difference=0.10250  below=0/3
t=415738  fraction=0.26625  peak_slope=4.253e-06  t_peak=85946  comparison cadence=257838  difference=0.10250  below=0/3
t=416738  fraction=0.26625  peak_slope=4.253e-06  t_peak=85946  comparison cadence=257838  difference=0.10125  below=0/3
t=417737  fraction=0.26625  peak_slope=4.253e-06  t_peak=85946  comparison cadence=257838  difference=0.10000  below=0/3
t=418737  fraction=0.26625  peak_slope=4.253e-06  t_peak=85946  comparison cadence=257838  difference=0.09875  below=0/3
t=419736  fraction=0.26625  peak_slope=4.253e-06  t_peak=85946  comparison cadence=257838  difference=0.09875  below=0/3
t=420735  fraction=0.26625  peak_slope=4.253e-06  t_peak=85946  comparison cadence=257838  difference=0.09625  below=0/3
t=421735  fraction=0.26625  peak_slope=4.253e-06  t_peak=85946  comparison cadence=257838  difference=0.09625  below=0/3
t=422734  fraction=0.26625  peak_slope=4.253e-06  t_peak=85946  comparison cadence=257838  difference=0.09375  below=0/3
t=423733  fraction=0.26625  peak_slope=4.253e-06  t_peak=85946  comparison cadence=257838  difference=0.09375  below=0/3
t=424733  fraction=0.26750  peak_slope=4.253e-06  t_peak=85946  comparison cadence=257838  difference=0.09375  below=0/3
t=425732  fraction=0.26750  peak_slope=4.253e-06  t_peak=85946  comparison cadence=257838  difference=0.09250  below=0/3
t=426731  fraction=0.26750  peak_slope=4.253e-06  t_peak=85946  comparison cadence=257838  difference=0.09250  below=0/3
t=427731  fraction=0.26875  peak_slope=4.253e-06  t_peak=85946  comparison cadence=257838  difference=0.09375  below=0/3
t=428730  fraction=0.26875  peak_slope=4.253e-06  t_peak=85946  comparison cadence=257838  difference=0.09375  below=0/3
t=429730  fraction=0.26875  peak_slope=4.253e-06  t_peak=85946  comparison cadence=257838  difference=0.09250  below=0/3
t=430729  fraction=0.26875  peak_slope=4.253e-06  t_peak=85946  comparison cadence=257838  difference=0.09250  below=0/3
t=431728  fraction=0.26875  peak_slope=4.253e-06  t_peak=85946  comparison cadence=257838  difference=0.09125  below=0/3
t=432728  fraction=0.26875  peak_slope=4.253e-06  t_peak=85946  comparison cadence=257838  difference=0.08750  below=0/3
t=433727  fraction=0.26875  peak_slope=4.253e-06  t_peak=85946  comparison cadence=257838  difference=0.08750  below=0/3
t=434726  fraction=0.26875  peak_slope=4.253e-06  t_peak=85946  comparison cadence=257838  difference=0.08625  below=0/3
t=435726  fraction=0.26875  peak_slope=4.253e-06  t_peak=85946  comparison cadence=257838  difference=0.08375  below=0/3
t=436725  fraction=0.26875  peak_slope=4.253e-06  t_peak=85946  comparison cadence=257838  difference=0.08250  below=0/3
t=437725  fraction=0.26875  peak_slope=4.253e-06  t_peak=85946  comparison cadence=257838  difference=0.08125  below=0/3
t=438724  fraction=0.26875  peak_slope=4.253e-06  t_peak=85946  comparison cadence=257838  difference=0.08125  below=0/3
t=439723  fraction=0.26875  peak_slope=4.253e-06  t_peak=85946  comparison cadence=257838  difference=0.08125  below=0/3
t=440723  fraction=0.26875  peak_slope=4.253e-06  t_peak=85946  comparison cadence=257838  difference=0.08125  below=0/3
t=441722  fraction=0.26875  peak_slope=4.253e-06  t_peak=85946  comparison cadence=257838  difference=0.07875  below=0/3
t=442721  fraction=0.26875  peak_slope=4.253e-06  t_peak=85946  comparison cadence=257838  difference=0.07875  below=0/3
t=443721  fraction=0.26875  peak_slope=4.253e-06  t_peak=85946  comparison cadence=257838  difference=0.07750  below=0/3
t=444720  fraction=0.26875  peak_slope=4.253e-06  t_peak=85946  comparison cadence=257838  difference=0.07500  below=0/3
t=445720  fraction=0.26875  peak_slope=4.253e-06  t_peak=85946  comparison cadence=257838  difference=0.07500  below=0/3
t=446719  fraction=0.26875  peak_slope=4.253e-06  t_peak=85946  comparison cadence=257838  difference=0.07500  below=0/3
t=447718  fraction=0.26875  peak_slope=4.253e-06  t_peak=85946  comparison cadence=257838  difference=0.07500  below=0/3
t=448718  fraction=0.26875  peak_slope=4.253e-06  t_peak=85946  comparison cadence=257838  difference=0.07500  below=0/3
t=449717  fraction=0.26875  peak_slope=4.253e-06  t_peak=85946  comparison cadence=257838  difference=0.07250  below=0/3
t=450716  fraction=0.26875  peak_slope=4.253e-06  t_peak=85946  comparison cadence=257838  difference=0.07250  below=0/3
t=451716  fraction=0.26875  peak_slope=4.253e-06  t_peak=85946  comparison cadence=257838  difference=0.07250  below=0/3
t=452715  fraction=0.26875  peak_slope=4.253e-06  t_peak=85946  comparison cadence=257838  difference=0.07250  below=0/3
t=453714  fraction=0.26875  peak_slope=4.253e-06  t_peak=85946  comparison cadence=257838  difference=0.07125  below=0/3
t=454714  fraction=0.26875  peak_slope=4.253e-06  t_peak=85946  comparison cadence=257838  difference=0.06875  below=0/3
t=455713  fraction=0.26875  peak_slope=4.253e-06  t_peak=85946  comparison cadence=257838  difference=0.06875  below=0/3
t=456713  fraction=0.26875  peak_slope=4.253e-06  t_peak=85946  comparison cadence=257838  difference=0.06625  below=0/3
t=457712  fraction=0.26875  peak_slope=4.253e-06  t_peak=85946  comparison cadence=257838  difference=0.06625  below=0/3
t=458711  fraction=0.26875  peak_slope=4.253e-06  t_peak=85946  comparison cadence=257838  difference=0.06625  below=0/3
t=459711  fraction=0.26875  peak_slope=4.253e-06  t_peak=85946  comparison cadence=257838  difference=0.06625  below=0/3
t=460710  fraction=0.26875  peak_slope=4.253e-06  t_peak=85946  comparison cadence=257838  difference=0.06500  below=0/3
t=461709  fraction=0.26875  peak_slope=4.253e-06  t_peak=85946  comparison cadence=257838  difference=0.06375  below=0/3
t=462709  fraction=0.26875  peak_slope=4.253e-06  t_peak=85946  comparison cadence=257838  difference=0.06250  below=0/3
t=463708  fraction=0.26875  peak_slope=4.253e-06  t_peak=85946  comparison cadence=257838  difference=0.06125  below=0/3
t=464708  fraction=0.26875  peak_slope=4.253e-06  t_peak=85946  comparison cadence=257838  difference=0.06000  below=0/3
t=465707  fraction=0.26875  peak_slope=4.253e-06  t_peak=85946  comparison cadence=257838  difference=0.06000  below=0/3
t=466706  fraction=0.26875  peak_slope=4.253e-06  t_peak=85946  comparison cadence=257838  difference=0.05875  below=0/3
t=467706  fraction=0.26875  peak_slope=4.253e-06  t_peak=85946  comparison cadence=257838  difference=0.05875  below=0/3
t=468705  fraction=0.26875  peak_slope=4.253e-06  t_peak=85946  comparison cadence=257838  difference=0.05875  below=0/3
t=469704  fraction=0.26875  peak_slope=4.253e-06  t_peak=85946  comparison cadence=257838  difference=0.05875  below=0/3
t=470704  fraction=0.26875  peak_slope=4.253e-06  t_peak=85946  comparison cadence=257838  difference=0.05875  below=0/3
t=471703  fraction=0.26875  peak_slope=4.253e-06  t_peak=85946  comparison cadence=257838  difference=0.05875  below=0/3
t=472703  fraction=0.26875  peak_slope=4.253e-06  t_peak=85946  comparison cadence=257838  difference=0.05875  below=0/3
t=473702  fraction=0.26875  peak_slope=4.253e-06  t_peak=85946  comparison cadence=257838  difference=0.05875  below=0/3
t=474701  fraction=0.26875  peak_slope=4.253e-06  t_peak=85946  comparison cadence=257838  difference=0.05875  below=0/3
t=475701  fraction=0.26875  peak_slope=4.253e-06  t_peak=85946  comparison cadence=257838  difference=0.05875  below=0/3
t=476700  fraction=0.26875  peak_slope=4.253e-06  t_peak=85946  comparison cadence=257838  difference=0.05875  below=0/3
t=477699  fraction=0.26875  peak_slope=4.253e-06  t_peak=85946  comparison cadence=257838  difference=0.05875  below=0/3
t=478699  fraction=0.26875  peak_slope=4.253e-06  t_peak=85946  comparison cadence=257838  difference=0.05875  below=0/3
t=479698  fraction=0.26875  peak_slope=4.253e-06  t_peak=85946  comparison cadence=257838  difference=0.05750  below=0/3
t=480698  fraction=0.26875  peak_slope=4.253e-06  t_peak=85946  comparison cadence=257838  difference=0.05750  below=0/3
t=481697  fraction=0.26875  peak_slope=4.253e-06  t_peak=85946  comparison cadence=257838  difference=0.05500  below=0/3
t=482696  fraction=0.27000  peak_slope=4.253e-06  t_peak=85946  comparison cadence=257838  difference=0.05625  below=0/3
t=483696  fraction=0.27000  peak_slope=4.253e-06  t_peak=85946  comparison cadence=257838  difference=0.05625  below=0/3
t=484695  fraction=0.27000  peak_slope=4.253e-06  t_peak=85946  comparison cadence=257838  difference=0.05625  below=0/3
t=485694  fraction=0.27000  peak_slope=4.253e-06  t_peak=85946  comparison cadence=257838  difference=0.05500  below=0/3
t=486694  fraction=0.27000  peak_slope=4.253e-06  t_peak=85946  comparison cadence=257838  difference=0.05500  below=0/3
t=487693  fraction=0.27000  peak_slope=4.253e-06  t_peak=85946  comparison cadence=257838  difference=0.05375  below=0/3
t=488692  fraction=0.27000  peak_slope=4.253e-06  t_peak=85946  comparison cadence=257838  difference=0.05375  below=0/3
t=489692  fraction=0.27000  peak_slope=4.253e-06  t_peak=85946  comparison cadence=257838  difference=0.05375  below=0/3
t=490691  fraction=0.27000  peak_slope=4.253e-06  t_peak=85946  comparison cadence=257838  difference=0.05375  below=0/3
t=491691  fraction=0.27000  peak_slope=4.253e-06  t_peak=85946  comparison cadence=257838  difference=0.05375  below=0/3
t=492690  fraction=0.27000  peak_slope=4.253e-06  t_peak=85946  comparison cadence=257838  difference=0.05375  below=0/3
t=493689  fraction=0.27000  peak_slope=4.253e-06  t_peak=85946  comparison cadence=257838  difference=0.05375  below=0/3
t=494689  fraction=0.27125  peak_slope=4.253e-06  t_peak=85946  comparison cadence=257838  difference=0.05500  below=0/3
t=495688  fraction=0.27125  peak_slope=4.253e-06  t_peak=85946  comparison cadence=257838  difference=0.05500  below=0/3
t=496687  fraction=0.27125  peak_slope=4.253e-06  t_peak=85946  comparison cadence=257838  difference=0.05500  below=0/3
t=497687  fraction=0.27125  peak_slope=4.253e-06  t_peak=85946  comparison cadence=257838  difference=0.05375  below=0/3
t=498686  fraction=0.27125  peak_slope=4.253e-06  t_peak=85946  comparison cadence=257838  difference=0.05375  below=0/3
t=499686  fraction=0.27125  peak_slope=4.253e-06  t_peak=85946  comparison cadence=257838  difference=0.05250  below=0/3
t=500685  fraction=0.27125  peak_slope=4.253e-06  t_peak=85946  comparison cadence=257838  difference=0.05250  below=0/3
t=501684  fraction=0.27125  peak_slope=4.253e-06  t_peak=85946  comparison cadence=257838  difference=0.05250  below=0/3
t=502684  fraction=0.27125  peak_slope=4.253e-06  t_peak=85946  comparison cadence=257838  difference=0.05250  below=0/3
t=503683  fraction=0.27125  peak_slope=4.253e-06  t_peak=85946  comparison cadence=257838  difference=0.05250  below=0/3
t=504682  fraction=0.27125  peak_slope=4.253e-06  t_peak=85946  comparison cadence=257838  difference=0.05125  below=0/3
t=505682  fraction=0.27125  peak_slope=4.253e-06  t_peak=85946  comparison cadence=257838  difference=0.05125  below=0/3
t=506681  fraction=0.27125  peak_slope=4.253e-06  t_peak=85946  comparison cadence=257838  difference=0.05125  below=0/3
t=507681  fraction=0.27125  peak_slope=4.253e-06  t_peak=85946  comparison cadence=257838  difference=0.05125  below=0/3
t=508680  fraction=0.27125  peak_slope=4.253e-06  t_peak=85946  comparison cadence=257838  difference=0.05000  below=0/3
t=509679  fraction=0.27125  peak_slope=4.253e-06  t_peak=85946  comparison cadence=257838  difference=0.05000  below=0/3
t=510679  fraction=0.27125  peak_slope=4.253e-06  t_peak=85946  comparison cadence=257838  difference=0.05000  below=0/3
t=511678  fraction=0.27125  peak_slope=4.253e-06  t_peak=85946  comparison cadence=257838  difference=0.05000  below=0/3
t=512677  fraction=0.27125  peak_slope=4.253e-06  t_peak=85946  comparison cadence=257838  difference=0.04875  below=0/3
t=513677  fraction=0.27125  peak_slope=4.253e-06  t_peak=85946  comparison cadence=257838  difference=0.04875  below=0/3
t=514676  fraction=0.27125  peak_slope=4.253e-06  t_peak=85946  comparison cadence=257838  difference=0.04875  below=0/3
t=515676  fraction=0.27125  peak_slope=4.253e-06  t_peak=85946  comparison cadence=257838  difference=0.04750  below=0/3
t=516675  fraction=0.27125  peak_slope=4.253e-06  t_peak=85946  comparison cadence=257838  difference=0.04375  below=0/3
t=517674  fraction=0.27125  peak_slope=4.253e-06  t_peak=85946  comparison cadence=257838  difference=0.04375  below=0/3
t=518674  fraction=0.27125  peak_slope=4.253e-06  t_peak=85946  comparison cadence=257838  difference=0.04375  below=0/3
t=519673  fraction=0.27125  peak_slope=4.253e-06  t_peak=85946  comparison cadence=257838  difference=0.04375  below=0/3
t=520672  fraction=0.27125  peak_slope=4.253e-06  t_peak=85946  comparison cadence=257838  difference=0.04375  below=0/3
t=521672  fraction=0.27125  peak_slope=4.253e-06  t_peak=85946  comparison cadence=257838  difference=0.04375  below=0/3
t=522671  fraction=0.27125  peak_slope=4.253e-06  t_peak=85946  comparison cadence=257838  difference=0.04375  below=0/3
t=523670  fraction=0.27125  peak_slope=4.253e-06  t_peak=85946  comparison cadence=257838  difference=0.04250  below=0/3
t=524670  fraction=0.27125  peak_slope=4.253e-06  t_peak=85946  comparison cadence=257838  difference=0.04250  below=0/3
t=525669  fraction=0.27125  peak_slope=4.253e-06  t_peak=85946  comparison cadence=257838  difference=0.04250  below=0/3
t=526669  fraction=0.27125  peak_slope=4.253e-06  t_peak=85946  comparison cadence=257838  difference=0.04250  below=0/3
t=527668  fraction=0.27125  peak_slope=4.253e-06  t_peak=85946  comparison cadence=257838  difference=0.04250  below=0/3
t=528667  fraction=0.27125  peak_slope=4.253e-06  t_peak=85946  comparison cadence=257838  difference=0.04250  below=0/3
t=529667  fraction=0.27125  peak_slope=4.253e-06  t_peak=85946  comparison cadence=257838  difference=0.04250  below=0/3
t=530666  fraction=0.27125  peak_slope=4.253e-06  t_peak=85946  comparison cadence=257838  difference=0.04250  below=0/3
t=531665  fraction=0.27125  peak_slope=4.253e-06  t_peak=85946  comparison cadence=257838  difference=0.04250  below=0/3
t=532665  fraction=0.27250  peak_slope=4.253e-06  t_peak=85946  comparison cadence=257838  difference=0.04250  below=0/3
t=533664  fraction=0.27250  peak_slope=4.253e-06  t_peak=85946  comparison cadence=257838  difference=0.04250  below=0/3
t=534664  fraction=0.27250  peak_slope=4.253e-06  t_peak=85946  comparison cadence=257838  difference=0.04250  below=0/3
t=535663  fraction=0.27250  peak_slope=4.253e-06  t_peak=85946  comparison cadence=257838  difference=0.04250  below=0/3
t=536662  fraction=0.27250  peak_slope=4.253e-06  t_peak=85946  comparison cadence=257838  difference=0.04125  below=0/3
t=537662  fraction=0.27250  peak_slope=4.253e-06  t_peak=85946  comparison cadence=257838  difference=0.04000  below=0/3
t=538661  fraction=0.27250  peak_slope=4.253e-06  t_peak=85946  comparison cadence=257838  difference=0.04000  below=0/3
t=539660  fraction=0.27250  peak_slope=4.253e-06  t_peak=85946  comparison cadence=257838  difference=0.04000  below=0/3
t=540660  fraction=0.27250  peak_slope=4.253e-06  t_peak=85946  comparison cadence=257838  difference=0.03875  below=1/3
t=541659  fraction=0.27250  peak_slope=4.253e-06  t_peak=85946  comparison cadence=257838  difference=0.03875  below=2/3
t=542659  fraction=0.27250  peak_slope=4.253e-06  t_peak=85946  comparison cadence=257838  difference=0.03750  below=3/3
Stopping at t=542658.5241363756
Saved 579 remaining particles to /scratch/group/p.phy260085.000//Mass_Fraction/Outputs/Ejection_Results/remaining_particles_2172268_3.csv
