==========================================
Mass Fraction MPI Run
==========================================
Date:               Mon Sep 28 21:00:58 CDT 2026
Host:               ac027
Array job ID:       2172262
Array task ID:      3
MPI ranks:          4
CPUs per task:      1
Nodes allocated:    1
Python:             /scratch/user/u.hm357857/.conda/envs/comets/bin/python
Conda environment:  /scratch/user/u.hm357857/.conda/envs/comets
==========================================

6.6843608290965495
4.657530088870116
9.147192759295155
4.376449718888354
3.5638584554170816
10.077919928368946
7.280983633264711
4.806277906711744
2.660637140359402
4.172802093641231
9.913537960558829
6.95305596855018
8.043310232688475
8.937736307718303
12.346168348903538
7.498093923635234
3.296576658251875
12.216489790293448
4.884897313638449
3.7389976515096923
8.631424436122419
8.424654271945201
3.2251065855286045
10.684813045993605
12.411693241376199
11.017329165965007
10.266464376314811
6.330074846453222
9.069399209812559
9.371029120246298
9.24181675654793
11.352204524460381
6.337550208873374
8.355649554469288
4.440794046279794
10.528583954434833
7.239831487507135
3.949907133587306
2.587757013938976
6.716276511706942
11.583880914421597
12.088172141252493
12.059934005127392
8.89476727491251
9.937931028959103
10.320830708083848
4.718340430362006
8.779065558142097
4.165777994139301
11.295830719778229
10.860538790601407
5.735115659853751
6.321024105987433
12.40006977002651
7.878725478475803
11.886682332393113
8.322939938614812
9.649904786666717
10.41429405269621
8.796236490650283
10.069283477553295
12.487336220536339
11.570812707241561
2.518963725154099
12.033211935855295
3.139061777642543
3.5638027178364617
10.029889449378128
9.430330949299284
3.095200870452932
10.158501042257898
4.038862349220742
4.245913735259371
7.879426182119951
8.972900447335716
3.7039313053474157
7.452898945254372
4.9959004754320215
10.66386880748455
12.353895694213204
6.397151642500711
8.498965722172436
9.362135204145144
5.08262748140835
6.741767357429401
10.378130602170437
5.157941440981331
4.55427178012328
10.399290914157305
4.164351341517117
7.629550055842161
8.226604898722378
3.633536395657643
6.999642748200101
10.902509568013063
7.924911111212763
11.841555073106191
12.333663614625834
6.525733096863647
8.66300775699008
12.399701184259618
9.140998753598
8.443206596022215
4.315473454663994
11.828680482995274
3.0910733606063667
6.4079824012098054
10.861869950823476
2.5337842262642174
3.2624733835084574
11.096672677117056
10.491190175757962
10.1515762748793
9.505958129036038
3.3436597320300763
11.35817195534878
6.321387006320577
7.5468048985626455
4.894737671417379
9.788462973948224
7.007475645963929
6.701318063795827
9.881073476123724
7.100874090575234
4.804101482567517
5.953168971768488
4.586722713745801
2.8416250582646696
12.454220802761508
3.7850659398189315
2.6382086559196694
4.538680963029435
2.872931525765665
12.410864375133336
4.985912252741626
2.592011878612851
6.153463004464105
11.236681556919057
5.395947426097761
6.757924105518932
10.847929168719386
10.490797512366479
9.064088356086394
8.718795384887287
10.461781347667898
11.052541253497992
5.054157577663821
6.836875334803613
9.97143527392346
11.52452205583195
4.7470238636077475
4.0084869289865654
7.263688861560893
2.757321083597395
5.995322414817604
4.130331682586389
5.660923948294397
8.180495636645778
4.373606124094513
11.939975443033719
3.344016862865237
11.565559819384312
7.536566834770443
3.0235894940645958
11.585037687860277
2.8388636040739312
4.968152847341679
5.184995810881208
8.36496572904624
11.243575549474237
4.607792783568532
6.63951329400979
11.39758992604186
7.860603508894486
10.886058347816794
7.365133931382505
11.39911374760396
3.2797432151522266
11.420421807423345
8.492758465434806
7.670512274063478
10.817819152664317
7.226205343094371
9.25375652098338
7.747701726495838
6.3074423105051105
11.378643406383901
3.9480049104140758
12.480000271536106
12.498054580573637
5.030260382405496
8.150309249472345
7.927705052658618
3.3138674830087087
2.590095903048575
5.566609412939556
11.105778185546583
7.333880176102705
4.131558810995809
6.397566219496714
4.761487591872733
11.198815848474776
11.527162881921939
3.7964229918913874
7.791451822735436
9.958802208504492
5.259029938933638
6.9370387018442266
5.974928346381796
4.984851937654512
5.41801575842563
6.8855699833106545
12.076942921963584
8.170002878833944
5.900513418432408
12.417635235890865
3.226825915547751
6.706819028008212
12.190256157020746
8.875358934875006
7.994082617045607
9.13946665368972
11.659998177583878
11.662688079078702
2.994773345795715
7.871080540247599
8.329237965508558
6.990316841107916
6.309620766919684
5.586857319938573
11.522409494142982
4.017752788966491
9.908899693647488
5.540945062872965
5.429759762371248
9.541502089089382
8.086548141197003
11.824536110255075
6.784229069739264
11.26009509084637
8.20247259620858
6.441579764568326
3.984197970991895
8.722749442061975
6.249689019101307
11.149617866237335
12.24789574759127
3.391793802122728
8.464430495121729
4.501677886064737
5.059696759545015
4.466716435298286
10.658752491669178
3.0791125623638615
3.371945119505204
11.25963499824341
7.481062999460123
10.243662166650399
10.482460493978941
7.999195126762324
10.178559563724594
10.447416058473074
7.218745004661002
9.319328607562317
7.891883089328942
10.864294717262478
4.814091835780654
10.110204379714778
4.81786655047861
8.52195154940252
6.488570919016351
10.187359055889978
4.570610529900071
7.087782467299679
4.800595846776906
3.0823033711120393
5.888421967630436
11.246770490249931
7.824163376658091
8.541189270573948
11.167725474681983
8.240056403693263
3.7586312308084127
3.3464741243798457
12.396920050530095
12.079821422837542
10.364544195652478
9.477708516033715
10.909700531654607
7.578968529726428
11.717724887298521
11.224220040717745
6.25815081288314
7.011111506861019
6.138682815884314
3.599981974167349
8.06412562299941
3.786895280554463
11.004272777334434
10.644172216724172
9.746017935868156
9.462373140786429
7.0806582118494665
4.468346710012485
9.612099965091968
5.387385359169165
11.624481965432054
3.409875467383409
12.015538486899922
7.423933680579067
10.253595870615381
8.853288888550116
7.321975886241976
11.18905444325403
3.7554141700310604
8.737838068111614
4.588409007997395
6.862116626893618
4.567077678674902
3.2532553287264845
3.030709322951215
6.791034561646619
6.035571177775635
10.882851734268808
8.463888302756981
12.437429462490691
8.25124344829064
6.2886740084860815
6.218720956261939
10.57757140812479
6.241204223224317
5.807554756954243
4.542154123001351
6.4430394557120625
3.4106041111887233
8.334012676511998
8.79594775768225
3.931398732841618
6.088315383198392
11.469610649448128
7.846788738337763
11.91169401578772
12.001738396396291
6.586286083522824
9.612411391329623
10.180618352555575
6.710208688643002
10.799598215465751
12.351325671461215
5.291261508791136
5.979127731868967
5.604088897061609
12.260289731775888
12.491211751117568
9.38805983350025
9.102180507519925
3.52610383266984
7.397132541000229
7.5056638012324175
9.468911811897984
7.766568140252783
7.143937014099347
3.582911126804482
11.274447523487478
9.096699754640788
6.212813564203979
3.5920539407337104
7.431844530434381
4.253070663254754
8.186048240400421
4.070060646916952
10.598516907101995
10.536311109082952
11.787022030817969
8.424933579900955
11.565887477954773
10.20052552894088
11.457603482512859
8.125918246017193
3.909103798310446
8.597064660318331
3.8545746380401757
12.032860995402384
5.530372442325614
6.139577028494117
11.312166234446535
9.195386897994519
10.602945935006968
9.504720593632653
11.271780675381613
3.247013228570772
12.062565646349219
7.269564501828725
10.853807495191312
8.406401414235663
11.523319011503858
4.037916670376064
6.959771726633674
9.447771688344424
7.120443467693967
3.663548861151047
6.215973198008442
7.88201229110425
4.169503295746779
5.203330884497429
12.349692979813645
6.073475422847548
4.97189228062677
6.031335534157667
7.384112750373944
5.165445523825694
9.235767041881692
5.414168201153107
5.928497347297714
8.751498794252427
11.254536990656653
9.264783266636456
6.056917202105629
11.115544475275854
6.406313162368166
11.391215647526348
10.794889844286118
10.151866611658724
9.840849109198189
4.744259110105901
6.30715934445764
7.739522920413479
11.389973482957572
3.2670689323116395
9.993433682176192
8.45680013806496
9.578786786286253
8.85260107972713
4.386368058402219
6.7291900784887435
7.7383756593149435
5.488967837074768
7.982988307995271
9.638252729856491
3.1214066351447043
7.2656660458005575
5.857910863030784
6.40627783802921
8.5208974187655
7.625714260700056
11.749750776525632
7.489863321289666
3.947084953084341
4.660908923529778
5.428676940015765
6.907849872199757
5.174667737473842
9.583232324172418
4.62830955431593
4.84072779335274
2.5146136047855414
10.276258182292018
2.8727259007585673
4.85507478148557
7.613267212186834
6.044610510860898
4.528821342717803
2.5075965098532427
8.462873353029533
11.929022798739952
4.703499528977142
7.479010386148723
4.930922358363437
7.836536781562749
5.427432519019676
11.607857147849243
4.424851006464068
9.750407673767224
2.7694550845816144
7.699120474587126
4.183585213523555
10.13602931476618
8.230645535442514
4.544333126783745
9.002998372653533
4.7610466154771895
2.504548812647953
8.828200234601686
5.197603782038486
7.534013079538092
3.642833335079927
3.428942323027051
6.708395213709904
4.103694157728466
5.603114570067525
11.990257116864267
10.50680202180973
3.515663501015873
7.854260846844636
3.6148726929622867
10.284690512297932
6.760190537159108
6.324295297027111
5.29967398752895
11.981588481188615
9.790233710481363
11.419317745961383
9.060594008534157
5.5507000088389535
10.12459446929741
3.662813460315799
11.965301684373067
7.815749025615389
3.3645006597954987
3.6382888727634874
10.62193223224298
5.475911713769877
8.561183349999894
7.467819744829494
2.9976906662573666
10.026219330008804
10.139903069430439
5.929808795105956
4.387810062345885
4.68936302911181
10.233172017650382
5.542311180082786
3.524887779854795
7.990717470006619
8.487267710701218
5.571287293141067
12.163040926697693
8.304584097134107
3.0076006785532803
11.988011293127474
11.115770746696946
7.75853927604591
4.151617344490358
6.129141235468076
4.1134542653584205
11.377718981071594
9.992446574348714
8.75651844786136
4.889082203452331
10.096296139042629
2.897166738037681
5.748326807365897
10.22679732876534
11.690280130956364
6.524692124018911
11.78843242190647
4.404518844863899
6.760596409159599
3.501803991804582
3.0605777623592676
6.171489130349377
6.4704835755355115
5.351206608379381
8.660550337369761
10.751101694919246
10.927493974259757
4.869987557266411
9.46684055927316
12.2243802121219
6.153562579685671
6.633420285772381
8.910912010323544
10.156664051124192
10.096409059448181
9.159290003495343
7.71049246034187
2.7982828319703765
5.243351048429389
9.85709866698221
7.768474461178528
3.525367282473665
6.632588544617257
4.906316072207173
10.092739804604491
3.0317534138406375
5.587411722639698
3.9634888439710823
9.92225032373033
7.061829778382008
6.929940143839065
8.005271696664483
6.472143862031427
12.405421043417688
12.184243499569243
6.378906179441398
3.5405693664607885
8.880145170531016
5.082307433654364
7.200805357920515
11.145221948570459
6.949798126055558
11.16806691204557
5.511398497214418
4.3617165708631855
4.4912175432055434
5.932471227257348
11.480897712664245
5.41212204447342
9.796517724053835
3.0219010961198256
3.0499804964423918
11.902915841691165
8.831290161605054
9.460536235776214
12.055356065126468
9.761007653107605
6.224680191005381
8.321285790192217
9.747960889210756
9.327579053642916
8.95754720239359
10.161563594945727
10.234916337420358
7.321501973607688
6.806305771841355
5.716680062089604
7.426191610308569
3.977994815176932
8.11166155531021
12.375400674097762
7.856792357706361
6.970373541805718
8.439065510652908
12.37879628477871
9.191980383024926
10.423396747958083
11.953809191123353
3.479727294011429
12.354681966982831
8.01521826906735
9.105106079338093
6.962405983566201
4.3364079129008015
12.352622923870934
6.655825132854721
10.687946057350613
6.592102353709471
11.510133667666
11.431126605632262
4.618752924179614
11.863115274361808
7.659954945937921
11.033071585638663
12.113944231733912
12.46005077146362
9.591887187182373
5.03801496663924
8.300878413636404
9.610759603948255
9.49338516660472
8.143034976312702
4.760571685756184
7.5236385024928945
10.918106188750516
8.117174424106807
5.730415981204685
4.682619866550912
11.868029184159633
7.702759862698658
5.1502591580135135
7.541558149429574
6.925984019110053
7.818737838744923
11.079087878357367
5.251949600658721
8.551844293950682
6.1623112463405825
9.63684441848942
5.899261635338736
5.5250693242613185
5.570120997065375
5.577459166532208
4.655814157011264
6.074755373315989
10.819982079324657
10.983376989633879
6.015282698513488
7.279849808346191
7.554628232607184
10.471066117504138
11.528925569757174
5.1589818763568696
12.200673571764286
6.937241554646317
6.656964945730293
10.408159536650164
9.776094334253273
10.427813568409945
6.762693637429692
4.1715019315888915
5.456052011591488
6.139977369020279
9.125008845861041
10.850075310247341
7.513745502992654
5.576951727827501
9.312380146746206
11.859648107887807
3.0660051429643875
5.173398353054825
2.544868769561006
4.092091836172649
8.598695318482218
8.119256982344782
11.002640900769531
9.077834889507795
10.822352534436119
9.818446809358939
3.28361052213498
11.74705774373901
2.50981049619845
6.226327577056376
9.036677374294161
12.425147511049921
11.524843550685876
5.3780468398544805
2.919139896054314
4.654004479621379
4.5460345097400445
9.436685969135326
10.90524867514765
5.489324991577787
8.599423763947353
12.455193902291748
11.035703093934636
5.17645876990186
2.7147130143811005
7.916868647278376
4.550777834821864
3.5249306072980477
4.203272253830931
9.713414850981357
4.110916331228987
7.722276573775169
10.664703045315157
8.494109137162821
2.937683201603268
3.1245724216742787
8.239146858721195
4.614556694986758
8.396934647999721
11.916562356937705
11.350578393284604
8.952566411556447
8.308685754656842
9.248234169544858
8.998222445868548
10.235399707773126
12.183393269339845
5.250607360599213
4.160843789897002
5.975149772414077
3.734966510546438
5.000334165154255
3.356082173253905
6.707626625909916
2.9352417049685533
7.590897142795341
10.741180276387434
5.488759094941715
2.6353107566628067
8.149224109656126
10.812768203752185
2.7431770670171263
10.236995160034981
4.523634404742455
11.1707825745978
3.102683118463837
5.4320440010377204
3.608276434779729
9.43658155646664
5.1743736399329885
6.417833230839981
7.448456750600943
5.356983193049924
6.50529223512032
5.3537347480858175
10.814876005741013
11.170723324962506
4.490159119629266
9.497827818752397
5.071246089158285
6.998888565027591
4.6283803618796355
7.604514250622609
8.409229957208723
7.671783432067133
7.427988314759597
7.616160589322472
11.220696374607769
10.265598259843353
7.400197035085744
2.5221654647751093
5.101680937455253
9.377678478400947
12.376838751474523
11.997881832068808
7.305914405725629
7.02412120262916
6.6033831362235205
Rank 1: 200 simulations
Running 800 simulations with 4 MPI ranks
Rank 0: 200 simulations
Rank 2: 200 simulations
Rank 3: 200 simulations
t=1173197  fraction=0.29375  peak_slope=6.265e-07  t_peak=391066  comparison cadence=1173197  difference=0.29375  below=0/3
t=1184371  fraction=0.29375  peak_slope=6.265e-07  t_peak=391066  comparison cadence=1173197  difference=0.29375  below=0/3
t=1195544  fraction=0.29375  peak_slope=6.265e-07  t_peak=391066  comparison cadence=1173197  difference=0.29375  below=0/3
t=1206717  fraction=0.29375  peak_slope=6.265e-07  t_peak=391066  comparison cadence=1173197  difference=0.29375  below=0/3
t=1217891  fraction=0.29375  peak_slope=6.265e-07  t_peak=391066  comparison cadence=1173197  difference=0.29375  below=0/3
t=1229064  fraction=0.29375  peak_slope=6.265e-07  t_peak=391066  comparison cadence=1173197  difference=0.29375  below=0/3
t=1240237  fraction=0.29375  peak_slope=6.265e-07  t_peak=391066  comparison cadence=1173197  difference=0.29375  below=0/3
t=1251411  fraction=0.29375  peak_slope=6.265e-07  t_peak=391066  comparison cadence=1173197  difference=0.29375  below=0/3
t=1262584  fraction=0.29500  peak_slope=6.265e-07  t_peak=391066  comparison cadence=1173197  difference=0.29500  below=0/3
t=1273757  fraction=0.29625  peak_slope=6.265e-07  t_peak=391066  comparison cadence=1173197  difference=0.29625  below=0/3
t=1284931  fraction=0.29625  peak_slope=6.265e-07  t_peak=391066  comparison cadence=1173197  difference=0.29625  below=0/3
t=1296104  fraction=0.29625  peak_slope=6.265e-07  t_peak=391066  comparison cadence=1173197  difference=0.29625  below=0/3
t=1307277  fraction=0.29750  peak_slope=6.265e-07  t_peak=391066  comparison cadence=1173197  difference=0.29625  below=0/3
t=1318450  fraction=0.29750  peak_slope=6.265e-07  t_peak=391066  comparison cadence=1173197  difference=0.29500  below=0/3
t=1329624  fraction=0.29750  peak_slope=6.265e-07  t_peak=391066  comparison cadence=1173197  difference=0.29500  below=0/3
t=1340797  fraction=0.29875  peak_slope=6.265e-07  t_peak=391066  comparison cadence=1173197  difference=0.29500  below=0/3
t=1351970  fraction=0.29875  peak_slope=6.265e-07  t_peak=391066  comparison cadence=1173197  difference=0.29500  below=0/3
t=1363144  fraction=0.30000  peak_slope=6.265e-07  t_peak=391066  comparison cadence=1173197  difference=0.29250  below=0/3
t=1374317  fraction=0.30000  peak_slope=6.265e-07  t_peak=391066  comparison cadence=1173197  difference=0.29000  below=0/3
t=1385490  fraction=0.30000  peak_slope=6.265e-07  t_peak=391066  comparison cadence=1173197  difference=0.28750  below=0/3
t=1396664  fraction=0.30000  peak_slope=6.265e-07  t_peak=391066  comparison cadence=1173197  difference=0.28000  below=0/3
t=1407837  fraction=0.30000  peak_slope=6.265e-07  t_peak=391066  comparison cadence=1173197  difference=0.27625  below=0/3
t=1419010  fraction=0.30000  peak_slope=6.265e-07  t_peak=391066  comparison cadence=1173197  difference=0.27375  below=0/3
t=1430184  fraction=0.30125  peak_slope=6.265e-07  t_peak=391066  comparison cadence=1173197  difference=0.27250  below=0/3
t=1441357  fraction=0.30125  peak_slope=6.265e-07  t_peak=391066  comparison cadence=1173197  difference=0.26875  below=0/3
t=1452530  fraction=0.30125  peak_slope=6.265e-07  t_peak=391066  comparison cadence=1173197  difference=0.26750  below=0/3
t=1463703  fraction=0.30125  peak_slope=6.265e-07  t_peak=391066  comparison cadence=1173197  difference=0.26250  below=0/3
t=1474877  fraction=0.30250  peak_slope=6.265e-07  t_peak=391066  comparison cadence=1173197  difference=0.25875  below=0/3
t=1486050  fraction=0.30250  peak_slope=6.265e-07  t_peak=391066  comparison cadence=1173197  difference=0.24625  below=0/3
t=1497223  fraction=0.30250  peak_slope=6.265e-07  t_peak=391066  comparison cadence=1173197  difference=0.24125  below=0/3
t=1508397  fraction=0.30250  peak_slope=6.265e-07  t_peak=391066  comparison cadence=1173197  difference=0.23750  below=0/3
t=1519570  fraction=0.30375  peak_slope=6.265e-07  t_peak=391066  comparison cadence=1173197  difference=0.23500  below=0/3
t=1530743  fraction=0.30375  peak_slope=6.265e-07  t_peak=391066  comparison cadence=1173197  difference=0.23000  below=0/3
t=1541917  fraction=0.30375  peak_slope=6.265e-07  t_peak=391066  comparison cadence=1173197  difference=0.21875  below=0/3
t=1553090  fraction=0.30500  peak_slope=6.265e-07  t_peak=391066  comparison cadence=1173197  difference=0.21250  below=0/3
t=1564263  fraction=0.30500  peak_slope=6.265e-07  t_peak=391066  comparison cadence=1173197  difference=0.20500  below=0/3
t=1575437  fraction=0.30625  peak_slope=6.265e-07  t_peak=391066  comparison cadence=1173197  difference=0.20250  below=0/3
t=1586610  fraction=0.30625  peak_slope=6.265e-07  t_peak=391066  comparison cadence=1173197  difference=0.19875  below=0/3
t=1597783  fraction=0.30750  peak_slope=6.265e-07  t_peak=391066  comparison cadence=1173197  difference=0.19500  below=0/3
t=1608956  fraction=0.30750  peak_slope=6.265e-07  t_peak=391066  comparison cadence=1173197  difference=0.18625  below=0/3
t=1620130  fraction=0.30750  peak_slope=6.265e-07  t_peak=391066  comparison cadence=1173197  difference=0.18250  below=0/3
t=1631303  fraction=0.30750  peak_slope=6.265e-07  t_peak=391066  comparison cadence=1173197  difference=0.17375  below=0/3
t=1642476  fraction=0.30750  peak_slope=6.265e-07  t_peak=391066  comparison cadence=1173197  difference=0.17000  below=0/3
t=1653650  fraction=0.30750  peak_slope=6.265e-07  t_peak=391066  comparison cadence=1173197  difference=0.16250  below=0/3
t=1664823  fraction=0.30875  peak_slope=6.265e-07  t_peak=391066  comparison cadence=1173197  difference=0.15875  below=0/3
t=1675996  fraction=0.31000  peak_slope=6.265e-07  t_peak=391066  comparison cadence=1173197  difference=0.15375  below=0/3
t=1687170  fraction=0.31000  peak_slope=6.265e-07  t_peak=391066  comparison cadence=1173197  difference=0.15125  below=0/3
t=1698343  fraction=0.31000  peak_slope=6.265e-07  t_peak=391066  comparison cadence=1173197  difference=0.14500  below=0/3
t=1709516  fraction=0.31000  peak_slope=6.265e-07  t_peak=391066  comparison cadence=1173197  difference=0.14500  below=0/3
t=1720690  fraction=0.31000  peak_slope=6.265e-07  t_peak=391066  comparison cadence=1173197  difference=0.14000  below=0/3
t=1731863  fraction=0.31000  peak_slope=6.265e-07  t_peak=391066  comparison cadence=1173197  difference=0.13375  below=0/3
t=1743036  fraction=0.31000  peak_slope=6.265e-07  t_peak=391066  comparison cadence=1173197  difference=0.12750  below=0/3
t=1754210  fraction=0.31000  peak_slope=6.265e-07  t_peak=391066  comparison cadence=1173197  difference=0.12250  below=0/3
t=1765383  fraction=0.31125  peak_slope=6.265e-07  t_peak=391066  comparison cadence=1173197  difference=0.12000  below=0/3
t=1776556  fraction=0.31250  peak_slope=6.265e-07  t_peak=391066  comparison cadence=1173197  difference=0.12000  below=0/3
t=1787729  fraction=0.31250  peak_slope=6.265e-07  t_peak=391066  comparison cadence=1173197  difference=0.11250  below=0/3
t=1798903  fraction=0.31250  peak_slope=6.265e-07  t_peak=391066  comparison cadence=1173197  difference=0.11125  below=0/3
t=1810076  fraction=0.31250  peak_slope=6.265e-07  t_peak=391066  comparison cadence=1173197  difference=0.10500  below=0/3
t=1821249  fraction=0.31250  peak_slope=6.265e-07  t_peak=391066  comparison cadence=1173197  difference=0.10125  below=0/3
t=1832423  fraction=0.31250  peak_slope=6.265e-07  t_peak=391066  comparison cadence=1173197  difference=0.10000  below=0/3
t=1843596  fraction=0.31250  peak_slope=6.265e-07  t_peak=391066  comparison cadence=1173197  difference=0.09875  below=0/3
t=1854769  fraction=0.31250  peak_slope=6.265e-07  t_peak=391066  comparison cadence=1173197  difference=0.09625  below=0/3
t=1865943  fraction=0.31500  peak_slope=6.265e-07  t_peak=391066  comparison cadence=1173197  difference=0.09500  below=0/3
t=1877116  fraction=0.31625  peak_slope=6.265e-07  t_peak=391066  comparison cadence=1173197  difference=0.09500  below=0/3
t=1888289  fraction=0.31625  peak_slope=6.265e-07  t_peak=391066  comparison cadence=1173197  difference=0.09250  below=0/3
t=1899463  fraction=0.31625  peak_slope=6.265e-07  t_peak=391066  comparison cadence=1173197  difference=0.09000  below=0/3
t=1910636  fraction=0.31625  peak_slope=6.265e-07  t_peak=391066  comparison cadence=1173197  difference=0.08875  below=0/3
t=1921809  fraction=0.31625  peak_slope=6.265e-07  t_peak=391066  comparison cadence=1173197  difference=0.08625  below=0/3
t=1932982  fraction=0.31625  peak_slope=6.265e-07  t_peak=391066  comparison cadence=1173197  difference=0.08500  below=0/3
t=1944156  fraction=0.31750  peak_slope=6.265e-07  t_peak=391066  comparison cadence=1173197  difference=0.08375  below=0/3
t=1955329  fraction=0.31875  peak_slope=6.265e-07  t_peak=391066  comparison cadence=1173197  difference=0.07875  below=0/3
t=1966502  fraction=0.31875  peak_slope=6.265e-07  t_peak=391066  comparison cadence=1173197  difference=0.07625  below=0/3
t=1977676  fraction=0.31875  peak_slope=6.265e-07  t_peak=391066  comparison cadence=1173197  difference=0.07625  below=0/3
t=1988849  fraction=0.32000  peak_slope=6.265e-07  t_peak=391066  comparison cadence=1173197  difference=0.07500  below=0/3
t=2000022  fraction=0.32000  peak_slope=6.265e-07  t_peak=391066  comparison cadence=1173197  difference=0.07125  below=0/3
t=2011196  fraction=0.32000  peak_slope=6.265e-07  t_peak=391066  comparison cadence=1173197  difference=0.07000  below=0/3
t=2022369  fraction=0.32000  peak_slope=6.265e-07  t_peak=391066  comparison cadence=1173197  difference=0.07000  below=0/3
t=2033542  fraction=0.32000  peak_slope=6.265e-07  t_peak=391066  comparison cadence=1173197  difference=0.06875  below=0/3
t=2044716  fraction=0.32000  peak_slope=6.265e-07  t_peak=391066  comparison cadence=1173197  difference=0.06875  below=0/3
t=2055889  fraction=0.32000  peak_slope=6.265e-07  t_peak=391066  comparison cadence=1173197  difference=0.06875  below=0/3
t=2067062  fraction=0.32000  peak_slope=6.265e-07  t_peak=391066  comparison cadence=1173197  difference=0.06875  below=0/3
t=2078235  fraction=0.32125  peak_slope=6.265e-07  t_peak=391066  comparison cadence=1173197  difference=0.06750  below=0/3
t=2089409  fraction=0.32125  peak_slope=6.265e-07  t_peak=391066  comparison cadence=1173197  difference=0.06625  below=0/3
t=2100582  fraction=0.32125  peak_slope=6.265e-07  t_peak=391066  comparison cadence=1173197  difference=0.06375  below=0/3
t=2111755  fraction=0.32125  peak_slope=6.265e-07  t_peak=391066  comparison cadence=1173197  difference=0.06000  below=0/3
t=2122929  fraction=0.32125  peak_slope=6.265e-07  t_peak=391066  comparison cadence=1173197  difference=0.05500  below=0/3
t=2134102  fraction=0.32125  peak_slope=6.265e-07  t_peak=391066  comparison cadence=1173197  difference=0.05500  below=0/3
t=2145275  fraction=0.32125  peak_slope=6.265e-07  t_peak=391066  comparison cadence=1173197  difference=0.05375  below=0/3
t=2156449  fraction=0.32250  peak_slope=6.265e-07  t_peak=391066  comparison cadence=1173197  difference=0.05375  below=0/3
t=2167622  fraction=0.32250  peak_slope=6.265e-07  t_peak=391066  comparison cadence=1173197  difference=0.05375  below=0/3
t=2178795  fraction=0.32250  peak_slope=6.265e-07  t_peak=391066  comparison cadence=1173197  difference=0.05000  below=0/3
t=2189969  fraction=0.32250  peak_slope=6.265e-07  t_peak=391066  comparison cadence=1173197  difference=0.04875  below=0/3
t=2201142  fraction=0.32250  peak_slope=6.265e-07  t_peak=391066  comparison cadence=1173197  difference=0.04625  below=0/3
t=2212315  fraction=0.32250  peak_slope=6.265e-07  t_peak=391066  comparison cadence=1173197  difference=0.04500  below=0/3
t=2223488  fraction=0.32250  peak_slope=6.265e-07  t_peak=391066  comparison cadence=1173197  difference=0.04375  below=0/3
t=2234662  fraction=0.32250  peak_slope=6.265e-07  t_peak=391066  comparison cadence=1173197  difference=0.04375  below=0/3
t=2245835  fraction=0.32375  peak_slope=6.265e-07  t_peak=391066  comparison cadence=1173197  difference=0.04250  below=0/3
t=2257008  fraction=0.32375  peak_slope=6.265e-07  t_peak=391066  comparison cadence=1173197  difference=0.04125  below=0/3
t=2268182  fraction=0.32375  peak_slope=6.265e-07  t_peak=391066  comparison cadence=1173197  difference=0.03875  below=1/3
t=2279355  fraction=0.32375  peak_slope=6.265e-07  t_peak=391066  comparison cadence=1173197  difference=0.03750  below=2/3
t=2290528  fraction=0.32375  peak_slope=6.265e-07  t_peak=391066  comparison cadence=1173197  difference=0.03625  below=3/3
Stopping at t=2290528.3282727674
Saved 538 remaining particles to /scratch/group/p.phy260085.000//Mass_Fraction/Outputs/Ejection_Results/remaining_particles_2172262_3.csv
