==========================================
Mass Fraction MPI Run
==========================================
Date:               Mon Sep 28 21:01:29 CDT 2026
Host:               ac035
Array job ID:       2172268
Array task ID:      4
MPI ranks:          4
CPUs per task:      1
Nodes allocated:    1
Python:             /scratch/user/u.hm357857/.conda/envs/comets/bin/python
Conda environment:  /scratch/user/u.hm357857/.conda/envs/comets
==========================================

2.143966044446487
2.0357053148905253
2.176804677015249
1.0436849588126589
0.5120445650694163
2.0604869648889315
1.9337386945878672
0.6083552332858038
2.1139888015522237
1.9333810356591241
1.1764758572084961
1.874392317137026
0.5077705349745327
0.8228311411485949
2.4717842311961498
1.2093072686703632
2.4928132100042353
1.8114309568249642
1.3060364104218718
1.6788577163731568
2.2964333416949634
1.2528927310544367
1.2153344484448547
1.5575899741635215
1.4707598293650734
0.5707814520986452
1.0465385680954196
2.483131330027735
0.5559125427482887
1.9026257204448527
2.1346553202671927
1.819557907541759
0.9201435638031183
2.074381443150034
0.9886559645041337
0.7341827016737785
2.45832821381196
2.281349220746562
1.355779130230316
1.3013687519431372
2.0112116562607274
1.51756798171665
2.4660589899925744
2.4844730518361433
0.7468423587440658
2.468195483021584
1.071953164411141
1.4995417827687763
0.9193329305860161
1.9997665205848392
1.1113896957640468
2.448049200245951
0.8286216439184295
1.886665545978849
1.8644741968974226
1.9093425910929238
2.4892619816066937
2.3585061779632843
1.6245851810863678
0.97818657910154
2.130498612562074
1.7037355080971954
1.6003311875927648
0.694674196439405
0.8513285060632834
1.5649426570526077
0.6394844166853242
1.179258615926883
1.0839450623549944
2.4055794661586045
0.5374405712056722
1.8620971877472077
2.446935270047492
1.39298912471718
2.108026895411778
0.9889563134381452
2.166276490876858
0.6152417272989359
1.3654267302999525
1.4404584246790215
2.2454112692759214
1.322814558190926
0.7659915197710356
0.9970723647148358
1.9900773246048227
1.861472575437269
1.969812393546296
0.6460666842062297
2.4597264394776444
1.834234412574634
2.3470210636590925
2.0546851534527235
1.6465423436428628
1.8187627227455918
2.0657347881210386
2.2919086290827453
2.263934139959967
0.5923704637697644
2.4300548223743887
1.4981686338114655
2.291743961433629
1.4973129598209003
0.8805217334814563
0.820740525696662
1.8455840056583543
2.0140272084084856
1.5355226381494014
0.6079419291607087
2.042568835376156
2.11034001143074
1.591609725970257
2.4932713329604317
1.3060686232653054
2.1833807288861458
1.3620498422389242
2.3228689327562084
1.248121319832197
1.6154370942525271
1.841458113479431
0.5749767183601808
2.0495190396643825
2.4935688561672595
1.8513816316567235
0.6735788481412024
2.053342361391749
2.3039969352064844
1.5213429260185334
1.7998699149649662
2.391366714833254
1.5556598236766435
1.6704582376847281
1.0858908140359376
2.0810574483949287
1.1379760469265334
1.5287316069457184
2.175958144690326
1.0652983147174508
0.5220034461761072
0.9995693453756862
2.0050225395643198
1.6321465304352045
1.3222821573323973
0.5816545541049363
2.223668554605016
0.505657252717493
2.4835342487527896
2.3725729417300627
1.1493326648356725
2.447962660956767
1.5534126412367815
2.256923565445544
1.4767122283606982
1.7042627158205994
1.3162129138213172
0.5498516202409014
2.455689642804641
0.8053499869288678
0.5835199297875178
0.7622940333534447
1.267271233376218
0.5077996214014195
2.1284572971579636
1.4118038940983415
1.224844385040899
2.0890022341831376
2.2560844130512754
1.528091312420578
0.8173135000189984
1.5073127415529917
2.3935698097340046
1.0706819059237684
1.8925769542951356
1.0024669745178236
0.6934761027025718
0.5756996758377899
2.355283859112351
1.3467636079144252
0.9743603146684594
1.507899426621464
1.430099592333288
2.3672514413971997
0.9702552618880875
1.4814130092837907
1.9617988371220203
1.1551162325948219
2.276258103443121
1.192225747542787
1.8277322050413658
0.5993173420868718
1.9708161274021065
0.662020963297723
2.356135555853366
0.6360507945446086
1.6202364898519388
0.5079860607688078
0.9053392502798903
1.7437079533851843
1.5958295403187621
2.305932022668423
1.8860219709977122
1.3499265772581355
2.0180376773113284
2.1459123839581693
0.5175120435946134
2.286279004314581
0.6069056909268373
1.6059868736467904
1.5290651613941673
2.428258626390611
1.754900429749089
1.413395138547644
2.352676435099508
1.350315861014162
2.1819758837959236
0.9854010964417905
1.1129505361036374
2.3027948409669206
1.7707766317670703
1.3361470274914318
0.7286541644502433
1.2066926358574692
1.523510339865912
1.3162186359727268
1.4183788533285113
0.5060300122398669
0.80545230227415
0.8737087772042369
2.1707299647503597
0.5190921214460364
2.3981402639431977
2.2952641081632894
1.6238118772459569
2.264285054210846
1.5144782255115308
0.9622054962912552
2.3939722969748645
0.5872011224195388
0.7293378588862942
2.2068614666496966
2.271591785957538
1.0012763888496206
2.0939558753821337
1.7706225864477299
1.7290454935670394
2.2351796052494777
1.351145132127797
1.3582786737222778
1.8725300749817888
1.1142038309744782
0.7338330771109238
0.8189191126986739
0.8933939673115077
1.6007196486959305
2.459466915911991
0.632818024799978
1.5900579189613093
2.3280583309204284
0.9403961927033033
0.517974734234413
1.9833134603976212
2.0785133644041434
2.099196408180342
2.4001518602523584
1.396619011239081
0.7464382498599473
2.419502651956324
0.6573658815908237
2.207959511736899
0.5087323166256776
1.45658244576534
2.1260362957653722
1.7733535040705242
1.277168164144055
1.6868170644412877
2.2954822234177685
1.1959048303960012
2.2413179218522665
1.0466033749465304
1.46826790258625
2.4548159780616543
1.0279828602534553
1.9932884218904694
1.6451862675434492
1.2954149292843815
0.851713917898423
0.6164828585627615
0.8492372991178547
2.3780142586280917
1.9452465606352591
0.5839705554430414
1.348114549293381
1.8106092104472196
2.3933758920141877
1.4964504462175996
1.844748204566877
0.6642060941280332
1.6370097173537526
1.0583292233467276
2.3170453322747955
1.9389766774362172
1.7212846400067372
0.776166182019572
0.9516822744339561
0.5114974843106759
2.2249200156871245
1.4693408011482403
0.6821307810786135
2.386597366758071
0.8847274748970222
1.3247625843125723
2.348516619154304
1.8600116802190776
0.605603962218425
0.5852152774902717
1.9404348763704338
2.04225398331518
1.2596777411425335
2.028600677934891
1.9037776416950025
2.413505098934089
1.1693406015872514
0.8452336974369039
0.9808712047181443
2.2489709985627364
1.8761671534610014
1.6539548380255256
2.407863454581241
1.5285125631805834
1.162065924470305
0.5944544087893533
2.4710721022293214
0.7206050321770769
2.1713929113516897
0.810524030858276
2.397744883776278
1.7500492995473518
1.3796270930948906
1.4598561582267464
2.4781694017868174
1.5253297636530845
0.958433057454199
2.0198342430660627
2.405238187768208
1.0453439105251623
1.8483259091659978
1.1818675162676773
1.108461466287266
1.392232574920074
0.8015989388666163
0.8961231903934161
1.6641848462762052
1.4014179955578796
0.8146151897302611
1.5104388033821832
2.259072012334536
0.9859046458967695
1.9742988053429482
1.1399077515438403
2.0043080625670067
1.8719510153622099
2.2614784341131084
1.1367670366334661
0.6397624190575992
1.7142358104236162
2.426366608292758
1.2967485600295363
2.095676257186659
2.381384723037784
1.415954536904891
2.142873061455197
1.6063438530343432
0.5821290817691609
2.1357049287748415
1.2795007869609205
2.306968375490258
1.2616323626163934
0.74473284008415
1.935191557611766
1.4502487961071022
1.9513457297041032
2.0105742317774844
1.2278751646134176
1.3308211901405858
1.7392398282460029
1.8304114435218357
1.6918074559523437
1.3070486170332516
0.5232047822150678
1.1837205449093224
1.1513934100113132
1.6096187463552882
0.8440848154113736
2.431394133562171
2.404024302101502
2.4151500165107853
0.913972075111829
1.7783980954200755
0.607011520372361
1.8795640739468866
0.6656294027943386
2.1878146131772054
2.1440468680138585
2.336076772668041
1.1238582192609545
2.0165931215802115
1.3310653287580512
1.4412851212224014
1.4948257104051548
1.4294470243998563
1.0551515754002017
2.475930025371161
0.727987019384615
1.3411891106748668
0.738750789957435
2.3624857586551693
1.5275672543452852
1.0740400498757328
1.9281072986941263
1.1340127921188636
1.9167271963975838
1.3632443214631953
1.0066574897141145
1.5440138400256813
0.5328170173698754
0.5234579984958136
0.6297231296229586
1.0534190496403815
0.6634914426432941
0.8003903485210129
1.8244155846753534
1.1963252268885143
1.1370580643624222
0.5311376870608082
2.377275488834721
1.3892528839911416
0.8298783866972912
0.9462875086624585
2.0375734063759685
2.0015941055134894
1.4335675431581774
1.966099964256086
1.7328710471392281
2.480412545502597
0.6702617483439395
0.8869677496833897
1.2287406525277529
2.3353979978730015
2.328165645372531
0.8959114059549136
1.032166712099132
0.8908000218951133
0.5253595907931552
1.0757612122595144
1.3514676108454018
0.6231609533355669
2.3073977029402606
2.3596410202282447
0.5387253589913525
2.4920194076972795
1.6254398513074975
0.7321534374198828
1.578631893718509
0.9643843942178856
1.9112107269547483
0.9269407450726899
0.7202431798215407
0.7843174149186389
2.384792998728477
1.5597457765635547
1.4149987034021152
2.4555166759105296
2.2278520089632057
2.3457951116686226
1.4688025212146687
1.8463384400697211
2.3400156196859725
2.334953790544426
0.5812754183670978
1.9425344061844876
0.6336630396413168
1.1443044040928838
1.3769239140501084
1.4634684834776928
2.211848651715174
0.839230742006374
1.9282591368455588
1.3654507698370695
2.1330947811444076
2.1317017838213994
2.230632456654539
1.2806715101065487
1.014741713155538
1.9946878287403529
1.4979844315433224
1.5819674084270923
1.8657308974034186
2.158037273718861
1.1574539913416075
1.4566473226985799
1.0555862879902294
0.7187287178112802
1.585890801631585
1.085552485125608
2.021937705186307
2.429147996887571
1.7851512238618064
0.8189589997885345
1.8566431628802493
1.1355801872007045
1.560034813666583
0.8451054860052856
1.8252532877635954
0.6897069368719486
0.8688642475455994
1.4005345931549507
1.5374758751193347
1.6282297992044772
2.442396558780698
2.1042905941245227
1.2198897332598349
2.4832617170645124
2.3558100999661877
1.435319710151111
1.8737155897170994
2.4643767872039897
2.3311065350307283
0.7179589757249505
2.3167383065896736
2.107347873991474
2.3487021693531025
2.07105707976078
0.6083033152127653
2.1500121181189216
1.16522829725223
2.3041160513646815
1.7030420192475089
0.8455481545314634
1.1063804726469162
1.5469380560737755
2.3610060893595897
1.6412179877831203
1.6691171291007356
1.4450358946491617
1.5887620464478363
1.3352340219243382
1.6309822164377539
1.3606654518808465
1.9583304264656975
0.6514519448678453
0.7597911984733612
2.0577196358100087
1.2518132345908854
0.996046795591554
1.4347016750836497
1.6014708766588295
2.15419341476027
0.5324714502358714
1.737817316136073
0.572016805428389
1.1585677587356038
0.6275454746489177
2.0592748613891008
2.3931714797409422
1.7943608485129419
2.1869489255712686
0.925566495564744
1.7795324724845876
0.8053885714547069
0.6855806277533081
1.0172539124239077
1.412502782086575
1.6516375956948621
1.5402745092094878
2.200407371802945
0.5818026533427503
1.246379911845219
2.3876310285456745
2.088483066688113
2.204857920153655
2.1836567321213476
1.2855865340059356
0.771108998971908
0.5828357847497454
0.9952919634860589
1.9819932772029596
2.202135741016066
0.5083821839662213
1.6478067240975558
1.171886552372175
1.0387962611149137
0.5833294856175602
0.681678075426543
1.199261652488198
0.8106780641824509
0.9563281914811328
2.3692909606298667
0.5259202892989923
1.8798024882520656
0.5071552547209222
0.7251672850594839
1.8504858614006452
1.2767736856176362
0.7289693462714171
0.5926302033720185
1.936088480827302
1.1832019983665634
1.6050629019363991
0.5827092082537202
1.1079175803319332
2.111715514019811
1.226022077991679
0.9753812712075265
0.6654921368171829
2.100572892307013
1.6513187431715768
0.9299877366855811
0.5866246636033929
0.5485701542883283
0.6907640399631905
1.1584221815747435
1.9863196914144785
2.00292706046207
0.6811653349665341
0.512844357133069
0.7577539525508599
1.3830079460762317
2.047897469056009
1.8376341065729802
2.0286297024922506
1.761074267894542
1.019989238153095
1.1454099234750514
0.7573343719735668
2.2288277047119704
0.5128549294640472
1.0887877523729907
1.5510212646631496
1.7690905691431509
0.6496623229583427
2.1111265572639084
2.19524864614079
1.3725616363607474
0.5377291600912402
1.2806914706658015
0.6398424687225233
1.9938890478571831
1.7250641249197478
0.8161614736027967
2.0356183469049327
1.6954650606732724
0.8594826487692131
1.6863311497646265
1.7023104002957077
1.4367021520647885
1.5359270331464412
1.413114025775353
1.881151038860249
1.5718890535280237
2.480078186791793
0.5775150448959283
2.436414527705412
1.1738279685223654
1.9289240828481078
0.9223810006613746
1.6170955529475672
0.8129989266777862
2.345346745299244
1.960893641490688
2.4487623274803916
0.8787113447424502
0.864071658194564
2.322592710115059
1.1380780950780418
0.6977215853928713
1.4017206138546223
2.1033973328761975
2.0349721145563144
1.5341600283191241
1.2164931407497028
1.8399714236146505
1.9389275004819815
0.6682568467600989
1.01954898190696
1.8526184310479683
1.7922244197140527
2.012744069090628
0.5281684895225478
1.288909396371049
1.9218487029750677
1.3761138741523844
1.8171660098150724
1.958771576620654
2.145526280698923
1.711102823272376
1.8178767562757983
0.9926843641020895
1.5126554762866784
0.6137678824324801
0.6047392560737539
1.0045872228220798
0.882362916853735
0.6664142302556615
1.731615645856256
1.7693037465921984
0.8524289222635884
1.472513620277115
0.7003589521257108
1.5720814604304405
2.320065962561393
2.3067765447837134
1.3946103391324762
1.0123522221156511
2.417379639342238
0.8616575471411756
2.2936541698384003
1.1649612817188275
1.3868881087410814
1.635598890835257
0.921504629025236
2.4118073796298156
2.445450239763023
2.0104147795056893
1.6355871847236743
1.4987948959348325
1.5588435557737095
1.5644704156613607
1.6822819808956255
2.030081626478114
2.4610942080804072
1.0097939072565312
1.3627109245846538
0.8576383544901554
2.4658156039961576
1.6870189445468218
1.6023367791169272
2.123027073015891
2.388534033450667
2.115992813894323
0.5676838818923733
1.4509859506251321
1.6847089301096818
1.7809890808289843
2.3726058627206794
1.6087532935922177
1.3719074019907367
2.3777887882030053
1.9081987651336265
1.8276716509411493
2.295219227534213
1.3200278372237138
2.436216757867411
0.748712431832093
1.124866103311426
1.9616319317916784
0.8486448494343943
1.3521341631290498
2.351058906901814
2.0885743938516335
1.5560732535449353
2.232093612384969
1.450637612911682
0.5996558964450076
2.2786941048301035
1.6734571487663537
0.8470404533984885
1.7154357428415492
1.787525098656229
1.7569985078028059
1.8723208656893127
1.5760081566521698
1.5636517645839976
1.9430654081443064
1.552833199033388
1.5742691179584425
1.8913929009773824
2.015226357516114
0.6848849906768015
1.9637501249102238
2.481070156084712
2.388436052920166
0.8907075373376869
1.290694117980833
2.4706928947677937
1.5350901576831926
1.3956869361624147
2.321088568646754
0.9423081060930225
1.8158015571407498
1.5879066669135273
1.8350997984902653
0.6663667288970978
1.3176323084423807
2.469002055921732
2.3076378475617734
0.9623771063484321
Rank 2: 200 simulations
Rank 3: 200 simulations
1.4984943459007065
2.05571396096344
0.680598865847001
Rank 1: 200 simulations
0.5805269562202748
2.0524358140301207
Running 800 simulations with 4 MPI ranks
Rank 0: 200 simulations
t=551826  fraction=0.18000  peak_slope=2.751e-06  t_peak=183942  comparison cadence=551826  difference=0.18000  below=0/3
t=552826  fraction=0.18000  peak_slope=2.751e-06  t_peak=183942  comparison cadence=551826  difference=0.18000  below=0/3
t=553825  fraction=0.18125  peak_slope=2.751e-06  t_peak=183942  comparison cadence=551826  difference=0.18125  below=0/3
t=554825  fraction=0.18250  peak_slope=2.751e-06  t_peak=183942  comparison cadence=551826  difference=0.18250  below=0/3
t=555825  fraction=0.18250  peak_slope=2.751e-06  t_peak=183942  comparison cadence=551826  difference=0.18250  below=0/3
t=556824  fraction=0.18250  peak_slope=2.751e-06  t_peak=183942  comparison cadence=551826  difference=0.18250  below=0/3
t=557824  fraction=0.18250  peak_slope=2.751e-06  t_peak=183942  comparison cadence=551826  difference=0.18250  below=0/3
t=558824  fraction=0.18250  peak_slope=2.751e-06  t_peak=183942  comparison cadence=551826  difference=0.18250  below=0/3
t=559823  fraction=0.18250  peak_slope=2.751e-06  t_peak=183942  comparison cadence=551826  difference=0.18250  below=0/3
t=560823  fraction=0.18250  peak_slope=2.751e-06  t_peak=183942  comparison cadence=551826  difference=0.18250  below=0/3
t=561823  fraction=0.18250  peak_slope=2.751e-06  t_peak=183942  comparison cadence=551826  difference=0.18250  below=0/3
t=562822  fraction=0.18250  peak_slope=2.751e-06  t_peak=183942  comparison cadence=551826  difference=0.18250  below=0/3
t=563822  fraction=0.18250  peak_slope=2.751e-06  t_peak=183942  comparison cadence=551826  difference=0.18250  below=0/3
t=564822  fraction=0.18250  peak_slope=2.751e-06  t_peak=183942  comparison cadence=551826  difference=0.18250  below=0/3
t=565822  fraction=0.18250  peak_slope=2.751e-06  t_peak=183942  comparison cadence=551826  difference=0.18250  below=0/3
t=566821  fraction=0.18250  peak_slope=2.751e-06  t_peak=183942  comparison cadence=551826  difference=0.18250  below=0/3
t=567821  fraction=0.18250  peak_slope=2.751e-06  t_peak=183942  comparison cadence=551826  difference=0.18250  below=0/3
t=568821  fraction=0.18250  peak_slope=2.751e-06  t_peak=183942  comparison cadence=551826  difference=0.18250  below=0/3
t=569820  fraction=0.18250  peak_slope=2.751e-06  t_peak=183942  comparison cadence=551826  difference=0.18250  below=0/3
t=570820  fraction=0.18250  peak_slope=2.751e-06  t_peak=183942  comparison cadence=551826  difference=0.18250  below=0/3
t=571820  fraction=0.18250  peak_slope=2.751e-06  t_peak=183942  comparison cadence=551826  difference=0.18250  below=0/3
t=572819  fraction=0.18250  peak_slope=2.751e-06  t_peak=183942  comparison cadence=551826  difference=0.18250  below=0/3
t=573819  fraction=0.18250  peak_slope=2.751e-06  t_peak=183942  comparison cadence=551826  difference=0.18250  below=0/3
t=574819  fraction=0.18250  peak_slope=2.751e-06  t_peak=183942  comparison cadence=551826  difference=0.18250  below=0/3
t=575818  fraction=0.18250  peak_slope=2.751e-06  t_peak=183942  comparison cadence=551826  difference=0.18250  below=0/3
t=576818  fraction=0.18250  peak_slope=2.751e-06  t_peak=183942  comparison cadence=551826  difference=0.18250  below=0/3
t=577818  fraction=0.18375  peak_slope=2.751e-06  t_peak=183942  comparison cadence=551826  difference=0.18375  below=0/3
t=578817  fraction=0.18500  peak_slope=2.751e-06  t_peak=183942  comparison cadence=551826  difference=0.18500  below=0/3
t=579817  fraction=0.18500  peak_slope=2.751e-06  t_peak=183942  comparison cadence=551826  difference=0.18500  below=0/3
t=580817  fraction=0.18500  peak_slope=2.751e-06  t_peak=183942  comparison cadence=551826  difference=0.18500  below=0/3
t=581816  fraction=0.18500  peak_slope=2.751e-06  t_peak=183942  comparison cadence=551826  difference=0.18500  below=0/3
t=582816  fraction=0.18500  peak_slope=2.751e-06  t_peak=183942  comparison cadence=551826  difference=0.18500  below=0/3
t=583816  fraction=0.18500  peak_slope=2.751e-06  t_peak=183942  comparison cadence=551826  difference=0.18500  below=0/3
t=584816  fraction=0.18625  peak_slope=2.751e-06  t_peak=183942  comparison cadence=551826  difference=0.18625  below=0/3
t=585815  fraction=0.18625  peak_slope=2.751e-06  t_peak=183942  comparison cadence=551826  difference=0.18625  below=0/3
t=586815  fraction=0.18625  peak_slope=2.751e-06  t_peak=183942  comparison cadence=551826  difference=0.18625  below=0/3
t=587815  fraction=0.18625  peak_slope=2.751e-06  t_peak=183942  comparison cadence=551826  difference=0.18625  below=0/3
t=588814  fraction=0.18750  peak_slope=2.751e-06  t_peak=183942  comparison cadence=551826  difference=0.18750  below=0/3
t=589814  fraction=0.18875  peak_slope=2.751e-06  t_peak=183942  comparison cadence=551826  difference=0.18875  below=0/3
t=590814  fraction=0.18875  peak_slope=2.751e-06  t_peak=183942  comparison cadence=551826  difference=0.18875  below=0/3
t=591813  fraction=0.18875  peak_slope=2.751e-06  t_peak=183942  comparison cadence=551826  difference=0.18875  below=0/3
t=592813  fraction=0.18875  peak_slope=2.751e-06  t_peak=183942  comparison cadence=551826  difference=0.18875  below=0/3
t=593813  fraction=0.18875  peak_slope=2.751e-06  t_peak=183942  comparison cadence=551826  difference=0.18875  below=0/3
t=594812  fraction=0.18875  peak_slope=2.751e-06  t_peak=183942  comparison cadence=551826  difference=0.18875  below=0/3
t=595812  fraction=0.18875  peak_slope=2.751e-06  t_peak=183942  comparison cadence=551826  difference=0.18875  below=0/3
t=596812  fraction=0.18875  peak_slope=2.751e-06  t_peak=183942  comparison cadence=551826  difference=0.18875  below=0/3
t=597811  fraction=0.19000  peak_slope=2.751e-06  t_peak=183942  comparison cadence=551826  difference=0.19000  below=0/3
t=598811  fraction=0.19000  peak_slope=2.751e-06  t_peak=183942  comparison cadence=551826  difference=0.19000  below=0/3
t=599811  fraction=0.19000  peak_slope=2.751e-06  t_peak=183942  comparison cadence=551826  difference=0.19000  below=0/3
t=600810  fraction=0.19000  peak_slope=2.751e-06  t_peak=183942  comparison cadence=551826  difference=0.19000  below=0/3
t=601810  fraction=0.19125  peak_slope=2.751e-06  t_peak=183942  comparison cadence=551826  difference=0.19125  below=0/3
t=602810  fraction=0.19125  peak_slope=2.751e-06  t_peak=183942  comparison cadence=551826  difference=0.19125  below=0/3
t=603810  fraction=0.19125  peak_slope=2.751e-06  t_peak=183942  comparison cadence=551826  difference=0.19125  below=0/3
t=604809  fraction=0.19125  peak_slope=2.751e-06  t_peak=183942  comparison cadence=551826  difference=0.19125  below=0/3
t=605809  fraction=0.19125  peak_slope=2.751e-06  t_peak=183942  comparison cadence=551826  difference=0.19125  below=0/3
t=606809  fraction=0.19125  peak_slope=2.751e-06  t_peak=183942  comparison cadence=551826  difference=0.19125  below=0/3
t=607808  fraction=0.19125  peak_slope=2.751e-06  t_peak=183942  comparison cadence=551826  difference=0.19125  below=0/3
t=608808  fraction=0.19125  peak_slope=2.751e-06  t_peak=183942  comparison cadence=551826  difference=0.19125  below=0/3
t=609808  fraction=0.19125  peak_slope=2.751e-06  t_peak=183942  comparison cadence=551826  difference=0.19125  below=0/3
t=610807  fraction=0.19125  peak_slope=2.751e-06  t_peak=183942  comparison cadence=551826  difference=0.19125  below=0/3
t=611807  fraction=0.19125  peak_slope=2.751e-06  t_peak=183942  comparison cadence=551826  difference=0.19125  below=0/3
t=612807  fraction=0.19125  peak_slope=2.751e-06  t_peak=183942  comparison cadence=551826  difference=0.19125  below=0/3
t=613806  fraction=0.19250  peak_slope=2.751e-06  t_peak=183942  comparison cadence=551826  difference=0.19250  below=0/3
t=614806  fraction=0.19250  peak_slope=2.751e-06  t_peak=183942  comparison cadence=551826  difference=0.19250  below=0/3
t=615806  fraction=0.19250  peak_slope=2.751e-06  t_peak=183942  comparison cadence=551826  difference=0.19250  below=0/3
t=616805  fraction=0.19250  peak_slope=2.751e-06  t_peak=183942  comparison cadence=551826  difference=0.19250  below=0/3
t=617805  fraction=0.19250  peak_slope=2.751e-06  t_peak=183942  comparison cadence=551826  difference=0.19250  below=0/3
t=618805  fraction=0.19250  peak_slope=2.751e-06  t_peak=183942  comparison cadence=551826  difference=0.19250  below=0/3
t=619804  fraction=0.19250  peak_slope=2.751e-06  t_peak=183942  comparison cadence=551826  difference=0.19250  below=0/3
t=620804  fraction=0.19250  peak_slope=2.751e-06  t_peak=183942  comparison cadence=551826  difference=0.19250  below=0/3
t=621804  fraction=0.19250  peak_slope=2.751e-06  t_peak=183942  comparison cadence=551826  difference=0.19250  below=0/3
t=622804  fraction=0.19250  peak_slope=2.751e-06  t_peak=183942  comparison cadence=551826  difference=0.19250  below=0/3
t=623803  fraction=0.19250  peak_slope=2.751e-06  t_peak=183942  comparison cadence=551826  difference=0.19250  below=0/3
t=624803  fraction=0.19250  peak_slope=2.751e-06  t_peak=183942  comparison cadence=551826  difference=0.19250  below=0/3
t=625803  fraction=0.19250  peak_slope=2.751e-06  t_peak=183942  comparison cadence=551826  difference=0.19250  below=0/3
t=626802  fraction=0.19250  peak_slope=2.751e-06  t_peak=183942  comparison cadence=551826  difference=0.19250  below=0/3
t=627802  fraction=0.19250  peak_slope=2.751e-06  t_peak=183942  comparison cadence=551826  difference=0.19250  below=0/3
t=628802  fraction=0.19250  peak_slope=2.751e-06  t_peak=183942  comparison cadence=551826  difference=0.19125  below=0/3
t=629801  fraction=0.19250  peak_slope=2.751e-06  t_peak=183942  comparison cadence=551826  difference=0.19125  below=0/3
t=630801  fraction=0.19250  peak_slope=2.751e-06  t_peak=183942  comparison cadence=551826  difference=0.19125  below=0/3
t=631801  fraction=0.19250  peak_slope=2.751e-06  t_peak=183942  comparison cadence=551826  difference=0.19125  below=0/3
t=632800  fraction=0.19250  peak_slope=2.751e-06  t_peak=183942  comparison cadence=551826  difference=0.19125  below=0/3
t=633800  fraction=0.19250  peak_slope=2.751e-06  t_peak=183942  comparison cadence=551826  difference=0.19125  below=0/3
t=634800  fraction=0.19250  peak_slope=2.751e-06  t_peak=183942  comparison cadence=551826  difference=0.19000  below=0/3
t=635799  fraction=0.19250  peak_slope=2.751e-06  t_peak=183942  comparison cadence=551826  difference=0.19000  below=0/3
t=636799  fraction=0.19250  peak_slope=2.751e-06  t_peak=183942  comparison cadence=551826  difference=0.19000  below=0/3
t=637799  fraction=0.19250  peak_slope=2.751e-06  t_peak=183942  comparison cadence=551826  difference=0.19000  below=0/3
t=638799  fraction=0.19250  peak_slope=2.751e-06  t_peak=183942  comparison cadence=551826  difference=0.19000  below=0/3
t=639798  fraction=0.19250  peak_slope=2.751e-06  t_peak=183942  comparison cadence=551826  difference=0.19000  below=0/3
t=640798  fraction=0.19250  peak_slope=2.751e-06  t_peak=183942  comparison cadence=551826  difference=0.19000  below=0/3
t=641798  fraction=0.19250  peak_slope=2.751e-06  t_peak=183942  comparison cadence=551826  difference=0.19000  below=0/3
t=642797  fraction=0.19250  peak_slope=2.751e-06  t_peak=183942  comparison cadence=551826  difference=0.19000  below=0/3
t=643797  fraction=0.19250  peak_slope=2.751e-06  t_peak=183942  comparison cadence=551826  difference=0.19000  below=0/3
t=644797  fraction=0.19250  peak_slope=2.751e-06  t_peak=183942  comparison cadence=551826  difference=0.18875  below=0/3
t=645796  fraction=0.19250  peak_slope=2.751e-06  t_peak=183942  comparison cadence=551826  difference=0.18875  below=0/3
t=646796  fraction=0.19250  peak_slope=2.751e-06  t_peak=183942  comparison cadence=551826  difference=0.18875  below=0/3
t=647796  fraction=0.19250  peak_slope=2.751e-06  t_peak=183942  comparison cadence=551826  difference=0.18875  below=0/3
t=648795  fraction=0.19250  peak_slope=2.751e-06  t_peak=183942  comparison cadence=551826  difference=0.18750  below=0/3
t=649795  fraction=0.19250  peak_slope=2.751e-06  t_peak=183942  comparison cadence=551826  difference=0.18750  below=0/3
t=650795  fraction=0.19250  peak_slope=2.751e-06  t_peak=183942  comparison cadence=551826  difference=0.18750  below=0/3
t=651794  fraction=0.19250  peak_slope=2.751e-06  t_peak=183942  comparison cadence=551826  difference=0.18750  below=0/3
t=652794  fraction=0.19250  peak_slope=2.751e-06  t_peak=183942  comparison cadence=551826  difference=0.18750  below=0/3
t=653794  fraction=0.19250  peak_slope=2.751e-06  t_peak=183942  comparison cadence=551826  difference=0.18750  below=0/3
t=654793  fraction=0.19375  peak_slope=2.751e-06  t_peak=183942  comparison cadence=551826  difference=0.18875  below=0/3
t=655793  fraction=0.19375  peak_slope=2.751e-06  t_peak=183942  comparison cadence=551826  difference=0.18875  below=0/3
t=656793  fraction=0.19375  peak_slope=2.751e-06  t_peak=183942  comparison cadence=551826  difference=0.18875  below=0/3
t=657793  fraction=0.19375  peak_slope=2.751e-06  t_peak=183942  comparison cadence=551826  difference=0.18875  below=0/3
t=658792  fraction=0.19500  peak_slope=2.751e-06  t_peak=183942  comparison cadence=551826  difference=0.19000  below=0/3
t=659792  fraction=0.19500  peak_slope=2.751e-06  t_peak=183942  comparison cadence=551826  difference=0.18875  below=0/3
t=660792  fraction=0.19500  peak_slope=2.751e-06  t_peak=183942  comparison cadence=551826  difference=0.18875  below=0/3
t=661791  fraction=0.19500  peak_slope=2.751e-06  t_peak=183942  comparison cadence=551826  difference=0.18875  below=0/3
t=662791  fraction=0.19500  peak_slope=2.751e-06  t_peak=183942  comparison cadence=551826  difference=0.18750  below=0/3
t=663791  fraction=0.19500  peak_slope=2.751e-06  t_peak=183942  comparison cadence=551826  difference=0.18625  below=0/3
t=664790  fraction=0.19500  peak_slope=2.751e-06  t_peak=183942  comparison cadence=551826  difference=0.18625  below=0/3
t=665790  fraction=0.19500  peak_slope=2.751e-06  t_peak=183942  comparison cadence=551826  difference=0.18625  below=0/3
t=666790  fraction=0.19500  peak_slope=2.751e-06  t_peak=183942  comparison cadence=551826  difference=0.18500  below=0/3
t=667789  fraction=0.19500  peak_slope=2.751e-06  t_peak=183942  comparison cadence=551826  difference=0.18500  below=0/3
t=668789  fraction=0.19500  peak_slope=2.751e-06  t_peak=183942  comparison cadence=551826  difference=0.18375  below=0/3
t=669789  fraction=0.19500  peak_slope=2.751e-06  t_peak=183942  comparison cadence=551826  difference=0.18375  below=0/3
t=670788  fraction=0.19500  peak_slope=2.751e-06  t_peak=183942  comparison cadence=551826  difference=0.18250  below=0/3
t=671788  fraction=0.19500  peak_slope=2.751e-06  t_peak=183942  comparison cadence=551826  difference=0.18125  below=0/3
t=672788  fraction=0.19500  peak_slope=2.751e-06  t_peak=183942  comparison cadence=551826  difference=0.18125  below=0/3
t=673787  fraction=0.19500  peak_slope=2.751e-06  t_peak=183942  comparison cadence=551826  difference=0.18000  below=0/3
t=674787  fraction=0.19500  peak_slope=2.751e-06  t_peak=183942  comparison cadence=551826  difference=0.17750  below=0/3
t=675787  fraction=0.19500  peak_slope=2.751e-06  t_peak=183942  comparison cadence=551826  difference=0.17750  below=0/3
t=676787  fraction=0.19500  peak_slope=2.751e-06  t_peak=183942  comparison cadence=551826  difference=0.17750  below=0/3
t=677786  fraction=0.19500  peak_slope=2.751e-06  t_peak=183942  comparison cadence=551826  difference=0.17750  below=0/3
t=678786  fraction=0.19500  peak_slope=2.751e-06  t_peak=183942  comparison cadence=551826  difference=0.17750  below=0/3
t=679786  fraction=0.19500  peak_slope=2.751e-06  t_peak=183942  comparison cadence=551826  difference=0.17750  below=0/3
t=680785  fraction=0.19500  peak_slope=2.751e-06  t_peak=183942  comparison cadence=551826  difference=0.17750  below=0/3
t=681785  fraction=0.19500  peak_slope=2.751e-06  t_peak=183942  comparison cadence=551826  difference=0.17625  below=0/3
t=682785  fraction=0.19500  peak_slope=2.751e-06  t_peak=183942  comparison cadence=551826  difference=0.17375  below=0/3
t=683784  fraction=0.19500  peak_slope=2.751e-06  t_peak=183942  comparison cadence=551826  difference=0.17250  below=0/3
t=684784  fraction=0.19500  peak_slope=2.751e-06  t_peak=183942  comparison cadence=551826  difference=0.17250  below=0/3
t=685784  fraction=0.19500  peak_slope=2.751e-06  t_peak=183942  comparison cadence=551826  difference=0.17125  below=0/3
t=686783  fraction=0.19500  peak_slope=2.751e-06  t_peak=183942  comparison cadence=551826  difference=0.17000  below=0/3
t=687783  fraction=0.19500  peak_slope=2.751e-06  t_peak=183942  comparison cadence=551826  difference=0.17000  below=0/3
t=688783  fraction=0.19500  peak_slope=2.751e-06  t_peak=183942  comparison cadence=551826  difference=0.17000  below=0/3
t=689782  fraction=0.19500  peak_slope=2.751e-06  t_peak=183942  comparison cadence=551826  difference=0.17000  below=0/3
t=690782  fraction=0.19500  peak_slope=2.751e-06  t_peak=183942  comparison cadence=551826  difference=0.17000  below=0/3
t=691782  fraction=0.19500  peak_slope=2.751e-06  t_peak=183942  comparison cadence=551826  difference=0.17000  below=0/3
t=692781  fraction=0.19500  peak_slope=2.751e-06  t_peak=183942  comparison cadence=551826  difference=0.17000  below=0/3
t=693781  fraction=0.19500  peak_slope=2.751e-06  t_peak=183942  comparison cadence=551826  difference=0.17000  below=0/3
t=694781  fraction=0.19500  peak_slope=2.751e-06  t_peak=183942  comparison cadence=551826  difference=0.16875  below=0/3
