==========================================
Mass Fraction MPI Run
==========================================
Date:               Mon Sep 28 21:01:29 CDT 2026
Host:               ac040
Array job ID:       2172268
Array task ID:      0
MPI ranks:          4
CPUs per task:      1
Nodes allocated:    1
Python:             /scratch/user/u.hm357857/.conda/envs/comets/bin/python
Conda environment:  /scratch/user/u.hm357857/.conda/envs/comets
==========================================

2.0979847787118793
1.145500625033998
2.0466500705174173
1.7051036623680829
1.8040527261277701
0.8715387021905963
1.2853573487651626
0.6526779130522811
0.918967184923084
2.055460350432197
0.7719674340007745
2.1124464726584105
1.3203077241060635
1.4087919770072321
2.201608658829053
0.5923442837963686
1.9816269338145258
1.5121657977722927
1.1105108476205285
1.2752853850796617
1.950984050768821
1.621399833861475
1.0484966960316222
1.4259726471296508
2.3933391084597826
1.0966895082267367
2.1670372264047355
1.0222763408225621
2.1505017264052753
1.3950083456330489
2.216167584008808
1.3956586609512809
0.500871586903264
0.8971450796184091
1.2745636941739096
0.7456217980987212
1.2045664823729036
1.9580791041574286
1.484342034491979
2.276810097904609
2.4836194428052862
1.0375019132210377
1.8561241580492687
1.9763575194198901
1.7354687219062037
1.5104371850571812
2.122223583703599
1.9467990897905822
2.041884521570034
2.2729542909046128
2.3915174755878557
1.1420591130058877
2.370772806251236
1.5878951867999433
2.3843523882719344
1.0682366604426534
2.340609227178931
1.9458206479365725
2.3806829157020974
1.6489547078472833
1.0491330595212718
1.5696036870604666
1.6698087787625466
2.0012336593775544
2.0672496095101636
2.372715093902769
1.6446859274277954
1.5399248420540568
0.7087664199043207
2.2562730400765396
1.1472656398187564
1.7519724532568384
1.5504213185664872
1.2711360736647288
1.2929123681955725
1.0271627015195939
2.253313151868576
1.2789750035987164
1.3730698100313372
2.225667357599581
2.3933905803985587
0.8681836425454923
1.529840512321934
1.3375358417777856
1.1583017053062878
0.7227389524757857
2.353811859168534
0.8324236427655494
0.7784019912799922
1.2940744337277406
1.7247520623189623
2.4796892270031385
0.8222771594942437
1.316677638650055
2.4374148868801377
0.6052045272381448
0.7429772771733347
2.1700567478256714
1.167436584735535
1.822193569619735
1.5314759726914575
1.9162675335240928
1.955584064030084
1.151215024771095
2.046183118063944
1.347285161320536
1.2162993455515856
1.40199651251458
0.975494822069817
1.5096015122373023
1.870876947913906
2.0011269074019737
1.9328859113252825
0.9157268454096539
0.8374763734439181
1.0399775401088323
1.048982949778458
2.24245245944142
2.4358115529074995
1.0500769118980178
1.9547211276098646
2.1087725323140516
1.546210003599534
1.6938106256906709
0.6215647447739459
1.6779900903279492
1.2441926893471826
0.6360003524389564
1.6429487129158968
0.5496481742911292
2.4247326794713757
0.6176679500002793
1.2073636847927114
1.2801159230504167
1.6013389980661494
1.2254013541433941
1.3322972561887423
0.5938639031202313
2.344116275464584
2.3370281132728947
1.4760835813549038
2.307151340916052
1.184543877115258
2.4606023478990426
2.270742993968586
0.549716008757426
1.4659986676992067
2.1988006524040156
2.3380661966190104
1.8734717548342767
0.8389640039000534
1.5862301035261974
0.8312833789542629
1.6904897862673658
1.9684693450096638
1.7998722775315334
2.4980290994118475
1.630210745337954
1.7621043377363252
2.081061133403501
1.7990105176276205
1.6647396401167012
1.0544630774726043
1.149710990230277
1.7808836608511491
1.1011552103695865
1.5794059260536368
1.431095017432915
1.8772352530368681
1.9511959895017632
0.9073364126895873
1.536994976736676
1.3272733667919743
2.4442791502086583
1.7769877123050724
1.6047107162200709
1.7097441959642183
1.6780231372545613
0.5520296549798118
0.9253677047044009
0.7774563366826093
1.5882425742161623
0.6514917722448499
1.8149884352174583
2.13358708685909
0.6832014329513547
1.5375674241064374
1.2982428078756745
2.0968206415082014
0.684922665813058
1.1227960615612358
1.5433197336629842
0.7937869128226325
1.0272579154861792
1.6827814598361601
0.9156848724871145
2.2585907693579443
2.3286307247507825
1.3716511394743687
0.8229683183187091
1.1531088508672296
1.6683907101680662
1.38803227994522
0.5851544916271285
1.718048779676945
0.7487448961824739
2.3598163544003405
1.41611476141925
2.335806843201011
1.7691240236560855
2.2021884412839965
0.7388945067735044
1.6742731061244915
1.8310540195749934
2.1121374521774134
1.5577974171495508
2.3550842812842645
2.3407126758627514
1.3553953228252733
0.7379565935651362
1.560863454628242
1.6340570856009116
1.23443180610064
0.608599272646692
2.303875438853926
1.610528045630917
1.6454586209955433
1.8224157710773095
0.8243255660640101
0.5487287427463292
2.3166321624080375
1.953854458883959
1.2225433044857232
1.0051007821213298
1.2002705684040604
0.7243244208830335
0.5461897556103799
1.0314298769623016
0.9281175901399541
2.2886213212282116
2.3046607884301125
1.6216070167008958
2.3838246966667436
2.3483859884241367
1.353288912263784
0.5984036508794823
1.2679559849428559
0.904389940874011
1.2915079873757853
1.8212046749979922
2.4955847659659174
0.8169142936813552
1.9690941123602972
0.5085189304622546
1.3898137287373555
1.3661727507278798
1.7915687623868037
0.6187287096074474
1.9269970448320277
2.1387305950066766
1.1338713248575083
1.9110434417014739
0.5609073127579176
1.8003520562501343
1.9112863534915407
1.2648454641605371
0.9072077738389728
2.0891362407511282
2.294152254878392
1.2443627010909746
2.376967803014238
1.6794635279179033
0.9263394630213468
1.0723917890113928
1.4227932141772248
1.8047153463643881
2.3416955482040342
2.3902552555966103
0.5972283366058813
1.030070881658146
2.423491174235444
1.4637570949807335
1.3874277636920171
0.5421597527607325
1.1037993366378696
2.2881511050444416
1.1811481066942704
1.9795525667327483
1.8238826938954356
1.6138227349404712
1.7371043211253163
1.8464056453278792
1.6225133706981143
2.103491752789653
1.6323773816048344
2.1800169818185333
0.7352112330715641
0.5806533198801045
0.5711287071153341
1.0873540433390592
1.3832314029565316
0.5959217211082091
1.774100759175331
0.8739812403489093
1.0901842250884586
2.43228644470253
0.6690046537020795
1.350063608365185
1.7239331984521795
2.3928370517409703
1.305700923481814
1.85833080643129
1.7851944106526232
1.803528196875874
0.669169219142814
2.228507147175299
2.1354816582971936
1.9326398039978274
1.6223843330473335
1.5045638368753986
0.8405149149173265
1.5103685653263497
1.90604661815649
2.243088688446317
1.4392154010198916
0.9525993557189187
1.2987931012413458
0.5435527708877639
2.3918157030735285
1.9477814023359978
1.1399168595844544
1.8961524933852738
1.9375124990208703
0.973032864555756
0.8908970978204065
0.7193390530275008
2.3589020824679516
1.7970509815773488
0.7020062088086629
0.8679695007429289
2.4904987609190883
1.7239809297158208
1.696975255514225
1.5566253928473013
0.558672818721418
0.7509395420897571
0.7760578920202637
1.697406998101461
1.202082184208531
2.1355107990336744
1.1372680173466532
1.1796781112934807
0.7599203282708675
2.21846409077713
1.5871313321313198
2.3278774114106744
0.9282563570489353
2.3556237999354774
0.9999084230489645
0.7514227468824299
2.2209431088319054
1.785642774501748
1.8252955492691818
1.6448045478696343
1.2782869687645035
1.3098334120529367
2.1939147818373206
2.3279876217582154
1.5452157761696856
2.3864149948783346
2.368444384421456
1.0555747355795613
1.492382646881796
0.8088650622491251
1.957338004660848
2.3805519433072453
1.9782029731909383
1.4480976544857767
1.7671479349378278
1.943370869813944
1.8259170164827216
1.6378922695931657
1.2524846694587393
1.8795199001437781
1.4635229697333483
1.1624012828746404
2.073259614391099
0.6389028749990786
1.4360763962051513
1.1364642666765483
0.5590504891139971
0.67598304443265
1.5685236090646753
2.374064829530787
1.7608891787821073
1.5414956339083652
2.0259240477551073
1.4557650238504194
1.1835367039585978
2.308779739547649
1.4738429449824288
1.6937055032385697
0.6684520867132819
1.5651634507238237
1.410236170478491
0.612726549811067
2.2081780462737832
1.8640694375256346
1.330677436524355
0.802729803613492
1.2212606889335527
1.174889017731715
0.9953131006258686
1.3435925577465841
0.6051492689063627
2.1649506890002947
1.5028605362317204
0.7208315056836192
0.9974060552323412
1.1289009928739084
2.309757949417003
2.3636457302057505
0.9329934408008187
1.1012989703205762
1.651728396404944
1.2836550969648342
0.6564824013550967
1.1755742200464985
1.1856876483273948
1.8765395115895989
2.4190148841967236
0.8110913135128806
0.5055389306720364
1.612142148245696
2.0334919542300876
2.052444071280955
1.2262075204978533
1.986490348871552
2.3319793059154215
1.8554601819338385
1.8234003833581203
1.8019119833762347
1.6148350159020715
0.9136316766874559
2.4083455060855457
0.5866000649837062
2.381260667420783
1.1713850205433713
2.388381881213548
0.9376632955989739
2.0582595670577666
2.4934737409636343
1.4616325761671405
1.5819015376456764
0.6332347755941916
1.8428745371729227
1.6420012377073343
1.8388619082804614
1.6154419310017483
0.8623068488013184
1.8660239235772846
1.276624804693235
1.485108593692456
1.9653570428338614
1.8609319217188975
0.8615688048133872
1.698448668828173
1.0932268483389316
1.089455261194548
0.5909828042897416
0.7010422008166632
0.7791664942791772
1.442543083302579
0.9897656010219369
0.5736457398708183
0.6417604923455609
0.9365664394576823
2.2225226836483336
1.5177309754050483
1.4830738273223711
0.8193034770207213
1.1294830334712964
1.6161049668565648
0.6170585233305081
1.3197768127575435
2.0245831115851516
1.110420850901946
1.2816597359406128
0.6868109613085629
1.6000622209331754
1.2665951793831658
2.161052777902701
1.493876702745311
1.1896160608203195
2.1258796566543676
1.9249976328525982
1.1715519185306054
1.3276088518553755
2.179325482362351
0.5545371878157523
2.0485495409314547
1.8985796096376304
1.6700508862403325
1.693099430938518
2.3599903482417526
1.6250423348441887
0.8547508777014039
1.2660214836313417
2.125812992775492
2.4240113915135404
1.2408729386498303
2.1712479301651015
1.0969821316509485
2.1988171263414467
2.336121199062685
1.3226455044010146
1.4080048019277482
2.089474177955374
1.0036857703842894
1.3347589642049393
1.0896281293144012
1.1637998008353256
2.3099374776730346
2.1069192004030812
0.7873385836642124
0.7290255671531849
2.479776043394081
0.5391598119232315
1.288575084935116
2.309220994496358
1.9173247040324513
2.03410382853322
0.644946808267278
1.9111017586415626
2.491953280747029
1.1297139844081276
1.6809163915496663
1.4255969657782006
2.477854593107489
1.649364272739035
0.9893958224465049
0.6073490625607636
1.7752916288960612
2.4595588375544315
2.4378685073455575
0.5359007206456954
1.988999141544323
0.9553546119252672
1.7247405778406495
0.5162907006186099
1.6249670781359757
0.5717783433214243
0.9551113473749904
2.129902605145817
0.7917974428250074
1.6909703595964445
2.32935306584971
0.775771852096065
2.407750568210684
2.146414357225153
0.5469441907342596
1.5220193159542774
0.5776332311051693
1.8431097423163725
0.6397972870702724
0.6293567971504319
1.9506544080691497
0.6304968728659399
1.2275259573202175
0.7783517657375099
1.5735372639092189
2.461234179226387
0.5678640175413201
2.012801273773258
2.369278589049883
1.4675011172052725
0.733076321318167
1.6427443533770147
1.8378058668328838
0.6682434056391888
2.135277943137078
1.5094498562508611
0.712543179218182
1.5988014499701106
1.0554411325006232
2.31399586568518
1.1869009076167445
1.2822987050368593
0.5497303574886696
1.4302735160943372
1.1940186720385342
1.937347851720152
2.3524929867113737
1.5362114286212112
0.5151107008398053
1.8863983084400995
0.873045780164186
0.74230690057531
2.0656468114115523
1.5120434227122497
1.7292480552919685
2.3989141329947707
0.5411419084271367
2.099855579157624
0.5318222511507635
1.149926888665388
1.8651301230950765
1.7458320910231173
0.9191835195605484
1.9159537604901238
2.30362515994837
2.0262965287558954
1.049541357090446
0.5344102689002423
2.2655352144988132
1.2476088070872835
1.6622189563034684
2.410005444472858
1.6497569643108925
1.021299455203992
1.592741336474367
1.9014686443794182
1.5537048125760473
0.8690696842456964
2.074047823121493
1.582742274711978
0.716037800855565
1.6676460581596315
2.156915712962527
1.596267413783406
1.4648583844281537
2.381558404937028
1.937199767388696
1.6097384373829235
1.5286240194525025
1.4220945756928245
1.4515311173761674
1.8372422692532975
2.091739706796801
2.3315750032654226
1.7644987967185979
1.7189318200027544
1.9498649868461606
1.659699393927093
1.0717677285410154
2.043343702725103
0.6019765734971356
1.7327964260370996
1.5284996113012188
0.7919040405261655
1.0767614558995273
1.0845027534203253
1.05840357150036
1.3249029148172071
1.6472546809449409
0.797051271815518
1.0372117055504735
1.4059329657796913
1.2218213867740046
1.654437357463994
2.0791931443604548
0.6964107764937881
0.5998665261994731
2.233499817745614
2.2202234877078695
2.037691316246709
1.2008433691695726
0.7639260037005184
0.8306537994135936
1.6029661699830544
0.765083718494147
2.3562121352068592
0.8444790794160237
1.2564373541194622
2.470919078257513
1.6208503971676556
0.7041495624314538
1.1587807014758356
1.5314645402212554
0.7786699812349007
1.7201750321937024
2.0652964083306755
2.4100782135979006
0.7950127448426252
0.7607896359533681
1.259046923416313
1.7024975868418497
2.4243580868091605
2.267779186113543
1.3971990401212175
1.3681994422317147
0.6328685014686362
1.5785682046001819
0.8977616950540748
1.430752076199401
1.226868800885879
0.9402881495034876
1.8897303359179785
1.1002256665178947
2.2606332909879585
1.5205243022173545
1.7836945873191443
2.1283058072100856
0.7153232524911839
1.7275766065077447
0.5579562562791156
1.5193155782195507
1.5561152308822495
1.4997027818265745
0.5422379773391668
0.7115752744291248
0.8145447740835376
1.4584131688682471
1.205533047589785
1.0135478260103044
0.5628200129839414
1.3632647511714127
0.9469762139875146
1.1440780323922308
2.0445090565147575
1.8925367966471407
1.4472219250803968
2.0085897121914025
1.5374871261782574
0.8995828526836629
2.1934489819421294
1.0360432750237507
1.9715357929160193
1.381929391881928
1.1945162540630636
0.9922810366111308
1.0961365385271258
0.5782170814636391
1.043721032142764
1.2926849923044526
1.0680349945254601
1.7249173830641038
2.4987117954178
1.5738528588260383
1.9124654789892834
1.673915897474454
1.692248660339999
2.11941694910686
1.324431032607973
2.3240324969827784
1.4428580071370107
1.5511856679962757
0.7240256070482998
0.7366984342499179
1.5639069948507418
1.4879916275931722
1.081164962962024
2.2508015122150367
1.3524704458427885
1.2229952106220365
1.760653423418458
1.768124480950428
1.4519934236763623
1.0084105754622232
0.6078914137541909
1.2319611155667736
1.704449764375627
1.4194919040018408
0.6791420995198776
1.854907140404591
2.1498411901571246
1.7265926251310821
0.7902056913862954
2.010213395708204
0.6626114434234915
1.5980607071587196
0.8517073360807803
1.2130175787163142
1.8888171903851472
0.9589038859537491
1.0602480708450743
0.6379303707383928
1.4119345111285286
0.9569752153215876
1.253418729259881
2.1313731711075876
0.9923916040336642
1.935530977772165
0.6109553305654025
0.8344823433447119
0.6996054552434898
1.9061933944695555
0.5652518343177397
1.8163886564381768
1.784752724935967
2.332088355665224
2.1036411431920277
2.216149205358702
2.1691295022644486
2.424678547695496
2.1578578198994376
1.402434967913719
1.0773447850522482
Running 800 simulations with 4 MPI ranks
Rank 0: 200 simulations
Rank 1: 200 simulations
Rank 2: 200 simulations
1.1310524994694482
2.0213711366017915
Rank 3: 200 simulations
t=99504  fraction=0.47375  peak_slope=1.558e-05  t_peak=32836  comparison cadence=99504  difference=0.47375  below=0/3
t=100499  fraction=0.47375  peak_slope=1.558e-05  t_peak=32836  comparison cadence=99504  difference=0.47375  below=0/3
t=101494  fraction=0.47500  peak_slope=1.558e-05  t_peak=32836  comparison cadence=99504  difference=0.47500  below=0/3
t=102489  fraction=0.47500  peak_slope=1.558e-05  t_peak=32836  comparison cadence=99504  difference=0.47500  below=0/3
t=103484  fraction=0.47625  peak_slope=1.558e-05  t_peak=32836  comparison cadence=99504  difference=0.47625  below=0/3
t=104479  fraction=0.47750  peak_slope=1.558e-05  t_peak=32836  comparison cadence=99504  difference=0.47750  below=0/3
t=105474  fraction=0.47750  peak_slope=1.558e-05  t_peak=32836  comparison cadence=99504  difference=0.47750  below=0/3
t=106469  fraction=0.47875  peak_slope=1.558e-05  t_peak=32836  comparison cadence=99504  difference=0.47875  below=0/3
t=107464  fraction=0.48125  peak_slope=1.558e-05  t_peak=32836  comparison cadence=99504  difference=0.48125  below=0/3
t=108459  fraction=0.48125  peak_slope=1.558e-05  t_peak=32836  comparison cadence=99504  difference=0.48125  below=0/3
t=109454  fraction=0.48125  peak_slope=1.558e-05  t_peak=32836  comparison cadence=99504  difference=0.48125  below=0/3
t=110449  fraction=0.48250  peak_slope=1.558e-05  t_peak=32836  comparison cadence=99504  difference=0.48250  below=0/3
t=111444  fraction=0.48375  peak_slope=1.558e-05  t_peak=32836  comparison cadence=99504  difference=0.48375  below=0/3
t=112439  fraction=0.48625  peak_slope=1.558e-05  t_peak=32836  comparison cadence=99504  difference=0.48625  below=0/3
t=113434  fraction=0.48625  peak_slope=1.558e-05  t_peak=32836  comparison cadence=99504  difference=0.48625  below=0/3
t=114429  fraction=0.48625  peak_slope=1.558e-05  t_peak=32836  comparison cadence=99504  difference=0.48625  below=0/3
t=115424  fraction=0.48625  peak_slope=1.558e-05  t_peak=32836  comparison cadence=99504  difference=0.48625  below=0/3
t=116419  fraction=0.48875  peak_slope=1.558e-05  t_peak=32836  comparison cadence=99504  difference=0.48750  below=0/3
t=117414  fraction=0.49125  peak_slope=1.558e-05  t_peak=32836  comparison cadence=99504  difference=0.48625  below=0/3
t=118409  fraction=0.49250  peak_slope=1.558e-05  t_peak=32836  comparison cadence=99504  difference=0.48250  below=0/3
t=119404  fraction=0.49250  peak_slope=1.558e-05  t_peak=32836  comparison cadence=99504  difference=0.47000  below=0/3
t=120400  fraction=0.49250  peak_slope=1.558e-05  t_peak=32836  comparison cadence=99504  difference=0.46000  below=0/3
t=121395  fraction=0.49375  peak_slope=1.558e-05  t_peak=32836  comparison cadence=99504  difference=0.45500  below=0/3
t=122390  fraction=0.49375  peak_slope=1.558e-05  t_peak=32836  comparison cadence=99504  difference=0.44625  below=0/3
t=123385  fraction=0.49500  peak_slope=1.558e-05  t_peak=32836  comparison cadence=99504  difference=0.43000  below=0/3
t=124380  fraction=0.49500  peak_slope=1.558e-05  t_peak=32836  comparison cadence=99504  difference=0.41000  below=0/3
t=125375  fraction=0.49750  peak_slope=1.558e-05  t_peak=32836  comparison cadence=99504  difference=0.39625  below=0/3
t=126370  fraction=0.49750  peak_slope=1.558e-05  t_peak=32836  comparison cadence=99504  difference=0.38375  below=0/3
t=127365  fraction=0.50000  peak_slope=1.558e-05  t_peak=32836  comparison cadence=99504  difference=0.37875  below=0/3
t=128360  fraction=0.50000  peak_slope=1.558e-05  t_peak=32836  comparison cadence=99504  difference=0.35750  below=0/3
t=129355  fraction=0.50125  peak_slope=1.558e-05  t_peak=32836  comparison cadence=99504  difference=0.34375  below=0/3
t=130350  fraction=0.50250  peak_slope=1.558e-05  t_peak=32836  comparison cadence=99504  difference=0.32750  below=0/3
t=131345  fraction=0.50250  peak_slope=1.558e-05  t_peak=32836  comparison cadence=99504  difference=0.31875  below=0/3
t=132340  fraction=0.50375  peak_slope=1.558e-05  t_peak=32836  comparison cadence=99504  difference=0.30500  below=0/3
t=133335  fraction=0.50375  peak_slope=1.558e-05  t_peak=32836  comparison cadence=99504  difference=0.28875  below=0/3
t=134330  fraction=0.50500  peak_slope=1.558e-05  t_peak=32836  comparison cadence=99504  difference=0.27250  below=0/3
t=135325  fraction=0.50625  peak_slope=1.558e-05  t_peak=32836  comparison cadence=99504  difference=0.26000  below=0/3
t=136320  fraction=0.50625  peak_slope=1.558e-05  t_peak=32836  comparison cadence=99504  difference=0.25500  below=0/3
t=137315  fraction=0.50750  peak_slope=1.558e-05  t_peak=32836  comparison cadence=99504  difference=0.25250  below=0/3
t=138310  fraction=0.50750  peak_slope=1.558e-05  t_peak=32836  comparison cadence=99504  difference=0.23875  below=0/3
t=139305  fraction=0.50875  peak_slope=1.558e-05  t_peak=32836  comparison cadence=99504  difference=0.22750  below=0/3
t=140300  fraction=0.50875  peak_slope=1.558e-05  t_peak=32836  comparison cadence=99504  difference=0.22250  below=0/3
t=141295  fraction=0.50875  peak_slope=1.558e-05  t_peak=32836  comparison cadence=99504  difference=0.21750  below=0/3
t=142290  fraction=0.51125  peak_slope=1.558e-05  t_peak=32836  comparison cadence=99504  difference=0.21125  below=0/3
t=143285  fraction=0.51125  peak_slope=1.558e-05  t_peak=32836  comparison cadence=99504  difference=0.20000  below=0/3
t=144280  fraction=0.51250  peak_slope=1.558e-05  t_peak=32836  comparison cadence=99504  difference=0.19125  below=0/3
t=145275  fraction=0.51750  peak_slope=1.558e-05  t_peak=32836  comparison cadence=99504  difference=0.19250  below=0/3
t=146270  fraction=0.51750  peak_slope=1.558e-05  t_peak=32836  comparison cadence=99504  difference=0.18375  below=0/3
t=147266  fraction=0.51750  peak_slope=1.558e-05  t_peak=32836  comparison cadence=99504  difference=0.17625  below=0/3
t=148261  fraction=0.51750  peak_slope=1.558e-05  t_peak=32836  comparison cadence=99504  difference=0.17000  below=0/3
t=149256  fraction=0.51750  peak_slope=1.558e-05  t_peak=32836  comparison cadence=99504  difference=0.16375  below=0/3
t=150251  fraction=0.51750  peak_slope=1.558e-05  t_peak=32836  comparison cadence=99504  difference=0.15750  below=0/3
t=151246  fraction=0.51875  peak_slope=1.558e-05  t_peak=32836  comparison cadence=99504  difference=0.15375  below=0/3
t=152241  fraction=0.51875  peak_slope=1.558e-05  t_peak=32836  comparison cadence=99504  difference=0.15250  below=0/3
t=153236  fraction=0.52000  peak_slope=1.558e-05  t_peak=32836  comparison cadence=99504  difference=0.14875  below=0/3
t=154231  fraction=0.52000  peak_slope=1.558e-05  t_peak=32836  comparison cadence=99504  difference=0.14250  below=0/3
t=155226  fraction=0.52000  peak_slope=1.558e-05  t_peak=32836  comparison cadence=99504  difference=0.13625  below=0/3
t=156221  fraction=0.52000  peak_slope=1.558e-05  t_peak=32836  comparison cadence=99504  difference=0.13375  below=0/3
t=157216  fraction=0.52125  peak_slope=1.558e-05  t_peak=32836  comparison cadence=99504  difference=0.13500  below=0/3
t=158211  fraction=0.52125  peak_slope=1.558e-05  t_peak=32836  comparison cadence=99504  difference=0.13125  below=0/3
t=159206  fraction=0.52125  peak_slope=1.558e-05  t_peak=32836  comparison cadence=99504  difference=0.12875  below=0/3
t=160201  fraction=0.52125  peak_slope=1.558e-05  t_peak=32836  comparison cadence=99504  difference=0.12375  below=0/3
t=161196  fraction=0.52125  peak_slope=1.558e-05  t_peak=32836  comparison cadence=99504  difference=0.11875  below=0/3
t=162191  fraction=0.52250  peak_slope=1.558e-05  t_peak=32836  comparison cadence=99504  difference=0.12000  below=0/3
t=163186  fraction=0.52250  peak_slope=1.558e-05  t_peak=32836  comparison cadence=99504  difference=0.11875  below=0/3
t=164181  fraction=0.52250  peak_slope=1.558e-05  t_peak=32836  comparison cadence=99504  difference=0.11125  below=0/3
t=165176  fraction=0.52250  peak_slope=1.558e-05  t_peak=32836  comparison cadence=99504  difference=0.10875  below=0/3
t=166171  fraction=0.52375  peak_slope=1.558e-05  t_peak=32836  comparison cadence=99504  difference=0.10625  below=0/3
t=167166  fraction=0.52375  peak_slope=1.558e-05  t_peak=32836  comparison cadence=99504  difference=0.10250  below=0/3
t=168161  fraction=0.52375  peak_slope=1.558e-05  t_peak=32836  comparison cadence=99504  difference=0.09875  below=0/3
t=169156  fraction=0.52375  peak_slope=1.558e-05  t_peak=32836  comparison cadence=99504  difference=0.09750  below=0/3
t=170151  fraction=0.52375  peak_slope=1.558e-05  t_peak=32836  comparison cadence=99504  difference=0.09625  below=0/3
t=171146  fraction=0.52375  peak_slope=1.558e-05  t_peak=32836  comparison cadence=99504  difference=0.09500  below=0/3
t=172141  fraction=0.52500  peak_slope=1.558e-05  t_peak=32836  comparison cadence=99504  difference=0.09250  below=0/3
t=173136  fraction=0.52500  peak_slope=1.558e-05  t_peak=32836  comparison cadence=99504  difference=0.09000  below=0/3
t=174132  fraction=0.52500  peak_slope=1.558e-05  t_peak=32836  comparison cadence=99504  difference=0.08750  below=0/3
t=175127  fraction=0.52500  peak_slope=1.558e-05  t_peak=32836  comparison cadence=99504  difference=0.08250  below=0/3
t=176122  fraction=0.52500  peak_slope=1.558e-05  t_peak=32836  comparison cadence=99504  difference=0.07875  below=0/3
t=177117  fraction=0.52500  peak_slope=1.558e-05  t_peak=32836  comparison cadence=99504  difference=0.07750  below=0/3
t=178112  fraction=0.52500  peak_slope=1.558e-05  t_peak=32836  comparison cadence=99504  difference=0.07750  below=0/3
t=179107  fraction=0.52500  peak_slope=1.558e-05  t_peak=32836  comparison cadence=99504  difference=0.07625  below=0/3
t=180102  fraction=0.52625  peak_slope=1.558e-05  t_peak=32836  comparison cadence=99504  difference=0.07750  below=0/3
t=181097  fraction=0.52625  peak_slope=1.558e-05  t_peak=32836  comparison cadence=99504  difference=0.07500  below=0/3
t=182092  fraction=0.52625  peak_slope=1.558e-05  t_peak=32836  comparison cadence=99504  difference=0.06750  below=0/3
t=183087  fraction=0.52625  peak_slope=1.558e-05  t_peak=32836  comparison cadence=99504  difference=0.06750  below=0/3
t=184082  fraction=0.52625  peak_slope=1.558e-05  t_peak=32836  comparison cadence=99504  difference=0.06750  below=0/3
t=185077  fraction=0.52750  peak_slope=1.558e-05  t_peak=32836  comparison cadence=99504  difference=0.06875  below=0/3
t=186072  fraction=0.52750  peak_slope=1.558e-05  t_peak=32836  comparison cadence=99504  difference=0.06875  below=0/3
t=187067  fraction=0.52750  peak_slope=1.558e-05  t_peak=32836  comparison cadence=99504  difference=0.06375  below=0/3
t=188062  fraction=0.52750  peak_slope=1.558e-05  t_peak=32836  comparison cadence=99504  difference=0.06375  below=0/3
t=189057  fraction=0.52750  peak_slope=1.558e-05  t_peak=32836  comparison cadence=99504  difference=0.06375  below=0/3
t=190052  fraction=0.52750  peak_slope=1.558e-05  t_peak=32836  comparison cadence=99504  difference=0.06250  below=0/3
t=191047  fraction=0.52750  peak_slope=1.558e-05  t_peak=32836  comparison cadence=99504  difference=0.06250  below=0/3
t=192042  fraction=0.52750  peak_slope=1.558e-05  t_peak=32836  comparison cadence=99504  difference=0.06000  below=0/3
t=193037  fraction=0.52750  peak_slope=1.558e-05  t_peak=32836  comparison cadence=99504  difference=0.05500  below=0/3
t=194032  fraction=0.52750  peak_slope=1.558e-05  t_peak=32836  comparison cadence=99504  difference=0.05500  below=0/3
t=195027  fraction=0.52750  peak_slope=1.558e-05  t_peak=32836  comparison cadence=99504  difference=0.05500  below=0/3
t=196022  fraction=0.52750  peak_slope=1.558e-05  t_peak=32836  comparison cadence=99504  difference=0.05375  below=0/3
t=197017  fraction=0.52875  peak_slope=1.558e-05  t_peak=32836  comparison cadence=99504  difference=0.05500  below=0/3
t=198012  fraction=0.52875  peak_slope=1.558e-05  t_peak=32836  comparison cadence=99504  difference=0.05500  below=0/3
t=199007  fraction=0.52875  peak_slope=1.558e-05  t_peak=32836  comparison cadence=99504  difference=0.05500  below=0/3
t=200002  fraction=0.52875  peak_slope=1.558e-05  t_peak=32836  comparison cadence=99504  difference=0.05500  below=0/3
t=200998  fraction=0.52875  peak_slope=1.558e-05  t_peak=32836  comparison cadence=99504  difference=0.05375  below=0/3
t=201993  fraction=0.52875  peak_slope=1.558e-05  t_peak=32836  comparison cadence=99504  difference=0.05375  below=0/3
t=202988  fraction=0.52875  peak_slope=1.558e-05  t_peak=32836  comparison cadence=99504  difference=0.05250  below=0/3
t=203983  fraction=0.52875  peak_slope=1.558e-05  t_peak=32836  comparison cadence=99504  difference=0.05125  below=0/3
t=204978  fraction=0.52875  peak_slope=1.558e-05  t_peak=32836  comparison cadence=99504  difference=0.05125  below=0/3
t=205973  fraction=0.52875  peak_slope=1.558e-05  t_peak=32836  comparison cadence=99504  difference=0.05000  below=0/3
t=206968  fraction=0.53000  peak_slope=1.558e-05  t_peak=32836  comparison cadence=99504  difference=0.04875  below=0/3
t=207963  fraction=0.53000  peak_slope=1.558e-05  t_peak=32836  comparison cadence=99504  difference=0.04875  below=0/3
t=208958  fraction=0.53000  peak_slope=1.558e-05  t_peak=32836  comparison cadence=99504  difference=0.04875  below=0/3
t=209953  fraction=0.53125  peak_slope=1.558e-05  t_peak=32836  comparison cadence=99504  difference=0.04875  below=0/3
t=210948  fraction=0.53125  peak_slope=1.558e-05  t_peak=32836  comparison cadence=99504  difference=0.04750  below=0/3
t=211943  fraction=0.53125  peak_slope=1.558e-05  t_peak=32836  comparison cadence=99504  difference=0.04500  below=0/3
t=212938  fraction=0.53125  peak_slope=1.558e-05  t_peak=32836  comparison cadence=99504  difference=0.04500  below=0/3
t=213933  fraction=0.53125  peak_slope=1.558e-05  t_peak=32836  comparison cadence=99504  difference=0.04500  below=0/3
t=214928  fraction=0.53125  peak_slope=1.558e-05  t_peak=32836  comparison cadence=99504  difference=0.04500  below=0/3
t=215923  fraction=0.53125  peak_slope=1.558e-05  t_peak=32836  comparison cadence=99504  difference=0.04250  below=0/3
t=216918  fraction=0.53250  peak_slope=1.558e-05  t_peak=32836  comparison cadence=99504  difference=0.04125  below=0/3
t=217913  fraction=0.53250  peak_slope=1.558e-05  t_peak=32836  comparison cadence=99504  difference=0.04000  below=1/3
t=218908  fraction=0.53250  peak_slope=1.558e-05  t_peak=32836  comparison cadence=99504  difference=0.04000  below=2/3
t=219903  fraction=0.53250  peak_slope=1.558e-05  t_peak=32836  comparison cadence=99504  difference=0.04000  below=3/3
Stopping at t=219903.2190364076
Saved 365 remaining particles to /scratch/group/p.phy260085.000//Mass_Fraction/Outputs/Ejection_Results/remaining_particles_2172268_0.csv
