==========================================
Mass Fraction MPI Run
==========================================
Date:               Mon Sep 28 21:01:29 CDT 2026
Host:               ac040
Array job ID:       2172268
Array task ID:      1
MPI ranks:          4
CPUs per task:      1
Nodes allocated:    1
Python:             /scratch/user/u.hm357857/.conda/envs/comets/bin/python
Conda environment:  /scratch/user/u.hm357857/.conda/envs/comets
==========================================

2.0430183219644635
2.2299787914084255
0.7650747257145052
1.1390881376469522
0.9877226224391582
2.3367976062579707
1.154520215603354
1.6454859717882584
1.556267481628793
1.8963684750712393
1.7706694372931637
2.356656840417502
1.2359829945890533
1.569304131695964
1.7217277920224545
1.5619664442389296
0.5628158498537785
0.615658662737335
1.3367889081417994
2.471225662143012
2.482030862754537
0.807127700253633
2.4741326472390197
1.9092551073083053
0.7318069090452495
1.6377433840477182
1.369988079265241
2.3286282233522373
2.154069441439871
1.0310976803254455
1.9675811143651236
0.8493968870703736
0.5875049656599673
1.5732456988040984
0.5528522602980035
0.7017003729339486
1.3839747418319241
1.904827941826764
0.9103703671966386
1.6823052382792514
1.4367138737723522
1.1126501835755096
2.078718552603389
0.8771256185180052
1.994495292611117
0.5283510714627033
1.8286515586657501
1.599528900273202
1.8559945301317202
2.144769508441807
1.4889950878404457
0.7100714696235564
1.5236978840902757
1.7648620362560856
1.8606082003597029
2.4378567993177267
2.3025788993925347
2.439138149073825
0.9084198507174095
2.2005817831464753
0.9597578022085917
1.3226793539806256
2.168574285946759
1.4723024022312483
1.9176787481747888
0.7579084190937526
2.3890132924226775
1.492053932430499
1.816186353837296
1.620130565599447
1.0725855912667737
0.6013718028914139
1.6381040525286517
1.3302448803268612
2.309690531616084
2.0433719309287803
0.8529626105985224
1.3582226181114028
0.5316519313858215
0.7684536712539123
0.8714249630317776
1.4672556722385737
2.243473639953947
1.5824478162894002
1.7738091670388179
1.0426315360029903
2.48856006319928
2.129054671112093
2.0916012069956933
1.7410943966782002
1.8476134444029726
0.8720765755845197
2.2406130262857573
1.3932490399142028
0.8052019381407742
1.6954441108399496
1.1271608589653845
0.609734775202182
0.6344144418305318
1.7486678388466783
2.190562244043986
1.3241050312923641
1.6824423023346966
0.5676910438940381
1.4014227706131217
0.6569289538260548
1.6937296122595291
2.3758007253103095
1.5974720797754511
2.200740200278718
1.9736202349019372
1.045858397281027
1.065681008569575
0.9773510945013992
1.796865485936791
1.832479968388846
1.0860586620802934
2.332099377968663
1.0435433192745183
0.9220658187095463
0.848841623157756
1.844486261212804
1.2535737057287863
0.559029478596764
0.8131127269797598
2.449126490711376
0.5746413312047343
2.0061959186842735
2.348348175452416
1.144895542390429
1.854322066077687
1.4244404169439906
2.3365086004629907
1.5257621329934998
0.5907692180411179
1.187606555188352
1.6614654330816048
2.0180090397002317
2.3784079055662284
2.4422596039651876
1.2038931327078957
0.5687719825288304
0.9509221505858105
1.1371164135262015
1.8111229701767146
1.5179683845961058
2.0609311041883904
0.6622204988728364
1.7215229075457559
1.5646473945407982
1.9026234960545014
0.5273005553022199
1.0803105274439346
0.528331058199822
1.9582040876030307
1.6404380021870089
0.7155031983701734
1.677076865067233
0.858324009199319
1.022918147948432
2.0441268366459333
1.4401485387771564
0.868487169842387
1.7044194817737437
0.5862360079249254
1.8333226208878497
1.0394039988054633
1.4998447414877625
2.4282697953012713
1.106077257612272
1.5620048076610429
1.7985052440500773
1.8896859614320574
1.1485243466304267
1.6464039147966034
1.6534098306669172
1.7859385452514063
0.5483294946779445
0.6024502197588424
0.9005303381683194
2.36196881929428
1.4558635535544253
1.1618849881307467
0.7894637481361366
1.1108858816393299
1.8294492324410896
2.4370295722843194
1.7228829589285906
1.4610281449127736
1.8723128842379393
1.4302058208116428
1.901374216139311
1.3146990677795996
2.4757563371534053
1.8476657737616673
2.359280280484417
1.596594662322162
1.1098980959518618
0.9329074475443431
2.3371991700378203
0.705335835915994
1.3896156077504123
1.3828922870511915
2.2590287770007227
1.5064446362374042
1.6736891197193517
0.7435923235140278
1.633536020916725
2.451903359225165
1.7470828668874752
2.0996927154235463
0.9775061975320711
1.9619168308877426
1.5812199595508436
1.2209364417648407
0.8635458916347964
1.7933023008866469
1.3758426494707259
1.034095229242079
1.4429831308463115
0.8041050635920823
1.0866212555513797
0.6481704229568168
0.8946036181059593
0.7314871162882821
2.425620894340207
2.0494061650780657
2.0289314819077813
2.3356567343562045
1.8228332360909472
1.8453199437403576
0.7853765392990033
0.7133190308799724
1.1607011309116657
1.4153795815297603
0.8632933150071418
1.9396984615692474
1.7710168900158805
1.183706447893382
1.8147698598500683
1.3551464780046636
0.7584720978447528
0.6058458136765132
1.2418720039958107
1.5186288724473718
1.6953867479322398
1.7455374127143182
2.23506448261102
1.1955926989838555
1.4448416947669913
1.013763517112329
1.8358601902909244
0.8517786169548498
0.9598933867256858
0.5918341935129097
0.7964720006057278
1.5171334766439641
0.7087828902958961
1.5095664974440404
1.4172307386875371
2.424684367001327
1.2220744598392002
2.492384277866111
1.3718907408407914
1.6735305640263045
0.7313523577427765
2.050749687117897
0.5745400343192264
0.7079380409751386
1.5953875792111756
1.4505072052483305
2.0165932955430184
1.6762159936479006
1.2619846303113915
2.151378313057432
1.4619206469252777
0.8349027903674489
1.5210093490655285
0.6447440727433218
0.9302538956022814
0.8312553836431158
2.127557253385919
0.5109189297267474
1.6950557615561563
0.8624840525629069
0.912315720657261
1.590613018691566
2.048533858525235
1.697838118099234
2.2022022883389805
1.7068767978091635
1.4800304858199433
1.3178796098964236
0.971858813692857
2.244759577766007
1.433712770867796
1.300602762554903
0.6330626914400512
0.9997235986272566
1.3348359161011698
1.7020987289771314
1.3532894667584743
2.4171150843392484
0.8871231341985077
1.0124134172684516
2.392779036878645
0.8851436216924313
1.8441163690681845
1.4023939184614567
2.12575292342328
1.7669623147778772
2.358150171545174
2.2137870805596114
1.6472367266591068
1.4658961059097522
1.8095915784889383
0.615756233474354
2.3006337079700687
1.183027143113668
0.6728267301788704
0.7262149075849058
1.3935001959706115
2.2140896602443902
1.6333742230738937
1.3545870226031762
2.0871965585126944
2.0862759575909218
1.0700390209062403
0.9476313958894198
1.2605144116698264
0.9804758390846942
1.1504746124203242
1.1135861987294673
0.5469320206923483
0.9272692212081446
1.4320086472786893
1.2232000870352664
1.7068330444455746
1.098412115734467
1.251865183017928
1.4274553753979955
2.153755137068242
1.8582611227283976
1.975769954402463
0.7459446079733603
0.9264123761934786
1.1491134211640595
1.0778693369083148
1.6875402232622678
0.949070897790415
2.362622340772888
1.6216036746125941
1.9164825633341893
0.7307228682039497
1.6206920095159647
1.426754841724651
1.8737569504681886
1.4732855434711467
0.8814935658210874
1.4218299506353074
2.0115614109125164
1.8948525258978492
1.898806785140442
1.6583740748866465
2.4573297570287025
1.4545334908360974
1.354875712953713
0.7441927143731464
2.3388077682656543
1.082879992056759
1.0528813523130678
2.4723846552424584
2.197870369883919
2.4550089278673255
1.6377526373718003
0.6773687474493251
2.179175470175289
1.3646008606814741
1.6099398268262226
2.349936721327586
1.2135069036979638
2.4874038695911134
1.0136070599925264
1.7566286769849915
2.061090482016877
0.8394960739985038
2.0905802134128924
1.6106728377954702
1.3980375398448317
1.8754358567803624
2.1467885068645804
2.267464701771508
1.0568484688826592
0.7926303422148959
1.1231921449862425
0.7114141708724853
0.8189147070501155
0.7905933723673064
1.6092536562612094
2.465635822662179
2.1368313347038987
1.5137552154009086
2.175633169338595
2.073887165182258
1.2114966385251993
1.682912018946527
1.3616782495637232
1.7444691386256583
1.2511896423485607
1.2725315753651776
1.2165315256749694
2.467840596720067
2.018659363928485
1.9590853488291393
0.626797357983276
1.7317991076866717
1.2968761295935343
2.205814394354725
2.0647976044518144
2.107263386493103
0.7935643875532967
2.3604100258437377
1.050609009929606
0.7410392825476708
0.9604100023206079
2.0651542269335654
2.0256448970896552
1.8397125616879635
1.4071541049990697
2.0628442818148427
0.8078760414533177
1.6193563312971222
0.6609966864809864
0.6004521310829887
0.959864325914632
2.1592190371500495
0.5902141312383156
1.336469855509755
2.422118110689886
2.295405202296512
0.9401370709254555
1.633600327396435
1.7139252526866104
1.3294585939586168
1.1956698614071544
2.0337540793542916
2.36414771192337
0.5893381341612771
0.8872226750501822
2.199806749636704
0.8674330460530029
1.5322066380953507
2.4068033356719356
2.3070970976634992
1.5527435240915373
2.1901279177468744
2.115854726663793
1.4320727950555665
2.3667091236199
2.460217551660885
0.8324037347517497
0.6072033193358044
0.9718693428613641
0.9305569745193445
2.4036069985384874
2.242118144563361
1.2884646991304756
2.35160607983701
1.2198838713845046
1.779329550495242
1.5214093493480636
0.9537737246592104
2.0005374055268748
1.2735207682496685
1.2321699699531217
1.2485142933463729
2.358640941148992
1.6091115444802193
1.7044681920938616
0.7021944992008766
0.9586851130965757
2.1438282330281924
1.2092355306810454
1.187138614140626
0.7251022413556116
1.0279207021028085
1.0512839935230076
0.8679385051286841
1.3107726839757718
0.6505957207336779
1.7926148759667013
1.5253772458736774
1.4193641546646427
0.6907276078512619
2.0830987193440094
0.7760701607881728
1.1336881361136675
1.9402208593445944
1.6745096331932574
1.2225256397455022
2.185282133952432
0.5158879496962041
1.969475143647346
0.7547421242240393
0.5034717273201514
2.309758073303522
1.1233314956654548
2.080585519045785
1.7460875986084166
1.8324010861535815
2.105466728850503
1.0758737488953583
1.3053270878490297
1.2228786492506047
0.819013196171156
2.4104187354401736
2.2856522255516527
0.6964677365814542
1.5032702394283322
1.3617349440118904
0.8353197020785061
0.8801604437718724
1.3455501123829428
1.8793669083820586
1.7392016900386638
1.1246806645291734
1.4380406882869712
1.3491679311183356
0.7284290423448376
1.932447758712394
2.266099073432425
1.8334720663256692
1.0770944739507193
1.4750039685545033
1.7301883016131712
1.7694342387378723
1.5118942105953692
0.86283065190107
1.1625243513904007
1.1969994831399626
0.7172131561885606
0.5096863769770563
1.2675408070426815
0.9728696158478269
1.8885988742645672
2.224574334541886
2.4986289140982025
0.5887779581411567
2.24625660834668
0.9290953322303577
1.290158350712162
1.4162599255472847
2.2379589508687676
1.9977708380763575
2.360391437429945
2.395315887924211
2.007387013474003
2.401340744942369
2.458111596284339
0.6596936746359594
1.6195537558037119
1.2193317710628695
2.2730267313063193
1.8679173577508041
0.6380812725866436
0.5273627322627177
2.4273239842969607
0.8504269762515315
1.054542539033054
0.8339676878293405
0.9153149411260595
1.7670924621340864
2.364877498494401
1.5801038661155067
0.9453999553815902
1.6254711673657283
0.7210512128125754
0.9497181252655944
2.430823305566038
1.1052247800863102
0.9801124924112707
2.421198912000089
1.1423061067440698
0.7121424931617697
0.8726152987730087
0.8659612713012999
1.9076382757682586
1.1079319755935126
0.6899045616748265
1.3631998683503022
1.3072641813974588
0.5958118445047274
2.4130341130977957
1.3691236959696391
2.1006626503930312
2.4131151003709395
2.455058182230486
1.8831103967378273
1.240670660991343
1.6553344436999755
1.9519283237405032
2.4766297700519413
1.5001108213649639
1.27888348074812
1.455384143950118
1.399293052563593
1.4271560338227158
1.4018779036263556
1.4714660268812068
0.5423207307669049
2.4165778147872126
1.2891559043358958
0.9333085993683172
0.8752320343451785
2.430024432145527
0.898842286881985
2.08623617142725
1.7386646564093666
1.280807689367043
0.9136863097790369
1.7625779014019392
0.85442309851237
2.3668115657113384
1.1803742026531314
1.2973427581587174
0.6864156659201468
2.463314467139403
1.896832722078557
1.1237789444443547
0.6463219993555895
1.2080441347578672
0.5438209670076348
1.2613800655970264
0.7391778119046652
2.0208240938277275
0.6143465878196024
0.9474768830112161
0.7339139045089986
1.9271956153544882
2.3675188794396975
2.0083676740442375
0.9278002652226289
0.6118330833308299
0.654543575950449
1.1076941860560143
1.7499715582268665
1.869198334153011
0.5204459590251875
1.197078164110902
2.1602497849798423
2.0020864810597097
0.5930836164398832
2.0858367197015593
0.725486736253518
2.47448227346998
1.814254734477427
2.130667913438678
1.669518024718273
1.5215062374519122
2.0129273940830608
2.3084101133324753
1.3968914846956137
2.4124538624995067
2.2643076773214332
2.4572686394765353
1.7807204216564996
1.4990445144875906
0.8685751566499338
1.8615163090613152
0.6042883940763264
2.483114336753877
1.2042992005282644
1.2096807159465706
0.7830396746700303
1.4004084769035932
1.8436966913296224
1.1867125946209107
0.5456395662116729
0.5480233215710968
2.124985279241642
1.7604457571589802
1.5729766393528992
2.42522982818894
1.0933648896309829
0.7307571464795177
0.5925506551792052
2.2885817026058275
0.8882899447195329
1.437299123934219
2.1887323969912806
0.6764951615910173
0.7083758443189574
0.649200752517676
2.4682736088022956
0.6353430061141869
2.465682238134061
1.3225086114073095
0.9404600300068988
2.0574227257117146
0.9351784790788533
1.1706002313357058
0.5183973161318398
0.6116916250153948
2.2796308407758437
1.9902399861168991
2.1943565327768653
1.1778094227953595
0.7755647526173539
1.4367490310428332
2.3314276881478397
1.1556804293084182
1.4535310773703716
0.6824381260055312
0.8610795082995104
1.570892033026785
1.0149551308909703
0.8056573021716236
2.1439640348328375
1.0501240033441435
1.2478363903503946
0.9464717445528197
1.8536790438990112
2.160081660211574
0.8966003507491749
1.8286137966668703
1.837635519113964
0.5644205932867259
0.6889285576376494
0.831330278928442
0.7631510535568973
1.9949594649101619
2.2999070181914036
2.4459767127027785
1.108528029162167
1.3610208013381018
1.9770616600697983
0.7880364054753186
0.7597513682281969
0.904641114536713
1.0297976543591303
0.8120070895246854
1.606786964252702
1.400257555940766
0.7373359804606481
0.8451861721514207
2.047422199602845
1.3025083134196758
1.2775362138604696
0.7646731417000521
1.4322583357052419
1.8723257288492579
1.196524873122304
1.6003072481216625
2.2387441206782848
0.7942216833320908
1.3625725535149587
1.463610302889841
1.1263538775143733
1.0038176341523215
1.0607329038312343
1.9638367771416443
0.9305848249832587
1.3093750872577827
0.9108990526431975
1.645517480589657
0.782618768651276
2.3822220475087557
1.6407685508708452
2.3825590216025794
1.8043823685682925
1.8983906677796478
1.6242569509057112
0.7260496265905005
0.707861027136472
0.7229683737918593
1.5860123283268899
1.340290578900306
1.6391151450702062
1.1768434245580013
0.6487642389776733
2.1230486315326202
1.3364083390446642
1.9408818557007055
1.8205156434068794
1.2975429157010596
1.2105991912098082
1.7665242709408948
1.5353171921043614
1.0078314512959
0.5993090892820048
1.1302921439992402
2.0028900959945455
Rank 2: 200 simulations
2.177179750291456
0.9148834115811237
0.6119479557369081
2.1196163336746485
Rank 3: 200 simulations
0.8757036852548647
Rank 1: 200 simulations
0.5155544205211269
1.8258251474824976
1.1410410600850902
Running 800 simulations with 4 MPI ranks
Rank 0: 200 simulations
t=104738  fraction=0.36875  peak_slope=1.078e-05  t_peak=34913  comparison cadence=104738  difference=0.36875  below=0/3
t=105735  fraction=0.37000  peak_slope=1.078e-05  t_peak=34913  comparison cadence=104738  difference=0.37000  below=0/3
t=106733  fraction=0.37125  peak_slope=1.078e-05  t_peak=34913  comparison cadence=104738  difference=0.37125  below=0/3
t=107730  fraction=0.37125  peak_slope=1.078e-05  t_peak=34913  comparison cadence=104738  difference=0.37125  below=0/3
t=108728  fraction=0.37125  peak_slope=1.078e-05  t_peak=34913  comparison cadence=104738  difference=0.37125  below=0/3
t=109725  fraction=0.37250  peak_slope=1.078e-05  t_peak=34913  comparison cadence=104738  difference=0.37250  below=0/3
t=110723  fraction=0.37375  peak_slope=1.078e-05  t_peak=34913  comparison cadence=104738  difference=0.37375  below=0/3
t=111720  fraction=0.37625  peak_slope=1.078e-05  t_peak=34913  comparison cadence=104738  difference=0.37625  below=0/3
t=112718  fraction=0.37750  peak_slope=1.078e-05  t_peak=34913  comparison cadence=104738  difference=0.37750  below=0/3
t=113715  fraction=0.37875  peak_slope=1.078e-05  t_peak=34913  comparison cadence=104738  difference=0.37875  below=0/3
t=114713  fraction=0.38125  peak_slope=1.078e-05  t_peak=34913  comparison cadence=104738  difference=0.38125  below=0/3
t=115710  fraction=0.38125  peak_slope=1.078e-05  t_peak=34913  comparison cadence=104738  difference=0.38125  below=0/3
t=116708  fraction=0.38250  peak_slope=1.078e-05  t_peak=34913  comparison cadence=104738  difference=0.38250  below=0/3
t=117705  fraction=0.38375  peak_slope=1.078e-05  t_peak=34913  comparison cadence=104738  difference=0.38375  below=0/3
t=118703  fraction=0.38625  peak_slope=1.078e-05  t_peak=34913  comparison cadence=104738  difference=0.38625  below=0/3
t=119700  fraction=0.38625  peak_slope=1.078e-05  t_peak=34913  comparison cadence=104738  difference=0.38625  below=0/3
t=120698  fraction=0.38750  peak_slope=1.078e-05  t_peak=34913  comparison cadence=104738  difference=0.38750  below=0/3
t=121695  fraction=0.39125  peak_slope=1.078e-05  t_peak=34913  comparison cadence=104738  difference=0.39125  below=0/3
t=122693  fraction=0.39250  peak_slope=1.078e-05  t_peak=34913  comparison cadence=104738  difference=0.39250  below=0/3
t=123690  fraction=0.39250  peak_slope=1.078e-05  t_peak=34913  comparison cadence=104738  difference=0.39250  below=0/3
t=124688  fraction=0.39250  peak_slope=1.078e-05  t_peak=34913  comparison cadence=104738  difference=0.39250  below=0/3
t=125685  fraction=0.39250  peak_slope=1.078e-05  t_peak=34913  comparison cadence=104738  difference=0.39250  below=0/3
t=126683  fraction=0.39250  peak_slope=1.078e-05  t_peak=34913  comparison cadence=104738  difference=0.39250  below=0/3
t=127680  fraction=0.39750  peak_slope=1.078e-05  t_peak=34913  comparison cadence=104738  difference=0.39625  below=0/3
t=128678  fraction=0.40000  peak_slope=1.078e-05  t_peak=34913  comparison cadence=104738  difference=0.39875  below=0/3
t=129675  fraction=0.40125  peak_slope=1.078e-05  t_peak=34913  comparison cadence=104738  difference=0.39750  below=0/3
t=130673  fraction=0.40125  peak_slope=1.078e-05  t_peak=34913  comparison cadence=104738  difference=0.39625  below=0/3
t=131670  fraction=0.40250  peak_slope=1.078e-05  t_peak=34913  comparison cadence=104738  difference=0.39375  below=0/3
t=132668  fraction=0.40250  peak_slope=1.078e-05  t_peak=34913  comparison cadence=104738  difference=0.38500  below=0/3
t=133665  fraction=0.40250  peak_slope=1.078e-05  t_peak=34913  comparison cadence=104738  difference=0.37875  below=0/3
t=134663  fraction=0.40250  peak_slope=1.078e-05  t_peak=34913  comparison cadence=104738  difference=0.37250  below=0/3
t=135660  fraction=0.40250  peak_slope=1.078e-05  t_peak=34913  comparison cadence=104738  difference=0.36125  below=0/3
t=136658  fraction=0.40375  peak_slope=1.078e-05  t_peak=34913  comparison cadence=104738  difference=0.35500  below=0/3
t=137655  fraction=0.40375  peak_slope=1.078e-05  t_peak=34913  comparison cadence=104738  difference=0.34625  below=0/3
t=138653  fraction=0.40500  peak_slope=1.078e-05  t_peak=34913  comparison cadence=104738  difference=0.33125  below=0/3
t=139650  fraction=0.40625  peak_slope=1.078e-05  t_peak=34913  comparison cadence=104738  difference=0.32250  below=0/3
t=140648  fraction=0.40625  peak_slope=1.078e-05  t_peak=34913  comparison cadence=104738  difference=0.31375  below=0/3
t=141645  fraction=0.40750  peak_slope=1.078e-05  t_peak=34913  comparison cadence=104738  difference=0.30625  below=0/3
t=142643  fraction=0.41000  peak_slope=1.078e-05  t_peak=34913  comparison cadence=104738  difference=0.30250  below=0/3
t=143640  fraction=0.41000  peak_slope=1.078e-05  t_peak=34913  comparison cadence=104738  difference=0.29250  below=0/3
t=144638  fraction=0.41250  peak_slope=1.078e-05  t_peak=34913  comparison cadence=104738  difference=0.28375  below=0/3
t=145636  fraction=0.41250  peak_slope=1.078e-05  t_peak=34913  comparison cadence=104738  difference=0.27125  below=0/3
t=146633  fraction=0.41375  peak_slope=1.078e-05  t_peak=34913  comparison cadence=104738  difference=0.26375  below=0/3
t=147631  fraction=0.41625  peak_slope=1.078e-05  t_peak=34913  comparison cadence=104738  difference=0.26000  below=0/3
t=148628  fraction=0.42000  peak_slope=1.078e-05  t_peak=34913  comparison cadence=104738  difference=0.25750  below=0/3
t=149626  fraction=0.42125  peak_slope=1.078e-05  t_peak=34913  comparison cadence=104738  difference=0.24875  below=0/3
t=150623  fraction=0.42125  peak_slope=1.078e-05  t_peak=34913  comparison cadence=104738  difference=0.24250  below=0/3
t=151621  fraction=0.42500  peak_slope=1.078e-05  t_peak=34913  comparison cadence=104738  difference=0.24250  below=0/3
t=152618  fraction=0.42875  peak_slope=1.078e-05  t_peak=34913  comparison cadence=104738  difference=0.24125  below=0/3
t=153616  fraction=0.42875  peak_slope=1.078e-05  t_peak=34913  comparison cadence=104738  difference=0.23500  below=0/3
t=154613  fraction=0.43000  peak_slope=1.078e-05  t_peak=34913  comparison cadence=104738  difference=0.23375  below=0/3
t=155611  fraction=0.43125  peak_slope=1.078e-05  t_peak=34913  comparison cadence=104738  difference=0.23000  below=0/3
t=156608  fraction=0.43250  peak_slope=1.078e-05  t_peak=34913  comparison cadence=104738  difference=0.22875  below=0/3
t=157606  fraction=0.43250  peak_slope=1.078e-05  t_peak=34913  comparison cadence=104738  difference=0.22000  below=0/3
t=158603  fraction=0.43250  peak_slope=1.078e-05  t_peak=34913  comparison cadence=104738  difference=0.21500  below=0/3
t=159601  fraction=0.43375  peak_slope=1.078e-05  t_peak=34913  comparison cadence=104738  difference=0.20750  below=0/3
t=160598  fraction=0.43500  peak_slope=1.078e-05  t_peak=34913  comparison cadence=104738  difference=0.20625  below=0/3
t=161596  fraction=0.43500  peak_slope=1.078e-05  t_peak=34913  comparison cadence=104738  difference=0.20000  below=0/3
t=162593  fraction=0.43625  peak_slope=1.078e-05  t_peak=34913  comparison cadence=104738  difference=0.19500  below=0/3
t=163591  fraction=0.43625  peak_slope=1.078e-05  t_peak=34913  comparison cadence=104738  difference=0.18625  below=0/3
t=164588  fraction=0.43625  peak_slope=1.078e-05  t_peak=34913  comparison cadence=104738  difference=0.18375  below=0/3
t=165586  fraction=0.43625  peak_slope=1.078e-05  t_peak=34913  comparison cadence=104738  difference=0.18000  below=0/3
t=166583  fraction=0.43625  peak_slope=1.078e-05  t_peak=34913  comparison cadence=104738  difference=0.17500  below=0/3
t=167581  fraction=0.43625  peak_slope=1.078e-05  t_peak=34913  comparison cadence=104738  difference=0.16625  below=0/3
t=168578  fraction=0.43625  peak_slope=1.078e-05  t_peak=34913  comparison cadence=104738  difference=0.16250  below=0/3
t=169576  fraction=0.43875  peak_slope=1.078e-05  t_peak=34913  comparison cadence=104738  difference=0.16375  below=0/3
t=170573  fraction=0.43875  peak_slope=1.078e-05  t_peak=34913  comparison cadence=104738  difference=0.16125  below=0/3
t=171571  fraction=0.43875  peak_slope=1.078e-05  t_peak=34913  comparison cadence=104738  difference=0.15625  below=0/3
t=172568  fraction=0.44375  peak_slope=1.078e-05  t_peak=34913  comparison cadence=104738  difference=0.16000  below=0/3
t=173566  fraction=0.44375  peak_slope=1.078e-05  t_peak=34913  comparison cadence=104738  difference=0.15875  below=0/3
t=174563  fraction=0.44375  peak_slope=1.078e-05  t_peak=34913  comparison cadence=104738  difference=0.15250  below=0/3
t=175561  fraction=0.44375  peak_slope=1.078e-05  t_peak=34913  comparison cadence=104738  difference=0.14750  below=0/3
t=176558  fraction=0.44375  peak_slope=1.078e-05  t_peak=34913  comparison cadence=104738  difference=0.14750  below=0/3
t=177556  fraction=0.44375  peak_slope=1.078e-05  t_peak=34913  comparison cadence=104738  difference=0.14625  below=0/3
t=178553  fraction=0.44375  peak_slope=1.078e-05  t_peak=34913  comparison cadence=104738  difference=0.14375  below=0/3
t=179551  fraction=0.44375  peak_slope=1.078e-05  t_peak=34913  comparison cadence=104738  difference=0.13875  below=0/3
t=180548  fraction=0.44375  peak_slope=1.078e-05  t_peak=34913  comparison cadence=104738  difference=0.13375  below=0/3
t=181546  fraction=0.44375  peak_slope=1.078e-05  t_peak=34913  comparison cadence=104738  difference=0.13375  below=0/3
t=182543  fraction=0.44500  peak_slope=1.078e-05  t_peak=34913  comparison cadence=104738  difference=0.13500  below=0/3
t=183541  fraction=0.44625  peak_slope=1.078e-05  t_peak=34913  comparison cadence=104738  difference=0.13500  below=0/3
t=184538  fraction=0.44750  peak_slope=1.078e-05  t_peak=34913  comparison cadence=104738  difference=0.13125  below=0/3
t=185536  fraction=0.45000  peak_slope=1.078e-05  t_peak=34913  comparison cadence=104738  difference=0.13125  below=0/3
t=186533  fraction=0.45000  peak_slope=1.078e-05  t_peak=34913  comparison cadence=104738  difference=0.13125  below=0/3
t=187531  fraction=0.45000  peak_slope=1.078e-05  t_peak=34913  comparison cadence=104738  difference=0.12875  below=0/3
t=188528  fraction=0.45125  peak_slope=1.078e-05  t_peak=34913  comparison cadence=104738  difference=0.12875  below=0/3
t=189526  fraction=0.45125  peak_slope=1.078e-05  t_peak=34913  comparison cadence=104738  difference=0.12500  below=0/3
t=190523  fraction=0.45125  peak_slope=1.078e-05  t_peak=34913  comparison cadence=104738  difference=0.12375  below=0/3
t=191521  fraction=0.45125  peak_slope=1.078e-05  t_peak=34913  comparison cadence=104738  difference=0.12250  below=0/3
t=192518  fraction=0.45125  peak_slope=1.078e-05  t_peak=34913  comparison cadence=104738  difference=0.12000  below=0/3
t=193516  fraction=0.45250  peak_slope=1.078e-05  t_peak=34913  comparison cadence=104738  difference=0.12000  below=0/3
t=194513  fraction=0.45250  peak_slope=1.078e-05  t_peak=34913  comparison cadence=104738  difference=0.11875  below=0/3
t=195511  fraction=0.45250  peak_slope=1.078e-05  t_peak=34913  comparison cadence=104738  difference=0.11875  below=0/3
t=196508  fraction=0.45250  peak_slope=1.078e-05  t_peak=34913  comparison cadence=104738  difference=0.11875  below=0/3
t=197506  fraction=0.45250  peak_slope=1.078e-05  t_peak=34913  comparison cadence=104738  difference=0.11625  below=0/3
t=198503  fraction=0.45375  peak_slope=1.078e-05  t_peak=34913  comparison cadence=104738  difference=0.11500  below=0/3
t=199501  fraction=0.45375  peak_slope=1.078e-05  t_peak=34913  comparison cadence=104738  difference=0.11125  below=0/3
t=200498  fraction=0.45375  peak_slope=1.078e-05  t_peak=34913  comparison cadence=104738  difference=0.10875  below=0/3
t=201496  fraction=0.45375  peak_slope=1.078e-05  t_peak=34913  comparison cadence=104738  difference=0.10875  below=0/3
t=202493  fraction=0.45375  peak_slope=1.078e-05  t_peak=34913  comparison cadence=104738  difference=0.10625  below=0/3
t=203491  fraction=0.45500  peak_slope=1.078e-05  t_peak=34913  comparison cadence=104738  difference=0.10750  below=0/3
t=204488  fraction=0.45500  peak_slope=1.078e-05  t_peak=34913  comparison cadence=104738  difference=0.10375  below=0/3
t=205486  fraction=0.45500  peak_slope=1.078e-05  t_peak=34913  comparison cadence=104738  difference=0.10125  below=0/3
t=206483  fraction=0.45500  peak_slope=1.078e-05  t_peak=34913  comparison cadence=104738  difference=0.09875  below=0/3
t=207481  fraction=0.45500  peak_slope=1.078e-05  t_peak=34913  comparison cadence=104738  difference=0.09500  below=0/3
t=208478  fraction=0.45500  peak_slope=1.078e-05  t_peak=34913  comparison cadence=104738  difference=0.09000  below=0/3
t=209476  fraction=0.45500  peak_slope=1.078e-05  t_peak=34913  comparison cadence=104738  difference=0.08625  below=0/3
t=210473  fraction=0.45500  peak_slope=1.078e-05  t_peak=34913  comparison cadence=104738  difference=0.08500  below=0/3
t=211471  fraction=0.45500  peak_slope=1.078e-05  t_peak=34913  comparison cadence=104738  difference=0.08375  below=0/3
t=212468  fraction=0.45625  peak_slope=1.078e-05  t_peak=34913  comparison cadence=104738  difference=0.08500  below=0/3
t=213466  fraction=0.45750  peak_slope=1.078e-05  t_peak=34913  comparison cadence=104738  difference=0.08625  below=0/3
t=214463  fraction=0.45750  peak_slope=1.078e-05  t_peak=34913  comparison cadence=104738  difference=0.08500  below=0/3
t=215461  fraction=0.45875  peak_slope=1.078e-05  t_peak=34913  comparison cadence=104738  difference=0.08500  below=0/3
t=216458  fraction=0.45875  peak_slope=1.078e-05  t_peak=34913  comparison cadence=104738  difference=0.08250  below=0/3
t=217456  fraction=0.45875  peak_slope=1.078e-05  t_peak=34913  comparison cadence=104738  difference=0.08125  below=0/3
t=218453  fraction=0.45875  peak_slope=1.078e-05  t_peak=34913  comparison cadence=104738  difference=0.08000  below=0/3
t=219451  fraction=0.45875  peak_slope=1.078e-05  t_peak=34913  comparison cadence=104738  difference=0.07750  below=0/3
t=220448  fraction=0.45875  peak_slope=1.078e-05  t_peak=34913  comparison cadence=104738  difference=0.07750  below=0/3
t=221446  fraction=0.45875  peak_slope=1.078e-05  t_peak=34913  comparison cadence=104738  difference=0.07625  below=0/3
t=222443  fraction=0.45875  peak_slope=1.078e-05  t_peak=34913  comparison cadence=104738  difference=0.07500  below=0/3
t=223441  fraction=0.46000  peak_slope=1.078e-05  t_peak=34913  comparison cadence=104738  difference=0.07375  below=0/3
t=224438  fraction=0.46000  peak_slope=1.078e-05  t_peak=34913  comparison cadence=104738  difference=0.07375  below=0/3
t=225436  fraction=0.46000  peak_slope=1.078e-05  t_peak=34913  comparison cadence=104738  difference=0.07250  below=0/3
t=226433  fraction=0.46000  peak_slope=1.078e-05  t_peak=34913  comparison cadence=104738  difference=0.06875  below=0/3
t=227431  fraction=0.46125  peak_slope=1.078e-05  t_peak=34913  comparison cadence=104738  difference=0.06875  below=0/3
t=228428  fraction=0.46250  peak_slope=1.078e-05  t_peak=34913  comparison cadence=104738  difference=0.07000  below=0/3
t=229426  fraction=0.46250  peak_slope=1.078e-05  t_peak=34913  comparison cadence=104738  difference=0.07000  below=0/3
t=230423  fraction=0.46250  peak_slope=1.078e-05  t_peak=34913  comparison cadence=104738  difference=0.07000  below=0/3
t=231421  fraction=0.46250  peak_slope=1.078e-05  t_peak=34913  comparison cadence=104738  difference=0.07000  below=0/3
t=232418  fraction=0.46250  peak_slope=1.078e-05  t_peak=34913  comparison cadence=104738  difference=0.06500  below=0/3
t=233416  fraction=0.46250  peak_slope=1.078e-05  t_peak=34913  comparison cadence=104738  difference=0.06250  below=0/3
t=234413  fraction=0.46250  peak_slope=1.078e-05  t_peak=34913  comparison cadence=104738  difference=0.06125  below=0/3
t=235411  fraction=0.46250  peak_slope=1.078e-05  t_peak=34913  comparison cadence=104738  difference=0.06125  below=0/3
t=236408  fraction=0.46375  peak_slope=1.078e-05  t_peak=34913  comparison cadence=104738  difference=0.06125  below=0/3
t=237406  fraction=0.46375  peak_slope=1.078e-05  t_peak=34913  comparison cadence=104738  difference=0.06125  below=0/3
t=238403  fraction=0.46375  peak_slope=1.078e-05  t_peak=34913  comparison cadence=104738  difference=0.06125  below=0/3
t=239401  fraction=0.46375  peak_slope=1.078e-05  t_peak=34913  comparison cadence=104738  difference=0.06125  below=0/3
t=240398  fraction=0.46375  peak_slope=1.078e-05  t_peak=34913  comparison cadence=104738  difference=0.06125  below=0/3
t=241396  fraction=0.46375  peak_slope=1.078e-05  t_peak=34913  comparison cadence=104738  difference=0.06000  below=0/3
t=242393  fraction=0.46375  peak_slope=1.078e-05  t_peak=34913  comparison cadence=104738  difference=0.06000  below=0/3
t=243391  fraction=0.46375  peak_slope=1.078e-05  t_peak=34913  comparison cadence=104738  difference=0.05875  below=0/3
t=244388  fraction=0.46375  peak_slope=1.078e-05  t_peak=34913  comparison cadence=104738  difference=0.05750  below=0/3
t=245386  fraction=0.46375  peak_slope=1.078e-05  t_peak=34913  comparison cadence=104738  difference=0.05750  below=0/3
t=246383  fraction=0.46375  peak_slope=1.078e-05  t_peak=34913  comparison cadence=104738  difference=0.05625  below=0/3
t=247381  fraction=0.46375  peak_slope=1.078e-05  t_peak=34913  comparison cadence=104738  difference=0.05375  below=0/3
t=248378  fraction=0.46375  peak_slope=1.078e-05  t_peak=34913  comparison cadence=104738  difference=0.05375  below=0/3
t=249376  fraction=0.46375  peak_slope=1.078e-05  t_peak=34913  comparison cadence=104738  difference=0.05125  below=0/3
t=250373  fraction=0.46375  peak_slope=1.078e-05  t_peak=34913  comparison cadence=104738  difference=0.05125  below=0/3
t=251371  fraction=0.46375  peak_slope=1.078e-05  t_peak=34913  comparison cadence=104738  difference=0.05000  below=0/3
t=252368  fraction=0.46375  peak_slope=1.078e-05  t_peak=34913  comparison cadence=104738  difference=0.04750  below=0/3
t=253366  fraction=0.46375  peak_slope=1.078e-05  t_peak=34913  comparison cadence=104738  difference=0.04375  below=0/3
t=254363  fraction=0.46375  peak_slope=1.078e-05  t_peak=34913  comparison cadence=104738  difference=0.04250  below=0/3
t=255361  fraction=0.46375  peak_slope=1.078e-05  t_peak=34913  comparison cadence=104738  difference=0.04250  below=0/3
t=256358  fraction=0.46375  peak_slope=1.078e-05  t_peak=34913  comparison cadence=104738  difference=0.03875  below=1/3
t=257356  fraction=0.46375  peak_slope=1.078e-05  t_peak=34913  comparison cadence=104738  difference=0.03500  below=2/3
t=258353  fraction=0.46375  peak_slope=1.078e-05  t_peak=34913  comparison cadence=104738  difference=0.03500  below=3/3
Stopping at t=258353.3920572057
Saved 412 remaining particles to /scratch/group/p.phy260085.000//Mass_Fraction/Outputs/Ejection_Results/remaining_particles_2172268_1.csv
