==========================================
Mass Fraction MPI Run
==========================================
Date:               Tue Sep 29 19:50:20 CDT 2026
Host:               ac006
Array job ID:       2174293
Array task ID:      0
MPI ranks:          4
CPUs per task:      1
Nodes allocated:    1
Python:             /scratch/user/u.hm357857/.conda/envs/comets/bin/python
Conda environment:  /scratch/user/u.hm357857/.conda/envs/comets
==========================================

1.44009014367042
1.1258497001651808
1.3404681993625955
1.5178818225563533
0.5685901421040744
1.1413879410985626
1.115673236632125
2.1149941217502777
1.5005606970231335
0.9710041948289256
2.3249835730514454
1.4150593917545529
1.177700589664673
1.1202935014874484
1.9944680864701452
1.0347223455738028
0.7620594500708917
1.6380132927159323
2.1599489232266746
1.9155594916377299
1.5185865335200106
1.7293079959423618
2.4630772785184702
0.7418856648838246
1.591195039195234
0.5299462575703349
1.6951959255914864
0.5457399109896242
2.080580288876589
1.7915943472762588
1.2712811721074324
0.9170832722169329
2.4623181787993165
1.551519469017098
2.46428731739331
1.0206728025080676
2.4697171971104557
2.4001598995822278
2.4811751980623624
0.8759749066427491
1.5808642850620311
2.048292332278496
0.8721645985168729
1.6734299136250879
0.8112524857130494
1.4592366386786306
1.3816808138515064
2.3511735502348614
2.2818901868452626
1.6297927934763328
1.3399749926164273
2.129062878358045
2.388674246848795
0.667252651657462
0.9060244159856947
1.8602391589949256
2.2419622252123257
0.8224443849613217
2.325291726274539
2.4353542702115494
0.6946217457740556
1.4910411191862012
0.9205183792129366
1.2700477919973132
0.5925331966359089
1.0118100073071508
2.4506253212513203
1.9826801566512529
0.8873111243603815
0.8185846479059851
1.2748156872744296
1.512140886885989
2.3990125757921716
2.24688755019574
1.9269924791390693
1.2949812110613192
0.9141560891281313
2.433372809409649
0.9394073620102237
1.6792079398059847
1.2591333090456234
1.3027899616260212
2.3630374096161604
2.1240538828830156
1.1123193482350062
1.524920046749256
1.7271039996198323
1.8528166815704354
1.130529461247842
1.975683637954728
0.7868106296372981
0.7367771456689098
1.8165168940803424
1.9442320759651965
1.9397030912501643
0.6193330134810582
1.8135984258575357
0.8718526294194984
1.4603798274596744
2.1430404262402245
2.351828148815998
1.533513604456325
0.6643955501698147
2.2693287877011827
1.7355631387871129
1.527424801582893
2.0893508270808416
0.9574241469323128
1.0163048645386206
2.1309157374566965
0.5906985834400955
0.749504451300324
1.1474526564565135
1.0748944940026102
1.8200538763404777
2.482205579778445
0.5147055919100447
2.432184417755881
2.4366222038742444
2.07556291556908
2.3765189841080723
0.6336787259095029
1.666026269960725
1.7733474758156542
2.3750071014044964
0.83378995444723
0.5905263599075106
1.7696733621058653
0.870881045099615
1.8275375457713012
0.8499323621003827
1.6059124811987098
2.4500598879579294
1.5493071233158113
0.9260758050553548
0.9824246580970777
1.2177911652308164
1.3534726118562497
2.247416686897054
1.5471790636414635
1.8824120535121496
1.0437129110074774
0.6684537888744517
1.1800095430949866
1.7772838956840211
1.0997529406558253
1.0916237929436095
1.5917367545730392
0.5136994804190826
2.2815411376067094
0.9155155309346037
1.3076745879606386
2.2073884472069696
1.4894556538974812
2.4390122215028756
2.2561634661818593
0.6285063439213305
0.795533424370074
1.3132065328501028
0.8165744236064583
2.461065027430105
1.6726372253723407
1.2092628807898085
0.8754699252742364
0.8582815363185821
1.1615383466168965
0.7534800915353241
1.3507064109965288
0.6582761075148134
1.6426893057125986
1.190242673123545
2.1995409390795615
1.0477058355650954
2.410285520422735
1.273533514075742
1.0765187166924335
2.376193875775517
1.866167227547134
1.6213567318062894
1.523484994545273
2.11595207266161
2.4519479654286913
2.452501561603924
1.7665123647417853
1.7961732186457688
1.331034702911715
2.486509320690642
0.5609531008568589
1.605206331527547
1.6889883039242912
1.6110542299468804
1.645761015560674
0.9795818387529636
2.3590539722351322
1.5112570643570191
1.159637151637442
2.182961407703437
1.2895924708412838
1.2752399116472715
1.7585169201837116
1.8603503340520324
1.5227205594332807
1.0765096210730356
1.591269464827621
1.0783252310659805
1.5428788166579543
1.3788523978859732
0.5776914588904418
0.9713541335050675
0.9194291299107087
0.668371129270998
1.933130809124921
1.2795636088920657
0.544265692059879
2.373030143440716
1.533423237250695
1.8955676008135833
0.8698567856282735
2.375145314276579
1.6314734525180685
0.5400421799124249
1.906319692301894
1.54618426969026
1.578093106482089
2.336392122049156
1.0305243596709053
2.0845447751878305
0.5879733619094216
0.7287610662358821
1.9355991232269503
1.9251911411545686
1.1216506517937173
2.487332468925281
2.2244311892162205
1.448330549842744
1.4457784315578732
1.6441772665045347
2.160194268287353
0.5638070051890103
2.0369896462670063
2.0132626646920517
0.9161410650157691
0.7717707711386668
0.6518285730170696
0.8170974592101239
0.9643719972410325
1.3206399814993555
1.5738157751103024
2.0245482706997113
1.8360100696338617
1.3993881623643072
1.868831637188933
0.9682639289291033
1.9172553881158223
1.048843640838345
1.8807848208145563
1.0983506907002119
2.098692851934209
1.940964455701469
0.5234961110552003
2.039944150277487
0.764665833255258
1.4879251587783353
1.9466302254617371
1.2042304340443486
1.095318139397617
1.8904905560186152
1.9610825331878035
1.9754868494611058
1.704639537348981
1.84402665793081
2.10811831362989
1.4213127829694483
2.429986483106312
2.1243842468551257
0.937889298217718
1.9303337569644186
2.343979100810863
1.3240481614056396
1.7125331473645888
0.9067540799471441
1.3844105999521572
2.2392115473506324
0.673157048555258
1.6226194026647411
1.3727831846032363
1.1153300436602815
1.4166814222428037
0.6129207624756079
0.6439142485132574
2.1270079091270615
2.2358332493749593
1.8202914335805962
2.4757440877112136
1.5218900255928347
1.7779191324255315
1.3749206674338863
0.7050494216271248
1.1830689165075692
0.7110955334583251
1.700222360686285
1.8397600042223445
1.424483792661574
0.9916576617908022
1.2980677283243258
1.5004925550672685
2.473348114039619
0.6893385572089823
0.8700417646556642
0.9420283101183224
1.9171084788529535
1.5429047532327447
0.9895950540728968
1.6243399195622357
2.2585519133567136
0.6180320931834031
1.7644370314392077
1.0346007035944587
1.7202684165914155
0.9875602464461741
2.1248208108112467
2.4445738852012875
1.44430896705845
2.3816825701483015
2.423434206500886
1.9974173671762574
2.3202416978956455
1.8265485050332342
2.4468069712101657
2.3533832301235824
1.2787713977968378
2.0624418974824335
1.4071227900522933
1.143341298888958
1.3985923763888481
2.000026568086027
2.2742558012274694
0.6755955078544713
1.757091807690649
1.7345812731375228
2.444690361079827
2.0667566799818964
2.4617435949355295
2.1019024737504974
0.6667378884779915
0.8306456534985258
0.9061134944518807
1.4248765748592458
1.3149022615892882
1.9133957091807363
1.0807684182458006
1.6108839563718167
0.6058588669903906
1.917460650974076
2.211571109751163
1.9077916404536346
1.0424795378478837
1.9047509984180224
1.5039512840031712
1.574164167689168
1.3056567422183294
1.4411228996122807
1.1157148655998812
2.36559451933592
0.5890911443857583
1.0689933457921799
0.5040078718012473
1.9006254202906
0.556276228780878
2.3787762066652594
1.1573387082322235
0.9342415445879575
2.465920346281882
1.9431422739841933
1.3370690628375772
1.6852423015227609
1.459799680743081
1.170629127085469
1.8374975520734775
1.323252102740476
0.9141192653872372
0.5590583175060466
1.0487410932430787
0.5544863454241364
1.6613147237810912
1.0592778450174014
1.4754213385048285
1.736402720491305
0.5408103899231629
1.2581647917839074
0.6463190517757158
1.9568358300688
0.5535415802054615
1.952754801379208
1.5939511586600739
1.6366034686408235
1.104398012099849
2.215936913230961
1.4552549776451613
0.7490791676576876
1.2828515097582631
1.3034590474683994
0.8831951959868716
1.4086279249497213
1.6534698073578429
0.50581664751543
2.0178244691235196
1.9442679409887964
1.5357605009135975
2.0078392665499507
1.4849298398095716
0.5328163368430519
1.8220898713964468
0.5835525009507345
1.4298244696270372
0.6222964517612415
1.9708867648894317
1.7353535876632775
0.723301174803783
2.4154416186246443
1.7619216733332235
1.834014013220195
2.2832760230166547
1.8572231346602504
1.2150999143568486
2.0342575213214436
2.4219599000765513
1.435361009605197
1.8782752542947196
0.9838654658280419
1.061790099972608
0.5393453314749539
2.1152381825458826
0.9347652037679184
1.099491845665639
1.9795482870050551
1.4935764156935563
1.785063417400668
1.680092813908544
1.6649774857189092
2.1393212234412933
1.9355807336205697
2.065319054462438
1.8140266389493125
0.8315807101898374
0.500088848955482
0.7589075064689237
1.232890141155417
2.132908725539907
1.289340506642952
1.3612192235294136
0.6925964147955654
0.9311646530537385
1.0257869366302645
1.5028120586999723
0.5946429808795846
1.6816957744698913
1.5450219375479572
0.9652829714478712
1.642598943212881
1.5149973452287135
2.3076845172886173
0.6773345572106202
2.3869213377182295
1.3829727275898154
1.1118437654972668
1.8024121927674492
0.8653057910648467
1.9545477986047055
2.0450500557953903
1.9753159940937748
0.6228172794018503
1.7104093274936463
2.480545043399622
1.7902996816358636
2.2786309940105256
1.6174926741783513
0.8082705096114873
1.347638829984227
2.0657867948415465
1.8622029871828243
1.411889330692162
1.2568329322391996
1.0012762924157064
1.778623467683665
1.9036818810148948
1.5119961446093906
1.4936196805924382
0.6136991569609862
0.736207440864588
0.6811614678945355
1.6494910390728554
2.1801724839311003
0.8084803247999739
0.6336826551337982
1.0029740585853282
1.8175157320791453
1.0951290236809157
0.750404178913832
1.2199685122037642
1.0955324368485186
1.8883530874221495
0.689195956273273
1.2471092726411632
2.2835630799148072
1.4687136401606269
1.6274960097080526
1.927765671586903
1.352858475563964
1.9210302538016975
0.8999928340677312
2.1923102984361744
0.9586519151114377
1.236297450193717
0.5469108687079629
1.4217822370633415
1.4964785999219399
0.8132798171769677
0.7982407265090916
1.579643583851861
2.4904452538379918
2.2881098374484887
1.4367361479820464
2.2211227705344996
2.118838340241671
1.0254419271561357
2.0533288562553076
0.9197510290506064
1.9436176509947973
2.0946822961484717
1.9498985766406256
0.5298708148360378
1.9394569029281277
0.6798089948800925
1.9731744742209159
1.943797344396978
0.7391432922411225
0.5511187776485553
1.2715459249932481
1.783210215895197
0.5895283944629119
1.303778205544339
0.9120439883530089
1.069543984533851
1.1779365832973332
1.0057394519778577
2.2283897699612436
1.785979612278458
0.7326187554388426
1.4314453979092148
1.320485478320605
1.3041635969907837
1.2490352976673222
0.824968064854932
1.4102408897532044
1.606694332487414
2.082559774166192
0.8679181301389782
0.7530178127657807
0.937742045613988
0.7525722700955406
2.2832340770496784
0.6109706405931552
0.8309972784176869
1.5550585873783653
0.5610385449474866
1.17193193972502
1.8134136803814145
2.226840235550507
0.6507761586707044
0.7795538815505847
1.8740515550563066
1.4267511781155762
1.227136257458664
2.015746083344024
1.261011271926488
0.7738113827969475
0.9788024460465203
2.4512981284223674
1.7504323764993717
2.497497727252223
1.7441259006839511
1.9485826755384261
2.3513405074614555
1.9829943491987476
0.8199845373935404
2.359549300601638
1.400224118210191
2.378864699992624
0.9137229250853296
0.7887815025339389
2.2335239468368733
2.0680795817293336
0.5091661049088112
2.1523014962920417
1.8039725484419566
0.8764918704980225
1.9049082188670685
2.139048166154029
1.592995534094872
1.2504998899340136
2.0764746932858955
2.047130797909607
1.6198064935041214
2.3822366312591683
1.769706337766312
1.7973352135902694
2.385059736578719
1.7675580976207377
1.262042618989288
0.8019936034750186
0.7800737634180885
1.4437782511960888
0.8657857074827737
0.7988915990033538
1.8379306943516405
2.2258368839481433
1.3785431060682996
1.3027514452285096
2.2499741904521633
2.023604935385891
0.7960695336017916
2.2453061005731914
1.530001567349455
0.9212225340941123
1.35412924128491
2.3599171645884534
1.5693562785096238
1.7857029140113765
2.269854327827738
1.9874577444385118
1.592690224642182
2.4873859150155564
0.9425953160785943
1.334164403365024
2.054628265363566
2.1194164237697235
0.5383152899391228
2.023909368838181
0.8183704362091431
0.8211390940743459
1.238442984695055
2.4295786574704925
2.3051775393193044
0.9840260552556668
2.041162950785987
2.107091232332345
2.4074734202757524
1.4653426994608953
1.180415515741633
2.026491507377634
0.5602042556903712
1.2965221316710618
1.3431278147030499
1.6956730791429964
2.0696824242126004
2.1488721400135335
1.5186217221818172
1.4372980413029266
1.66921332790462
1.4037845945613963
0.9270866410502896
1.4222083906538723
0.8247685467539532
0.6928715182201359
2.1682664308862005
0.5626030787114191
0.8226953229054401
0.5807053177328052
2.2993542068608406
2.4931527744474704
2.1685983623966383
1.81135809619082
2.488976871258779
1.3287974629781214
2.152242687698758
2.2846576342034184
1.0507230398936855
1.2680468356900196
1.7903092122618065
0.5399524694165325
1.8671147952124256
2.2358767423295074
0.9852571630805469
1.6848182338501307
1.8294726258868488
1.173481052264569
2.0077705188391164
2.3995571946731413
2.4269448751795886
2.102299041756522
2.2907794470529135
1.1066090998748552
1.3051996068557647
0.5965254857556692
2.4260265403082775
2.1311103176461543
1.4747049446825113
1.397383698018863
0.8032894308252927
2.436113049245055
1.7002279654815102
1.1825263719668602
1.4276446826831588
0.8846796467860893
0.9099283870991799
2.177317306393161
0.7254667087668971
1.8687162065633955
1.8924203245167137
1.4888252001357165
1.963103536884797
2.4770970747774763
1.3927065735983282
0.7644245971151982
2.049672690519939
0.8722857021753656
1.463662378226234
1.5510937597320953
1.5364983837425181
1.9756231187884374
2.1290570754139666
2.2365167210686856
1.1798414541739115
1.6470388959061748
0.8580165733458318
1.2951264399816258
1.0495091765863838
1.2012130449820067
0.6174839910438101
0.516752306769932
1.5261591334522173
0.6143472699008343
0.8775850193912522
1.4694836753319012
1.4147527573008047
1.6082405102953892
2.0732917079877344
1.2410304956445202
0.7534600180042028
1.7254386689591636
2.4146558984594497
1.3770592395222496
1.327005402109642
0.6633241696153154
0.5223128159427826
2.4385676154230262
2.127571117293434
0.8356950158643353
2.095954731095757
1.290103746968676
2.364287826689192
1.710108119826446
1.9509781351392592
2.4225264432531652
2.236000475462707
1.8468271593788006
1.8480899413405234
1.707082672539361
1.1655585393003496
0.9532139816230514
1.7299043153633693
2.134326230447999
1.7542529737892938
1.1815545445299531
1.0943836904536728
2.0858762314106505
1.1067191658729683
1.4639911535782546
1.6562133948567077
0.6595974756664604
1.8769746937683685
1.5257867483592062
2.0371847244886983
0.8690765331633568
2.377046195804419
0.8455399673856963
1.1525760109171914
0.9187048535517983
0.7811382027637874
1.8238264696115394
2.40859603150694
1.742347593086688
0.6609575438256954
1.1188137634964073
2.007828333424225
1.5679544897827997
0.5123189627885383
2.0250197587616157
1.9929967583187158
1.8700942334310058
1.522970162429978
2.0256251741245155
Rank 2: 200 simulations
2.3991382984491025
1.3578420699365998
0.9994325099064676
1.6800591749520195
1.7116119507089134
2.4803111333687573
1.0997504888392131
Running 800 simulations with 4 MPI ranks
Rank 0: 200 simulations
Rank 1: 200 simulations
Rank 3: 200 simulations
