==========================================
Mass Fraction MPI Run
==========================================
Date:               Tue Sep 29 19:50:40 CDT 2026
Host:               ac072
Array job ID:       2174293
Array task ID:      1
MPI ranks:          4
CPUs per task:      1
Nodes allocated:    1
Python:             /scratch/user/u.hm357857/.conda/envs/comets/bin/python
Conda environment:  /scratch/user/u.hm357857/.conda/envs/comets
==========================================

0.767762490464672
1.2867509524618945
0.6554714363377341
0.8431343397156337
0.8873246572324294
0.8701942388354846
2.4115143417102365
1.4374799175454773
0.6921213240866704
2.1888287792429884
2.3191259251018526
2.226760275452717
0.9387312161045134
1.3829752762606289
2.1983509157805274
1.7267489687826711
1.891818854364643
0.6459640046449089
1.9710998888278413
1.151507963118058
2.168529889132256
1.8430343196738679
1.937499828706544
0.5631587852774758
0.7767661438982905
2.3060507179993888
0.5004123803331102
2.3119383852614064
1.9185317820328915
0.9965633523495925
0.5472158220801573
1.5282173940419141
2.405061615577685
1.8329861534243361
1.8276399029040238
1.8731969911039297
1.7949824987304703
1.8756368554616778
2.2761486434090292
0.8134640558392041
1.6805264190106874
0.9631948357563047
2.1215832908711576
2.214508478770104
1.969286852226404
1.7593561828747943
0.843168488811415
0.8990381936731631
1.3761779586635272
0.5267448409332935
1.4267954066653847
1.9170027250429837
1.246351169407488
0.8215014168979589
2.226093983245784
0.6596766113795516
2.4250455092386995
1.3330126936518425
1.7037729559715549
1.0978213660908291
2.0800976937771845
0.6842053199925753
1.3610593741383021
1.682111121352046
0.535073076108493
2.2521927173332204
2.434190982410787
0.5052858370114024
1.2269257198048849
1.4132561365572958
1.0551698031046925
0.9353715341280002
0.6209144542955485
2.1523295104998614
0.6664489670209459
0.8092020700934124
2.138322660607845
1.6793465493409854
1.567645306816054
1.9525884754239442
0.7191954653239405
1.3982474336660304
2.017008994310935
2.2251856337569826
1.4245090693567182
2.2275772624798087
1.6187096656255875
0.9860750972673422
1.2261219324705939
2.201327847803853
0.6340057799825947
1.558705419692751
2.238562607352621
0.6878301990724536
2.175523266410949
0.8270297525724242
1.3305054976776536
2.2387503722010793
1.216447808182502
1.6211591589154177
2.1542793934542614
2.2909792412171606
0.6804614325498162
1.4425415188130157
2.0331724077221534
1.9635525172289756
1.3677322990706682
0.615599301317411
1.7248582153957779
0.6937892563518862
1.2062767914013615
0.693264867196786
2.0254808972108123
2.1608371129392037
2.131376380430874
1.185756999658318
0.9136667886728582
2.058245872041929
1.1370529784735528
2.292487047314722
1.3924207613101223
1.4909046597929325
1.0368769392842132
1.7670866187823628
0.9359809107446826
1.091735178797228
2.104710630156327
2.4386252852498007
1.3802533206542549
2.12063056739965
2.2060691245634323
0.6546046261143992
1.8017719856194283
1.2270790219456245
1.8989189886909
2.020351616783805
1.570580999325872
1.7197535005569353
0.620211163600934
0.8587951598188905
1.879308701010406
2.4391446971726674
1.1888029154033424
1.8383965413472823
1.668581052797103
2.3348946825654022
1.5026031700062907
1.0317532290003288
2.0194474648193013
1.0148079964228867
1.9266477645387288
0.9502284530125085
0.6318943513277999
0.5255522721682298
2.159675390403394
1.495144709555326
2.202209362765068
1.5692440669601304
1.6325982018753882
1.8161595466459166
2.025820305357313
1.6987172418296057
2.155949057155688
1.9478780527856103
1.9198011710596286
1.8412632419455444
2.4157445183741704
0.7588519384123218
1.9657917609072588
1.604128348725087
1.7448818289670434
1.219853257711952
1.0348459375626657
2.1585359613467814
1.0768325296424952
0.8165883728583363
0.5230721524409887
2.282859005774352
1.3050100173391743
1.8660027171004419
1.3922816242458196
1.4570619637129745
1.2380443472352063
1.8811490207499415
1.7316094738672843
0.8191372047527978
1.2630253895394448
0.815464871842368
1.1451759074793515
1.0374751615499829
2.013171428798339
1.1060871889151513
1.0230498730674125
1.7884503593047474
0.7161771244732598
0.6806476364492973
0.5924307999070937
0.7066366214705118
2.1715106791302157
0.7750586865132987
1.9403203828759048
2.2761623581226873
1.2327406000381278
2.0342173929910627
0.8720415034625324
0.5546542451090786
1.1384188001840785
1.7144099623235665
1.7193402178954096
2.4997657929124593
1.0808742033735328
0.963260610566079
1.6280204289677045
1.8259220216531717
0.7138450078200318
2.4661121028844413
1.2679843302857758
1.9154512699253807
1.6249279609686076
0.5843505637140092
1.6759736944097587
0.9006752059139607
2.1462953423013134
1.7326533109724447
2.289918316164133
1.1330491387947494
0.9866532424898844
1.548502066918752
1.5333214668226205
1.393850704248147
1.74810787170439
1.9389707886773797
1.056531822947941
2.1685781238753696
2.162446074725369
1.3248665878849397
1.7507516986963298
0.5920597097616724
0.9832629223155078
1.6644099744955902
0.9042751322548683
1.1877851732411924
1.7201207580171827
1.669101185898272
0.5826454958584084
1.0716147582836173
1.116866780367656
1.2752666122502905
0.7088840658714799
1.8572230037493815
2.344063368699381
2.049318521892134
0.5714118716322703
1.949801602262756
1.0553942897191226
1.1868693508945918
2.0227735898627577
2.2995246110462526
1.7277648166085002
2.087903625049881
1.7503259973082719
2.163462796821921
1.621752212091136
1.0764192742722212
1.362041002092193
1.1813762783294477
2.043183133056961
1.0584636764907647
1.1985590718092416
2.209978925008101
2.0699509663315308
2.383892768963892
1.9714489212475497
1.769609208968441
1.029204578874815
0.8395475084758097
0.605084972967816
1.2562117433448734
1.523064120229487
1.8797679900728406
1.8131807451884197
0.7803455557102006
1.1134133526781502
1.2840072235694548
1.763029777240767
2.3101869356312967
1.0820340967560766
0.6231439944200774
1.3260742202219553
0.5972876391854363
2.2238264876530924
1.90937740635201
1.360946356430445
2.37794098539125
1.815174696638862
1.1103831575676346
1.412860336378101
1.229574663071534
2.210699946082216
2.1282713755904794
1.4737905071994373
2.274530840371199
1.7161215241976044
2.03293198604818
2.1115911483937193
1.8993900797009318
2.049104414527077
2.253312640072217
2.1711239445370376
1.616408883632241
1.803844381888693
2.2285493718867087
0.9176497073084966
2.393885875850512
1.4063364044439433
0.9407450393220222
1.4523014509000465
0.7504417016152756
0.545105667560319
0.5838995149438766
1.1078841936391302
1.1308334298202936
2.0345559921393788
2.1325103622378108
1.452994572947946
1.7701627267515008
2.2525253603639737
1.048663878448416
2.3986973127750355
0.5108381366044614
0.5900815258262209
0.7680100620389236
1.7418443667473256
0.5805455901056904
2.039121676520375
1.855428907985567
0.9908647887416628
2.3109974499401185
0.9671615505816864
0.7591768478139658
1.4430316410670196
2.471769120544164
1.2838821932272515
1.9210323511928433
0.8880942312363482
1.767002131563486
1.384308057159238
1.8346869074621124
0.6035666615864228
1.8204502450796678
1.4740309119330068
2.2801625555958553
0.8191072198330345
2.29420824280366
0.5218467045847193
2.1938249845283
2.4436862073414742
1.963300136361211
1.306236448486105
0.5594728011445282
1.49354621276109
1.1233740441592062
1.1071465536235219
2.409462006627982
2.41429983927196
1.546943767023293
1.283304162696703
1.124984230734237
1.6768321730292721
1.3471706659518399
1.2534961051924856
0.9346152442849491
1.335450977145403
1.106159850129617
0.9440989668154254
2.2653104166475613
1.3436845649731177
0.8951889000012967
0.7326191329383178
2.388044495666419
0.9005856215210748
1.569434588161961
1.4566309382201776
2.2836028276140237
1.5738021582265498
1.7935484953587288
1.263107135147441
1.1636690288167733
1.847079478377849
1.8701013703077571
1.249369135994027
0.7927142798685551
1.4626768990876715
2.124038533102398
2.340747840817396
0.7923333755921214
0.5354999339333439
1.6137216113562125
1.2710121246435906
1.9452290450337948
2.1013986050695816
2.067584908907783
2.3145789988127214
0.9891360723870986
1.2522659373781213
0.522313062030322
2.255187153309471
0.9310231093484094
1.4046364369763387
1.3340039931708063
0.6053572338412652
0.5162447654522058
1.2780013587436034
1.6245055958111483
1.8215459709198965
1.9271173307635965
1.732854270627851
0.7813778892457972
2.36136135615189
1.7904737011097356
0.5698203060034885
0.9167064884494551
1.5527324005038585
0.8713135582050044
1.8759113059987356
1.9772541540006325
0.9363001735044132
0.5381973037103147
1.4443537871687953
1.9706998873330808
0.5097004378477092
0.7523613002656286
1.1271218105304108
1.3250748733172866
0.8420496237619579
0.5940660383789873
2.3192251142993765
1.2479751847608862
1.1226493848815722
2.0215543795169255
1.9217364303113327
1.6841208696698926
0.6133614094344215
2.2874581048526044
2.1340788369963484
0.9986960406225398
1.2617987054377768
0.6890528636925837
2.0410794954841442
0.7428797449240017
0.8368496695582779
1.9377900265033141
0.9750721721700251
1.8077435496205843
0.6661073860951372
2.41983583336075
1.5030542793983714
0.5177712323038484
1.6380115461186173
0.6194439167037251
1.8536944675158313
1.9681495205142587
2.425341380297497
2.1308299270676603
1.7080686496109299
1.5283888150537919
0.6183769204127423
1.7721929092995794
1.4705994603146797
2.2109872355715163
0.5873321730611964
1.771728888159737
0.5267697022379558
0.8654444309096359
1.582973853990218
1.3897920340375611
2.0405528831677575
0.736394378352714
1.3096402670538436
2.0968774228200635
1.3510409458947965
2.467794080990532
0.8499874456638583
1.1142439497556207
1.3677542835716192
1.3291043884001068
2.0211873794460535
0.988392536012443
1.8810542285800878
1.1695916530711872
2.2677182176151707
1.7896574154414988
2.0081487255872057
0.5008258419347442
1.4774504149579972
1.760499863081065
2.0910044175327824
1.2890831989295604
1.2111220511669472
2.103998946371565
1.7220842386405817
1.8946803564063728
0.5794853804871483
1.7070127762132798
1.6820007946489792
2.16779247714211
0.7918834239537773
1.4113414783015203
2.417742401411761
1.6498931379453818
1.9478263870626942
0.9393071965639435
0.5080241873512337
1.9899318644667585
2.0613369679952775
0.7183267700947962
0.7981323088182388
1.275047952948475
1.088859497141734
2.439997589730717
2.141743093297051
0.7326667290269615
1.5841852299056545
2.2796647694595658
1.6094016606960357
1.778855602878697
1.974583957986217
1.4101992828972478
0.5712948102452788
0.5683743523432954
1.2181836228126173
1.3188518389013357
0.7623651571970844
2.153294375046824
0.6774777439607913
0.5536977618051604
0.9181349230449722
0.7379408405612131
2.0225498638539885
1.4472857166092383
2.0803497328950717
2.480347035650997
1.663424147174067
2.092137309064183
0.7495712191178967
2.369101015315514
1.9008749118110373
1.402106726309262
1.840379242323871
0.8172173014271946
2.2360901026772173
0.5259817891911533
1.5633762624769125
2.2379661535952744
1.027636926432568
1.50417259778984
0.8297392678796507
2.385376947997255
1.019838293327895
2.4192897837402945
1.5834010459096965
1.2845283732445194
0.6068023686053983
2.3931730932745436
0.5192692474352747
2.08087566803809
1.0280124772778887
0.8937249305538315
1.2112274452276577
1.5728823565127563
1.4776563119458335
1.7738924872087565
1.2919602228219909
2.0113147201190253
1.8520695698051186
1.2296274009926522
1.4449608823106002
2.443923432208771
0.594984967563859
2.473043137852789
1.452603236681518
2.1715252827172864
1.4304597019387946
1.891478884498334
0.9951845727090876
2.281953493531824
1.5606549181775875
1.548069098456667
2.039785745962651
1.0038433651690832
1.300009417308216
0.8225735116978363
0.7754873595187921
1.3820036487055638
1.8571193783081654
1.988932909448979
1.404755035414699
0.5710608990659192
1.7772124237474143
2.137970204159571
1.718372552237669
1.0339728052765305
0.8685746849364919
0.8807268301733431
1.8442651878526504
0.8754194675769282
1.109377899778878
2.419118520232781
2.1864838503335653
2.3700367272130625
1.1352319292075632
1.0715539167757038
1.3177990865373679
2.1298771426820116
2.0829019627540335
0.9213951004381977
0.827150591163619
1.6464643490593251
1.2018876074743639
1.7336411522684103
1.5841418428958305
0.581541562079726
2.28360447557381
1.731252791334769
2.087596557871761
2.3167598044679734
1.5550959287355006
1.906744678112676
0.9820074111264447
1.9901309294133167
1.0197678722883006
1.3317816190158878
2.3844496127794557
0.792176508574779
2.205694691396669
0.5837064512549677
1.309044927276284
1.2363834297197132
2.208693959767869
1.6894548708340902
1.416295224765681
2.4215973471925953
2.168893649194131
1.2634585134684269
2.345299399244807
1.8339151737461123
1.9352464939721954
0.6032452635635619
0.6535687591404762
1.1251726228477326
2.1118279219126577
2.266983330837842
1.215246976178055
1.6939002056891166
1.6881579441299197
1.8567010958687433
0.5659046439998607
0.9107713778692947
1.2147994021981987
1.169106698620376
2.3460624845512807
2.222793347825757
1.58654424574161
0.8165150416963369
1.2629068465156357
2.358313952935244
1.5391836070512421
1.1399018400900462
1.0848135175074405
2.172598385463627
0.8952626910767989
1.4990188755175076
1.391068494173857
2.311372337035093
1.6738885821264704
0.6759714189955166
2.4238052203206752
1.4840100479529081
1.7250159337944508
2.047159855559207
1.3312754650125165
1.2976308097860132
1.6714526152927252
2.1859254921158726
1.2227419007104008
0.5416997622066884
2.068811104566091
2.0197330891005203
1.1174539803137564
1.2061385620984655
1.2666447655168045
2.153074940065796
0.72311624010028
0.8979905362975407
1.7282353002729964
0.7435986575158875
2.1117501277216206
1.1558876824720838
1.076701081992492
0.7230264717266945
2.40708620506505
1.0459199169383395
0.654430950185529
0.9963248738598467
0.5073314307155559
1.8068642939704074
2.270071332820563
1.8999386093975987
1.4574449327764798
1.2650331064081948
1.3392278847600316
0.7365452998336504
2.2086996509069814
2.4363215206482565
2.193255947996419
1.5296134009806541
0.6770510073313833
0.9573207145884559
1.2798698842285985
1.043741720042358
0.9994441355301449
2.3884923990597517
0.6353117573288098
0.8553659179781248
1.1463958524560063
1.5039485764287923
1.4559475692345671
0.6691668322066475
1.862973881459649
1.4787046842636924
1.6017276349486553
1.9606262060401
2.0437160996652954
1.2851276916247258
1.256264987857292
2.0552422042938705
2.330299095665368
1.5364655433807368
1.409662544149383
0.9918482827250266
0.8224722732219485
1.0414644891772522
1.3663472048061636
1.417363709911987
1.3363434593293526
1.6274752466151894
2.3328482970593853
1.85358949112893
1.9162826912916477
1.5955181585045182
1.991911281763238
1.832148110125992
1.9092047687187481
2.3893396736679096
0.6751244935935343
2.1365953217179325
2.4964320646014295
2.3704395473021256
2.048989626759197
0.7925421089148579
1.8970283597851507
1.3301779715851796
2.1757620691729
0.6451234579163192
2.283071771613002
2.3688783814573107
1.2607604916082624
2.0639311023586844
0.9130857936326124
1.2653506809467365
0.7054398023501269
2.0182861950304947
2.1965505554035527
1.5691829057235138
1.2621935018075985
0.9438394422416114
1.5873428023192144
0.8647919888536295
0.7159857516252082
1.9519178424610313
0.6313731455312959
1.5066472215671938
1.1571872224645279
1.0456445452004006
2.380982822915878
2.248135500561653
1.2939286478542293
1.2574695051440927
1.0603404983275733
2.3174720733141108
1.4752235898929873
1.4726659256502332
1.6841453750993052
0.5902904687245276
1.7952912431256973
1.2087805071061553
0.928886294891514
0.6037462499416575
1.9383370001280331
1.082401440346912
Running 800 simulations with 4 MPI ranks
Rank 0: 200 simulations
Rank 1: 200 simulations
Rank 3: 200 simulations
Rank 2: 200 simulations
