==========================================
Mass Fraction MPI Run
==========================================
Date:               Tue Sep 29 19:50:40 CDT 2026
Host:               ac072
Array job ID:       2174293
Array task ID:      2
MPI ranks:          4
CPUs per task:      1
Nodes allocated:    1
Python:             /scratch/user/u.hm357857/.conda/envs/comets/bin/python
Conda environment:  /scratch/user/u.hm357857/.conda/envs/comets
==========================================

2.1476822680929497
0.8927182666149467
0.9897683235621313
1.0747100296646646
1.807665244161669
2.289287130563028
1.4648460019353688
2.022829141931443
1.179254396358866
1.7031730194616885
1.491500178557038
1.7428408614733204
0.6032733793961338
2.385517232967631
2.1652044103555927
0.7286416329389414
0.8711081993862302
1.679656139151017
0.7545825470232868
2.3780112603236785
0.5647406184460972
1.4403204158414449
2.442476353163575
1.3637475615080585
1.9092218016563829
1.9237867774168196
2.438019665030942
2.1813676333369783
1.8687109615006205
0.6023213342658635
0.886493238603858
1.9932434544235074
1.7536959728694497
0.8731088316514053
1.1187591487687167
2.0224253051434875
2.0323870931131296
2.4441655488230616
1.048700598065115
2.018769684135057
1.9439813051413952
1.776799533450712
2.223362251763992
1.394195180069881
0.889867247071555
2.344312590011613
0.584411972091331
1.0189027852282695
1.124004064748139
1.4406557114808152
1.264414332202271
1.9748829624571715
1.6540735646609315
2.0480738898658135
0.9118396853313868
1.492128404498365
0.5531217031410993
1.0940774716049366
1.5788169370924936
2.178004011118545
1.3967843063797205
1.9266735373050854
0.7304112135729264
0.8324757832668175
2.252765328281612
0.7032353260200326
2.2692444223389723
1.2810197851161231
1.0678346935325345
2.102705188722701
1.6039342152918241
0.9935809276177723
0.5679244942393036
0.7023921892241711
0.6274350734416574
1.291611518383715
2.1635741497582988
1.6560743448758715
1.8360466522668955
1.3556908123590183
0.9824733597006987
0.7020409671919525
0.5146348325975925
1.5043394073871932
1.7594240056114163
1.2193611655570953
1.8784938589637046
1.776760055292826
1.393555066058906
1.5216334081409126
1.3235950598260673
2.176857505066404
1.4053022479925563
0.9801951742789732
0.8262595696098323
2.392538995859979
1.1453406891279134
0.9665815909052304
1.2029504806619835
1.1635448625133482
1.1948538960198614
1.2388498833727475
1.925151595039506
2.365153937472293
0.9244445579300329
1.8987483957539033
0.7625260054166974
1.39773294995069
1.4385947692652035
1.6839906448509279
0.6629429551173371
1.6820550722749632
2.394434108411588
2.4902531697735166
1.0200197112931715
1.0376298154808175
0.6760423216213465
1.007511287810993
1.8722417266613585
0.5192236015609573
1.5760700236396874
1.611652211099121
2.1569031476239364
1.5811017573921744
2.452434927367839
1.4161835137433365
1.0470120875879072
0.5179616340413065
2.018727073347532
2.148353920034159
1.1530023711087305
0.7109235960083271
0.8467285903231865
1.641393680750003
0.9822907806982686
1.9851691405551073
1.371281159291339
1.0674914887444673
1.0149466721410518
1.3022400495974915
1.014189517248968
2.1993770355791575
1.370303268009517
1.3659590626239162
1.5043175295783493
1.8469272289959848
1.7265599894317336
0.5285758650330756
1.8636645659506623
1.3718701860084566
1.5385034150085943
1.0950376543282248
2.2456492314943706
1.080192315211819
2.33587438894208
1.3947306611596009
1.9818023101642197
2.4851904864106578
1.3196538941179006
0.9917297443078248
0.6973095555974367
0.672280204342294
0.5435498430631192
2.4969141974921563
0.7540477888483899
1.0177313108842594
1.9167424939901068
2.018429715008828
0.8265024777833727
2.4752315558558555
1.3878874468967592
1.6614330107707875
2.420276043497867
1.2571062020668806
1.1076196755490864
1.749970679872842
0.8302849292002554
1.9460922459657233
1.0287541985428907
0.5518156645382168
0.7944844738032721
2.0848302961615293
2.2156964229312717
1.8678590853953814
1.4865193957307052
0.960303252821276
1.718384097048032
2.007312892191163
1.2995878033118395
0.7791046838688567
1.7887985374392334
2.410706097524038
2.1732648805721038
0.7240719688679522
1.1369572400117216
1.9891234010874352
1.6004946889607976
2.0689906369468147
1.4876107620636185
1.15994564952906
1.2328882187227483
0.6380779940343679
0.8270319295107709
0.7066632059545561
1.5076507217286241
1.7979528368647815
2.0730850380893404
1.9886169074754638
1.1292761809843022
2.482726568513713
0.6635808363404803
2.069307331781393
1.879508163033252
1.4804525794184442
1.6999404719521358
2.075178201749689
2.4986298975998107
1.2354320538281658
0.7692677364941154
1.0139134193476795
2.001601395068275
2.1811780917216383
2.0928942906646455
1.935561225702672
2.3715220300141002
0.6846608254542588
0.9671598604886313
1.1406442816085234
1.175049837115406
2.406580579230215
1.6340793685656487
1.7808858206503668
1.8832021554176683
1.1552309831904986
1.753924220515387
1.2120252109809464
2.3036517248970796
2.3442424302760916
1.4578432529415877
1.7567712679405152
2.107383796603953
0.6257071326797856
0.7993121582626177
1.2202496565057495
0.5133123424492567
1.552224390762533
1.7403946395921825
1.7822041038937244
1.6594164401671112
1.4689442143394051
1.6877057385227214
1.6138425035470818
0.8601509647429959
1.9185115066517424
2.275884015419077
1.0071147041272155
1.2627573167240653
2.020006759992527
0.6246656561445458
0.536430378973058
0.9751511401911914
2.0433173728921337
1.9182337507428209
2.0243241747144918
1.693768757303873
0.8237918854747712
1.0309412797686042
1.0705084005882648
0.8882574501035081
1.5414433594342842
2.0427716642265974
2.1413217305225376
2.005452074861238
2.4374970073957263
0.9576116310221932
1.8016482463339836
1.6891010272103302
0.5914469924381989
1.9313162083836888
0.6498300805332218
0.5139513533512137
1.0765828347180644
1.6625393518000753
1.5443096772903717
1.674929590867402
1.3447645494838358
0.9879256298609176
0.7092162901850094
2.314521093324552
1.5908922297243349
0.6116591580492785
0.9879266831631797
1.8436366635468246
2.1646214932213392
0.9657757932003015
0.920066781053511
1.6365877804157907
0.6074164592419999
2.1379923734338897
1.851174173042961
1.5170056855703398
1.8845541184676213
1.354562619478666
1.6822240685769119
1.2265379164056875
1.5421467146518655
0.5099209051670965
1.7602887185519647
1.7535615149804178
0.9901402679384605
2.1182533393966136
0.5328973453031167
1.491556107852228
1.8694092202788781
0.6100094037900528
1.942706397374259
0.8180763044634924
1.308590894666951
1.381686623291243
0.5189750635233448
1.0590322745470453
1.737552027973247
1.6042051568385642
2.3857933401660336
2.1231072682379484
0.9346135626787726
1.776796475432976
0.9731905981567242
0.7962219975592897
1.1160411499825276
1.4186341093423418
2.1269970383353893
1.238448045630536
1.739440852473709
0.5742621487429216
1.3060566298487628
0.7065669287190168
1.8383570494704786
2.307892242571164
0.7625507202024748
1.8901482703082244
1.29047915676045
2.4093163608331944
2.4525408258615764
2.068887980191523
1.62401403793779
1.2055133323052176
0.5294311189686443
1.7452284320441136
0.8734792355831122
2.485006598534599
1.1706562776935878
0.9578379636241832
1.0090911322206855
1.7517664860958209
2.082033430537068
1.15006700422952
2.139107117275965
0.7082139372974277
0.7645905502216996
1.682034611992858
1.6733669988635962
1.8882547522461444
2.2587731954960892
2.0268137051923087
1.9953924695966372
1.470461076327892
1.0316275454453017
0.7894034668331376
1.8180163506884588
0.8826246933756874
2.2739423777477494
0.8595850681957795
1.1647898796876084
0.6850594140985433
1.9693310794200785
2.1057263119717975
0.8755932572114347
1.1695261150767629
0.7131816396538608
0.8130267911164926
1.790780091330999
2.350973368052708
0.92543270009613
2.278899964932295
2.3996382744971054
1.2062911355627042
1.1819240554492259
0.7137003626444605
1.822659115796029
1.052138588696735
1.0029785397495243
1.654826641339156
1.1306236511788776
1.2053540158544358
2.476664606444448
0.91734711457177
0.9426685663654704
0.770901351576833
2.49303725389399
1.0348844408588735
0.6994951704135337
0.7783462715279257
1.0361701057041448
0.7810854847366846
2.252529314726226
1.0525541639835387
1.7497125391565413
1.0127685901037637
2.211743030042122
1.9570213575267714
1.1404119202173997
1.7917449924916506
0.5760732150866352
2.184405064040959
1.4855621842848783
2.016016445590273
0.9991410665110965
1.0271250082402683
1.9269976538120568
0.8390132847998422
0.7479070584948371
1.5098097453781034
1.79204132404208
1.1115139794924538
0.932744826891204
0.7263391392302558
1.2544877744546987
1.496903294559334
1.8803244701358077
1.2668269231856872
2.0523715156235456
1.3526521499240007
1.0568762545593748
2.4656526370061043
2.198961575764117
0.5672717821171063
0.8903312483428136
2.0408817795405643
1.5474293440188305
0.6789479247593873
2.0785643254275676
0.5638157634177017
0.5612275110717067
0.8193716455222999
1.614759061430017
0.7104356000962204
0.9882985421943522
2.4625171450689254
0.8028801498317697
2.4020317320518663
1.0250653123249869
0.9759051426760037
2.253584931613661
2.1623265772349396
1.3573374509314795
2.299168055177004
1.2721198150846977
2.030633687777344
1.437606022903928
1.4460455886238432
2.097269537260617
1.7985246827615982
1.746388384362639
1.4406330688236777
0.8882724700190032
0.9274428312497924
1.8685551154027444
2.032386612074601
1.6000175063078086
1.174579059995353
2.49800155697086
0.6530310641566046
0.8357004549124649
0.8692768109101658
2.2991979920571826
0.9981769730880152
0.9952910304563403
0.8490942635337282
1.4736610833706085
1.1765624613326289
1.557383880264017
1.1231811679035606
1.3804276530545483
0.9213541155467986
1.0324646150646886
0.7362070074615614
1.9992355136894135
1.6127500351243442
1.4625040099053834
1.960576234505252
2.1845864417412972
1.9113219756870166
1.3381146295730917
1.285556490187702
1.0217598613057062
1.6160542814442604
0.8735935368812162
2.0935562433684254
1.4458913137818339
0.8052595840145458
1.546365466416826
1.3334926726064196
1.2713900275022467
0.943087147110923
0.9978858073495538
0.5351899429146427
1.013146472843865
1.971894625640921
1.639455339703734
0.8952207576351581
1.1266279697303339
0.9604929851637443
1.9998591717437124
1.4886842010290269
0.7602062735678174
0.6309996115099081
0.5666829719284991
2.026174700116445
0.781833317231247
0.5348881020300524
0.5010827219292564
1.7900487658983053
1.2836483802669356
1.4890514050951085
2.3667084165762278
0.7426893159804122
1.0401227920188711
1.6786654643319057
0.8718510701555242
1.7022138947737815
1.4346474643715101
0.5016042119174497
1.2543014487685378
0.6292835340588323
0.637163356059729
0.6776742087871652
1.557035649688999
0.8204508309126175
1.3365347606606104
2.1836541574300314
1.3185292475268198
1.3316711693756993
0.9400511797197686
1.3453139739350792
0.5895505231735936
2.0084958533550195
2.1747985617516417
0.6811419702922807
1.5069715315730403
1.0800983491865794
1.3620490453087997
1.552304731066117
2.4261314174917636
1.1858591992756486
1.460829496897479
1.714673723641896
1.6096570193241178
1.8014840937960976
2.4003865668576077
0.8421150677818801
2.4293045213679942
1.722242132202311
0.6702191176013166
1.2537188275300066
0.8301526981750258
1.6954856084285659
0.86236299434386
1.9080610541201604
0.7434820144132375
1.1781774569928425
1.6108924367950173
1.4473303011505831
1.0212092982244987
1.647818949848254
0.9996245674506479
0.638696220203403
0.5943370712533571
1.5539776702681627
0.9332684971838736
0.6040909116835385
1.5633892620791519
2.227487738682777
1.9458272287524525
1.4484397904956556
1.6017022832617869
2.4257812732525843
0.958890041741447
2.267658581869469
0.591276399892648
1.7027887866814881
1.2919242372849733
1.3736427474050426
1.0602603683592986
0.9339387835502162
2.1905895895689422
2.351317537733679
2.2948744773362515
0.8788430551319064
2.023099931559077
1.2786751551389977
1.4922190870722039
1.010729926227725
0.6995793421164622
2.288987447610155
2.364613404411207
2.398555085564851
0.9879216614182535
1.9496788730126167
2.1106224353545358
1.3509669284508594
1.5921778580997206
1.2728683104018896
2.1847592361223853
1.0832946514142778
1.8704421922535301
1.4285715177771707
0.9615222223365505
2.0388624906080604
0.6160291978421195
1.3478746273480462
1.4099025589321372
2.0078428961430013
2.470441623975957
1.805747091330626
1.817878179225843
1.238846181063325
2.4325266464575477
2.1418405976484713
1.8778336387167474
1.7155513553942145
1.5226738440921233
2.236106264846942
1.338980707680592
1.3646018051220181
2.089880722868865
1.5037236267197756
1.697246003790851
0.9238460600716123
2.254617252592202
1.9083086968899747
2.1534419600800847
1.0969781843816913
0.8936824894378543
0.9812865646420263
1.1301281490224693
2.0359325742501113
1.5100747159901546
2.4720315409151508
1.8771643111366887
1.5434776904718555
1.5101404432544356
1.7997004556132903
1.603032984059491
2.131003402770418
0.751779974215514
1.4601491994653881
0.809784932086935
1.4114271340193056
1.7470322192126189
1.6382885056923238
1.0639369720122211
2.125770182771551
2.3049082288353993
1.9061082702230059
2.4030251730721317
1.775938898388055
1.3306153620410126
2.223143161462105
2.0190561118139243
2.3172741171973503
2.212713730083608
1.6658662733837244
1.9294351475803435
1.1557826302117644
2.0318616605196294
1.4648904373079092
2.4135327879569433
1.6483478099839146
0.7669361424907752
0.7687668925550564
1.141282090007846
0.8674582522747896
2.093252266735043
1.0047739851857762
2.135015885956294
0.7632531570739833
1.8055018970848604
2.0137313203860394
1.0207879663649173
0.7598235146317727
1.3515018365469484
0.5501986844706825
0.8807595808655038
0.7178852956238178
1.5063153853273445
1.3215085665227193
1.091318004847413
1.0450778583615477
1.918286066161515
2.171560898200566
2.0550901846953495
1.3470801608730527
1.445170293338255
2.0548648994285843
0.6224402240266056
1.880863338422624
1.259668453559346
1.8871924597003122
2.1259698076071247
2.3732344126740643
2.359232412245965
2.492796697677189
0.7997707248186232
1.4929045368412517
1.589223751367721
1.792479895767434
1.962394168149222
2.0800480468334257
2.0664536297713463
0.546804033861719
1.6538277065002056
1.799573355833464
0.9225949378522371
2.4754204910790216
1.7790074953790431
1.6722214237960542
1.253828523143186
2.2279089451190464
2.0923969589910096
0.758287005545605
2.4959134475341385
1.750001414343637
2.285751498247886
0.7427832705909991
1.8760127871963364
0.9424641133308298
1.2753944217707545
0.7110703016567883
1.1537723225409433
2.0800524221492718
0.8691855266906263
2.383977035229101
2.34978831953287
0.7933968950045924
1.238022267772465
2.3868239320011284
1.5565254985453314
0.5243844636029431
2.4203858788460724
1.5256065409589108
1.9122538718806048
1.4636219121473
0.5021798952902476
2.1459054765490047
2.366218259417023
1.0427570660151348
1.1425672490939245
2.012919417853735
2.174476518124007
1.3961177895594181
1.0763657024611115
0.8983904025325993
1.5187708530234187
2.0549889792626397
1.4897432254197314
0.8070919396186182
2.196655177982633
1.0746963907370863
1.5058773838045938
2.4749707060255233
1.1437261403575647
2.281684153226919
1.4385970810120896
0.7088502552683908
0.6131964060889341
1.4590251490590884
1.33166237497536
1.9566321821082746
1.0000028128535348
0.5447745233083241
1.8430272859820909
1.909009897680289
1.380167646937544
0.5337972304119925
1.8974059628268602
2.1201868748705937
1.806346350566275
0.7890652715318935
1.0957944335029848
1.8540701984870547
2.456236888068014
0.5938302946097569
Running 800 simulations with 4 MPI ranks
Rank 0: 200 simulations
2.1806846291359863
0.7995755725218374
1.3016518958216237
Rank 1: 200 simulations
1.9591613693016237
1.6422366593912703
2.334722236038535
2.3749384972599685
Rank 2: 200 simulations
Rank 3: 200 simulations
