==========================================
Mass Fraction MPI Run
==========================================
Date:               Tue Sep 29 19:50:39 CDT 2026
Host:               ac047
Array job ID:       2174293
Array task ID:      3
MPI ranks:          4
CPUs per task:      1
Nodes allocated:    1
Python:             /scratch/user/u.hm357857/.conda/envs/comets/bin/python
Conda environment:  /scratch/user/u.hm357857/.conda/envs/comets
==========================================

1.7572069024030152
2.115589262374189
1.1507785557753996
0.8788811256851956
1.0326270660781385
1.2423725015534313
1.5371787626338802
2.00454010461607
0.7000531624972397
2.222334028183039
0.9198354345483746
1.7173508875062546
2.2558087673906213
1.366149352228295
1.669072993292361
1.153881656703893
1.0612586119424083
0.9955280166229037
1.4319861232355635
1.912925411451367
0.5646985608570985
1.9466293198139168
2.087505829388855
0.600219687976598
1.2776797739407733
1.5487216494567682
1.0674650789694204
0.6150844673103351
1.9645172914848628
1.7893615940964795
1.5413724724673852
1.022236594950536
1.5902084431449568
1.310119965906057
1.8549757781974199
2.4343941868920664
2.0049404659787164
0.5678724685937813
1.668293165272042
1.2573922632472054
1.5065764353274624
1.8156746931583883
1.5179186660328419
0.7946686086717614
0.741116865925451
1.4593812288448544
0.9451387075652313
1.913997902803364
2.438518537834351
0.8366171394538178
2.4868842564613898
2.113652762025302
0.7768239689419671
0.9500666408093985
1.259337388390834
2.3154078836069205
0.6728163694082503
2.186095573044364
2.013660051598594
0.7149251940756265
1.6415264070282238
2.0128829877738714
1.2099746706698618
2.4965002003781622
1.6233238764877709
1.5387881412365019
1.4561384030384412
2.139627944104406
1.734985036126807
2.173339198035699
2.2731949620631537
1.4688821200136195
0.854908029794414
2.17947948884748
2.2916088686460725
1.9164036951421455
1.3683233855567698
2.170254877893724
0.9291438861767889
2.197824011416121
1.9243079248986463
1.1026969996061415
1.0196769857165322
1.7656566009401171
1.27708636522365
1.5027156310662495
1.2995394472938249
2.027319701455681
2.0949744809803654
1.4706024767634722
0.7121117175177243
2.2009370642914834
2.2048493936359908
2.097698690436525
1.0613727651079337
0.7878074053402191
2.063976757019534
2.3490941572013284
1.1484861645852937
1.1337042785285818
0.5708180831503848
0.6050915698822001
1.633862178222749
1.1734667663698253
0.9995080289757565
2.443288470891843
1.8895624167493772
2.3251665535662727
0.6302516012893393
1.950567168116716
1.0366833295028808
0.772182863014711
0.5920578057381507
2.3144587353892394
1.8871446413340731
0.60803408093895
2.198754730274026
0.6439770001954994
1.0754504466825234
2.1040697988000048
1.8685068795713962
1.9690011717458271
2.017686073476421
1.4332853931462408
1.1239011644355075
0.5920149734275884
1.4481100113855114
0.5624422084891791
1.3708973219577487
2.123173833470071
1.2942253735951812
1.7633265696755578
1.6257980720565905
1.9442291331196393
1.842820758691502
0.8012118270122055
1.3461361558244616
0.9600190692916983
0.6710227744700068
1.4463309541609737
0.7135525390808874
2.475995808541751
2.1263336133055777
0.6070193759852229
1.9644134311798376
1.5239241341598007
0.7004779343322962
1.0541679522851417
1.5033258712644182
2.4696988059861438
1.734033373803448
0.5436445750128895
1.8926007076712876
1.445039692036415
2.3046658677891108
1.730707098796178
0.6331419218058933
1.855506417787062
0.8239811339728069
2.4651331721992102
2.118324842224019
1.7342098703410853
1.0898273069248452
1.904072469063911
0.5839826992536077
2.12646227358686
0.8070370653420773
1.8262174354853193
1.2777743294027053
1.6369321919120532
1.591092385337503
0.5355362749977761
0.8458507406188795
1.1128445737218295
1.9566700207197414
1.941666309530655
1.5029409440128114
1.8751340466654842
1.868340923451938
2.2648360294275562
1.2408142789055605
0.5270787345081487
0.8716148282577689
1.6824230471000934
1.49582239334092
2.3662580201296315
1.0167201184673433
2.4247851457133742
1.6915200051399601
0.7615501662626689
1.7099695954798495
0.6185294139396129
1.1706725632513648
1.772096819235386
2.117419033125101
0.7247700948577638
1.3661336472668775
2.3350376791676046
1.5435900837850756
1.394848775384742
1.5912701040441617
1.6448488563655028
0.6201479493357596
1.1353898896610242
2.165294084995188
1.6129968910072066
0.6459852890311009
2.2847932063252507
1.9855187183670242
2.351600928581508
0.8901837214684398
1.4420154450004268
0.8051877959843192
2.0899214880493933
0.5639820955454424
2.2390746894408693
1.602971143037561
0.9288106757199162
1.5650467250895408
2.2856381127982877
1.0161011327571703
0.8336073721416719
1.4606435709607506
1.8530911814012725
1.7192837337181701
1.0492605013497398
1.766183630622971
1.6883147479307237
0.9948321998649088
2.4285207679760425
1.4211071734321077
2.037953550203887
1.369728624697118
0.8237973840251716
2.089065657733604
1.2576543001113094
1.027051420793896
0.8444688025473945
0.7484376556964054
0.7266807074643842
2.4476482633184498
1.5454663011098855
1.15597532400495
2.483944566549487
2.268264668977229
2.0665015933862922
2.1487510149224205
0.8526539435521046
1.1930911267389261
1.2124111596475906
2.298267772715568
1.4749394645151022
0.825772460733107
1.9435992069871961
1.9431547642897933
0.6427012159393188
0.6735973601288778
0.7904939558510258
1.0927335152897708
1.2574762180345807
0.6025896328268274
1.6497993937070918
1.7701028050829666
0.9501553742926654
0.5029743871830616
0.8139918749757731
0.7724043619207948
1.5329135587617975
1.7145737509814123
1.2248533320429105
1.3640573270399052
0.6011850746124618
1.4887167143773612
2.435068953173407
1.9083643841171676
1.1702529567126223
2.0735814325398603
0.666344934976135
0.5325495300560765
1.626363387718547
2.0359169357860347
1.5071153256851384
0.8297900187991194
2.455264987773305
0.8059938914253382
0.7708210889900524
2.496324486338821
0.851838802962936
0.5984730060592474
2.4969491487647733
1.7136644998000898
0.8345251635743944
0.9463922762211556
0.7753992342531217
0.8451711802275914
1.151836640214698
2.1303698693180335
1.1830860696106087
1.9066354303718955
1.5815524207975813
2.4763075893098208
1.4916389095963782
1.8211079274786803
2.330666969745275
1.157348935062309
2.3572644204147575
1.6178329522319432
1.502938502103857
1.6153366523245627
2.126811930105194
0.6663082032092005
1.9973809789830668
2.108599019291107
2.0953549325801055
1.8507369694217592
2.0179927222913445
2.181324684982994
2.2037132333466136
1.9697828726158193
1.8897630760586215
0.5197037633776425
1.4966889182516205
0.5957072110880111
1.3322480858559889
1.7017942246244444
1.8965070932498427
2.4551926942264144
0.9411541475315872
0.8201471640748099
2.3735468368015775
0.9381755544520232
1.4918016130239644
0.8655957400031833
1.0142995314395458
1.1385345381122607
0.5560446226571603
2.0980854750706657
1.2720318055421622
1.7366254601356983
0.8387558619553797
1.4827105922158537
0.9230964813318732
0.979307059539138
2.169448831103615
1.261037722680606
2.1570119203066955
1.079719627353562
1.6460243380670991
1.16824736948666
1.195978762641521
0.801848485104554
0.6677424429212104
0.9810694597177989
1.0242520795309114
0.6537540714052552
0.5055420646245314
1.3459292612559908
2.212071404902601
2.488923745090113
1.01792235086726
0.6129678583374008
1.5706002096530023
2.2785953478331034
1.223797413091543
1.0153534344888342
0.7337833955225053
2.3647822500322464
1.928768886188461
0.7500936493466994
0.5338364605207477
0.9232018608991179
1.6985368143812773
1.6482829804237982
1.4595667531588423
1.2298132238627213
0.677548864989143
1.1715891655590596
1.651041837806146
2.2487399484687876
1.4010769413030266
0.5576872069449288
1.4160567663926926
0.9635315294613536
2.0243874952003527
2.2384155370751877
1.4476935082133977
1.6064525484962207
1.5578472751621792
0.6884924832780892
1.1775032660284528
2.207648240284267
1.6698810846245067
2.306470408515201
2.2967140470221965
1.3753942438978195
2.33024563616381
0.9459779594466378
1.2684527581600835
0.5041874258720458
0.6312545754979975
1.768600750203151
2.3974821906453405
0.8209043251136865
1.7848147790381992
1.4460586184117121
2.069063296016976
2.1126132745291653
2.0022413207770806
1.8805528920306775
1.390858786459763
1.857536799349848
0.9086589706767203
1.5653618214808713
1.0462482032673468
1.1582545305867231
0.7489399196140785
2.4263395546288935
0.8542430470295115
1.1084513809598362
1.7897012327037887
2.1313031366120354
2.2128585721770806
0.9492638782885452
1.413459752429624
1.485982274632844
1.4258228088322278
2.100995506453221
0.770111380607587
0.9391900749926758
1.1027298524399822
1.4157914269279364
2.203881234678619
1.0437007655801365
2.2313246132913767
2.0537952220462423
1.358029201856548
1.6377697431024505
0.7660527603790066
0.706726555621938
1.149092594559123
1.7815783087183623
1.1328745669195204
0.8076914255918686
1.2955917654457376
2.450417701197537
1.855656242288653
1.6557214224421157
0.9283269408884238
0.549683316270041
2.3381223824088675
1.7931770166773253
2.0564484820133924
1.8425009285753338
0.6648797919055298
0.5097387351257603
1.7984550483186057
1.0760087776939402
1.8729571259870628
1.4545998649727994
1.8966702858169704
1.475964165348741
1.8372636461144103
0.5721985021731397
2.285516404130572
1.735053348694418
1.3031030298859887
0.5454669995697679
1.8972553257754006
1.3930176133107643
1.5174420080392084
1.3887437199425303
2.2967575977801626
1.4417572896222348
0.6330885141985365
0.6814018919285596
0.9710562288890323
2.125107133606517
0.5571824158803744
1.7927969246040276
1.0476891820455712
1.9649538328230363
1.0688640990093494
2.4046519813304057
1.8855592032084094
2.150798707795994
0.9593652257871346
0.6745622700887646
2.4662651805090903
0.5044293352386653
1.5371794441525555
2.373172439586944
0.8238774407212319
1.4997205358748924
1.4488643152674832
0.9712128949316543
1.7122945407554162
0.6369431225538826
1.3526478218278555
1.300905779298881
2.453345995646547
1.4231477648541064
1.4785399531429966
0.6756464733223537
2.0027825269530366
2.4143112791661343
1.105884951589721
2.06921004188662
1.35380596209527
0.607320419662396
1.5690506466825596
0.5252463257700821
1.410927944094479
1.0578136851879645
2.120136866673879
1.563556050445711
0.7262144140934912
1.56856654306953
2.110274932728055
2.4369541804901713
1.5576339214209034
0.594568209170766
1.1599557547586434
1.4241817831063934
1.3498348416378254
1.0802093925120304
0.7112711391662203
1.529021015922749
0.5098582676109655
2.036521048651312
0.9271842923065123
1.2431789331638239
0.8756707286468772
2.2916194116807853
2.3586949114426803
2.499933092107761
0.8570617317157387
2.26117162111119
2.2237421429613056
1.0731130310187398
2.305535984770898
2.360171812654248
1.1406996592329888
0.5852490216264488
2.382556532030445
1.3835874201529994
0.5529877946586377
1.0784124272854958
0.5649097230724889
1.8524619931392012
1.4948254229278377
0.8085751814947426
1.7357721399243151
2.2761839249603852
2.2363661182302623
0.6749501556965274
0.6747508175470136
1.5703894396921037
2.2844275596940955
1.3589653307721097
1.5139163687915698
1.9607461950958667
0.9637678402714243
2.422191732179858
0.6419934355974959
1.1464162551973753
2.091041125685972
0.8055608497650408
1.091444971270159
1.5034070031889422
2.240257216691109
0.922827534297262
0.9890730335141775
2.3057257359454058
0.9572821785000063
1.185196787371637
1.3743758717247267
2.4493342089924264
1.9794789811170623
0.7443963331912378
2.0886418271494502
1.5952934107997547
0.61542677396708
0.9562516654311695
1.1988564545576461
1.3704544031223986
0.8981491783848734
1.906520075812226
1.3154785072842015
2.0681794781180374
0.5276892979645025
0.984801241689099
2.360136407132046
2.485301105416075
1.528158334872713
0.904122769937941
1.1052318590764587
1.0072194191857362
1.417566094890978
1.5074488887659785
0.5963987944483189
2.3004801007954088
0.5279614437179552
0.5835942029962031
2.326947706564636
2.4143737745703633
1.229135175459222
1.1974137109561829
2.2008299751622387
0.9469445058503314
2.0168963318836095
2.362655887607257
0.8225621693545546
1.3419291649925384
0.7368073777151145
0.575358107179575
1.9043913592151998
0.7275292098876938
2.2475287985847188
1.3734738992718825
0.8949183803998748
0.7681028296884809
2.010675175981327
2.201359730593981
0.509368218861652
1.9344795743413488
1.5062067803178942
1.2334599608342691
1.2567910762075445
2.2613667179818178
2.378009101089306
0.9495833061638941
2.205140023219595
0.7750698219557675
1.8694747984824076
2.049147875034334
1.6843587294286422
2.2823850905376046
1.1005842982261282
2.389166026606489
1.2508116445592727
1.1261725093350512
1.6376116539952805
2.4867146057699965
2.1612767425702843
0.8706706183923454
1.9732110569144963
0.5573671100100639
1.6807644048343378
1.3223207829860284
1.556210486921273
2.4554415911615832
2.0842659319127232
2.2225013090017787
0.9209689419036806
0.5866603836235895
0.6903744913820584
1.3214745670109171
0.7485011222153151
1.074516437450798
1.2549482726975085
2.382594165610892
1.4833458543448996
2.431431773113794
1.4889572583773065
1.7578159350033948
1.0186861324317051
1.0519925399773666
1.000719115570032
2.2321236444006187
1.6612904661345065
1.6270220820386023
0.8859377174933158
1.5103341238782715
1.3002221132547962
1.1839449990560162
1.705324261745803
1.6565437643634469
1.33212701846263
2.46370749696621
0.5275643226464128
2.2914820040224555
1.1313645859221673
2.230609796569291
0.9044430426205179
1.5804080886794327
2.065601120698013
0.6438064613443664
2.2961863849209356
1.1273228971271074
1.313648945894677
1.6524205049684817
2.4275982535952223
2.040042095326746
1.8986241249979168
2.225454118545404
1.816701967020008
0.5883085584703376
2.4664918004409886
0.8906045896657624
1.0442153046521931
1.280756395439955
1.7290193590151637
1.3694422101424362
1.979130145965345
1.40215013166706
1.7356432262235029
0.6988224217303254
1.1403312071270062
1.4517653284065781
1.163218651412378
1.152996702450615
1.8387304247893526
0.871344482046962
2.2776455613084097
1.6710471890344571
1.6886699501372202
2.1686343807007247
2.204771539426715
0.6724625123578449
1.6641173954583088
1.7031418973876966
1.5200375760366962
1.6783708784704763
0.5729320328218337
2.4280404360894137
2.476934666529729
1.344215535731481
2.0563496103299004
0.9041873753354615
0.556540270689964
1.7711394111288825
2.0821930637895476
1.7802028421935172
1.3467280874820935
2.4961056737826466
1.7186343707878329
1.493310345886299
1.8845042656649256
2.4841146310073654
1.3787235472177117
2.2521380135114217
1.7607113083964276
2.3231316786390224
2.061974092805834
0.7380072316773245
0.8676073010984893
1.4253523201547191
2.4819522502733773
0.5581658566153278
2.308087697521329
1.657956854673672
0.8257793471820014
2.3916474876644225
1.5898741374865273
2.051934493570103
1.4939180458378543
2.4261748660717233
1.3584449251591708
1.0128173802338192
2.0185661081200816
1.3582932437343074
1.2646009451607787
2.029446555972103
0.5941575824498448
2.1542511608704906
2.4181348031329493
2.4756264694218633
1.7031213553009807
1.5332916036414688
0.7386424623645682
1.2079249260006166
0.8339035447025396
1.5984107433366852
1.6730707764795945
2.464580223722866
2.4979414157801525
1.9736530860968342
0.6745948178062156
0.8246012554530011
0.6119795887638253
1.036391271256807
0.5086814707220191
1.3984020162314412
2.1288542482444472
1.1002187799259926
1.7003185909720353
2.2880860361377016
1.6383867315595309
0.6126603660909156
1.7575436556432706
1.800292097710229
1.6193510665570163
1.2296347651154174
2.118013735319901
0.8224506657407289
1.2716996729504635
1.661542568852409
1.487112702151852
1.235816602327969
1.6969315545098835
Rank 2: 200 simulations
Rank 3: 200 simulations
Running 800 simulations with 4 MPI ranks
Rank 0: 200 simulations
Rank 1: 200 simulations
