==========================================
Mass Fraction MPI Run
==========================================
Date:               Fri Oct  2 10:55:12 CDT 2026
Host:               ac031
Array job ID:       2182566
Array task ID:      0
MPI ranks:          4
CPUs per task:      1
Nodes allocated:    1
Python:             /scratch/user/u.hm357857/.conda/envs/comets/bin/python
Conda environment:  /scratch/user/u.hm357857/.conda/envs/comets
==========================================

0.9734400234074384
1.1540864194062763
1.0795562479307153
0.9068102934531987
1.1072939782355253
1.0959167684257358
1.0798109960697135
0.9461596182578325
0.994938452147939
1.0202400869549575
1.0092770787099454
1.1270069361137383
0.9831872986417237
1.046150719486748
1.085640310307618
1.1540782660089128
1.065349528001677
0.9258718869887258
1.073484365184723
1.1721803861659374
1.125508520591509
1.0839804929578438
0.9679516426606675
1.0763444509874922
0.8766112289486424
0.9795138564225305
1.048754029223491
1.0454445642002583
1.0363781207752139
1.1607888945185754
0.9602469766502175
1.0937862974868038
1.0969827480551124
0.8800273955585681
1.1142545074586008
1.0005720179692967
1.0064287711752762
0.9405667425514812
0.9799190853008504
1.119433226335998
0.9956919635322887
0.9742271472958668
0.9372219589640867
0.8840149277771776
1.156936262946533
1.1351886206694894
1.0805673401721203
0.9840292820017997
1.0221780064443324
0.9594429400781694
0.867248707024337
1.026838130927051
1.131746923516063
1.038790663610803
0.9363773128238853
1.1149462523698146
0.8974307572209441
0.9115184768824229
1.0346893715588756
1.1151709679630843
1.1474498017066523
0.9509575972316221
1.1103913200250628
0.9544884255117574
0.9805662160730374
1.0802004124982065
0.9598283327741206
1.0287021648137082
1.0375909023193814
0.9614397390704856
1.1751233133103076
1.1422791296195456
1.0652661139768902
1.1766460844832454
1.0591856375033415
0.9629737915766242
0.9695524925903289
1.1571952351287669
0.931319230712787
0.9471550854243521
1.138180373585096
1.051924347986451
0.8640799464269799
1.0042565095355607
1.1140572822743833
1.1162872167965128
0.9269934975212575
0.9489365511648975
1.066418312655745
0.8898230173874161
0.9225990669001677
0.934026184718182
1.1065486129021074
0.9338390148076047
0.9761447780310094
1.107963876725438
0.9878344801611931
1.0786520237588793
1.052085669922947
0.8632668862747714
1.027363062184633
1.0050666794660101
1.122454234322407
0.9026984889640844
1.1023711040523807
0.9640029386203532
1.1306322591025004
0.9046263906709762
1.036047196147023
1.0447125905058467
0.8607617834105128
1.0409836092721911
1.154942096655922
1.1524868890698314
1.1323296784141985
1.0937075937481864
0.9385397150970602
1.0032291518883063
1.0147870161119192
0.9674007759001586
1.0968139254279268
1.1444874190347054
0.9016222268537516
1.1289149864183567
1.0710687051180243
1.0592576974522583
1.1221042434871684
1.0186516083697397
0.9793434733820722
1.0805583950452209
0.9624142142628198
0.9285006346488728
0.9536564688008938
0.92352148811917
0.9313138043134366
0.9621505584414123
1.1773696683479977
1.1410818672800702
1.1729898792141056
1.0575690628119374
0.8678613608848966
0.9230139341532305
1.0981208280446229
0.9817035005994333
1.0822880118409244
0.9975234055770866
1.1490549594948396
1.1703929909704256
1.0183937966936711
0.9566088999226606
1.0863324793421087
0.9655892992775409
0.9047016255072259
1.1423966163196217
0.8944901269122036
1.1534131135307524
1.0809063001642474
0.9588544471552306
0.8890540655651991
0.9472150129240253
1.1714718242682458
0.9884638101783985
1.17972430520726
1.093080699012143
0.9655963765893378
1.0590221567270683
0.9023335422495445
1.01767215205089
0.9041558118372653
0.8972459461071043
1.1221528212121947
1.1112188190438688
0.9283303235701759
1.0397453064775874
0.9867721349243936
0.886614526879901
1.0633289033943716
0.9385315622289434
0.8723475665514513
1.1192392667895357
0.9073678239035919
0.8884010717110736
1.1216767315680847
0.9466114726815652
1.1403333387604548
0.9745160667828433
1.1215938660270406
0.9241287430905558
0.9154796047182218
1.1713043655182664
0.925058204847658
1.122900330069934
0.886795437186547
0.9895638337436296
1.0571997644485283
1.1710251151269668
1.0954597574912042
1.116203625292065
0.9438942199205477
1.0004996526931973
0.9689287577442149
1.1794455532516581
0.8897087944071488
1.077669631089462
1.0902043650772786
0.8607666232652229
1.074655718642378
1.1545407324231474
0.8762178382642832
1.0093792623811448
1.0424227475302354
1.1296527884841818
1.0637043278875964
1.0024067986233898
1.0340601078782339
1.1496473849242523
0.9039553530428047
0.923222475028163
0.9575282871554032
1.1064773161879482
1.0852822124740416
1.0136442246511004
0.9249784848053726
1.0198421974487024
0.9064730015500735
0.9028157828099123
1.0540522471687797
0.9871797087933712
1.1497497834948576
1.172597857263934
1.1233404918791552
0.917812772587155
1.0104230416719846
1.1085830706995121
1.0150412082547233
0.9085801617814148
1.0049078006996353
0.8716847377176821
1.133235327779603
1.0704215028587933
1.0979480332106966
1.1679345273254282
0.9679591818381211
1.0857417899590647
0.9634755136314133
1.1353709409439157
1.1775055980935436
0.974018335079764
0.9604459628177933
0.98870975801826
1.016112520900646
0.8787667877846105
1.1638707946403728
1.1154096854781193
1.1774016619008756
0.9608349499909438
0.9711000259076044
1.126930760795093
0.904152290185176
1.1588386597230027
0.893772330110513
0.8893555723175224
0.9426568645994998
1.0795621941506537
1.0266085838503363
1.07425262555935
0.9186013599201729
0.9982643258694363
1.0647977973314402
1.1123293110768078
0.9259669632243667
1.075699775571936
0.872077171497718
1.087135269306303
0.9309762556807163
1.0632660888606495
0.889138775365657
1.1491924740900248
1.0412068648106583
0.9070077541068182
0.961852920034229
0.972605464294869
1.1076320307397935
0.8769168985403376
0.9187591976607683
1.1269847010642713
0.9333628756623081
1.1636518084171552
0.9747148403463428
0.9021517428122363
0.9685916151060479
0.9816725919798556
0.9475518569080899
1.0769927576965304
1.0232637359840204
1.1710963929741964
1.1464351319682116
1.1461387996264545
1.0302008108174283
1.1217116729959549
0.9305898127653197
1.0542248029259502
1.078990941360327
1.120152464329385
1.0782005615639214
0.9056136110554666
1.0283802170228649
1.0190392179712169
1.1465680105814986
0.9157874813597829
0.9149727510091308
1.080153438385345
0.9617919554090835
0.9672278397956289
1.0816972875547772
1.0274799751423984
0.8764404944557223
0.9991242121405735
1.1036384304074114
0.936384619173415
1.1605904671054277
0.9806280792314679
1.0139490601834744
1.1721415570951086
1.0120091856575106
0.8742791880745578
0.9668039331853165
0.9372110902626202
0.9345629021971318
0.9179558233265308
0.9552707595551734
0.8801796846573738
1.1612604983536048
1.0834055126042543
1.0937735520497367
0.9961592013008207
1.0241831735837903
1.0062592791701994
1.1603966478643672
1.0532763912358518
1.0471483998625517
0.87916853467251
0.9535978972651336
0.8763366310882581
0.9792579076929756
1.0280540845230932
0.8648630315828971
0.866975983141237
0.9054803955274823
1.0370780482014355
0.9958706792629924
0.8848393179829376
1.1548930696806097
0.9811695197459783
1.0064281506841024
0.9654608308618837
0.9312888514894105
0.8806509757139941
1.1334401237272709
1.1521820683807613
0.9702958413964267
1.0451183070350627
1.1346557731327422
0.898602419343351
1.1365035461878226
1.1801575172674028
0.9308010934332813
0.9382728181119036
1.0740082528969486
1.1090779820721839
1.1595681457904947
1.0568085055545378
0.950072902941884
0.9220910197912388
0.8774942000634864
0.9744966689827211
1.0194512862547866
1.098849954330619
0.9629232311758901
0.997074552377557
1.1196179255083303
1.1189649403226174
1.1084496206615138
1.0271773121471695
0.9939157930039715
1.1436619969920292
1.1412176181691136
0.9746079323895833
1.0172857261110746
1.0156028151606722
1.0846746891348584
1.0473031731461393
0.8658207182637905
0.8650716246554546
0.871074897340602
1.1578641731866073
0.953345790438084
0.8769531259659705
0.9796162174102667
1.0909891887831489
0.9994277186815035
1.1007420853289511
1.1018808873172479
1.1431398220855502
0.9047845578545253
1.023434433236961
1.1391688555642232
0.8961517130023918
0.9447010611565574
1.1013320872055525
1.120879423636802
0.9304957988304894
1.1326730870814865
1.0705340782590516
0.9649562261065594
1.0837815866999871
1.1699452878843664
0.972531311908492
1.0294687043599053
0.8773924226271398
1.160729603706702
0.9293852870167508
1.0967778743915064
0.9284563574941427
0.9178412911441736
1.1137833471699732
0.9338028014733561
1.1343524941218934
1.0296073887864887
1.1287675107048587
1.1288599577085636
0.940336975351866
0.8826193112836185
0.9284503519338343
1.1082435812762133
1.0738223290590494
0.9337549883462822
0.9835080999309426
1.180103896197269
1.1508007569739773
1.0323316522110482
1.1115346807373978
0.9892393698157123
1.1707553441294072
1.1350445084048433
1.1099218975007257
0.8993193048123049
0.9085944900251298
0.9991877400253111
1.1668551967398906
0.9514896249402067
1.155714474879123
1.050538584879557
0.9480912502887858
0.9476642613505816
1.137936680810736
0.8891016246519825
0.9925413986124455
1.0078018033697855
1.1413610015748656
0.8871635839333474
1.1507565034772804
0.8835665444776545
0.9638223632929438
0.9201701573229788
0.9494558758360615
0.9860340581170631
0.8929970360191533
1.1448021507322808
0.9117573386618955
1.0971476566279126
1.1149964431038062
1.1758029122556044
0.9072904636336383
0.9231733117612348
0.9937642459866327
1.0631129146137908
0.9916694308094443
1.098251525576158
0.9255254914775619
0.9522329999425613
0.9767042387634977
0.8909409085004647
0.9878771483575095
1.0879478839631298
0.9814835556573893
1.1286930963137785
1.1308817522276957
0.9584624705277367
1.0847854827346295
0.9730095637667745
0.9099296849654845
1.1767349409525294
1.1314512167065272
0.943383051702494
0.8880779098130915
0.9372075694080751
1.1402626426056433
1.1009489052278116
1.0568628369871533
0.8618190735714635
0.8842831352664461
0.9593866036635047
0.8974086918311649
0.903915490364866
1.0756217211979797
0.9659155281966059
1.12888385285566
0.9805529666811554
0.9955981122154782
1.077506974850602
1.1163808246016793
0.8840596681574792
0.9632308731774402
1.0741610955828265
0.9598769526902737
0.8875174991376198
0.8614837953423098
1.070757864132543
1.0415344468772647
0.9784970843254603
1.0183256489074393
1.0361056583044261
1.065546167362941
1.069666606694024
0.9402063951445624
0.9198953993164632
0.8633804215747389
0.9153257762054983
0.9014992606203931
1.0566372925209704
1.0792767601318385
1.17293559421942
0.9201487410126675
0.9511885519594407
1.0312504969691496
1.048042868941112
0.9834663316525084
1.0568194481688804
1.0748104865531922
1.0394579006222013
1.0182321965411685
1.175892990772868
0.9044442207975715
1.13790089816633
0.9957362946268603
1.0993237216795437
0.9542979176943054
1.1473082987156997
0.895260728713502
0.9964403614497553
1.0060037831445285
1.1761171700851831
0.878663748917681
0.9037168851601812
0.9103497639036359
1.0192403735063444
1.0143717096075222
1.0399504504722124
1.1362057374539227
0.9846195451405122
1.0916050754569975
1.0947995219789144
0.9568528010159618
1.0223886492953183
1.142895182398385
0.970061233088602
1.1440992098324276
1.1570581570921732
1.1069018493923382
1.0638746415799163
0.9890205296443801
0.9488754415099397
1.0880689769683816
1.0984105884077644
0.9193749829473808
1.0987028347204648
0.9056978857465644
1.0670730293833164
1.0646337908204178
1.100204900224298
0.8819872107906207
1.167186536513705
0.9410811673582429
0.9633264117903008
1.125333663570757
0.9156284703084155
0.9061523200235889
0.9244739109013829
0.945372561109925
0.8755301747690312
0.9376826400666557
0.9966083787314508
0.9539713124913303
1.045168659667774
0.9789138425848745
1.0658501662122706
1.0807166077010244
1.0261825660228734
1.1458419454401445
0.9842972782163222
0.9113863446487345
1.1172838728219283
1.07627077678274
1.014391642355011
0.9758922419338705
0.8872183275574353
1.17852490574633
1.0437673993440302
0.9957698274007352
1.115442434916912
1.1355075015504117
1.1649778877465944
1.1590215146061735
1.1558942096210967
1.1270347968571182
1.017949490424809
1.0418358488046622
1.103802849650214
0.9516580533980746
1.03728428773044
1.0699536085873338
0.930984234012902
0.9698028707326712
0.9495669276010452
1.1135703355437587
0.9624817080595851
0.8678526275448524
1.088957414390383
0.9235490002149754
1.1310692601872863
1.0956916077156342
0.974746285471713
1.1654998120757696
0.8703638370125584
0.966583307941128
0.896996380116612
0.997698672165975
1.048721777139319
1.1224645292177415
0.938093157522486
1.177772130513302
1.0328359844697501
1.0596883896111087
0.9458933355775265
1.0357286165963502
1.0878701115338854
0.8797526856864933
0.9945779659099495
1.0686921676849788
1.08805880788176
0.9521069270388227
1.133937587132854
1.140014456410709
0.9074945355280775
1.0755320613722041
1.043493266676601
1.111250402675893
0.962509259467897
1.132650670223915
1.1423794890257002
0.9084359845983665
0.8624407547182815
1.1232026867154061
1.0777079976837538
1.0684218802567966
0.9618156596280538
0.9649567959943676
0.9349829050723083
1.0329733054114667
1.1612259206180446
1.0454386388091053
1.0226405585241607
1.1742541169440148
1.108461784008425
1.0005433133946797
0.9660798441197183
0.9710522377912342
1.0057649947954328
1.0932094350406356
0.9449505217760971
1.0744818175796906
1.0658443371254114
1.1013085575333896
1.14373118221415
0.8663850047242051
1.0975985453959791
1.1551475643565596
0.9998594479441782
0.896173696035903
1.0585337103549133
1.1436349504062178
0.9557888507064661
1.0446356377941584
1.0031514356250248
0.9655059174004933
1.0406976316383323
0.9822515359700458
1.0054137761620536
1.0436894233230678
1.0245908169337985
1.1297124956084286
1.046332660140546
1.0706859317038246
0.9059196232947538
0.9422211025316182
1.0963422313092526
0.990994370616713
1.136891764151302
1.0761907065045597
0.8615830902351935
0.9120345778309484
1.169849828153411
0.9455067832247287
0.9275137206630804
1.0462674402580494
1.1033082068149378
0.8639814558067535
1.1097827953546102
1.0032398803664282
0.8942034659814293
0.9238875535948491
1.129891942960353
0.9687802316399716
1.0675323398283674
1.1452956147894273
1.0620846531356039
1.0235876385460487
1.1243898585495389
1.0206397224814288
0.9214303553713314
0.8680943565993351
1.0330413526375521
1.0843703758009744
1.0120405821601284
1.0735263525717789
1.0836131739895756
0.935656809840583
0.8754740302311489
0.9773088924777141
0.9077464385488138
0.95833351882133
0.8613077857388379
1.1785056696967067
0.9130047074099166
0.9653989724388108
0.8747664263568786
1.1373547234891004
1.0846992140228306
1.1214395801001673
1.1121267283191056
0.9323852403834239
1.0031346240171741
1.1031908985502747
0.9861868364736633
1.1462355189515874
0.9493116041204713
1.1421109350255956
1.004544493419201
0.9403614707384659
1.155569253140523
0.8878152952484845
1.1322939847618376
1.0563451326486883
0.9699450709718845
0.897089311841256
1.0120176290512912
0.994907362063473
1.1159350280436937
0.9447069107397249
0.9954110390490366
0.924750852968959
1.0168515152309054
1.113198718259008
1.1027950839545144
0.9029639376533206
0.863439024233016
0.9324781589376945
1.0009251478143995
0.9854325209455994
0.9350786007313583
1.0336295064164676
0.9408391033572935
0.9479287566678474
0.9877947087398667
0.8788361462999289
1.1728677523962303
1.1646342372467964
1.1435715848480388
Rank 2: 200 simulations
Running 800 simulations with 4 MPI ranks
Rank 0: 200 simulations
1.0808008463058583
1.0397577947759045
0.8877072418335676
0.8998773010542482
1.0122409910285053
1.0281104349188197
0.8929470859930217
1.115780379972887
0.9052196002050112
0.9679695061248048
0.941006360826317
Rank 1: 200 simulations
Rank 3: 200 simulations
