==========================================
Mass Fraction MPI Run
==========================================
Date:               Fri Oct  2 10:55:22 CDT 2026
Host:               ac090
Array job ID:       2182566
Array task ID:      1
MPI ranks:          4
CPUs per task:      1
Nodes allocated:    1
Python:             /scratch/user/u.hm357857/.conda/envs/comets/bin/python
Conda environment:  /scratch/user/u.hm357857/.conda/envs/comets
==========================================

0.9977210424558971
0.9622461260599867
1.2128668808769407
1.134005460305447
1.1975906850117684
0.9845034499867326
0.890347505954939
1.080544471060186
1.084520354647593
0.8478855034128278
0.9838977143767218
0.8673508339462682
1.061352005820065
1.1968931409716879
1.1214398335235183
1.1244528208474454
0.9141012851875266
1.0832001616115152
0.8465318802725645
1.192615605715417
0.84914782060292
1.1528945489171787
1.171970892558548
0.9191330266062574
0.8982057003300696
1.2073066869931688
1.1664698099293045
1.0531490030796344
1.1814891075846419
0.9178999830544434
1.0899001970424542
1.2012835769734047
1.028983356076441
0.9149160146510421
1.054316140443703
1.0035423305204427
1.1532190304796255
1.2153166019889894
1.220831952577375
1.0514485299655534
1.2231586228834408
0.8566637514471541
1.0606101220634765
1.0546336417347015
0.9504982092990546
1.086142058843427
1.2188462262593769
0.916423312724761
0.9315615586933078
1.2008563532856402
1.1809921784508761
1.1461761556104093
1.2207225989314305
1.0054223947995806
1.075669322364723
1.030279127509903
1.173806685488887
1.1591263435053425
1.1438156857657273
0.8671170513919351
0.9354526091422922
0.9759615878698538
1.105908334615844
0.8813170903036136
1.0102823110496888
0.9650772978455051
1.143996255347119
1.1144708707822581
0.8821474332902137
0.9873010492526547
1.0420018251502028
1.1185283435198552
1.010119175040467
1.1968210646929434
1.1471386518122868
1.090650400121811
1.0130167191624961
1.117182639998174
0.8503765467402953
1.0977812709565908
0.8744224026037397
0.9206290145567411
1.064163098687918
1.090865067589199
0.9161270252437133
0.8936288834094636
0.9756255098634838
0.8797655574693771
0.9277340254966232
1.1012151062463909
1.2163073402714009
0.9293343850484515
1.0787819945324155
1.0159301350503833
1.0782739470584675
1.154669368351505
1.1576461678344072
1.1041028263909263
1.0707479255028876
1.160491184157668
0.9126560569180788
1.1152224737919585
1.126617120519502
1.2199603635004264
0.867466458875389
1.1119380957150022
1.0251272789379966
1.0986047372475305
1.0098411123683468
1.0593511405187004
0.8589833431998511
1.1827649819138548
0.9415437884239771
0.9602204102541289
1.0466496608772036
0.9926337065477685
1.0213763633896265
1.0985193248415925
1.1232244716325575
1.184007792067078
1.1058068187740069
0.8885387315297621
0.9748255273717021
1.084473471704253
1.1300584417207635
1.1910762701343605
0.9362944023580793
1.2088394038048802
0.9152805645612038
1.203298679239244
1.059283779053256
0.922403604705461
0.945575598900599
1.1327625622967514
1.1923476707209755
0.956906100559527
0.948085516206812
0.9519561101508355
0.9824472380868106
1.0271117206804234
1.1428404190496564
0.8674798507533024
1.0276423812708047
1.008020608879086
0.9032419545353063
1.0622737475709243
1.1661905449153913
0.9224748072544426
0.9782365403364908
0.9124486808120105
1.0731625690194444
0.992701715566173
0.9818171734923062
1.1767614793837415
1.2217599214263846
1.0282029284551601
1.172700633861312
1.1453240977951697
1.0303121735843062
0.9304590210704012
0.8692665083266817
0.9573777505315411
0.8913845034759077
1.1448303542236582
1.2138704049946174
1.1333821136949607
0.9464807643114616
0.8682359242765751
0.9181400310323516
1.0192054088606366
1.1348748297141942
0.9998247592487929
1.188241497016283
0.9033153605028706
1.1841527166512473
1.2050126924631415
0.9974905883087294
1.1240406729403274
1.0462039104501046
0.8635541313583756
1.1369784201239304
1.1765345202955213
0.8869834005355002
1.2006443326461809
1.0534105725901641
0.9308665239935034
1.0540038634905877
1.047639753788785
1.205201940671217
0.9987587648618699
0.9470753289218284
1.16750070803042
1.0271063520579267
0.9402156134750633
1.0852131403306902
1.0514731530225039
0.9245455306417976
0.894867471597338
1.1660369262628802
1.0562569982076062
0.893838320132083
0.9568075994054295
1.0360183560710479
1.183320835329551
1.1489983338308252
1.2113904667499857
1.1241535641624103
1.0381114114549028
1.0619835026475286
1.0899651131913897
1.0997070035006846
1.1314755090342297
1.1187635754594742
0.9697974864745341
1.2207290949494887
1.1040649642292881
1.0569194389979943
1.1777941054449679
1.0180671537540176
0.8915214083879985
1.0502064110081186
0.8894702911796601
0.8795615067436793
1.1483367757283218
0.8453408856276625
1.1660920366171887
1.064621144766216
0.8627570508012891
0.9961757671546666
0.9343374253914801
0.8875908279717748
1.063822661625888
1.0002466443865246
1.1169454359883835
0.9463042897595527
0.8974839490907246
1.1010808666845953
1.2156432568262514
1.0255038926619353
1.1864195599889669
1.1487999814665177
1.0795372592105021
0.9508215112641986
1.0324048790904352
1.061367509426017
1.097998683525696
1.0856761705650646
0.8551199396242791
1.0780791884818046
0.9856225478427771
1.1509938055250495
1.0959568609164512
0.9186120779082281
1.1705723405340076
1.152530074745604
1.0693588215311252
1.0175756211758966
0.8853639533297534
0.9621938412039115
1.0010130647857036
0.8698957938352572
1.0012424155633262
0.9121972438017023
1.1180820748705202
1.1814451041243523
0.8870801193499631
1.1579533175101038
0.8763530397231563
1.2017114179863542
1.1338453696545434
0.9011853911392024
0.9845907188614595
1.2025598449400774
0.9411831875964106
0.9908492328127674
1.0623487245088903
1.067061392481061
0.9825885018511814
1.0950140749960497
1.221251911084173
0.885431384245971
0.8885002431801329
0.9869908007138807
0.8920092776116462
1.2177733511649074
1.1128295943182618
1.1748448669689329
0.9232736503641135
0.9498958132709988
0.9222941958991356
0.9646254582536483
1.1520868788676473
1.2118418842308027
0.9085810470192679
0.8452230022977331
1.0227073451848467
0.8814484426191043
1.0148790877637972
1.1070890168575387
1.1390742326559178
1.177521743116607
1.043241509751875
0.9916285449551346
1.1413180716250366
0.9460098848582139
1.1960390384746395
1.0938341250116346
0.8510829937535169
1.1341418009353321
1.2218640151099154
0.9057719677755267
0.9006834999449321
0.9501164538063116
1.0694403549017997
0.8684616428226691
1.032783248679106
1.0003281724346187
0.9864732764274606
0.9697331005386141
1.0741421072371273
0.9210301815259399
1.1397878690123986
1.0365859656317113
1.008756770715126
0.911343165967217
1.062131853731765
1.116092324105995
0.922895929269982
0.9606909517924974
1.206748531372985
1.0301931339090318
0.9223103914322133
1.1581868202304628
0.9412722048854133
1.063924449240563
1.207723803963808
0.9278205290464672
0.996275995489181
0.9852991264954908
1.034995330272422
0.9269925582951161
1.1803950567268695
1.0740268610149586
0.9648002670939376
1.0648848510884674
1.154956550254783
0.8599094732300736
1.1508586412001867
0.9366537492388117
0.8824040875875618
1.1917947775798845
1.0038402356237628
1.1121363512167193
1.1137396228253926
1.1186931567865142
1.0006699477690397
0.8453638820642074
0.988786428178304
1.178733540439668
1.1585997488138537
1.160740759165955
0.9824282345037867
1.0092846504134863
0.9631698791724324
0.9302627455552611
1.1784956699490428
1.0034033464506786
1.0187834176235062
1.1911625272353012
1.0852301349524673
1.1790898130832828
0.9779818413340788
0.8637594135394654
0.8778165217096364
0.9560827707789012
0.8504599240148969
1.1991431141377231
1.0502757803376177
0.9748562207774676
0.8901883087250225
0.8969537192476162
1.091960944574111
0.8826587572331224
1.110533955627811
1.118281330868233
1.0891001562093159
0.9340233604929722
1.0077952524462521
0.980168550742874
1.0605335013668327
1.0961062152134113
1.1451057434450278
1.123509967713693
0.8917949254635806
0.9254836838931793
1.0499632673488242
0.9128585748344974
1.02708606072981
0.8518379430693157
0.9458397911568965
0.8879034428326954
1.0080813378206517
1.066958287431662
0.8844136799690533
1.1554011157236628
1.0623413410599405
1.0249782734123836
0.9849683477389708
0.8896288416871899
1.0648041311860414
0.9472996757363482
0.9022729481903191
0.9733691157521912
1.0226325691047133
1.0322281705578962
0.8472864619601042
1.0395360495056365
0.9654608751575575
0.9011857702180855
0.9998426345682255
0.9770711543860687
1.2247865662371673
1.0197849929698581
1.1401669452089527
0.9096103559823521
0.8673936436569315
0.9543310099715443
0.9849469381350342
1.204315599554183
0.9537813817393028
0.9378028952000927
0.9696028695814523
0.8733551486024124
1.0757593611678058
1.0263870092912135
0.9670827457903408
1.1843899954039196
0.9806088451122413
1.1106857742915983
0.8485335388531788
0.9813976005093055
1.1242715139057637
1.0512521893505975
1.1353488891612658
1.0689205210491173
1.0576048284124873
0.8849653460082457
0.9803469854435812
0.9810677194825655
1.1491025530271695
1.1351158470720124
1.2052969477955635
1.111287922634671
1.2015533030024903
0.9621095363606036
1.0511870345078747
0.9125637346540305
0.9063175136132745
0.9816615815860362
0.8563515037190431
1.2074078595665987
0.9622285247693187
0.9036274998595745
1.20454338327433
1.1614630068371314
1.1701237204848032
1.0473220881898027
1.1400192735648407
1.1427356195441805
1.1006714413341072
0.855527047133277
0.928683790973002
1.091358797580563
0.9797126823462821
1.1081532538253251
1.1265491432681731
0.9435454742740799
0.8912331614120897
0.9795139570555947
0.8457024200844274
0.8640892651122942
1.171668930721666
0.8863467040623894
0.9847867480368937
0.8958140185232009
1.0645071162599269
0.8922236156073238
1.0550713271488985
1.1042930678600325
0.9214452192400648
0.8885465302518931
1.0197461587786472
1.0932947939626607
1.1480264774907862
1.055762063603293
1.1799147941795747
0.8717956311952789
1.1279050435491162
1.0973439418679496
0.9102272322651969
1.029566709629099
1.1539830202829207
1.207398525925077
1.1059638670965852
1.0088391848723346
1.2151948683109575
1.1405280489437981
0.972733352784998
1.0757115951056933
1.1820660553653357
0.9622382474467253
1.0978223580743973
1.2139154392838107
1.1532564907803908
1.0814604060707964
0.9154153853409349
1.0938594747231718
1.0623532225389805
0.9979304047329036
1.0577646937194827
1.0302656169144981
0.8549803130399167
1.0571802995154345
1.011214263618955
1.1181227670910379
1.1066549928914093
1.0766108960775165
0.9345478169097636
1.1762832464614754
1.132418781035942
1.0635784946376439
1.2031879504620782
0.8890794904285
1.167724068439179
1.220848737171146
1.1114337504087017
0.8781356384660316
0.8977393410622905
0.8658719561816838
1.1812127500120158
0.9302854498700349
1.088847941546017
0.9770517218424102
0.9248797303316767
1.1616371593574235
1.016676969902841
1.0033717682773817
0.9931851041882198
0.8796336196547085
0.9916257706469432
1.1059499852903913
1.0371157218544418
1.1713315823419632
1.068337572766653
0.9820921888303535
1.0051960849523716
0.9243607107797471
1.0949714553863805
1.089245188768868
1.0868512557945835
1.1205005371052759
0.9677057785485812
0.9359987610533635
0.9592535013082037
0.8856139764292981
0.8592982942837919
0.899596459190811
1.2252306843391052
1.1963702520539363
1.194872549567982
1.1897715686712855
0.9398456656187852
1.0721712365237357
0.919832982544946
1.0852095941351383
0.9387641588278659
1.103249440440221
1.0880063825660482
0.8705972812043831
1.0433057767890443
0.9228746856175358
1.1768218657801326
0.9552382346993974
1.117635206016774
0.9726469692698072
1.1532042300936662
0.9978540896088157
0.8631437257324623
1.168834407306936
0.8849775363419302
1.1778046887428513
1.1893897046039745
1.147455066830763
1.1032530620273555
1.2217671145207174
1.0229119172141639
0.9369217015465124
1.1523218938242352
0.9202944327865935
0.9722367257304217
1.0812170017577458
1.217960141583834
1.0505996428703925
1.1196251478692265
1.1727008292879137
1.1808794000627443
1.1809019815286927
1.0848162742439438
0.9524104657623732
1.064395778511116
1.0892854552841453
1.0245108769194609
1.1204999392671608
1.0925612624033023
0.9666006019109816
0.8827585965237332
1.019763041486343
1.065548020251688
0.8792103433076529
0.9580858584896388
0.9060477547287029
0.8827145152232224
1.1156049232321226
1.0348836094849256
0.8990933560676234
1.2130706382885899
0.9383414313789289
1.0394223871213373
1.1933683266624975
1.2064555568966713
0.9355513921491598
1.0329261935595913
0.900242158710598
1.1030635490633602
1.1649919913528657
1.1429197278308756
1.0842830205103149
0.8578980852652675
0.9906212983303434
1.0066921940062163
1.1259541107000852
1.2154099549986923
1.1288218957655385
1.1534691064733589
1.1274536249742986
1.0197546377594384
0.8561277204762898
1.1566315401928067
0.9105103157962876
1.0627038497048311
1.1230832163342859
1.0987014995268651
0.9440836957746223
0.9651727010275459
1.2099890361189913
1.039487294199945
1.0244959062709422
0.9096609199118088
1.1385291780689293
0.9812176025710049
0.9119886144875161
1.0382104191317079
0.9222715287173557
0.8556283539469439
1.182388550635737
1.1576336351195096
1.2049555560459215
1.2063214691837238
0.9336552960375808
1.0647339826914632
1.2243624446599815
1.1617416076642382
0.9932589450961679
0.9029019160641175
1.103438663323451
1.0206037005479451
1.1707191659625864
1.1923816822023625
1.0570567472274106
0.8567812474398954
1.1506586531642293
0.9157110437139191
0.9414425194215339
1.0752446351440546
0.9281992888700136
1.182335118706056
1.1449481101732233
1.1002611290500643
0.9950815381241698
1.065943765531346
1.012341638845732
0.8844147753705
1.0478254530771614
1.0512042825987122
0.9329796022986158
1.0780737680804873
1.061993084606862
0.9200136406568001
1.1111914263017835
1.2156560740341593
0.966241280193234
0.9447189195959141
0.9583560546176272
0.9434609626837369
1.154637766348657
0.9140141103265743
0.985765814038524
1.0073131437562493
1.1906418328734283
1.0614286618652993
0.8763699103408104
1.2252595533554882
1.1161564684530276
0.9655896327509539
0.9027329353689416
1.0014267725902122
0.9841884191191131
0.9179312380659567
0.9140708272824533
0.9716445818496595
1.0037044875234356
0.9163497754840446
1.078494231498383
0.8991589186732455
0.9255535833369182
1.0266425671320643
1.2116780260667976
1.0312605883182702
1.0248322717721217
0.8969531671706781
1.1785713528719528
1.050894692100614
0.9779765320141648
1.031850349182646
1.1503549206828556
1.0121836632051973
1.1156087779042012
1.1152203514646004
1.0361226301687538
1.027007729433494
1.022960714248574
1.0756563382261053
1.107666110121081
1.1935107407634686
0.8483415638859596
0.9642136223813458
0.9758698965988114
1.1240522341484278
0.9090646394057708
0.9782634490925743
1.020251454238037
0.8920979190664394
1.100238786097461
1.070652445813149
1.0043075191619415
1.1483662462978743
0.887629360487618
0.9212086527062299
1.1136184718740032
0.9320102319696593
0.9871785303948756
1.185622304684717
1.0770520642262547
1.0463825771358946
1.003845971394991
0.8917872893729437
0.8930625104131382
1.2079497166998387
0.9013807333963638
1.0584428311750274
0.9065981378980228
0.9333058615865202
1.1575097231206657
0.9648743655400616
1.1045876691276764
0.9658098559519955
0.8941710194152588
0.8745120202467799
1.1098022409382586
1.1620240967016966
0.9564150325697217
1.0615217843073714
1.1996895425836263
1.213340701749428
1.2057346978358434
1.142269033864487
1.0506335738115777
1.201438183278696
Running 800 simulations with 4 MPI ranks
Rank 0: 200 simulations
1.149280933938358
1.2152579066756781
1.1599815737761818
1.0781107444568034
1.0871964902613953
1.1004726227320414
0.9163585929575955
1.0338274843145385
Rank 1: 200 simulations
Rank 2: 200 simulations
1.1616754645196194
1.2208867368202632
1.130790763903929
1.1620376403120003
Rank 3: 200 simulations

===================================================================================
=   BAD TERMINATION OF ONE OF YOUR APPLICATION PROCESSES
=   PID 411523 RUNNING AT ac090
=   EXIT CODE: 135
=   CLEANING UP REMAINING PROCESSES
=   YOU CAN IGNORE THE BELOW CLEANUP MESSAGES
===================================================================================
YOUR APPLICATION TERMINATED WITH THE EXIT STRING: Bus error (signal 7)
This typically refers to a problem with your application.
Please see the FAQ page for debugging suggestions
