==========================================
Mass Fraction MPI Run
==========================================
Date:               Fri Oct  2 10:55:13 CDT 2026
Host:               ac016
Array job ID:       2182566
Array task ID:      3
MPI ranks:          4
CPUs per task:      1
Nodes allocated:    1
Python:             /scratch/user/u.hm357857/.conda/envs/comets/bin/python
Conda environment:  /scratch/user/u.hm357857/.conda/envs/comets
==========================================

1.0230504239235756
0.8811685880419011
0.8551718173515536
0.8576479586758341
1.0182250859369826
1.3046496852309235
0.9600455756899213
1.2865945087290585
0.899036347502183
1.2819062424533356
1.2867690850954743
0.8584242178410357
1.2417791213492593
1.258685050840113
1.0574928784231519
1.1490841208362599
1.1485815779102189
1.2536565985875232
0.9166239111693785
1.1359158642416562
1.1770522568415742
1.2552066936493298
1.1204782415712935
1.0115230867787666
1.343853259204883
1.3145012489012036
1.2944578339498467
1.3311245549215638
1.0286317873993645
1.1528537738806897
1.2307660931629285
0.9762651035999931
1.252462546113378
0.8729228542017048
0.9258016617948376
0.934271281516834
1.2962831807402153
1.263007309647143
0.9878158009019662
1.1362609858187316
1.1625198828109709
1.1391991335547766
0.8514706344523106
1.1788344854192736
0.8899961457733242
0.9059851013942385
1.1378118873586762
1.0187562240822223
1.1084644363475589
0.9508064638178152
1.0173750130169077
1.1251273328603952
1.1514819398105518
0.9307002648705626
1.1152382496532491
0.9375590913571616
1.0529475680307772
0.9346673016745563
0.838484961186464
1.2602619573804192
0.9824658544414253
1.1480585530354748
1.1423377468647837
0.8665852616098376
1.0245192000479322
0.9570051827260653
1.2762353013579246
1.2134953645699902
0.923838270424784
1.128701186816301
0.924109806575809
1.2805567737663321
0.8634686147171442
1.3353920329449833
1.209439095502617
1.059108067333847
1.0814310682020039
1.1396628543356866
1.0835382869722203
1.1579444403061192
0.8461108268231772
1.062011270997517
0.8260369219473039
1.2167578953572056
0.9947047737900612
1.0968110471371313
1.2781807302934571
0.9193185482609704
1.2184013628070125
1.3003827762492244
1.2203667650326868
1.094290031088089
1.3006810064920566
1.3377105548832384
0.9242850385741981
1.1322099420424467
0.8564234876166761
0.896003349745624
0.8936706391789316
1.2937232289028815
1.0096639179425648
1.0332726124326288
1.1978050394017112
1.314114058571977
1.265742407897644
1.3107130275430936
1.0503991304303217
1.0144578385728167
0.9333950304466375
1.3075719908151786
0.900646048990002
0.9097187846024057
0.8598990194563345
1.341113317620385
1.041532810785653
0.9331128945672966
1.133581440233356
1.1774793817282054
0.8544928350300999
1.1241780145879825
1.2773226924891414
0.8876660249936951
0.9011258111612853
1.2321453176809911
1.2155297816143678
1.0782514956530118
1.3466334209729083
1.3060170478665245
0.9335328143946157
1.1733946005856302
1.3402408809514839
1.239942000392843
1.0140692227376094
0.851567053425683
1.1586015286592044
0.8245453288786899
1.1609145983868863
1.243208515771624
1.148495515575408
0.9051201087138877
1.2236909730142727
1.0811347794329729
0.9194997467742176
1.0583404868446455
0.9813765573519402
1.1801440311116125
1.3211821742073164
1.2653230771475115
1.1160008282542764
1.0819479779138546
0.9253548284672631
0.9265517929416679
1.1294501746033465
1.3248814110322762
1.2975964488034935
0.838502187224799
0.8841098915357605
1.158659891766614
1.2534695140404413
0.982837956353859
1.282988165003009
0.9402184830105962
1.128715754306889
0.8619550977771324
0.9456482028142752
0.8249896212182626
1.0973799603835894
0.9354568414285163
1.0985952253724554
0.8428833881369449
1.066763373647091
0.8743353937008047
1.1095185561002396
1.0616151355191334
1.2138810517523335
0.8969383838207692
1.256236257165438
1.2691871680055524
0.8383848409123886
1.1542396356421032
1.2461479787179472
1.1321887599967408
1.1644775362839461
1.2091349765198072
1.2459161376645385
1.2127118793022302
1.0181054001782406
1.2651072590625467
1.2927105025548624
0.9214074339389915
1.1772628508338154
1.04082760744762
0.8855193377160819
1.121934693709398
0.8418516692027778
1.2507422234747323
1.078195050496412
0.9927171871187594
0.9600488410806578
1.0976464912992419
0.8602332818178888
1.0189831920541668
0.9911030792233344
1.188686665674592
0.9678937112476148
1.056221905089269
0.9827352154632134
0.8458199186915009
1.0999773718933152
1.082485722215107
1.283030010247967
0.8466576314221538
1.231536381593928
1.0717259922971059
1.030250072678445
0.8846398191669625
1.0820079437304022
0.9589332942918581
1.348620230678821
1.2796893618670109
1.2815675579487216
1.0049548938464503
1.0734578248084286
1.3223951675525716
0.9976272407637992
1.1046006814975233
1.1862506451539723
0.8969808153022186
1.0331176766230243
0.9917120914520983
1.3314880041407937
1.347030551644169
1.3202242006080773
1.150142326009846
1.235040546279401
0.8431173914702396
1.3430037584724304
0.9404523315732987
1.3468127967594015
0.9597312659913696
1.3058403578723343
1.0344113941111617
1.3479955597799234
1.1763666516027231
1.2252461218227275
1.1487161307279976
1.1937651004113499
1.0453929271872955
1.1173354120895989
0.9809349067227918
1.0888195521455557
1.0848730472164692
0.8670863161493924
1.299416412996862
1.2679447346531028
0.9330079567832946
0.9785709474026559
1.2398875496320056
0.8104060738244921
1.2867747781998193
1.130374732359916
1.1626815223444973
1.2498254454979323
0.8220870058895547
1.0419307690373263
1.144840092865555
1.1465237397107906
0.8872194297462127
0.8563191706839502
0.8874495933191542
0.8186148413701686
1.2224706157604928
0.8858078928147806
1.2525853581683941
0.9311581733873077
1.0906938372137849
0.9623676799114631
1.2257364603470884
1.0460562155629287
1.2174702764678302
1.1500894881843244
1.1064816079983648
1.334681194114384
0.8778046255204482
0.8844339385031519
1.2017250621567637
0.9131452575907155
1.0349627696018577
0.8856366502040612
1.1598387676454904
1.2979215168778393
1.146992201961588
1.3092249008843915
1.154936318634083
1.3213078038964787
0.9957819644576016
1.2316341357950962
1.344686233217831
0.8821727297565314
1.1728878636104207
1.3307389446620208
1.1959607630696991
1.208213870804221
1.143025272939188
1.0033545199606932
1.2116411444255861
1.213837829384867
0.9327897290975671
0.993597762017321
1.298115261204371
1.1165659896259092
1.1975965297464233
1.0889230603765212
0.8884038217961288
1.0196541448084377
1.0749393873880286
1.2800048779870357
0.9630133268379322
1.0532339516420262
0.9216914083408778
0.8637643855066802
0.9297747779380239
1.1308636199247057
0.9808084719041099
0.8313287575124941
1.2868905300560383
0.90775484361286
1.220167016816738
0.8138696588290618
0.8241773035181481
0.9614147023976288
1.2858443980193193
1.063232243939302
0.8287141013789133
1.338187238846667
0.9704535975061608
1.2173502235063918
1.0601297172846251
1.0913018938404793
0.8217179128931217
0.8403535679159901
1.1024835259043533
1.090428024960179
1.2981619743872903
1.0224824209591985
1.2577691065516872
0.8095757627008733
1.273684939061767
1.189512252964034
1.2895948981257497
1.3483977618848313
1.2210054037216411
1.3342430463371961
1.084389187005871
1.0111627353589066
1.2994685724774293
1.11767740163058
1.1265845203139015
1.3342861503689651
0.9048364364762447
0.8256229626747571
1.059638067405359
1.2682749531697262
1.3139322893687697
1.1286291543585993
1.078236046678776
1.21191769754567
0.9596962852321553
1.2546157313837951
1.0057317495860647
1.2313251257890476
1.1431153997856685
1.000280347084956
1.269550388626635
1.2253202363350149
0.9912207426715738
1.1719874468616887
0.8353119993960807
1.2836173213396753
1.1605945647068356
1.0005592490997253
0.9594274357910544
0.9676187128360021
1.2515321528416081
1.2759700311583084
1.0587010542816906
1.310933187633884
1.1396818795720198
1.1811118367572633
1.3083198289232107
1.024182569110919
1.0228144835693398
1.2559047688694829
1.1041943305039221
1.2014524798862234
1.2371569878338788
1.0953115029037628
1.2450619651969022
1.2759420968345139
1.1644950311875477
1.2062554139627222
1.194831119310709
0.9832463071710354
1.2778097952353682
0.8914078009405296
1.1817482772309806
1.0759291345379784
0.8167327376832236
1.0546484714260953
1.2379023322459584
0.8205427877899877
0.9959215932966501
0.9147167245138978
1.3199121571490333
1.1417523631832043
0.8979125012569753
1.0553822900428032
1.1389749089989933
1.1145995527879966
0.8551158383455374
1.3230410813614735
1.0257410008405514
1.1208920817233714
1.234794621771946
1.3086391228574663
0.920415016869554
1.2599296784663516
0.8601366169820371
1.339117343491453
0.8303676464353731
0.9350189871457908
0.8359354086764446
0.952241124977553
1.0141085387802937
0.9122303525085257
1.3385757874691657
0.8101334439210873
1.3284201313901196
1.295400934672264
1.0818176192839282
0.9328220436853741
0.8420076225337565
0.8404121908291908
1.3312698333491002
0.9609320248292501
0.9364402864363762
0.8613414187807941
0.9219382291283225
1.117943650480035
1.3139548097750962
1.2222490704157105
0.8184637645079705
1.0373714897225297
1.2272498364936348
1.14142579649933
1.1839782111023602
0.8859237917212117
1.297557655769467
1.3143136433929354
1.0750527577886877
1.3334524336686997
1.208803244774559
1.2152877637925075
1.3022734214701885
0.9080582303885444
0.9549094185646803
1.230138096004001
1.1793062180373408
0.9067835496341765
1.0863450215556738
1.0143892139201653
1.1063315859988783
1.262847956994075
0.8416575541390422
0.8774088998535307
1.117525495983557
1.2629748642945842
1.327719473731535
1.0249394383682209
0.8422831589216191
1.1756465608018267
0.9921337206801328
0.9249380637260102
1.2782757562189322
0.9170323296721723
1.2127522788872795
0.9906181959048598
1.0533424796431041
1.0234120747334357
0.9290377193781856
1.2960405354260165
0.9214066674608182
1.0867053324567335
0.91612172250808
0.9149758746733685
1.2784434777704345
1.0869172212527616
0.8599882657027924
0.9327342929007831
1.2022914967226779
1.3068965819863496
0.9983161659103259
0.9850821313820827
1.34019076818046
1.2091610033581477
1.0618878799039524
0.8353726521469481
1.1491774963621206
1.2092050302046002
0.9374981358175429
1.1005114111127983
0.9191291044110464
0.8661099455182718
1.17535791061227
0.9866475226005739
1.1481118743653707
1.1755399668189486
0.863734633664535
0.8859086401699667
1.2511949451194373
1.3138674580273135
1.0396617354941606
1.2761485872295597
1.047290123931581
1.2787379820102647
1.2220446807692842
0.8889967108524254
1.1552185033423419
1.1924777845520351
0.9995183459616763
0.9919307223002936
0.933475268877856
1.1056351830745808
1.1205206024799064
0.9886442851020465
1.228250538753133
1.1084503221854427
0.9005706202978575
0.9259961135116834
1.1230834576540354
1.2415465312258998
0.965460679133775
1.062356479842664
0.9971197656101476
1.2942287834224957
1.1265524885932048
1.206373490098592
0.9375266170340143
0.9450517795297334
0.8809479065670183
0.9741535260825973
1.055944873225007
0.9728156139011426
1.035553500715942
1.2108707656437154
1.2242928955140926
1.2523282977593362
1.0214729382469263
1.0949254773358938
1.296192671962142
1.0917759330157508
0.9318366031022809
0.9955326395609665
0.8909653435361169
1.2278453970910552
1.0684052298000577
0.9636173379315525
1.2527476781763462
1.09336944928115
1.1736292914840827
1.2983422711003392
0.9708046102056017
0.8302331068998847
1.262225370546543
1.2858126141871302
1.079929795149188
1.053834702408786
1.075921228194323
1.0666084793728867
1.3363374034711994
1.0180058243520982
0.9005679315861965
0.8889341371716496
0.9424005062804601
1.2659972141859615
1.1376869304141972
0.9632116120914472
1.2683326700989992
1.2081787978539782
1.1200740490513965
1.3399313347044397
1.1908451901146235
1.3150748181817338
0.9955995360665605
0.9302795510993764
0.8813002126988145
1.1660512160982788
0.8812910198843983
1.1030428229437543
1.0980912423087585
0.9080467764253858
1.1634219725316692
1.278913924590853
0.931063924935003
0.9314637177639981
1.3157163735550688
0.9617704089172903
0.8135249163045177
1.225806568796906
1.272042037367803
0.8980030412031131
1.1814418345335755
0.8103212635469497
1.0099853072416969
0.880460902514804
1.0998057054033654
0.8520323736471388
1.0963790892106862
1.024546152452342
1.347462909185205
1.2794792046583594
1.0177139456206599
1.0827214996271486
0.9733571637110044
1.1135976233659162
0.9575849149756337
0.9345425786080463
0.8740008335859605
1.0286226450033593
1.141898853542163
1.2141859276829436
0.9651181752883778
0.880178239374031
1.0808177253127789
0.9505232530406684
0.8363688918458484
1.0621942379198595
1.3107160934349484
1.1756042135890388
1.1566891000663793
1.1717742102719018
1.1237548495550809
0.9505359320659759
1.0873681979443717
1.0867292734439433
0.8092181982298075
1.3403279618569828
0.9679491850484934
0.8695605138265123
1.0231528423388279
1.126434924706798
0.9288237566328303
1.2515705195287374
0.8154607305517093
1.032697044373889
0.8565543735191651
1.1026468943151853
1.0362756497735008
1.1748644166732272
1.0398287982898988
0.9409549719186271
0.9219858244302355
0.8947033612240193
1.0437965691975764
1.0784754721556593
1.3171655375002702
1.159819977967508
1.18822575398881
1.161008853017266
1.3268694782533044
1.2925505817168998
1.1039467595493992
0.9189533220141816
0.9961415808598135
0.8624170270801689
0.8819930886643796
1.1633179339882505
1.075267973974237
1.0932664214231345
1.2461203573059838
0.9266683924186264
1.2336063522235463
1.1303896948767693
1.0234222654568759
0.9182519671077198
1.3496605014071792
0.8360744465250596
1.2822047950363453
1.0086009477648619
1.1297673574381526
1.2971538016769542
0.8584838461983669
1.34186524374896
0.9300313234316618
1.1664809211812388
0.9088006953084503
1.2935630582102182
1.2344093380453374
0.954381301444889
1.001929893046932
0.9344752007814251
1.2964841707293226
1.132455752386219
0.881033454934931
0.9519519965960059
1.2898385660821334
1.0819895676020397
0.8331193552243882
0.9339963810785837
0.9197698164111081
0.9751881984925443
0.8254975718623121
1.1834662175969177
0.9984861618348266
0.8289518520962228
1.1080361341626097
0.9037059912004911
0.8937598216812805
1.2147512382638914
0.8970369761484759
0.9344369266287296
0.9261991263928111
0.8188820487296822
1.1651007467774044
1.152555679866197
0.864784771149894
0.8178256929341592
1.2123204195748334
0.9487712824062456
0.9769905176304651
1.176959090034572
1.266093561409726
1.2806631927314456
1.1897715762158205
0.9730786555299231
0.9141447697579793
1.2863603123170417
1.251909524285567
0.887204615774154
1.231609256811528
0.9159879866625351
1.035266883159744
1.0796220689210725
1.1952322393916932
1.080886563360845
0.9824211776506437
1.107328967441058
1.2534905383152513
1.0789467756370086
1.3480059071777504
1.2434145583916711
0.8960458691138431
1.2929051921828951
0.9426383075281392
0.8345054565536894
0.9385225443173928
1.2506524113008273
1.0082346805054208
0.8977369707587066
0.9845758889456065
0.9021460496272939
0.8476811600966518
1.14179840347237
0.9770807371739516
1.2486963898321988
0.9179498241874113
0.8285110598128476
1.0122603638582488
Rank 1: 200 simulations
0.9410265988977857
1.2947248004364666
0.9269797115663659
0.8852802115566761
0.8398177213827379
0.9518516125801482
1.1497745776916162
1.0172507029351354
0.9652142860722095
0.8982619514223439
1.1149024305350244
1.0107136459723922
1.0223262022759265
Rank 3: 200 simulations
0.9172142779186802
1.0532807365345191
1.162906040014968
0.9326070267832092
0.8630275386382092
1.0724757964952194
1.2642788941630485
0.9932806266845811
1.0151646948187363
1.3321464666169445
1.2056594017759366
0.9957297983646046
0.8622592811208899
0.8825219512973638
0.974836819540238
1.1994012929320839
Rank 2: 200 simulations
1.0539285828433258
1.2577088693658898
1.3332841489700868
Running 800 simulations with 4 MPI ranks
Rank 0: 200 simulations
