==========================================
Mass Fraction MPI Run
==========================================
Date:               Fri Oct  2 10:55:22 CDT 2026
Host:               ac090
Array job ID:       2182566
Array task ID:      2
MPI ranks:          4
CPUs per task:      1
Nodes allocated:    1
Python:             /scratch/user/u.hm357857/.conda/envs/comets/bin/python
Conda environment:  /scratch/user/u.hm357857/.conda/envs/comets
==========================================

1.0047585507295436
0.9278951452168138
1.214728870474192
0.8557088556894409
0.8341474321442892
1.2217412854811478
1.22506213738863
0.9447093875981925
0.9274291537055254
1.072508164525932
1.0611807059704121
0.8802705760840531
0.8325977270015074
1.0750364818130749
0.9087741308914759
1.240040430099619
1.2638194942198502
1.1562892234485287
0.9303184056949454
0.8598928064667428
0.8598558570418339
1.2213382875619336
1.185465846653424
1.0356360510374385
1.1111617647203273
0.9310039578070262
1.0658232553208897
0.8855889571309392
0.9751195639194676
1.0675407255049951
1.0657905951135938
1.1559639991017152
1.0703575013835367
0.8950651561084343
1.1531371101721226
1.0636765044201597
1.2250166563001084
1.1100119194927824
1.1922418690899392
1.0611037880563474
1.224134718068524
1.2180776108517715
1.2598244356747916
1.159707135575547
0.9165566210474986
0.8603869664606244
1.2364737622936486
1.0428445738365482
0.8807168665884756
1.176265308285021
0.9338041041632785
0.9172594521639832
0.8452344048392043
0.8404872664641537
0.9223735074669142
1.0684202054677516
0.9849194056478419
0.9096320491013501
1.2743923056520416
1.1652123631122415
0.9074139587274104
1.1458791773913415
1.1712684297472808
0.8760376760733918
1.0347148951736984
1.036612282058019
1.1101509958431626
1.2397808252372577
1.1823208556499534
1.1341631322905088
1.114997487293235
0.914732981996235
1.0281196029545026
1.1045861818497695
0.9920665200130544
1.2799408701390398
0.9614765323200312
0.8722863971088362
1.0300936339071214
1.203148153423152
1.0191114397812162
1.0392193567167913
0.9650547809616964
1.245441198432059
1.0244529941900506
1.1953781769055454
1.17113164701662
1.0280004120724189
0.8911660078425845
1.2055837210012545
0.8894636990792922
0.9056644916637564
1.0020810068754247
1.1834225372166662
0.9677240927522512
1.2028253298637672
1.1633936786485362
0.9393288474433562
0.8619505412412585
1.2304369559752164
1.2063510152597554
0.8395416693132761
1.2621208869995404
1.025999951620892
1.1943385720212893
0.9439227529389479
1.2591088994805997
0.9870217580527418
1.0259324322932366
0.9114366496772873
0.8901993077658357
1.0600617256861686
0.8416478799041631
0.991981817037408
1.009831658201165
1.0458522389598253
1.0828420831115886
0.9601469873189368
0.8563245473744757
0.9760092723144188
0.890322506179603
0.9549989894327895
0.9985620225115911
0.9703560386473075
1.2274476638095766
1.0823827050162467
1.1547320792714268
1.1984460108621846
0.9983883677227399
1.1307945970081272
0.8643484395209604
1.0220279362321099
1.1945652723374278
1.0328127818637507
0.9110265433957893
1.1659489888034784
1.0927041824371546
1.1015441854840131
0.8972984800058046
0.8991325800529638
1.2518216872006145
1.1326406067264068
0.9816528951648915
0.865167357786899
0.972208663929516
0.8680367520323523
1.1190613941448992
1.0748609374177662
1.0720393365142622
1.0149967719853608
1.1808437799792255
1.2603979142349906
0.9243372292367247
0.9315412595143864
0.852382110845805
1.2064734193344049
1.2465188671371528
0.9812400511547156
1.265853263884806
0.8624167662763326
1.0771816991528629
1.1279585254524709
1.0196888047172177
1.158618081425239
0.8608974565343779
0.9321074855355601
1.00198221767812
0.9369611886870958
0.8557048496700324
1.2743130640585136
0.9695115722145852
1.2110667829488488
1.2726952135162515
0.9165828029051791
1.2776291285413972
0.9595005188469193
0.9468351545898742
1.1799366093843533
0.8368752221195991
0.9107346923474428
1.0548698551483835
0.8804096804001478
1.0705343385515054
1.1303037763067731
1.1676751993864034
1.2586381726882483
0.9492754772976828
0.9811524882085106
0.8391698249296021
1.16561137394003
0.8909015114482336
0.9066287692002677
1.2676217219020354
1.2348445518150903
1.2588382062736778
0.8934521929694017
1.1410953697930908
1.148848302453326
1.2409325542158338
1.0144214909930551
1.2362181041452693
0.9824805290470507
1.082192683069243
1.0460496134408215
0.9820077526061702
0.9594387915430493
1.1944888997000696
0.8923023855441696
1.251069551572228
1.2278205286826462
0.8570062594682235
0.8397854128292291
0.917069469928557
1.0472128209884062
1.0163532184644803
1.2264849376144915
0.9844132187691483
1.2612143954085655
1.1931814856365204
1.0563323676961571
0.9115899610715934
1.140834325517802
0.8699596020229279
1.0914711122226968
1.1099608163204429
1.1091134996935699
0.8394107976552247
0.8475293363808009
1.1775265657631562
0.8863377221727633
0.9930160884701086
1.0752569378227324
0.9938070041228309
0.8434512597876676
1.0374583390603198
1.0369355631385284
1.113230507588097
0.9523666634502898
0.9458092090637211
0.9629636449891176
1.0582120166350855
0.9591624111048345
1.2430564387670289
1.238478883846994
0.885636694934321
1.0052038320901442
1.0923048446232564
1.0323880525247622
1.0901981624947417
1.0770043211618376
1.0140297849037556
1.0761282929760356
0.9443921886573603
1.2117684712452808
1.2356161389356137
0.8465524217016881
0.8664417503708669
1.1887178552294564
0.9943860419498352
1.1438904401047607
0.8857202805843001
1.1479395853460683
0.9605532244917385
0.973311518576
1.0684590304342705
0.9708268761841387
1.0039953185667199
1.0471287617055336
1.2405305564350548
0.9540488542044931
1.0293818543764381
0.8481390718535851
1.138762941414626
0.9787028451456712
0.8814710770492913
1.014918282589379
1.1541966016549143
0.8645603843199172
1.0390066123695
1.0092496306138286
1.0834759973001007
1.1375666163076144
0.9165649568314246
1.0770583866733945
0.9819779935507692
0.9706556626291923
0.8925350001312864
0.9250791538596375
1.1733385706305548
1.2770606959833104
0.889478567297207
1.0941651630530598
1.1954192685007934
0.9832940200777505
1.0455744756988146
1.1333232386516467
1.0386127786583932
0.8515784083904491
0.9404450785550692
1.1433733054520856
1.1588007857275882
0.8325967925758226
1.0784624982752091
0.9717841895158177
0.8710756603959969
1.2701307756387354
1.2724798515371036
0.8278061230126185
1.001031472238032
0.8424133897619315
1.1389775786352718
1.1678768810200686
1.275165199907536
0.8652199676085267
1.2549558890405432
0.8615113759587965
0.9570083369128167
1.2191398160963471
1.0303780955171669
1.2788621411157446
1.0128365871920944
1.235306313523594
1.1965236909913095
0.8687094882155518
1.1558097636984372
1.00816222411424
0.9006370017992565
1.0716558470374897
0.9834516354611336
1.0674629053601195
1.0109433932086116
0.8865139508778103
1.149855689606852
1.0519980792504322
0.8706818954859491
1.2334689167179516
0.8928550081766102
1.136090088056919
1.0576303083304852
0.9524671628233654
0.9279673924151067
0.8965494047570113
0.8566067700750171
1.2078194997619924
0.8833294212319966
1.1310103175974509
1.0790190354560214
1.068445949447753
0.9524784908982765
1.0713306330817178
1.1900196591443508
0.9243969848018398
0.9302765825977288
1.124372027469783
1.2804739808242076
1.1409245149075473
0.986472572380976
1.1171299648013033
1.2593080144339974
1.1580324541952964
1.114221685500703
1.0967835610610772
1.0195262890937864
1.125340133439629
0.9796016709241419
1.0135981494442319
0.867125146573445
1.0746990525680977
1.011849266596817
1.0605337799905847
0.8800648120654019
0.9983507503336465
1.232875008609335
1.2722918028803156
1.2156460779383453
0.8861073356964858
1.186341474321622
1.051194233355234
1.0744874991686084
0.8849598743174913
0.9595186966539662
1.1001075724639289
0.969670063835466
0.9574752437127476
0.9147983651699824
1.1278203924798929
1.0303069687018667
0.8829068791717463
1.0499539554000985
0.8461328903308898
1.2428886380361583
1.189013786183069
0.9375664012189722
1.132135632809975
0.9003167989327759
1.2759209522551018
0.8677707011986706
1.1782210889114195
0.9929769751917591
1.1243567561024785
0.9088247331013682
1.2372502469613003
1.0312975498399677
1.2735982754801596
1.2030516584785682
1.252819238589542
1.0146267742035198
1.182759072477689
1.0285823321422898
1.1421987670320766
1.1167317027212853
1.0281468318313345
0.9078453390375542
0.9446899984505128
1.234849775071278
0.8949447374958067
0.8975862957799327
1.0500569099914125
0.9728865421581981
0.9221139663436154
0.9744764669001392
1.0548234800664755
1.0812407701150577
1.259598467891767
1.1598649104553078
1.0633264957620232
1.0030899336469912
1.0076392287610876
0.9753222639205779
1.1172181835528527
1.2202731332999706
0.9920992777130152
1.0080611982782237
1.2656500292989907
0.9389404885035835
1.0599634374830442
0.8449959056023105
1.05049402445993
1.246459556373391
0.9947003592360908
1.0867274817210548
1.2656344422294512
0.8446082889322764
1.149471692772745
0.8320226076631975
1.2547101819546214
0.941373690416943
0.8300438770734523
0.9801579389424177
1.2657261977660363
0.9875167889607736
1.1870630171780248
1.2244034119295972
1.0635840855375174
1.2147283473334964
1.266692985870371
1.204504221579776
1.0075138365833798
1.2354206081855241
0.850932109489914
0.8437805119077317
0.9516011302186226
1.100119765923453
1.0765142516968829
1.1507748154881452
0.9442909983501722
1.0588865051659555
1.105857765232153
1.1428058106106298
0.8584866662309917
1.013925686010527
1.1966691577629573
1.0783547417681616
1.1006921853528315
0.8837003272291092
1.2079966050771096
1.17467616319418
0.9484123423726842
1.1344733695127642
1.161389294412779
1.0715608606126126
0.9189891134405235
0.9388409192413631
0.8753137816037155
1.1269538640330952
0.886074997949723
1.2488822896652718
1.268245297448014
1.0430504875823783
0.8881724442834497
0.8677347775868115
1.210692791086589
0.9458622686959242
1.0363162050428072
1.0742782223475418
1.2117513235950232
1.142671498460095
1.1211890771815352
1.1429828391924666
1.255967561880942
0.9378292570556541
0.9168726555253677
0.8719433821134556
1.2760825595476022
0.8295121805188599
1.0562176788763837
1.0632290154924664
1.1719533731811653
0.9970322510755364
1.1728887337405336
0.8756997628828291
0.9332815123564194
1.0133197859754957
1.0262314887660073
1.1386053904539422
1.232210928375026
1.2387849817740757
0.9816107763916292
0.9700709466544343
0.914558324142891
0.8802607936247374
1.2335855415443013
1.0500137289576883
1.070692675290053
0.8399117404773931
0.9138395250028943
0.8565617503906259
0.946894249886373
1.1361489768232966
1.2399295129301333
0.8510800815729638
0.8511445766399689
1.109572291710674
0.9175482503717075
1.0400670269764245
0.8398825277095305
1.0159938372777222
0.9687060401935659
1.080886689716735
1.2440737329576288
0.8933759830433313
1.0576520238170402
1.1945972173565498
0.9175028611277003
1.0917822101298142
0.9240388474391199
1.2775020811385507
0.849307235003877
1.275629653312603
1.2237696154722746
1.16723677530663
1.1374424044587435
1.1525537830855148
1.0040641266617663
1.2166578254294909
0.937496367305443
0.8573736994714088
1.217941093922199
1.0276173689251555
1.04537403034995
1.1070835087520763
1.0672301706596534
1.0653814472935796
1.1474815769003466
1.242757740289801
1.1413467877482364
1.2156395336325077
0.9032356556241651
1.2380619948161167
1.0566819442988524
0.9689260145608637
1.1036221804654638
0.835804182508848
1.2032606080723425
1.2604266972554843
1.1327376035453236
1.1341007917335375
0.9842862877734948
1.1654174079438246
1.024296334499593
0.9101236996478146
0.8425061987633643
1.104117038352711
0.888938898331885
1.0870997144743182
0.9742037976512781
0.936674765419822
0.9754301205864111
1.2348738454587012
0.8304725155557223
1.0723229548610227
1.1242440504335283
1.2173416214453103
1.0694324241160116
0.9048345178007957
0.8424923935707509
0.8960669801737121
1.2498154682128764
1.2400866584771986
1.0058420798042977
0.8790808176608111
0.9123635389933782
1.125082235332123
0.9597155256976009
0.8566703325564949
1.0500442882553607
1.0288215605523678
1.2596618139390066
1.074584265145052
1.035423840179368
0.947493991846049
1.0834443390532198
1.176599171437049
1.1519953445156066
1.0475285270007582
1.0339654686283755
0.8768560718497771
1.1877574948166152
1.13603299888975
1.0529058109883582
0.8555851142238853
0.8896604754330326
0.8699377346341259
0.9474841745091329
1.1161065057571258
1.1455149381666851
0.9181462253003312
0.902825774942547
0.9898674948679944
0.995135763776008
1.0435402592614933
1.1144886552636022
0.8780711383769004
1.0239888066903975
1.140576949215839
0.9926235445222015
1.0539594612436378
1.2661442769420743
1.0843198240340726
1.1639824702605905
1.2302322852798464
0.939282845934433
0.8276521445030491
0.9249475144772333
1.2311337983837503
1.022970010583128
1.0377530209192425
0.9200899446388494
1.1451756216536673
1.141862824617327
0.8749386600971865
0.8737732335979836
1.024515006120512
0.9957871363686193
0.8585507216958932
1.0108771874129785
1.1513217276906325
0.940642696536881
0.9425943109633298
0.8894008111300384
0.9525715744981315
1.2246860077066355
0.9483347479083895
0.8396409327219225
1.2227638502454348
0.8575194326191836
1.20607328613276
1.0788030260847197
1.1513046684451493
0.8630199417790476
1.2684072398218607
0.8456644005951567
1.0125586902268242
1.1007219800297254
0.8750759900880354
0.8753775303323997
1.069317857356957
1.018490963567984
0.909030116569739
1.2453728520589198
1.1638425902510943
1.2161945991519163
1.2202397966431655
1.2316031998508352
1.1586612347363519
1.0317752630935204
1.1134717506845568
0.9344567459453204
1.246590516246681
1.0761173880131236
1.1398232678254425
0.8471625522278596
1.260311616277667
1.1013649587388774
1.049704704907914
0.9389920993835077
0.9829595556502144
1.0611681325445244
0.840503602450856
1.1540757821050938
1.0414799298359965
1.1739497190583257
1.1788523844841368
0.9894402246499434
1.0845129942955738
1.1403260782703901
1.1799563144676857
1.1270516417066452
1.2428529918809705
0.830036304878517
0.8802505779462175
1.2376260070588512
1.2782297040115278
1.0040261639354542
1.2167449856513615
1.2671181277659245
1.1976616136139269
1.1091826779206388
1.149312197508244
1.021439689036519
1.2107525118221387
1.0963018444813342
1.235858252495336
1.1555653717357828
1.187510555331156
0.8972045955786154
1.1189637947948727
0.9484594520303429
1.2250867225090414
0.83767086720458
1.2049469952510863
0.8781037543366234
1.1485865452335464
0.8788419825392664
0.8649453427788085
1.011578501935393
0.8725505902724273
0.9412115583963386
1.2305169552792454
1.204816236336446
0.9939367906131339
1.1984905456972168
0.8692338525869397
0.899933121818524
0.9566318982662465
1.0475418337347768
1.2637138998547475
0.8311638902723926
1.0392347965970226
1.00648975513267
1.1065080500619444
1.0347362344074804
1.1833171743317152
1.1016781351935738
1.273814194115892
1.197624335671961
1.0264091204437669
0.9256406782416863
1.1154304327248832
1.19555876777672
0.9189621973803528
1.0200853203504925
1.1502309193608726
1.0035426673877494
0.8950762460990009
1.0090813707994541
1.1807884943081153
1.0260488216640087
0.9078954072657447
1.2501138220346748
1.009383825609852
0.9364255276054143
1.1605952123054435
0.9054526438238497
1.199442475434888
0.8755453357328641
0.9157439443354448
1.136943864432215
1.0717538175219907
0.9235133893128925
1.1410297335619837
1.2291983735818268
0.9513095824415096
1.166241581796619
1.1975948191588812
0.861153932842692
1.0647110368194916
Rank 3: 200 simulations
0.9275247014262273
1.1926982607703365
0.9337992764695497
0.994587255165646
1.1993756785617737
0.95369490152448
0.9340856180147864
0.9567704377341203
Running 800 simulations with 4 MPI ranks
Rank 0: 200 simulations
1.2335287241869308
1.2499374971047614
1.1423828481940894
1.093452168171378
Rank 1: 200 simulations
1.016853558131463
Rank 2: 200 simulations
