==========================================
Mass Fraction MPI Run
==========================================
Date:               Fri Oct  2 10:55:13 CDT 2026
Host:               ac016
Array job ID:       2182566
Array task ID:      4
MPI ranks:          4
CPUs per task:      1
Nodes allocated:    1
Python:             /scratch/user/u.hm357857/.conda/envs/comets/bin/python
Conda environment:  /scratch/user/u.hm357857/.conda/envs/comets
==========================================

1.0588825022192319
1.244452595198561
1.3494200180564282
1.36062619238603
0.8681349813405751
0.9765952189506287
1.1383565455075255
1.3263163825866533
0.8335963851720705
1.0607872550803021
0.8294634045847715
0.8847988023457305
1.105691564759962
0.8119669871872071
1.379493378326495
1.1370864242829217
0.9859187131191807
1.2982133209627191
0.8181818844468026
1.3506858853083568
0.804089884994149
1.206699337200015
1.1664303813206158
0.8601180893904831
1.056281117497537
0.8518258592441043
1.2475438930829985
1.4246802538167025
1.2310843523595345
0.9474686345136305
1.1274011683407972
1.2546139558245342
0.8561779960258645
0.8700838230697697
1.2967973055879698
1.409915772380218
0.9566119879314747
1.0360777519688296
1.2568295576902682
1.1479112946313068
0.9020652411446951
0.8535226223441503
1.2639662302073715
0.9296033769574411
1.051233347341112
0.8914353597683494
0.8942866520566972
1.1271289922984977
1.189671739978702
0.9736087613269482
0.8782232913835861
1.3774830457775504
1.2204576381145575
0.8841194804444777
1.0013939138729275
1.235842557506245
0.9524761300467556
0.8163810516224478
1.1849402563458389
1.2669656712762922
0.9404447363295813
1.3035793722362374
1.310167637147782
1.0157026261367381
0.8669602345150067
0.8769856059938798
0.9911024603340151
1.0353954134532288
1.3930439518618565
0.8359059406314173
1.4381321300760361
0.9924679198195672
1.2774878618177743
0.9650856508920413
1.1753221822178663
1.3090605779893172
1.0542941231188143
1.205169675642623
1.2137296158018795
1.4216470005334978
0.9415601019390858
1.4173455645046182
1.0851133522979688
0.9632641598483838
0.9720263572499815
0.8953613751576551
1.0853349370187075
0.8150966808110961
1.1224035332082518
1.3354868896488974
1.3492892061489996
1.2906552866573584
1.3360091314171374
1.1715169424153975
0.8970046685712236
1.2040703684954082
1.0637603095451889
0.9247584005436537
1.1689931996432286
1.2744579556642563
1.3195680309654652
1.0715330761737096
0.9886503271587599
1.1848961434335037
0.8887342313262317
1.2953861869774044
1.1594414678715097
1.2612597110131352
1.2886191331812977
1.3628399992249356
0.9494038124325421
1.2070775022573577
0.9318258012338569
1.1707242654612553
1.1828388797971452
0.9768537267051375
0.7893970599303884
0.948241143127805
1.2491185008447385
1.1494496828052772
1.3416304784508648
1.2026009528962247
1.1882082492542978
0.8557564080452255
1.3226183192649215
1.1907087313257785
1.120940422374323
1.2424881811023596
0.8596802782930077
0.9437997951785799
1.3863311944211536
1.0871641777273766
0.8741081483153509
1.0326848725136386
1.2310613157889607
0.9321099098441225
1.2713798945099557
1.0891143163258385
1.389328963100803
1.0675274074302012
0.9944501297007342
0.8278881639455657
1.069543862362882
1.3583981098470295
0.8830317505740329
0.8516926667559226
1.2632754849864942
1.3484899055711708
1.2814068783055093
1.0434010745667102
0.9657156013820922
1.260892194684642
0.7977699909971809
0.8728258434895237
1.1725601866786888
1.2323293300494116
1.3648253279664746
1.291565117726353
1.329290994579157
0.962608876128338
1.1967133314994098
1.1664244003476467
1.343176655961409
0.8743125193473114
1.2334085972564257
0.9094802605836799
1.402447173886678
1.4023466695828635
1.2561190585369135
0.829503111860803
0.9384376694623895
0.9333191948434103
1.3445150894118507
1.0813383069796196
1.4263715183987837
0.9245972680289425
1.4297417630835794
1.3965676601208497
1.2797850543512614
0.8322539068831708
1.131396554154151
1.3764441964640843
1.2451675636797355
1.004587570709153
1.3561383689943947
1.3572806591646338
1.3097522609489018
1.1097949580615134
1.4149776040399014
1.3374143154372864
1.148680443616619
1.0232469406369713
1.2834080302719817
1.051689419700156
0.9149736202788337
0.9523648665740196
1.2033942450648332
0.8449697783217743
1.0998603860895766
1.2840949294856587
1.3715910048902682
1.2406600338725986
0.9739807699438671
1.3306139182749883
0.8364880526967994
1.3677256776465916
0.8849222767421899
0.9599713703384283
0.7926986758837928
1.1533845767334103
1.3281742025252732
0.9923550953233171
1.2074543943702705
0.9439028349197381
1.2612417387445125
0.894830619942469
1.3248631072890016
1.3129171730925648
0.9059210187635044
0.8800184578106974
1.1842613521842844
1.0572864579833574
1.3454549749249343
1.2438661153777821
1.3550071618622046
0.9775030879015939
1.053342798206708
1.1586070286244365
1.3896620184515909
0.868639520345594
1.1979601994358697
0.9363349050428251
0.8502223685159844
1.1600740807072696
0.9316924098775445
1.0351651685399574
1.4057489776016356
0.8863399851896786
1.4142627800786112
1.3532421332555193
1.1114769676124445
1.392934808918771
1.2635149243667212
1.009111681414114
1.0309043191292782
1.1738018378208699
1.3024686387990685
1.041742471463183
0.8738564820052803
1.240043117196844
1.1085554382355323
0.9474134724546321
1.3722662482966261
1.3272388374822024
1.1758440823521292
1.0724669913469724
1.0563802533590418
1.414356725144343
1.0469693470080346
1.152389931152547
1.0819673365163704
1.174554178569291
1.1369292284499908
1.3323729899646664
0.9534054861112664
1.3220340608191794
1.2007476229458873
1.152930988082929
1.2627596116712279
1.0540327796637436
1.158433270759488
1.3163237150504634
1.0852527682798023
1.0664993446214885
0.9802399864554203
1.0318706347685056
1.1358351801970001
0.8229715326735415
1.3836470424476064
1.1083278095555493
1.2113699638292235
1.2147695231043898
1.208935031909649
1.1038043320180122
1.25935151188528
0.8223252756534418
0.8874220044251573
1.2872312776608776
0.8522174017525905
1.2275144067598398
1.0522157692068155
1.0631325167994778
1.0065964285576812
0.9812786457618818
1.422737698509972
0.8089663134168419
0.9102401326283079
1.4023874114704449
1.3108672171358686
0.869895939173396
0.88123379867029
0.8928412826028704
1.1993212514885243
0.9950662958392031
0.9182413833548179
0.8859344472780003
1.1554842522094275
0.812961947161686
0.8645667035551208
1.3670891127664215
0.8334479006267721
1.2111062770615832
0.9729949370265468
1.2949688218356155
1.0132641531591238
1.153464912636012
1.0173862132830935
1.3946879616990897
1.1446344367955301
1.2753433105247416
1.2710906061905516
0.994878472013284
1.1406883834766168
1.0586750959705629
1.3236390316248279
1.3821349064201307
1.031209701285121
1.0303857026091152
1.1660081627249168
0.9540528281039142
1.2052205342765276
0.7937233596131177
0.930933115868083
1.1576907852605511
1.1546404251564075
1.1227591448966021
1.3946581070857933
1.1952188180385857
1.1712887060452095
1.3932034167206844
0.9537236176273107
0.9739760708833742
1.0615207456138498
0.9225826312469158
1.2287339879012185
1.3256584405928813
1.0791465755152048
1.285641788269374
1.2916967232762877
0.8935520544324563
1.423168070524973
1.045330494743772
1.156204813039034
0.8268077695933055
0.9901591492917688
1.3831681293481433
1.0174518915560018
1.1771225143596453
0.9368890447303345
1.3249761813611503
1.3056132032478338
1.3338262070445717
0.828803422909637
1.3946662865960275
1.3389467098806358
1.0560684994430503
0.9782480999805845
1.3747847077393602
0.9430063232440156
1.3332627789283205
0.8409982989859267
1.3190784376237947
1.2553879488375095
1.016439880937293
1.3593983361473008
1.4314890101240119
1.4297931464929843
1.4301822817691565
1.2118752276977192
1.2815069594538415
1.419692179447806
1.4285887280387466
1.154670173250581
0.9384903890800662
1.379762075780907
1.2230778189681786
0.9961418240205899
1.0043258428062907
0.8014897488241569
1.1208447144005331
1.402129579170495
0.8378343863793932
0.9125630193825225
1.4248197501198074
1.1846808474552195
0.8168922564689555
1.4231487686080033
0.8855656320884036
1.4023761365472547
1.2031072637263902
1.4257913749185718
1.0958312549195837
1.1606426509972878
1.4141546523498734
1.007533942035157
1.3131572074296323
1.3648715521302344
1.3684990807527821
1.0381978110446086
1.2212434998960675
1.3168255485348186
0.9263932853295681
0.9479766708503324
0.982953327676299
1.350326839806853
1.3732976700311097
1.1449872088779025
1.1789536714342017
1.2331266989135583
0.8273289923002065
0.9624945680645801
1.3010950786713815
1.3879670071540822
1.1813311818794683
1.3511707275039417
1.0591268861193908
1.0245697991792486
0.8951502198050151
1.3131390003081387
1.0879427308196774
0.8398892348034995
0.8175606854088846
1.2123896134500636
1.2359145535174105
1.309103124759651
0.8333394554579551
1.2316419191892196
1.09093253941679
1.4269354364961675
1.399611996777024
0.9273984516848056
1.3786130860704886
1.272752892575643
1.1571289634881232
1.1451791340324728
1.1153215889129737
1.050427947720996
0.8387487397289967
0.8176727051425391
0.9559417606680207
1.3841607126132573
1.3694404092897394
1.2864126715902373
1.098689690746062
1.1217156185238115
1.4351184867052043
1.3989646717609623
1.0060442185195462
1.0996595935728024
1.0894310273444854
1.344399478690316
1.2694479445222935
1.3510708670389309
1.1400498494826965
0.8042703469206698
1.2761714057676352
1.0510874269999368
1.332824494860957
1.4363401119957613
0.9370970996674692
1.2686486654762488
1.4096715041520773
1.013615275160157
0.8765074608652681
1.1803225485552664
0.958678585885363
0.9981799095696766
1.0138198516731318
1.1428841082905208
1.1079968411355083
1.2336732328187823
1.3220688413412272
0.8287302930438885
1.3539838019495907
1.1574616751423439
1.3916713226818702
1.1434296622685858
0.9682967938479379
1.2321184153515918
1.1593234097399563
1.3816377799118653
1.217945523174845
0.8520568683592971
1.153134333682431
1.3809406304384315
0.8873611165016156
1.3848195469956122
1.3295461302721074
0.8628023536423627
1.3589111574476767
0.9394475209558397
1.2914341475945208
1.3598663765809973
1.2995783863053139
1.272564164594909
1.2351776094248326
0.9307343629671605
1.0357473025130497
1.217684237318332
0.7961838078848879
1.0624305965537075
1.0931515012162478
1.0984888350115687
0.9768478692818974
0.8335730054988115
0.8807902169963533
0.9255481678758779
0.8585116339258132
1.066694523804701
1.144317497353106
0.931965163795593
1.2403224379096756
1.1376720124939608
1.3423832521451184
0.9943440118688345
0.8329168430394205
1.029122116530064
1.4068832857589735
1.141472572134972
1.1908720918399949
1.1082550178207706
0.8280144944665048
1.3136983127555786
0.940124332311435
1.0301828057902225
1.344365844306997
1.2447325367341282
0.8533067706747658
1.1868567307569595
1.1236494368324232
1.0765402465061127
1.3576515043090516
0.823109716448132
1.0846563476636768
0.8717019280926179
1.0956428894104517
1.0915029731750243
0.8719565105437939
1.3308174457724045
1.3032343654064942
0.9895235680782385
1.0029571307849332
0.9932676352519049
1.0071746611086916
1.044009957604459
1.1725767996876535
1.2539632458651995
1.175718111348682
0.9825411636192146
1.2491947955757505
1.2030748382783345
0.7897305087048181
1.4120974756945193
1.3791110251604466
1.317217805114264
0.9851732384742445
0.8822311545552597
1.0251888179700397
1.0493029472652953
0.822164821140921
0.8082123731027205
0.8799037526434426
0.9534404818466904
1.0793241933447255
1.085049996326861
0.9494043663276184
1.273451318843127
1.2734617032524749
1.0850992191150346
1.353229245091384
1.2357280787783917
1.3032864735574992
1.0757772403963866
0.8269543829003934
1.363410653827743
1.4259687348441978
1.1740645097712283
1.33133076847519
1.2336309586201342
1.0278822576483164
1.3988342285178077
0.7994454710541545
1.2738787211747928
1.2088927615020957
1.2477716108220984
1.0695636469250045
1.415082956855334
1.227881839609496
0.983250962415048
0.862525716853479
1.3843725057977592
1.3254565827866496
1.0100372351705493
0.9839112863896122
1.1436717391297102
1.0397621968261088
1.1233346251848868
1.1389689704851762
0.9080395639982268
1.3351458592695051
1.2865036537662253
0.8285101845253975
1.1663620706576108
0.9414276628069649
1.0433141618665642
0.8247095242905048
1.1103141759961743
0.9251603475963646
1.1265598365072782
1.307166117755399
0.8136489450884311
1.3258878432134882
1.2310069147788218
1.0818159817664297
1.262713515417033
1.1550785534793964
0.9507175555373917
0.8742762629066315
1.13727200361777
1.4237281532317745
1.0961576952440706
1.2411038343498038
0.8374709982075134
1.063821038461059
1.0330937264056395
0.9434220652082352
0.905492348981978
0.9399922860880647
1.267312999932256
1.1814242242169748
0.8224482698037632
1.392449308865855
1.114968655502174
0.9686139380715997
0.9185008181599205
0.9200073510104957
0.7897688815431586
1.211412724513065
1.1179194075423085
0.9393329780530085
0.941991660068689
1.0474924628163496
1.1244249792886425
0.9679573580169946
1.060461895229279
0.9855364941982369
0.837809988163896
0.8370412984229512
0.8895919640957428
1.2452983535646884
1.147984054706944
0.9002810999958323
0.9684869382576213
0.8010878934182255
0.8525006643139748
1.0044900497693483
0.9326422041343592
1.104971605644289
1.3724085017770098
0.9167294431696058
1.3594855815237037
1.418398637549478
1.1890730298773233
1.4184871437014954
1.3361692176085669
1.0524601438085384
0.8157484746217036
1.080221085570331
1.3125459592284487
1.1268186821562665
0.8188123970124989
1.162949861099305
1.3608598756046077
1.062858709211125
1.2166366748061002
1.0848661926473613
1.1422333595215266
0.9413166954415095
1.361154699497371
1.3686166158020954
1.1554015801126398
0.9497803606628055
0.95959499078888
0.8917370135116807
1.0465853629420436
0.7987506937374823
1.3638846565444265
1.395442508347213
1.1396908491738218
0.9995542452474582
1.4076507290463038
1.2394050893398736
0.9945849492985496
1.1605707407195942
1.1622792246827316
1.0709774713329867
1.2596972063245142
1.1954200375977813
1.3063072746883315
1.0050582487989441
0.8902295221590206
0.8933560722009551
1.2967475693689385
1.007394285448321
1.1989389887501956
1.3664544010358637
1.1915989236564386
1.286434866115144
1.314109481696657
1.0539036935090147
1.0171409271319514
1.0880607680677823
1.1706159994664225
0.9205302126365269
1.0501927333598764
1.2733680948453396
1.3221635228618145
0.8040301384282965
1.0296209082782912
1.3993443585910494
0.8205692948446106
0.9539234341941569
1.0172065367126302
1.1107363303661302
1.1965668190054184
0.8123393764143134
1.2459827685218992
0.8014617664417594
0.8297465565506473
0.9826916924103206
1.2135593001567573
0.9588568535593582
1.0697337054886253
1.0049698976691146
0.930807482303089
1.0433616394308929
1.2895374081036501
0.9959813356395849
1.4345047975064595
0.9696912114592544
1.0485735360780915
0.9838278516908509
0.7883493626232735
1.2952475147477829
1.207648690121143
1.0182239396554895
1.1767492174509482
0.8446212435135885
1.0058795433309096
1.3369828409107902
0.8403436603976876
0.970324019503736
1.184752345116583
0.9226287791548096
1.1869004681254727
1.0780717988745971
1.2248920280734867
1.065666011266152
1.386416100466524
1.164287587061283
0.8160525299797068
0.8923268336407415
1.2901631700080225
1.3529055960541299
0.892394122572056
1.2889581423157501
1.2644415506743376
1.2048446957748182
1.0830391705539593
1.0224054645913951
1.1229347144285085
1.224627265191878
0.8380662422490772
1.2307743564470175
0.9181789337599595
1.0373728153421875
1.2224457392897343
1.3050425214391255
0.8706171852890353
1.150782527598899
Rank 2: 200 simulations
0.8686196914400784
1.4070053707303147
Rank 1: 200 simulations
0.9453623819161923
1.1488570300678875
0.9245404261183681
1.3344927886322702
Running 800 simulations with 4 MPI ranks
Rank 0: 200 simulations
0.9635949354302845
1.3828027086759735
0.8016168240208073
1.0476356381589111
Rank 3: 200 simulations
t=3353734  fraction=0.55875  peak_slope=1.500e-06  t_peak=1117911  comparison cadence=3353734  difference=0.55875  below=0/3
t=3354734  fraction=0.55875  peak_slope=1.500e-06  t_peak=1117911  comparison cadence=3353734  difference=0.55875  below=0/3
t=3355734  fraction=0.55875  peak_slope=1.500e-06  t_peak=1117911  comparison cadence=3353734  difference=0.55875  below=0/3
t=3356734  fraction=0.55875  peak_slope=1.500e-06  t_peak=1117911  comparison cadence=3353734  difference=0.55875  below=0/3
t=3357734  fraction=0.55875  peak_slope=1.500e-06  t_peak=1117911  comparison cadence=3353734  difference=0.55875  below=0/3
t=3358734  fraction=0.55875  peak_slope=1.500e-06  t_peak=1117911  comparison cadence=3353734  difference=0.55875  below=0/3
t=3359734  fraction=0.55875  peak_slope=1.500e-06  t_peak=1117911  comparison cadence=3353734  difference=0.55875  below=0/3
t=3360734  fraction=0.55875  peak_slope=1.500e-06  t_peak=1117911  comparison cadence=3353734  difference=0.55875  below=0/3
t=3361734  fraction=0.55875  peak_slope=1.500e-06  t_peak=1117911  comparison cadence=3353734  difference=0.55875  below=0/3
t=3362734  fraction=0.55875  peak_slope=1.500e-06  t_peak=1117911  comparison cadence=3353734  difference=0.55875  below=0/3
t=3363733  fraction=0.55875  peak_slope=1.500e-06  t_peak=1117911  comparison cadence=3353734  difference=0.55875  below=0/3
t=3364733  fraction=0.55875  peak_slope=1.500e-06  t_peak=1117911  comparison cadence=3353734  difference=0.55875  below=0/3
t=3365733  fraction=0.55875  peak_slope=1.500e-06  t_peak=1117911  comparison cadence=3353734  difference=0.55875  below=0/3
t=3366733  fraction=0.55875  peak_slope=1.500e-06  t_peak=1117911  comparison cadence=3353734  difference=0.55875  below=0/3
t=3367733  fraction=0.55875  peak_slope=1.500e-06  t_peak=1117911  comparison cadence=3353734  difference=0.55875  below=0/3
t=3368733  fraction=0.55875  peak_slope=1.500e-06  t_peak=1117911  comparison cadence=3353734  difference=0.55875  below=0/3
t=3369733  fraction=0.55875  peak_slope=1.500e-06  t_peak=1117911  comparison cadence=3353734  difference=0.55875  below=0/3
t=3370733  fraction=0.55875  peak_slope=1.500e-06  t_peak=1117911  comparison cadence=3353734  difference=0.55875  below=0/3
t=3371733  fraction=0.55875  peak_slope=1.500e-06  t_peak=1117911  comparison cadence=3353734  difference=0.55875  below=0/3
t=3372733  fraction=0.55875  peak_slope=1.500e-06  t_peak=1117911  comparison cadence=3353734  difference=0.55875  below=0/3
t=3373733  fraction=0.55875  peak_slope=1.500e-06  t_peak=1117911  comparison cadence=3353734  difference=0.55875  below=0/3
t=3374733  fraction=0.55875  peak_slope=1.500e-06  t_peak=1117911  comparison cadence=3353734  difference=0.55875  below=0/3
t=3375733  fraction=0.55875  peak_slope=1.500e-06  t_peak=1117911  comparison cadence=3353734  difference=0.55750  below=0/3
t=3376732  fraction=0.55875  peak_slope=1.500e-06  t_peak=1117911  comparison cadence=3353734  difference=0.55750  below=0/3
t=3377732  fraction=0.55875  peak_slope=1.500e-06  t_peak=1117911  comparison cadence=3353734  difference=0.55750  below=0/3
t=3378732  fraction=0.55875  peak_slope=1.500e-06  t_peak=1117911  comparison cadence=3353734  difference=0.55750  below=0/3
t=3379732  fraction=0.55875  peak_slope=1.500e-06  t_peak=1117911  comparison cadence=3353734  difference=0.55750  below=0/3
t=3380732  fraction=0.55875  peak_slope=1.500e-06  t_peak=1117911  comparison cadence=3353734  difference=0.55750  below=0/3
t=3381732  fraction=0.55875  peak_slope=1.500e-06  t_peak=1117911  comparison cadence=3353734  difference=0.55750  below=0/3
t=3382732  fraction=0.55875  peak_slope=1.500e-06  t_peak=1117911  comparison cadence=3353734  difference=0.55750  below=0/3
t=3383732  fraction=0.55875  peak_slope=1.500e-06  t_peak=1117911  comparison cadence=3353734  difference=0.55750  below=0/3
t=3384732  fraction=0.55875  peak_slope=1.500e-06  t_peak=1117911  comparison cadence=3353734  difference=0.55750  below=0/3
t=3385732  fraction=0.55875  peak_slope=1.500e-06  t_peak=1117911  comparison cadence=3353734  difference=0.55750  below=0/3
t=3386732  fraction=0.55875  peak_slope=1.500e-06  t_peak=1117911  comparison cadence=3353734  difference=0.55750  below=0/3
t=3387732  fraction=0.55875  peak_slope=1.500e-06  t_peak=1117911  comparison cadence=3353734  difference=0.55750  below=0/3
t=3388731  fraction=0.55875  peak_slope=1.500e-06  t_peak=1117911  comparison cadence=3353734  difference=0.55750  below=0/3
t=3389731  fraction=0.55875  peak_slope=1.500e-06  t_peak=1117911  comparison cadence=3353734  difference=0.55750  below=0/3
t=3390731  fraction=0.55875  peak_slope=1.500e-06  t_peak=1117911  comparison cadence=3353734  difference=0.55750  below=0/3
t=3391731  fraction=0.55875  peak_slope=1.500e-06  t_peak=1117911  comparison cadence=3353734  difference=0.55750  below=0/3
t=3392731  fraction=0.55875  peak_slope=1.500e-06  t_peak=1117911  comparison cadence=3353734  difference=0.55750  below=0/3
t=3393731  fraction=0.55875  peak_slope=1.500e-06  t_peak=1117911  comparison cadence=3353734  difference=0.55750  below=0/3
t=3394731  fraction=0.55875  peak_slope=1.500e-06  t_peak=1117911  comparison cadence=3353734  difference=0.55750  below=0/3
t=3395731  fraction=0.55875  peak_slope=1.500e-06  t_peak=1117911  comparison cadence=3353734  difference=0.55750  below=0/3
t=3396731  fraction=0.55875  peak_slope=1.500e-06  t_peak=1117911  comparison cadence=3353734  difference=0.55750  below=0/3
t=3397731  fraction=0.55875  peak_slope=1.500e-06  t_peak=1117911  comparison cadence=3353734  difference=0.55750  below=0/3
t=3398731  fraction=0.55875  peak_slope=1.500e-06  t_peak=1117911  comparison cadence=3353734  difference=0.55750  below=0/3
t=3399731  fraction=0.55875  peak_slope=1.500e-06  t_peak=1117911  comparison cadence=3353734  difference=0.55750  below=0/3
t=3400731  fraction=0.55875  peak_slope=1.500e-06  t_peak=1117911  comparison cadence=3353734  difference=0.55750  below=0/3
t=3401730  fraction=0.55875  peak_slope=1.500e-06  t_peak=1117911  comparison cadence=3353734  difference=0.55750  below=0/3
t=3402730  fraction=0.55875  peak_slope=1.500e-06  t_peak=1117911  comparison cadence=3353734  difference=0.55750  below=0/3
t=3403730  fraction=0.55875  peak_slope=1.500e-06  t_peak=1117911  comparison cadence=3353734  difference=0.55750  below=0/3
t=3404730  fraction=0.55875  peak_slope=1.500e-06  t_peak=1117911  comparison cadence=3353734  difference=0.55750  below=0/3
t=3405730  fraction=0.55875  peak_slope=1.500e-06  t_peak=1117911  comparison cadence=3353734  difference=0.55750  below=0/3
t=3406730  fraction=0.55875  peak_slope=1.500e-06  t_peak=1117911  comparison cadence=3353734  difference=0.55750  below=0/3
t=3407730  fraction=0.55875  peak_slope=1.500e-06  t_peak=1117911  comparison cadence=3353734  difference=0.55750  below=0/3
t=3408730  fraction=0.55875  peak_slope=1.500e-06  t_peak=1117911  comparison cadence=3353734  difference=0.55750  below=0/3
t=3409730  fraction=0.55875  peak_slope=1.500e-06  t_peak=1117911  comparison cadence=3353734  difference=0.55750  below=0/3
t=3410730  fraction=0.55875  peak_slope=1.500e-06  t_peak=1117911  comparison cadence=3353734  difference=0.55750  below=0/3
t=3411730  fraction=0.55875  peak_slope=1.500e-06  t_peak=1117911  comparison cadence=3353734  difference=0.55750  below=0/3
t=3412730  fraction=0.55875  peak_slope=1.500e-06  t_peak=1117911  comparison cadence=3353734  difference=0.55750  below=0/3
t=3413729  fraction=0.55875  peak_slope=1.500e-06  t_peak=1117911  comparison cadence=3353734  difference=0.55750  below=0/3
t=3414729  fraction=0.55875  peak_slope=1.500e-06  t_peak=1117911  comparison cadence=3353734  difference=0.55750  below=0/3
t=3415729  fraction=0.55875  peak_slope=1.500e-06  t_peak=1117911  comparison cadence=3353734  difference=0.55750  below=0/3
t=3416729  fraction=0.55875  peak_slope=1.500e-06  t_peak=1117911  comparison cadence=3353734  difference=0.55750  below=0/3
t=3417729  fraction=0.55875  peak_slope=1.500e-06  t_peak=1117911  comparison cadence=3353734  difference=0.55750  below=0/3
t=3418729  fraction=0.55875  peak_slope=1.500e-06  t_peak=1117911  comparison cadence=3353734  difference=0.55750  below=0/3
t=3419729  fraction=0.55875  peak_slope=1.500e-06  t_peak=1117911  comparison cadence=3353734  difference=0.55750  below=0/3
t=3420729  fraction=0.55875  peak_slope=1.500e-06  t_peak=1117911  comparison cadence=3353734  difference=0.55750  below=0/3
t=3421729  fraction=0.55875  peak_slope=1.500e-06  t_peak=1117911  comparison cadence=3353734  difference=0.55750  below=0/3
t=3422729  fraction=0.55875  peak_slope=1.500e-06  t_peak=1117911  comparison cadence=3353734  difference=0.55750  below=0/3
t=3423729  fraction=0.55875  peak_slope=1.500e-06  t_peak=1117911  comparison cadence=3353734  difference=0.55750  below=0/3
t=3424729  fraction=0.55875  peak_slope=1.500e-06  t_peak=1117911  comparison cadence=3353734  difference=0.55750  below=0/3
t=3425729  fraction=0.55875  peak_slope=1.500e-06  t_peak=1117911  comparison cadence=3353734  difference=0.55750  below=0/3
t=3426728  fraction=0.55875  peak_slope=1.500e-06  t_peak=1117911  comparison cadence=3353734  difference=0.55750  below=0/3
t=3427728  fraction=0.55875  peak_slope=1.500e-06  t_peak=1117911  comparison cadence=3353734  difference=0.55750  below=0/3
t=3428728  fraction=0.55875  peak_slope=1.500e-06  t_peak=1117911  comparison cadence=3353734  difference=0.55750  below=0/3
t=3429728  fraction=0.55875  peak_slope=1.500e-06  t_peak=1117911  comparison cadence=3353734  difference=0.55750  below=0/3
t=3430728  fraction=0.55875  peak_slope=1.500e-06  t_peak=1117911  comparison cadence=3353734  difference=0.55750  below=0/3
t=3431728  fraction=0.55875  peak_slope=1.500e-06  t_peak=1117911  comparison cadence=3353734  difference=0.55750  below=0/3
t=3432728  fraction=0.55875  peak_slope=1.500e-06  t_peak=1117911  comparison cadence=3353734  difference=0.55750  below=0/3
t=3433728  fraction=0.55875  peak_slope=1.500e-06  t_peak=1117911  comparison cadence=3353734  difference=0.55750  below=0/3
t=3434728  fraction=0.55875  peak_slope=1.500e-06  t_peak=1117911  comparison cadence=3353734  difference=0.55750  below=0/3
t=3435728  fraction=0.55875  peak_slope=1.500e-06  t_peak=1117911  comparison cadence=3353734  difference=0.55750  below=0/3
t=3436728  fraction=0.55875  peak_slope=1.500e-06  t_peak=1117911  comparison cadence=3353734  difference=0.55750  below=0/3
t=3437728  fraction=0.55875  peak_slope=1.500e-06  t_peak=1117911  comparison cadence=3353734  difference=0.55750  below=0/3
t=3438728  fraction=0.55875  peak_slope=1.500e-06  t_peak=1117911  comparison cadence=3353734  difference=0.55750  below=0/3
t=3439727  fraction=0.55875  peak_slope=1.500e-06  t_peak=1117911  comparison cadence=3353734  difference=0.55750  below=0/3
t=3440727  fraction=0.55875  peak_slope=1.500e-06  t_peak=1117911  comparison cadence=3353734  difference=0.55750  below=0/3
t=3441727  fraction=0.55875  peak_slope=1.500e-06  t_peak=1117911  comparison cadence=3353734  difference=0.55750  below=0/3
t=3442727  fraction=0.55875  peak_slope=1.500e-06  t_peak=1117911  comparison cadence=3353734  difference=0.55750  below=0/3
t=3443727  fraction=0.55875  peak_slope=1.500e-06  t_peak=1117911  comparison cadence=3353734  difference=0.55750  below=0/3
t=3444727  fraction=0.56000  peak_slope=1.500e-06  t_peak=1117911  comparison cadence=3353734  difference=0.55875  below=0/3
t=3445727  fraction=0.56000  peak_slope=1.500e-06  t_peak=1117911  comparison cadence=3353734  difference=0.55875  below=0/3
t=3446727  fraction=0.56000  peak_slope=1.500e-06  t_peak=1117911  comparison cadence=3353734  difference=0.55875  below=0/3
t=3447727  fraction=0.56000  peak_slope=1.500e-06  t_peak=1117911  comparison cadence=3353734  difference=0.55875  below=0/3
t=3448727  fraction=0.56000  peak_slope=1.500e-06  t_peak=1117911  comparison cadence=3353734  difference=0.55875  below=0/3
t=3449727  fraction=0.56000  peak_slope=1.500e-06  t_peak=1117911  comparison cadence=3353734  difference=0.55875  below=0/3
t=3450727  fraction=0.56000  peak_slope=1.500e-06  t_peak=1117911  comparison cadence=3353734  difference=0.55875  below=0/3
t=3451726  fraction=0.56000  peak_slope=1.500e-06  t_peak=1117911  comparison cadence=3353734  difference=0.55875  below=0/3
t=3452726  fraction=0.56000  peak_slope=1.500e-06  t_peak=1117911  comparison cadence=3353734  difference=0.55875  below=0/3
t=3453726  fraction=0.56000  peak_slope=1.500e-06  t_peak=1117911  comparison cadence=3353734  difference=0.55875  below=0/3
t=3454726  fraction=0.56000  peak_slope=1.500e-06  t_peak=1117911  comparison cadence=3353734  difference=0.55875  below=0/3
t=3455726  fraction=0.56000  peak_slope=1.500e-06  t_peak=1117911  comparison cadence=3353734  difference=0.55875  below=0/3
t=3456726  fraction=0.56000  peak_slope=1.500e-06  t_peak=1117911  comparison cadence=3353734  difference=0.55875  below=0/3
t=3457726  fraction=0.56000  peak_slope=1.500e-06  t_peak=1117911  comparison cadence=3353734  difference=0.55875  below=0/3
t=3458726  fraction=0.56000  peak_slope=1.500e-06  t_peak=1117911  comparison cadence=3353734  difference=0.55875  below=0/3
t=3459726  fraction=0.56000  peak_slope=1.500e-06  t_peak=1117911  comparison cadence=3353734  difference=0.55875  below=0/3
t=3460726  fraction=0.56000  peak_slope=1.500e-06  t_peak=1117911  comparison cadence=3353734  difference=0.55875  below=0/3
t=3461726  fraction=0.56000  peak_slope=1.500e-06  t_peak=1117911  comparison cadence=3353734  difference=0.55875  below=0/3
t=3462726  fraction=0.56000  peak_slope=1.500e-06  t_peak=1117911  comparison cadence=3353734  difference=0.55875  below=0/3
t=3463726  fraction=0.56125  peak_slope=1.500e-06  t_peak=1117911  comparison cadence=3353734  difference=0.56000  below=0/3
t=3464725  fraction=0.56125  peak_slope=1.500e-06  t_peak=1117911  comparison cadence=3353734  difference=0.56000  below=0/3
t=3465725  fraction=0.56125  peak_slope=1.500e-06  t_peak=1117911  comparison cadence=3353734  difference=0.56000  below=0/3
t=3466725  fraction=0.56125  peak_slope=1.500e-06  t_peak=1117911  comparison cadence=3353734  difference=0.56000  below=0/3
t=3467725  fraction=0.56125  peak_slope=1.500e-06  t_peak=1117911  comparison cadence=3353734  difference=0.56000  below=0/3
t=3468725  fraction=0.56125  peak_slope=1.500e-06  t_peak=1117911  comparison cadence=3353734  difference=0.56000  below=0/3
t=3469725  fraction=0.56125  peak_slope=1.500e-06  t_peak=1117911  comparison cadence=3353734  difference=0.56000  below=0/3
t=3470725  fraction=0.56125  peak_slope=1.500e-06  t_peak=1117911  comparison cadence=3353734  difference=0.56000  below=0/3
t=3471725  fraction=0.56125  peak_slope=1.500e-06  t_peak=1117911  comparison cadence=3353734  difference=0.56000  below=0/3
t=3472725  fraction=0.56250  peak_slope=1.500e-06  t_peak=1117911  comparison cadence=3353734  difference=0.56125  below=0/3
t=3473725  fraction=0.56250  peak_slope=1.500e-06  t_peak=1117911  comparison cadence=3353734  difference=0.56125  below=0/3
t=3474725  fraction=0.56250  peak_slope=1.500e-06  t_peak=1117911  comparison cadence=3353734  difference=0.56125  below=0/3
t=3475725  fraction=0.56250  peak_slope=1.500e-06  t_peak=1117911  comparison cadence=3353734  difference=0.56125  below=0/3
t=3476724  fraction=0.56250  peak_slope=1.500e-06  t_peak=1117911  comparison cadence=3353734  difference=0.56125  below=0/3
t=3477724  fraction=0.56250  peak_slope=1.500e-06  t_peak=1117911  comparison cadence=3353734  difference=0.56125  below=0/3
t=3478724  fraction=0.56250  peak_slope=1.500e-06  t_peak=1117911  comparison cadence=3353734  difference=0.56125  below=0/3
t=3479724  fraction=0.56250  peak_slope=1.500e-06  t_peak=1117911  comparison cadence=3353734  difference=0.56125  below=0/3
t=3480724  fraction=0.56250  peak_slope=1.500e-06  t_peak=1117911  comparison cadence=3353734  difference=0.56125  below=0/3
t=3481724  fraction=0.56250  peak_slope=1.500e-06  t_peak=1117911  comparison cadence=3353734  difference=0.56125  below=0/3
t=3482724  fraction=0.56250  peak_slope=1.500e-06  t_peak=1117911  comparison cadence=3353734  difference=0.56125  below=0/3
t=3483724  fraction=0.56250  peak_slope=1.500e-06  t_peak=1117911  comparison cadence=3353734  difference=0.56125  below=0/3
t=3484724  fraction=0.56250  peak_slope=1.500e-06  t_peak=1117911  comparison cadence=3353734  difference=0.56125  below=0/3
t=3485724  fraction=0.56250  peak_slope=1.500e-06  t_peak=1117911  comparison cadence=3353734  difference=0.56125  below=0/3
t=3486724  fraction=0.56250  peak_slope=1.500e-06  t_peak=1117911  comparison cadence=3353734  difference=0.56125  below=0/3
t=3487724  fraction=0.56250  peak_slope=1.500e-06  t_peak=1117911  comparison cadence=3353734  difference=0.56125  below=0/3
t=3488724  fraction=0.56250  peak_slope=1.500e-06  t_peak=1117911  comparison cadence=3353734  difference=0.56125  below=0/3
t=3489723  fraction=0.56250  peak_slope=1.500e-06  t_peak=1117911  comparison cadence=3353734  difference=0.56125  below=0/3
t=3490723  fraction=0.56250  peak_slope=1.500e-06  t_peak=1117911  comparison cadence=3353734  difference=0.56125  below=0/3
t=3491723  fraction=0.56250  peak_slope=1.500e-06  t_peak=1117911  comparison cadence=3353734  difference=0.56125  below=0/3
t=3492723  fraction=0.56250  peak_slope=1.500e-06  t_peak=1117911  comparison cadence=3353734  difference=0.56000  below=0/3
t=3493723  fraction=0.56250  peak_slope=1.500e-06  t_peak=1117911  comparison cadence=3353734  difference=0.56000  below=0/3
t=3494723  fraction=0.56250  peak_slope=1.500e-06  t_peak=1117911  comparison cadence=3353734  difference=0.56000  below=0/3
t=3495723  fraction=0.56250  peak_slope=1.500e-06  t_peak=1117911  comparison cadence=3353734  difference=0.56000  below=0/3
t=3496723  fraction=0.56250  peak_slope=1.500e-06  t_peak=1117911  comparison cadence=3353734  difference=0.56000  below=0/3
t=3497723  fraction=0.56250  peak_slope=1.500e-06  t_peak=1117911  comparison cadence=3353734  difference=0.56000  below=0/3
t=3498723  fraction=0.56250  peak_slope=1.500e-06  t_peak=1117911  comparison cadence=3353734  difference=0.56000  below=0/3
t=3499723  fraction=0.56250  peak_slope=1.500e-06  t_peak=1117911  comparison cadence=3353734  difference=0.56000  below=0/3
t=3500723  fraction=0.56250  peak_slope=1.500e-06  t_peak=1117911  comparison cadence=3353734  difference=0.56000  below=0/3
t=3501723  fraction=0.56250  peak_slope=1.500e-06  t_peak=1117911  comparison cadence=3353734  difference=0.56000  below=0/3
t=3502722  fraction=0.56250  peak_slope=1.500e-06  t_peak=1117911  comparison cadence=3353734  difference=0.56000  below=0/3
t=3503722  fraction=0.56250  peak_slope=1.500e-06  t_peak=1117911  comparison cadence=3353734  difference=0.56000  below=0/3
t=3504722  fraction=0.56250  peak_slope=1.500e-06  t_peak=1117911  comparison cadence=3353734  difference=0.56000  below=0/3
t=3505722  fraction=0.56250  peak_slope=1.500e-06  t_peak=1117911  comparison cadence=3353734  difference=0.56000  below=0/3
t=3506722  fraction=0.56250  peak_slope=1.500e-06  t_peak=1117911  comparison cadence=3353734  difference=0.56000  below=0/3
t=3507722  fraction=0.56250  peak_slope=1.500e-06  t_peak=1117911  comparison cadence=3353734  difference=0.56000  below=0/3
t=3508722  fraction=0.56250  peak_slope=1.500e-06  t_peak=1117911  comparison cadence=3353734  difference=0.56000  below=0/3
t=3509722  fraction=0.56250  peak_slope=1.500e-06  t_peak=1117911  comparison cadence=3353734  difference=0.56000  below=0/3
t=3510722  fraction=0.56250  peak_slope=1.500e-06  t_peak=1117911  comparison cadence=3353734  difference=0.56000  below=0/3
t=3511722  fraction=0.56250  peak_slope=1.500e-06  t_peak=1117911  comparison cadence=3353734  difference=0.56000  below=0/3
t=3512722  fraction=0.56250  peak_slope=1.500e-06  t_peak=1117911  comparison cadence=3353734  difference=0.56000  below=0/3
t=3513722  fraction=0.56250  peak_slope=1.500e-06  t_peak=1117911  comparison cadence=3353734  difference=0.56000  below=0/3
t=3514721  fraction=0.56250  peak_slope=1.500e-06  t_peak=1117911  comparison cadence=3353734  difference=0.56000  below=0/3
t=3515721  fraction=0.56250  peak_slope=1.500e-06  t_peak=1117911  comparison cadence=3353734  difference=0.56000  below=0/3
t=3516721  fraction=0.56250  peak_slope=1.500e-06  t_peak=1117911  comparison cadence=3353734  difference=0.56000  below=0/3
t=3517721  fraction=0.56250  peak_slope=1.500e-06  t_peak=1117911  comparison cadence=3353734  difference=0.56000  below=0/3
t=3518721  fraction=0.56250  peak_slope=1.500e-06  t_peak=1117911  comparison cadence=3353734  difference=0.56000  below=0/3
t=3519721  fraction=0.56250  peak_slope=1.500e-06  t_peak=1117911  comparison cadence=3353734  difference=0.55875  below=0/3
t=3520721  fraction=0.56250  peak_slope=1.500e-06  t_peak=1117911  comparison cadence=3353734  difference=0.55875  below=0/3
t=3521721  fraction=0.56250  peak_slope=1.500e-06  t_peak=1117911  comparison cadence=3353734  difference=0.55875  below=0/3
t=3522721  fraction=0.56250  peak_slope=1.500e-06  t_peak=1117911  comparison cadence=3353734  difference=0.55875  below=0/3
t=3523721  fraction=0.56250  peak_slope=1.500e-06  t_peak=1117911  comparison cadence=3353734  difference=0.55875  below=0/3
t=3524721  fraction=0.56250  peak_slope=1.500e-06  t_peak=1117911  comparison cadence=3353734  difference=0.55875  below=0/3
t=3525721  fraction=0.56250  peak_slope=1.500e-06  t_peak=1117911  comparison cadence=3353734  difference=0.55875  below=0/3
t=3526721  fraction=0.56250  peak_slope=1.500e-06  t_peak=1117911  comparison cadence=3353734  difference=0.55875  below=0/3
t=3527720  fraction=0.56250  peak_slope=1.500e-06  t_peak=1117911  comparison cadence=3353734  difference=0.55875  below=0/3
t=3528720  fraction=0.56250  peak_slope=1.500e-06  t_peak=1117911  comparison cadence=3353734  difference=0.55875  below=0/3
t=3529720  fraction=0.56250  peak_slope=1.500e-06  t_peak=1117911  comparison cadence=3353734  difference=0.55875  below=0/3
t=3530720  fraction=0.56250  peak_slope=1.500e-06  t_peak=1117911  comparison cadence=3353734  difference=0.55875  below=0/3
t=3531720  fraction=0.56250  peak_slope=1.500e-06  t_peak=1117911  comparison cadence=3353734  difference=0.55875  below=0/3
t=3532720  fraction=0.56250  peak_slope=1.500e-06  t_peak=1117911  comparison cadence=3353734  difference=0.55875  below=0/3
t=3533720  fraction=0.56250  peak_slope=1.500e-06  t_peak=1117911  comparison cadence=3353734  difference=0.55875  below=0/3
t=3534720  fraction=0.56250  peak_slope=1.500e-06  t_peak=1117911  comparison cadence=3353734  difference=0.55875  below=0/3
t=3535720  fraction=0.56250  peak_slope=1.500e-06  t_peak=1117911  comparison cadence=3353734  difference=0.55875  below=0/3
t=3536720  fraction=0.56250  peak_slope=1.500e-06  t_peak=1117911  comparison cadence=3353734  difference=0.55875  below=0/3
t=3537720  fraction=0.56250  peak_slope=1.500e-06  t_peak=1117911  comparison cadence=3353734  difference=0.55875  below=0/3
t=3538720  fraction=0.56250  peak_slope=1.500e-06  t_peak=1117911  comparison cadence=3353734  difference=0.55875  below=0/3
t=3539720  fraction=0.56250  peak_slope=1.500e-06  t_peak=1117911  comparison cadence=3353734  difference=0.55875  below=0/3
t=3540719  fraction=0.56250  peak_slope=1.500e-06  t_peak=1117911  comparison cadence=3353734  difference=0.55875  below=0/3
t=3541719  fraction=0.56250  peak_slope=1.500e-06  t_peak=1117911  comparison cadence=3353734  difference=0.55875  below=0/3
t=3542719  fraction=0.56250  peak_slope=1.500e-06  t_peak=1117911  comparison cadence=3353734  difference=0.55875  below=0/3
t=3543719  fraction=0.56250  peak_slope=1.500e-06  t_peak=1117911  comparison cadence=3353734  difference=0.55875  below=0/3
t=3544719  fraction=0.56250  peak_slope=1.500e-06  t_peak=1117911  comparison cadence=3353734  difference=0.55875  below=0/3
t=3545719  fraction=0.56250  peak_slope=1.500e-06  t_peak=1117911  comparison cadence=3353734  difference=0.55875  below=0/3
t=3546719  fraction=0.56250  peak_slope=1.500e-06  t_peak=1117911  comparison cadence=3353734  difference=0.55875  below=0/3
t=3547719  fraction=0.56250  peak_slope=1.500e-06  t_peak=1117911  comparison cadence=3353734  difference=0.55875  below=0/3
t=3548719  fraction=0.56250  peak_slope=1.500e-06  t_peak=1117911  comparison cadence=3353734  difference=0.55875  below=0/3
t=3549719  fraction=0.56250  peak_slope=1.500e-06  t_peak=1117911  comparison cadence=3353734  difference=0.55875  below=0/3
t=3550719  fraction=0.56250  peak_slope=1.500e-06  t_peak=1117911  comparison cadence=3353734  difference=0.55875  below=0/3
t=3551719  fraction=0.56250  peak_slope=1.500e-06  t_peak=1117911  comparison cadence=3353734  difference=0.55875  below=0/3
t=3552718  fraction=0.56250  peak_slope=1.500e-06  t_peak=1117911  comparison cadence=3353734  difference=0.55875  below=0/3
t=3553718  fraction=0.56250  peak_slope=1.500e-06  t_peak=1117911  comparison cadence=3353734  difference=0.55875  below=0/3
t=3554718  fraction=0.56250  peak_slope=1.500e-06  t_peak=1117911  comparison cadence=3353734  difference=0.55875  below=0/3
t=3555718  fraction=0.56250  peak_slope=1.500e-06  t_peak=1117911  comparison cadence=3353734  difference=0.55875  below=0/3
t=3556718  fraction=0.56250  peak_slope=1.500e-06  t_peak=1117911  comparison cadence=3353734  difference=0.55875  below=0/3
