==========================================
Mass Fraction MPI Run
==========================================
Date:               Sun Oct  4 12:10:31 CDT 2026
Host:               ac015
Array job ID:       2186705
Array task ID:      0
MPI ranks:          20
CPUs per task:      1
Nodes allocated:    3
Python:             /scratch/user/u.hm357857/.conda/envs/comets/bin/python
Conda environment:  /scratch/user/u.hm357857/.conda/envs/comets
==========================================

0.8883361287855555
1.0587850783946544
1.0648053940686732
1.1386697485524269
1.0911159887645747
1.0891748906088934
0.9659506862713143
0.9716468058922076
0.9609983253755412
0.8630636270660033
1.149110711434217
0.8728459032188236
0.9242308641881521
1.118881740542932
0.9319805665626241
1.1160992859618117
1.1449150254684224
1.1230007870349463
0.922649834462061
0.9865965772218701
0.9224413457759412
1.150506528890024
1.0652115565942086
0.915875001134633
1.032656096435325
1.0288690399846165
0.974482485638648
1.1672335996235639
1.1135619673166213
0.8954071188511399
0.9306218747576676
0.9281252119791344
1.068003284255689
1.1200403398485697
0.9112825193139418
1.1180066370952293
0.8784789563904132
0.9313348946743509
1.023274619158511
0.9091292144815879
0.8735470490290597
1.1704508840924754
1.024557277353806
1.0120841692744535
0.8833757830767287
1.1068109914344912
0.9973212446116675
0.9274509875777092
1.1198337710180537
0.9176927119208861
0.8798774261497899
1.0881918927305614
1.1344390261225077
0.9318474145642585
0.99073433334729
1.007640597040974
1.0055028668779584
1.1071829973120835
0.9003548333582891
0.903057883154506
1.1421033832502787
1.1620499749879367
1.1303405079049225
0.972839903897643
0.9469725784166982
0.9793541580664661
1.1247467697898563
1.1388073361097888
0.8985401169799679
1.1719560359047576
0.9793522913998345
1.1447267371402292
0.9100355499887884
1.0906762905344884
1.0416916795480928
0.9059063431828802
0.9012942998236235
0.8985280631390669
1.093005289172063
0.8978412962872183
0.9612074381168754
0.8708393859653107
0.974214629847959
0.9882600304767309
0.8728825290642055
0.8633339790697075
1.0139920654049326
0.9063309323351516
1.0636632055354527
1.167196775384866
0.9616861507819653
1.145618985982726
0.9499034123436838
1.0656192517783083
1.0435190796292002
1.0724259760121035
0.9036071998203554
0.9337139326483868
1.1656648994960392
1.1206747706330027
1.0000265568312636
0.9876347341958489
0.8800822691806834
1.1219212129806353
1.1710193210478845
1.0945041413801062
1.1766569800405768
1.0650286332050287
0.9088599343941317
0.9549164127487666
1.0296060673497365
1.1753595014290215
0.879104669571989
1.0025350417024723
0.9162707087978631
0.9316255064464598
1.003530078059203
1.1748765191133088
1.158920953617665
1.1571657714041712
1.1605317290606731
1.0355807310203218
0.9706474079678142
0.9796303205300979
1.0032858580797397
1.048773542213614
0.86807931899029
0.9853681634531024
1.1193634722355188
1.1186696418556457
0.8935047680105656
0.8746187244886027
1.0941928484613257
0.9087153098456324
1.0919114376397951
1.1267723159629144
1.099896617733135
1.138072503246715
1.0849794327641689
1.170769182319285
1.137981009310189
0.9350866438444871
1.1482576726494993
0.9438805558514571
1.0803387411513081
1.056074837087929
0.9627957592033773
0.9490085738609937
1.153047359428336
1.008885978784643
1.0744664396661632
0.9737989297209348
0.9687158842621351
1.0039902733935642
1.1656000006979974
0.9749558782068966
0.8837986972105035
0.9338279436291084
1.115485139540458
1.1193695747856396
1.1568625101819627
1.0807668852305352
1.1590326031962632
1.0390414133927826
0.9811994487699891
0.9671922528761231
0.8796460496851137
1.1313389615835039
1.0791805935018168
0.9198583626813683
1.047144255518031
1.0464485653936346
1.168007720209968
0.9768121051052742
1.1552457131213085
1.1047087168808791
0.9983353600041732
1.114599013459908
0.8613776042610981
1.0762871407145242
0.8839750921766728
0.8793804201771223
1.1369113693932127
0.985684129474695
1.0790788355574215
1.0652866539794001
0.9613662598780826
0.9027142234129497
1.1317350230372583
1.1567931991920972
1.1530027085733
1.0318090944068206
0.9153757426631581
0.8952995448099289
1.11765211508324
1.1054021633807176
0.895700909229689
0.9168448748143179
0.8695920033735588
1.129286504627745
0.998199951193663
0.9346910631426436
0.8912053728157245
0.8603704673733856
1.1351946711476395
0.9294433513235952
1.1077821142523752
0.9209819070957185
1.1675515594742414
1.0783076016520505
0.8794943579482067
1.0385256297528807
1.050925513396259
0.9710952105073298
0.8758312244427022
1.011053712402561
0.9653984431744179
0.9270705918891997
1.0630096284262915
1.0381685019346656
1.0778380394411053
0.9255437595440497
1.1639503667265072
0.874643872729748
1.1759431881826938
1.1693159256967436
1.176107441473964
0.9813812160197147
1.0992732684958286
1.101119740961737
1.1777591295932104
0.8757049377689928
1.0905201767043373
0.9277085497081319
1.0978519268216123
0.9498804117012103
0.8797076473940312
0.9544156815827477
1.1359518090177603
1.14824458132478
0.899973109501766
1.178058232005728
1.0667249188840908
0.925920815193661
1.1031141406864318
0.8739900778361418
0.9302940172964733
0.8792030127068204
1.087258899413622
1.006539709777
1.1746142896585006
1.1077110192974746
1.118959893384051
0.966504944649276
0.9580617434384375
0.9645878681859167
0.9478907396403183
0.9893615080575136
1.0948696188148999
0.8693680136091307
1.0315318111084373
0.9981664977967029
1.0580525590030974
0.9730693396517645
1.1379817034036084
1.034904828574045
1.059937907078583
0.9742040177480558
1.1171438280328625
0.906392391919536
0.905934476808457
0.9362030797205275
1.151163608454121
1.0579553077612347
1.150528625033412
0.9081301127271477
1.1123672620746317
1.1408189012552927
0.8851688787578981
0.9035913265919563
1.1194984269865638
0.9485802047119546
1.0634904684299733
0.9991499052021293
1.0798288926157376
1.1088633606628804
1.0323472336529906
1.0643148286286845
1.0657833380043478
1.160104345205215
0.8878390794083949
1.1564430762439082
0.9859930897127247
1.1055141919440283
1.100273854503532
1.1257538955608317
1.0911817837983322
1.0009131113901821
1.012407102290859
1.1464204402609468
1.0900006277129073
0.915560286628385
1.1071389788547479
0.9798904145298732
1.065538991762685
1.1508347786682098
1.173685143678013
0.917387445444541
0.9031048976853696
0.9942730364710077
1.1147296539718186
0.934287448775527
0.9650689685951509
0.9797412017982109
1.0568122861065614
1.0658154994389903
0.9892338435479354
0.9038001099866333
1.124494293306693
1.0798805978739319
0.9744066730139104
1.0068295936067573
0.8645009423585737
1.0346141891822582
0.9348326711479821
1.0789959785436478
0.9867343242271895
0.9692895415707695
1.1063801721710482
0.9913116807119133
1.159486404552615
0.9781337306057937
1.1689003424283242
0.9453204925433742
0.9811861050891989
0.8703060256828798
1.06081440522684
0.9529638293152453
1.0625833257996204
0.9494456560151749
1.0669123340280802
1.092740203504101
1.117834470250614
1.14075005642432
1.0808992941803743
0.9222445970894964
1.1639021626720205
1.0810634737143612
0.9375969801068079
1.0939456909222007
1.0595024148120091
1.0524102318426052
0.9789526248394184
1.1449092989702692
1.1455556775649836
0.8811560903324875
0.971983964678031
0.8624901313365895
0.9416227756426313
1.1172130385127743
1.0126452061592806
0.9998598011637868
0.9982292880495656
1.15527774972111
1.0258868207637462
0.9716363582539613
0.95708183383142
1.1140663798109256
1.04170738224019
0.9142621339663157
1.0125979363000315
1.0994899911867386
1.1403674509924417
0.999549587081357
1.1638464540294968
1.0034646968147638
1.0748804849809794
1.108265859234282
0.9233551873548879
1.0775486628616322
1.0734267335629601
1.1466920785503383
1.1210594127701137
1.1346955209902705
1.0257984641098363
0.9955538116461006
1.036077807971809
0.9604091062778951
0.9952801897214612
0.9647934723564061
1.145201584618272
1.0973794126169154
0.9082478644861707
1.133830815832673
1.1108056729449527
1.1252554155564716
1.1124725632808414
1.122722295950342
0.8975051627463665
0.99788145317524
1.0537592792860377
0.8839336358118562
1.078598886346307
1.1049172156831482
0.8756041731216816
1.028513524955061
0.9722268570797279
0.9070601264671551
1.0363952355060488
1.037502835541202
0.9137641638705963
1.0180590148652378
1.147193026539861
1.0582158631057064
0.9170910194928206
0.9954482964677682
0.9139397214534394
0.9650309546802135
0.9846872845126445
0.9587508727195033
1.0366135651903157
1.1348346183373739
0.9819010121998487
0.9098462156232375
1.0167628927040122
1.1639908900265743
1.064773691728584
0.9383933581982241
1.117659616821766
1.0266849740901138
1.0312100793585408
1.0818055241695905
1.1590374914814823
0.9164226322253208
1.108907276996777
1.0850017514874915
0.8663244359607221
0.8929347639597638
0.9435007373177249
1.0358045622779053
1.1430738728010723
1.1389320715426325
0.9872669116347694
1.1805847357654882
1.1123123452389536
1.0858494455297445
0.9003821225440756
1.1081335632685716
0.9283186015675479
0.9729309722789116
0.9994487141209547
1.045180082333789
0.9934781625106108
0.9810007044445765
1.0693211626748569
1.0978785946897633
1.0331118382055948
1.1028689392348514
0.9043733933359139
0.8613636537567146
0.9908094829864246
0.8935168869740652
1.1037328503503767
0.9273105654646191
0.9607754085770022
1.076053400697129
0.9915281117642523
0.870513915019369
0.883094525780962
1.1548292850264037
0.9024806404896375
0.9474547279676515
1.0678159988406464
1.0574686657095567
1.117184345161645
1.0194202211279793
1.1573628183891091
0.9774731322331317
0.9173703568843756
1.0589928428564714
0.922317523236303
0.9133853368927279
0.8797481145081625
1.0763213302703294
1.076819699130839
0.9931252465994465
0.985119950746554
0.88101593325574
1.0647955906670767
1.052228897943013
1.1561210246619649
1.117568319678592
1.0332047132537747
1.0338837042806481
1.0789074032168218
1.0223667446114946
1.0625830591932999
1.1053281575440468
1.0749896687765905
1.0771037794794414
0.8781369250323898
0.9099641921013993
0.9834648700560616
0.9986469483607259
1.0080410337557821
1.1012619293708685
0.923645926005819
0.9260640083366128
1.1737217370903141
1.0451521735015847
1.0227127754737737
0.9959043556907203
1.1086870933918707
0.963258684518475
1.1055202483361188
0.9660570446103995
0.9387015757549295
0.9116035383142752
1.1276201163781612
1.042048282385287
0.8688713454690417
1.038735186105352
1.0610046532979873
0.8901035561409079
1.1079835166512975
1.1638232906016028
1.0223724865312425
1.0882255022909013
1.1262618812176437
1.1653164327045906
1.078841396982489
0.8699803520647755
1.0103189740534098
0.9593349701339295
1.0581708230119775
0.873984518382217
0.8964974665225423
1.1715391740906371
0.9071540003832441
1.1351867513256706
1.0860401442907657
1.0247335058015405
0.9755708697488265
0.9793899379117043
0.8941936814069503
1.154673255247653
0.9234349481129902
0.9494516468751654
1.1224508706482261
0.902997998866866
0.9414795220135054
1.1431856619458964
1.015885999894991
0.9725056632165995
0.9807866444905098
0.9994841187730451
1.0487603161955479
0.8641569038798435
0.9353727478881921
1.1022593438106312
1.0383376743200365
1.1362322407293166
0.9691364660293305
1.0808086212801984
1.0209385179682184
0.8748225376788985
1.0190765028806297
0.9750705268600015
1.15907188862136
1.022678797405546
1.0920264127892563
1.1110068017420622
0.8763304038245835
0.8772006545046712
1.0718117454256997
0.9166739953168506
1.1536342520502385
1.1589331812206425
1.099546666021584
1.041068883408737
1.166290984273004
1.1792858334087772
0.8731721852368396
0.9108808591474723
1.1341652336560646
0.9354459220058384
1.0530405559578782
0.9198899574519592
1.1384685464272932
0.9295596893199004
1.1283831758554834
1.109063204053759
0.9360822171979648
1.0612532858916288
0.967199986411656
0.986515849940148
0.9683850800251523
1.17396197098871
1.1262192750740883
1.0645051237564362
0.8690678261551338
1.1601573485802008
1.0310480649257079
0.9994980339082911
1.0147758822026636
1.1168299802946815
0.8671919009771886
0.9065896100890922
1.0377722021906624
0.973687222308789
1.054082373598175
0.8980371717849007
1.015035097307921
0.9603070312721642
0.9533113719931885
1.0533782466199322
1.09598498780929
1.0455278219927129
0.897255394065335
0.960832966767
1.1641369893257876
0.8738382810949891
1.151397339034236
1.1784434576225395
1.031783184848904
1.1544163293404355
1.1534171927130705
0.9829933008083831
0.9825725093706102
1.1140720962606292
1.0792167492064912
1.1697195612785016
0.9125949514286167
1.1268969687064123
0.8603635732998319
1.1184394060020222
1.018027376975916
1.0217233695256602
1.1368140051274978
1.036320937818063
1.100306753676591
1.0508701279775996
0.9935435379233117
0.9335396012250433
0.9397398285680036
0.9727664450810801
1.1473297361585104
0.9352123954606323
1.0767400392835091
1.005112604498612
0.977863180792211
1.1092110087782463
1.0710799817626275
1.1564982205320768
1.000682485721937
0.9309176599914789
1.0170294241526023
1.0036782094930852
1.0858189588492504
1.1460113589716205
0.9745751676180554
1.1308707888237408
1.0573224888280162
0.9265583173393402
1.1045910512004158
1.0453905159741395
0.8689225087062712
1.1033111762368097
0.8834446783208686
0.9377319765653795
0.9405318106127676
1.0761927258257082
1.0609508824913234
1.0600274850140496
1.0719203754614526
0.9842635181417111
0.8607578255662012
1.0598821617782181
1.1324093496060759
0.9482924387539937
1.0179107187356373
0.9225701932126084
0.9293252494082892
1.117209839641971
1.1603374958041004
0.9923340472909536
1.0184493645310453
0.965302545040621
0.9961831172578998
1.1185722977292951
1.0611576144792252
1.102706493661617
1.156378260270921
1.1544583773878319
1.0382651411899677
0.9879748232766065
1.0854284848727254
1.141000161557953
1.0687735421261713
1.1609577249197676
0.9059781038198704
0.9679635917871371
1.172688671379033
0.9408344714055006
0.9700690225261781
1.1576759024251702
0.9471067516085101
0.9537721024114514
0.9323041808597583
0.8877710345965899
0.936651656574194
1.1569891156296546
0.9035972234469188
0.8619688159795507
1.044552561460871
1.1235365406759614
0.9518095406494292
1.1345747673776687
1.1015372921788416
1.0748067112300994
1.1381148475405607
0.8877964806426951
1.1730088300844301
1.0424306630182107
1.0017208642287538
1.1410036634407243
1.093969231117947
0.9659923792292473
0.9016026907442627
0.8959228110343675
1.1720386235778686
0.999442117886385
1.1307188110814086
0.9604691637471525
0.9180054098012937
1.0637403591669927
0.8856534813793697
1.035574438673185
1.15744270580692
1.0089448574170696
1.0730320783870788
0.9437655761988833
1.1764070854932147
1.098267241444969
1.114576110588784
0.9071756038852359
0.9597049110212887
1.1250061797853135
1.1504212752057736
1.0129272000322809
1.0814081584798165
0.9479085625612774
1.0352950725201444
0.892783448884933
1.067488631670768
1.137512849378933
1.0711272970450558
0.9227549422705474
1.0986009420148306
1.0234172867371076
0.9959825057716288
1.0366526868308519
0.8811364248046879
1.1647261743253294
0.909951237338459
1.1191788546914054
0.9394684477637727
1.1783034810525288
1.0844536977251475
0.9186037842829478
1.0818276160631095
0.8958274968553347
1.144282101503787
0.8925617216559651
1.174080956758388
1.1001358958759615
0.9536220652981802
0.9974094312905124
1.1353375553882472
0.9601629851854011
0.8924985388007902
0.8840218525301708
1.0581897575058132
1.061285872932413
Rank 5: 40 simulations
1.0007411869228424
Rank 4: 40 simulations
1.0263498572674905
Running 800 simulations with 20 MPI ranks
Rank 0: 40 simulations
1.0852068718423757
0.8635043489232852
Rank 11: 40 simulations
1.176935219317277
Rank 6: 40 simulations
Rank 9: 40 simulations
1.1614031134573382
Rank 2: 40 simulations
Rank 8: 40 simulations
1.0202452680707557
0.9202395178747029
Rank 3: 40 simulations
0.8844553718059217
1.0182078318181846
Rank 1: 40 simulations
1.0129738318294181
0.9265629131460078
0.920410523177845
Rank 15: 40 simulations
0.9114540905599581
1.1000627117242407
0.9269623167699238
Rank 14: 40 simulations
Rank 16: 40 simulations
Rank 17: 40 simulations
Rank 13: 40 simulations
Rank 18: 40 simulations
Rank 19: 40 simulations
Rank 12: 40 simulations
Rank 7: 40 simulations
Rank 10: 40 simulations
