==========================================
Mass Fraction MPI Run
==========================================
Date:               Sun Oct  4 12:30:38 CDT 2026
Host:               ac086
Array job ID:       2186705
Array task ID:      2
MPI ranks:          20
CPUs per task:      1
Nodes allocated:    1
Python:             /scratch/user/u.hm357857/.conda/envs/comets/bin/python
Conda environment:  /scratch/user/u.hm357857/.conda/envs/comets
==========================================

1.2102866023406096
0.9480997746520781
0.8494891721957448
1.178492410474713
0.8434132802644174
0.8307376617121139
1.0809471544410725
1.10008803841157
1.0746316585916647
0.898554104652177
0.9066139994157996
1.0321328711393083
1.1324166038204815
0.9814188427397539
1.223045930766062
0.9918402582928161
1.2318843266405684
0.9818891441435148
0.9349498403686737
0.9901934195287017
0.8928467269754584
1.1884376839667747
1.1050277796664596
1.0851428825154188
1.2253127316481662
1.2274769351261634
1.0150148087766013
1.217369636399695
0.83947403724743
1.1058775219764905
1.203333883943686
1.2236169219485704
0.9789670010428394
1.03417511140317
1.1209846462666606
0.9831191853681954
1.274244972147115
1.1109800375254213
0.8336938317095188
1.2157484037253667
0.8448420049255578
1.2465251413247982
1.107283440437521
0.8329268796269433
0.9178482836391328
0.9676876086131169
0.982366003106486
0.8625656801682179
1.1974615671789963
1.0475933870041196
1.1932298843775753
1.0239327342998519
1.1409816459353834
1.0033419742441547
0.9431081272927145
1.1923639802385548
1.267228396518616
0.9679569568238404
0.8347909013391365
1.154510910056907
0.849924526138354
1.0607078143264548
0.9289811037566997
1.1235542175111808
0.8365259076470151
1.0188242508372238
1.0556427795250043
1.1106457069271234
1.1174623623045044
0.9658918715732558
0.8549340128503496
1.0017573947018539
1.068361662914806
1.1164798953796609
0.8732046812837146
0.9123124073132707
0.8808455148797163
1.0131162979932102
1.1890523492597702
0.9623586729688114
0.978119766300374
0.8813785629317586
1.0681572370973946
1.1345984537654557
1.1998898343565771
1.028899976898951
1.2804891223146604
1.144265840396164
1.1401682369215749
1.2014409721454675
0.9807169965784546
0.9432210084476207
0.8573388765394958
1.174902849962751
1.1830162784712193
1.2497310006725622
0.8285673973699895
1.0044932914755338
1.1999951832726616
1.2754255445790115
1.2608655982720316
1.105502695196265
1.032968563750182
1.0319467797697104
0.9926371544651029
1.2383927377183623
1.1826206935857109
1.0687682883762428
1.1560257321055192
1.0078918002977253
0.8545190805867822
1.0804802325204608
1.1536448225869889
1.0306451958811267
1.1345992222608845
1.2634081235014762
0.979120674663451
0.836566628601589
0.9156059553153456
1.2770354250434894
0.836183478302276
0.8288781894104323
0.8778524367436205
0.854420821064688
0.9865853966793826
0.9457623157384479
1.235217002735374
1.051611058079629
1.241215629387011
0.9625105296512112
1.176398951016871
0.8285393266401284
1.2569338215653645
0.9143022895628319
1.1517690048672153
1.205815471092506
0.9408235872287649
0.923609599337269
1.2477899097578433
1.0076019596786034
0.8572000153732036
1.1890938085757923
1.2413049025823348
1.0586958181161872
0.8650270976500867
1.0425748322330872
0.8991627063329594
0.9058991553470651
0.904697606686788
0.8616692657151424
1.243731489993236
0.968880559502259
1.1445492396643617
1.2094898896103736
0.8626732033968271
1.0187581153383602
1.2410084289607193
1.2189591287435526
1.1290330318289623
1.2340109185152643
1.018763698032288
1.1836890767621224
0.981247649123872
0.9106393823129356
1.2581803951934067
0.9121030737837286
1.0398646675868515
1.0251171662010052
0.8992751410872756
0.93824770824536
1.224133869791676
1.1829358484820913
0.8664672096758088
1.260718391241321
0.830061120745431
1.0459932482296506
1.0588324338140556
1.2208049998951378
0.838523366932173
1.134936303264863
0.9512726797498551
1.2320138923696438
0.8988262015274945
1.2813264546163348
1.2215453563264869
1.0776831960314728
0.8644505033310234
1.1273966846188965
1.1043575745120993
0.9322627532780611
0.9162698465205539
0.832368724089643
1.0577624476332472
1.221556043711097
1.2274056229850956
0.8574883543245716
1.179636151707145
0.8915477253669098
0.9509075860330882
1.0296021161566078
1.2217358200634552
1.2694307870548975
1.02958039355855
0.8515679835372219
0.9245994381864003
1.1956844868690055
1.0404807200875301
1.0280108556414695
0.8614490543749322
0.8645054598762889
1.2255308345314075
1.0560748829280189
1.145842295847829
1.1039209285034253
1.0789969888849964
0.9047401373803255
1.1668787048546059
1.1835622720884282
1.213979228839402
0.839119826367404
1.2218303286424232
0.9575354795122516
0.9055354418777516
1.0636965676014585
0.8519101903020186
0.9677620525601457
1.155389752754704
0.856103246688463
0.8931360358869828
1.262891988505977
1.033244168986937
1.1990431279415195
1.2110204034872076
0.8490907293710463
1.08458269577106
1.0930759533480632
0.9457027802831038
0.9524524657089605
1.0287618653227464
0.8844747165341761
1.274113333518919
1.0902739832680919
0.9586617807833756
1.1318444811608566
1.2670989339991314
1.0038702090611962
1.2542660921917517
0.8776981231587426
0.9668205358869428
1.2309357305726152
1.1108165572576383
0.9833084675412751
1.1410084279865234
1.2539072743766164
1.0179476517395947
0.891412655738101
0.9907125295927612
1.0042322016915421
1.1336334581781404
1.1030715395278268
1.0131202998002642
1.0200918854320318
1.14659811864805
0.846617213288362
1.0874561161618268
0.9791834636761596
0.951831353099087
0.9956368978991267
0.8813090669991843
1.1663205300773962
0.9263926441699551
0.8403900322541562
1.191677901157274
1.2810338684488125
1.067628472111555
0.8493862027589814
0.87660076832722
0.9677178815483549
1.2499881558828312
1.1474673067715795
1.1493387967481992
1.2336894897733557
0.8889188242106921
0.9334295840501522
0.9446211981857362
1.2200442592049587
0.8387875486050363
0.972330653607924
1.1910846391755965
0.8686093285452128
1.2642382857850036
1.220995799740619
1.1294181203977671
0.9313365778213525
1.1978779772734618
1.184854030880865
1.0288430781834002
1.1354181260334193
0.9668468021287907
0.8932850146253196
1.271358086437452
1.2301179350924802
1.1748182677157688
0.8557105334500951
0.87119646564267
0.9538280401779698
1.1288585896807946
0.8786785684891647
0.875603938838583
1.0341257731574227
0.8619456532826135
1.0656893446465454
1.1762096810035243
1.1838910414067958
1.2228499841090805
1.1197617568646332
1.0097621093969318
1.023007991077074
1.159427676583701
0.8283403405609959
0.8757047574165517
1.0949474271606463
1.0448384575473189
1.0024589711550036
1.0947711249290681
1.047037716896997
1.0200667127338816
1.0316348216213382
1.053505946402048
0.8927408818417238
1.2149685976136098
0.8918942449509991
1.234921504830055
1.203460527499362
1.0460739007535569
0.8293988199957819
0.8746181479763335
1.207168523760021
1.1754147564316408
1.0122871963912705
1.1128159974612233
0.9491045982064302
1.1034862531603493
0.9595427158156842
0.9609903780364213
1.2405623608695886
0.9769047801911078
1.0024897624659923
0.8796622107874882
1.238474005006737
0.9411697681863026
1.1627566695610547
0.8796859252212066
0.8994504294512794
0.9475138530475402
1.1367307236896875
1.1233453311649828
1.270272041045684
1.1984215504480746
1.1305498114630477
1.123335449038426
1.0570780999524032
1.1925017518458332
1.16969144152833
1.0517192011006247
1.2347042694913246
1.2110218394580028
1.1333667637968696
1.1306530085087791
1.1699077802691296
1.0802260721617587
1.0006078463350794
1.0992206423221345
1.2652843697100575
0.9425728903836249
0.8568847885733297
1.1632049940369076
1.127943721045427
0.8699991895972906
1.2704327337817731
0.9348930989668615
1.2189385646924666
1.0657347985884384
1.0207929677576506
1.0871686768099718
1.2713501138490315
1.1661403496151785
1.0584251606757173
0.8492300360621289
1.23179108352804
1.1454313805114316
1.0688028038137638
0.9450238439118482
1.0244941169647568
1.0337012407377322
0.9394800164580173
1.0004401218396914
1.0562133208957871
0.9170831565518612
1.0493696124697083
1.252072047847821
1.1305053830799898
1.1284664337495336
1.1584459924496646
1.1802180116302046
1.0745539059421867
1.0764898463766301
0.9805390009494174
1.086928359339351
0.9543577385889315
0.9775510265629817
1.0797276295536773
1.1230579647451895
1.2132563420990419
1.085004073255812
1.1666716209450234
1.1487559548554105
1.188739037889664
0.8287474652105467
0.8913342865911179
1.0670068815935059
1.2577353358983172
0.9498095152848273
1.0470670979640873
1.0777448700410088
1.1570728060175006
1.1295315619621165
0.8960986454230165
0.83487102669667
1.2778751644702298
0.9339198761515687
1.121960970688491
1.2319039667514335
0.9807761712154937
1.1057701667879916
0.984757543278783
0.9449910270188472
1.0197084637381806
0.9123599303864747
0.9928461956862857
1.2393763612411368
1.0248629361207193
1.1711412919223103
1.0467872325627159
1.1198851948326618
1.0169001047172919
1.1583917375038904
1.1214913579003631
1.0050974448528367
1.2607386292010727
1.03506889838701
1.1086408934799832
1.1089148036628562
1.2778119663738725
0.9048747963996407
0.838810943796049
1.0223379813495845
1.1649444624609968
1.0490879731343352
0.9179314208897472
0.8873794607599923
1.042115176300351
1.185578516564037
0.9851501723895009
1.0733636966665803
0.9355965504160831
0.9070198212621825
1.0489304140612816
0.9388156246968455
0.94303323206066
1.021539392592012
0.8773167844587264
0.9225977012534274
1.0725896425884254
1.1855809761411533
1.1181975104627613
1.2221827755794399
1.1545293356860322
1.0204671333442545
1.164620507001905
0.8627973848190968
0.9549282891313662
1.209290138420862
1.1061102182508107
0.9993817232430636
1.0357073789226754
1.15575641324374
1.2124582031564421
0.866984763097471
1.0524239700035352
1.1894107658482904
0.9330795283570715
1.2538321257094622
1.2482351101877365
1.1560664739388744
0.9720619950675664
0.9193794764727318
0.8912868761194949
1.1490865742322067
1.0534273344186669
0.8417575219383131
0.852504835338935
0.9322960001224988
1.12372675485989
1.0762920902591244
0.9947979459658851
0.9593370319098551
1.2203922160590865
1.076234338862831
1.2518261036444325
0.9569097160025737
0.8561113552848502
0.9655616969701466
1.2114797653930152
0.9433682995708494
1.179382407864138
1.0783876459782031
0.9047241225162822
0.849561358332578
1.1588262667070646
1.1762109540892345
1.1856446353755161
1.2317638969350466
0.9064218102523569
1.1543416616171231
1.114886510948109
1.0601417736793899
1.1564725115301726
1.2089349637226907
1.1600604632461229
0.9557011702325768
1.2717697065292008
0.8351150618067733
0.9416382560371477
0.9697872539110161
0.934712795825526
1.0326829112262612
1.2148454427749784
0.896765021671389
0.9051486224325217
0.9217858640858573
0.8912491403099994
0.8730998370366619
0.9546270145143908
1.2482450580200546
1.1771107006016635
1.2742992784719687
0.8529742965057557
0.9067920573488486
0.8858276639944141
1.0218164066173256
1.1822607069475397
0.8615464776813724
0.8584877660962057
1.1045010055441415
1.2140187608876585
1.2207801226645554
1.1178433258187268
0.9093883618775037
0.9622878440835032
1.221596774533833
0.8921747240870948
1.1326363198065388
1.0677584558053093
1.2786191151831727
1.1073693086476664
1.149147780176098
1.0897992680598678
0.916513518591791
0.9819360482908059
0.9454777044017243
0.8967059175442456
0.9363994875840964
1.222082058381408
1.1258585819942342
1.143983122842228
0.8978572604489979
1.0435237721886403
0.894036820240892
0.8930470264157093
1.1151013180288478
1.0395857637923358
0.857385468186355
1.0346481262039453
0.9070066855459198
0.9001435561862698
0.8813431535374278
0.9243502851517641
1.175927701674313
1.089569611644463
1.258068313836304
1.2362763727021107
0.8866683282845211
1.2393959381450115
0.9069016856759851
1.1085021980770817
1.0724043370356655
1.2685576194566794
0.9091581171213348
0.9765746975389296
1.0779481688685193
0.9499237712642179
1.1999609127961606
1.1325080615798757
1.038501320036335
1.230597902428494
0.8724981474746543
0.9198428494095737
1.2646684143725424
0.9391278532532135
1.0429423808778564
0.8766021432191128
1.1127466792386547
1.1420446969115543
0.9857799312648567
1.0902712332632178
1.1083663318845374
0.940739229153968
0.945851850784301
0.9011180514203678
1.1188776513873362
1.1102965810987757
1.235872133603443
1.1453122542174483
0.9249901099666555
1.073529313065415
1.0507992273449525
1.1177805656690472
1.2259172826184657
1.255894440959045
1.2250429891455354
1.000646679941728
1.0152733106705403
1.1468017981205656
0.8551396574637916
1.1811713075942094
1.2283125190073274
1.260105665874291
1.269634088298849
1.076059751558418
0.8814560197205208
1.2743958745092032
0.906804258950133
0.9853158979326488
0.8518610195150536
0.9593841709873286
0.967978006271691
1.1208944963593834
1.2050872475081342
1.2660829326260432
0.8300751581632675
0.9029121566438512
1.0477542614438686
1.236321026174451
1.0859097208499364
0.8386887544136521
0.8479784498405436
1.1897842667678298
1.0620011137825693
1.1127972605376346
0.9112883025921965
1.0474759468830268
1.1560955355116087
0.9018856856790922
1.0918173283356212
1.0929539392454781
1.2531441914946422
1.1412468218726028
1.126061880890377
0.9755247237866088
1.2122797124462399
1.262089434425245
0.9051143834886413
0.9020431179086245
0.8672224599796374
1.0097092122658067
0.9308856245982686
1.2480586051637608
0.9010684213932647
0.9194737343857579
0.8835410159733877
1.2605831681166082
1.0925310593759756
1.2045917814137213
1.0515151828459692
1.0973830661652135
0.9406762195338062
1.0572177101129487
1.002601744947857
1.1983762634568578
1.0833339777744688
1.1862616807173687
1.0774695634625304
1.0463097007429212
0.8377419245947544
1.1955235359559628
0.846870111518095
0.9918255564241192
1.0458980146529668
0.8915781149559638
1.1465218426749189
1.1563584116767789
1.2622314811139201
0.9812581179879518
1.0135865012668819
1.258220587418625
0.9925530550886663
0.8974975566493932
1.2688658032105187
1.2756992280953088
1.0695336427146285
1.199173043426273
1.0300418039643486
1.1339970477352321
1.240880862104214
1.2419352712001723
0.9435636526837647
1.2038826730098573
1.1533887058161594
1.0719064542602603
1.258656396736576
1.0665492909011929
0.9485173373735629
0.8607813573746531
0.8797172453196853
1.1251977374835258
0.9332646343599618
0.8822487278105128
1.1229356397328931
0.986097898618882
1.127732226798496
1.2419653229031025
1.0768728206388738
1.1753689597118804
0.9230004684257297
0.9231638501853721
0.9256838484832799
1.1426446866835938
1.0614429805040102
1.2057831536846169
1.0741626820248928
0.8986778072527838
0.9204710902983151
1.0024817214100623
1.1924081168298495
1.0443160089837589
1.1799501942741806
0.9873707459089179
0.9682752949456627
0.9675739740747746
1.2502956526702584
1.139348581658104
0.9274470906309934
0.9374629182681327
1.129596875398573
1.2009358269448644
0.8795832482906926
1.0259228597568422
1.2281073065263766
0.9368677246666044
1.2633063565082328
1.0309666173120942
Rank 19: 40 simulations
1.1224986985694485
1.2787165481771328
1.1921310699009848
0.9530230269077427
1.0274619538700407
1.032896284597648
1.1309578877934672
0.850591360692271
1.2745612864673457
0.9335974611210826
1.2503223755888893
1.0645455184510872
1.115844619734804
1.1628590128979077
1.232573669325629
1.1349425578153516
0.9229622058722644
1.1793998815716944
1.2531090825868263
1.2699014201577548
1.169645296043715
0.8953216130985456
0.9380610097378516
Rank 16: 40 simulations
0.8408116214149025
0.974002076568067
1.2733038998148456
0.9449109907572663
Rank 14: 40 simulations
1.1942509363426714
1.0198692381903502
1.1401478543862038
1.2453335618413381
1.1766358902188625
Running 800 simulations with 20 MPI ranks
Rank 0: 40 simulations
1.1571432055660047
0.8876632858828336
0.9469137824199081
Rank 3: 40 simulations
Rank 4: 40 simulations
0.9805521182702669
1.2404806357666023
Rank 17: 40 simulations
Rank 7: 40 simulations
Rank 13: 40 simulations
Rank 1: 40 simulations
Rank 6: 40 simulations
Rank 8: 40 simulations
Rank 11: 40 simulations
Rank 5: 40 simulations
Rank 15: 40 simulations
Rank 2: 40 simulations
0.9590034369765792
Rank 10: 40 simulations
Rank 18: 40 simulations
Rank 9: 40 simulations
Rank 12: 40 simulations
