==========================================
Mass Fraction MPI Run
==========================================
Date:               Sun Oct  4 12:53:49 CDT 2026
Host:               ac016
Array job ID:       2186705
Array task ID:      4
MPI ranks:          20
CPUs per task:      1
Nodes allocated:    4
Python:             /scratch/user/u.hm357857/.conda/envs/comets/bin/python
Conda environment:  /scratch/user/u.hm357857/.conda/envs/comets
==========================================

1.2386967964743063
0.8927904104484397
1.2873403377529453
0.7954045769099103
1.2422360071624061
0.9888886155606578
1.1593000221821221
0.9804624960613674
0.7899311485649739
1.3332433730808662
1.091127255906973
1.2647981521296434
0.9338204637532423
0.7931674034694443
1.3331508390935047
0.8878479164506455
1.4245021089925565
1.021304320907793
1.3821223731356003
1.0232549766001244
1.3081170817941343
1.1171319653697442
1.239026535066834
1.0768998510987173
0.7928256990922523
1.0442177026133015
1.0922759780121212
0.9270112031164559
1.4355685561789775
1.2204005295967117
1.2334236859413799
1.3729421308388716
0.9170803979079569
1.0871981307910432
0.8905107721036782
1.050120088890156
0.8236358603651615
1.2603730818900702
1.3995649949728457
1.2461892317104921
1.38322751116321
0.8639578002242753
1.0460258563324891
1.0701483684230637
1.2489085672658242
0.7990492158104177
1.0152232032572048
1.251494247638643
1.4357606651668355
1.2960395157505071
0.8882954926403036
1.2821227935690638
0.905925955990181
1.3053081991100672
1.1673529604172346
0.9158051606415243
1.3766990166525648
1.1791870618144042
0.9308373776265507
1.0075993476306844
1.1015642350695942
1.3670016106512484
0.8315387792650978
1.3675991132854666
1.2833626586440847
1.313688748083993
1.3273332395449495
1.077498817974724
1.0531139201294772
0.9445111028300555
1.2697513596321905
1.34354486368971
1.1712759385382778
1.1304935011541781
1.0235584244646676
1.3263253563308868
1.1081716620291109
1.371126701263548
0.9710592401368221
0.949848600093011
1.4259652698476142
0.8048260205145265
0.9573060945919669
1.3071162744367637
0.9071427752896559
1.1643394228986408
1.4247468965083345
0.9038622777772006
0.9483272372265465
0.8425485379167473
0.9457305317059339
1.0987410879349757
0.9014377312007765
1.161890524494174
1.2838667810314697
0.9517800166868683
1.0503903138726156
0.880886765661756
1.3249087507863335
0.969216506862837
1.152393831735395
1.1067889680649619
0.9860624407240887
1.4032119789290562
0.9671799257220505
1.0720825304136778
1.1931066508980879
1.059738485856479
1.292699756414546
1.3480438537015222
1.3600788422091248
0.888674173192028
1.0184354670209377
1.0301812057159097
1.1233139679455513
1.365714770637259
0.833674587720698
0.9167029873115105
1.158778019433524
0.9543865511554686
1.010257736268274
1.1138378553347494
0.9219757287516077
1.3518445343933458
0.9325340917616219
0.8085735319275491
1.211929896978927
0.8415330623859433
1.1294323744283854
1.135235648030958
1.0193756221024608
0.9110936309478647
0.9576782959042656
1.093806196988426
1.1739134442697607
1.3200987192169271
1.4120718275369595
1.1896606179209974
1.0192539569828456
0.7908337442420417
1.0831821055677244
0.8788067535006633
1.4138886371843968
1.4205787785081103
0.8258164351676094
0.9783781383979304
1.2647389915098843
1.054504911249797
1.404004827728067
1.259491382743652
1.0860669292960177
0.8645997557087113
1.3016046652761695
0.9138849804283594
0.8375302778091507
1.387909876551006
1.1226469967062642
0.8871396643768706
0.9959899535026993
0.8863574385801276
0.9061257370289986
1.2348521432057276
1.4101463462599755
1.0826799011837571
1.2785336453412324
0.8599337576907857
1.3112151380757802
0.8137175678874082
0.8087869834193121
0.8320577338366726
0.8824610610380051
0.9248873756380334
1.4299905549955083
0.851016885767394
1.2714052291105582
1.3406354615647786
1.3904800879756096
1.284533719774473
1.360884348038582
1.0300323381996057
0.797019434402356
1.1769599746212138
1.3262027283856155
1.24746159211842
0.9346770330900436
0.998405101787142
1.0883584189618776
1.112166556908596
0.928780314016876
0.9780792121944895
0.9091386890221642
1.1612560969992325
1.1831397331246971
1.03728475027676
1.053999975545177
1.3269400887136362
1.2298666704709076
0.8915028992726695
1.2305893228640248
1.3800744398588418
0.8355335654719969
1.3485147991116864
1.0294346990451493
1.3202635909683513
1.3540438510792967
1.1832863009596943
1.1387640688404461
1.186405006885292
0.9563702540710405
0.9830423887582674
1.3989257707107332
1.1617976957883622
0.9904090046476807
1.00447685019292
1.1633834282914157
0.874613118801589
0.825275017957528
1.2839565046342931
1.070858900409568
1.4208791358570174
1.170649728900608
1.0839534493213718
1.1469921962993546
1.118496232898542
0.9437301533151843
1.0382333463154758
0.9932407751795149
1.3952537378230885
1.3117539891578742
0.7933221466338444
1.3679559880045016
1.2145992732064086
1.0495916314277203
1.3840729386659856
1.2707494607133125
1.1510690406329736
1.164395636343843
1.2978850251084069
0.8673391422008787
1.109384352975466
0.8381144559540599
0.8729764694901397
0.7895247115004511
1.0126833388313055
1.3328256071101152
1.3239142530645274
1.4077048829226717
1.3525448292214675
1.3531141569444425
1.0333379592804175
0.8064823466021839
0.9392503927929775
0.8269378094075596
0.9909737253020733
1.4022849671027986
0.9657686550313995
1.2266757308447596
0.8944927126334726
1.0611421513713724
0.9148495890689734
1.0240681064675772
1.3845003587088416
1.0285360571864468
1.1781426075250403
1.1329613512442398
1.016304260675289
1.0345161318115361
1.2072462039767995
1.2691960794918977
1.2163016511015807
0.9000489409217318
1.0447276702413193
1.3368172959149858
1.2052865072634122
1.3534545392367454
1.3814868495822301
1.2488044149467428
0.8485945009674216
1.3904294144664597
1.0446261919256918
1.2574955370960819
1.0732200342095604
1.040248349910505
1.2113914159119417
1.0666629697115235
1.3764828188829301
1.0526938501977279
1.149963268865362
0.9036651155205166
1.2262016910451752
1.3091000258902428
0.9576731153954441
1.187612278696186
0.8784444502627525
1.242578039277614
0.8564924273338032
1.3837587128243785
0.9039957797981372
1.272741719718663
0.7905196604030327
0.829564968730024
1.4370457452617094
1.132480237180806
1.0038159399870605
1.143299534681112
0.9133648626122703
1.1373935965939401
1.4054301494778987
1.1554642523214507
0.806255774727148
1.4333519784997093
0.9794062012337986
1.3746786433265945
0.911380864933626
1.2432014805006053
0.8043826987685367
0.9372656434669631
0.9323201155895456
0.8926541227169925
1.2507877192962955
1.2786019700845908
0.8865129788695381
1.09007167495305
1.1163380794729771
1.3930300970679466
0.9532677704726058
0.8398091824498509
1.0421547252954928
1.4161987129116693
1.1739469851304807
1.074444163227378
1.3648822269526115
0.9136514002821201
0.9095427653382063
0.9191928036564116
1.0201594575733333
0.8479096939213777
1.0677052531981654
1.3691931549496872
0.8346124554180001
0.9556413879222427
1.0822172988724277
0.9617585605383396
0.9670060155102783
1.1614598256106494
0.9444520084553183
1.21738878617862
0.7966727662721548
1.0682068479013944
0.8654339832003478
1.0518171227987159
1.1701970467766072
1.3200803808362607
1.111105269640456
1.2280281568934355
1.1571034424098228
0.8776027202480848
1.1172782852684222
1.2457997197146449
1.3873411431759637
0.908352126216106
1.2974680603000852
1.1884478434698635
0.8638605505143951
1.2468614079097242
1.05397497636565
1.2831669563528219
1.2622896582590017
1.3712407194052902
0.8714189131682821
1.1997076826930884
0.877810743637851
1.1801438443396277
0.8926718780483085
1.105696692261147
1.1576852230010348
1.229170606618754
0.9230368846215963
1.267205823288231
1.385830938595431
1.1447109779539424
1.3943125846634785
0.8445316803470733
0.7991336419893295
0.940134889746349
1.1214428424535101
0.9684529988328013
1.033971300576711
1.2587563766602183
1.2760899079920602
1.1860944558197803
0.8660446278618493
0.894207016688339
1.22782242733772
1.1614458559587533
1.3317884544318712
1.0826070717392204
1.0305187042074924
1.2563159892940892
1.1209667394557563
0.818800771902652
0.7946453647585994
1.4128587015689138
0.8589227677755895
1.0447405439359532
1.4312469449419536
1.3105865147499771
1.3271957095058338
1.3155985873909577
1.4240194774814325
1.3935935056777744
1.0366348812410524
1.1437386039930775
1.380357400863976
1.3527748104580288
1.3767532348972393
1.1588276167361218
1.0896257955548527
1.3845555430504972
1.136213849175204
1.151312626186073
1.1357680854725984
1.1663611374732594
0.8840399296280457
1.1905214915565097
1.039627919254824
1.2451669830142955
1.2152791926528166
0.9006446003055522
1.0044312843252134
1.0950060447103604
1.2194450855289274
1.3423435173588327
0.894860822741278
1.365220338712825
0.8345371366657642
1.0426658531995332
1.2728352824963063
0.826146981726666
1.4335269265752966
0.798199641789386
1.4281196677289871
0.8262255437898433
1.3060994401807502
1.2879540159997132
1.159501160565613
1.1868298225148937
0.8314971123939427
0.8692469737693905
1.009019545177197
1.1609122012905555
0.9904728440796198
1.1160528164412025
0.8997419229141658
0.9864309546508236
1.3582146555647014
1.343605309521985
0.837807395528795
0.9149916429705409
1.025250243842166
1.1964416720225475
0.7984697031366077
1.4263570252473006
1.4206367529236115
1.1393874116412084
1.2404591626271353
1.100217826562758
1.283856366138163
1.2009653597191128
1.382262389160969
1.26139154020116
0.9306227036564543
0.9057644751611662
1.1419238295488932
1.2809226776850287
1.3345076227230404
1.115107156341443
1.251146112887993
1.4074705841804476
0.8451081817069297
1.4148784743050453
1.038851394880915
1.2996155580605633
1.2059076465210208
1.2568761441573715
1.3653498912909798
0.931485958103052
1.0356663450571946
1.2987739183328872
0.8079805098757207
0.9243714958278025
1.3695081724626816
1.3303181835684497
1.1526814913674592
1.0951204582953147
1.4144270308515485
1.00980767416457
0.908504784950828
1.2186154484118625
1.2578634970307387
0.7891532739418315
0.881754088712115
1.0968843033451596
1.0069736810991115
1.217254354582911
0.8446488136715957
1.4329144508067402
1.2095069455207705
1.4175365047397062
1.2078456017921537
1.379027557266948
1.4184341126484907
1.0283292263150141
0.8877496795900972
1.3701783846716147
1.4210938304271072
1.3072531606323403
1.2594204944620242
0.8388785366352992
0.8126844889432941
1.1151411633438704
1.086958018694676
1.438186663441487
1.3915331538977829
1.2486907079401797
0.799993575155031
0.9475769598494068
1.1414992830843695
1.2096331571783125
0.9909077086423395
0.9293791624339796
0.8061547202268248
1.2406670665505184
1.157504452968046
0.987852372468612
0.8470270262345683
1.1934592472900918
1.201566046347235
1.1723670594774953
0.9472161076466422
0.8048927808797341
1.0212684219794363
0.9564129568385309
1.054600511750917
0.8159819581978037
1.3171915886564798
1.1065951669694896
1.3483630385796221
1.2320561339430733
0.996394710262204
1.1070640781996204
1.0484380323630516
1.0193679514195817
1.3513771991420918
1.2068571976633802
1.0719498967666945
1.319552462563995
1.2754485348488265
1.197959350139108
0.8193812885929797
0.8118850060720852
1.4012514918499765
1.325202180252466
0.9209103661605826
0.8055899310156553
0.8631331428054654
1.0618454854601884
1.183795286913214
0.9657388629847313
0.842811799933
1.3475947413365619
0.8738380068002938
0.7965628754571865
0.8920906953180888
0.9600696501009346
1.1602262932496352
1.330975772384038
1.1924909277609532
0.9007869219123703
0.9946441925821318
1.0623780886235252
0.8835013322403035
1.012796246010305
0.8922445393673423
1.08765311873039
1.2293665547203507
1.09309978429614
1.031146705842499
1.4031783188649074
1.2604866235259105
1.1133287890080448
1.3832982052136027
1.4250624000172345
1.387008150796812
1.2814566378609393
1.3047508794984761
0.9004838309696441
1.2586279391422028
1.072042672430922
1.3562951671933567
0.8365118705788375
1.341140908583537
0.8870021758077812
0.8410240627836609
1.4201803616847997
1.2806553255980069
0.9578451586607091
0.8183431193921398
0.8767564326374265
1.4316357797085302
0.9169022150673457
0.8950581978304076
0.9722649964004
0.8384815916516513
1.3917693455101963
0.8460410148545777
1.3081667173493043
1.1411663366351372
1.2087997732279345
1.1558418777144712
1.0810488009561732
1.004749269589231
0.9406876987768161
1.3297981495750069
1.0953682537492933
1.3040556603855662
1.001946620956613
0.988793013079234
1.0893510672128204
1.4024952761183571
0.8876300480354902
1.3006603413924132
1.2990964422915345
0.9461985146805318
1.340078548017683
1.4273816151896375
1.0993116179169091
1.285524326924285
1.3185428212836308
1.1702260035440255
1.1473907426998708
0.7882883679766359
1.2065926999559364
1.2283736397687715
1.2390202626959854
0.8531114247413918
0.9678725689502794
1.2515715283176538
1.136718624883961
1.230751020282977
1.136813360783555
1.0059981392692463
1.167313565339379
0.9930389427456494
0.9228204005926627
1.050860674369941
0.8018439006159228
1.3265836333113947
1.115031523982098
0.9550707789892469
0.965131168960646
0.971018735483407
0.9984119672966436
1.3491617063358423
1.2481664536767707
1.2326232907347523
1.139758957339863
1.2431399610656266
1.1258904578731335
0.8903201028652866
1.2670200353375027
0.9657980019825615
1.3783173985654258
1.1988887724400485
0.8761043848539716
1.2272292656742743
1.1557819234500775
1.0594159137819166
1.1060465833564042
1.0566730755257303
0.8198994955418134
1.3956528831428407
1.3323103204101883
0.8071304422334673
1.203159596953222
1.2873928229054212
1.3801296604125879
1.3304158377928426
1.3303803051632745
1.1673599779988038
0.8570065056664765
0.7908827733726458
0.8800295680532224
0.8186257877350992
1.0151292231944535
1.0682872066850608
1.2631743396247954
1.3729907041258225
1.3214709352252543
1.0611647583687158
1.337737075515971
1.3848767248428826
0.8813561448711268
1.0009392035866949
1.171046017332244
1.3168363880262737
1.2194766578902299
1.3017910130121844
1.0097451340773507
1.2748884513957393
1.2706456752574156
0.9629336319633782
0.8781465394768709
1.2958463627082413
1.3293305712125674
1.1929779730211094
0.9210177737747258
1.0889011215557762
0.9880284104084681
1.1333289883830275
1.0924176751786745
0.903586194711477
1.2390692384210689
1.078284798992676
0.7902045190588575
1.010929137822371
1.0492701659954844
1.3330168966231162
1.4230516037697338
1.1222336883312154
1.076680670200433
Rank 13: 40 simulations
1.2408904637764389
0.9670672042076848
1.2232518730481048
1.0694798867698179
1.4287393718783492
1.0158731624681716
1.4007279780283175
1.0120523788523323
1.3155271353709086
1.2448052705977786
1.4122217320748387
Rank 12: 40 simulations
1.2740208566507096
0.7975894707703826
Rank 11: 40 simulations
Rank 4: 40 simulations
1.1766435374372983
1.2835916513818888
Rank 5: 40 simulations
Rank 9: 40 simulations
1.0828118333355436
1.371866088343734
Rank 7: 40 simulations
Rank 8: 40 simulations
0.8973648478308652
Rank 3: 40 simulations
Rank 2: 40 simulations
0.8729520549870935
0.8713960822800215
0.9431772000243069
1.3648615883250512
0.8599874470286104
1.421243366841276
1.0550718391954523
Rank 6: 40 simulations
0.897253804538441
1.2185272575076262
0.9611338368727077
1.2913792039176921
1.3349132746134624
Rank 10: 40 simulations
1.1263793868423526
1.2381366142386727
1.308745748588426
0.9563257963009975
1.2322626079146146
1.3491865655946573
0.934997308177113
1.194932290645668
1.2546948861538954
1.2663676860798936
0.9298709893761952
1.3510149661693724
0.8942954635241213
0.9817618923589275
0.8693014024791808
0.8777436295665915
1.0263735560717533
0.8402627345572513
0.9743719339870095
1.2475846960037378
0.9104352051961232
1.1386252501654404
1.4047288468696058
1.4150637431267152
1.4312418626311076
1.315072588533777
1.0486173347688363
1.431509116159713
1.2523610615753076
1.01537246397728
Rank 1: 40 simulations
0.9034356599090008
1.139772071581147
1.072313902856997
0.8541251328021491
1.3967258579353021
0.9803502018126606
Rank 18: 40 simulations
0.9200179819818939
Running 800 simulations with 20 MPI ranks
Rank 0: 40 simulations
0.9668999708208257
Rank 17: 40 simulations
Rank 15: 40 simulations
Rank 19: 40 simulations
0.9405036063369394
Rank 14: 40 simulations
Rank 16: 40 simulations
