==========================================
Mass Fraction MPI Run
==========================================
Date:               Sun Oct  4 12:50:16 CDT 2026
Host:               ac031
Array job ID:       2186705
Array task ID:      3
MPI ranks:          20
CPUs per task:      1
Nodes allocated:    1
Python:             /scratch/user/u.hm357857/.conda/envs/comets/bin/python
Conda environment:  /scratch/user/u.hm357857/.conda/envs/comets
==========================================

1.1880963612680475
1.2667457948682335
0.9758255152441555
0.9919993604295578
1.0747472924677661
1.134247736033556
0.81780522322045
0.9477878513479718
0.9095253306439285
1.1557565759370312
0.8684848006814059
0.8362939600479624
1.057552231611492
1.2433912491583772
1.0628349101151309
1.1167768689434046
1.1202350325853794
1.1112019232032753
1.137774879902937
1.1035899220082452
1.133760911049829
1.061593283387969
1.064839408950837
0.9122358071227941
1.1060742625585749
0.8910307643946127
1.2193605395112979
1.0465981084437272
1.2003106283454863
1.2331784164383883
0.9662481443683326
1.1883769468745726
0.8233885561922264
1.0595292450956277
1.014259748514195
1.2977795485312975
1.0884232882851026
0.9809095270136728
0.9210421519294931
1.318574853166161
1.291757766025728
1.1697633208253793
0.8725878786520042
1.247570623087113
1.3214387828399836
1.0013595107342053
1.0034350890951687
1.3057808307749936
1.0437756387362074
0.8998378693382161
0.8601018275612193
1.0855350572236795
1.289494628771689
1.2990044470796573
1.0823119407355395
0.8565101068451572
1.1191786447201726
0.962000999424109
1.3093229801260984
0.9353524730415076
1.1019713301198495
1.243735364492256
1.0546632441925021
0.9644134932716748
1.1143670263306271
1.0541872676696329
0.9254752089544718
1.2257140828106514
0.9727229239138265
1.006133058057832
1.1223372471275268
1.2585967514350713
1.1134818649436085
0.8239888164189794
0.9123986571361378
0.9929846201841367
1.036686222730199
1.1988141434554713
1.1471560452888272
1.0807993025260545
1.0333263130609829
0.8929724250325086
0.8899760297465243
0.9490994037253838
0.901372661038009
1.2938254786905579
1.1845620496581901
0.9202854196870134
1.0323838247728887
0.985251989880956
0.9237888152814133
0.9112042013837122
1.1627982291769812
0.8286958340148948
1.0983183365815432
1.2335813723112525
0.9603817855245771
0.8431496038113676
0.983331008319007
1.231828287427505
0.86176124723572
1.0481801171307774
1.0617983278607537
1.2433050123503702
1.0954214559052173
1.264365682879381
0.9295039538948282
1.0801676049670441
1.1042953000485412
0.8299428839326296
1.0767591811310173
1.3436322512821826
0.824511116774157
0.8313771745284505
1.3290255196961858
1.2141138969651837
0.9435122773910164
1.238145463404535
1.1501722054086865
1.3497332299893
1.063560726837387
1.1040557717835493
1.2134875893618442
1.2013064866570429
1.1448146323156827
0.9210561083891362
1.3476111027998283
1.0893701868871946
0.9301181770787906
0.8760251455128234
1.0794754983187358
0.9124691115005585
0.935511155360208
1.0730643509942734
0.8572206803444281
1.122002666703718
1.064573832171735
1.1086357386244958
1.1360113984059392
1.0745091768727477
0.8387115606109526
1.2357491200160169
1.1407924098411577
0.871960684089724
1.0820368364034778
0.8831226530960911
1.1140116895340644
1.1396511273291248
1.1065618749874018
1.1364707534088048
0.9747547577238179
1.2602498723221063
0.9857007768447424
0.9625982713980695
0.9780623434693647
1.093381562181647
1.2375295017069212
1.1627456913260705
0.9748325755930038
0.9471766628185827
0.8647573602292742
1.260763981585092
0.9812286593888054
1.1060441665459053
1.2855312584891474
1.1547946799921396
1.2571653179823272
1.1155581760550497
1.2664752621999336
1.1482875391379364
0.9870378523641411
1.1893393386987068
1.1318790634747333
1.1534439424274803
1.013503037055183
1.2816214318617254
0.817306834054622
1.3307407120870787
0.9170366533563956
1.0087049268922141
1.1230828928240317
1.1408971077076773
0.960014266807679
1.0636175241822066
1.0306150790714421
0.9501451907360952
0.960914542588444
1.1044360136052376
1.266783115529112
1.1486214297700506
1.1852416496259996
0.8811596993612186
1.0271978891871296
0.9810145930742813
0.8461799385597707
0.862502893515429
0.9983678350834596
0.937195286001597
0.9669438857446644
0.8628927802772817
1.3458039336706875
0.9516666313729752
1.2680362603367878
1.2768564978189927
1.1289934144551423
1.0285895419029514
0.9655349026779041
1.0411500317859512
0.9519688827082944
1.1510631603097146
1.0356210698775055
0.9821846296501355
1.22322757387699
1.345157868494291
0.9554476082039541
0.9979184745896681
1.002806776780041
1.3328703205010957
0.8747345753561011
1.2936390190173757
1.0162992369778883
0.9761471795760741
1.195655317413557
1.1129338631278833
1.0563291687966452
0.9321029537143392
1.1073177888852503
1.2999132932321062
0.9199280041770923
1.1454318917563548
0.9972105800224504
1.2200129127766455
0.9611004122290465
1.2475846010345166
1.241704390039725
0.9097802354698561
1.153487397261848
1.2118603717587377
1.0659191523877858
0.8936076026098663
0.8338676281877575
0.9919741570220475
0.9339288077568406
1.3430829870737795
1.1343023791730464
0.9687556931846151
1.3102687876873285
1.2683129216143083
0.8914541679632465
1.1040935390208348
1.3394479186752712
1.1565923303061914
1.2190251576013955
1.1399545479365627
1.196639438481973
1.2843936997681586
0.8755896117436653
1.2482857060628085
0.9823139264576343
0.8137996637985874
1.140100481379914
0.9970823233710006
0.8838987967643038
1.328191753460569
0.8637828973408292
1.2976987168016265
0.898589481523555
0.9852688388994346
0.8170364525554159
1.1834288011775491
0.9943728513175207
1.1564071540217418
1.305637141562295
1.0825233704319426
1.100860528527722
1.2380709586311407
1.2782101993772719
1.0269139355416899
0.8356163509174299
1.202865595575452
1.080749086871442
1.0062069556190565
1.2902519218174673
0.8162453884566273
1.1046270995027103
1.0408489740743427
0.9792088646003585
1.05052963095004
1.2571332944289686
1.0249921150880348
1.099376155002121
0.8104451944857683
1.1122707523110953
1.242022218602439
1.060447847290034
1.1836420796700629
1.195569202672388
1.0009218854814041
0.9536947958154731
1.265382256222645
1.2969177898637172
1.3172574790977138
0.8294760605325981
1.0729107166022813
0.9609491703518802
0.9296954752938978
1.2174822187151224
0.9274534717596331
1.321884230891815
1.1151518002563625
1.1499999187866012
0.8866833012023037
1.275313702583206
1.0860322957111626
1.0768915169319782
1.1314359890068395
0.9899186477898124
0.9380672033447714
1.0878706951043366
0.8399115874631928
1.2438302998347444
1.1120102289018972
1.1612205102236415
0.9835171340988936
1.092366273383246
0.9607152067575917
1.2341420991340053
0.8518715661015627
1.007524404355164
1.237852305886248
1.1582810539082622
0.9789668729795008
1.1777285368282109
1.253738707389814
0.9950446359159246
0.9086737990215416
1.1344195818528067
1.1174282713783565
1.0122932024942481
0.9751951003139316
1.125623442325948
1.0682582186467708
1.1893753410571453
1.0771375198874087
1.2261873094251612
1.00711280834386
1.2784489614723449
0.8364750558125672
1.1809625887747321
1.1132605431205764
1.1853953153312415
1.3359184541723668
1.0879402074234763
0.9840082461454218
1.0829348886546737
1.059205785741758
1.0899074105645234
0.9411193507192112
0.896960718474991
0.9063162092484343
0.9830454264126849
1.003881765803385
1.0624890859083918
1.2000626850159746
0.940004329985423
1.2513139720260884
1.0198217547812336
1.1201443705287841
0.9871438746858299
0.9744370683858795
1.0994857051929636
0.8636114643505096
1.1976975115253392
0.9871854032984548
0.880647139727633
1.3128933499430875
1.1744971056108058
1.203646702795586
1.2052949312281904
0.8127386318903139
0.8684051354193898
1.1073320416115788
1.0263803844444406
0.9498893015854408
1.3230517612257686
1.1524931349473122
0.9995345562468478
0.8793322127974894
1.2832469138415352
1.2808928216567637
1.1819372200216467
1.176643635667129
1.0120880357788786
0.887085049273534
1.0300107040120057
1.1253904412873137
1.280789457344808
1.1320293970126885
1.0838409726836233
1.1512768700365308
0.8871727342098974
1.2004314132014247
0.8211078851672582
0.9791368311859854
1.3470149626615502
1.2651944654409502
0.9618630453511532
0.8117036732593169
1.029201828738257
0.825218372488
1.3082210598990958
1.2596829424333067
0.9303593328917686
1.1187453685779505
1.2400458977944575
0.9949147783253326
1.3332120131780174
1.0233934759779801
1.0158264332650508
1.1735436173331033
1.2032162412709406
0.8804886543572354
0.8552935383921815
0.9253595132140114
1.2012246592494489
1.2800200063239175
0.8473041049763301
1.2232291302967786
1.0186554243796564
1.3450134921213923
0.9568611336481614
1.1321541827865547
1.2519350127034208
0.9440171024638913
0.9609684966532226
1.3094221362963703
0.9788288193558435
1.3244242915288325
1.0415842791410377
1.3328689547149106
1.1273353057179496
1.2318846766171891
1.2728355809455512
0.9164167662345658
1.225538612071503
0.9555845816374307
0.9523271217816048
1.2227079878245797
0.8912885442700221
0.8986999611798606
1.0563573405558913
1.0649862092583224
0.816006168368306
1.0640700265387744
0.8551131366306919
0.870300115115659
1.1393265587174077
1.1515192739407323
1.2738638476834374
1.164327847519691
1.3078245273231386
1.0914410848017793
1.2020614444916071
1.145397810478363
1.3019094960794448
1.1018091730425819
1.3066944817385597
0.8145297684779911
1.3086573879177137
1.264756171122443
1.2370050820804415
1.0381356381627955
1.263761143263225
1.0146258199516023
0.8508179025399991
1.0247151594415675
0.9641887063108195
0.9873127348621722
0.8101214436730034
0.8886138146311118
1.0259116522644687
0.9864565571438707
1.3242560668252406
1.1900680494513427
1.3013045404760137
1.222044291315168
0.9396637469435841
0.9320181366195928
0.8673228288138755
0.8844547444953028
0.8651526419922604
0.9216250770102585
0.9446748545230605
0.9985852613569615
1.0691685430196738
1.31981636130021
1.0555014531524012
1.0402722335359826
1.0078365916661467
0.855972238510551
0.9320034499853824
1.3472764177454866
1.051714133937296
1.0957496758872156
1.0436719728737958
0.8806890523918851
1.1878701160925405
0.9704577038338179
1.2936439853741766
1.1318865056902854
0.9874204945059992
1.3149755346192138
0.9524807093908112
1.104953805170183
1.0487106300522728
1.224644524031587
1.3056275001186395
1.3196308889532833
1.041182353358851
1.2772214358005836
1.273187342997257
0.9737169155574688
0.8347614283288174
1.345374500156079
1.2029360762564294
1.3472939473076009
0.895220090233353
1.133523342295944
0.9219334503535693
1.0521050293053233
1.2218230802419747
1.3110466320046497
1.175834507746814
0.8722803128069314
0.9277522746195341
1.2937809531624709
0.9079744746317192
0.8547598377674395
0.978252344580028
0.9949679109386769
0.9334452086847854
0.9461304404527706
1.0018773632010376
1.3363927802059652
1.0841803246044877
0.9000494620848832
0.9790039750109335
1.2717247259257662
0.8566531350564337
1.2779739301006192
1.1405137111790855
0.8130204151249292
1.1035869908054925
1.0418496711335539
1.2003555248929985
0.8761931117831746
1.1577644060406818
0.8969720314797894
1.1855252030604184
0.9263627020346888
0.8777537859567678
1.3138406845866009
0.9992816325693665
0.9569364222587653
1.252328014334514
1.2127996448684408
1.3157639127736425
1.1626137349527041
0.9212969046328593
1.1643988628792916
0.9790363836701864
1.1916728952551119
1.109312416044962
1.1061790026904368
1.325017331408402
1.1307818765340485
1.028524146857319
1.1230340538517194
0.8536166819878217
0.8458336982804783
0.9610403827763382
1.3162339449134781
1.0401199103294119
1.2179245807825636
0.9510610443585374
1.1606865577020287
0.8620578136679076
1.0125101416921098
1.097818669481231
0.9496729034315794
0.9814776573150997
1.110812762572559
1.1023941180793757
1.3295700546363953
0.9467283192891497
0.9965583414257086
1.347549131122228
0.9542755319076991
1.001133439978454
0.9245527133672351
0.8297916953619597
1.289823575875606
1.110514028820468
1.1786891761421188
1.2104479426425165
1.3146817323841768
1.2050613496197164
0.9812673478764155
0.8313517779276387
1.0053758590990673
0.892064108101244
1.328493084563009
1.3027631364983852
1.2685931459200872
0.8783012432926305
1.0733834231360442
0.8156419358482395
1.0094830878212637
0.9866536360980399
1.2754550622063916
1.2585922849193205
1.2821311903001131
1.0259456455732037
1.1153424243152918
1.306892213295745
1.2181012743063222
1.3160490123084168
1.268000804890713
1.2693090159460236
1.2647821831462194
1.0381059370562697
1.2593610803131385
0.9340764654329174
1.0190841840278353
1.098103956656942
1.3122910193362236
1.0319838694410424
0.8604797390076835
0.8146432283987513
1.2170653410225067
1.2527601247388729
0.8879413460936546
0.8562941399495451
1.2242316934125332
0.9046216280681082
0.8428163824827306
1.1673154932134198
0.9838115057053611
0.95285072214628
1.0393162992135094
0.9442170479085501
1.286599677393801
0.8729905881514255
1.2648245380261147
1.1058479078198125
1.3214094477872087
1.224205734307711
1.232676718915791
1.325685562595202
1.0333370327442488
1.3353474541654407
0.9112825855871769
1.0014431982541698
1.2639355997831543
0.9261016309107925
0.8778961641590342
0.9257013628757997
1.156916046663472
1.2122790416156397
0.9440670141338366
0.8992632167087135
1.1908513245350127
1.2977990785064177
0.8413162269554553
0.8914389332447585
1.2407358018359111
0.978177076879293
0.9266482165428569
1.035545772594397
1.2221474631885916
1.305207737068178
1.1297198355637197
1.016998414155992
1.2542923618426494
1.0478247090968946
0.9306662104804804
0.9247902390674682
0.8917144168433863
0.9406659356046718
1.274182781634586
0.8573224238005034
0.907100151678249
0.9560458440612316
1.3042490526063277
1.2095168554821047
1.0745396665731315
0.951155683999012
1.0429365578367866
1.0875576875934394
1.1404155482011695
1.1503616461307098
0.8110113015945577
0.8819517752844636
0.9403267263447017
1.0265107423867939
1.2805943432037008
1.128407041778666
0.8676661760952694
0.8398549293893186
0.8448426317847759
0.8269964739186537
1.3188714225377507
1.2466135190598846
1.147624370951493
1.1889614978328993
0.823725576871301
1.2857001421306675
0.9358028791862363
1.311683535186505
1.13538022920825
1.2172164993899734
1.2714763669331723
1.242388582235995
1.3425234522722223
1.1683901159904109
1.340715382785256
1.1455770016264382
0.8509444437683938
1.2583614012083715
0.8244268532540996
0.9026668322516465
1.1149562090106508
1.2327307818621855
1.0334076624709465
0.8143550373624634
1.220888908922756
1.064052737652923
0.8491313221839042
0.9673321324816261
1.1815039729418408
0.9396982015650674
1.0153006243899716
0.8241652741984924
1.1765132223954828
1.2777505311921056
1.0486489636927516
0.9010567733500704
1.2386031280779926
1.2875323035211501
1.1992736990708335
0.8337212999976799
1.305342749111653
0.8611091054813674
1.1319926822395254
0.891740661263721
0.8614622316744637
1.105797794350318
1.2787721297992902
0.8814932798110476
1.1985354394541892
1.0879430498169027
1.2230700788692035
1.1449417813088132
0.9217783683636092
1.2682205625982481
1.1912428372271788
1.098382416077365
1.036198608040323
1.1991085836016442
0.8100881166675291
0.9346713923111698
1.1100969690641387
1.0290511270984706
1.030403440133474
1.0591791569424025
Rank 15: 40 simulations
1.2199383991870414
1.1336220057298134
0.9909260742211854
1.1298457112671438
0.8098823818412627
1.0458775034044518
1.2654109196249639
1.04359208942057
Rank 17: 40 simulations
1.0104928036070842
1.3341862208562545
0.9796225820211607
0.900572730042547
1.1834892696855637
1.1187085554427418
Rank 2: 40 simulations
0.8565797251233913
Rank 4: 40 simulations
Running 800 simulations with 20 MPI ranks
Rank 0: 40 simulations
1.1970249485086375
0.9492001690311176
1.3233201162153543
Rank 18: 40 simulations
Rank 6: 40 simulations
Rank 8: 40 simulations
1.094566864863162
1.0721220096089765
Rank 11: 40 simulations
Rank 7: 40 simulations
0.8991051179817453
0.9975681035337497
Rank 10: 40 simulations
0.9935243141510826
0.8765011852948853
Rank 14: 40 simulations
Rank 12: 40 simulations
Rank 16: 40 simulations
Rank 1: 40 simulations
Rank 3: 40 simulations
Rank 9: 40 simulations
Rank 5: 40 simulations
Rank 19: 40 simulations
1.2358247829002234
Rank 13: 40 simulations
