==========================================
Mass Fraction MPI Run
==========================================
Date:               Sun Oct  4 20:42:48 CDT 2026
Host:               ac019
Array job ID:       2187505
Array task ID:      4
MPI ranks:          4
CPUs per task:      1
Nodes allocated:    1
Python:             /scratch/user/u.hm357857/.conda/envs/comets/bin/python
Conda environment:  /scratch/user/u.hm357857/.conda/envs/comets
==========================================

56.022898633501136
70.9174450710392
15.799824507743459
71.96042328543128
59.873816643802954
49.46842524722064
47.06671775296941
67.08014423716658
21.74354331328917
71.2100279500327
33.20088257398024
27.194855229844187
33.46260302096321
59.68658251420494
39.17120536739301
54.830645910989574
72.0418867486718
24.47090118069667
39.133067584504175
53.61291408071338
24.51365501077635
18.675060938211033
56.22220713311105
20.48495689283747
17.35528253515749
28.70321101430049
63.49181644926177
17.727096331451683
33.65630197084341
20.161462765128835
36.66451995043261
29.274433037804847
42.246150394060706
54.26654564902774
25.790857888413758
47.52432465441065
41.78561390546927
36.0231601475848
66.82348693459969
52.11917297550029
33.53756734162719
54.04420752465524
55.32041529862011
62.6222339364732
63.86431030334664
43.46928521033709
56.998722167300414
17.553914768529857
55.61090998306524
64.20308918925296
40.30425425886726
30.12810064503467
40.79418878976282
30.188439849538156
21.701384567331502
23.70386910834085
49.32044190637485
42.03092925081846
54.806285056116884
71.64339243605681
31.335454036621154
71.4302917959901
19.658517145032782
56.057477419846634
48.9727431330576
42.86379939613195
38.15882284822093
54.02369919446585
41.25689400404167
70.65828591224258
24.609737031163327
33.734411451263895
57.80098759908131
20.718911779856985
15.950805989407584
22.821281910020154
41.328657117456544
37.68149343251568
33.976839387073326
52.671407791217305
36.34889805480849
25.70786924367456
35.41363499999934
23.490937198092656
26.810733089438514
46.4123642949956
22.112200368148677
57.38501071013404
19.52341589456191
50.79213941706608
18.643745256417997
69.64406749295512
53.9161963492237
22.494136736357845
17.291711605988603
51.33333043129593
33.3273567605732
17.896468366854663
68.566613233705
70.6449688919469
18.377660206335623
56.55390214967052
41.89820199880297
63.84590828755305
35.25058640605721
32.94962022563731
43.409528445632944
40.159465150761584
35.34570619209807
69.82151726841917
32.23628068315687
57.65264082141161
49.10108257641394
55.54288957959149
49.490269529318866
61.170982747862446
65.69910933712461
37.65909554550379
50.97045566369331
49.61964435431166
19.350070457142387
15.663945310966952
20.95240051788437
67.09252067093617
55.5505241996028
57.74306760400861
60.15741465881379
37.291347099086366
55.28694091745194
74.02974878765285
16.98958324372761
33.181606969509346
27.395567046162345
35.26292764592389
43.357565408737464
63.10623218374461
66.65518567550792
20.830396747456753
56.37796838690464
49.329037903048224
48.402571342320115
71.93273314765392
51.29607182964357
41.931041377528835
49.16585801034752
16.340302484437224
22.086227275999054
73.33666596567204
29.10370371732658
66.97335483191125
31.396252488180604
57.123582445863875
34.050220634570266
61.20603358591605
58.94168682331912
27.65883189879534
31.49427942721654
17.527899366947096
64.93709080037485
61.69501330320743
57.4023399241073
59.82147836313184
44.50896895048314
70.76304297599215
35.23737536152652
39.58439282827933
41.516234351589866
20.657468360402017
53.373960012241106
70.15077070270932
55.2187926560462
32.731281163055144
57.50011980087634
28.50954981824085
23.571663857313542
25.013148515667947
30.97699630145058
68.2840252150084
32.26950802668419
16.4416445870965
70.52848901232451
21.62465103524984
38.86531251405525
59.596632351906855
38.28429077287018
27.17961664101319
41.791594668324024
29.731218380243032
68.75619892425922
46.79690105012619
25.817842696957097
22.047563310676875
26.06052919300272
61.33242748535656
25.734429488289848
73.75815674268883
35.82011538534715
31.896942003472283
20.670455427928296
67.84641954645551
25.33289410964072
70.44932505839333
35.79582743416004
21.57118771437089
73.2583714666631
57.90533422284837
63.40843263075459
38.79536885043743
56.232605912815764
44.81612405394688
66.26454589965044
18.635268131806658
29.09609413834997
62.59991923094989
39.42336595868082
47.06679838487685
16.9393351016279
37.936593374894116
42.991520013186715
39.78705087277224
44.1672310187585
53.232972814555374
59.53605689694751
52.00124463205072
31.422314369677608
16.08936788982465
45.802439710332735
66.06476828358657
34.84627616794738
24.5408383989325
72.4294615996005
49.76568398554093
22.934236426869628
74.69046459007626
20.22932754203933
62.15804919983961
46.348457093211984
25.60276412068952
67.96034669676071
36.899718587267124
26.91135872726514
51.633067291026734
67.85993226154497
17.970749681682683
54.30178096083724
41.49785203601056
38.74568017106758
68.93786501444436
17.700462695511394
34.947261311126006
74.07015577613464
51.979407444173674
18.214111963378446
22.283448750576184
33.70440467486028
21.00183624795814
64.32756811641487
63.18243578169513
20.627609673611687
64.85077915281963
38.500515113969264
41.61930287464277
49.23344353516059
20.477153978325312
61.71983025155907
28.01445084048597
68.07069203608455
50.11002348984429
61.14595641132865
72.60104745531518
43.13518665778592
67.08089379849262
66.95750873103447
28.25867219988116
15.518634506119774
34.65699441699884
19.27305799278784
68.59345873933177
53.493018656945445
37.52415972729763
19.41418877355548
70.17950020367758
67.13772984193673
23.712846429984328
16.541919451695257
49.09112123673086
34.22690720854719
36.35421797146161
48.09740591051725
37.83011544723573
56.41930995825136
46.55140393511159
37.04355491596078
68.31290772704504
49.862254506875985
61.862440830053465
51.95383593241963
36.71205800372754
66.69572094021257
22.592994309998847
37.78961464498725
48.3274287827788
57.412145670263556
18.426395889824065
23.637000907389204
65.97723003191486
61.91717751173007
67.64353093193643
49.35612121388355
35.86616622975333
18.784481765253382
47.38266871319818
66.62502976714318
52.84097487609493
52.64382012388007
45.618094372611296
24.6461545866575
64.47044218326747
34.726067740872196
33.04604373568142
18.109718153855102
73.90501996571251
31.46650568618304
39.98327546414163
53.16589798889794
69.74957431510035
59.2479373079161
61.16681513951913
22.646253359257756
67.80872775854989
47.74820697520564
29.03478084282919
30.18350451931571
20.85819786336091
67.63526866222618
26.49846068942852
62.84115225847939
45.24866426803797
43.11121013175196
22.009621147746113
69.45143562730938
42.732648939215714
46.364526718655696
19.761800539852956
45.14803105578871
68.25822123911735
63.31139685822541
42.91998891209988
52.520847547534814
38.17859546430351
21.883487113610975
57.46170251178833
58.14916237094809
47.030338048170435
36.854540028783134
21.647231527388488
24.042623741151466
15.877233801066485
33.471738992244696
44.280470891553556
35.853794195544445
55.614609362369556
59.72889547255218
71.92736689592192
31.001696761010503
39.39580369410261
47.560759345015995
69.39924066850207
68.16700321542228
17.513373408553548
29.28732270164462
57.655510398134275
16.80085029380139
59.05121963453722
69.90967422067244
43.172978326056665
44.4492643204883
70.3272904918908
21.117624783015877
43.67256000151097
48.92016764768405
50.01870026817531
30.82574402895063
25.652403773519293
55.64346657918204
63.65866329470393
69.72995851014086
19.291769056567787
35.04271212174886
16.059172915500127
45.4573415688149
60.927835455767735
44.94039519717361
38.80695094757927
42.85713997178654
54.07970872203148
29.893762632842922
16.424607613089567
35.53002948867923
56.488884416765906
25.51531682887732
16.815753956207093
22.159923275603873
23.097658517704325
67.09854182130788
69.47759221156997
15.346011726858993
70.44379335007027
24.97349154630713
66.81953542714493
54.71120357071265
56.21955734841539
39.85594499327311
48.066004907871914
67.56928933648555
39.94909992404153
70.73706548217432
33.80995927970468
56.94538570205158
43.507080634295875
16.066467159066313
40.56433565045536
62.84881682247475
22.073830015861347
44.908336407571625
35.05825710939464
74.55276421748275
74.70982237543538
16.937661884213597
25.048918603698194
22.662163359953468
42.04407658155318
50.81750019922753
20.291387591692086
71.15736285823583
20.688481898091585
64.30276430676855
36.617003249149164
41.38439168403122
68.44507922927599
22.54080807737589
66.07201366710558
33.12164935117073
72.09368873021324
33.05187319055427
33.374178268570404
22.453394819979827
24.591845775628194
46.53979417315047
46.50077070127587
58.79112233799821
34.69316970509395
46.22345327975217
70.81519780864114
44.236889515327675
50.840594463853904
59.873154854135656
38.14089841358749
48.677369283825996
41.21148323638813
60.66657769781153
20.275603648611863
68.72100603865499
74.97353151707702
62.382656336723514
64.05634722244434
46.97467500283368
57.80250937413615
48.853087580305115
67.04634387769076
44.89979282588098
17.449132130363687
67.23533769979863
64.42289918517397
31.468698674565236
47.25501127423186
46.1089348635375
57.43907363631728
66.3248066498123
35.88871687864305
42.7149801207847
39.63922496998036
68.82345174289676
59.00487076219701
29.639095983427307
28.67692030479489
66.09130552207584
51.405892288774176
51.74405513544716
39.1986712665117
22.362086825654643
53.194813929158826
48.88339020542757
30.060226336970466
29.390069530922226
52.31738118770611
19.755290493547854
53.16861441390622
56.87915224156746
57.55363914803364
25.161122272693817
33.8262016358465
16.428622951603423
72.08146319009708
28.686613107708382
69.41896664549495
43.282401307464674
35.42717187716067
65.70309979014823
54.832333007604255
58.73384601933005
62.609048503405035
64.40686392066954
17.500833624095662
33.62183378990861
69.74540724279484
57.830911181697495
65.66688433639467
27.51885465967224
74.1283282696823
23.24141449695368
45.214922788393196
41.8779927441003
29.367177493378637
52.07161542886114
36.73611027184748
24.227413298607416
63.012658140319765
38.34912168814945
40.99220216661935
74.87978499676768
61.254332839643396
74.45053827577918
69.92119402285752
70.49930371004079
57.496601870213816
48.68410300440731
49.48564407209982
43.36837643583629
18.854169773208632
72.19344535078821
17.140560649156324
73.51026608664213
44.496325330547606
40.44733244768946
71.98307908243791
42.93267134696296
40.37945644597693
31.97949872436859
57.51116626763292
39.69468146399018
38.75791720003323
45.41506867376028
19.061195361866154
54.96079296620362
21.369779199671136
47.53335285828485
16.02287496779669
58.43686553813604
35.09123547739718
34.09431603726111
71.65792686116812
67.19712957790735
24.20653318336324
45.30819260816487
35.779835049115434
31.951819679189654
34.808682837198845
63.88140109945174
27.38512931143981
71.32517396627027
70.36247711094197
41.70759520751233
16.411128625865796
39.22534640392107
58.77082289348454
20.534400494465103
60.50817953508435
21.28824145896713
46.60275712822599
42.51607826075685
74.0865540538902
37.72196802677908
61.62813119988179
58.274444334467866
53.41476752296427
59.102338322492855
32.28964449470636
37.854365358233714
27.883800331963563
54.604733360483664
26.89727947934096
36.41045631155856
74.78909229103664
29.29162415189341
42.64077874388252
74.31264772448291
21.942544001994086
22.365417440716676
69.62325288727587
67.27702512379565
46.81573928618138
56.6636452861901
72.00577661978232
31.55211573193541
19.59674061414659
64.05136056969828
37.43459034641319
25.426830332642652
73.88947380659468
48.78902510727713
25.4945021878077
26.93770010937597
70.13167273863343
35.80962675745822
24.985466261477626
17.63633009968697
70.47890083563144
20.736781745649335
67.99757059320243
19.269447199446084
60.022240443085636
59.590361622839175
67.71133329218824
42.64837838971759
40.480350280993
32.03441329251485
27.1562822743131
47.575168444469774
42.2349333306376
30.66498883113705
31.553298569152783
27.59945770748378
15.187061924915115
50.22491941135599
23.22076012739789
27.65654881451234
28.349873872358092
49.071182547007254
44.27993013897208
72.38138527249109
18.2951790173187
15.960887692913877
38.926669594701764
72.6126334964342
63.38429100521908
49.35363908299952
67.18723350012051
46.38708306765931
35.22426006731264
67.87410726601581
43.84929339685698
63.903706358084
28.047371688069692
16.575849531774747
56.80875026176583
67.05565395424621
23.662407007404525
72.78206544071506
21.89503694080422
56.13453486036944
36.182269689374806
61.94784043338
18.467425495388415
37.36479056313995
57.07020266137952
38.44568179328341
65.32791654178465
42.02439571764011
61.14219582187721
21.87595613373852
25.11832157306622
32.07449787457787
42.97069256907043
38.86518917630613
47.81302680120026
43.188597033370826
25.67183822017743
20.161324527403874
57.573976568811624
26.931130937378043
33.65912389932797
24.10320893770273
19.5232493508803
21.269371405106448
30.659310271214906
25.77985526720215
30.93890823256942
49.789106847173095
24.35435622638861
48.718350066393285
65.61181831956992
64.23450189757938
31.94838554205548
55.35656702458235
16.039069139070847
73.71814685360502
27.024888879301038
61.922683933719036
26.38240646528142
22.800889175984764
32.10390143447246
38.418536590313735
58.17143733153142
24.594537151825257
62.097635083847585
23.919926588940193
45.01069687260504
45.17896624258271
55.49962323345642
70.79091650990605
60.2800865531396
17.42185878610564
30.211464425711398
52.4338419242235
30.828149295795342
20.323057421719675
73.0169603713438
23.01439825437331
58.6503992600338
54.218129769485614
58.87672223769283
49.241356952102905
21.710964459082597
55.05778763362699
68.41015165484728
62.926000793172676
32.439999058074925
20.81190952328946
54.48432911810236
61.669459314610954
45.70107943517803
58.295811762852004
39.9195788652178
60.342033274032396
36.017641191360404
47.061495634515275
43.280317708461915
18.09705062177346
50.95085367606155
23.424070136265428
42.51769842294861
33.54107883929104
68.52889395365165
73.23898194468967
67.88054600577766
68.75728556587461
23.030067048752883
25.960628880648407
55.06398478482861
69.98763780595381
72.61130892313162
29.710701035349402
39.89975460812452
45.70035774897913
73.13177162617833
40.567802989246026
36.94684728956179
66.2607260649486
61.36169147042423
46.9988831075473
18.608502052087907
47.73323040985457
57.856286925237896
64.96139874450745
39.00169600400406
73.68399290500247
55.26991553455281
29.00258903037328
35.27590358381352
47.51553317790188
24.543145654056165
71.24950680142078
42.912412966800105
37.17981642586518
48.46474426068197
73.74950318201185
72.97677605943039
73.57002659169723
68.0605799854168
Rank 2: 200 simulations
41.45034048185715
62.73575360752101
42.97291612918802
26.660727457821224
18.823078448109413
15.942354683861897
42.05117036895861
61.24335388477702
60.355922676119064
24.724433082947314
58.831609808261014
17.93949388435479
39.032072060293224
Rank 3: 200 simulations
33.30625482862182
Rank 1: 200 simulations
36.66686586416628
37.31856907707558
65.60990342220336
27.309680663741176
51.48657047113586
32.40710998600641
Running 800 simulations with 4 MPI ranks
Rank 0: 200 simulations
t=26118128  fraction=0.24625  peak_slope=2.435e-08  t_peak=8706043  comparison cadence=26118128  difference=0.24625  below=0/3
t=26282393  fraction=0.24750  peak_slope=2.435e-08  t_peak=8706043  comparison cadence=26118128  difference=0.24750  below=0/3
t=26446657  fraction=0.24875  peak_slope=2.435e-08  t_peak=8706043  comparison cadence=26118128  difference=0.24875  below=0/3
t=26610922  fraction=0.24875  peak_slope=2.435e-08  t_peak=8706043  comparison cadence=26118128  difference=0.24875  below=0/3
t=26775187  fraction=0.25125  peak_slope=2.435e-08  t_peak=8706043  comparison cadence=26118128  difference=0.25125  below=0/3
t=26939452  fraction=0.25125  peak_slope=2.435e-08  t_peak=8706043  comparison cadence=26118128  difference=0.25125  below=0/3
t=27103717  fraction=0.25125  peak_slope=2.435e-08  t_peak=8706043  comparison cadence=26118128  difference=0.25125  below=0/3
t=27267982  fraction=0.25125  peak_slope=2.435e-08  t_peak=8706043  comparison cadence=26118128  difference=0.25125  below=0/3
t=27432247  fraction=0.25125  peak_slope=2.435e-08  t_peak=8706043  comparison cadence=26118128  difference=0.25125  below=0/3
t=27596512  fraction=0.25125  peak_slope=2.435e-08  t_peak=8706043  comparison cadence=26118128  difference=0.25125  below=0/3
t=27760777  fraction=0.25125  peak_slope=2.435e-08  t_peak=8706043  comparison cadence=26118128  difference=0.25125  below=0/3
t=27925042  fraction=0.25250  peak_slope=2.435e-08  t_peak=8706043  comparison cadence=26118128  difference=0.25250  below=0/3
t=28089307  fraction=0.25375  peak_slope=2.435e-08  t_peak=8706043  comparison cadence=26118128  difference=0.25375  below=0/3
t=28253572  fraction=0.25375  peak_slope=2.435e-08  t_peak=8706043  comparison cadence=26118128  difference=0.25375  below=0/3
t=28417837  fraction=0.25375  peak_slope=2.435e-08  t_peak=8706043  comparison cadence=26118128  difference=0.25375  below=0/3
t=28582102  fraction=0.25375  peak_slope=2.435e-08  t_peak=8706043  comparison cadence=26118128  difference=0.25375  below=0/3
t=28746367  fraction=0.25375  peak_slope=2.435e-08  t_peak=8706043  comparison cadence=26118128  difference=0.25250  below=0/3
t=28910632  fraction=0.25500  peak_slope=2.435e-08  t_peak=8706043  comparison cadence=26118128  difference=0.25375  below=0/3
t=29074897  fraction=0.25500  peak_slope=2.435e-08  t_peak=8706043  comparison cadence=26118128  difference=0.25375  below=0/3
t=29239162  fraction=0.25500  peak_slope=2.435e-08  t_peak=8706043  comparison cadence=26118128  difference=0.25375  below=0/3
t=29403427  fraction=0.25625  peak_slope=2.435e-08  t_peak=8706043  comparison cadence=26118128  difference=0.25375  below=0/3
t=29567692  fraction=0.25625  peak_slope=2.435e-08  t_peak=8706043  comparison cadence=26118128  difference=0.25375  below=0/3
t=29731957  fraction=0.25750  peak_slope=2.435e-08  t_peak=8706043  comparison cadence=26118128  difference=0.25250  below=0/3
t=29896222  fraction=0.25750  peak_slope=2.435e-08  t_peak=8706043  comparison cadence=26118128  difference=0.25250  below=0/3
t=30060486  fraction=0.25750  peak_slope=2.435e-08  t_peak=8706043  comparison cadence=26118128  difference=0.24500  below=0/3
t=30224751  fraction=0.25750  peak_slope=2.435e-08  t_peak=8706043  comparison cadence=26118128  difference=0.24375  below=0/3
t=30389016  fraction=0.25750  peak_slope=2.435e-08  t_peak=8706043  comparison cadence=26118128  difference=0.24125  below=0/3
t=30553281  fraction=0.25750  peak_slope=2.435e-08  t_peak=8706043  comparison cadence=26118128  difference=0.23500  below=0/3
t=30717546  fraction=0.25750  peak_slope=2.435e-08  t_peak=8706043  comparison cadence=26118128  difference=0.23250  below=0/3
t=30881811  fraction=0.26000  peak_slope=2.435e-08  t_peak=8706043  comparison cadence=26118128  difference=0.23375  below=0/3
t=31046076  fraction=0.26125  peak_slope=2.435e-08  t_peak=8706043  comparison cadence=26118128  difference=0.23500  below=0/3
t=31210341  fraction=0.26250  peak_slope=2.435e-08  t_peak=8706043  comparison cadence=26118128  difference=0.23500  below=0/3
t=31374606  fraction=0.26375  peak_slope=2.435e-08  t_peak=8706043  comparison cadence=26118128  difference=0.23375  below=0/3
t=31538871  fraction=0.26375  peak_slope=2.435e-08  t_peak=8706043  comparison cadence=26118128  difference=0.23000  below=0/3
t=31703136  fraction=0.26500  peak_slope=2.435e-08  t_peak=8706043  comparison cadence=26118128  difference=0.23000  below=0/3
t=31867401  fraction=0.26500  peak_slope=2.435e-08  t_peak=8706043  comparison cadence=26118128  difference=0.22875  below=0/3
t=32031666  fraction=0.26625  peak_slope=2.435e-08  t_peak=8706043  comparison cadence=26118128  difference=0.23000  below=0/3
t=32195931  fraction=0.26625  peak_slope=2.435e-08  t_peak=8706043  comparison cadence=26118128  difference=0.22250  below=0/3
t=32360196  fraction=0.26625  peak_slope=2.435e-08  t_peak=8706043  comparison cadence=26118128  difference=0.21625  below=0/3
t=32524461  fraction=0.26625  peak_slope=2.435e-08  t_peak=8706043  comparison cadence=26118128  difference=0.21375  below=0/3
t=32688726  fraction=0.26625  peak_slope=2.435e-08  t_peak=8706043  comparison cadence=26118128  difference=0.21250  below=0/3
t=32852991  fraction=0.26625  peak_slope=2.435e-08  t_peak=8706043  comparison cadence=26118128  difference=0.21125  below=0/3
t=33017256  fraction=0.26625  peak_slope=2.435e-08  t_peak=8706043  comparison cadence=26118128  difference=0.20750  below=0/3
t=33181521  fraction=0.26625  peak_slope=2.435e-08  t_peak=8706043  comparison cadence=26118128  difference=0.20250  below=0/3
t=33345786  fraction=0.26625  peak_slope=2.435e-08  t_peak=8706043  comparison cadence=26118128  difference=0.20000  below=0/3
t=33510050  fraction=0.26625  peak_slope=2.435e-08  t_peak=8706043  comparison cadence=26118128  difference=0.20000  below=0/3
t=33674315  fraction=0.26625  peak_slope=2.435e-08  t_peak=8706043  comparison cadence=26118128  difference=0.19625  below=0/3
t=33838580  fraction=0.26625  peak_slope=2.435e-08  t_peak=8706043  comparison cadence=26118128  difference=0.19500  below=0/3
t=34002845  fraction=0.26750  peak_slope=2.435e-08  t_peak=8706043  comparison cadence=26118128  difference=0.19625  below=0/3
t=34167110  fraction=0.26750  peak_slope=2.435e-08  t_peak=8706043  comparison cadence=26118128  difference=0.19125  below=0/3
t=34331375  fraction=0.26750  peak_slope=2.435e-08  t_peak=8706043  comparison cadence=26118128  difference=0.18750  below=0/3
t=34495640  fraction=0.26750  peak_slope=2.435e-08  t_peak=8706043  comparison cadence=26118128  difference=0.18375  below=0/3
t=34659905  fraction=0.26750  peak_slope=2.435e-08  t_peak=8706043  comparison cadence=26118128  difference=0.18000  below=0/3
t=34824170  fraction=0.26875  peak_slope=2.435e-08  t_peak=8706043  comparison cadence=26118128  difference=0.17750  below=0/3
t=34988435  fraction=0.26875  peak_slope=2.435e-08  t_peak=8706043  comparison cadence=26118128  difference=0.17625  below=0/3
t=35152700  fraction=0.27000  peak_slope=2.435e-08  t_peak=8706043  comparison cadence=26118128  difference=0.17500  below=0/3
t=35316965  fraction=0.27000  peak_slope=2.435e-08  t_peak=8706043  comparison cadence=26118128  difference=0.17375  below=0/3
t=35481230  fraction=0.27000  peak_slope=2.435e-08  t_peak=8706043  comparison cadence=26118128  difference=0.17000  below=0/3
t=35645495  fraction=0.27000  peak_slope=2.435e-08  t_peak=8706043  comparison cadence=26118128  difference=0.16375  below=0/3
t=35809760  fraction=0.27000  peak_slope=2.435e-08  t_peak=8706043  comparison cadence=26118128  difference=0.16125  below=0/3
t=35974025  fraction=0.27000  peak_slope=2.435e-08  t_peak=8706043  comparison cadence=26118128  difference=0.16125  below=0/3
t=36138290  fraction=0.27000  peak_slope=2.435e-08  t_peak=8706043  comparison cadence=26118128  difference=0.15750  below=0/3
t=36302555  fraction=0.27000  peak_slope=2.435e-08  t_peak=8706043  comparison cadence=26118128  difference=0.15625  below=0/3
t=36466820  fraction=0.27000  peak_slope=2.435e-08  t_peak=8706043  comparison cadence=26118128  difference=0.15375  below=0/3
t=36631085  fraction=0.27000  peak_slope=2.435e-08  t_peak=8706043  comparison cadence=26118128  difference=0.15250  below=0/3
t=36795350  fraction=0.27000  peak_slope=2.435e-08  t_peak=8706043  comparison cadence=26118128  difference=0.14750  below=0/3
t=36959615  fraction=0.27000  peak_slope=2.435e-08  t_peak=8706043  comparison cadence=26118128  difference=0.14500  below=0/3
t=37123879  fraction=0.27000  peak_slope=2.435e-08  t_peak=8706043  comparison cadence=26118128  difference=0.14250  below=0/3
t=37288144  fraction=0.27000  peak_slope=2.435e-08  t_peak=8706043  comparison cadence=26118128  difference=0.13875  below=0/3
t=37452409  fraction=0.27000  peak_slope=2.435e-08  t_peak=8706043  comparison cadence=26118128  difference=0.13875  below=0/3
t=37616674  fraction=0.27000  peak_slope=2.435e-08  t_peak=8706043  comparison cadence=26118128  difference=0.13875  below=0/3
t=37780939  fraction=0.27000  peak_slope=2.435e-08  t_peak=8706043  comparison cadence=26118128  difference=0.13625  below=0/3
t=37945204  fraction=0.27000  peak_slope=2.435e-08  t_peak=8706043  comparison cadence=26118128  difference=0.13375  below=0/3
t=38109469  fraction=0.27125  peak_slope=2.435e-08  t_peak=8706043  comparison cadence=26118128  difference=0.13375  below=0/3
t=38273734  fraction=0.27125  peak_slope=2.435e-08  t_peak=8706043  comparison cadence=26118128  difference=0.13375  below=0/3
t=38437999  fraction=0.27125  peak_slope=2.435e-08  t_peak=8706043  comparison cadence=26118128  difference=0.13375  below=0/3
t=38602264  fraction=0.27125  peak_slope=2.435e-08  t_peak=8706043  comparison cadence=26118128  difference=0.13125  below=0/3
t=38766529  fraction=0.27125  peak_slope=2.435e-08  t_peak=8706043  comparison cadence=26118128  difference=0.12875  below=0/3
t=38930794  fraction=0.27125  peak_slope=2.435e-08  t_peak=8706043  comparison cadence=26118128  difference=0.12375  below=0/3
t=39095059  fraction=0.27125  peak_slope=2.435e-08  t_peak=8706043  comparison cadence=26118128  difference=0.12250  below=0/3
t=39259324  fraction=0.27125  peak_slope=2.435e-08  t_peak=8706043  comparison cadence=26118128  difference=0.12000  below=0/3
t=39423589  fraction=0.27125  peak_slope=2.435e-08  t_peak=8706043  comparison cadence=26118128  difference=0.12000  below=0/3
t=39587854  fraction=0.27125  peak_slope=2.435e-08  t_peak=8706043  comparison cadence=26118128  difference=0.12000  below=0/3
t=39752119  fraction=0.27125  peak_slope=2.435e-08  t_peak=8706043  comparison cadence=26118128  difference=0.11875  below=0/3
t=39916384  fraction=0.27125  peak_slope=2.435e-08  t_peak=8706043  comparison cadence=26118128  difference=0.11500  below=0/3
t=40080649  fraction=0.27125  peak_slope=2.435e-08  t_peak=8706043  comparison cadence=26118128  difference=0.11250  below=0/3
t=40244914  fraction=0.27125  peak_slope=2.435e-08  t_peak=8706043  comparison cadence=26118128  difference=0.11125  below=0/3
t=40409179  fraction=0.27125  peak_slope=2.435e-08  t_peak=8706043  comparison cadence=26118128  difference=0.11125  below=0/3
t=40573443  fraction=0.27125  peak_slope=2.435e-08  t_peak=8706043  comparison cadence=26118128  difference=0.10500  below=0/3
t=40737708  fraction=0.27125  peak_slope=2.435e-08  t_peak=8706043  comparison cadence=26118128  difference=0.10375  below=0/3
t=40901973  fraction=0.27125  peak_slope=2.435e-08  t_peak=8706043  comparison cadence=26118128  difference=0.10250  below=0/3
t=41066238  fraction=0.27125  peak_slope=2.435e-08  t_peak=8706043  comparison cadence=26118128  difference=0.10125  below=0/3
t=41230503  fraction=0.27125  peak_slope=2.435e-08  t_peak=8706043  comparison cadence=26118128  difference=0.09375  below=0/3
t=41394768  fraction=0.27125  peak_slope=2.435e-08  t_peak=8706043  comparison cadence=26118128  difference=0.09250  below=0/3
t=41559033  fraction=0.27125  peak_slope=2.435e-08  t_peak=8706043  comparison cadence=26118128  difference=0.09125  below=0/3
t=41723298  fraction=0.27125  peak_slope=2.435e-08  t_peak=8706043  comparison cadence=26118128  difference=0.09125  below=0/3
t=41887563  fraction=0.27125  peak_slope=2.435e-08  t_peak=8706043  comparison cadence=26118128  difference=0.09000  below=0/3
t=42051828  fraction=0.27125  peak_slope=2.435e-08  t_peak=8706043  comparison cadence=26118128  difference=0.08875  below=0/3
t=42216093  fraction=0.27125  peak_slope=2.435e-08  t_peak=8706043  comparison cadence=26118128  difference=0.08875  below=0/3
t=42380358  fraction=0.27125  peak_slope=2.435e-08  t_peak=8706043  comparison cadence=26118128  difference=0.08875  below=0/3
t=42544623  fraction=0.27125  peak_slope=2.435e-08  t_peak=8706043  comparison cadence=26118128  difference=0.08750  below=0/3
t=42708888  fraction=0.27125  peak_slope=2.435e-08  t_peak=8706043  comparison cadence=26118128  difference=0.08750  below=0/3
t=42873153  fraction=0.27125  peak_slope=2.435e-08  t_peak=8706043  comparison cadence=26118128  difference=0.08500  below=0/3
t=43037418  fraction=0.27125  peak_slope=2.435e-08  t_peak=8706043  comparison cadence=26118128  difference=0.08500  below=0/3
t=43201683  fraction=0.27125  peak_slope=2.435e-08  t_peak=8706043  comparison cadence=26118128  difference=0.08500  below=0/3
t=43365948  fraction=0.27125  peak_slope=2.435e-08  t_peak=8706043  comparison cadence=26118128  difference=0.08500  below=0/3
t=43530213  fraction=0.27125  peak_slope=2.435e-08  t_peak=8706043  comparison cadence=26118128  difference=0.08375  below=0/3
t=43694478  fraction=0.27125  peak_slope=2.435e-08  t_peak=8706043  comparison cadence=26118128  difference=0.08375  below=0/3
t=43858743  fraction=0.27125  peak_slope=2.435e-08  t_peak=8706043  comparison cadence=26118128  difference=0.07875  below=0/3
t=44023007  fraction=0.27125  peak_slope=2.435e-08  t_peak=8706043  comparison cadence=26118128  difference=0.07875  below=0/3
t=44187272  fraction=0.27125  peak_slope=2.435e-08  t_peak=8706043  comparison cadence=26118128  difference=0.07625  below=0/3
t=44351537  fraction=0.27125  peak_slope=2.435e-08  t_peak=8706043  comparison cadence=26118128  difference=0.07625  below=0/3
t=44515802  fraction=0.27125  peak_slope=2.435e-08  t_peak=8706043  comparison cadence=26118128  difference=0.07500  below=0/3
t=44680067  fraction=0.27125  peak_slope=2.435e-08  t_peak=8706043  comparison cadence=26118128  difference=0.07375  below=0/3
t=44844332  fraction=0.27125  peak_slope=2.435e-08  t_peak=8706043  comparison cadence=26118128  difference=0.07125  below=0/3
t=45008597  fraction=0.27125  peak_slope=2.435e-08  t_peak=8706043  comparison cadence=26118128  difference=0.06750  below=0/3
t=45172862  fraction=0.27125  peak_slope=2.435e-08  t_peak=8706043  comparison cadence=26118128  difference=0.06500  below=0/3
t=45337127  fraction=0.27125  peak_slope=2.435e-08  t_peak=8706043  comparison cadence=26118128  difference=0.06375  below=0/3
t=45501392  fraction=0.27125  peak_slope=2.435e-08  t_peak=8706043  comparison cadence=26118128  difference=0.06000  below=0/3
t=45665657  fraction=0.27125  peak_slope=2.435e-08  t_peak=8706043  comparison cadence=26118128  difference=0.05875  below=0/3
t=45829922  fraction=0.27125  peak_slope=2.435e-08  t_peak=8706043  comparison cadence=26118128  difference=0.05750  below=0/3
t=45994187  fraction=0.27250  peak_slope=2.435e-08  t_peak=8706043  comparison cadence=26118128  difference=0.05750  below=0/3
t=46158452  fraction=0.27250  peak_slope=2.435e-08  t_peak=8706043  comparison cadence=26118128  difference=0.05625  below=0/3
t=46322717  fraction=0.27250  peak_slope=2.435e-08  t_peak=8706043  comparison cadence=26118128  difference=0.05500  below=0/3
t=46486982  fraction=0.27250  peak_slope=2.435e-08  t_peak=8706043  comparison cadence=26118128  difference=0.05375  below=0/3
t=46651247  fraction=0.27250  peak_slope=2.435e-08  t_peak=8706043  comparison cadence=26118128  difference=0.05250  below=0/3
t=46815512  fraction=0.27250  peak_slope=2.435e-08  t_peak=8706043  comparison cadence=26118128  difference=0.05250  below=0/3
t=46979777  fraction=0.27250  peak_slope=2.435e-08  t_peak=8706043  comparison cadence=26118128  difference=0.05000  below=0/3
t=47144042  fraction=0.27250  peak_slope=2.435e-08  t_peak=8706043  comparison cadence=26118128  difference=0.04875  below=0/3
t=47308307  fraction=0.27250  peak_slope=2.435e-08  t_peak=8706043  comparison cadence=26118128  difference=0.04750  below=0/3
t=47472572  fraction=0.27250  peak_slope=2.435e-08  t_peak=8706043  comparison cadence=26118128  difference=0.04500  below=0/3
t=47636836  fraction=0.27250  peak_slope=2.435e-08  t_peak=8706043  comparison cadence=26118128  difference=0.04500  below=0/3
t=47801101  fraction=0.27250  peak_slope=2.435e-08  t_peak=8706043  comparison cadence=26118128  difference=0.04500  below=0/3
t=47965366  fraction=0.27250  peak_slope=2.435e-08  t_peak=8706043  comparison cadence=26118128  difference=0.04500  below=0/3
t=48129631  fraction=0.27250  peak_slope=2.435e-08  t_peak=8706043  comparison cadence=26118128  difference=0.04125  below=0/3
t=48293896  fraction=0.27250  peak_slope=2.435e-08  t_peak=8706043  comparison cadence=26118128  difference=0.04125  below=0/3
t=48458161  fraction=0.27250  peak_slope=2.435e-08  t_peak=8706043  comparison cadence=26118128  difference=0.04000  below=0/3
t=48622426  fraction=0.27250  peak_slope=2.435e-08  t_peak=8706043  comparison cadence=26118128  difference=0.04000  below=0/3
t=48786691  fraction=0.27250  peak_slope=2.435e-08  t_peak=8706043  comparison cadence=26118128  difference=0.04000  below=0/3
t=48950956  fraction=0.27250  peak_slope=2.435e-08  t_peak=8706043  comparison cadence=26118128  difference=0.03875  below=1/3
t=49115221  fraction=0.27250  peak_slope=2.435e-08  t_peak=8706043  comparison cadence=26118128  difference=0.03875  below=2/3
t=49279486  fraction=0.27250  peak_slope=2.435e-08  t_peak=8706043  comparison cadence=26118128  difference=0.03750  below=3/3
Stopping at t=49279486.000194184
Saved 581 remaining particles to /scratch/group/p.phy260085.000/Mass_Fraction/Outputs/Ejection_Results/remaining_particles_2187505_4.csv
