==========================================
Mass Fraction MPI Run
==========================================
Date:               Sun Oct  4 20:39:59 CDT 2026
Host:               ac063
Array job ID:       2187497
Array task ID:      0
MPI ranks:          4
CPUs per task:      1
Nodes allocated:    1
Python:             /scratch/user/u.hm357857/.conda/envs/comets/bin/python
Conda environment:  /scratch/user/u.hm357857/.conda/envs/comets
==========================================

8.816905411382516
20.363721728791973
12.736978040967003
6.422534749843043
22.497036903853402
12.03412066305803
15.049621709687228
18.212074866325615
7.90043914743981
5.480598115180517
20.031769284525172
21.036915658364784
5.700818343548153
22.978606320792984
21.31418352393062
13.211001926000218
5.446577850504548
13.134872608101702
9.42655039900268
14.215780730997896
19.370007669269157
21.600835902909733
24.100028442978353
16.94406388566015
22.388396657928276
15.664729523497272
14.361663858523194
17.935363444390553
5.8444373981023245
19.37144545296602
22.489846138314807
17.07690842972962
22.766740535836863
12.534727370073746
15.2751885475275
7.775879792044604
20.264977065142226
12.309443293278088
20.436550364432506
8.093533185179124
11.860217026973848
13.547844297551837
6.755548753157436
16.269577867367776
9.861452441087033
24.882079468049913
22.288820744175972
13.93885469839143
9.077925952762895
13.63322953690215
22.432525170780607
21.39645922996273
6.455849068092929
7.989797854718987
20.454496642864967
15.964490849650709
11.730566180394407
12.015934028481038
24.996972062821833
24.364749519240267
15.67665907904036
9.58577559629742
20.998192761398037
12.859454036679235
22.03687280056806
16.797054662939626
15.144106025006307
18.2488902115151
23.3819660916684
21.594232823010994
17.29138983140124
24.393710679853843
21.06433809905611
13.868161153037256
5.364197508554451
7.584060607522069
7.488291928142392
10.594122169873144
22.202681693963804
9.22591649675754
8.12227211641492
11.539802380177147
16.336328134283722
12.133661647490051
7.7980928840158565
18.98544429052232
15.054403391645614
18.539008414705634
6.703404319108291
23.822607244395066
11.952572883979194
22.503326052369907
14.864493951583013
15.398522933370414
19.9058437294975
20.510804708263674
5.142026952528306
24.654434706950703
11.976981303931222
15.515977285683949
18.945728495267375
15.231486529932896
18.84970746395528
23.753743860132627
14.452603733322615
11.97165947651445
18.406666966398667
7.3723677784646675
17.023451816799724
17.520276673555877
20.616397759493005
20.73487754921235
12.13152081550833
14.3730457993301
17.319347251845045
8.697185827703189
11.187308633117578
17.168104227628895
16.754623395282415
6.539969431274595
7.620280152569034
14.190236215917079
17.64201843402273
13.60714552891934
21.134573730136935
10.354290718139826
14.872157242512436
17.682113501509207
15.767935762456355
12.259270448671751
20.551362965088924
17.192697299072595
10.745443628204844
18.362824914917795
15.714451161123455
5.151842368317636
16.89156137340214
24.012219567180054
8.425295405919417
22.26892099444007
12.85037772034066
17.05853429444077
10.069249857668384
23.068873141209917
14.740716339544953
22.007769680943987
20.80559759771121
8.183779227120091
6.859749030954485
5.444473525060191
17.787122134293504
10.174131235358555
20.466891507441083
24.59249723181576
21.028086408202984
7.3401970910182435
22.211991877497802
19.773927234822548
9.883105844742314
5.88439095253081
19.806564808026675
18.694213415190312
23.403061116219874
15.530256410789413
19.02211095743524
16.316749406985117
16.75587200802901
18.061143175813637
14.25745809943644
10.682537419604948
12.004364596040901
21.16258729043574
5.3506872524656135
7.192662884356944
23.423076899282535
14.57402108628757
19.69270954005232
12.815069818189704
23.554653856182394
23.86940422276942
18.242904777361396
10.19842194825535
8.253567272312186
16.88200242115374
20.69844982415601
14.04785173655058
24.80637756276101
7.185127065560883
16.093025484285057
16.435456314699103
7.289959019361742
21.271867026889872
18.16849625164476
7.512583697525212
19.57422815537124
5.366941419221125
15.909210336735464
7.524325532878984
7.8929295176465075
22.258657873012965
7.5871792219069984
12.817816551070614
16.254324752671582
10.380978339831831
18.573933045670252
16.98539070808105
17.43888773568873
24.484085143352324
12.812645128452733
15.525564571652485
8.768982400000429
6.717012277670724
10.356596078805104
13.14201418360633
22.61992811964822
7.338667923109233
6.7607268107232805
23.598406186985606
8.927494957836657
15.892006564291012
5.039638632362767
5.32175721539391
9.831201004915094
5.734959386980307
8.924696531528959
10.63782362291712
14.796782076648968
22.56485539132327
17.6436796437493
24.317836353847373
13.884357669164668
8.808702422115546
20.16985990708765
16.865982583097484
20.083600762190446
5.929655181844884
19.53407004537482
20.654766759516022
20.828230555330432
20.885428366069654
18.46847592002227
18.62482136134886
22.686949822457247
15.522065032144166
13.457064319041931
14.670481052432562
9.936026162406344
15.82944482976574
5.483876067665028
23.439542829090122
15.173160736381144
20.31095275486482
19.90910556245146
14.110031581149354
13.827712382852603
7.732923490783099
11.333985813356396
6.715322415380487
15.279407160649551
6.226963682311364
16.679091524704027
8.126005047883877
6.27005788276395
9.542385094050658
20.364018264572543
12.523542452504046
12.371283009892075
12.498499360936927
7.198055439498794
22.2346736971314
15.28819219560791
14.077065909584796
19.38007805592108
23.75434761001602
14.07303475607896
8.208387174719405
23.0728113350341
6.31519736968523
6.806736809435867
18.444037367078415
18.975336812970113
10.619711187484581
16.63131689493365
5.258043793689742
15.130311479113418
24.251822771507143
23.728684913874176
17.557630055352103
9.055441516218979
8.124759147183573
19.00040670196913
8.806335168656386
24.7523543146124
13.28635857525594
5.785154552572507
21.49271991467643
15.588182251353604
5.75116458319682
23.427543953162715
12.49818148241248
11.843946952045378
23.27786768459602
14.76058175797444
16.73841304466681
6.742098870059852
13.426578280769
7.937352749632954
19.35947496033706
14.909991769543993
14.269166905606154
13.121321534208557
14.729504343758613
15.919251859516518
17.634850422917655
24.807574560704634
22.902733654091808
22.015140132636994
7.751171173237115
20.922923557167017
6.542246490800778
9.600500133754426
7.825112135217793
15.429084425871968
7.757159725877447
7.779988936858954
16.322570017211767
15.156755634162531
13.316302466362163
11.363084972113999
8.448414284242752
21.170801645159962
9.51452020981309
24.09779120982411
12.703845410235495
15.927389377815897
7.61611652617254
20.200429845079988
5.069136914306627
24.640488480880766
17.830738411446223
20.491237587318405
14.641116247918005
10.370597663067791
9.839058223237663
21.00511910159616
20.03744589797306
6.397762706813149
5.868075585269505
16.996383187669053
15.604654569087678
12.79712156332006
12.812974816113362
5.449204534073417
12.480460210348012
12.194368044908671
11.745888512935672
9.02583172256994
6.481012223565439
21.040291406661574
8.927347933868546
13.489119640360459
23.55579890907989
17.28514698966816
21.574988881493322
20.154542487100763
18.412993218742983
14.854871265535143
19.176328090955007
20.834627764833492
6.929823118189063
8.596193836841648
7.120717582033342
22.219576799157846
18.563653392379774
23.460702684239465
9.47262371293365
16.52680414512721
8.844575331388931
22.823438985082806
5.025256647580583
9.021261233937597
13.78114327471468
8.410311505832793
16.13903348233209
7.659502104754974
14.54028115214866
7.374137556555622
9.645718562018914
8.024964987729902
15.989860382958536
12.739686679403938
9.434075858907915
23.30913989085845
22.706742327630124
21.357592599505605
18.510797706798662
16.241674222324995
22.820393028991184
16.169593397204196
6.376513413561618
15.711130752549163
18.352200542091772
21.233113490498297
5.594187466087193
17.588934086011484
17.93284047431172
11.451067393443761
8.136152311806262
18.167186401719714
22.5839312949909
15.930023546072718
6.790900801843365
7.2868756439359705
15.293007976472426
15.092764640537816
12.771379626346484
10.004648528239482
15.968117580672615
10.446263116626529
11.813983420733752
9.832379175637435
9.087132182939541
18.48255558480081
15.751871542173827
13.617199959663655
9.050498426792267
18.93825780973711
14.518562791867524
11.677105921036786
6.960861414460542
21.953334006517334
11.905110567522483
20.068652525125586
5.543924159068558
17.366234698743902
12.744486751024322
12.689747854821658
8.27547285294804
20.72528310952511
9.968554528769236
7.525344163169612
8.892373401440505
22.87173809226216
18.770162923352444
8.07424697610953
5.047270696920377
7.29208473819277
24.884667432318015
7.859285380058909
7.960914361200602
15.316860038510399
17.70870627197216
19.93954222440172
13.305873524141616
22.0931593875431
8.257914712593408
22.170181229673453
18.948286923183062
22.585234197702814
6.098710300167305
13.302199221516506
21.82708190624822
22.256600944567143
22.661663127530115
19.544972360567385
14.781989150841406
11.566054878161916
21.73134761175044
11.63124478481038
13.329177176553097
13.480655657957882
19.41904840746679
23.184555408645224
19.302640439808524
21.98505102865987
9.546426041785283
8.509605585070103
15.936591876130436
7.649244818670013
11.078313285561421
23.84118534967287
20.384838437190336
11.632569176184223
16.666873294972998
14.978783539213776
17.32963742846983
23.7315879000308
9.379716417043651
14.752783408326298
6.733032696252634
10.090896827045388
17.323855681961078
12.713281423168022
12.296304509179345
24.113517535923346
6.133504964452561
20.765874841283583
7.966756422572743
7.093437628313685
24.595958484802352
24.89397247217758
16.476982314551133
23.07330932845121
22.103326598243424
6.676039219614918
20.829639487666803
23.419169612358964
9.023305115325584
24.615304659546183
13.40221704349089
24.53248278819296
19.62251554956938
8.14289126872282
22.886834913935814
24.85491805519007
23.436467612461747
22.30403833246926
16.477707625248286
9.47064685262773
22.116010039260726
23.7841202488583
23.874754082770437
18.63263025972604
19.58305908764719
13.813917171285885
18.6609417226362
5.692197604695107
6.416305036685697
15.480553400619328
13.652225930380888
22.745504868339882
19.293013903802667
7.690039030153106
12.051593837609111
8.715358897163272
18.337252224792053
5.942947572755668
5.568713483816126
7.820509426843561
16.470911779608002
14.410969132808493
17.43208461644923
9.280732565756152
14.559054900510652
9.49714109228183
12.17572344533744
18.813562936088367
14.036005905652607
14.084358070533705
20.477151519829683
5.841754164043267
14.910246465646683
15.87848842908835
12.234077151552809
12.145347460425217
18.899611818855128
23.968713505997822
14.729892009933838
9.577585603882593
20.54410369844745
7.089989090183204
11.572524429673805
24.507195855321232
12.99155369096363
21.65403528682281
9.628867843459792
10.320657715710322
18.089959936297717
20.154531288676772
10.125688461144957
7.621838319290612
20.242206963432857
10.209874024750164
7.5781663867526845
18.274005787827377
9.67158299525851
9.19000345841223
16.091082220164445
24.629104235803837
20.304104022043177
19.948098692497886
22.420411166972816
11.400882017114583
14.018605254206056
12.803740767132656
12.94470029458173
20.24595133192062
17.643311978843016
22.961039752947965
14.813879685706201
18.17586860808767
14.336501185269979
10.543599969631147
10.782563986988578
19.872666850545336
19.874389778580465
7.556149841177586
15.140682142812851
21.40184438272516
16.177784159427432
8.396935210293963
10.303824114025153
21.727757603490872
22.027407546969627
19.19084192088328
19.317514775001708
19.38782368212659
18.012543451621234
7.303324240949321
24.876425078565422
15.359895225755555
5.480262165624216
20.39956816365521
19.859720986959662
7.4905268928142155
14.815522561499726
7.560771942123832
15.820784091069012
23.79969465217804
10.591559995778761
12.421803722302244
23.444519032821667
16.37044528452499
5.875197245197736
16.0574991926685
23.457257288577523
16.656930365114473
18.611185208683352
5.891619470633424
11.747912276073249
19.4437416361676
7.848676665741943
12.235215809953388
20.072215970129854
20.030497010188213
7.523435525487199
9.042696872128191
6.555303342189511
14.97756304360629
15.681013266976457
5.908257674568642
12.787928068010226
22.4040311839683
15.010503648556075
18.30794898564178
15.25366415721183
11.900710413539324
7.545437234273935
9.540708386514247
23.686881406451455
18.645318177820094
6.868900102671733
22.28571964359852
21.35156232192611
10.113819686984684
10.022211857445399
7.606289900297483
13.880649410099796
5.329120339196367
19.01929280966196
16.917959770649254
10.441050289078264
24.32562686110937
16.53006590298577
7.707648947764241
12.645595460688446
18.09099368024077
11.809185704518963
7.068095965879742
19.337784666262174
7.605523903610467
18.95438071676115
7.562835019358913
22.1263017819111
16.249533417179705
19.00974269952885
17.00239296089174
14.079903749857788
23.162346574059878
24.414346474442596
18.972523656236234
15.436716209668706
14.252345407954268
23.736121998640158
21.062398304261805
18.937397711082532
19.64034013974141
13.63267688659452
6.8423987835511575
11.880570474222282
12.233418776799168
7.434220854139482
16.178828801662213
18.248033962695622
11.067671193482852
20.279206394395587
20.236038201582573
22.424643421020992
8.634164526829398
18.240049871290203
22.65563435231854
18.828131228415366
22.66401226575919
6.490205658552566
9.750144098039119
21.41681575463847
16.383865278748104
11.870409327042658
15.48879752216723
8.001941502805437
22.758932293150718
5.950257978377962
9.957465866157895
17.067024160732416
16.72022692686079
16.86925994594502
24.776737736225453
24.633386360525726
16.290669258756825
8.265807426718045
11.923018780476351
18.537845559881735
7.257500388837355
8.4212550236341
10.731745325084896
13.074008588795635
8.54794608193437
10.640204735229698
6.64322790304807
14.865304962004016
15.263413785692986
11.046975291146497
22.493273201870668
7.833512519532652
18.678473536500512
8.471479826270507
13.60222259247616
15.937715060826157
22.18167508939352
12.667614012550477
8.769181419408188
19.148781556955903
5.949433553558228
23.205186263273895
9.158819255674302
19.728802531253933
11.217839545678652
16.831361435394975
13.733072576193768
8.825110600061452
18.354277037141227
14.147406736371707
10.886855359167633
23.081045358154707
13.202722775923142
22.65581257704127
10.258204127297933
15.525430839240888
20.74892895171903
12.40803143568346
20.64490595125733
21.978267656275328
6.2132357158235285
18.116602087456247
11.413509865799318
14.155355097544044
11.359609310968377
14.199474235645773
10.329089114956782
24.094591371841215
10.637069905771227
18.502235835623694
21.545989336755593
10.705897932086494
24.100908887088263
23.414776433539174
21.056957621573396
13.941448293172883
11.049368925007418
16.725273649548004
6.814882768607595
12.528161038100759
18.115421446922838
12.967979742523848
16.668856993439178
19.80236805084585
11.6793558690112
17.61712417120515
7.75903900449308
13.683046729873551
24.01512024336201
24.193936046523433
24.27973436953437
7.905152866500873
9.484980644044168
21.757943145478553
20.9680477656942
13.478729892725541
5.6494465791683
Running 800 simulations with 4 MPI ranks
Rank 0: 200 simulations
17.07665390893624
Rank 1: 200 simulations
Rank 2: 200 simulations
Rank 3: 200 simulations
t=3146584  fraction=0.56625  peak_slope=2.296e-06  t_peak=220261  comparison cadence=3146584  difference=0.56625  below=0/3
t=3178050  fraction=0.56625  peak_slope=2.296e-06  t_peak=220261  comparison cadence=3146584  difference=0.56625  below=0/3
t=3209516  fraction=0.56625  peak_slope=2.296e-06  t_peak=220261  comparison cadence=3146584  difference=0.56000  below=0/3
t=3240981  fraction=0.56625  peak_slope=2.296e-06  t_peak=220261  comparison cadence=3146584  difference=0.48125  below=0/3
t=3272447  fraction=0.56625  peak_slope=2.296e-06  t_peak=220261  comparison cadence=3146584  difference=0.37500  below=0/3
t=3303913  fraction=0.56625  peak_slope=2.296e-06  t_peak=220261  comparison cadence=3146584  difference=0.29625  below=0/3
t=3335379  fraction=0.56625  peak_slope=2.296e-06  t_peak=220261  comparison cadence=3146584  difference=0.25625  below=0/3
t=3366845  fraction=0.56625  peak_slope=2.296e-06  t_peak=220261  comparison cadence=3146584  difference=0.19875  below=0/3
t=3398311  fraction=0.56625  peak_slope=2.296e-06  t_peak=220261  comparison cadence=3146584  difference=0.16375  below=0/3
t=3429776  fraction=0.56625  peak_slope=2.296e-06  t_peak=220261  comparison cadence=3146584  difference=0.13625  below=0/3
t=3461242  fraction=0.56625  peak_slope=2.296e-06  t_peak=220261  comparison cadence=3146584  difference=0.11875  below=0/3
t=3492708  fraction=0.56625  peak_slope=2.296e-06  t_peak=220261  comparison cadence=3146584  difference=0.10500  below=0/3
t=3524174  fraction=0.56625  peak_slope=2.296e-06  t_peak=220261  comparison cadence=3146584  difference=0.09375  below=0/3
t=3555640  fraction=0.56625  peak_slope=2.296e-06  t_peak=220261  comparison cadence=3146584  difference=0.08625  below=0/3
t=3587106  fraction=0.56625  peak_slope=2.296e-06  t_peak=220261  comparison cadence=3146584  difference=0.07750  below=0/3
t=3618571  fraction=0.56625  peak_slope=2.296e-06  t_peak=220261  comparison cadence=3146584  difference=0.07250  below=0/3
t=3650037  fraction=0.56625  peak_slope=2.296e-06  t_peak=220261  comparison cadence=3146584  difference=0.06625  below=0/3
t=3681503  fraction=0.56625  peak_slope=2.296e-06  t_peak=220261  comparison cadence=3146584  difference=0.05875  below=0/3
t=3712969  fraction=0.56625  peak_slope=2.296e-06  t_peak=220261  comparison cadence=3146584  difference=0.04875  below=0/3
t=3744435  fraction=0.56625  peak_slope=2.296e-06  t_peak=220261  comparison cadence=3146584  difference=0.04750  below=0/3
t=3775901  fraction=0.56625  peak_slope=2.296e-06  t_peak=220261  comparison cadence=3146584  difference=0.04125  below=0/3
t=3807366  fraction=0.56625  peak_slope=2.296e-06  t_peak=220261  comparison cadence=3146584  difference=0.04000  below=0/3
t=3838832  fraction=0.56625  peak_slope=2.296e-06  t_peak=220261  comparison cadence=3146584  difference=0.03625  below=1/3
t=3870298  fraction=0.56625  peak_slope=2.296e-06  t_peak=220261  comparison cadence=3146584  difference=0.03375  below=2/3
t=3901764  fraction=0.56625  peak_slope=2.296e-06  t_peak=220261  comparison cadence=3146584  difference=0.03125  below=3/3
Stopping at t=3901764.008270826
Saved 339 remaining particles to /scratch/group/p.phy260085.000/Mass_Fraction/Outputs/Ejection_Results/remaining_particles_2187497_0.csv
