==========================================
Mass Fraction MPI Run
==========================================
Date:               Sun Oct  4 20:44:01 CDT 2026
Host:               ac002
Array job ID:       2187513
Array task ID:      1
MPI ranks:          4
CPUs per task:      1
Nodes allocated:    1
Python:             /scratch/user/u.hm357857/.conda/envs/comets/bin/python
Conda environment:  /scratch/user/u.hm357857/.conda/envs/comets
==========================================

78.86750554947913
112.1568349677329
109.94663576981729
110.00386648981132
52.84105523788729
109.81875092711041
35.08979884593637
50.11421345409466
58.772068120220176
104.75855232418074
75.88038406966757
107.78681863646608
93.59105582158817
98.0207133307251
117.55862977200782
106.86502813717907
115.56423358085475
103.11163244785747
101.53214095273661
85.51802093199778
122.05802510602585
68.2092092430656
117.7000551695415
38.57631137348636
107.65519006061633
47.726429425413876
47.34508602077434
66.36422579142896
77.718927291294
115.79143358335142
41.106054697038054
47.00210591738172
90.44694495679293
33.00160488731591
74.8732371813546
73.74462627689701
44.47687801293413
90.90224429923903
102.37911853432081
67.95732926202044
119.43109020177674
52.42766203056858
85.34187329245083
47.31781586342715
103.6158496234842
98.77989418614382
119.28948543221323
74.18841391747657
107.38277026072896
48.539501378999915
91.76179352780515
103.23727262584381
52.783696896268374
123.73815022415093
34.20986763773468
106.69899569109418
123.74993992351082
105.55511584198545
57.67081197483693
26.689857848817343
84.95675827282858
76.36014933408836
44.377534429026426
120.92978933080938
124.55068715907018
59.91947041008058
78.85518902255411
117.03940338246971
78.3388110228866
116.32078579908443
122.24478484860364
113.06993852833199
107.90610598500186
70.59458088619138
67.41649694100997
44.15022039193721
54.64360615464835
75.47994950211341
91.74096501048146
102.70336695827797
65.93676342876367
110.47585880869251
42.08705009379015
56.6916597402664
54.02509395704767
42.08662826130433
118.21169813579564
32.498803199492
73.23863516201314
122.82990576392517
103.87635445274204
97.43000719340796
80.60595275290163
53.40697062209044
103.04352805593375
109.09773764924346
60.84723123971729
118.45688336478143
40.562509349752006
115.94458732043374
91.23553984724195
110.38745908707985
27.931027144865496
112.91618101333661
40.5427983914619
43.36980329564012
106.27783044926034
30.660926414631064
25.567700388696935
69.05917274622769
69.83858271659143
68.82480360887618
114.90914944042876
89.64409448688654
27.220100014763137
95.00309312371954
121.35171045452371
42.44682187980406
64.6589695116582
72.94037946698997
60.68545880359058
45.04613103845738
104.73402157833165
47.147253334206226
78.4112343051116
121.15080531844946
116.53212847543494
39.746338035546415
67.55414144715041
108.94737883841529
29.378328893606653
26.36417400200979
108.39891050951842
124.32938804787335
80.34629496337166
56.08416153526109
111.85009872987791
108.7138364802797
83.57306647563239
45.361569293643335
77.51782044564288
46.051015409271386
58.190865260048206
54.057229985178566
50.37941547330449
90.7791805766329
50.97311288640306
107.91973004910994
124.85324148004388
45.72829571372452
90.0013600567793
52.8386371934637
118.48516925710004
124.23373181023338
82.33748876260213
88.71597351588834
50.623406134301774
41.18909108561761
88.76992837962354
70.79624844437576
124.91675943537429
99.6879713226137
110.07870829117672
110.27366142096002
82.68189204198536
86.49606070113254
102.17539022763825
120.48043920765
41.24174371318681
39.47699575247382
64.46566663935543
101.72948821177081
114.7759146517723
108.85374735503373
89.39969853515059
94.65627841152649
83.10707780364909
90.7932179792473
46.79392756324579
34.3938440553992
60.55260164814988
30.57484507515302
34.610782259732
87.15969802126575
86.36420568739021
110.60246672855077
53.57941554911867
86.42137522653353
99.7370143957147
116.20917881171718
56.68367379113638
30.62226810929588
41.57951588366436
52.00766876093576
67.50675113810746
103.11283153553961
29.602918015379597
48.43046047864217
104.19258526535668
100.26168172861996
83.96680644889777
76.50489424407876
110.760769314246
90.78246951476608
85.82341480633016
92.04745532563773
28.376322400433217
74.21969650043067
28.437941870671768
45.46974729904475
37.076873501507514
88.91685328915142
106.77735404343873
106.56505095441598
53.610146616951894
81.82650843850205
48.27915941038133
91.91336862933318
91.30278051239138
30.320131366036318
72.6063883050248
36.23872717777847
38.38694650347213
94.15432635236614
38.432628752863586
87.50360020728209
120.41786625446798
95.38202720291964
38.06624439486747
49.76043917029834
26.57230743395349
120.09696142317469
92.67820628990674
68.71271678758987
91.2647273571226
39.71149336659007
92.91706132096526
116.7875805980201
58.32085833079568
108.23887077768968
67.53783576600682
104.73381365443916
124.56630754204943
54.365246854223216
67.36250759018537
113.49176262323904
91.33375306755637
97.91765145517084
100.56964555833277
44.55755917133908
60.92827420730204
42.15093720572902
58.35971432921646
82.55967793591351
37.858985085747335
122.4139571532019
64.1980841577788
73.34309946128585
47.505006330669644
69.30058163828245
92.1842851980569
50.54882148163421
113.33060153482784
26.23697465132102
64.87145238298497
30.481102271869943
73.72776299734866
63.862374083480255
50.614581542515864
25.426010010260203
115.59508234637565
73.52390053746765
26.444922142889993
89.72712057005224
98.03725352684583
94.28452098529392
56.08994705308014
88.05833106423407
47.72183740259764
26.462659879134797
69.78891017968655
84.78633061794903
25.16883076921822
98.42845866976154
28.003361543825367
89.92745651571369
69.89181146349813
90.42950119169879
106.75542150404476
49.96172201936899
74.182516749215
36.71500563102589
58.561285422571665
67.22878759684869
56.070846320021474
85.78517329994686
43.45922741331627
110.47613907194999
83.25507853749886
65.9330657926242
26.78960027092041
32.660895057639316
29.075062471207623
62.284954534936865
80.21911239328415
103.53370685207591
124.92210372863113
88.15701918852326
47.39395012126714
71.80638621404312
27.149464490208686
51.9788285844817
43.51698493342213
100.3946152188219
99.59434555251508
109.69015679750504
105.2458096914039
109.48655388500737
109.00089038517457
92.51683972842963
109.93777499705051
52.32799820356489
83.13742601551692
57.90180084247159
122.48019644837846
118.73553503392323
77.72290067628494
75.2494397080735
54.94808686763439
37.18864997106085
46.84315318905505
77.22399747324283
69.60043986934842
27.12384498591449
44.154909332790425
93.62964694675253
99.02810169039202
76.69622376580875
55.10896281444296
77.1253712058323
44.804477673632164
96.89921025064685
73.44641344171708
84.44593351372049
30.210484382547275
63.847304726713276
44.45465156345565
47.266474359981146
81.41071202655594
67.72193316499938
107.63024499431694
122.59394126500567
26.484639085932038
87.05340183613234
51.00311996587959
33.160865725132325
113.36982167523169
52.026927387769284
108.94379260872003
72.90881933633187
68.0396477053699
111.05655138304974
96.53457228698468
101.49720171594413
71.44827864717303
89.89333332319785
93.10687427912765
61.077523983021855
78.96413081957394
97.7963246673672
91.60952838290474
98.61318060527611
122.9985616447018
121.78110674203822
42.574166812613356
93.25255981579421
25.503138111313806
75.95180810435883
100.08658852432937
40.511878712428164
26.14736454234383
103.19654283371459
26.860934529744462
81.42887228764423
54.25177796937429
57.47741099678463
79.63297146397653
62.598279232494
74.08148473477824
117.12746479067388
91.3292585020677
57.25209014095586
50.768270500734246
80.05179008800786
38.635697210091095
109.69638377126026
108.38421474985327
118.16929789157354
69.65246794930223
121.31364300371271
116.42884089283524
120.38683257751502
37.627881071981875
119.30648772103194
45.94857592789862
118.13646911348788
69.16021971827891
80.27051279907549
60.748546771740365
58.10808876363575
25.14986730061769
115.84001919286513
32.49164192353653
98.59841511523716
46.13666687940318
28.62104849380367
96.3730089306548
61.859569293318074
25.616889715249158
54.72341358432627
104.5361979161019
58.27677073764341
117.27385884250513
120.61671298803991
33.02853666314627
42.76321289470412
116.90666383920045
79.19309241986794
43.62228458454932
101.22118093850779
96.6789498259724
85.59356085061687
55.03989760052022
60.71489585903451
95.77242640789292
87.33405902222087
90.26335968859655
44.479080782534666
34.80141030137802
102.39792367588394
46.0293583181908
43.12222488504449
117.90720717776365
63.33098628769414
109.61139629308742
116.69185936353898
73.50246518980339
31.51142153430653
88.96583218455044
94.71700484015635
65.32447954881192
94.82776484883016
102.69540738722131
34.50593139527991
100.98142875835478
30.406617225200847
47.41632848138939
65.84057158124199
44.32707680825395
69.27653241340212
40.38638047738354
65.8956641886293
108.7193241846141
80.54407998780515
114.27160087210724
62.04493771812422
61.76028006208188
96.61944212965956
75.62458240180086
94.47637289989615
94.29409722069036
60.72338046110385
101.12264958395724
80.65399915542068
76.24973752191048
109.23279489538636
69.87596030300728
88.83328363392991
64.02244212188938
39.65394107125558
39.67541946722941
83.275569155988
73.96286672084196
102.6108543890664
45.92637591091035
79.89364429279752
66.46777625199317
104.36332595925373
87.78406479195498
38.27528476640799
123.63607650988352
103.19572540547694
96.11635248112245
101.97074661288984
76.57876625576192
41.433182219616285
35.31260375947627
107.46410290172538
94.41204994450611
98.41719426944744
91.24206488721899
39.22210099359158
106.98088461228603
73.64805183161133
76.38164065788283
47.5282665863908
93.93893812257426
107.1019172220515
95.18712013667479
89.12429711336824
74.14648113326348
73.4927281606472
79.00031441526713
51.5415842894854
115.95400462172184
28.93410763949651
54.708592774197456
42.19151575300148
109.94680389356886
111.99329609308234
47.19958002909015
107.9783172821139
119.09880790134896
80.0621665077936
91.79138610991741
72.15176929954364
40.177219240170416
115.09740887614306
34.84346002261547
48.426354251937695
56.67354487268228
119.09497819328467
82.94717025963271
70.83675275573938
86.3481002830782
74.05487529265773
103.4522121967529
108.28705127348432
29.638483535958315
91.63202219196187
119.32300394880906
40.89108471979157
60.225037338748876
62.26600636659394
97.42814946679923
37.99194259243322
103.09581309240149
76.15226940800345
58.9231764143114
66.46140991190009
76.8776256326805
92.386503181275
79.07003653093673
92.37691469020007
110.66374662639369
98.66188298331802
88.32848789443852
30.020976902090545
59.42420532489788
26.01391370937308
25.637119824909117
40.170203066657926
118.60525628736886
41.62601995359224
59.134607139742535
31.866912252445346
78.71105090567895
104.3031048820001
122.11027444086976
100.95899067644487
96.03604976042138
48.77059091384265
87.36508798782411
61.31716285427737
70.54518412460018
103.64376085061227
30.42615303311893
48.563951089313775
30.63613112687151
94.98306080619055
58.452438052905784
91.34619068771936
119.38645814871907
90.220898692653
86.60563042671274
48.82259489725092
75.54586566263856
53.03352747073773
98.27051514013635
115.56496812013575
28.913818419519565
70.2037011487789
55.805212887445556
79.40643104421139
35.86883483706724
36.00655232340152
59.62872713499344
41.22444673014293
58.455025523067114
107.54214461845275
91.38745895654193
105.74963678096164
27.17119436010027
38.577842165194575
50.51505022670082
103.3827772504101
101.9977263415467
78.94223928828457
69.88739681316075
79.11406627901654
74.69464007100038
99.13327645276689
90.05136568099704
104.34585162936091
110.04934897261826
38.26654109100743
74.830281975616
48.87263841152401
114.30629747389416
124.93266420308248
53.5208493542628
86.92785643118908
83.6075791793135
32.23548505225927
53.39771495486943
50.42475410232642
94.89568760691365
81.78615757623184
27.109825296252943
28.14526361497037
110.50618655465115
91.02236606260644
55.058580358957244
64.29032673844272
90.42143253280398
121.40850403015202
53.56836877706629
35.86676832286243
57.20790200371698
114.59648156544992
92.94477111734844
28.277522269347145
31.623469670961512
41.089834873552476
49.145266142004814
64.24625824097149
101.66567595693216
27.474871745779716
52.10645547071616
52.49574288833399
58.51463184850236
67.92714956354507
87.75442700897524
58.36011581950428
107.17474426585858
43.80256376809385
86.90565353889139
47.71856283952398
47.74195858713452
57.667998722537575
58.25821604663426
99.001724316524
44.671813707633
89.50436974070591
120.82250679278822
30.164437091678884
41.59788590623218
102.26534588091667
89.80042949194016
111.93415426562837
28.682258625866087
92.79964696068681
48.394229518276816
116.67296407994017
122.5562792767859
77.41168990718346
114.89765737485632
77.05079327404778
111.03414209145095
101.1064829626488
52.35535793194845
51.42239805224855
106.8942056044011
119.27925965230453
121.48134286782332
98.91670548557855
91.95518420511416
96.38438702655887
107.40485873636906
117.87396719807003
102.01084132220521
37.005942556450144
57.99619296561755
53.05924015995631
81.11299954430798
120.24430386617858
67.27032814655396
80.50855975248359
37.37999760677945
55.54710907549973
76.0966580964506
89.07751076936002
115.81153777477907
62.62424832910764
54.316396897613686
104.27882571264563
95.42929000752201
82.70949019075955
32.156181665772635
106.88764853237079
115.1671217445842
65.18466815013196
52.33352064188145
43.0822236973738
61.77531237207897
57.487702405771344
89.62569827583404
25.640993625304766
68.54729248723878
79.03936066445672
76.20189299484893
122.29948304180338
117.15720779967353
79.85468554628443
39.421633075098754
79.66440458876875
116.49711618783894
48.83078466930628
52.94399464052101
32.46692581819395
87.05923278316749
58.55970181830188
53.63136534204899
47.133721209622266
99.95463493607531
66.35413502205063
73.43401767561525
114.97584412436774
122.45265417361423
26.131910419029182
70.96632890684592
67.0355416831926
122.14931441999653
115.43662039281705
87.33571422249256
68.42665051756569
111.4273186249716
121.32453144501294
44.44596265169268
55.70837080354025
98.51360348471717
119.85566547250177
72.32041234852807
123.66991257952091
104.00013293434839
26.722246705748965
33.037067971697844
92.91750664076149
36.241590166524006
68.13796024193174
48.385583787275166
68.98996344285285
61.59997588294874
32.14410475668734
45.66744906206428
69.12799759569981
36.64407292180324
71.60878666602336
25.022880070035015
76.51766913251205
87.50576375583547
112.23242986465485
46.347044197685065
106.31065586187539
96.77945737608073
34.020456629975484
82.54268002865822
63.94191842902831
43.44816343046038
Rank 1: 200 simulations
111.40422078415911
57.00553885043435
102.15980529450329
111.23987150675013
51.035548481764266
116.6680619500299
47.06385378146305
78.27567950455983
99.43379116707072
39.01244947315544
94.41050644215808
62.995952056422155
60.016824869254414
34.27176099618604
45.16100108205635
48.73420778044543
48.612776289620044
78.86451087571183
107.37285569919334
38.23434122208714
Rank 2: 200 simulations
57.141814694782646
Running 800 simulations with 4 MPI ranks
Rank 0: 200 simulations
Rank 3: 200 simulations
t=35267072  fraction=0.44375  peak_slope=1.723e-07  t_peak=2116024  comparison cadence=35267072  difference=0.44375  below=0/3
t=35619743  fraction=0.44375  peak_slope=1.723e-07  t_peak=2116024  comparison cadence=35267072  difference=0.41750  below=0/3
t=35972414  fraction=0.44375  peak_slope=1.723e-07  t_peak=2116024  comparison cadence=35267072  difference=0.32000  below=0/3
t=36325085  fraction=0.44500  peak_slope=1.723e-07  t_peak=2116024  comparison cadence=35267072  difference=0.23500  below=0/3
t=36677755  fraction=0.44500  peak_slope=1.723e-07  t_peak=2116024  comparison cadence=35267072  difference=0.19375  below=0/3
t=37030426  fraction=0.44500  peak_slope=1.723e-07  t_peak=2116024  comparison cadence=35267072  difference=0.15000  below=0/3
t=37383097  fraction=0.44500  peak_slope=1.723e-07  t_peak=2116024  comparison cadence=35267072  difference=0.11500  below=0/3
t=37735768  fraction=0.44500  peak_slope=1.723e-07  t_peak=2116024  comparison cadence=35267072  difference=0.09625  below=0/3
t=38088438  fraction=0.44500  peak_slope=1.723e-07  t_peak=2116024  comparison cadence=35267072  difference=0.07500  below=0/3
t=38441109  fraction=0.44500  peak_slope=1.723e-07  t_peak=2116024  comparison cadence=35267072  difference=0.05625  below=0/3
t=38793780  fraction=0.44500  peak_slope=1.723e-07  t_peak=2116024  comparison cadence=35267072  difference=0.05125  below=0/3
t=39146450  fraction=0.44500  peak_slope=1.723e-07  t_peak=2116024  comparison cadence=35267072  difference=0.04750  below=0/3
t=39499121  fraction=0.44625  peak_slope=1.723e-07  t_peak=2116024  comparison cadence=35267072  difference=0.04250  below=0/3
t=39851792  fraction=0.44625  peak_slope=1.723e-07  t_peak=2116024  comparison cadence=35267072  difference=0.03875  below=1/3
t=40204463  fraction=0.44625  peak_slope=1.723e-07  t_peak=2116024  comparison cadence=35267072  difference=0.03750  below=2/3
t=40557133  fraction=0.44625  peak_slope=1.723e-07  t_peak=2116024  comparison cadence=35267072  difference=0.03125  below=3/3
Stopping at t=40557133.35639506
Saved 435 remaining particles to /scratch/group/p.phy260085.000/Mass_Fraction/Outputs/Ejection_Results/remaining_particles_2187513_1.csv
