==========================================
Mass Fraction MPI Run
==========================================
Date:               Sun Oct  4 20:40:01 CDT 2026
Host:               ac073
Array job ID:       2187497
Array task ID:      5
MPI ranks:          4
CPUs per task:      1
Nodes allocated:    1
Python:             /scratch/user/u.hm357857/.conda/envs/comets/bin/python
Conda environment:  /scratch/user/u.hm357857/.conda/envs/comets
==========================================

6.538626121998481
20.112949812729024
22.464322621704778
18.081320760161404
18.192484838450262
11.471156598503116
14.110198277193861
24.578156362719223
17.001465514748556
13.703668763771217
21.4060846132774
15.951642404916859
12.791976744723437
17.386025818893753
14.209387991915053
17.367020725455603
15.115484967550817
10.324066102981188
16.72047907986066
22.340332528564517
13.103826832182062
24.606550184370462
19.543837038958777
15.545587831040189
16.31086799839119
23.407824568919896
23.703246629191955
20.30118496697432
18.859174280637816
23.88516502459512
6.526678748087069
13.378588174750703
18.915371254497693
20.306876188235215
10.025289609149686
19.136695655779775
19.241843861891482
9.93182411450749
5.694541438442928
8.716159509555176
19.141419749886843
19.345586227859727
16.83445691854729
11.135962680599336
20.725597770586624
5.88505612479195
6.22466047455021
24.19276249358922
5.3395616584394245
8.690331000208385
7.912860227462182
17.374270223798018
23.44524767402053
10.169294901331519
14.317441753094053
18.64834192885999
20.875741001998197
8.327255896412218
9.666678071699614
15.820949447524209
24.841233537754107
7.652101397192654
17.521463663360205
17.818018023795606
13.17782918525805
15.910705083088752
23.944142164158638
11.48679047008011
14.61242874994525
9.170325100354324
17.412433333655347
14.633596653273946
7.978056849957884
12.26291219980239
17.049981763819126
22.934448278926723
20.69934123640474
12.171611050033738
21.20528668919874
24.251272893178403
14.611376252985565
13.921454184539222
10.419966141281831
11.892164399971936
17.21616600010914
22.393923906928567
11.496882926670565
12.56291995060986
8.28440573494204
13.323161321274284
18.21975352898494
10.927559167997707
21.270878334368067
21.514208207929666
22.465819451256237
17.93030407800409
21.603763226384405
24.489220493905528
21.509405116235254
8.42215642571794
22.784101925653083
19.95207911105052
19.91627681332804
18.454790775449503
21.50054156232599
14.54708486672999
19.81897465612423
8.063052280943502
21.9917392137354
24.359710092410435
10.37630797850839
24.00569082353917
21.01628260547856
6.320962216456958
24.499187112613246
9.820075684324692
7.330738104126264
21.356701509577345
21.800793108077364
13.983882010810083
17.684955763133637
24.069841358180458
15.092618960342092
20.10478967674484
22.30707575834708
12.573623765493767
11.91535274266247
24.98149359421629
18.315694838496952
15.952426592088315
7.515173543184883
19.276377468751623
13.406158047136978
5.4427835428523474
11.04356088083935
23.46069865883889
24.03001721735652
6.673212412224285
11.088637841416064
7.064522746113848
15.81664520759438
15.789573788113795
24.088433249930247
22.317920052779595
20.894103233248472
15.121137866469592
18.710956463235306
21.36226973363866
8.787363666223797
13.646663543475876
17.26443235911177
12.062992556992057
17.402462561044562
17.407254926582148
17.10330004990549
9.373652003569292
12.589391014813309
9.810006366320865
11.933647263969533
14.500331161794191
6.2568964972162755
8.941288132178094
14.918019594053716
23.547473358484297
14.372811719576719
15.989937809496613
14.187916422663957
14.837223276741318
23.19422279253083
16.684758613408825
22.025491509220572
21.83645950085272
8.39378305328205
19.885502327710075
14.344222804560845
13.350463657987381
21.946389198999462
9.252440038264464
23.646758585808026
13.197790215576807
21.673945407781726
6.598466632877152
21.416429912870043
5.542353832639728
16.215907073127234
24.14107531984823
12.625958834311632
10.497478507844605
17.784262222360287
16.732309969679847
23.326783726399277
19.38528571147333
20.46673652813576
22.6524892101366
13.022808965470745
23.967154061740864
14.42401330646919
19.628086608166278
21.36966037347357
24.478204091065912
8.655560071396165
24.971835489957588
10.542029026366674
12.919160330887333
6.4501062591204095
24.39674056236695
13.272197756906092
20.577351992851764
21.304962918789748
12.718168074117497
22.969849770666773
20.310154859060624
13.504720701350255
23.26191339599478
22.165285176269105
10.39183470387374
20.975200690193283
16.308274902180017
5.064010129467931
21.057920650614626
15.716489833235386
13.811404454487366
21.141194785337696
22.159702166027756
20.97053615538713
10.616787231475902
10.867244909790712
24.1605511684035
18.683546544874694
24.12741501731335
6.196581655189208
9.341305063181995
14.50281185248411
14.786480700503075
24.025759847484508
13.652715436660174
13.747277272362526
10.894683231488479
5.797659814360063
5.641272459616804
7.61115262368238
24.307687539839684
20.319421103951107
5.918732382091285
13.360899111043521
7.100166093091065
23.578934307258493
11.937820792270657
15.506353862326211
8.704504979344375
20.998891607891444
8.193857733664222
9.51095238147612
23.574055314842923
9.879142472909198
23.67283090277682
9.48312670314635
9.724329968209739
9.842169268431029
23.455457593536046
17.814620206517233
17.17442902902112
13.32093217056735
8.268030428158289
21.6598454598409
9.48434963767172
5.395219039260601
22.12939268197787
13.354631067598143
19.92153334234802
10.75535373572407
16.10458627560588
7.768687332662694
12.975207441377293
14.586982622486037
10.527700652794882
16.969415482453023
10.502385483943895
15.635863414323374
21.21985910238015
18.896260879874625
16.05957385493995
20.237343430528604
17.863323685546998
16.044000111876663
16.12643525771176
18.45045367218627
18.218211881562205
6.818652019771441
18.181773097413174
13.707912330482001
18.332696058392678
9.532470381142488
11.259598642336462
16.46721616682406
11.744014844423045
12.69716846677432
10.169343796313335
24.432327312670676
21.25271210114557
19.192137477512915
12.47547780190779
14.538890689525775
14.999681146669596
11.593759331723861
14.723087592173492
17.24365048418392
12.674181793581127
17.398233525090774
17.156057842405865
21.67812508025411
14.945898434085588
14.369574734724441
7.225982170664455
7.9561434832845475
12.92492532862293
23.891556901234672
24.075020713534784
17.866483352442614
18.646031634022847
10.150975491106262
18.343948551651522
23.369590464980664
9.34499852085245
13.163258476247616
21.50635891671213
9.62818769794202
16.2825280077871
22.164163728857126
13.12498803675713
6.306393771376008
8.037736745254405
13.71509414796888
15.851946907873904
5.160837346589535
7.528301777312063
6.122846235242161
10.568929381684919
22.317250833409194
17.296911778643263
9.973827299248093
12.606972187837009
18.904328172515115
15.698255762865328
8.814821009606849
17.08666585989861
23.379159524412213
20.465714593959156
13.084402778443947
16.027877616290226
15.28157586283928
23.690468278762083
10.364722596291532
17.772246866874017
16.640138431395997
18.04567317783072
17.036588180531048
24.376177806133256
5.382145964085141
23.30877108808479
7.613788671199813
16.90420699201086
9.360862760798152
17.429794150887066
22.447997341335256
23.647985870588194
9.572035822324507
22.27673361383792
14.08012123904965
7.2584932302397505
12.056903789833752
14.44048607192606
16.28400383288738
17.415832559849342
10.312808547541096
16.39336447816177
18.528144333942194
5.385684015948318
24.957112193358938
13.18188193770369
20.860839485560106
9.726791879539121
6.657549695695941
22.32480516237208
19.07642828712838
5.021959664056719
20.787083986434048
12.824294554872598
8.196626726174074
21.395198960533772
19.986254656817433
12.490898612151602
21.144880186452344
24.116869164488776
8.46618526850767
6.400868245518277
14.701795991603245
16.06183212022577
11.61306658395818
14.30704822634427
24.65439973130679
5.972540096505674
17.005586336157524
19.526064773194634
14.298221976829794
17.33913764364639
18.386380352289088
5.72816616922049
15.288103493866005
12.945448263740797
10.460743509712904
15.642893576704225
9.227332386477103
5.239351031150683
14.969372345130234
13.475081215708153
9.338158732395916
21.672453823783517
9.78369836740284
13.109326191276205
20.1113242611845
11.529178341994644
13.522462490063305
23.07265333179796
19.111222426998353
24.295122628339872
10.170886787154526
7.633662447942779
8.392504752501717
13.668253514468674
8.079333381764622
21.967024906965523
20.93022220646641
21.49021128934664
23.579218074612378
11.870541052651946
11.255573608372753
15.805025165912738
14.721935676259399
24.989729031164345
14.051361434029147
12.758683943606924
17.505055585339523
16.75968533172245
19.40689992978581
22.086696142229215
9.083215432052743
7.464158679829396
17.34060599959502
20.43956439617273
7.519527366227305
5.68259140091074
22.229428350886344
10.749831453490856
12.368727768960838
15.752439702101809
6.404859608512201
20.69102140594947
12.49139460210456
14.235674888472744
15.347743720113495
22.362467248235774
5.77038941681389
22.38989439732304
7.709530385349557
20.532463943721073
20.268453563714054
12.798026983395172
12.009579355070109
17.25762319774282
22.5841205461349
17.93330408638751
21.227331487610126
6.864196375792686
12.883138866630935
18.291212833720586
17.10189073128917
6.585294298504127
9.196886136949477
17.082271817381027
6.087984013809811
9.120322748678465
6.5738657490911105
12.576101617573483
12.043809027876307
20.244794013394717
18.097118019182474
14.276575901487771
5.560450506716792
6.19334731051759
20.76299559171253
9.227292111101175
19.392114642627813
15.660003539294884
14.167443591209512
9.936198206849468
19.058668721146166
19.983080529267532
19.572393293649398
19.443107391157035
8.720266174260235
9.064752419725746
8.414183103895605
5.984975371347431
13.639024719604883
5.893909643452715
20.046465721454176
14.03087984238846
21.024285793949588
5.033727497931569
6.256709913339387
9.509191505726006
20.449037614666068
17.217340589204863
8.635817835987998
15.248751934388935
5.675619459452479
13.744766193431907
24.994244154944877
13.26481823110881
9.148697019958526
18.057300453747683
21.997008158308134
16.65044241543142
7.357573003555489
15.874052981448232
7.183726922665851
9.506622965689786
23.575032272573427
18.847408247989737
13.349979130742135
11.05878260581492
24.863243494863504
22.30645943925801
23.25829491912406
14.860220908451502
12.834542408974492
9.785539494847828
24.482122277385724
24.440341276438623
8.56650646335371
12.53558764005993
13.292552677586343
24.73610710162133
5.811964911045009
24.56037517676811
19.742419456648456
9.37229568898079
8.82639762317572
5.826957435604938
20.160231012253092
24.41870557821774
13.35451393838911
21.012233577813138
18.06708839221131
20.008904536050615
24.702497322846373
22.273524404585455
24.658483494666513
7.264595665604703
24.968366712668235
13.849545573795005
7.80523794159101
22.79255739367086
18.36926127338743
19.486069994022625
21.04257023295867
16.716703083064814
5.01533677444124
19.03279492746816
24.707674068819404
5.715813423467853
7.59126764958947
21.111693286568652
18.417498946986598
7.42434375544772
15.843478468750018
14.642484888667193
6.459315030263301
14.808733866761282
14.832008647165452
6.372611631359371
17.826127306450243
14.853347961790526
23.213532471869808
9.230576625887334
20.176823783395978
15.416476593777467
11.099623035982361
15.175501247042229
7.3669144010023
24.311595361794787
14.933983130749882
18.222816813182202
19.88087280426877
13.457237460333932
22.68281161969249
22.88516327543698
15.923917796297664
10.901775699878453
12.876076457394133
13.815366890831909
8.83303162810728
9.05851920188649
16.71374318614119
24.3857811372889
9.911608077798384
20.791350063437946
5.194217846908449
17.650782184471865
13.807303269610179
23.12124203755761
17.592182047038133
18.19284571442538
23.483889864218796
14.419865527222353
5.282202895379582
7.823622031812727
11.40263631650149
21.230977495663808
10.274658314809226
17.85058630019813
16.275771136748514
16.445917553828302
18.349543941462013
10.12835915877825
5.478159082844809
18.508198019165555
19.421466582496425
11.831184950064111
16.044364702396564
9.673109024538181
23.10344046470561
16.100900803880872
12.156174120478715
5.0251360716880145
6.693467266284621
19.966288992759807
19.359983994281293
22.361482439725428
7.555626603678654
7.195008323391161
21.73204923846917
7.051419030664519
17.111195753249177
18.749662856227584
14.590694599208561
21.82723158397692
7.627191059441348
8.419791543011462
18.60932172785067
22.53066845673658
21.432481927394576
18.290601059911907
17.885787436207153
6.737892184245437
18.59767689240346
10.945025482025613
9.099845430685365
6.277863473026293
24.01783273280046
12.530290489836593
14.853209494055129
5.496457838919238
8.15106684506964
9.443814540377256
22.493330098549052
9.176653390272069
22.954494104042773
9.129490404298327
7.081959745252224
23.694212937507547
14.199894395138468
19.986967302696897
9.594870091361694
23.317429661283878
23.314299743421174
5.08117867419466
18.87675482965269
14.713415339175075
20.007041349684194
8.213801672477771
18.224949222122255
15.125594764116915
22.730681179727252
23.560177470206114
8.703345943779155
15.432950724088077
7.0238471680315895
17.258504999206863
20.0121830836526
23.765472293467145
16.793654525533004
8.702105530650723
15.378657614109308
15.511317838386372
19.92894445760669
20.95014918393797
14.460001260547914
22.81153083706684
16.08068024359174
5.97727093434931
13.759773830141564
18.638445920016263
11.126660782541808
20.091666483164264
20.785039980556657
23.234136908718526
24.556619193987068
21.49957561509591
24.204129996346616
22.75568058866884
20.051019416321164
15.144153825768004
19.116930862289202
19.872234277561002
20.253224291289392
7.952290725854507
9.02111272173828
7.0019446181577045
18.51785414332659
13.496393511333988
23.38145669746361
14.890573299274815
9.974354742868176
6.131533668501923
5.5507482491439175
7.021093720087617
10.787223110014088
20.3983909790969
10.309414444623
22.417823287037688
18.30028756577046
22.361088580955286
15.837301207281463
22.862288719101794
10.230590738655696
21.81290931512183
19.052780400374154
21.577984417752944
10.366039907146678
9.217908133070356
15.545475998083083
21.950719739581498
5.960996076998423
9.62041182283869
9.365749810705355
5.127819657216033
7.03982022357242
16.186457304393493
14.50105575260311
14.38119491917159
11.043390433999715
21.86429630403922
16.969105218532324
18.831561669662165
13.493364867078467
15.249432612979554
6.585631189153394
23.151325859441066
6.925796238726902
18.93720497380124
16.830060119077274
6.582593080494037
23.861148059445622
9.645647136860562
15.501178124840823
19.417016096854987
8.777323581043468
23.07750909899523
8.264072840880043
5.841755634544448
22.51853634485243
14.747459517665023
13.598817411434307
15.734510560934343
13.948697220693658
11.782052447493934
17.71058218084829
8.574776867363694
6.898533885216089
24.17470211228117
23.60378365204396
7.48810151735098
15.209558525222802
15.426695236905552
18.56705786879436
9.597157056711774
20.893120332784804
8.369156419307668
13.332489506610996
24.25499735177222
9.146077622162128
23.31166595222332
16.47032110361961
21.41978397147079
10.08021473473194
Rank 2: 200 simulations
17.959033209853445
Running 800 simulations with 4 MPI ranks
Rank 0: 200 simulations
Rank 3: 200 simulations
23.92960175025612
11.930407393677257
Rank 1: 200 simulations
t=10433867  fraction=0.11125  peak_slope=4.744e-08  t_peak=3477956  comparison cadence=10433867  difference=0.11125  below=0/3
t=10465484  fraction=0.11250  peak_slope=4.744e-08  t_peak=3477956  comparison cadence=10433867  difference=0.11250  below=0/3
t=10497102  fraction=0.11250  peak_slope=4.744e-08  t_peak=3477956  comparison cadence=10433867  difference=0.11250  below=0/3
t=10528720  fraction=0.11250  peak_slope=4.744e-08  t_peak=3477956  comparison cadence=10433867  difference=0.11250  below=0/3
t=10560338  fraction=0.11250  peak_slope=4.744e-08  t_peak=3477956  comparison cadence=10433867  difference=0.11250  below=0/3
t=10591956  fraction=0.11375  peak_slope=4.744e-08  t_peak=3477956  comparison cadence=10433867  difference=0.11375  below=0/3
t=10623573  fraction=0.11375  peak_slope=4.744e-08  t_peak=3477956  comparison cadence=10433867  difference=0.11375  below=0/3
t=10655191  fraction=0.11375  peak_slope=4.744e-08  t_peak=3477956  comparison cadence=10433867  difference=0.11375  below=0/3
t=10686809  fraction=0.11375  peak_slope=4.744e-08  t_peak=3477956  comparison cadence=10433867  difference=0.11375  below=0/3
t=10718427  fraction=0.11500  peak_slope=4.744e-08  t_peak=3477956  comparison cadence=10433867  difference=0.11500  below=0/3
t=10750044  fraction=0.11750  peak_slope=4.744e-08  t_peak=3477956  comparison cadence=10433867  difference=0.11750  below=0/3
t=10781662  fraction=0.11750  peak_slope=4.744e-08  t_peak=3477956  comparison cadence=10433867  difference=0.11750  below=0/3
t=10813280  fraction=0.11750  peak_slope=4.744e-08  t_peak=3477956  comparison cadence=10433867  difference=0.11750  below=0/3
t=10844898  fraction=0.11750  peak_slope=4.744e-08  t_peak=3477956  comparison cadence=10433867  difference=0.11750  below=0/3
t=10876516  fraction=0.11750  peak_slope=4.744e-08  t_peak=3477956  comparison cadence=10433867  difference=0.11750  below=0/3
t=10908133  fraction=0.11875  peak_slope=4.744e-08  t_peak=3477956  comparison cadence=10433867  difference=0.11875  below=0/3
t=10939751  fraction=0.11875  peak_slope=4.744e-08  t_peak=3477956  comparison cadence=10433867  difference=0.11875  below=0/3
t=10971369  fraction=0.12000  peak_slope=4.744e-08  t_peak=3477956  comparison cadence=10433867  difference=0.12000  below=0/3
t=11002987  fraction=0.12000  peak_slope=4.744e-08  t_peak=3477956  comparison cadence=10433867  difference=0.12000  below=0/3
t=11034604  fraction=0.12000  peak_slope=4.744e-08  t_peak=3477956  comparison cadence=10433867  difference=0.12000  below=0/3
t=11066222  fraction=0.12125  peak_slope=4.744e-08  t_peak=3477956  comparison cadence=10433867  difference=0.12125  below=0/3
t=11097840  fraction=0.12125  peak_slope=4.744e-08  t_peak=3477956  comparison cadence=10433867  difference=0.12125  below=0/3
t=11129458  fraction=0.12250  peak_slope=4.744e-08  t_peak=3477956  comparison cadence=10433867  difference=0.12250  below=0/3
t=11161076  fraction=0.12250  peak_slope=4.744e-08  t_peak=3477956  comparison cadence=10433867  difference=0.12250  below=0/3
t=11192693  fraction=0.12250  peak_slope=4.744e-08  t_peak=3477956  comparison cadence=10433867  difference=0.12250  below=0/3
t=11224311  fraction=0.12250  peak_slope=4.744e-08  t_peak=3477956  comparison cadence=10433867  difference=0.12250  below=0/3
t=11255929  fraction=0.12250  peak_slope=4.744e-08  t_peak=3477956  comparison cadence=10433867  difference=0.12250  below=0/3
t=11287547  fraction=0.12375  peak_slope=4.744e-08  t_peak=3477956  comparison cadence=10433867  difference=0.12375  below=0/3
t=11319164  fraction=0.12500  peak_slope=4.744e-08  t_peak=3477956  comparison cadence=10433867  difference=0.12500  below=0/3
t=11350782  fraction=0.12500  peak_slope=4.744e-08  t_peak=3477956  comparison cadence=10433867  difference=0.12500  below=0/3
t=11382400  fraction=0.12625  peak_slope=4.744e-08  t_peak=3477956  comparison cadence=10433867  difference=0.12625  below=0/3
t=11414018  fraction=0.12625  peak_slope=4.744e-08  t_peak=3477956  comparison cadence=10433867  difference=0.12625  below=0/3
t=11445636  fraction=0.12625  peak_slope=4.744e-08  t_peak=3477956  comparison cadence=10433867  difference=0.12625  below=0/3
t=11477253  fraction=0.12625  peak_slope=4.744e-08  t_peak=3477956  comparison cadence=10433867  difference=0.12625  below=0/3
t=11508871  fraction=0.12625  peak_slope=4.744e-08  t_peak=3477956  comparison cadence=10433867  difference=0.12625  below=0/3
t=11540489  fraction=0.12625  peak_slope=4.744e-08  t_peak=3477956  comparison cadence=10433867  difference=0.12625  below=0/3
t=11572107  fraction=0.12750  peak_slope=4.744e-08  t_peak=3477956  comparison cadence=10433867  difference=0.12750  below=0/3
t=11603724  fraction=0.12750  peak_slope=4.744e-08  t_peak=3477956  comparison cadence=10433867  difference=0.12750  below=0/3
t=11635342  fraction=0.12750  peak_slope=4.744e-08  t_peak=3477956  comparison cadence=10433867  difference=0.12750  below=0/3
t=11666960  fraction=0.12750  peak_slope=4.744e-08  t_peak=3477956  comparison cadence=10433867  difference=0.12750  below=0/3
t=11698578  fraction=0.12750  peak_slope=4.744e-08  t_peak=3477956  comparison cadence=10433867  difference=0.12750  below=0/3
t=11730196  fraction=0.12750  peak_slope=4.744e-08  t_peak=3477956  comparison cadence=10433867  difference=0.12750  below=0/3
t=11761813  fraction=0.12875  peak_slope=4.744e-08  t_peak=3477956  comparison cadence=10433867  difference=0.12875  below=0/3
t=11793431  fraction=0.12875  peak_slope=4.744e-08  t_peak=3477956  comparison cadence=10433867  difference=0.12750  below=0/3
t=11825049  fraction=0.12875  peak_slope=4.744e-08  t_peak=3477956  comparison cadence=10433867  difference=0.12750  below=0/3
t=11856667  fraction=0.12875  peak_slope=4.744e-08  t_peak=3477956  comparison cadence=10433867  difference=0.12750  below=0/3
t=11888284  fraction=0.12875  peak_slope=4.744e-08  t_peak=3477956  comparison cadence=10433867  difference=0.12750  below=0/3
t=11919902  fraction=0.12875  peak_slope=4.744e-08  t_peak=3477956  comparison cadence=10433867  difference=0.12750  below=0/3
t=11951520  fraction=0.12875  peak_slope=4.744e-08  t_peak=3477956  comparison cadence=10433867  difference=0.12750  below=0/3
t=11983138  fraction=0.13000  peak_slope=4.744e-08  t_peak=3477956  comparison cadence=10433867  difference=0.12875  below=0/3
t=12014756  fraction=0.13125  peak_slope=4.744e-08  t_peak=3477956  comparison cadence=10433867  difference=0.13000  below=0/3
t=12046373  fraction=0.13125  peak_slope=4.744e-08  t_peak=3477956  comparison cadence=10433867  difference=0.13000  below=0/3
t=12077991  fraction=0.13125  peak_slope=4.744e-08  t_peak=3477956  comparison cadence=10433867  difference=0.13000  below=0/3
t=12109609  fraction=0.13125  peak_slope=4.744e-08  t_peak=3477956  comparison cadence=10433867  difference=0.13000  below=0/3
t=12141227  fraction=0.13125  peak_slope=4.744e-08  t_peak=3477956  comparison cadence=10433867  difference=0.13000  below=0/3
t=12172844  fraction=0.13250  peak_slope=4.744e-08  t_peak=3477956  comparison cadence=10433867  difference=0.13000  below=0/3
t=12204462  fraction=0.13250  peak_slope=4.744e-08  t_peak=3477956  comparison cadence=10433867  difference=0.13000  below=0/3
t=12236080  fraction=0.13250  peak_slope=4.744e-08  t_peak=3477956  comparison cadence=10433867  difference=0.13000  below=0/3
t=12267698  fraction=0.13375  peak_slope=4.744e-08  t_peak=3477956  comparison cadence=10433867  difference=0.13125  below=0/3
t=12299316  fraction=0.13500  peak_slope=4.744e-08  t_peak=3477956  comparison cadence=10433867  difference=0.13250  below=0/3
t=12330933  fraction=0.13625  peak_slope=4.744e-08  t_peak=3477956  comparison cadence=10433867  difference=0.13375  below=0/3
t=12362551  fraction=0.13625  peak_slope=4.744e-08  t_peak=3477956  comparison cadence=10433867  difference=0.13375  below=0/3
t=12394169  fraction=0.13625  peak_slope=4.744e-08  t_peak=3477956  comparison cadence=10433867  difference=0.13375  below=0/3
t=12425787  fraction=0.13750  peak_slope=4.744e-08  t_peak=3477956  comparison cadence=10433867  difference=0.13500  below=0/3
t=12457404  fraction=0.13750  peak_slope=4.744e-08  t_peak=3477956  comparison cadence=10433867  difference=0.13500  below=0/3
t=12489022  fraction=0.13750  peak_slope=4.744e-08  t_peak=3477956  comparison cadence=10433867  difference=0.13500  below=0/3
t=12520640  fraction=0.13750  peak_slope=4.744e-08  t_peak=3477956  comparison cadence=10433867  difference=0.13500  below=0/3
t=12552258  fraction=0.13750  peak_slope=4.744e-08  t_peak=3477956  comparison cadence=10433867  difference=0.13500  below=0/3
t=12583876  fraction=0.14000  peak_slope=4.744e-08  t_peak=3477956  comparison cadence=10433867  difference=0.13750  below=0/3
t=12615493  fraction=0.14000  peak_slope=4.744e-08  t_peak=3477956  comparison cadence=10433867  difference=0.13750  below=0/3
t=12647111  fraction=0.14000  peak_slope=4.744e-08  t_peak=3477956  comparison cadence=10433867  difference=0.13750  below=0/3
t=12678729  fraction=0.14000  peak_slope=4.744e-08  t_peak=3477956  comparison cadence=10433867  difference=0.13750  below=0/3
t=12710347  fraction=0.14000  peak_slope=4.744e-08  t_peak=3477956  comparison cadence=10433867  difference=0.13750  below=0/3
t=12741964  fraction=0.14000  peak_slope=4.744e-08  t_peak=3477956  comparison cadence=10433867  difference=0.13750  below=0/3
t=12773582  fraction=0.14000  peak_slope=4.744e-08  t_peak=3477956  comparison cadence=10433867  difference=0.13750  below=0/3
t=12805200  fraction=0.14000  peak_slope=4.744e-08  t_peak=3477956  comparison cadence=10433867  difference=0.13750  below=0/3
t=12836818  fraction=0.14000  peak_slope=4.744e-08  t_peak=3477956  comparison cadence=10433867  difference=0.13750  below=0/3
t=12868436  fraction=0.14000  peak_slope=4.744e-08  t_peak=3477956  comparison cadence=10433867  difference=0.13750  below=0/3
t=12900053  fraction=0.14000  peak_slope=4.744e-08  t_peak=3477956  comparison cadence=10433867  difference=0.13750  below=0/3
t=12931671  fraction=0.14000  peak_slope=4.744e-08  t_peak=3477956  comparison cadence=10433867  difference=0.13750  below=0/3
t=12963289  fraction=0.14125  peak_slope=4.744e-08  t_peak=3477956  comparison cadence=10433867  difference=0.13875  below=0/3
t=12994907  fraction=0.14250  peak_slope=4.744e-08  t_peak=3477956  comparison cadence=10433867  difference=0.14000  below=0/3
t=13026524  fraction=0.14250  peak_slope=4.744e-08  t_peak=3477956  comparison cadence=10433867  difference=0.14000  below=0/3
t=13058142  fraction=0.14250  peak_slope=4.744e-08  t_peak=3477956  comparison cadence=10433867  difference=0.14000  below=0/3
t=13089760  fraction=0.14250  peak_slope=4.744e-08  t_peak=3477956  comparison cadence=10433867  difference=0.14000  below=0/3
t=13121378  fraction=0.14250  peak_slope=4.744e-08  t_peak=3477956  comparison cadence=10433867  difference=0.14000  below=0/3
t=13152996  fraction=0.14250  peak_slope=4.744e-08  t_peak=3477956  comparison cadence=10433867  difference=0.14000  below=0/3
t=13184613  fraction=0.14250  peak_slope=4.744e-08  t_peak=3477956  comparison cadence=10433867  difference=0.14000  below=0/3
t=13216231  fraction=0.14250  peak_slope=4.744e-08  t_peak=3477956  comparison cadence=10433867  difference=0.13875  below=0/3
t=13247849  fraction=0.14250  peak_slope=4.744e-08  t_peak=3477956  comparison cadence=10433867  difference=0.13875  below=0/3
t=13279467  fraction=0.14375  peak_slope=4.744e-08  t_peak=3477956  comparison cadence=10433867  difference=0.13875  below=0/3
t=13311084  fraction=0.14375  peak_slope=4.744e-08  t_peak=3477956  comparison cadence=10433867  difference=0.13875  below=0/3
t=13342702  fraction=0.14625  peak_slope=4.744e-08  t_peak=3477956  comparison cadence=10433867  difference=0.14125  below=0/3
t=13374320  fraction=0.14625  peak_slope=4.744e-08  t_peak=3477956  comparison cadence=10433867  difference=0.14125  below=0/3
t=13405938  fraction=0.14625  peak_slope=4.744e-08  t_peak=3477956  comparison cadence=10433867  difference=0.14125  below=0/3
t=13437556  fraction=0.14625  peak_slope=4.744e-08  t_peak=3477956  comparison cadence=10433867  difference=0.14125  below=0/3
t=13469173  fraction=0.14750  peak_slope=4.744e-08  t_peak=3477956  comparison cadence=10433867  difference=0.14250  below=0/3
t=13500791  fraction=0.14750  peak_slope=4.744e-08  t_peak=3477956  comparison cadence=10433867  difference=0.14125  below=0/3
t=13532409  fraction=0.14750  peak_slope=4.744e-08  t_peak=3477956  comparison cadence=10433867  difference=0.14125  below=0/3
t=13564027  fraction=0.14750  peak_slope=4.744e-08  t_peak=3477956  comparison cadence=10433867  difference=0.14125  below=0/3
t=13595644  fraction=0.15000  peak_slope=4.744e-08  t_peak=3477956  comparison cadence=10433867  difference=0.14250  below=0/3
t=13627262  fraction=0.15125  peak_slope=4.744e-08  t_peak=3477956  comparison cadence=10433867  difference=0.14250  below=0/3
t=13658880  fraction=0.15125  peak_slope=4.744e-08  t_peak=3477956  comparison cadence=10433867  difference=0.14250  below=0/3
t=13690498  fraction=0.15125  peak_slope=4.744e-08  t_peak=3477956  comparison cadence=10433867  difference=0.14250  below=0/3
t=13722116  fraction=0.15125  peak_slope=4.744e-08  t_peak=3477956  comparison cadence=10433867  difference=0.14125  below=0/3
t=13753733  fraction=0.15125  peak_slope=4.744e-08  t_peak=3477956  comparison cadence=10433867  difference=0.14125  below=0/3
t=13785351  fraction=0.15250  peak_slope=4.744e-08  t_peak=3477956  comparison cadence=10433867  difference=0.14000  below=0/3
t=13816969  fraction=0.15250  peak_slope=4.744e-08  t_peak=3477956  comparison cadence=10433867  difference=0.13750  below=0/3
t=13848587  fraction=0.15250  peak_slope=4.744e-08  t_peak=3477956  comparison cadence=10433867  difference=0.13750  below=0/3
t=13880204  fraction=0.15250  peak_slope=4.744e-08  t_peak=3477956  comparison cadence=10433867  difference=0.13625  below=0/3
t=13911822  fraction=0.15250  peak_slope=4.744e-08  t_peak=3477956  comparison cadence=10433867  difference=0.13500  below=0/3
t=13943440  fraction=0.15250  peak_slope=4.744e-08  t_peak=3477956  comparison cadence=10433867  difference=0.13500  below=0/3
t=13975058  fraction=0.15375  peak_slope=4.744e-08  t_peak=3477956  comparison cadence=10433867  difference=0.13625  below=0/3
t=14006676  fraction=0.15375  peak_slope=4.744e-08  t_peak=3477956  comparison cadence=10433867  difference=0.13625  below=0/3
t=14038293  fraction=0.15375  peak_slope=4.744e-08  t_peak=3477956  comparison cadence=10433867  difference=0.13625  below=0/3
t=14069911  fraction=0.15625  peak_slope=4.744e-08  t_peak=3477956  comparison cadence=10433867  difference=0.13875  below=0/3
t=14101529  fraction=0.15625  peak_slope=4.744e-08  t_peak=3477956  comparison cadence=10433867  difference=0.13875  below=0/3
t=14133147  fraction=0.15750  peak_slope=4.744e-08  t_peak=3477956  comparison cadence=10433867  difference=0.14000  below=0/3
t=14164764  fraction=0.15750  peak_slope=4.744e-08  t_peak=3477956  comparison cadence=10433867  difference=0.14000  below=0/3
t=14196382  fraction=0.15750  peak_slope=4.744e-08  t_peak=3477956  comparison cadence=10433867  difference=0.14000  below=0/3
t=14228000  fraction=0.15750  peak_slope=4.744e-08  t_peak=3477956  comparison cadence=10433867  difference=0.14000  below=0/3
t=14259618  fraction=0.15875  peak_slope=4.744e-08  t_peak=3477956  comparison cadence=10433867  difference=0.14125  below=0/3
t=14291236  fraction=0.15875  peak_slope=4.744e-08  t_peak=3477956  comparison cadence=10433867  difference=0.14125  below=0/3
t=14322853  fraction=0.15875  peak_slope=4.744e-08  t_peak=3477956  comparison cadence=10433867  difference=0.14125  below=0/3
t=14354471  fraction=0.15875  peak_slope=4.744e-08  t_peak=3477956  comparison cadence=10433867  difference=0.14125  below=0/3
t=14386089  fraction=0.15875  peak_slope=4.744e-08  t_peak=3477956  comparison cadence=10433867  difference=0.14125  below=0/3
t=14417707  fraction=0.15875  peak_slope=4.744e-08  t_peak=3477956  comparison cadence=10433867  difference=0.14125  below=0/3
t=14449324  fraction=0.15875  peak_slope=4.744e-08  t_peak=3477956  comparison cadence=10433867  difference=0.14125  below=0/3
t=14480942  fraction=0.15875  peak_slope=4.744e-08  t_peak=3477956  comparison cadence=10433867  difference=0.14000  below=0/3
t=14512560  fraction=0.15875  peak_slope=4.744e-08  t_peak=3477956  comparison cadence=10433867  difference=0.13875  below=0/3
t=14544178  fraction=0.16000  peak_slope=4.744e-08  t_peak=3477956  comparison cadence=10433867  difference=0.14000  below=0/3
t=14575796  fraction=0.16000  peak_slope=4.744e-08  t_peak=3477956  comparison cadence=10433867  difference=0.14000  below=0/3
t=14607413  fraction=0.16000  peak_slope=4.744e-08  t_peak=3477956  comparison cadence=10433867  difference=0.13750  below=0/3
t=14639031  fraction=0.16000  peak_slope=4.744e-08  t_peak=3477956  comparison cadence=10433867  difference=0.13750  below=0/3
t=14670649  fraction=0.16125  peak_slope=4.744e-08  t_peak=3477956  comparison cadence=10433867  difference=0.13875  below=0/3
t=14702267  fraction=0.16125  peak_slope=4.744e-08  t_peak=3477956  comparison cadence=10433867  difference=0.13875  below=0/3
t=14733884  fraction=0.16375  peak_slope=4.744e-08  t_peak=3477956  comparison cadence=10433867  difference=0.14125  below=0/3
t=14765502  fraction=0.16375  peak_slope=4.744e-08  t_peak=3477956  comparison cadence=10433867  difference=0.14125  below=0/3
t=14797120  fraction=0.16375  peak_slope=4.744e-08  t_peak=3477956  comparison cadence=10433867  difference=0.14125  below=0/3
t=14828738  fraction=0.16375  peak_slope=4.744e-08  t_peak=3477956  comparison cadence=10433867  difference=0.14000  below=0/3
t=14860356  fraction=0.16375  peak_slope=4.744e-08  t_peak=3477956  comparison cadence=10433867  difference=0.14000  below=0/3
t=14891973  fraction=0.16375  peak_slope=4.744e-08  t_peak=3477956  comparison cadence=10433867  difference=0.14000  below=0/3
t=14923591  fraction=0.16375  peak_slope=4.744e-08  t_peak=3477956  comparison cadence=10433867  difference=0.14000  below=0/3
t=14955209  fraction=0.16500  peak_slope=4.744e-08  t_peak=3477956  comparison cadence=10433867  difference=0.14000  below=0/3
t=14986827  fraction=0.16625  peak_slope=4.744e-08  t_peak=3477956  comparison cadence=10433867  difference=0.14000  below=0/3
t=15018444  fraction=0.16625  peak_slope=4.744e-08  t_peak=3477956  comparison cadence=10433867  difference=0.14000  below=0/3
t=15050062  fraction=0.16625  peak_slope=4.744e-08  t_peak=3477956  comparison cadence=10433867  difference=0.14000  below=0/3
t=15081680  fraction=0.16625  peak_slope=4.744e-08  t_peak=3477956  comparison cadence=10433867  difference=0.14000  below=0/3
t=15113298  fraction=0.16625  peak_slope=4.744e-08  t_peak=3477956  comparison cadence=10433867  difference=0.13875  below=0/3
t=15144916  fraction=0.16625  peak_slope=4.744e-08  t_peak=3477956  comparison cadence=10433867  difference=0.13875  below=0/3
t=15176533  fraction=0.16625  peak_slope=4.744e-08  t_peak=3477956  comparison cadence=10433867  difference=0.13750  below=0/3
t=15208151  fraction=0.16625  peak_slope=4.744e-08  t_peak=3477956  comparison cadence=10433867  difference=0.13625  below=0/3
t=15239769  fraction=0.16625  peak_slope=4.744e-08  t_peak=3477956  comparison cadence=10433867  difference=0.13625  below=0/3
t=15271387  fraction=0.16625  peak_slope=4.744e-08  t_peak=3477956  comparison cadence=10433867  difference=0.13500  below=0/3
t=15303004  fraction=0.16625  peak_slope=4.744e-08  t_peak=3477956  comparison cadence=10433867  difference=0.13375  below=0/3
t=15334622  fraction=0.16625  peak_slope=4.744e-08  t_peak=3477956  comparison cadence=10433867  difference=0.13375  below=0/3
t=15366240  fraction=0.16625  peak_slope=4.744e-08  t_peak=3477956  comparison cadence=10433867  difference=0.13250  below=0/3
t=15397858  fraction=0.16625  peak_slope=4.744e-08  t_peak=3477956  comparison cadence=10433867  difference=0.13250  below=0/3
t=15429476  fraction=0.16625  peak_slope=4.744e-08  t_peak=3477956  comparison cadence=10433867  difference=0.13250  below=0/3
t=15461093  fraction=0.16625  peak_slope=4.744e-08  t_peak=3477956  comparison cadence=10433867  difference=0.13250  below=0/3
t=15492711  fraction=0.16625  peak_slope=4.744e-08  t_peak=3477956  comparison cadence=10433867  difference=0.13250  below=0/3
t=15524329  fraction=0.16625  peak_slope=4.744e-08  t_peak=3477956  comparison cadence=10433867  difference=0.13250  below=0/3
t=15555947  fraction=0.16625  peak_slope=4.744e-08  t_peak=3477956  comparison cadence=10433867  difference=0.13250  below=0/3
t=15587564  fraction=0.16625  peak_slope=4.744e-08  t_peak=3477956  comparison cadence=10433867  difference=0.13250  below=0/3
t=15619182  fraction=0.16750  peak_slope=4.744e-08  t_peak=3477956  comparison cadence=10433867  difference=0.13375  below=0/3
t=15650800  fraction=0.16750  peak_slope=4.744e-08  t_peak=3477956  comparison cadence=10433867  difference=0.13375  below=0/3
t=15682418  fraction=0.16750  peak_slope=4.744e-08  t_peak=3477956  comparison cadence=10433867  difference=0.13375  below=0/3
t=15714036  fraction=0.16750  peak_slope=4.744e-08  t_peak=3477956  comparison cadence=10433867  difference=0.13375  below=0/3
t=15745653  fraction=0.16750  peak_slope=4.744e-08  t_peak=3477956  comparison cadence=10433867  difference=0.13375  below=0/3
t=15777271  fraction=0.16750  peak_slope=4.744e-08  t_peak=3477956  comparison cadence=10433867  difference=0.13250  below=0/3
t=15808889  fraction=0.16750  peak_slope=4.744e-08  t_peak=3477956  comparison cadence=10433867  difference=0.13125  below=0/3
t=15840507  fraction=0.16875  peak_slope=4.744e-08  t_peak=3477956  comparison cadence=10433867  difference=0.13250  below=0/3
t=15872124  fraction=0.16875  peak_slope=4.744e-08  t_peak=3477956  comparison cadence=10433867  difference=0.13250  below=0/3
t=15903742  fraction=0.17000  peak_slope=4.744e-08  t_peak=3477956  comparison cadence=10433867  difference=0.13375  below=0/3
t=15935360  fraction=0.17000  peak_slope=4.744e-08  t_peak=3477956  comparison cadence=10433867  difference=0.13250  below=0/3
t=15966978  fraction=0.17000  peak_slope=4.744e-08  t_peak=3477956  comparison cadence=10433867  difference=0.13125  below=0/3
t=15998596  fraction=0.17000  peak_slope=4.744e-08  t_peak=3477956  comparison cadence=10433867  difference=0.13125  below=0/3
t=16030213  fraction=0.17000  peak_slope=4.744e-08  t_peak=3477956  comparison cadence=10433867  difference=0.13125  below=0/3
t=16061831  fraction=0.17000  peak_slope=4.744e-08  t_peak=3477956  comparison cadence=10433867  difference=0.13000  below=0/3
t=16093449  fraction=0.17000  peak_slope=4.744e-08  t_peak=3477956  comparison cadence=10433867  difference=0.12750  below=0/3
t=16125067  fraction=0.17000  peak_slope=4.744e-08  t_peak=3477956  comparison cadence=10433867  difference=0.12750  below=0/3
t=16156684  fraction=0.17000  peak_slope=4.744e-08  t_peak=3477956  comparison cadence=10433867  difference=0.12625  below=0/3
t=16188302  fraction=0.17000  peak_slope=4.744e-08  t_peak=3477956  comparison cadence=10433867  difference=0.12625  below=0/3
t=16219920  fraction=0.17000  peak_slope=4.744e-08  t_peak=3477956  comparison cadence=10433867  difference=0.12375  below=0/3
t=16251538  fraction=0.17000  peak_slope=4.744e-08  t_peak=3477956  comparison cadence=10433867  difference=0.12375  below=0/3
t=16283156  fraction=0.17125  peak_slope=4.744e-08  t_peak=3477956  comparison cadence=10433867  difference=0.12500  below=0/3
t=16314773  fraction=0.17125  peak_slope=4.744e-08  t_peak=3477956  comparison cadence=10433867  difference=0.12375  below=0/3
t=16346391  fraction=0.17125  peak_slope=4.744e-08  t_peak=3477956  comparison cadence=10433867  difference=0.12375  below=0/3
t=16378009  fraction=0.17250  peak_slope=4.744e-08  t_peak=3477956  comparison cadence=10433867  difference=0.12250  below=0/3
t=16409627  fraction=0.17250  peak_slope=4.744e-08  t_peak=3477956  comparison cadence=10433867  difference=0.12250  below=0/3
t=16441244  fraction=0.17250  peak_slope=4.744e-08  t_peak=3477956  comparison cadence=10433867  difference=0.12125  below=0/3
t=16472862  fraction=0.17250  peak_slope=4.744e-08  t_peak=3477956  comparison cadence=10433867  difference=0.12000  below=0/3
t=16504480  fraction=0.17250  peak_slope=4.744e-08  t_peak=3477956  comparison cadence=10433867  difference=0.12000  below=0/3
t=16536098  fraction=0.17250  peak_slope=4.744e-08  t_peak=3477956  comparison cadence=10433867  difference=0.12000  below=0/3
t=16567716  fraction=0.17250  peak_slope=4.744e-08  t_peak=3477956  comparison cadence=10433867  difference=0.12000  below=0/3
t=16599333  fraction=0.17250  peak_slope=4.744e-08  t_peak=3477956  comparison cadence=10433867  difference=0.11875  below=0/3
t=16630951  fraction=0.17375  peak_slope=4.744e-08  t_peak=3477956  comparison cadence=10433867  difference=0.11875  below=0/3
t=16662569  fraction=0.17375  peak_slope=4.744e-08  t_peak=3477956  comparison cadence=10433867  difference=0.11875  below=0/3
t=16694187  fraction=0.17375  peak_slope=4.744e-08  t_peak=3477956  comparison cadence=10433867  difference=0.11875  below=0/3
t=16725804  fraction=0.17375  peak_slope=4.744e-08  t_peak=3477956  comparison cadence=10433867  difference=0.11750  below=0/3
t=16757422  fraction=0.17375  peak_slope=4.744e-08  t_peak=3477956  comparison cadence=10433867  difference=0.11750  below=0/3
t=16789040  fraction=0.17375  peak_slope=4.744e-08  t_peak=3477956  comparison cadence=10433867  difference=0.11750  below=0/3
t=16820658  fraction=0.17500  peak_slope=4.744e-08  t_peak=3477956  comparison cadence=10433867  difference=0.11750  below=0/3
t=16852276  fraction=0.17500  peak_slope=4.744e-08  t_peak=3477956  comparison cadence=10433867  difference=0.11625  below=0/3
t=16883893  fraction=0.17500  peak_slope=4.744e-08  t_peak=3477956  comparison cadence=10433867  difference=0.11625  below=0/3
t=16915511  fraction=0.17500  peak_slope=4.744e-08  t_peak=3477956  comparison cadence=10433867  difference=0.11375  below=0/3
t=16947129  fraction=0.17500  peak_slope=4.744e-08  t_peak=3477956  comparison cadence=10433867  difference=0.11375  below=0/3
t=16978747  fraction=0.17500  peak_slope=4.744e-08  t_peak=3477956  comparison cadence=10433867  difference=0.11375  below=0/3
t=17010364  fraction=0.17500  peak_slope=4.744e-08  t_peak=3477956  comparison cadence=10433867  difference=0.11250  below=0/3
t=17041982  fraction=0.17500  peak_slope=4.744e-08  t_peak=3477956  comparison cadence=10433867  difference=0.11125  below=0/3
t=17073600  fraction=0.17500  peak_slope=4.744e-08  t_peak=3477956  comparison cadence=10433867  difference=0.11125  below=0/3
t=17105218  fraction=0.17500  peak_slope=4.744e-08  t_peak=3477956  comparison cadence=10433867  difference=0.11125  below=0/3
t=17136836  fraction=0.17500  peak_slope=4.744e-08  t_peak=3477956  comparison cadence=10433867  difference=0.11125  below=0/3
t=17168453  fraction=0.17500  peak_slope=4.744e-08  t_peak=3477956  comparison cadence=10433867  difference=0.11125  below=0/3
t=17200071  fraction=0.17500  peak_slope=4.744e-08  t_peak=3477956  comparison cadence=10433867  difference=0.11125  below=0/3
t=17231689  fraction=0.17500  peak_slope=4.744e-08  t_peak=3477956  comparison cadence=10433867  difference=0.11000  below=0/3
t=17263307  fraction=0.17500  peak_slope=4.744e-08  t_peak=3477956  comparison cadence=10433867  difference=0.10875  below=0/3
t=17294924  fraction=0.17625  peak_slope=4.744e-08  t_peak=3477956  comparison cadence=10433867  difference=0.11000  below=0/3
t=17326542  fraction=0.17625  peak_slope=4.744e-08  t_peak=3477956  comparison cadence=10433867  difference=0.10750  below=0/3
t=17358160  fraction=0.17625  peak_slope=4.744e-08  t_peak=3477956  comparison cadence=10433867  difference=0.10750  below=0/3
t=17389778  fraction=0.17625  peak_slope=4.744e-08  t_peak=3477956  comparison cadence=10433867  difference=0.10625  below=0/3
t=17421396  fraction=0.17750  peak_slope=4.744e-08  t_peak=3477956  comparison cadence=10433867  difference=0.10750  below=0/3
t=17453013  fraction=0.17750  peak_slope=4.744e-08  t_peak=3477956  comparison cadence=10433867  difference=0.10750  below=0/3
t=17484631  fraction=0.17750  peak_slope=4.744e-08  t_peak=3477956  comparison cadence=10433867  difference=0.10625  below=0/3
t=17516249  fraction=0.17750  peak_slope=4.744e-08  t_peak=3477956  comparison cadence=10433867  difference=0.10625  below=0/3
t=17547867  fraction=0.17875  peak_slope=4.744e-08  t_peak=3477956  comparison cadence=10433867  difference=0.10750  below=0/3
t=17579484  fraction=0.17875  peak_slope=4.744e-08  t_peak=3477956  comparison cadence=10433867  difference=0.10750  below=0/3
t=17611102  fraction=0.18000  peak_slope=4.744e-08  t_peak=3477956  comparison cadence=10433867  difference=0.10750  below=0/3
t=17642720  fraction=0.18000  peak_slope=4.744e-08  t_peak=3477956  comparison cadence=10433867  difference=0.10750  below=0/3
t=17674338  fraction=0.18000  peak_slope=4.744e-08  t_peak=3477956  comparison cadence=10433867  difference=0.10625  below=0/3
t=17705956  fraction=0.18000  peak_slope=4.744e-08  t_peak=3477956  comparison cadence=10433867  difference=0.10500  below=0/3
t=17737573  fraction=0.18000  peak_slope=4.744e-08  t_peak=3477956  comparison cadence=10433867  difference=0.10500  below=0/3
t=17769191  fraction=0.18000  peak_slope=4.744e-08  t_peak=3477956  comparison cadence=10433867  difference=0.10500  below=0/3
t=17800809  fraction=0.18000  peak_slope=4.744e-08  t_peak=3477956  comparison cadence=10433867  difference=0.10500  below=0/3
t=17832427  fraction=0.18000  peak_slope=4.744e-08  t_peak=3477956  comparison cadence=10433867  difference=0.10250  below=0/3
t=17864044  fraction=0.18000  peak_slope=4.744e-08  t_peak=3477956  comparison cadence=10433867  difference=0.10125  below=0/3
t=17895662  fraction=0.18125  peak_slope=4.744e-08  t_peak=3477956  comparison cadence=10433867  difference=0.10250  below=0/3
t=17927280  fraction=0.18125  peak_slope=4.744e-08  t_peak=3477956  comparison cadence=10433867  difference=0.10250  below=0/3
t=17958898  fraction=0.18125  peak_slope=4.744e-08  t_peak=3477956  comparison cadence=10433867  difference=0.10125  below=0/3
t=17990516  fraction=0.18125  peak_slope=4.744e-08  t_peak=3477956  comparison cadence=10433867  difference=0.10125  below=0/3
t=18022133  fraction=0.18125  peak_slope=4.744e-08  t_peak=3477956  comparison cadence=10433867  difference=0.10125  below=0/3
t=18053751  fraction=0.18125  peak_slope=4.744e-08  t_peak=3477956  comparison cadence=10433867  difference=0.10125  below=0/3
t=18085369  fraction=0.18125  peak_slope=4.744e-08  t_peak=3477956  comparison cadence=10433867  difference=0.10125  below=0/3
t=18116987  fraction=0.18125  peak_slope=4.744e-08  t_peak=3477956  comparison cadence=10433867  difference=0.10000  below=0/3
t=18148604  fraction=0.18250  peak_slope=4.744e-08  t_peak=3477956  comparison cadence=10433867  difference=0.10000  below=0/3
t=18180222  fraction=0.18250  peak_slope=4.744e-08  t_peak=3477956  comparison cadence=10433867  difference=0.10000  below=0/3
t=18211840  fraction=0.18250  peak_slope=4.744e-08  t_peak=3477956  comparison cadence=10433867  difference=0.10000  below=0/3
t=18243458  fraction=0.18250  peak_slope=4.744e-08  t_peak=3477956  comparison cadence=10433867  difference=0.10000  below=0/3
t=18275076  fraction=0.18250  peak_slope=4.744e-08  t_peak=3477956  comparison cadence=10433867  difference=0.09875  below=0/3
t=18306693  fraction=0.18250  peak_slope=4.744e-08  t_peak=3477956  comparison cadence=10433867  difference=0.09875  below=0/3
t=18338311  fraction=0.18250  peak_slope=4.744e-08  t_peak=3477956  comparison cadence=10433867  difference=0.09750  below=0/3
t=18369929  fraction=0.18250  peak_slope=4.744e-08  t_peak=3477956  comparison cadence=10433867  difference=0.09750  below=0/3
t=18401547  fraction=0.18250  peak_slope=4.744e-08  t_peak=3477956  comparison cadence=10433867  difference=0.09750  below=0/3
t=18433164  fraction=0.18250  peak_slope=4.744e-08  t_peak=3477956  comparison cadence=10433867  difference=0.09500  below=0/3
t=18464782  fraction=0.18375  peak_slope=4.744e-08  t_peak=3477956  comparison cadence=10433867  difference=0.09625  below=0/3
t=18496400  fraction=0.18375  peak_slope=4.744e-08  t_peak=3477956  comparison cadence=10433867  difference=0.09625  below=0/3
t=18528018  fraction=0.18375  peak_slope=4.744e-08  t_peak=3477956  comparison cadence=10433867  difference=0.09500  below=0/3
t=18559636  fraction=0.18375  peak_slope=4.744e-08  t_peak=3477956  comparison cadence=10433867  difference=0.09500  below=0/3
t=18591253  fraction=0.18375  peak_slope=4.744e-08  t_peak=3477956  comparison cadence=10433867  difference=0.09500  below=0/3
t=18622871  fraction=0.18375  peak_slope=4.744e-08  t_peak=3477956  comparison cadence=10433867  difference=0.09500  below=0/3
t=18654489  fraction=0.18375  peak_slope=4.744e-08  t_peak=3477956  comparison cadence=10433867  difference=0.09500  below=0/3
t=18686107  fraction=0.18375  peak_slope=4.744e-08  t_peak=3477956  comparison cadence=10433867  difference=0.09500  below=0/3
t=18717724  fraction=0.18375  peak_slope=4.744e-08  t_peak=3477956  comparison cadence=10433867  difference=0.09500  below=0/3
t=18749342  fraction=0.18375  peak_slope=4.744e-08  t_peak=3477956  comparison cadence=10433867  difference=0.09375  below=0/3
t=18780960  fraction=0.18375  peak_slope=4.744e-08  t_peak=3477956  comparison cadence=10433867  difference=0.09375  below=0/3
t=18812578  fraction=0.18375  peak_slope=4.744e-08  t_peak=3477956  comparison cadence=10433867  difference=0.09375  below=0/3
t=18844196  fraction=0.18375  peak_slope=4.744e-08  t_peak=3477956  comparison cadence=10433867  difference=0.09000  below=0/3
t=18875813  fraction=0.18375  peak_slope=4.744e-08  t_peak=3477956  comparison cadence=10433867  difference=0.09000  below=0/3
t=18907431  fraction=0.18375  peak_slope=4.744e-08  t_peak=3477956  comparison cadence=10433867  difference=0.08875  below=0/3
t=18939049  fraction=0.18375  peak_slope=4.744e-08  t_peak=3477956  comparison cadence=10433867  difference=0.08875  below=0/3
t=18970667  fraction=0.18375  peak_slope=4.744e-08  t_peak=3477956  comparison cadence=10433867  difference=0.08750  below=0/3
t=19002284  fraction=0.18375  peak_slope=4.744e-08  t_peak=3477956  comparison cadence=10433867  difference=0.08750  below=0/3
t=19033902  fraction=0.18375  peak_slope=4.744e-08  t_peak=3477956  comparison cadence=10433867  difference=0.08750  below=0/3
t=19065520  fraction=0.18375  peak_slope=4.744e-08  t_peak=3477956  comparison cadence=10433867  difference=0.08625  below=0/3
t=19097138  fraction=0.18375  peak_slope=4.744e-08  t_peak=3477956  comparison cadence=10433867  difference=0.08625  below=0/3
t=19128756  fraction=0.18375  peak_slope=4.744e-08  t_peak=3477956  comparison cadence=10433867  difference=0.08625  below=0/3
t=19160373  fraction=0.18375  peak_slope=4.744e-08  t_peak=3477956  comparison cadence=10433867  difference=0.08625  below=0/3
t=19191991  fraction=0.18375  peak_slope=4.744e-08  t_peak=3477956  comparison cadence=10433867  difference=0.08500  below=0/3
t=19223609  fraction=0.18375  peak_slope=4.744e-08  t_peak=3477956  comparison cadence=10433867  difference=0.08500  below=0/3
t=19255227  fraction=0.18375  peak_slope=4.744e-08  t_peak=3477956  comparison cadence=10433867  difference=0.08500  below=0/3
t=19286844  fraction=0.18375  peak_slope=4.744e-08  t_peak=3477956  comparison cadence=10433867  difference=0.08375  below=0/3
t=19318462  fraction=0.18375  peak_slope=4.744e-08  t_peak=3477956  comparison cadence=10433867  difference=0.08375  below=0/3
t=19350080  fraction=0.18375  peak_slope=4.744e-08  t_peak=3477956  comparison cadence=10433867  difference=0.08375  below=0/3
t=19381698  fraction=0.18375  peak_slope=4.744e-08  t_peak=3477956  comparison cadence=10433867  difference=0.08375  below=0/3
t=19413316  fraction=0.18375  peak_slope=4.744e-08  t_peak=3477956  comparison cadence=10433867  difference=0.08375  below=0/3
t=19444933  fraction=0.18375  peak_slope=4.744e-08  t_peak=3477956  comparison cadence=10433867  difference=0.08375  below=0/3
t=19476551  fraction=0.18375  peak_slope=4.744e-08  t_peak=3477956  comparison cadence=10433867  difference=0.08375  below=0/3
t=19508169  fraction=0.18375  peak_slope=4.744e-08  t_peak=3477956  comparison cadence=10433867  difference=0.08375  below=0/3
t=19539787  fraction=0.18375  peak_slope=4.744e-08  t_peak=3477956  comparison cadence=10433867  difference=0.08375  below=0/3
t=19571404  fraction=0.18375  peak_slope=4.744e-08  t_peak=3477956  comparison cadence=10433867  difference=0.08375  below=0/3
t=19603022  fraction=0.18375  peak_slope=4.744e-08  t_peak=3477956  comparison cadence=10433867  difference=0.08250  below=0/3
t=19634640  fraction=0.18375  peak_slope=4.744e-08  t_peak=3477956  comparison cadence=10433867  difference=0.08250  below=0/3
t=19666258  fraction=0.18375  peak_slope=4.744e-08  t_peak=3477956  comparison cadence=10433867  difference=0.08250  below=0/3
t=19697876  fraction=0.18375  peak_slope=4.744e-08  t_peak=3477956  comparison cadence=10433867  difference=0.08250  below=0/3
t=19729493  fraction=0.18375  peak_slope=4.744e-08  t_peak=3477956  comparison cadence=10433867  difference=0.08250  below=0/3
t=19761111  fraction=0.18375  peak_slope=4.744e-08  t_peak=3477956  comparison cadence=10433867  difference=0.08125  below=0/3
t=19792729  fraction=0.18375  peak_slope=4.744e-08  t_peak=3477956  comparison cadence=10433867  difference=0.08125  below=0/3
t=19824347  fraction=0.18375  peak_slope=4.744e-08  t_peak=3477956  comparison cadence=10433867  difference=0.08125  below=0/3
t=19855964  fraction=0.18375  peak_slope=4.744e-08  t_peak=3477956  comparison cadence=10433867  difference=0.08125  below=0/3
t=19887582  fraction=0.18375  peak_slope=4.744e-08  t_peak=3477956  comparison cadence=10433867  difference=0.08125  below=0/3
t=19919200  fraction=0.18375  peak_slope=4.744e-08  t_peak=3477956  comparison cadence=10433867  difference=0.08125  below=0/3
t=19950818  fraction=0.18375  peak_slope=4.744e-08  t_peak=3477956  comparison cadence=10433867  difference=0.08125  below=0/3
t=19982436  fraction=0.18375  peak_slope=4.744e-08  t_peak=3477956  comparison cadence=10433867  difference=0.08000  below=0/3
t=20014053  fraction=0.18375  peak_slope=4.744e-08  t_peak=3477956  comparison cadence=10433867  difference=0.07875  below=0/3
t=20045671  fraction=0.18375  peak_slope=4.744e-08  t_peak=3477956  comparison cadence=10433867  difference=0.07875  below=0/3
t=20077289  fraction=0.18375  peak_slope=4.744e-08  t_peak=3477956  comparison cadence=10433867  difference=0.07875  below=0/3
t=20108907  fraction=0.18375  peak_slope=4.744e-08  t_peak=3477956  comparison cadence=10433867  difference=0.07875  below=0/3
t=20140524  fraction=0.18375  peak_slope=4.744e-08  t_peak=3477956  comparison cadence=10433867  difference=0.07875  below=0/3
t=20172142  fraction=0.18375  peak_slope=4.744e-08  t_peak=3477956  comparison cadence=10433867  difference=0.07875  below=0/3
t=20203760  fraction=0.18375  peak_slope=4.744e-08  t_peak=3477956  comparison cadence=10433867  difference=0.07875  below=0/3
t=20235378  fraction=0.18500  peak_slope=4.744e-08  t_peak=3477956  comparison cadence=10433867  difference=0.08000  below=0/3
t=20266996  fraction=0.18500  peak_slope=4.744e-08  t_peak=3477956  comparison cadence=10433867  difference=0.08000  below=0/3
t=20298613  fraction=0.18500  peak_slope=4.744e-08  t_peak=3477956  comparison cadence=10433867  difference=0.08000  below=0/3
t=20330231  fraction=0.18500  peak_slope=4.744e-08  t_peak=3477956  comparison cadence=10433867  difference=0.08000  below=0/3
t=20361849  fraction=0.18500  peak_slope=4.744e-08  t_peak=3477956  comparison cadence=10433867  difference=0.08000  below=0/3
t=20393467  fraction=0.18500  peak_slope=4.744e-08  t_peak=3477956  comparison cadence=10433867  difference=0.08000  below=0/3
t=20425084  fraction=0.18500  peak_slope=4.744e-08  t_peak=3477956  comparison cadence=10433867  difference=0.08000  below=0/3
t=20456702  fraction=0.18500  peak_slope=4.744e-08  t_peak=3477956  comparison cadence=10433867  difference=0.08000  below=0/3
t=20488320  fraction=0.18500  peak_slope=4.744e-08  t_peak=3477956  comparison cadence=10433867  difference=0.07875  below=0/3
t=20519938  fraction=0.18500  peak_slope=4.744e-08  t_peak=3477956  comparison cadence=10433867  difference=0.07875  below=0/3
t=20551556  fraction=0.18500  peak_slope=4.744e-08  t_peak=3477956  comparison cadence=10433867  difference=0.07750  below=0/3
t=20583173  fraction=0.18500  peak_slope=4.744e-08  t_peak=3477956  comparison cadence=10433867  difference=0.07750  below=0/3
t=20614791  fraction=0.18500  peak_slope=4.744e-08  t_peak=3477956  comparison cadence=10433867  difference=0.07625  below=0/3
t=20646409  fraction=0.18500  peak_slope=4.744e-08  t_peak=3477956  comparison cadence=10433867  difference=0.07500  below=0/3
t=20678027  fraction=0.18500  peak_slope=4.744e-08  t_peak=3477956  comparison cadence=10433867  difference=0.07500  below=0/3
t=20709644  fraction=0.18500  peak_slope=4.744e-08  t_peak=3477956  comparison cadence=10433867  difference=0.07375  below=0/3
t=20741262  fraction=0.18625  peak_slope=4.744e-08  t_peak=3477956  comparison cadence=10433867  difference=0.07500  below=0/3
t=20772880  fraction=0.18625  peak_slope=4.744e-08  t_peak=3477956  comparison cadence=10433867  difference=0.07500  below=0/3
t=20804498  fraction=0.18625  peak_slope=4.744e-08  t_peak=3477956  comparison cadence=10433867  difference=0.07500  below=0/3
t=20836116  fraction=0.18750  peak_slope=4.744e-08  t_peak=3477956  comparison cadence=10433867  difference=0.07625  below=0/3
t=20867733  fraction=0.18750  peak_slope=4.744e-08  t_peak=3477956  comparison cadence=10433867  difference=0.07625  below=0/3
t=20899351  fraction=0.18750  peak_slope=4.744e-08  t_peak=3477956  comparison cadence=10433867  difference=0.07500  below=0/3
t=20930969  fraction=0.18750  peak_slope=4.744e-08  t_peak=3477956  comparison cadence=10433867  difference=0.07500  below=0/3
t=20962587  fraction=0.18875  peak_slope=4.744e-08  t_peak=3477956  comparison cadence=10433867  difference=0.07625  below=0/3
t=20994204  fraction=0.18875  peak_slope=4.744e-08  t_peak=3477956  comparison cadence=10433867  difference=0.07625  below=0/3
t=21025822  fraction=0.18875  peak_slope=4.744e-08  t_peak=3477956  comparison cadence=10433867  difference=0.07500  below=0/3
t=21057440  fraction=0.18875  peak_slope=4.744e-08  t_peak=3477956  comparison cadence=10433867  difference=0.07500  below=0/3
t=21089058  fraction=0.19000  peak_slope=4.744e-08  t_peak=3477956  comparison cadence=10433867  difference=0.07625  below=0/3
t=21120676  fraction=0.19000  peak_slope=4.744e-08  t_peak=3477956  comparison cadence=10433867  difference=0.07625  below=0/3
t=21152293  fraction=0.19000  peak_slope=4.744e-08  t_peak=3477956  comparison cadence=10433867  difference=0.07500  below=0/3
t=21183911  fraction=0.19000  peak_slope=4.744e-08  t_peak=3477956  comparison cadence=10433867  difference=0.07250  below=0/3
t=21215529  fraction=0.19000  peak_slope=4.744e-08  t_peak=3477956  comparison cadence=10433867  difference=0.07250  below=0/3
t=21247147  fraction=0.19000  peak_slope=4.744e-08  t_peak=3477956  comparison cadence=10433867  difference=0.07250  below=0/3
t=21278764  fraction=0.19000  peak_slope=4.744e-08  t_peak=3477956  comparison cadence=10433867  difference=0.07250  below=0/3
t=21310382  fraction=0.19125  peak_slope=4.744e-08  t_peak=3477956  comparison cadence=10433867  difference=0.07375  below=0/3
t=21342000  fraction=0.19125  peak_slope=4.744e-08  t_peak=3477956  comparison cadence=10433867  difference=0.07250  below=0/3
t=21373618  fraction=0.19125  peak_slope=4.744e-08  t_peak=3477956  comparison cadence=10433867  difference=0.07250  below=0/3
t=21405236  fraction=0.19125  peak_slope=4.744e-08  t_peak=3477956  comparison cadence=10433867  difference=0.07125  below=0/3
t=21436853  fraction=0.19125  peak_slope=4.744e-08  t_peak=3477956  comparison cadence=10433867  difference=0.07125  below=0/3
t=21468471  fraction=0.19125  peak_slope=4.744e-08  t_peak=3477956  comparison cadence=10433867  difference=0.07125  below=0/3
t=21500089  fraction=0.19125  peak_slope=4.744e-08  t_peak=3477956  comparison cadence=10433867  difference=0.07000  below=0/3
t=21531707  fraction=0.19125  peak_slope=4.744e-08  t_peak=3477956  comparison cadence=10433867  difference=0.07000  below=0/3
t=21563324  fraction=0.19125  peak_slope=4.744e-08  t_peak=3477956  comparison cadence=10433867  difference=0.06875  below=0/3
t=21594942  fraction=0.19125  peak_slope=4.744e-08  t_peak=3477956  comparison cadence=10433867  difference=0.06875  below=0/3
t=21626560  fraction=0.19250  peak_slope=4.744e-08  t_peak=3477956  comparison cadence=10433867  difference=0.07000  below=0/3
t=21658178  fraction=0.19250  peak_slope=4.744e-08  t_peak=3477956  comparison cadence=10433867  difference=0.07000  below=0/3
t=21689796  fraction=0.19250  peak_slope=4.744e-08  t_peak=3477956  comparison cadence=10433867  difference=0.07000  below=0/3
t=21721413  fraction=0.19250  peak_slope=4.744e-08  t_peak=3477956  comparison cadence=10433867  difference=0.06875  below=0/3
t=21753031  fraction=0.19250  peak_slope=4.744e-08  t_peak=3477956  comparison cadence=10433867  difference=0.06750  below=0/3
t=21784649  fraction=0.19250  peak_slope=4.744e-08  t_peak=3477956  comparison cadence=10433867  difference=0.06750  below=0/3
t=21816267  fraction=0.19250  peak_slope=4.744e-08  t_peak=3477956  comparison cadence=10433867  difference=0.06625  below=0/3
t=21847884  fraction=0.19250  peak_slope=4.744e-08  t_peak=3477956  comparison cadence=10433867  difference=0.06625  below=0/3
t=21879502  fraction=0.19250  peak_slope=4.744e-08  t_peak=3477956  comparison cadence=10433867  difference=0.06625  below=0/3
t=21911120  fraction=0.19250  peak_slope=4.744e-08  t_peak=3477956  comparison cadence=10433867  difference=0.06625  below=0/3
t=21942738  fraction=0.19250  peak_slope=4.744e-08  t_peak=3477956  comparison cadence=10433867  difference=0.06625  below=0/3
t=21974356  fraction=0.19250  peak_slope=4.744e-08  t_peak=3477956  comparison cadence=10433867  difference=0.06625  below=0/3
t=22005973  fraction=0.19250  peak_slope=4.744e-08  t_peak=3477956  comparison cadence=10433867  difference=0.06500  below=0/3
t=22037591  fraction=0.19250  peak_slope=4.744e-08  t_peak=3477956  comparison cadence=10433867  difference=0.06500  below=0/3
t=22069209  fraction=0.19250  peak_slope=4.744e-08  t_peak=3477956  comparison cadence=10433867  difference=0.06500  below=0/3
t=22100827  fraction=0.19250  peak_slope=4.744e-08  t_peak=3477956  comparison cadence=10433867  difference=0.06500  below=0/3
t=22132444  fraction=0.19375  peak_slope=4.744e-08  t_peak=3477956  comparison cadence=10433867  difference=0.06625  below=0/3
t=22164062  fraction=0.19375  peak_slope=4.744e-08  t_peak=3477956  comparison cadence=10433867  difference=0.06625  below=0/3
t=22195680  fraction=0.19375  peak_slope=4.744e-08  t_peak=3477956  comparison cadence=10433867  difference=0.06500  below=0/3
t=22227298  fraction=0.19375  peak_slope=4.744e-08  t_peak=3477956  comparison cadence=10433867  difference=0.06500  below=0/3
t=22258916  fraction=0.19500  peak_slope=4.744e-08  t_peak=3477956  comparison cadence=10433867  difference=0.06625  below=0/3
t=22290533  fraction=0.19500  peak_slope=4.744e-08  t_peak=3477956  comparison cadence=10433867  difference=0.06625  below=0/3
t=22322151  fraction=0.19500  peak_slope=4.744e-08  t_peak=3477956  comparison cadence=10433867  difference=0.06625  below=0/3
t=22353769  fraction=0.19500  peak_slope=4.744e-08  t_peak=3477956  comparison cadence=10433867  difference=0.06625  below=0/3
t=22385387  fraction=0.19500  peak_slope=4.744e-08  t_peak=3477956  comparison cadence=10433867  difference=0.06625  below=0/3
t=22417004  fraction=0.19500  peak_slope=4.744e-08  t_peak=3477956  comparison cadence=10433867  difference=0.06500  below=0/3
t=22448622  fraction=0.19500  peak_slope=4.744e-08  t_peak=3477956  comparison cadence=10433867  difference=0.06375  below=0/3
t=22480240  fraction=0.19500  peak_slope=4.744e-08  t_peak=3477956  comparison cadence=10433867  difference=0.06375  below=0/3
t=22511858  fraction=0.19500  peak_slope=4.744e-08  t_peak=3477956  comparison cadence=10433867  difference=0.06375  below=0/3
t=22543476  fraction=0.19625  peak_slope=4.744e-08  t_peak=3477956  comparison cadence=10433867  difference=0.06500  below=0/3
t=22575093  fraction=0.19625  peak_slope=4.744e-08  t_peak=3477956  comparison cadence=10433867  difference=0.06500  below=0/3
t=22606711  fraction=0.19625  peak_slope=4.744e-08  t_peak=3477956  comparison cadence=10433867  difference=0.06375  below=0/3
t=22638329  fraction=0.19625  peak_slope=4.744e-08  t_peak=3477956  comparison cadence=10433867  difference=0.06375  below=0/3
t=22669947  fraction=0.19625  peak_slope=4.744e-08  t_peak=3477956  comparison cadence=10433867  difference=0.06375  below=0/3
t=22701564  fraction=0.19625  peak_slope=4.744e-08  t_peak=3477956  comparison cadence=10433867  difference=0.06250  below=0/3
t=22733182  fraction=0.19625  peak_slope=4.744e-08  t_peak=3477956  comparison cadence=10433867  difference=0.06125  below=0/3
t=22764800  fraction=0.19625  peak_slope=4.744e-08  t_peak=3477956  comparison cadence=10433867  difference=0.06000  below=0/3
t=22796418  fraction=0.19625  peak_slope=4.744e-08  t_peak=3477956  comparison cadence=10433867  difference=0.06000  below=0/3
t=22828036  fraction=0.19625  peak_slope=4.744e-08  t_peak=3477956  comparison cadence=10433867  difference=0.06000  below=0/3
t=22859653  fraction=0.19625  peak_slope=4.744e-08  t_peak=3477956  comparison cadence=10433867  difference=0.05875  below=0/3
t=22891271  fraction=0.19625  peak_slope=4.744e-08  t_peak=3477956  comparison cadence=10433867  difference=0.05875  below=0/3
t=22922889  fraction=0.19625  peak_slope=4.744e-08  t_peak=3477956  comparison cadence=10433867  difference=0.05875  below=0/3
t=22954507  fraction=0.19625  peak_slope=4.744e-08  t_peak=3477956  comparison cadence=10433867  difference=0.05875  below=0/3
t=22986124  fraction=0.19625  peak_slope=4.744e-08  t_peak=3477956  comparison cadence=10433867  difference=0.05875  below=0/3
t=23017742  fraction=0.19625  peak_slope=4.744e-08  t_peak=3477956  comparison cadence=10433867  difference=0.05625  below=0/3
t=23049360  fraction=0.19625  peak_slope=4.744e-08  t_peak=3477956  comparison cadence=10433867  difference=0.05625  below=0/3
t=23080978  fraction=0.19625  peak_slope=4.744e-08  t_peak=3477956  comparison cadence=10433867  difference=0.05625  below=0/3
t=23112596  fraction=0.19625  peak_slope=4.744e-08  t_peak=3477956  comparison cadence=10433867  difference=0.05625  below=0/3
t=23144213  fraction=0.19625  peak_slope=4.744e-08  t_peak=3477956  comparison cadence=10433867  difference=0.05625  below=0/3
t=23175831  fraction=0.19625  peak_slope=4.744e-08  t_peak=3477956  comparison cadence=10433867  difference=0.05625  below=0/3
t=23207449  fraction=0.19625  peak_slope=4.744e-08  t_peak=3477956  comparison cadence=10433867  difference=0.05625  below=0/3
t=23239067  fraction=0.19750  peak_slope=4.744e-08  t_peak=3477956  comparison cadence=10433867  difference=0.05750  below=0/3
t=23270684  fraction=0.19750  peak_slope=4.744e-08  t_peak=3477956  comparison cadence=10433867  difference=0.05750  below=0/3
t=23302302  fraction=0.19750  peak_slope=4.744e-08  t_peak=3477956  comparison cadence=10433867  difference=0.05750  below=0/3
t=23333920  fraction=0.19750  peak_slope=4.744e-08  t_peak=3477956  comparison cadence=10433867  difference=0.05750  below=0/3
t=23365538  fraction=0.19750  peak_slope=4.744e-08  t_peak=3477956  comparison cadence=10433867  difference=0.05750  below=0/3
t=23397156  fraction=0.19750  peak_slope=4.744e-08  t_peak=3477956  comparison cadence=10433867  difference=0.05625  below=0/3
t=23428773  fraction=0.19750  peak_slope=4.744e-08  t_peak=3477956  comparison cadence=10433867  difference=0.05500  below=0/3
t=23460391  fraction=0.19750  peak_slope=4.744e-08  t_peak=3477956  comparison cadence=10433867  difference=0.05500  below=0/3
t=23492009  fraction=0.19750  peak_slope=4.744e-08  t_peak=3477956  comparison cadence=10433867  difference=0.05500  below=0/3
t=23523627  fraction=0.19750  peak_slope=4.744e-08  t_peak=3477956  comparison cadence=10433867  difference=0.05500  below=0/3
t=23555244  fraction=0.19750  peak_slope=4.744e-08  t_peak=3477956  comparison cadence=10433867  difference=0.05500  below=0/3
t=23586862  fraction=0.19750  peak_slope=4.744e-08  t_peak=3477956  comparison cadence=10433867  difference=0.05500  below=0/3
t=23618480  fraction=0.19750  peak_slope=4.744e-08  t_peak=3477956  comparison cadence=10433867  difference=0.05500  below=0/3
t=23650098  fraction=0.19750  peak_slope=4.744e-08  t_peak=3477956  comparison cadence=10433867  difference=0.05500  below=0/3
t=23681716  fraction=0.19750  peak_slope=4.744e-08  t_peak=3477956  comparison cadence=10433867  difference=0.05500  below=0/3
t=23713333  fraction=0.19750  peak_slope=4.744e-08  t_peak=3477956  comparison cadence=10433867  difference=0.05375  below=0/3
t=23744951  fraction=0.19750  peak_slope=4.744e-08  t_peak=3477956  comparison cadence=10433867  difference=0.05375  below=0/3
t=23776569  fraction=0.19750  peak_slope=4.744e-08  t_peak=3477956  comparison cadence=10433867  difference=0.05125  below=0/3
t=23808187  fraction=0.19750  peak_slope=4.744e-08  t_peak=3477956  comparison cadence=10433867  difference=0.05125  below=0/3
t=23839804  fraction=0.19750  peak_slope=4.744e-08  t_peak=3477956  comparison cadence=10433867  difference=0.05125  below=0/3
t=23871422  fraction=0.19750  peak_slope=4.744e-08  t_peak=3477956  comparison cadence=10433867  difference=0.05125  below=0/3
t=23903040  fraction=0.19750  peak_slope=4.744e-08  t_peak=3477956  comparison cadence=10433867  difference=0.05000  below=0/3
t=23934658  fraction=0.19750  peak_slope=4.744e-08  t_peak=3477956  comparison cadence=10433867  difference=0.05000  below=0/3
t=23966276  fraction=0.19750  peak_slope=4.744e-08  t_peak=3477956  comparison cadence=10433867  difference=0.05000  below=0/3
t=23997893  fraction=0.19750  peak_slope=4.744e-08  t_peak=3477956  comparison cadence=10433867  difference=0.05000  below=0/3
t=24029511  fraction=0.19750  peak_slope=4.744e-08  t_peak=3477956  comparison cadence=10433867  difference=0.04750  below=0/3
t=24061129  fraction=0.19750  peak_slope=4.744e-08  t_peak=3477956  comparison cadence=10433867  difference=0.04625  below=0/3
t=24092747  fraction=0.19750  peak_slope=4.744e-08  t_peak=3477956  comparison cadence=10433867  difference=0.04625  below=0/3
t=24124364  fraction=0.19750  peak_slope=4.744e-08  t_peak=3477956  comparison cadence=10433867  difference=0.04625  below=0/3
t=24155982  fraction=0.19750  peak_slope=4.744e-08  t_peak=3477956  comparison cadence=10433867  difference=0.04625  below=0/3
t=24187600  fraction=0.19750  peak_slope=4.744e-08  t_peak=3477956  comparison cadence=10433867  difference=0.04625  below=0/3
t=24219218  fraction=0.19750  peak_slope=4.744e-08  t_peak=3477956  comparison cadence=10433867  difference=0.04500  below=0/3
t=24250836  fraction=0.19750  peak_slope=4.744e-08  t_peak=3477956  comparison cadence=10433867  difference=0.04500  below=0/3
t=24282453  fraction=0.19750  peak_slope=4.744e-08  t_peak=3477956  comparison cadence=10433867  difference=0.04500  below=0/3
t=24314071  fraction=0.19750  peak_slope=4.744e-08  t_peak=3477956  comparison cadence=10433867  difference=0.04500  below=0/3
t=24345689  fraction=0.19750  peak_slope=4.744e-08  t_peak=3477956  comparison cadence=10433867  difference=0.04500  below=0/3
t=24377307  fraction=0.19750  peak_slope=4.744e-08  t_peak=3477956  comparison cadence=10433867  difference=0.04500  below=0/3
t=24408924  fraction=0.19750  peak_slope=4.744e-08  t_peak=3477956  comparison cadence=10433867  difference=0.04375  below=0/3
t=24440542  fraction=0.19750  peak_slope=4.744e-08  t_peak=3477956  comparison cadence=10433867  difference=0.04375  below=0/3
t=24472160  fraction=0.19750  peak_slope=4.744e-08  t_peak=3477956  comparison cadence=10433867  difference=0.04375  below=0/3
t=24503778  fraction=0.19750  peak_slope=4.744e-08  t_peak=3477956  comparison cadence=10433867  difference=0.04125  below=0/3
t=24535396  fraction=0.19750  peak_slope=4.744e-08  t_peak=3477956  comparison cadence=10433867  difference=0.04125  below=0/3
t=24567013  fraction=0.19750  peak_slope=4.744e-08  t_peak=3477956  comparison cadence=10433867  difference=0.04000  below=0/3
t=24598631  fraction=0.19750  peak_slope=4.744e-08  t_peak=3477956  comparison cadence=10433867  difference=0.04000  below=0/3
t=24630249  fraction=0.19750  peak_slope=4.744e-08  t_peak=3477956  comparison cadence=10433867  difference=0.04000  below=0/3
t=24661867  fraction=0.19750  peak_slope=4.744e-08  t_peak=3477956  comparison cadence=10433867  difference=0.04000  below=0/3
t=24693484  fraction=0.19750  peak_slope=4.744e-08  t_peak=3477956  comparison cadence=10433867  difference=0.03875  below=1/3
t=24725102  fraction=0.19750  peak_slope=4.744e-08  t_peak=3477956  comparison cadence=10433867  difference=0.03875  below=2/3
t=24756720  fraction=0.19750  peak_slope=4.744e-08  t_peak=3477956  comparison cadence=10433867  difference=0.03875  below=3/3
Stopping at t=24756720.007397566
Saved 642 remaining particles to /scratch/group/p.phy260085.000/Mass_Fraction/Outputs/Ejection_Results/remaining_particles_2187497_5.csv
