==========================================
Mass Fraction MPI Run
==========================================
Date:               Sun Oct  4 20:40:01 CDT 2026
Host:               ac006
Array job ID:       2187497
Array task ID:      2
MPI ranks:          4
CPUs per task:      1
Nodes allocated:    1
Python:             /scratch/user/u.hm357857/.conda/envs/comets/bin/python
Conda environment:  /scratch/user/u.hm357857/.conda/envs/comets
==========================================

22.66416931593782
20.106719501764626
7.617232404891652
12.032703439285699
15.122281151930395
23.176323246552712
14.30614696354927
14.577578607283536
11.443724398625886
10.93823917573609
14.783989926768182
5.048433701372703
14.79748061288949
12.614232197240508
20.417253066304024
24.10312158449554
5.373956983482005
13.531959799718003
21.635794993592732
15.404834734217783
8.068151939069422
5.619371577169647
5.2155581690495385
19.017262520621877
15.036084164364693
23.76630445925509
12.226697386420998
21.22315452542587
5.928024173629238
14.546136358178156
7.330206989170211
7.375035697384926
8.327308876068642
12.254188710530563
18.31014412732113
15.375706901922992
24.6101800016293
16.839186036639042
21.576984226863885
19.304022506157118
18.036789629235308
20.54039827786659
5.0162842486234
15.774217818244606
6.764350557780774
15.159585128158133
15.294640696020458
20.3872842931711
13.50714399520513
24.34785002752884
8.214850712438537
23.81626448794487
8.853616164304913
19.047669809431877
9.371723469114432
8.532210113284968
20.782138318168244
23.474535836350206
11.754004814684762
7.954363437382888
14.49750147835666
10.118782938556084
14.005209515531824
23.500259358775388
12.687014665854754
24.7993210737665
18.24118862410188
20.51148031419342
20.897823434745796
18.74452063656003
7.9050949690226435
18.30731684973552
10.506935390028342
9.948466083595438
17.847336460736148
19.581332287400507
7.727389051628155
24.470809605199143
16.987068729659004
6.818080434607607
17.520562571793796
9.624432175578745
21.355042394835205
16.420486252761222
13.633910754489404
20.017200784792262
10.863607626273051
8.327721717636855
18.264645874296505
10.201310819068887
11.271244282339394
8.899024158449343
16.58950756938077
19.50519493674885
7.915905399233047
7.527020455246229
10.849469369435695
9.91532764325113
8.149593090567844
9.457438480253268
14.31902195755674
6.495054075328164
5.98958432288047
9.636401182266447
24.48891386275264
5.066140229135934
14.679230075616768
19.73197128900753
21.856622422864465
21.659767736195548
11.928780199124665
19.13845853475101
13.518820726707009
19.062838899116255
23.568076884986418
9.823955591997859
12.178578522100086
10.441067720605798
13.718719250822035
14.262959320112179
14.23396941703711
20.913717747185206
23.848967105739753
10.12997593915494
16.90617745243958
6.440474102139615
16.982141069479653
14.834968092781974
6.97485835990129
14.311456163249494
24.704412238415102
12.82634517287687
16.33900142784239
7.1494537944402765
21.706270981374264
14.87255620422427
5.1972743915689
6.812485430669096
13.127001045187425
21.078454126105353
18.784641478056713
19.278602091651237
23.737957376335654
18.199953127259825
12.844881194253269
9.814503358240824
12.365846957665454
7.348490467994592
24.303562273573156
24.556140180132154
19.678777247870784
5.610816944753454
23.487165593164185
22.95453408488924
5.838226183862567
22.894196461204633
6.922020387906709
7.104931153922946
8.495640304702928
15.017751882043715
24.93602501762102
23.352304066086838
12.236811963772602
11.440533753922924
6.541245057002958
9.830454743972988
20.932770778207797
9.861409855903325
22.718082021712636
16.886037256592324
13.413960123719166
13.843193589567875
8.70951992020963
19.96916599137701
18.89330783202464
24.94836195935885
23.96770180747205
17.44012887975282
11.501930831301594
9.46886114688562
17.293030007737507
22.534739262686685
6.47528610331638
11.685616203905063
21.128698389203908
8.34754692206598
12.26380192203424
8.56058064266189
21.362205724346243
19.911308256004723
16.466745893311778
16.040010521075494
18.318237133595943
15.909926662136044
9.73268593791941
9.004607275593575
18.029283459584605
12.65860302378722
5.556524127434259
24.790306293954643
6.748191838519513
12.232421281016123
24.7969672334186
7.0614105549560175
13.936139261423046
6.079950928474895
16.108948429402993
23.255326238562876
18.75640666495409
20.583703467366725
6.6080734266420516
6.617566035736329
15.679667851235257
15.291643044432181
7.70571627293114
6.927367698386055
12.916836357100237
6.772961425720398
17.692027779444736
8.871753254981291
18.75924691221321
5.887540705075214
17.810399017694788
15.23145751757794
15.979612849870723
8.780158537218448
23.759585542871683
20.64257707879941
22.205364648433317
7.495955280136515
5.314385613157063
19.685989021957795
15.136189426862147
19.806808371062864
14.321664457781596
17.091150399152834
7.500709000056467
19.051639113486374
6.105665780289737
5.834085959356592
19.384748377294436
20.53985005128478
10.425531905440202
22.045600181895274
13.928923135966393
10.067771752932027
12.208106501587723
23.58746184665936
19.50401977370916
17.393015136176214
19.541295675657707
20.908187973750195
17.31624961047693
17.51682788845703
18.946444586367168
18.089173601420057
7.118722982466672
20.80205283049866
8.322727277782727
19.045432688679874
22.596669167081785
23.40445830768002
13.012404849855859
10.361364503359242
11.96953971356123
15.05151903559139
24.985081120347147
11.657962030041041
17.283409313379256
6.919539031980424
19.192531885292894
19.266694959695677
18.747059624398972
8.987187452360782
13.154376109967394
16.838632561723863
23.840544000515788
7.175950757257878
18.41744365943083
10.852579434255583
22.288649020643657
9.227311858561142
17.39730510601352
23.31421996115185
7.268937644016253
24.00459477984747
14.760560906631284
9.86303113518752
17.189692830044898
14.391369159356117
20.744626660714523
8.555040705663522
6.389458257057068
9.91615061882932
22.041945780803008
14.244796487219238
16.256591237370333
8.124312954225354
6.283572746894386
5.893126877556725
22.72725306724666
17.31055130843942
14.86993914409392
14.752839284847061
7.8269963198428965
5.974939383290359
18.54064042894391
5.551305863432734
13.704494957175772
23.425183842140473
15.795073994298559
21.62202811675894
10.233818962421694
17.321134441974575
8.437112718222796
18.029883434483693
20.943327254421085
23.904241054101757
13.544964947832025
13.334888526498869
16.059996494408132
10.037400250186796
6.933688811654064
14.790862203901805
24.77483235334062
6.426399829824421
23.532597203334937
8.027430691088739
6.055834745586235
6.901944654485863
20.785731597574543
9.051710003021874
8.360023776698746
17.637151660483134
5.9559858343864995
5.249098056094661
19.871969917320815
23.37925639221445
24.16335284058222
21.888493098989983
24.03576311324062
6.437530964924614
7.576216810271212
13.389062307854278
21.371173551136565
6.576611557391232
23.636420515769217
20.8371538449624
8.533281498986865
19.657695943872678
14.5565951916066
17.686913396835834
14.741301702294864
5.401112014270817
13.01671357295321
12.416508556866447
21.35559739634969
12.225779337936359
19.80144559569357
7.440650076619566
12.826141821042306
10.302633791682378
11.259351194500962
24.470991889324814
5.18364250680317
12.729580681914797
22.5580710960488
13.769583046685687
11.037344178260929
7.687771072428548
10.103188185393941
12.212136885851308
6.324529846328688
13.924062969217395
18.720333761272336
19.43129916826077
23.355851731247782
23.051277872197023
20.508384978819258
17.517947812262236
16.709223458048747
14.348175758189647
15.734555889382243
24.622874586937634
23.225228502398426
21.025550055786148
6.433809221798887
17.03947757698747
9.46878758137736
10.982858565036812
9.527403624306041
10.451719424795712
14.887595122245648
16.18266549174475
21.525490130883437
8.371461394978594
23.626420759867802
6.508861008974467
7.583616047820112
24.867263605757785
14.667273708537746
15.819263188646428
6.262810134507637
18.589632749936044
14.085537584713087
7.041753284800485
23.970133123811877
21.61397386858916
22.71494298688296
18.88679011234676
18.622582444637587
8.866186914399005
8.740001601359925
13.078017219847025
14.854154899230611
8.382076735267532
12.796386676963124
20.515711583153017
24.268965560244467
21.398223402764163
11.000121197091042
11.104526307749635
12.656557838162508
10.931066186033235
18.375657248523396
12.204833293459835
5.322677553640762
16.804443679231383
23.161853330763662
14.79784061197912
6.368618720583001
24.2604998341462
14.722777673751658
7.116394626678623
9.594398558759512
22.87784847393299
19.45531988539709
23.075460172266652
24.447344187814622
20.50326210092738
18.548278170699
6.214130515416985
13.126081940256626
14.956193586104597
14.151562764703431
22.39569151299106
13.820026049634158
6.766113794775266
5.356860475273186
21.056558897172103
22.492023220639766
22.747831930908948
8.639616359994463
21.48103872020076
9.777232833074885
11.476751090255842
19.437979382388942
8.48505104364336
10.025810646684665
8.43730263098343
17.922275449812844
6.8215127251438235
22.33470478344836
16.67738560292747
11.409735008592733
6.8365071445669034
12.650419638117587
10.987310046746364
6.939160295551028
10.35963464866789
21.75091977604098
10.405791214368223
23.33668450300535
11.152782344432843
22.26884776333916
17.49664614170598
21.01803979262138
15.973880919541678
7.275479687917987
18.476721008820306
5.000274740342505
7.433882084853982
17.473441473893416
5.71876755810266
21.777519815823815
20.080068872388292
9.402725926690502
9.733815186737651
6.973779687681714
16.0968274342431
18.345277008621157
9.36810928597734
13.184848785543545
10.183129783682315
14.859067961667137
20.355079829064636
18.879615284798803
15.437839099199472
12.581150582583975
5.153784906687029
5.029499207301448
24.849854452247357
20.387036960335212
6.716525991464759
10.555115300666385
5.970632058326726
22.97880595071686
18.41443004083322
6.244197926853281
9.901770885001602
15.222131248161595
15.793667687506352
16.84904846331603
10.87949697890609
13.16827848398326
20.25947527770359
12.990848451930322
24.746206310127285
10.677411679143407
19.966122696873008
12.866572630904269
17.436469133337795
5.193313776131923
18.993158321178704
15.903650824444496
8.4118908297899
11.57704181997206
18.323708105791724
15.643389365225284
22.796773553128943
23.725919314087708
15.912545237957143
12.16791662777591
9.313739705875117
24.743939397233557
19.15449061699325
14.41753373854925
14.389828401719093
22.372889756663017
6.2035051531316725
19.28150584014243
23.841026524992458
5.266860136425933
12.496213781127143
21.62541303141073
19.761592215370328
18.538318955430267
23.5277205960995
9.97435347303291
17.06421305303845
22.9960722598573
12.159618042168175
24.308725401127916
18.148076774377863
21.40783301345461
11.940746706299986
10.245031005220763
24.22327908657039
24.320793363915705
10.295970849034589
6.449965041285548
9.375843645077168
12.81377182287577
9.54651991797485
14.004977450071836
21.253537355595395
20.075882319652454
7.038082030619732
7.95537198498419
14.888876430904954
8.446308146758488
18.99077176308846
5.307732691105507
18.947942623197292
11.399745188936205
16.44858448672271
8.400341100648374
16.713768673291717
16.84921235134219
11.654168434198727
23.83435897596342
13.342107600566916
8.020484673652444
18.61213074019667
12.942395127130553
13.819155055585576
6.148673851609338
6.485220755419272
23.338218358448845
11.463729777655775
23.451025863094117
18.726178792192965
15.973876236716158
10.048444517449074
16.943090609485946
15.40288213331891
6.504369570961348
5.1991191602425495
23.977702952418575
10.71288786945603
6.031093404289298
10.531611286217377
19.052565299695758
9.472189590735574
7.205334003794841
17.075303010077032
24.284636638192865
23.936908823746677
17.325415961954082
20.733587310359923
21.656857851913948
18.08754991535732
6.753634658985828
19.21552451870873
10.39577926966253
22.325148166882528
20.55627405213461
24.666043259751945
15.011522433434834
10.119632059309874
11.723096965149667
16.10588309673458
10.551232637583057
16.17238048801572
6.396342129889034
7.105906773441255
19.754336656627025
19.283498327293415
5.163073713667538
6.805817137961078
22.13747482649859
19.164250779701817
6.144950066795545
5.931318143248598
16.655121737459783
24.452514641334297
22.871702144691607
8.526322928466598
12.2054610227876
20.11457892756166
24.30318286508236
5.202864394803644
14.168274742585911
9.166230207918728
21.708566152367116
15.787467387524234
23.505767503674594
17.146027394414965
11.918190442355371
24.308935476696092
17.79746067646502
10.922058876417868
7.842842618215347
5.13962245539509
11.044346929994743
11.260901867487865
10.957868094474822
23.628831759544347
6.035435655182888
16.68852397604568
14.8375051802261
24.61115964865249
21.919704587368663
20.5513523349693
10.86805522123137
24.197573159004396
8.687771983298497
11.357840241300412
9.194641820340797
14.11922838203867
7.802877872709533
21.979094096042974
8.69630520412413
18.501523451861914
5.106324744407176
24.07568649224328
5.454340166918376
17.21277658188228
9.330711732612526
6.703018996621988
12.348597612202044
23.51170641108935
22.260739448783276
7.7934347917157565
10.640658573028896
18.86218828669723
19.997092465332354
19.779718461531726
16.91200675124704
13.089829235746816
9.94348177205963
24.49456306865989
17.775746458982468
14.005388480842683
12.046466317849458
15.133640899796807
22.329770404202833
18.849706671882856
23.02592337208272
19.65383516107371
16.251541501239767
23.209641000066114
12.327581465478127
22.8829881344208
16.658817669453455
10.196872193927254
19.556889207471528
8.466797082870476
12.652747516949809
22.879118373128932
7.922273029155111
15.14407294666408
10.57192680785884
5.980441675051886
12.18287725072663
11.439161034699028
13.361491317106056
15.582270092604704
5.715407256680836
13.468308028719981
12.518243664354058
19.380868982228144
13.362868828242167
18.393260596472167
18.798385535967327
6.85414196358667
10.384843211508084
18.092810923038623
6.056529907609301
24.732097962142657
8.54582889550298
22.41163797669254
10.749156180229246
16.882517073878798
20.77442695838418
7.640521624312169
9.792280634219575
13.425902352220604
13.618808029680633
16.95381098342685
12.065838549651584
21.488752184017248
7.7540602620692685
11.55782400759923
23.39748465720671
6.158495834656175
10.873011127321032
13.763048627646995
5.457689455086645
16.728242243574314
14.384009464537586
13.805009981645014
11.702790896996834
10.120117295799671
11.496412655164601
16.06230742656394
5.467605996013871
18.122181159600398
7.204463921670183
5.490821112727284
12.675927780676059
23.328221845636822
10.327097446411162
20.65855187000517
Running 800 simulations with 4 MPI ranks
Rank 0: 200 simulations
23.596509515016248
19.14553077420185
14.540571947618425
24.222617614644676
13.37197621426746
12.369724639761671
7.135253767616126
22.424470639038347
18.372320623589584
23.1704501064091
Rank 2: 200 simulations
5.678201764314261
8.22614358165174
21.25088742265736
8.316473937031015
21.960581011201185
22.004210828085807
17.568508130502394
10.524098250334742
23.045899575558085
15.068981944142072
23.75148698115368
12.855404608698473
5.055579894959596
9.265481699600224
14.524784485862302
8.972146111318244
14.893524699821848
24.81521047423258
22.10393352797739
7.8356338978618805
6.795369417826684
13.562244343089757
24.62804499776502
24.02408372992714
13.296726541004908
Rank 1: 200 simulations
21.751251646203677
Rank 3: 200 simulations
t=3158313  fraction=0.35000  peak_slope=7.282e-07  t_peak=442164  comparison cadence=3158313  difference=0.35000  below=0/3
t=3189897  fraction=0.35000  peak_slope=7.282e-07  t_peak=442164  comparison cadence=3158313  difference=0.35000  below=0/3
t=3221480  fraction=0.35000  peak_slope=7.282e-07  t_peak=442164  comparison cadence=3158313  difference=0.35000  below=0/3
t=3253063  fraction=0.35000  peak_slope=7.282e-07  t_peak=442164  comparison cadence=3158313  difference=0.35000  below=0/3
t=3284646  fraction=0.35125  peak_slope=7.282e-07  t_peak=442164  comparison cadence=3158313  difference=0.34875  below=0/3
t=3316229  fraction=0.35125  peak_slope=7.282e-07  t_peak=442164  comparison cadence=3158313  difference=0.34250  below=0/3
t=3347812  fraction=0.35125  peak_slope=7.282e-07  t_peak=442164  comparison cadence=3158313  difference=0.33500  below=0/3
t=3379395  fraction=0.35125  peak_slope=7.282e-07  t_peak=442164  comparison cadence=3158313  difference=0.32500  below=0/3
t=3410979  fraction=0.35125  peak_slope=7.282e-07  t_peak=442164  comparison cadence=3158313  difference=0.31125  below=0/3
t=3442562  fraction=0.35125  peak_slope=7.282e-07  t_peak=442164  comparison cadence=3158313  difference=0.29250  below=0/3
t=3474145  fraction=0.35125  peak_slope=7.282e-07  t_peak=442164  comparison cadence=3158313  difference=0.27625  below=0/3
t=3505728  fraction=0.35125  peak_slope=7.282e-07  t_peak=442164  comparison cadence=3158313  difference=0.24875  below=0/3
t=3537311  fraction=0.35125  peak_slope=7.282e-07  t_peak=442164  comparison cadence=3158313  difference=0.22625  below=0/3
t=3568894  fraction=0.35125  peak_slope=7.282e-07  t_peak=442164  comparison cadence=3158313  difference=0.20125  below=0/3
t=3600477  fraction=0.35125  peak_slope=7.282e-07  t_peak=442164  comparison cadence=3158313  difference=0.17750  below=0/3
t=3632061  fraction=0.35125  peak_slope=7.282e-07  t_peak=442164  comparison cadence=3158313  difference=0.16875  below=0/3
t=3663644  fraction=0.35250  peak_slope=7.282e-07  t_peak=442164  comparison cadence=3158313  difference=0.15875  below=0/3
t=3695227  fraction=0.35375  peak_slope=7.282e-07  t_peak=442164  comparison cadence=3158313  difference=0.15375  below=0/3
t=3726810  fraction=0.35375  peak_slope=7.282e-07  t_peak=442164  comparison cadence=3158313  difference=0.13625  below=0/3
t=3758393  fraction=0.35375  peak_slope=7.282e-07  t_peak=442164  comparison cadence=3158313  difference=0.12125  below=0/3
t=3789976  fraction=0.35375  peak_slope=7.282e-07  t_peak=442164  comparison cadence=3158313  difference=0.11375  below=0/3
t=3821559  fraction=0.35375  peak_slope=7.282e-07  t_peak=442164  comparison cadence=3158313  difference=0.10500  below=0/3
t=3853142  fraction=0.35375  peak_slope=7.282e-07  t_peak=442164  comparison cadence=3158313  difference=0.09875  below=0/3
t=3884726  fraction=0.35375  peak_slope=7.282e-07  t_peak=442164  comparison cadence=3158313  difference=0.09375  below=0/3
t=3916309  fraction=0.35375  peak_slope=7.282e-07  t_peak=442164  comparison cadence=3158313  difference=0.09000  below=0/3
t=3947892  fraction=0.35375  peak_slope=7.282e-07  t_peak=442164  comparison cadence=3158313  difference=0.08375  below=0/3
t=3979475  fraction=0.35375  peak_slope=7.282e-07  t_peak=442164  comparison cadence=3158313  difference=0.08125  below=0/3
t=4011058  fraction=0.35375  peak_slope=7.282e-07  t_peak=442164  comparison cadence=3158313  difference=0.07875  below=0/3
t=4042641  fraction=0.35375  peak_slope=7.282e-07  t_peak=442164  comparison cadence=3158313  difference=0.07125  below=0/3
t=4074224  fraction=0.35375  peak_slope=7.282e-07  t_peak=442164  comparison cadence=3158313  difference=0.06625  below=0/3
t=4105808  fraction=0.35375  peak_slope=7.282e-07  t_peak=442164  comparison cadence=3158313  difference=0.06250  below=0/3
t=4137391  fraction=0.35375  peak_slope=7.282e-07  t_peak=442164  comparison cadence=3158313  difference=0.06125  below=0/3
t=4168974  fraction=0.35375  peak_slope=7.282e-07  t_peak=442164  comparison cadence=3158313  difference=0.05750  below=0/3
t=4200557  fraction=0.35375  peak_slope=7.282e-07  t_peak=442164  comparison cadence=3158313  difference=0.05500  below=0/3
t=4232140  fraction=0.35500  peak_slope=7.282e-07  t_peak=442164  comparison cadence=3158313  difference=0.05250  below=0/3
t=4263723  fraction=0.35500  peak_slope=7.282e-07  t_peak=442164  comparison cadence=3158313  difference=0.05250  below=0/3
t=4295306  fraction=0.35500  peak_slope=7.282e-07  t_peak=442164  comparison cadence=3158313  difference=0.05250  below=0/3
t=4326889  fraction=0.35500  peak_slope=7.282e-07  t_peak=442164  comparison cadence=3158313  difference=0.05000  below=0/3
t=4358473  fraction=0.35500  peak_slope=7.282e-07  t_peak=442164  comparison cadence=3158313  difference=0.04750  below=0/3
t=4390056  fraction=0.35500  peak_slope=7.282e-07  t_peak=442164  comparison cadence=3158313  difference=0.04375  below=0/3
t=4421639  fraction=0.35500  peak_slope=7.282e-07  t_peak=442164  comparison cadence=3158313  difference=0.04000  below=1/3
t=4453222  fraction=0.35500  peak_slope=7.282e-07  t_peak=442164  comparison cadence=3158313  difference=0.03875  below=2/3
t=4484805  fraction=0.35500  peak_slope=7.282e-07  t_peak=442164  comparison cadence=3158313  difference=0.03875  below=3/3
Stopping at t=4484805.149552971
Saved 510 remaining particles to /scratch/group/p.phy260085.000/Mass_Fraction/Outputs/Ejection_Results/remaining_particles_2187497_2.csv
