==========================================
Mass Fraction MPI Run
==========================================
Date:               Sun Oct  4 20:44:01 CDT 2026
Host:               ac042
Array job ID:       2187513
Array task ID:      5
MPI ranks:          4
CPUs per task:      1
Nodes allocated:    1
Python:             /scratch/user/u.hm357857/.conda/envs/comets/bin/python
Conda environment:  /scratch/user/u.hm357857/.conda/envs/comets
==========================================

104.98678104799298
93.66158499031326
88.63003177489962
105.59514397535186
107.35158999272308
82.76743671123043
121.71803050510684
48.695214153828026
95.93301265761058
35.63043494552757
46.01127525586027
79.01135206208409
33.88742871068962
61.23884390235932
93.61610510135002
27.08272925181844
74.95219874172358
28.897104850418142
115.72513438375519
56.19515999775236
95.64829604569242
66.07432999260729
37.7895435199838
43.70724759003393
119.919013055039
74.83474653032323
37.0950239853331
112.30078130203354
90.64539521978516
112.96501309698328
101.46187135239269
124.3743172479132
32.10361089779931
120.06255324134466
44.29006374892526
100.36080417948142
68.59001421706947
116.72463562023965
100.64798178241753
78.58841014662417
92.22145915763834
27.152638923108263
98.59420144171615
58.49311094348486
58.89325885832805
110.60392069837324
41.873289689054516
50.30110047674108
108.96305605832924
43.21684809001839
96.36038631224068
57.48675547481164
71.73809827953849
44.07124324858316
95.79052635302591
102.72521711322088
100.72275491930067
77.04499828438679
63.36301159412635
47.788106331994996
49.66659545887913
85.8496768429968
38.7693794897909
115.8318776945378
96.32346875203864
83.88716930988679
52.576642872670575
57.75425101135612
124.30513360908763
69.94890636399205
102.81182104954489
51.939387198549184
64.39712480876469
40.72988584984667
26.44583682659567
78.19884986532733
118.48765043500353
115.66385244177819
107.12511382545215
37.288889400662484
34.53919809315362
81.23299547544957
123.75992311008785
34.38894703603782
27.550292317471424
123.51272133639668
114.64998966915891
111.35950655452555
26.179036608951588
56.71799951006403
91.20868036064155
91.05527528910102
96.91979562058596
94.95457591543628
64.01584028109664
110.86739711147071
107.18271811558304
112.40009174616054
110.27420816634474
47.371361584519704
77.2293956064191
86.04142634067958
99.39381924539867
58.48231648871997
77.86139155660248
28.87830892966078
72.04319112127504
116.31301089411835
88.20908176200234
60.865401076314086
46.73358762848413
111.79806483501756
98.96721223197999
118.74391680849848
86.61760764696258
85.7155256534502
55.20523650043364
26.097753600157915
55.43733315292193
36.44666622394216
106.56376486639137
90.27830050518574
119.60481487668049
52.046250539247794
25.5139892963121
87.30676925129745
101.30039867490451
102.37708139050797
114.00941993551122
67.27073504446147
27.54101840506291
79.88809430636326
118.30273196520602
77.37050039113322
115.17374816752442
117.79122882798131
108.75133453806882
27.290989055923866
96.94139230697665
65.53819739252303
61.44719514926516
84.41443940421333
123.38335244984926
71.25542332894851
104.66025460077462
33.20987423944391
114.98285457020866
28.073609392067254
35.05726837989973
45.46554291296911
28.429566315099375
95.59594589978025
41.62653167293017
99.57194116859051
88.21633450482722
111.67609469148887
101.8731331698464
101.07491821879664
105.24664521491663
119.2416677919395
51.039852701463715
74.40498615471361
70.69878989285294
121.61659222891763
34.139939938711976
99.74928281175688
83.40112012643917
105.5897055303024
43.46595638318094
91.04081703657569
98.04395720517887
97.28906949231731
30.797371009734796
59.03855077061655
38.65092246970683
30.015133294985098
71.28069068000663
27.281513728074923
62.74395974931861
64.16395280454326
49.76403157334779
59.295286192842354
96.7961909427501
54.147238311553714
68.94195682976687
85.98308341537171
28.497970798836192
31.330231851926037
30.002747248126262
86.62855656414399
76.60186484773332
83.9117187560247
106.377283252148
83.04228098044737
53.56236745983327
120.43463769774797
117.07678387352478
59.890526674419064
39.16774155448246
59.25141005034338
69.40103886094023
104.8442484844721
115.31657119743805
65.14212433226858
40.69713401381138
43.661018890766144
89.22201530941882
63.763805959837704
116.33399301973316
46.41859293575837
92.37092472774081
66.1999428876706
106.29970864158287
67.83414351648186
53.915260006436185
27.20612531990556
118.67750969314339
27.835287001945787
77.56080790095834
63.530975699309835
114.48220603173584
52.53005986861483
101.78388750441533
69.35859637307817
123.50365305016793
57.200319606212055
88.1926082946054
100.42069983277517
35.07670279947609
85.13642872044406
59.65946826611804
76.10238935485393
59.063296493988894
73.7136590170179
114.47325138176355
77.28119898133329
39.0644395928206
71.3561657158497
53.21359063520069
25.05020730553649
117.89625538102513
124.33162508460343
102.3866404626292
89.4455448300661
89.58850098352022
72.31056690611945
97.67872050012232
103.30091680684156
73.94287204346065
73.86490422116171
84.2976924651797
114.29870635292019
110.11191508499158
85.11556846283554
89.0076504928042
101.53037592240635
101.3489960101002
110.0371952939911
31.760259822798808
120.01294659120202
96.75957584924394
39.21292342040689
79.13776621806235
112.10834986934962
37.118956243021785
66.36580872845107
66.35780570244361
68.91040351968272
58.01996684809464
67.22367128555211
41.432064528862014
28.17700010927664
45.36188973039131
70.84053177015667
90.33302667123866
93.61258588007502
42.847633470251196
113.5413699105015
118.4454861725299
114.87764115353009
89.68785194445303
94.65681696986175
121.01769643589613
83.50109497614503
117.09492268731462
37.76793939793638
116.80690174270929
33.91545236619767
38.134993777210035
99.55608767318871
78.592642968857
123.49693921908865
114.02177227694207
64.73786575519495
72.95076151411294
79.13128043437715
30.621590423895697
87.24092036466587
69.78367146961051
73.94993829448134
116.106179827025
61.10162989490819
36.034182683463854
77.5668013123609
35.54088845703958
28.798721679656147
40.58441414297907
66.47496547882966
73.01275445614527
101.79466615476447
57.10108612039282
49.93971265566335
69.33636263326298
31.15288510006279
85.62031530531225
72.81936116110026
47.66021885867812
113.89459905303802
90.08604425469441
38.684489275867364
105.8549443351207
51.117858434663646
124.17637331662371
78.40801097414406
27.56485105182428
51.96601638275783
30.499920503149692
81.21391520392527
75.7221825184883
124.33831100917835
76.68743932938597
110.62405726391206
113.93135745114465
90.22637309067112
99.70121421956341
112.48485322932508
69.79780364778065
29.891432481256572
98.36412377167991
97.00961548217403
80.20526691298643
92.70397526955507
50.95410666475151
25.331628789500026
70.28795902924405
118.61653541902008
110.12718616166336
124.61180412370817
99.40343696981398
70.30190501464105
50.938663554026505
123.54730467569175
120.83354381864223
82.38516313314096
56.21659736736538
111.12745332352758
114.27389325645404
69.22894001056488
111.51298488835015
83.3844901506501
111.38951833059112
42.45610654429095
40.62171284007853
116.148809094923
45.52115834289124
56.01922289455672
121.79853541157185
30.30479370386654
45.80509828749464
69.90158169573465
103.4270524338491
38.75745314366825
57.932034621487105
73.89800124675392
33.25477706698827
85.81011988242604
121.63335437100271
35.398226492332306
105.76903842224404
92.42455724816676
120.27151005611587
32.94848976045115
54.379200246358835
66.55307014492129
101.94018773722651
42.21549977025462
46.6623348326733
27.965559497161674
106.10290550252007
85.8163264180204
121.02129364193868
94.0425511342204
39.20660364727525
81.08053054257799
124.05855381400072
115.10847251835963
76.2814093695762
67.82361668144472
49.47554263701308
112.25653615957832
78.34818577504143
30.918366784936268
48.09659526127618
30.30485643395894
122.14694905668402
86.20640201172168
58.990828098433425
76.81446254006565
48.22965171054247
91.37882476466585
65.52888995340429
93.94364232940843
74.73854983753051
113.02203834028727
46.79470965924206
51.826651078666714
75.17201579866567
78.29109977563795
50.04815669073631
43.91559919312308
61.69845780943398
34.77953885332292
79.0576647751765
95.39361449356765
102.96009733472164
26.160999087893256
43.48367546275029
90.77056094887699
51.637772977878555
120.18102054578097
69.59949398590354
62.10933360810166
91.11609187653083
92.46037099799732
110.91270350498503
87.24554750271854
43.00050782222466
46.4796248013311
98.29725536199099
54.51835392825417
59.027707917262184
54.54580334138378
60.26193904771752
61.02607393043712
41.84620248905266
120.63291420302855
69.76963945559743
84.53093634816283
47.67623359615499
65.7403042111184
57.707263441640485
45.421881738445066
62.265761985056436
63.27093037625745
32.08418856583619
52.45425056224015
88.03280654520324
43.784602450330226
118.37224811024655
26.80571646600345
30.929884813926947
71.78891052893044
35.50660916275026
47.778773491091115
112.6228370041618
102.45960197128764
112.22148184637622
48.14482413709389
105.275176731314
81.73105855565822
47.10593458992219
117.02395524902121
90.91285978685929
69.55063650736592
74.96272333229443
77.33532133120669
27.47589798216764
60.274016354409035
53.5461075898401
33.455488361058556
71.30698213890219
100.2427146827593
98.97245406281117
123.49553867683375
42.13207702131534
123.85877188274655
50.51388775054024
86.8001736271473
93.6440924227821
32.52734484369357
118.5985662607434
43.25180136522093
75.75739939266157
89.91202782710165
110.70557177727817
27.421739450360427
32.26579812713349
104.41971808688587
54.84363448678358
31.350199292965442
78.0085962262958
26.809367188936996
91.13697623762118
121.22340861910655
91.43316593316072
87.61826898196915
111.25437942273405
51.32087762651756
116.63047119197027
89.10096935058525
123.04751244574298
90.70124710382535
45.04447576475885
32.85767773229695
80.55417486234595
59.86956797935762
124.88007016174379
83.51316513407676
37.46413396691231
26.42907297221019
26.26273327156834
50.629119378277444
49.73571925527026
63.58045920839537
113.72693519060135
65.85786251848094
57.937027325707746
102.8765294587796
50.6940031517216
66.78725908155315
69.70833354932967
83.21919756770876
31.878527962260083
79.70146447611579
34.384121963763974
70.7115258752541
81.89166267044419
122.25918748709907
36.71247248803439
79.5559121107035
64.35114792576977
111.0745012579956
121.23748797571275
108.68966272809593
99.96240519127288
123.90585159862864
85.611704077225
63.95187168333676
53.07465434964385
101.99896989289915
109.63411157270522
118.73398825169527
65.22675738524333
118.09604796341
103.7060675192077
28.616407480977568
44.78999303179451
25.40588248124842
48.16361385933795
79.99117608936432
120.85801259213646
67.14162733742195
89.4972310506285
41.939760782265544
113.60415766802132
47.69536313917764
80.82282306302196
120.77010430527534
83.86570495567474
75.40723377014771
121.21305570117929
65.60189715532134
123.40773291391702
47.83083341719097
118.28225268327552
110.20669616391798
86.71751797700391
66.95373267893348
124.36781704809977
87.77756763648071
87.853710506329
112.1222918070975
74.93469889458629
106.55706654853728
116.33191440598084
110.92886454904317
26.750697189234828
40.22498781654203
33.86903050250749
96.62974935921113
103.182072156444
119.67080320427227
71.61325210753047
110.06537607445452
50.94481503363558
41.6522186289245
75.04600011687981
122.37740543510058
99.15871735860824
26.940466535398233
78.41402152015255
36.703796552582766
63.80427760136867
26.098966967246962
87.84243904551063
86.72805996760312
71.77965378051252
74.88454502638443
64.17429570335955
102.5205636334864
119.88077624266118
50.56277045221811
81.45976848143663
59.263636927859565
82.54166058119299
29.75593942071709
65.95639587274368
76.66184505882862
116.52224640178837
46.05485483205932
91.0700531096729
106.72755561181867
60.48127526064005
39.07437188935883
72.80934449343286
47.741813383568456
88.64965182980157
92.45630673005482
113.89351341665235
101.5009062966316
56.44301618625694
42.999340512328914
62.48731806333214
97.90807750464307
48.46054408804294
89.24426220666813
40.432443889578394
112.4969654460302
39.63896702093452
89.69832797881216
41.5149909561532
90.68961991683527
116.90916618059083
56.34404879083695
68.36380506893558
68.73871563885879
83.0104465250669
80.1721536775704
85.02461580351414
113.42108222471616
54.386174043137714
77.21666130815098
116.08794915696991
99.50442023594074
62.77934403628075
35.557958105447355
94.43274487061828
86.99258939081665
80.96347744842055
33.851449997420524
57.70420969810579
87.89831821866362
40.48840964314802
105.10016916745514
85.73710292318096
66.11142086391973
34.896670584198866
84.62040555468991
93.7815557436443
73.41634432192345
80.14125340951568
43.44769970686452
118.24680394764098
68.8075819906916
114.55917104808884
94.84004491471042
33.238397741070514
31.279763490358768
56.174137542519766
50.01902460106308
33.8165373488787
57.82107425913483
47.725369985113
61.85501518858851
33.777593054422084
52.041914456221235
102.30176390093024
95.71483711198255
25.09637877527683
102.17991635433815
107.48761740849388
62.61725848444989
51.68128725716194
110.56420236902275
98.61219507080808
56.50976336993018
62.8004492827869
53.808527534613745
45.46234498157988
28.239974875104025
29.83401774253245
80.61040858854679
93.4803629772078
102.29095697471443
30.838436781726365
35.14349143095744
54.350631080013414
110.46442233782875
55.556698108487424
25.45134362286837
120.55435838127113
30.20508086343251
122.18509568645078
88.82758745815906
84.17834550878044
77.1564294405193
120.30676567825418
76.57038499193027
75.37089099503167
46.63902352944585
52.50354546637932
62.03051037318408
118.3241577755573
73.17642859447449
45.97003974483328
62.989994287852994
65.11427225551643
124.778009870085
105.23338348150665
115.39230710052331
41.584164469101324
32.90081399558109
91.00469094983659
92.82157580051316
60.25619087758558
117.86055674177801
109.18282294475615
54.270100962656464
59.16507134644669
121.4140320974548
100.86165495509614
98.12110227545766
28.812675859528913
33.33624746027064
82.49666081183886
61.66029880761927
83.50852720741537
43.67492736533903
100.31852489524358
84.86238934204778
88.39549374898087
49.29188052164477
29.060585919384796
71.88240420098535
124.33669580286598
112.96742504734594
73.98477136359844
114.43705693038041
29.993451498210398
48.25941240699696
45.25906298031743
93.7700186146185
28.028655598127784
69.63950451212261
117.68449237780165
52.93312943700289
49.0480474775419
110.7256410378059
41.39568278440405
87.09245410222468
61.140379783037645
27.80018139463514
35.75936686354976
123.24045849086934
50.67721926051677
54.94957845929879
60.308897188228414
116.11065840082267
50.446831266872636
59.31539757182067
25.869650043487844
54.82993785241452
81.69708562657242
77.09840346080455
73.39803583032008
124.66912708731634
45.73710256178697
118.26584566867776
58.00832471651023
100.07949091228586
Running 800 simulations with 4 MPI ranks
Rank 0: 200 simulations
68.13755003319261
90.93818905716525
106.03813156898745
Rank 1: 200 simulations
43.37582242106029
82.19128812881449
Rank 3: 200 simulations
84.4373478895129
122.73085008054832
61.31497870369721
107.89885616764766
108.46518173798074
Rank 2: 200 simulations
t=162255353  fraction=0.19250  peak_slope=5.658e-09  t_peak=54085118  comparison cadence=162255353  difference=0.19250  below=0/3
t=162608851  fraction=0.19250  peak_slope=5.658e-09  t_peak=54085118  comparison cadence=162255353  difference=0.19250  below=0/3
t=162962348  fraction=0.19625  peak_slope=5.658e-09  t_peak=54085118  comparison cadence=162255353  difference=0.19625  below=0/3
t=163315846  fraction=0.19625  peak_slope=5.658e-09  t_peak=54085118  comparison cadence=162255353  difference=0.19500  below=0/3
t=163669343  fraction=0.19625  peak_slope=5.658e-09  t_peak=54085118  comparison cadence=162255353  difference=0.19500  below=0/3
t=164022841  fraction=0.19625  peak_slope=5.658e-09  t_peak=54085118  comparison cadence=162255353  difference=0.19500  below=0/3
t=164376338  fraction=0.19625  peak_slope=5.658e-09  t_peak=54085118  comparison cadence=162255353  difference=0.19500  below=0/3
t=164729836  fraction=0.19625  peak_slope=5.658e-09  t_peak=54085118  comparison cadence=162255353  difference=0.19500  below=0/3
t=165083334  fraction=0.19625  peak_slope=5.658e-09  t_peak=54085118  comparison cadence=162255353  difference=0.19500  below=0/3
t=165436831  fraction=0.19625  peak_slope=5.658e-09  t_peak=54085118  comparison cadence=162255353  difference=0.19500  below=0/3
t=165790329  fraction=0.19625  peak_slope=5.658e-09  t_peak=54085118  comparison cadence=162255353  difference=0.19500  below=0/3
t=166143826  fraction=0.19625  peak_slope=5.658e-09  t_peak=54085118  comparison cadence=162255353  difference=0.19500  below=0/3
t=166497324  fraction=0.19625  peak_slope=5.658e-09  t_peak=54085118  comparison cadence=162255353  difference=0.19500  below=0/3
t=166850821  fraction=0.19625  peak_slope=5.658e-09  t_peak=54085118  comparison cadence=162255353  difference=0.19500  below=0/3
t=167204319  fraction=0.19625  peak_slope=5.658e-09  t_peak=54085118  comparison cadence=162255353  difference=0.19500  below=0/3
t=167557816  fraction=0.19625  peak_slope=5.658e-09  t_peak=54085118  comparison cadence=162255353  difference=0.19500  below=0/3
t=167911314  fraction=0.19625  peak_slope=5.658e-09  t_peak=54085118  comparison cadence=162255353  difference=0.19500  below=0/3
t=168264811  fraction=0.19625  peak_slope=5.658e-09  t_peak=54085118  comparison cadence=162255353  difference=0.19500  below=0/3
t=168618309  fraction=0.19625  peak_slope=5.658e-09  t_peak=54085118  comparison cadence=162255353  difference=0.19500  below=0/3
t=168971806  fraction=0.19625  peak_slope=5.658e-09  t_peak=54085118  comparison cadence=162255353  difference=0.19500  below=0/3
t=169325304  fraction=0.19625  peak_slope=5.658e-09  t_peak=54085118  comparison cadence=162255353  difference=0.19500  below=0/3
t=169678801  fraction=0.19625  peak_slope=5.658e-09  t_peak=54085118  comparison cadence=162255353  difference=0.19500  below=0/3
t=170032299  fraction=0.19750  peak_slope=5.658e-09  t_peak=54085118  comparison cadence=162255353  difference=0.19625  below=0/3
t=170385796  fraction=0.19750  peak_slope=5.658e-09  t_peak=54085118  comparison cadence=162255353  difference=0.19625  below=0/3
t=170739294  fraction=0.19750  peak_slope=5.658e-09  t_peak=54085118  comparison cadence=162255353  difference=0.19625  below=0/3
t=171092791  fraction=0.19750  peak_slope=5.658e-09  t_peak=54085118  comparison cadence=162255353  difference=0.19625  below=0/3
t=171446289  fraction=0.19750  peak_slope=5.658e-09  t_peak=54085118  comparison cadence=162255353  difference=0.19625  below=0/3
t=171799786  fraction=0.19750  peak_slope=5.658e-09  t_peak=54085118  comparison cadence=162255353  difference=0.19625  below=0/3
t=172153284  fraction=0.19750  peak_slope=5.658e-09  t_peak=54085118  comparison cadence=162255353  difference=0.19625  below=0/3
t=172506781  fraction=0.19750  peak_slope=5.658e-09  t_peak=54085118  comparison cadence=162255353  difference=0.19625  below=0/3
t=172860279  fraction=0.19750  peak_slope=5.658e-09  t_peak=54085118  comparison cadence=162255353  difference=0.19625  below=0/3
t=173213776  fraction=0.19750  peak_slope=5.658e-09  t_peak=54085118  comparison cadence=162255353  difference=0.19625  below=0/3
t=173567274  fraction=0.19875  peak_slope=5.658e-09  t_peak=54085118  comparison cadence=162255353  difference=0.19750  below=0/3
t=173920771  fraction=0.19875  peak_slope=5.658e-09  t_peak=54085118  comparison cadence=162255353  difference=0.19750  below=0/3
t=174274269  fraction=0.19875  peak_slope=5.658e-09  t_peak=54085118  comparison cadence=162255353  difference=0.19750  below=0/3
t=174627766  fraction=0.19875  peak_slope=5.658e-09  t_peak=54085118  comparison cadence=162255353  difference=0.19750  below=0/3
t=174981264  fraction=0.19875  peak_slope=5.658e-09  t_peak=54085118  comparison cadence=162255353  difference=0.19750  below=0/3
t=175334761  fraction=0.19875  peak_slope=5.658e-09  t_peak=54085118  comparison cadence=162255353  difference=0.19500  below=0/3
t=175688259  fraction=0.19875  peak_slope=5.658e-09  t_peak=54085118  comparison cadence=162255353  difference=0.19500  below=0/3
t=176041756  fraction=0.19875  peak_slope=5.658e-09  t_peak=54085118  comparison cadence=162255353  difference=0.19500  below=0/3
t=176395254  fraction=0.19875  peak_slope=5.658e-09  t_peak=54085118  comparison cadence=162255353  difference=0.19500  below=0/3
t=176748751  fraction=0.19875  peak_slope=5.658e-09  t_peak=54085118  comparison cadence=162255353  difference=0.19500  below=0/3
t=177102249  fraction=0.19875  peak_slope=5.658e-09  t_peak=54085118  comparison cadence=162255353  difference=0.19500  below=0/3
t=177455746  fraction=0.19875  peak_slope=5.658e-09  t_peak=54085118  comparison cadence=162255353  difference=0.19500  below=0/3
t=177809244  fraction=0.19875  peak_slope=5.658e-09  t_peak=54085118  comparison cadence=162255353  difference=0.19500  below=0/3
t=178162741  fraction=0.19875  peak_slope=5.658e-09  t_peak=54085118  comparison cadence=162255353  difference=0.19500  below=0/3
t=178516239  fraction=0.19875  peak_slope=5.658e-09  t_peak=54085118  comparison cadence=162255353  difference=0.19500  below=0/3
t=178869736  fraction=0.19875  peak_slope=5.658e-09  t_peak=54085118  comparison cadence=162255353  difference=0.19500  below=0/3
t=179223234  fraction=0.19875  peak_slope=5.658e-09  t_peak=54085118  comparison cadence=162255353  difference=0.19500  below=0/3
t=179576731  fraction=0.19875  peak_slope=5.658e-09  t_peak=54085118  comparison cadence=162255353  difference=0.19500  below=0/3
t=179930229  fraction=0.19875  peak_slope=5.658e-09  t_peak=54085118  comparison cadence=162255353  difference=0.19250  below=0/3
t=180283726  fraction=0.19875  peak_slope=5.658e-09  t_peak=54085118  comparison cadence=162255353  difference=0.19250  below=0/3
t=180637224  fraction=0.19875  peak_slope=5.658e-09  t_peak=54085118  comparison cadence=162255353  difference=0.19250  below=0/3
t=180990721  fraction=0.19875  peak_slope=5.658e-09  t_peak=54085118  comparison cadence=162255353  difference=0.19250  below=0/3
t=181344219  fraction=0.19875  peak_slope=5.658e-09  t_peak=54085118  comparison cadence=162255353  difference=0.19250  below=0/3
t=181697716  fraction=0.19875  peak_slope=5.658e-09  t_peak=54085118  comparison cadence=162255353  difference=0.19250  below=0/3
t=182051214  fraction=0.19875  peak_slope=5.658e-09  t_peak=54085118  comparison cadence=162255353  difference=0.19250  below=0/3
t=182404711  fraction=0.19875  peak_slope=5.658e-09  t_peak=54085118  comparison cadence=162255353  difference=0.19250  below=0/3
t=182758209  fraction=0.19875  peak_slope=5.658e-09  t_peak=54085118  comparison cadence=162255353  difference=0.19250  below=0/3
t=183111706  fraction=0.19875  peak_slope=5.658e-09  t_peak=54085118  comparison cadence=162255353  difference=0.19250  below=0/3
t=183465204  fraction=0.19875  peak_slope=5.658e-09  t_peak=54085118  comparison cadence=162255353  difference=0.19250  below=0/3
t=183818701  fraction=0.19875  peak_slope=5.658e-09  t_peak=54085118  comparison cadence=162255353  difference=0.19250  below=0/3
t=184172199  fraction=0.19875  peak_slope=5.658e-09  t_peak=54085118  comparison cadence=162255353  difference=0.19250  below=0/3
t=184525696  fraction=0.19875  peak_slope=5.658e-09  t_peak=54085118  comparison cadence=162255353  difference=0.19125  below=0/3
t=184879194  fraction=0.19875  peak_slope=5.658e-09  t_peak=54085118  comparison cadence=162255353  difference=0.19000  below=0/3
t=185232691  fraction=0.19875  peak_slope=5.658e-09  t_peak=54085118  comparison cadence=162255353  difference=0.19000  below=0/3
t=185586189  fraction=0.19875  peak_slope=5.658e-09  t_peak=54085118  comparison cadence=162255353  difference=0.19000  below=0/3
t=185939686  fraction=0.19875  peak_slope=5.658e-09  t_peak=54085118  comparison cadence=162255353  difference=0.18875  below=0/3
t=186293184  fraction=0.19875  peak_slope=5.658e-09  t_peak=54085118  comparison cadence=162255353  difference=0.18875  below=0/3
t=186646681  fraction=0.19875  peak_slope=5.658e-09  t_peak=54085118  comparison cadence=162255353  difference=0.18875  below=0/3
t=187000179  fraction=0.19875  peak_slope=5.658e-09  t_peak=54085118  comparison cadence=162255353  difference=0.18875  below=0/3
t=187353676  fraction=0.19875  peak_slope=5.658e-09  t_peak=54085118  comparison cadence=162255353  difference=0.18875  below=0/3
t=187707174  fraction=0.19875  peak_slope=5.658e-09  t_peak=54085118  comparison cadence=162255353  difference=0.18750  below=0/3
t=188060671  fraction=0.19875  peak_slope=5.658e-09  t_peak=54085118  comparison cadence=162255353  difference=0.18750  below=0/3
t=188414169  fraction=0.19875  peak_slope=5.658e-09  t_peak=54085118  comparison cadence=162255353  difference=0.18625  below=0/3
t=188767666  fraction=0.19875  peak_slope=5.658e-09  t_peak=54085118  comparison cadence=162255353  difference=0.18625  below=0/3
t=189121164  fraction=0.19875  peak_slope=5.658e-09  t_peak=54085118  comparison cadence=162255353  difference=0.18500  below=0/3
t=189474661  fraction=0.19875  peak_slope=5.658e-09  t_peak=54085118  comparison cadence=162255353  difference=0.18500  below=0/3
t=189828159  fraction=0.19875  peak_slope=5.658e-09  t_peak=54085118  comparison cadence=162255353  difference=0.18500  below=0/3
t=190181656  fraction=0.19875  peak_slope=5.658e-09  t_peak=54085118  comparison cadence=162255353  difference=0.18500  below=0/3
t=190535154  fraction=0.19875  peak_slope=5.658e-09  t_peak=54085118  comparison cadence=162255353  difference=0.18500  below=0/3
t=190888651  fraction=0.19875  peak_slope=5.658e-09  t_peak=54085118  comparison cadence=162255353  difference=0.18375  below=0/3
t=191242149  fraction=0.20000  peak_slope=5.658e-09  t_peak=54085118  comparison cadence=162255353  difference=0.18500  below=0/3
t=191595646  fraction=0.20000  peak_slope=5.658e-09  t_peak=54085118  comparison cadence=162255353  difference=0.18500  below=0/3
t=191949144  fraction=0.20000  peak_slope=5.658e-09  t_peak=54085118  comparison cadence=162255353  difference=0.18500  below=0/3
t=192302641  fraction=0.20000  peak_slope=5.658e-09  t_peak=54085118  comparison cadence=162255353  difference=0.18500  below=0/3
t=192656139  fraction=0.20000  peak_slope=5.658e-09  t_peak=54085118  comparison cadence=162255353  difference=0.18500  below=0/3
t=193009636  fraction=0.20000  peak_slope=5.658e-09  t_peak=54085118  comparison cadence=162255353  difference=0.18500  below=0/3
t=193363134  fraction=0.20000  peak_slope=5.658e-09  t_peak=54085118  comparison cadence=162255353  difference=0.18375  below=0/3
t=193716631  fraction=0.20000  peak_slope=5.658e-09  t_peak=54085118  comparison cadence=162255353  difference=0.18250  below=0/3
t=194070129  fraction=0.20000  peak_slope=5.658e-09  t_peak=54085118  comparison cadence=162255353  difference=0.18250  below=0/3
t=194423626  fraction=0.20000  peak_slope=5.658e-09  t_peak=54085118  comparison cadence=162255353  difference=0.18250  below=0/3
t=194777124  fraction=0.20000  peak_slope=5.658e-09  t_peak=54085118  comparison cadence=162255353  difference=0.18250  below=0/3
t=195130621  fraction=0.20000  peak_slope=5.658e-09  t_peak=54085118  comparison cadence=162255353  difference=0.18125  below=0/3
t=195484119  fraction=0.20000  peak_slope=5.658e-09  t_peak=54085118  comparison cadence=162255353  difference=0.18125  below=0/3
t=195837616  fraction=0.20000  peak_slope=5.658e-09  t_peak=54085118  comparison cadence=162255353  difference=0.18125  below=0/3
t=196191114  fraction=0.20000  peak_slope=5.658e-09  t_peak=54085118  comparison cadence=162255353  difference=0.18125  below=0/3
t=196544611  fraction=0.20000  peak_slope=5.658e-09  t_peak=54085118  comparison cadence=162255353  difference=0.18000  below=0/3
t=196898109  fraction=0.20000  peak_slope=5.658e-09  t_peak=54085118  comparison cadence=162255353  difference=0.18000  below=0/3
t=197251606  fraction=0.20125  peak_slope=5.658e-09  t_peak=54085118  comparison cadence=162255353  difference=0.18000  below=0/3
t=197605104  fraction=0.20125  peak_slope=5.658e-09  t_peak=54085118  comparison cadence=162255353  difference=0.17875  below=0/3
t=197958601  fraction=0.20125  peak_slope=5.658e-09  t_peak=54085118  comparison cadence=162255353  difference=0.17875  below=0/3
t=198312099  fraction=0.20125  peak_slope=5.658e-09  t_peak=54085118  comparison cadence=162255353  difference=0.17750  below=0/3
t=198665596  fraction=0.20250  peak_slope=5.658e-09  t_peak=54085118  comparison cadence=162255353  difference=0.17875  below=0/3
t=199019094  fraction=0.20250  peak_slope=5.658e-09  t_peak=54085118  comparison cadence=162255353  difference=0.17875  below=0/3
t=199372591  fraction=0.20250  peak_slope=5.658e-09  t_peak=54085118  comparison cadence=162255353  difference=0.17750  below=0/3
t=199726089  fraction=0.20250  peak_slope=5.658e-09  t_peak=54085118  comparison cadence=162255353  difference=0.17500  below=0/3
t=200079586  fraction=0.20250  peak_slope=5.658e-09  t_peak=54085118  comparison cadence=162255353  difference=0.17250  below=0/3
t=200433084  fraction=0.20250  peak_slope=5.658e-09  t_peak=54085118  comparison cadence=162255353  difference=0.17250  below=0/3
t=200786581  fraction=0.20250  peak_slope=5.658e-09  t_peak=54085118  comparison cadence=162255353  difference=0.17000  below=0/3
t=201140079  fraction=0.20250  peak_slope=5.658e-09  t_peak=54085118  comparison cadence=162255353  difference=0.17000  below=0/3
t=201493576  fraction=0.20250  peak_slope=5.658e-09  t_peak=54085118  comparison cadence=162255353  difference=0.16875  below=0/3
t=201847074  fraction=0.20250  peak_slope=5.658e-09  t_peak=54085118  comparison cadence=162255353  difference=0.16875  below=0/3
t=202200571  fraction=0.20250  peak_slope=5.658e-09  t_peak=54085118  comparison cadence=162255353  difference=0.16750  below=0/3
t=202554069  fraction=0.20250  peak_slope=5.658e-09  t_peak=54085118  comparison cadence=162255353  difference=0.16750  below=0/3
t=202907566  fraction=0.20250  peak_slope=5.658e-09  t_peak=54085118  comparison cadence=162255353  difference=0.16750  below=0/3
t=203261064  fraction=0.20250  peak_slope=5.658e-09  t_peak=54085118  comparison cadence=162255353  difference=0.16750  below=0/3
t=203614561  fraction=0.20375  peak_slope=5.658e-09  t_peak=54085118  comparison cadence=162255353  difference=0.16625  below=0/3
t=203968059  fraction=0.20375  peak_slope=5.658e-09  t_peak=54085118  comparison cadence=162255353  difference=0.16625  below=0/3
t=204321556  fraction=0.20375  peak_slope=5.658e-09  t_peak=54085118  comparison cadence=162255353  difference=0.16625  below=0/3
t=204675054  fraction=0.20375  peak_slope=5.658e-09  t_peak=54085118  comparison cadence=162255353  difference=0.16500  below=0/3
t=205028551  fraction=0.20375  peak_slope=5.658e-09  t_peak=54085118  comparison cadence=162255353  difference=0.16500  below=0/3
t=205382049  fraction=0.20375  peak_slope=5.658e-09  t_peak=54085118  comparison cadence=162255353  difference=0.16500  below=0/3
t=205735546  fraction=0.20375  peak_slope=5.658e-09  t_peak=54085118  comparison cadence=162255353  difference=0.16500  below=0/3
t=206089044  fraction=0.20375  peak_slope=5.658e-09  t_peak=54085118  comparison cadence=162255353  difference=0.16500  below=0/3
t=206442541  fraction=0.20375  peak_slope=5.658e-09  t_peak=54085118  comparison cadence=162255353  difference=0.16500  below=0/3
t=206796039  fraction=0.20375  peak_slope=5.658e-09  t_peak=54085118  comparison cadence=162255353  difference=0.16375  below=0/3
t=207149536  fraction=0.20375  peak_slope=5.658e-09  t_peak=54085118  comparison cadence=162255353  difference=0.16250  below=0/3
t=207503034  fraction=0.20375  peak_slope=5.658e-09  t_peak=54085118  comparison cadence=162255353  difference=0.16125  below=0/3
t=207856531  fraction=0.20375  peak_slope=5.658e-09  t_peak=54085118  comparison cadence=162255353  difference=0.16125  below=0/3
t=208210029  fraction=0.20500  peak_slope=5.658e-09  t_peak=54085118  comparison cadence=162255353  difference=0.16000  below=0/3
t=208563526  fraction=0.20500  peak_slope=5.658e-09  t_peak=54085118  comparison cadence=162255353  difference=0.16000  below=0/3
t=208917024  fraction=0.20500  peak_slope=5.658e-09  t_peak=54085118  comparison cadence=162255353  difference=0.16000  below=0/3
t=209270521  fraction=0.20500  peak_slope=5.658e-09  t_peak=54085118  comparison cadence=162255353  difference=0.16000  below=0/3
t=209624019  fraction=0.20500  peak_slope=5.658e-09  t_peak=54085118  comparison cadence=162255353  difference=0.16000  below=0/3
t=209977516  fraction=0.20500  peak_slope=5.658e-09  t_peak=54085118  comparison cadence=162255353  difference=0.15750  below=0/3
t=210331014  fraction=0.20500  peak_slope=5.658e-09  t_peak=54085118  comparison cadence=162255353  difference=0.15625  below=0/3
t=210684511  fraction=0.20500  peak_slope=5.658e-09  t_peak=54085118  comparison cadence=162255353  difference=0.15625  below=0/3
t=211038009  fraction=0.20500  peak_slope=5.658e-09  t_peak=54085118  comparison cadence=162255353  difference=0.15500  below=0/3
t=211391506  fraction=0.20500  peak_slope=5.658e-09  t_peak=54085118  comparison cadence=162255353  difference=0.15500  below=0/3
t=211745004  fraction=0.20625  peak_slope=5.658e-09  t_peak=54085118  comparison cadence=162255353  difference=0.15625  below=0/3
t=212098501  fraction=0.20625  peak_slope=5.658e-09  t_peak=54085118  comparison cadence=162255353  difference=0.15625  below=0/3
t=212451999  fraction=0.20625  peak_slope=5.658e-09  t_peak=54085118  comparison cadence=162255353  difference=0.15500  below=0/3
t=212805496  fraction=0.20625  peak_slope=5.658e-09  t_peak=54085118  comparison cadence=162255353  difference=0.15375  below=0/3
t=213158994  fraction=0.20625  peak_slope=5.658e-09  t_peak=54085118  comparison cadence=162255353  difference=0.15375  below=0/3
t=213512491  fraction=0.20625  peak_slope=5.658e-09  t_peak=54085118  comparison cadence=162255353  difference=0.15375  below=0/3
t=213865989  fraction=0.20625  peak_slope=5.658e-09  t_peak=54085118  comparison cadence=162255353  difference=0.15375  below=0/3
t=214219486  fraction=0.20625  peak_slope=5.658e-09  t_peak=54085118  comparison cadence=162255353  difference=0.15375  below=0/3
t=214572984  fraction=0.20625  peak_slope=5.658e-09  t_peak=54085118  comparison cadence=162255353  difference=0.15375  below=0/3
t=214926481  fraction=0.20625  peak_slope=5.658e-09  t_peak=54085118  comparison cadence=162255353  difference=0.15125  below=0/3
t=215279979  fraction=0.20625  peak_slope=5.658e-09  t_peak=54085118  comparison cadence=162255353  difference=0.15000  below=0/3
t=215633476  fraction=0.20625  peak_slope=5.658e-09  t_peak=54085118  comparison cadence=162255353  difference=0.14750  below=0/3
t=215986974  fraction=0.20625  peak_slope=5.658e-09  t_peak=54085118  comparison cadence=162255353  difference=0.14500  below=0/3
t=216340471  fraction=0.20625  peak_slope=5.658e-09  t_peak=54085118  comparison cadence=162255353  difference=0.14375  below=0/3
t=216693969  fraction=0.20625  peak_slope=5.658e-09  t_peak=54085118  comparison cadence=162255353  difference=0.14375  below=0/3
t=217047466  fraction=0.20625  peak_slope=5.658e-09  t_peak=54085118  comparison cadence=162255353  difference=0.14375  below=0/3
t=217400964  fraction=0.20625  peak_slope=5.658e-09  t_peak=54085118  comparison cadence=162255353  difference=0.14375  below=0/3
t=217754461  fraction=0.20625  peak_slope=5.658e-09  t_peak=54085118  comparison cadence=162255353  difference=0.14375  below=0/3
t=218107959  fraction=0.20625  peak_slope=5.658e-09  t_peak=54085118  comparison cadence=162255353  difference=0.14375  below=0/3
t=218461456  fraction=0.20625  peak_slope=5.658e-09  t_peak=54085118  comparison cadence=162255353  difference=0.14250  below=0/3
t=218814954  fraction=0.20625  peak_slope=5.658e-09  t_peak=54085118  comparison cadence=162255353  difference=0.14125  below=0/3
t=219168451  fraction=0.20625  peak_slope=5.658e-09  t_peak=54085118  comparison cadence=162255353  difference=0.14125  below=0/3
t=219521949  fraction=0.20625  peak_slope=5.658e-09  t_peak=54085118  comparison cadence=162255353  difference=0.14125  below=0/3
t=219875446  fraction=0.20625  peak_slope=5.658e-09  t_peak=54085118  comparison cadence=162255353  difference=0.14125  below=0/3
t=220228944  fraction=0.20625  peak_slope=5.658e-09  t_peak=54085118  comparison cadence=162255353  difference=0.14125  below=0/3
t=220582441  fraction=0.20750  peak_slope=5.658e-09  t_peak=54085118  comparison cadence=162255353  difference=0.14250  below=0/3
t=220935939  fraction=0.20750  peak_slope=5.658e-09  t_peak=54085118  comparison cadence=162255353  difference=0.14125  below=0/3
t=221289436  fraction=0.20750  peak_slope=5.658e-09  t_peak=54085118  comparison cadence=162255353  difference=0.14000  below=0/3
t=221642934  fraction=0.20750  peak_slope=5.658e-09  t_peak=54085118  comparison cadence=162255353  difference=0.14000  below=0/3
t=221996431  fraction=0.20750  peak_slope=5.658e-09  t_peak=54085118  comparison cadence=162255353  difference=0.14000  below=0/3
t=222349929  fraction=0.20750  peak_slope=5.658e-09  t_peak=54085118  comparison cadence=162255353  difference=0.14000  below=0/3
t=222703426  fraction=0.20750  peak_slope=5.658e-09  t_peak=54085118  comparison cadence=162255353  difference=0.14000  below=0/3
t=223056924  fraction=0.20750  peak_slope=5.658e-09  t_peak=54085118  comparison cadence=162255353  difference=0.14000  below=0/3
t=223410421  fraction=0.20750  peak_slope=5.658e-09  t_peak=54085118  comparison cadence=162255353  difference=0.13750  below=0/3
t=223763919  fraction=0.20750  peak_slope=5.658e-09  t_peak=54085118  comparison cadence=162255353  difference=0.13750  below=0/3
t=224117416  fraction=0.20750  peak_slope=5.658e-09  t_peak=54085118  comparison cadence=162255353  difference=0.13750  below=0/3
t=224470914  fraction=0.20750  peak_slope=5.658e-09  t_peak=54085118  comparison cadence=162255353  difference=0.13625  below=0/3
t=224824411  fraction=0.20750  peak_slope=5.658e-09  t_peak=54085118  comparison cadence=162255353  difference=0.13625  below=0/3
t=225177909  fraction=0.20750  peak_slope=5.658e-09  t_peak=54085118  comparison cadence=162255353  difference=0.13500  below=0/3
t=225531406  fraction=0.20750  peak_slope=5.658e-09  t_peak=54085118  comparison cadence=162255353  difference=0.13500  below=0/3
t=225884904  fraction=0.20750  peak_slope=5.658e-09  t_peak=54085118  comparison cadence=162255353  difference=0.13375  below=0/3
t=226238401  fraction=0.20750  peak_slope=5.658e-09  t_peak=54085118  comparison cadence=162255353  difference=0.13250  below=0/3
t=226591899  fraction=0.20750  peak_slope=5.658e-09  t_peak=54085118  comparison cadence=162255353  difference=0.13000  below=0/3
t=226945396  fraction=0.20750  peak_slope=5.658e-09  t_peak=54085118  comparison cadence=162255353  difference=0.13000  below=0/3
t=227298894  fraction=0.20750  peak_slope=5.658e-09  t_peak=54085118  comparison cadence=162255353  difference=0.13000  below=0/3
t=227652391  fraction=0.20750  peak_slope=5.658e-09  t_peak=54085118  comparison cadence=162255353  difference=0.13000  below=0/3
t=228005889  fraction=0.20750  peak_slope=5.658e-09  t_peak=54085118  comparison cadence=162255353  difference=0.13000  below=0/3
t=228359386  fraction=0.20750  peak_slope=5.658e-09  t_peak=54085118  comparison cadence=162255353  difference=0.12750  below=0/3
t=228712884  fraction=0.20750  peak_slope=5.658e-09  t_peak=54085118  comparison cadence=162255353  difference=0.12625  below=0/3
t=229066381  fraction=0.20750  peak_slope=5.658e-09  t_peak=54085118  comparison cadence=162255353  difference=0.12625  below=0/3
t=229419879  fraction=0.20750  peak_slope=5.658e-09  t_peak=54085118  comparison cadence=162255353  difference=0.12500  below=0/3
t=229773376  fraction=0.20750  peak_slope=5.658e-09  t_peak=54085118  comparison cadence=162255353  difference=0.12375  below=0/3
t=230126874  fraction=0.20750  peak_slope=5.658e-09  t_peak=54085118  comparison cadence=162255353  difference=0.12250  below=0/3
t=230480371  fraction=0.20750  peak_slope=5.658e-09  t_peak=54085118  comparison cadence=162255353  difference=0.12250  below=0/3
t=230833869  fraction=0.20750  peak_slope=5.658e-09  t_peak=54085118  comparison cadence=162255353  difference=0.12125  below=0/3
t=231187366  fraction=0.20750  peak_slope=5.658e-09  t_peak=54085118  comparison cadence=162255353  difference=0.11875  below=0/3
t=231540864  fraction=0.20750  peak_slope=5.658e-09  t_peak=54085118  comparison cadence=162255353  difference=0.11625  below=0/3
t=231894361  fraction=0.20750  peak_slope=5.658e-09  t_peak=54085118  comparison cadence=162255353  difference=0.11625  below=0/3
t=232247859  fraction=0.20750  peak_slope=5.658e-09  t_peak=54085118  comparison cadence=162255353  difference=0.11500  below=0/3
t=232601356  fraction=0.20750  peak_slope=5.658e-09  t_peak=54085118  comparison cadence=162255353  difference=0.11500  below=0/3
t=232954854  fraction=0.20750  peak_slope=5.658e-09  t_peak=54085118  comparison cadence=162255353  difference=0.11375  below=0/3
t=233308351  fraction=0.20750  peak_slope=5.658e-09  t_peak=54085118  comparison cadence=162255353  difference=0.11375  below=0/3
t=233661849  fraction=0.20875  peak_slope=5.658e-09  t_peak=54085118  comparison cadence=162255353  difference=0.11500  below=0/3
t=234015346  fraction=0.20875  peak_slope=5.658e-09  t_peak=54085118  comparison cadence=162255353  difference=0.11500  below=0/3
t=234368844  fraction=0.20875  peak_slope=5.658e-09  t_peak=54085118  comparison cadence=162255353  difference=0.11375  below=0/3
t=234722341  fraction=0.21000  peak_slope=5.658e-09  t_peak=54085118  comparison cadence=162255353  difference=0.11500  below=0/3
t=235075839  fraction=0.21000  peak_slope=5.658e-09  t_peak=54085118  comparison cadence=162255353  difference=0.11500  below=0/3
t=235429336  fraction=0.21125  peak_slope=5.658e-09  t_peak=54085118  comparison cadence=162255353  difference=0.11500  below=0/3
t=235782834  fraction=0.21125  peak_slope=5.658e-09  t_peak=54085118  comparison cadence=162255353  difference=0.11500  below=0/3
t=236136331  fraction=0.21125  peak_slope=5.658e-09  t_peak=54085118  comparison cadence=162255353  difference=0.11500  below=0/3
t=236489829  fraction=0.21125  peak_slope=5.658e-09  t_peak=54085118  comparison cadence=162255353  difference=0.11375  below=0/3
t=236843326  fraction=0.21125  peak_slope=5.658e-09  t_peak=54085118  comparison cadence=162255353  difference=0.11250  below=0/3
t=237196824  fraction=0.21125  peak_slope=5.658e-09  t_peak=54085118  comparison cadence=162255353  difference=0.11125  below=0/3
t=237550321  fraction=0.21125  peak_slope=5.658e-09  t_peak=54085118  comparison cadence=162255353  difference=0.11125  below=0/3
t=237903819  fraction=0.21125  peak_slope=5.658e-09  t_peak=54085118  comparison cadence=162255353  difference=0.11125  below=0/3
t=238257316  fraction=0.21125  peak_slope=5.658e-09  t_peak=54085118  comparison cadence=162255353  difference=0.11000  below=0/3
t=238610814  fraction=0.21125  peak_slope=5.658e-09  t_peak=54085118  comparison cadence=162255353  difference=0.11000  below=0/3
t=238964311  fraction=0.21125  peak_slope=5.658e-09  t_peak=54085118  comparison cadence=162255353  difference=0.11000  below=0/3
t=239317809  fraction=0.21125  peak_slope=5.658e-09  t_peak=54085118  comparison cadence=162255353  difference=0.11000  below=0/3
t=239671306  fraction=0.21125  peak_slope=5.658e-09  t_peak=54085118  comparison cadence=162255353  difference=0.11000  below=0/3
t=240024804  fraction=0.21250  peak_slope=5.658e-09  t_peak=54085118  comparison cadence=162255353  difference=0.11000  below=0/3
t=240378301  fraction=0.21250  peak_slope=5.658e-09  t_peak=54085118  comparison cadence=162255353  difference=0.11000  below=0/3
t=240731799  fraction=0.21250  peak_slope=5.658e-09  t_peak=54085118  comparison cadence=162255353  difference=0.11000  below=0/3
t=241085296  fraction=0.21250  peak_slope=5.658e-09  t_peak=54085118  comparison cadence=162255353  difference=0.11000  below=0/3
t=241438794  fraction=0.21250  peak_slope=5.658e-09  t_peak=54085118  comparison cadence=162255353  difference=0.11000  below=0/3
t=241792291  fraction=0.21250  peak_slope=5.658e-09  t_peak=54085118  comparison cadence=162255353  difference=0.11000  below=0/3
t=242145789  fraction=0.21250  peak_slope=5.658e-09  t_peak=54085118  comparison cadence=162255353  difference=0.11000  below=0/3
t=242499286  fraction=0.21250  peak_slope=5.658e-09  t_peak=54085118  comparison cadence=162255353  difference=0.10625  below=0/3
t=242852784  fraction=0.21250  peak_slope=5.658e-09  t_peak=54085118  comparison cadence=162255353  difference=0.10500  below=0/3
t=243206281  fraction=0.21250  peak_slope=5.658e-09  t_peak=54085118  comparison cadence=162255353  difference=0.10500  below=0/3
t=243559779  fraction=0.21375  peak_slope=5.658e-09  t_peak=54085118  comparison cadence=162255353  difference=0.10625  below=0/3
t=243913276  fraction=0.21375  peak_slope=5.658e-09  t_peak=54085118  comparison cadence=162255353  difference=0.10500  below=0/3
t=244266774  fraction=0.21375  peak_slope=5.658e-09  t_peak=54085118  comparison cadence=162255353  difference=0.10500  below=0/3
t=244620271  fraction=0.21375  peak_slope=5.658e-09  t_peak=54085118  comparison cadence=162255353  difference=0.10375  below=0/3
t=244973769  fraction=0.21375  peak_slope=5.658e-09  t_peak=54085118  comparison cadence=162255353  difference=0.10375  below=0/3
t=245327266  fraction=0.21375  peak_slope=5.658e-09  t_peak=54085118  comparison cadence=162255353  difference=0.10375  below=0/3
t=245680764  fraction=0.21375  peak_slope=5.658e-09  t_peak=54085118  comparison cadence=162255353  difference=0.10375  below=0/3
t=246034261  fraction=0.21375  peak_slope=5.658e-09  t_peak=54085118  comparison cadence=162255353  difference=0.10375  below=0/3
t=246387759  fraction=0.21375  peak_slope=5.658e-09  t_peak=54085118  comparison cadence=162255353  difference=0.10375  below=0/3
t=246741256  fraction=0.21375  peak_slope=5.658e-09  t_peak=54085118  comparison cadence=162255353  difference=0.10250  below=0/3
t=247094754  fraction=0.21375  peak_slope=5.658e-09  t_peak=54085118  comparison cadence=162255353  difference=0.10000  below=0/3
t=247448252  fraction=0.21375  peak_slope=5.658e-09  t_peak=54085118  comparison cadence=162255353  difference=0.10000  below=0/3
t=247801749  fraction=0.21375  peak_slope=5.658e-09  t_peak=54085118  comparison cadence=162255353  difference=0.09750  below=0/3
t=248155247  fraction=0.21500  peak_slope=5.658e-09  t_peak=54085118  comparison cadence=162255353  difference=0.09875  below=0/3
t=248508744  fraction=0.21500  peak_slope=5.658e-09  t_peak=54085118  comparison cadence=162255353  difference=0.09875  below=0/3
t=248862242  fraction=0.21500  peak_slope=5.658e-09  t_peak=54085118  comparison cadence=162255353  difference=0.09875  below=0/3
t=249215739  fraction=0.21500  peak_slope=5.658e-09  t_peak=54085118  comparison cadence=162255353  difference=0.09500  below=0/3
t=249569237  fraction=0.21500  peak_slope=5.658e-09  t_peak=54085118  comparison cadence=162255353  difference=0.09375  below=0/3
t=249922734  fraction=0.21500  peak_slope=5.658e-09  t_peak=54085118  comparison cadence=162255353  difference=0.09375  below=0/3
t=250276232  fraction=0.21500  peak_slope=5.658e-09  t_peak=54085118  comparison cadence=162255353  difference=0.09375  below=0/3
t=250629729  fraction=0.21500  peak_slope=5.658e-09  t_peak=54085118  comparison cadence=162255353  difference=0.09375  below=0/3
t=250983227  fraction=0.21500  peak_slope=5.658e-09  t_peak=54085118  comparison cadence=162255353  difference=0.09375  below=0/3
t=251336724  fraction=0.21500  peak_slope=5.658e-09  t_peak=54085118  comparison cadence=162255353  difference=0.09375  below=0/3
t=251690222  fraction=0.21500  peak_slope=5.658e-09  t_peak=54085118  comparison cadence=162255353  difference=0.09375  below=0/3
t=252043719  fraction=0.21500  peak_slope=5.658e-09  t_peak=54085118  comparison cadence=162255353  difference=0.09250  below=0/3
t=252397217  fraction=0.21500  peak_slope=5.658e-09  t_peak=54085118  comparison cadence=162255353  difference=0.09250  below=0/3
t=252750714  fraction=0.21500  peak_slope=5.658e-09  t_peak=54085118  comparison cadence=162255353  difference=0.09125  below=0/3
t=253104212  fraction=0.21500  peak_slope=5.658e-09  t_peak=54085118  comparison cadence=162255353  difference=0.09125  below=0/3
t=253457709  fraction=0.21500  peak_slope=5.658e-09  t_peak=54085118  comparison cadence=162255353  difference=0.09125  below=0/3
t=253811207  fraction=0.21500  peak_slope=5.658e-09  t_peak=54085118  comparison cadence=162255353  difference=0.09125  below=0/3
t=254164704  fraction=0.21500  peak_slope=5.658e-09  t_peak=54085118  comparison cadence=162255353  difference=0.09125  below=0/3
t=254518202  fraction=0.21500  peak_slope=5.658e-09  t_peak=54085118  comparison cadence=162255353  difference=0.09125  below=0/3
t=254871699  fraction=0.21500  peak_slope=5.658e-09  t_peak=54085118  comparison cadence=162255353  difference=0.09125  below=0/3
t=255225197  fraction=0.21500  peak_slope=5.658e-09  t_peak=54085118  comparison cadence=162255353  difference=0.09125  below=0/3
t=255578694  fraction=0.21500  peak_slope=5.658e-09  t_peak=54085118  comparison cadence=162255353  difference=0.09125  below=0/3
t=255932192  fraction=0.21500  peak_slope=5.658e-09  t_peak=54085118  comparison cadence=162255353  difference=0.08875  below=0/3
t=256285689  fraction=0.21500  peak_slope=5.658e-09  t_peak=54085118  comparison cadence=162255353  difference=0.08875  below=0/3
t=256639187  fraction=0.21500  peak_slope=5.658e-09  t_peak=54085118  comparison cadence=162255353  difference=0.08625  below=0/3
t=256992684  fraction=0.21500  peak_slope=5.658e-09  t_peak=54085118  comparison cadence=162255353  difference=0.08625  below=0/3
t=257346182  fraction=0.21500  peak_slope=5.658e-09  t_peak=54085118  comparison cadence=162255353  difference=0.08625  below=0/3
t=257699679  fraction=0.21500  peak_slope=5.658e-09  t_peak=54085118  comparison cadence=162255353  difference=0.08500  below=0/3
t=258053177  fraction=0.21500  peak_slope=5.658e-09  t_peak=54085118  comparison cadence=162255353  difference=0.08250  below=0/3
t=258406674  fraction=0.21500  peak_slope=5.658e-09  t_peak=54085118  comparison cadence=162255353  difference=0.08000  below=0/3
t=258760172  fraction=0.21500  peak_slope=5.658e-09  t_peak=54085118  comparison cadence=162255353  difference=0.08000  below=0/3
t=259113669  fraction=0.21500  peak_slope=5.658e-09  t_peak=54085118  comparison cadence=162255353  difference=0.07875  below=0/3
t=259467167  fraction=0.21500  peak_slope=5.658e-09  t_peak=54085118  comparison cadence=162255353  difference=0.07875  below=0/3
t=259820664  fraction=0.21500  peak_slope=5.658e-09  t_peak=54085118  comparison cadence=162255353  difference=0.07875  below=0/3
t=260174162  fraction=0.21500  peak_slope=5.658e-09  t_peak=54085118  comparison cadence=162255353  difference=0.07750  below=0/3
t=260527659  fraction=0.21500  peak_slope=5.658e-09  t_peak=54085118  comparison cadence=162255353  difference=0.07625  below=0/3
t=260881157  fraction=0.21625  peak_slope=5.658e-09  t_peak=54085118  comparison cadence=162255353  difference=0.07750  below=0/3
t=261234654  fraction=0.21625  peak_slope=5.658e-09  t_peak=54085118  comparison cadence=162255353  difference=0.07750  below=0/3
t=261588152  fraction=0.21625  peak_slope=5.658e-09  t_peak=54085118  comparison cadence=162255353  difference=0.07625  below=0/3
t=261941649  fraction=0.21625  peak_slope=5.658e-09  t_peak=54085118  comparison cadence=162255353  difference=0.07500  below=0/3
t=262295147  fraction=0.21625  peak_slope=5.658e-09  t_peak=54085118  comparison cadence=162255353  difference=0.07500  below=0/3
t=262648644  fraction=0.21625  peak_slope=5.658e-09  t_peak=54085118  comparison cadence=162255353  difference=0.07500  below=0/3
t=263002142  fraction=0.21625  peak_slope=5.658e-09  t_peak=54085118  comparison cadence=162255353  difference=0.07500  below=0/3
t=263355639  fraction=0.21625  peak_slope=5.658e-09  t_peak=54085118  comparison cadence=162255353  difference=0.07375  below=0/3
t=263709137  fraction=0.21625  peak_slope=5.658e-09  t_peak=54085118  comparison cadence=162255353  difference=0.07375  below=0/3
t=264062634  fraction=0.21625  peak_slope=5.658e-09  t_peak=54085118  comparison cadence=162255353  difference=0.07375  below=0/3
t=264416132  fraction=0.21625  peak_slope=5.658e-09  t_peak=54085118  comparison cadence=162255353  difference=0.07375  below=0/3
t=264769629  fraction=0.21625  peak_slope=5.658e-09  t_peak=54085118  comparison cadence=162255353  difference=0.07375  below=0/3
t=265123127  fraction=0.21625  peak_slope=5.658e-09  t_peak=54085118  comparison cadence=162255353  difference=0.07375  below=0/3
t=265476624  fraction=0.21625  peak_slope=5.658e-09  t_peak=54085118  comparison cadence=162255353  difference=0.07375  below=0/3
t=265830122  fraction=0.21625  peak_slope=5.658e-09  t_peak=54085118  comparison cadence=162255353  difference=0.07375  below=0/3
t=266183619  fraction=0.21625  peak_slope=5.658e-09  t_peak=54085118  comparison cadence=162255353  difference=0.07375  below=0/3
t=266537117  fraction=0.21625  peak_slope=5.658e-09  t_peak=54085118  comparison cadence=162255353  difference=0.07375  below=0/3
t=266890614  fraction=0.21625  peak_slope=5.658e-09  t_peak=54085118  comparison cadence=162255353  difference=0.07375  below=0/3
t=267244112  fraction=0.21625  peak_slope=5.658e-09  t_peak=54085118  comparison cadence=162255353  difference=0.07125  below=0/3
t=267597609  fraction=0.21625  peak_slope=5.658e-09  t_peak=54085118  comparison cadence=162255353  difference=0.07125  below=0/3
t=267951107  fraction=0.21625  peak_slope=5.658e-09  t_peak=54085118  comparison cadence=162255353  difference=0.07125  below=0/3
t=268304604  fraction=0.21625  peak_slope=5.658e-09  t_peak=54085118  comparison cadence=162255353  difference=0.07125  below=0/3
t=268658102  fraction=0.21625  peak_slope=5.658e-09  t_peak=54085118  comparison cadence=162255353  difference=0.07125  below=0/3
t=269011599  fraction=0.21625  peak_slope=5.658e-09  t_peak=54085118  comparison cadence=162255353  difference=0.07125  below=0/3
t=269365097  fraction=0.21750  peak_slope=5.658e-09  t_peak=54085118  comparison cadence=162255353  difference=0.07125  below=0/3
t=269718594  fraction=0.21750  peak_slope=5.658e-09  t_peak=54085118  comparison cadence=162255353  difference=0.07000  below=0/3
t=270072092  fraction=0.21750  peak_slope=5.658e-09  t_peak=54085118  comparison cadence=162255353  difference=0.07000  below=0/3
t=270425589  fraction=0.21750  peak_slope=5.658e-09  t_peak=54085118  comparison cadence=162255353  difference=0.07000  below=0/3
t=270779087  fraction=0.21750  peak_slope=5.658e-09  t_peak=54085118  comparison cadence=162255353  difference=0.07000  below=0/3
t=271132584  fraction=0.21750  peak_slope=5.658e-09  t_peak=54085118  comparison cadence=162255353  difference=0.07000  below=0/3
t=271486082  fraction=0.21750  peak_slope=5.658e-09  t_peak=54085118  comparison cadence=162255353  difference=0.07000  below=0/3
t=271839579  fraction=0.21750  peak_slope=5.658e-09  t_peak=54085118  comparison cadence=162255353  difference=0.07000  below=0/3
t=272193077  fraction=0.21750  peak_slope=5.658e-09  t_peak=54085118  comparison cadence=162255353  difference=0.07000  below=0/3
t=272546574  fraction=0.21750  peak_slope=5.658e-09  t_peak=54085118  comparison cadence=162255353  difference=0.07000  below=0/3
t=272900072  fraction=0.21750  peak_slope=5.658e-09  t_peak=54085118  comparison cadence=162255353  difference=0.06875  below=0/3
t=273253569  fraction=0.21750  peak_slope=5.658e-09  t_peak=54085118  comparison cadence=162255353  difference=0.06875  below=0/3
t=273607067  fraction=0.21750  peak_slope=5.658e-09  t_peak=54085118  comparison cadence=162255353  difference=0.06750  below=0/3
t=273960564  fraction=0.21750  peak_slope=5.658e-09  t_peak=54085118  comparison cadence=162255353  difference=0.06750  below=0/3
t=274314062  fraction=0.21750  peak_slope=5.658e-09  t_peak=54085118  comparison cadence=162255353  difference=0.06750  below=0/3
t=274667559  fraction=0.21750  peak_slope=5.658e-09  t_peak=54085118  comparison cadence=162255353  difference=0.06750  below=0/3
t=275021057  fraction=0.21750  peak_slope=5.658e-09  t_peak=54085118  comparison cadence=162255353  difference=0.06750  below=0/3
t=275374554  fraction=0.21750  peak_slope=5.658e-09  t_peak=54085118  comparison cadence=162255353  difference=0.06750  below=0/3
t=275728052  fraction=0.21750  peak_slope=5.658e-09  t_peak=54085118  comparison cadence=162255353  difference=0.06250  below=0/3
t=276081549  fraction=0.21750  peak_slope=5.658e-09  t_peak=54085118  comparison cadence=162255353  difference=0.06000  below=0/3
t=276435047  fraction=0.21750  peak_slope=5.658e-09  t_peak=54085118  comparison cadence=162255353  difference=0.06000  below=0/3
t=276788544  fraction=0.21750  peak_slope=5.658e-09  t_peak=54085118  comparison cadence=162255353  difference=0.05875  below=0/3
t=277142042  fraction=0.21750  peak_slope=5.658e-09  t_peak=54085118  comparison cadence=162255353  difference=0.05875  below=0/3
t=277495539  fraction=0.21750  peak_slope=5.658e-09  t_peak=54085118  comparison cadence=162255353  difference=0.05875  below=0/3
t=277849037  fraction=0.21750  peak_slope=5.658e-09  t_peak=54085118  comparison cadence=162255353  difference=0.05625  below=0/3
t=278202534  fraction=0.21750  peak_slope=5.658e-09  t_peak=54085118  comparison cadence=162255353  difference=0.05625  below=0/3
t=278556032  fraction=0.21750  peak_slope=5.658e-09  t_peak=54085118  comparison cadence=162255353  difference=0.05500  below=0/3
t=278909529  fraction=0.21750  peak_slope=5.658e-09  t_peak=54085118  comparison cadence=162255353  difference=0.05500  below=0/3
t=279263027  fraction=0.21750  peak_slope=5.658e-09  t_peak=54085118  comparison cadence=162255353  difference=0.05500  below=0/3
t=279616524  fraction=0.21750  peak_slope=5.658e-09  t_peak=54085118  comparison cadence=162255353  difference=0.05500  below=0/3
t=279970022  fraction=0.21750  peak_slope=5.658e-09  t_peak=54085118  comparison cadence=162255353  difference=0.05500  below=0/3
t=280323519  fraction=0.21750  peak_slope=5.658e-09  t_peak=54085118  comparison cadence=162255353  difference=0.05500  below=0/3
t=280677017  fraction=0.21750  peak_slope=5.658e-09  t_peak=54085118  comparison cadence=162255353  difference=0.05500  below=0/3
t=281030514  fraction=0.21750  peak_slope=5.658e-09  t_peak=54085118  comparison cadence=162255353  difference=0.05500  below=0/3
t=281384012  fraction=0.21750  peak_slope=5.658e-09  t_peak=54085118  comparison cadence=162255353  difference=0.05500  below=0/3
t=281737509  fraction=0.21750  peak_slope=5.658e-09  t_peak=54085118  comparison cadence=162255353  difference=0.05500  below=0/3
t=282091007  fraction=0.21750  peak_slope=5.658e-09  t_peak=54085118  comparison cadence=162255353  difference=0.05375  below=0/3
t=282444504  fraction=0.21750  peak_slope=5.658e-09  t_peak=54085118  comparison cadence=162255353  difference=0.05375  below=0/3
t=282798002  fraction=0.21750  peak_slope=5.658e-09  t_peak=54085118  comparison cadence=162255353  difference=0.05375  below=0/3
t=283151499  fraction=0.21750  peak_slope=5.658e-09  t_peak=54085118  comparison cadence=162255353  difference=0.05250  below=0/3
t=283504997  fraction=0.21750  peak_slope=5.658e-09  t_peak=54085118  comparison cadence=162255353  difference=0.05250  below=0/3
t=283858494  fraction=0.21750  peak_slope=5.658e-09  t_peak=54085118  comparison cadence=162255353  difference=0.05250  below=0/3
t=284211992  fraction=0.21750  peak_slope=5.658e-09  t_peak=54085118  comparison cadence=162255353  difference=0.05250  below=0/3
t=284565489  fraction=0.21750  peak_slope=5.658e-09  t_peak=54085118  comparison cadence=162255353  difference=0.05250  below=0/3
t=284918987  fraction=0.21750  peak_slope=5.658e-09  t_peak=54085118  comparison cadence=162255353  difference=0.05250  below=0/3
t=285272484  fraction=0.21750  peak_slope=5.658e-09  t_peak=54085118  comparison cadence=162255353  difference=0.05250  below=0/3
t=285625982  fraction=0.21750  peak_slope=5.658e-09  t_peak=54085118  comparison cadence=162255353  difference=0.05250  below=0/3
t=285979479  fraction=0.21750  peak_slope=5.658e-09  t_peak=54085118  comparison cadence=162255353  difference=0.05250  below=0/3
t=286332977  fraction=0.21750  peak_slope=5.658e-09  t_peak=54085118  comparison cadence=162255353  difference=0.05125  below=0/3
t=286686474  fraction=0.21750  peak_slope=5.658e-09  t_peak=54085118  comparison cadence=162255353  difference=0.05125  below=0/3
t=287039972  fraction=0.21750  peak_slope=5.658e-09  t_peak=54085118  comparison cadence=162255353  difference=0.05125  below=0/3
t=287393469  fraction=0.21750  peak_slope=5.658e-09  t_peak=54085118  comparison cadence=162255353  difference=0.05125  below=0/3
t=287746967  fraction=0.21750  peak_slope=5.658e-09  t_peak=54085118  comparison cadence=162255353  difference=0.05125  below=0/3
t=288100464  fraction=0.21750  peak_slope=5.658e-09  t_peak=54085118  comparison cadence=162255353  difference=0.05000  below=0/3
t=288453962  fraction=0.21750  peak_slope=5.658e-09  t_peak=54085118  comparison cadence=162255353  difference=0.05000  below=0/3
t=288807459  fraction=0.21750  peak_slope=5.658e-09  t_peak=54085118  comparison cadence=162255353  difference=0.05000  below=0/3
t=289160957  fraction=0.21750  peak_slope=5.658e-09  t_peak=54085118  comparison cadence=162255353  difference=0.04875  below=0/3
t=289514454  fraction=0.21750  peak_slope=5.658e-09  t_peak=54085118  comparison cadence=162255353  difference=0.04875  below=0/3
t=289867952  fraction=0.21750  peak_slope=5.658e-09  t_peak=54085118  comparison cadence=162255353  difference=0.04875  below=0/3
t=290221449  fraction=0.21750  peak_slope=5.658e-09  t_peak=54085118  comparison cadence=162255353  difference=0.04875  below=0/3
t=290574947  fraction=0.21750  peak_slope=5.658e-09  t_peak=54085118  comparison cadence=162255353  difference=0.04875  below=0/3
t=290928444  fraction=0.21750  peak_slope=5.658e-09  t_peak=54085118  comparison cadence=162255353  difference=0.04875  below=0/3
t=291281942  fraction=0.21750  peak_slope=5.658e-09  t_peak=54085118  comparison cadence=162255353  difference=0.04750  below=0/3
t=291635439  fraction=0.21875  peak_slope=5.658e-09  t_peak=54085118  comparison cadence=162255353  difference=0.04875  below=0/3
t=291988937  fraction=0.21875  peak_slope=5.658e-09  t_peak=54085118  comparison cadence=162255353  difference=0.04875  below=0/3
t=292342434  fraction=0.21875  peak_slope=5.658e-09  t_peak=54085118  comparison cadence=162255353  difference=0.04875  below=0/3
t=292695932  fraction=0.21875  peak_slope=5.658e-09  t_peak=54085118  comparison cadence=162255353  difference=0.04875  below=0/3
t=293049429  fraction=0.21875  peak_slope=5.658e-09  t_peak=54085118  comparison cadence=162255353  difference=0.04875  below=0/3
t=293402927  fraction=0.21875  peak_slope=5.658e-09  t_peak=54085118  comparison cadence=162255353  difference=0.04875  below=0/3
t=293756424  fraction=0.21875  peak_slope=5.658e-09  t_peak=54085118  comparison cadence=162255353  difference=0.04875  below=0/3
t=294109922  fraction=0.21875  peak_slope=5.658e-09  t_peak=54085118  comparison cadence=162255353  difference=0.04875  below=0/3
t=294463419  fraction=0.21875  peak_slope=5.658e-09  t_peak=54085118  comparison cadence=162255353  difference=0.04750  below=0/3
t=294816917  fraction=0.21875  peak_slope=5.658e-09  t_peak=54085118  comparison cadence=162255353  difference=0.04750  below=0/3
t=295170414  fraction=0.21875  peak_slope=5.658e-09  t_peak=54085118  comparison cadence=162255353  difference=0.04750  below=0/3
t=295523912  fraction=0.21875  peak_slope=5.658e-09  t_peak=54085118  comparison cadence=162255353  difference=0.04750  below=0/3
t=295877409  fraction=0.21875  peak_slope=5.658e-09  t_peak=54085118  comparison cadence=162255353  difference=0.04625  below=0/3
t=296230907  fraction=0.21875  peak_slope=5.658e-09  t_peak=54085118  comparison cadence=162255353  difference=0.04500  below=0/3
t=296584404  fraction=0.21875  peak_slope=5.658e-09  t_peak=54085118  comparison cadence=162255353  difference=0.04375  below=0/3
t=296937902  fraction=0.21875  peak_slope=5.658e-09  t_peak=54085118  comparison cadence=162255353  difference=0.04375  below=0/3
t=297291399  fraction=0.21875  peak_slope=5.658e-09  t_peak=54085118  comparison cadence=162255353  difference=0.04375  below=0/3
t=297644897  fraction=0.21875  peak_slope=5.658e-09  t_peak=54085118  comparison cadence=162255353  difference=0.04375  below=0/3
t=297998394  fraction=0.21875  peak_slope=5.658e-09  t_peak=54085118  comparison cadence=162255353  difference=0.04375  below=0/3
t=298351892  fraction=0.21875  peak_slope=5.658e-09  t_peak=54085118  comparison cadence=162255353  difference=0.04375  below=0/3
t=298705389  fraction=0.21875  peak_slope=5.658e-09  t_peak=54085118  comparison cadence=162255353  difference=0.04375  below=0/3
t=299058887  fraction=0.21875  peak_slope=5.658e-09  t_peak=54085118  comparison cadence=162255353  difference=0.04375  below=0/3
t=299412384  fraction=0.21875  peak_slope=5.658e-09  t_peak=54085118  comparison cadence=162255353  difference=0.04375  below=0/3
t=299765882  fraction=0.21875  peak_slope=5.658e-09  t_peak=54085118  comparison cadence=162255353  difference=0.04375  below=0/3
t=300119379  fraction=0.21875  peak_slope=5.658e-09  t_peak=54085118  comparison cadence=162255353  difference=0.04375  below=0/3
t=300472877  fraction=0.21875  peak_slope=5.658e-09  t_peak=54085118  comparison cadence=162255353  difference=0.04250  below=0/3
t=300826374  fraction=0.21875  peak_slope=5.658e-09  t_peak=54085118  comparison cadence=162255353  difference=0.04250  below=0/3
t=301179872  fraction=0.21875  peak_slope=5.658e-09  t_peak=54085118  comparison cadence=162255353  difference=0.04250  below=0/3
t=301533369  fraction=0.21875  peak_slope=5.658e-09  t_peak=54085118  comparison cadence=162255353  difference=0.04250  below=0/3
t=301886867  fraction=0.21875  peak_slope=5.658e-09  t_peak=54085118  comparison cadence=162255353  difference=0.04125  below=0/3
t=302240364  fraction=0.21875  peak_slope=5.658e-09  t_peak=54085118  comparison cadence=162255353  difference=0.04125  below=0/3
t=302593862  fraction=0.21875  peak_slope=5.658e-09  t_peak=54085118  comparison cadence=162255353  difference=0.04125  below=0/3
t=302947359  fraction=0.21875  peak_slope=5.658e-09  t_peak=54085118  comparison cadence=162255353  difference=0.04125  below=0/3
t=303300857  fraction=0.21875  peak_slope=5.658e-09  t_peak=54085118  comparison cadence=162255353  difference=0.04000  below=0/3
t=303654354  fraction=0.21875  peak_slope=5.658e-09  t_peak=54085118  comparison cadence=162255353  difference=0.04000  below=0/3
t=304007852  fraction=0.21875  peak_slope=5.658e-09  t_peak=54085118  comparison cadence=162255353  difference=0.03875  below=1/3
t=304361349  fraction=0.21875  peak_slope=5.658e-09  t_peak=54085118  comparison cadence=162255353  difference=0.03875  below=2/3
t=304714847  fraction=0.21875  peak_slope=5.658e-09  t_peak=54085118  comparison cadence=162255353  difference=0.03875  below=3/3
Stopping at t=304714846.85208935
Saved 624 remaining particles to /scratch/group/p.phy260085.000/Mass_Fraction/Outputs/Ejection_Results/remaining_particles_2187513_5.csv
