==========================================
Mass Fraction MPI Run
==========================================
Date:               Sun Oct  4 20:44:07 CDT 2026
Host:               ac001
Array job ID:       2187513
Array task ID:      3
MPI ranks:          4
CPUs per task:      1
Nodes allocated:    2
Python:             /scratch/user/u.hm357857/.conda/envs/comets/bin/python
Conda environment:  /scratch/user/u.hm357857/.conda/envs/comets
==========================================

31.71748991649832
69.3496532889275
100.72043132328201
114.72626812550055
65.8797133361713
56.96575535319033
61.56422246308731
59.739334936559615
82.74566825935355
35.5517263428283
43.56858069095165
51.02200185338312
88.92661991246476
55.659569023373614
116.39923237384733
124.3421008785457
26.52611508074598
105.20828078877037
91.18784304702321
46.71366179121258
35.698459132956586
64.87735731302651
79.25108335603403
43.310908705478944
44.031061155489056
75.39900075507245
78.37035287591604
121.20244795782067
49.02219540109228
26.418320881287173
101.23775161250148
41.807435796079396
29.24282185087417
83.5034683800061
102.63138760321877
123.4070635033677
93.79568082481858
79.25220208601851
32.91723170708343
117.58448875002021
30.75911908088129
114.3667250400886
87.90884799517562
78.57573376523871
106.21726266511321
95.91793228778862
93.70917925301431
92.44955073556588
73.84248105445195
46.03704261204348
45.66092186888886
86.50572583684351
116.64664278042135
76.62759668366911
64.98998096572302
65.74200294289281
103.48741909989063
85.9511704617634
39.83830742138306
31.910401937413912
38.21727910939359
94.86067548833961
82.85915466006321
55.1110006901394
105.66260954128215
94.98060007465511
75.2521897357719
39.2610401085414
27.93476315586254
57.379187599028135
76.48793108437789
41.79964711388765
36.59078786086387
51.79304264466744
39.2733790471099
66.36636068188474
49.30108243347957
51.823103933671035
53.09973709528124
98.72744762176957
109.34631048180088
105.79090686800956
98.55654963287759
123.12002860445375
106.88171827100462
71.87527704872426
61.959536328680265
80.95459098214471
120.80976738784838
120.83703768431613
105.57368344753407
97.25825791279075
39.502177303670315
96.67702926785236
106.88672617008723
26.434279613095445
88.42967404869958
50.821376968424374
95.50940074561555
48.90762579618553
101.66729310573923
106.42019447255664
99.99842738542267
62.00035208775703
105.16808301068713
77.57153490986737
79.6074740116485
81.97137723208064
45.64269231894063
63.50251340978843
65.43206082889137
74.03786657454182
81.53085427612298
37.75710830997796
69.82560616442666
42.86558305034232
70.61321117113641
63.3072635655887
73.81771970705074
29.626757916315448
73.98584889168941
82.19647325796345
92.80197788060532
38.226339252371844
104.01133940374949
56.74284921801809
44.01563955432319
80.09604170244083
106.23950215153283
25.93940198321104
25.696171224142095
81.45457101756713
53.57226275254877
49.02631845076624
101.96253099132625
36.034311248954296
84.37928874240055
53.65210538926453
78.014827370751
64.94964674225274
32.027613431458775
95.79051406037921
89.35256818715828
60.73732666959467
119.15712038075029
85.30103449382891
37.572232838724176
31.341011099768668
47.04017423823955
46.126509597608916
55.086007730634854
96.06775065806542
47.94486584166451
61.27494526478222
76.17091373604742
119.66828456085167
103.02468869875163
61.63552040108908
74.43248613512364
111.46265061355601
97.59893607353082
95.84551676102382
45.8372528458059
48.02527184148424
109.54977715515734
120.43669411854891
27.189979879961832
28.69426387653825
115.05518056984602
59.88531782082589
44.597264798895054
32.115506909587346
68.04843672569757
104.80415796396278
63.547097176574695
112.87743927167135
92.27730789525536
68.25616432618015
120.5978670235186
108.49216571964942
74.62173029671064
81.464307807669
80.1040214419773
34.37655241599404
26.01819298906647
120.64797009469073
111.2202263665362
45.00094480815233
81.63548961402086
109.3891565439313
112.25139742817139
27.035219930370292
94.68566202845552
80.75277220712613
77.86693961673319
75.12272864830808
51.65691319293093
89.55055397378598
27.32027295758379
29.18648135712747
67.75214106382748
51.72969868432206
78.79891730812682
57.52281031389758
84.36065103156888
39.450950045344534
93.54297619087578
62.98748673892699
41.95995871703154
90.5639696049912
45.084312514483216
48.01813554637461
114.95475348440016
76.36454250346644
119.70695793291094
94.29834855487495
113.5842969359507
107.10030537198773
48.66803902442912
48.132885588028785
68.79026781432785
51.04875484978824
69.44929520516281
49.62657475244541
36.58877430430888
123.20714318751932
68.08838221964068
49.45063435991342
31.57904883989614
122.18956303632054
66.19943363320884
36.367624897283704
78.23278776171533
101.98363722426322
49.39227564416234
49.97623974590171
102.08802157928842
27.96306329987466
90.39011475862809
37.4332522585798
114.53840251640054
31.06199428179962
50.856093490974985
123.75331493523883
67.91302570766722
51.550095476683445
42.64699450322846
96.03958232033601
65.75781936896975
53.74709736959913
47.52366149197239
85.89099044718962
97.44497657210428
79.35711992923285
107.02044403709728
93.44086871254945
100.77967947958035
54.19379952868839
47.0661504499258
39.23291654844231
56.62283514073343
53.60508492680606
90.91859400998192
76.59045534648376
75.6945863937129
85.45084668465178
27.089414079607455
105.13967987589805
96.3934949693986
69.33411444640862
45.13129068908933
110.28487075351853
94.14931318340781
48.729422645757346
36.27466820593246
96.02619886758241
74.93154927499178
96.62880559486732
50.70142067693001
67.56079544979525
63.42047204980762
30.169516292886065
100.78360094915016
79.17378089180497
66.8530665634717
99.77020039076399
68.10933131085696
97.98320390059739
90.73580879391038
117.22120366429776
54.395602991204406
35.1526829415789
65.15931603935559
33.976874302639374
50.83014121068079
58.18234436695332
38.20894906962543
46.88259974615233
48.18491593454371
57.04461491548034
40.01471334042226
116.33007627549247
40.74938732717034
26.064617501555688
110.98536230668714
52.05764586244297
72.76311261216298
102.9059992470954
32.84232945602719
106.05283581274651
31.288488307977445
49.249183408537604
78.32348088746161
33.99450259978991
86.12146555473149
98.62760783535745
46.93201904196699
110.32833613048095
36.35456867851963
118.40615963607762
30.01887270490029
119.06539633679213
55.00912621526727
63.42075489997245
50.052798476011674
82.7294653799105
70.21630782451152
61.29812797911147
93.34951077198566
106.71488574548175
30.54501090670011
71.68195989799952
73.30707472495831
38.778164999872956
38.52599757534534
90.80325577556484
31.352330518241843
77.94683913443941
64.51328999699315
71.53491867779026
94.82522743674416
72.55050998337578
46.28315682203945
115.21221517335579
69.35439029585959
84.25538600380153
84.741291137778
68.34443890799668
75.94595705729931
40.592943038392114
62.49084666429009
69.60550630001086
61.74291447375692
46.74888688049353
52.28858546444912
101.03263126968662
58.45849836377903
111.6050827361488
60.63193514671607
93.09950513886862
82.3060558191728
85.49983254360362
50.982723377635764
109.16816455966176
46.268588462287426
116.2013462294626
58.74030735094241
36.92307510776619
25.72665200225106
75.70361140724258
41.42814714882408
116.72679293986836
91.09482265235968
44.36687919310147
33.45239963071764
53.07218289827425
39.40474975355141
56.530472715905546
58.82491596426104
34.40546340548507
80.45669918237114
121.70019733840083
93.51436428856381
84.62187983942965
42.18783713909232
110.10106608267736
66.09123074637202
84.66641254684617
105.90637257596977
77.09957587677098
114.49268981848516
109.74902529189148
55.55331795339098
29.528060302794866
91.04508964519232
95.98846070046424
34.31213598512946
38.213580162437864
68.45822911051846
52.095724037974776
69.32244360791839
117.76328258733282
104.78898283734269
39.57327490116962
25.30047541440259
113.82649235609958
51.84832497471068
95.55554995494538
82.29560033414191
40.77591640524443
68.59467076693613
40.77350571155838
71.78954444273153
115.96677549106437
55.05368974358866
41.996832146259656
37.455876234668615
53.79003262616189
45.93875041020683
71.11544434262744
120.09722769935496
54.80009156702512
73.78694285902972
50.01364230319284
57.70707000136296
94.81975972505697
117.49555987211907
94.4767832849669
41.068523696117886
71.97960529578728
60.307833995170625
84.5936275362919
95.45948485002465
56.64420273552415
87.6523347068536
110.61839169994356
29.85050123678907
28.102899947002168
94.19248052731442
27.987112372868626
30.92688201370908
115.77717879952813
32.70867462313899
63.871351966962045
115.71421335903828
108.52889326309023
113.27749963757535
118.41357719686573
48.805765091617275
122.0020884236321
110.39113392897319
80.0007989849125
123.44579189148168
120.06452612948682
115.08336191835407
112.6278400344703
44.65494298591539
103.50605117728318
39.29996076689169
45.14578450478186
119.58605907449339
109.16315404655542
119.95655965101834
95.10415195640024
53.97731499080104
102.02460633835824
51.8346906830258
38.24372964080843
101.26208379995127
29.104919551949326
111.2637491387605
53.349365203455136
97.34570190264701
101.42470706435228
30.483763542019915
75.74341688032673
102.9809313321801
84.44341160653667
51.282657304069886
46.49728967967953
54.821632882786865
72.3108238004759
55.672180963992545
119.56389883466714
35.711172918178406
54.5498085277535
101.2360979874703
89.98743788741727
57.315645857920316
100.62076869835037
34.9450707428561
73.97754717483163
49.74181823921438
45.86733543281919
72.34227728561783
36.361103832054575
91.33649265383707
80.39540776837808
69.64021590000789
93.11969772345365
69.08019302619256
62.304276543725045
67.14148735120361
116.1667076385445
42.46525267236302
89.19956300509509
69.00043061367276
77.24152623071097
50.73899899185622
39.443674549764076
108.03810520184392
124.86355022599182
109.83977742751811
88.8197417480428
114.36431423698507
26.5029654813125
50.6252715115629
44.93086481027826
59.78768280858593
120.58045068847211
110.59810523075363
66.4320209180475
43.798427423593964
86.5415854733723
93.32308654932865
31.598723310370126
105.71704727946535
54.24238596029845
52.8146351988977
105.38918180356201
55.145508383929425
113.47081080072265
114.85929487425715
75.17260502731106
90.65873355831462
111.08194070935426
55.745480691164374
58.878952113085816
63.56518337306618
81.5448116793595
54.894265453033974
50.731858077590815
121.68721644630818
51.78885500757248
32.09264667252073
86.54778216454635
52.07457593143182
91.60840383543236
48.74035747284873
92.97879108429701
53.561925159453736
35.25907082226868
104.83093257081187
109.02804720547053
73.92712744194102
90.76135613637165
42.734110818923625
118.77767327867691
42.26859540782969
66.91301742950131
68.16164665356409
70.09475645242736
114.10781021991725
111.06780986093648
33.86214550633002
54.06184692736509
54.147806686036745
101.55943615930285
64.26636329240884
42.44538407174146
86.39098624656205
82.3661579521859
28.7549580606963
55.95445397353468
65.82632116927593
44.62847470963178
93.39719879335966
58.22737405418415
81.25416046460671
68.94460341039772
81.89866436843342
82.51836829622872
66.66273479543835
41.91070630703919
29.280080867141745
51.71244726097237
113.68706731693179
58.293103614622524
97.44273876832422
50.91552876139114
116.49516220417479
80.0631263187067
78.03648763175778
60.9063929192493
Rank 2: 200 simulations
118.60506245476533
41.03336297358889
100.22384323616237
119.94837161364941
33.12948657183041
52.60633656329813
90.28915064136342
57.49843658541918
55.05970220758935
87.48196832409667
95.85930689520549
98.992402934986
89.74927517934833
52.176072531257205
79.58905894008005
58.61134189957512
61.755090398253344
104.6502900934156
33.25619791929939
75.03872798334538
75.82435396920678
98.7938229093104
120.73655787943449
49.88327198319344
70.2061026553263
104.28516009118418
64.51178061646698
86.72906292938565
100.92949409373409
70.95945095457219
65.20299019874341
37.500394103999724
75.4152225329081
116.41447955329551
103.92615166226852
Rank 3: 200 simulations
37.66436465163836
62.811926673319306
119.47708414872523
47.717793710042926
104.03654346971787
52.35601250901958
117.03165202474837
46.16716245950825
78.48711062384943
54.84713998423359
104.52734809999333
107.73529015918197
51.901965848538254
26.82689885359538
111.38788494995387
106.49909572260104
53.12378832367969
79.75149451640057
74.58467506852128
122.59162562428477
108.35984754565872
123.44951567361254
109.68647577550257
27.53555463356041
78.81678905515516
68.34980161068023
38.24399380237069
58.38072629796466
62.38310305281936
123.85620831264535
74.00635020991632
38.64002319285348
99.79648664972825
115.62667495122348
114.25259154682938
113.32748929646586
103.4561214768774
106.90336445497176
45.50215981818503
93.35166889594355
51.38050855187033
118.56569294708234
86.27885520383758
58.979155851186405
68.7617409277071
121.85702673241553
109.80390905385788
55.27060341995104
73.4680497416293
76.00471762113789
67.33722817712128
32.86408429012106
50.952729717688854
98.33876373478935
56.73760702714738
84.32466151430364
95.89471688194907
38.660002085566305
87.64977346018215
119.02803102470787
57.78040042505349
115.74777394501888
42.556544811537435
92.71907353865062
79.48176514867744
26.184132031238683
49.55186204095837
52.17171451186712
73.55966385936523
81.35276745353457
119.89707883662795
61.36663321839958
51.72009530902673
56.47984268149481
29.03257388532655
105.11004137088706
50.58376087499473
104.09708840170029
124.57385664444057
66.67261085556974
103.71127719798514
87.96986017761853
46.0127752170046
93.24008172577118
52.4717577528492
94.00495742916645
83.07138294709695
120.66236382963108
59.75849300440672
67.29995329106518
58.90406318599168
105.58849376634035
46.5344362687406
52.456607087969054
47.403114622500965
25.74952563086098
52.55968241999186
116.19828907535023
88.91686213881867
119.87380333338004
101.49950698066023
83.75451254237814
26.191048815822036
41.51265034344791
38.84575950594436
122.99125201128305
88.75673155767066
61.85454225752275
113.56048171454552
36.92063325405691
87.29885841343192
79.70625619280833
108.38191196005667
93.09839327404426
39.81033548689801
70.01393228304778
123.93133939387164
92.01181004455736
26.550886374111204
59.70350405347267
65.96714611205067
74.54405824403699
56.1805899672089
120.16234683436355
82.14830506965998
71.22620768357307
49.170744887956495
104.98872062494542
108.30868819881796
89.6918792575022
53.97194309104315
95.06354808403343
85.9574739328288
31.282648099977205
43.674008189043214
78.10588034949848
112.83995783111853
110.29163702486457
80.78338108017047
52.20937216492154
26.14533539652347
37.15131557803764
44.98896404360957
39.467776708914926
45.60939667352798
31.74158982256622
114.14390583068793
25.99487240432332
47.27297889865856
98.63708839129033
27.79122723151054
32.21403032386249
59.42923910420884
71.00394419717243
74.34946189165746
25.325774715956772
72.15433677301561
63.273168917198284
120.21975669098815
25.87419895583638
59.871091751069216
60.87153093811094
71.65136409051108
48.815726883618304
37.43780410205384
56.959476737596916
Rank 1: 200 simulations
117.64699538918387
83.3651134037213
103.88096079440572
119.17292150548896
49.54891766688525
Running 800 simulations with 4 MPI ranks
Rank 0: 200 simulations
t=35333105  fraction=0.33875  peak_slope=3.184e-08  t_peak=4946635  comparison cadence=35333105  difference=0.33875  below=0/3
t=35686436  fraction=0.33875  peak_slope=3.184e-08  t_peak=4946635  comparison cadence=35333105  difference=0.33875  below=0/3
t=36039767  fraction=0.33875  peak_slope=3.184e-08  t_peak=4946635  comparison cadence=35333105  difference=0.33875  below=0/3
t=36393098  fraction=0.33875  peak_slope=3.184e-08  t_peak=4946635  comparison cadence=35333105  difference=0.33750  below=0/3
t=36746429  fraction=0.33875  peak_slope=3.184e-08  t_peak=4946635  comparison cadence=35333105  difference=0.33750  below=0/3
t=37099760  fraction=0.33875  peak_slope=3.184e-08  t_peak=4946635  comparison cadence=35333105  difference=0.33375  below=0/3
t=37453091  fraction=0.34000  peak_slope=3.184e-08  t_peak=4946635  comparison cadence=35333105  difference=0.32875  below=0/3
t=37806423  fraction=0.34000  peak_slope=3.184e-08  t_peak=4946635  comparison cadence=35333105  difference=0.32625  below=0/3
t=38159754  fraction=0.34000  peak_slope=3.184e-08  t_peak=4946635  comparison cadence=35333105  difference=0.31625  below=0/3
t=38513085  fraction=0.34000  peak_slope=3.184e-08  t_peak=4946635  comparison cadence=35333105  difference=0.31250  below=0/3
t=38866416  fraction=0.34125  peak_slope=3.184e-08  t_peak=4946635  comparison cadence=35333105  difference=0.30000  below=0/3
t=39219747  fraction=0.34125  peak_slope=3.184e-08  t_peak=4946635  comparison cadence=35333105  difference=0.28750  below=0/3
t=39573078  fraction=0.34125  peak_slope=3.184e-08  t_peak=4946635  comparison cadence=35333105  difference=0.27625  below=0/3
t=39926409  fraction=0.34125  peak_slope=3.184e-08  t_peak=4946635  comparison cadence=35333105  difference=0.27125  below=0/3
t=40279740  fraction=0.34125  peak_slope=3.184e-08  t_peak=4946635  comparison cadence=35333105  difference=0.25750  below=0/3
t=40633071  fraction=0.34125  peak_slope=3.184e-08  t_peak=4946635  comparison cadence=35333105  difference=0.24375  below=0/3
t=40986402  fraction=0.34125  peak_slope=3.184e-08  t_peak=4946635  comparison cadence=35333105  difference=0.23875  below=0/3
t=41339733  fraction=0.34125  peak_slope=3.184e-08  t_peak=4946635  comparison cadence=35333105  difference=0.23000  below=0/3
t=41693064  fraction=0.34125  peak_slope=3.184e-08  t_peak=4946635  comparison cadence=35333105  difference=0.21750  below=0/3
t=42046395  fraction=0.34125  peak_slope=3.184e-08  t_peak=4946635  comparison cadence=35333105  difference=0.20375  below=0/3
t=42399726  fraction=0.34125  peak_slope=3.184e-08  t_peak=4946635  comparison cadence=35333105  difference=0.19250  below=0/3
t=42753057  fraction=0.34125  peak_slope=3.184e-08  t_peak=4946635  comparison cadence=35333105  difference=0.18375  below=0/3
t=43106388  fraction=0.34125  peak_slope=3.184e-08  t_peak=4946635  comparison cadence=35333105  difference=0.17875  below=0/3
t=43459719  fraction=0.34125  peak_slope=3.184e-08  t_peak=4946635  comparison cadence=35333105  difference=0.17625  below=0/3
t=43813050  fraction=0.34125  peak_slope=3.184e-08  t_peak=4946635  comparison cadence=35333105  difference=0.16750  below=0/3
t=44166381  fraction=0.34250  peak_slope=3.184e-08  t_peak=4946635  comparison cadence=35333105  difference=0.15750  below=0/3
t=44519713  fraction=0.34250  peak_slope=3.184e-08  t_peak=4946635  comparison cadence=35333105  difference=0.15000  below=0/3
t=44873044  fraction=0.34250  peak_slope=3.184e-08  t_peak=4946635  comparison cadence=35333105  difference=0.14625  below=0/3
t=45226375  fraction=0.34250  peak_slope=3.184e-08  t_peak=4946635  comparison cadence=35333105  difference=0.13750  below=0/3
t=45579706  fraction=0.34375  peak_slope=3.184e-08  t_peak=4946635  comparison cadence=35333105  difference=0.13750  below=0/3
t=45933037  fraction=0.34375  peak_slope=3.184e-08  t_peak=4946635  comparison cadence=35333105  difference=0.12875  below=0/3
t=46286368  fraction=0.34375  peak_slope=3.184e-08  t_peak=4946635  comparison cadence=35333105  difference=0.11625  below=0/3
t=46639699  fraction=0.34375  peak_slope=3.184e-08  t_peak=4946635  comparison cadence=35333105  difference=0.11000  below=0/3
t=46993030  fraction=0.34375  peak_slope=3.184e-08  t_peak=4946635  comparison cadence=35333105  difference=0.10625  below=0/3
t=47346361  fraction=0.34375  peak_slope=3.184e-08  t_peak=4946635  comparison cadence=35333105  difference=0.09750  below=0/3
t=47699692  fraction=0.34375  peak_slope=3.184e-08  t_peak=4946635  comparison cadence=35333105  difference=0.09500  below=0/3
t=48053023  fraction=0.34500  peak_slope=3.184e-08  t_peak=4946635  comparison cadence=35333105  difference=0.09125  below=0/3
t=48406354  fraction=0.34500  peak_slope=3.184e-08  t_peak=4946635  comparison cadence=35333105  difference=0.09000  below=0/3
t=48759685  fraction=0.34500  peak_slope=3.184e-08  t_peak=4946635  comparison cadence=35333105  difference=0.08750  below=0/3
t=49113016  fraction=0.34500  peak_slope=3.184e-08  t_peak=4946635  comparison cadence=35333105  difference=0.08625  below=0/3
t=49466347  fraction=0.34500  peak_slope=3.184e-08  t_peak=4946635  comparison cadence=35333105  difference=0.08250  below=0/3
t=49819678  fraction=0.34500  peak_slope=3.184e-08  t_peak=4946635  comparison cadence=35333105  difference=0.07750  below=0/3
t=50173009  fraction=0.34500  peak_slope=3.184e-08  t_peak=4946635  comparison cadence=35333105  difference=0.07375  below=0/3
t=50526340  fraction=0.34500  peak_slope=3.184e-08  t_peak=4946635  comparison cadence=35333105  difference=0.07000  below=0/3
t=50879671  fraction=0.34500  peak_slope=3.184e-08  t_peak=4946635  comparison cadence=35333105  difference=0.06750  below=0/3
t=51233003  fraction=0.34500  peak_slope=3.184e-08  t_peak=4946635  comparison cadence=35333105  difference=0.06750  below=0/3
t=51586334  fraction=0.34500  peak_slope=3.184e-08  t_peak=4946635  comparison cadence=35333105  difference=0.06500  below=0/3
t=51939665  fraction=0.34500  peak_slope=3.184e-08  t_peak=4946635  comparison cadence=35333105  difference=0.06000  below=0/3
t=52292996  fraction=0.34500  peak_slope=3.184e-08  t_peak=4946635  comparison cadence=35333105  difference=0.05500  below=0/3
t=52646327  fraction=0.34500  peak_slope=3.184e-08  t_peak=4946635  comparison cadence=35333105  difference=0.05500  below=0/3
t=52999658  fraction=0.34500  peak_slope=3.184e-08  t_peak=4946635  comparison cadence=35333105  difference=0.05250  below=0/3
t=53352989  fraction=0.34625  peak_slope=3.184e-08  t_peak=4946635  comparison cadence=35333105  difference=0.05125  below=0/3
t=53706320  fraction=0.34625  peak_slope=3.184e-08  t_peak=4946635  comparison cadence=35333105  difference=0.04750  below=0/3
t=54059651  fraction=0.34625  peak_slope=3.184e-08  t_peak=4946635  comparison cadence=35333105  difference=0.04500  below=0/3
t=54412982  fraction=0.34625  peak_slope=3.184e-08  t_peak=4946635  comparison cadence=35333105  difference=0.04375  below=0/3
t=54766313  fraction=0.34625  peak_slope=3.184e-08  t_peak=4946635  comparison cadence=35333105  difference=0.04125  below=0/3
t=55119644  fraction=0.34625  peak_slope=3.184e-08  t_peak=4946635  comparison cadence=35333105  difference=0.04125  below=0/3
t=55472975  fraction=0.34625  peak_slope=3.184e-08  t_peak=4946635  comparison cadence=35333105  difference=0.03625  below=1/3
t=55826306  fraction=0.34625  peak_slope=3.184e-08  t_peak=4946635  comparison cadence=35333105  difference=0.03500  below=2/3
t=56179637  fraction=0.34625  peak_slope=3.184e-08  t_peak=4946635  comparison cadence=35333105  difference=0.03375  below=3/3
Stopping at t=56179637.24069695
Saved 522 remaining particles to /scratch/group/p.phy260085.000/Mass_Fraction/Outputs/Ejection_Results/remaining_particles_2187513_3.csv
