==========================================
Mass Fraction MPI Run
==========================================
Date:               Sun Oct  4 20:33:31 CDT 2026
Host:               ac073
Array job ID:       2187490
Array task ID:      5
MPI ranks:          4
CPUs per task:      1
Nodes allocated:    1
Python:             /scratch/user/u.hm357857/.conda/envs/comets/bin/python
Conda environment:  /scratch/user/u.hm357857/.conda/envs/comets
==========================================

9.864248652146392
10.205693106095458
10.38491750978275
10.191304697602598
10.287010713245476
10.492467924619639
10.38572927868135
10.312171199504855
10.042173633501134
10.44863296196094
9.93932909270479
9.894294095469116
10.17574022524958
10.343675194262122
10.262882422633659
10.163571486412675
10.51287442396226
9.915459526572343
10.139639166705184
9.819792234014239
10.227917705655655
10.187479873223314
10.322676438924594
10.238321676321993
10.257833906929687
10.14269418509872
10.277762273288813
9.991796255395377
10.50431242474519
10.046652016171087
10.101911333773131
10.531830831950831
10.326585767257972
9.851352609728032
9.782615310126104
10.374908799691472
10.21454607934346
9.99477242316448
10.095108061753328
9.92735584551075
10.008034729453973
9.790161016338326
10.347952685194874
9.778442044521094
10.216985158264466
9.803924255951939
9.936441450541526
10.202330667499242
9.806997957374765
10.003598535614461
10.509068552298679
10.441774335488745
9.772607561288142
10.399759869517718
9.88031183129317
10.411527947564768
10.36723613533049
10.203391995247893
9.843608088293555
9.983433032260303
10.121958635877686
10.509949994103284
9.777528333185836
10.32667650681255
10.3228277594747
10.011319720497609
9.927971212124042
10.361280411524433
9.819009419387815
9.82075509977193
10.353038668073202
9.997774886822112
10.095379233512231
10.462719187052144
10.504320214784563
10.187394812171666
10.128314322825508
9.837804945415963
9.86801039520176
10.488349659158795
10.129463435364892
10.038251515252185
10.496056840689752
9.899059900857019
10.2385515799258
10.176599388406908
10.120017951201635
10.169210635719189
10.45648164438442
10.176197698382637
10.32118609031431
9.996353074297703
10.455444704283355
10.127571463615986
9.925094660662298
10.380223853053852
10.47979110261371
10.505673517299032
9.97185426003327
10.1831934729978
9.952122657848454
9.768511229452312
9.789370235762757
10.304771299654018
10.266862757735375
10.398094809438547
10.507301128213868
10.47498329800572
10.147240886082631
10.356281422990397
10.42916275303036
9.931170939191253
10.199367591462813
10.410145410216112
10.003224761019569
10.14122411971517
10.109381336851154
10.488210874230884
9.76649121551804
10.076514826318887
10.128421471919642
10.053259270541805
10.413422323568291
10.304616303632969
10.344813653023293
9.875013964305007
10.409264223140312
9.808584690551466
10.502083187464237
9.883909619173929
9.992280215665723
10.402913450068626
10.401284511051207
10.195209753330582
10.314528563607562
9.783129393010059
10.150312901987318
10.21505668075065
10.188181963492713
10.152576508830482
10.161405473737142
10.009962773967892
10.112573341897585
9.972737371423712
10.545411448182191
10.527901361757792
9.831022791802104
10.396610127214204
10.082406606103604
10.131305633042869
10.399499261656239
10.497076147743044
9.9428748476122
10.505986738052933
10.500953429949503
10.14638481535856
10.123442362667335
10.088160332757822
9.814730499810732
10.097852127057436
10.31982035564757
10.388163476191323
10.234850193481986
10.128565405348574
10.228466007544695
10.363621982899527
9.813485617321918
10.156428146206583
9.918378205999577
9.926868641866427
10.36964542561327
10.0286479074481
10.36847172976409
10.079978664362015
10.292212777293372
10.184518095923153
9.961016678357034
9.912143599059332
10.513706612387963
10.514650163457029
10.365417867549574
9.769642341910057
10.002167344681803
10.382541350127296
10.482493609956157
9.951674618753584
10.491392787886241
10.311465023691884
10.257667617870238
10.455543004021576
9.86588640781977
10.134112558680455
10.045006759018653
10.443292977811153
10.136796542164177
10.44166686307873
10.03030663889203
10.141221074779152
10.390854965167707
10.079143865394474
10.121411938436184
10.392106706536293
10.252069098647791
9.904457729429222
9.919941236657852
10.334167852520538
10.164488300639013
10.321784884120655
10.197011191205604
10.389156195743848
10.125549382056354
10.372947941268142
10.077495230088832
10.181452159248902
10.441638062309366
9.834132710077089
10.191601221441156
10.126875470082737
10.35095797080804
10.081064583486784
9.935772745347123
9.950347428273746
10.235717293404386
10.364359281969008
9.86896935642644
10.162324626580338
10.320275473834943
10.483668830302275
10.42427042965093
10.324178164812825
10.102835701331461
10.350530766917272
10.091287620469153
10.135830630717948
9.817722262205658
10.502062643444221
9.819399019775645
10.092071041116332
10.285440742108579
10.115458829078882
9.870703594878071
9.983939877217432
9.795792962922452
9.937417875647595
9.963630278235417
10.25962822351704
10.505491410416287
10.194352298734502
10.100322396348414
10.271470417172884
10.518876261820242
10.16433412821256
10.496869541783637
10.503979696362396
10.051422339448676
10.38042144753263
10.422090484802627
10.532563226657912
9.856514603493773
10.340304971194449
9.959712934546575
9.84875162003811
9.818285802087907
10.356569829246189
10.50333990309615
10.063819831090159
9.97264016069455
10.208656263734564
10.521652349557344
9.896164109501182
10.321993905342337
10.182844516635274
9.780117581410552
10.442716610344855
9.795696230952768
10.309182185939003
10.269594094841144
10.503989393978824
10.40341442077806
10.106150526030394
10.460113445032617
9.97646146804774
10.288787326409652
10.470068058432528
10.119551041450972
10.217407731767775
10.0882526305932
10.43715977483805
10.417022619642726
10.098219737824806
9.782462782145123
10.215360607412684
9.909187316531018
10.156600804543656
10.299108381992525
9.870308979153767
9.838428783453335
9.921916951351976
10.215013573097353
10.372831520180847
10.39338654938756
10.186723305896708
10.190575249105304
9.949841992768937
10.315787917049427
10.158057350577376
10.290368448787774
10.47400396949362
10.296212942919563
10.285579574474461
10.211309976006348
9.958273761047625
9.838193921811119
10.440094756332131
10.217547479144434
10.443384769372392
10.027775474729724
10.177883349651582
10.260614049397883
9.982098193970831
10.216990696744071
10.487305748302864
10.223607118337377
10.024378532526272
10.444322561593887
10.479560070315015
9.877135005116347
9.774977263731541
10.509808107888752
10.013802785623522
10.304227288140432
10.39161744800838
10.428151856334498
9.9725743362153
10.118854665334434
10.318259519265816
9.991004041830982
10.471675159408914
9.944003581858771
10.069462082742081
9.956791146861233
10.17442309122085
10.378920320062603
10.235380469836093
10.351552347197021
9.89248282669762
10.119952846713089
10.305242961802
10.162550303867585
10.139913976519402
10.236927914472899
10.460722272164336
10.253252638499047
9.913852865665454
10.535945150519273
10.158332185485236
10.246954704865376
9.871747347983883
10.098006465331054
9.787006458647065
10.034040502850056
10.391286731198988
10.288368132217443
10.29005644147319
9.768248063777934
10.236161721361254
10.030705686399559
10.10745303174592
10.332030041724908
9.922541749588696
10.364173399142773
10.495702583028612
9.886210328884845
10.367146335792626
10.476522403207152
9.891018528394108
10.434652505622001
10.001746793461285
10.119883303610226
10.51049364440328
9.991638002301585
9.963810825859639
10.52743864313898
9.791840736002825
10.152152454485469
10.427235103416605
10.297825663092993
10.366679503875744
10.003087551363272
9.879163325395007
10.234903499000938
10.466262276813998
10.53895543501729
10.224538033502672
10.044078973557607
10.430820641322274
10.061653248064472
10.505057815344838
9.998694074180856
10.07230313176706
10.105965070555044
10.4860011639398
10.05530129000435
10.122564251747871
9.990651083382582
10.307620082650423
10.106320018932742
10.054642253680251
10.497245620198557
10.360094916808787
10.14748748111808
10.02140500619847
9.953701014251882
10.063966225971496
10.43052101207044
10.11267499277474
10.334927118126286
10.022461497152065
10.20140443498847
10.210176181809368
9.882045101843387
10.233940343377977
10.39193796522464
10.42805204549916
10.525850467692003
9.962263516745812
10.311217183814577
10.05003564036921
9.794735199018907
9.90177799940713
10.289623700649132
10.491070168025866
10.439766164265503
10.453548845872112
10.53707589690467
10.259215373496419
10.347183240558412
10.04254076610593
9.912290087104447
10.29413027002513
10.119050921843629
10.15774929975176
10.315120192308928
10.477015650662501
10.469287677783997
10.153417240752834
10.317458630685822
10.205737784912031
10.449465057998733
9.769192689987708
10.120911709222199
10.372067706123026
10.337369131688721
10.094432927038557
10.486867386277176
10.27826734090997
10.254801786093894
9.870224423171432
10.016928994762242
10.379490623262214
10.044183685553877
10.018260001846853
10.342252131486907
10.339519163416991
10.117628240553847
10.227496802894727
9.787046303455986
9.864294845817188
10.35330527046305
10.282184565088997
10.040969432307348
9.934044509544742
10.338497660584418
10.090581717776608
10.10377505071201
10.164764722838719
10.238779104524975
9.807247698251173
10.074867376916151
10.48966245341264
10.523503945993177
9.828189574228809
10.18023634634704
9.804467485063297
10.267158916686023
10.327757026945372
10.028903571781028
10.235883558044174
9.834238139618282
10.072168344573594
10.528481877779324
9.870084867361477
10.334291157790418
9.945730018415553
9.88047826785111
9.875653002264205
10.360678632127534
10.458207839338105
10.30622948872849
10.171607193067931
10.267011983663528
10.48333065981179
10.314629573466066
10.181469080481572
9.987536062288093
9.797773134139975
9.820461626309504
9.892856471623283
10.117317407678021
10.412214365265958
9.84612258475123
10.305114392674293
10.275889659829833
10.280402407430614
10.090450123924606
10.295235224583504
9.964022546026026
10.093413684208612
9.829843610809538
10.242110265111439
10.367783889106779
10.484385119002706
10.502761762014247
9.999981936154066
9.78354288433975
10.045525915152124
10.287976546280117
10.538115302614662
10.428179484514878
10.334489881704037
10.47206807289525
9.848226019450278
10.328318616502807
10.229027665090564
9.826672844821895
10.47662458202655
9.839217999822933
9.964248091945707
10.38683997293495
9.903930962363413
10.049192526154318
10.279503075194688
10.505528321279733
10.230556304157288
9.922581073612234
10.165895183180355
10.323227573807191
10.3251444860749
10.202818222218054
9.775100846133634
9.978465443548645
9.881311122177651
10.494298144372785
10.105833985388307
10.06924605038075
10.38123997973222
10.035207337355182
10.002009883869329
10.279004217387753
10.04103671769616
10.39961641672876
10.460154584043497
10.109308166255348
10.295186918238905
10.181922298208416
9.99092695595209
9.971556022983567
9.810243400300351
10.03703187738139
10.533778000178408
9.767396309059356
10.494753875222509
10.366940587699146
10.256713432475767
10.417674954514622
10.386040535938974
9.930248557581468
9.797432538224617
10.437701185043482
10.369480686411496
9.808575989057362
10.145725723402865
10.048453223803094
10.419505453487641
10.004127526743257
9.967137850933232
9.869485581193658
9.91157507359982
10.022303520866117
10.51594369653076
10.052827570395316
9.933844343944076
9.894565859941027
10.449582327170601
10.500018525317321
9.85544661830863
10.265611284012587
10.176997358621897
10.054664864510341
10.385896310037422
10.132318866188454
10.432895590114143
10.033702417150709
10.052706451202203
10.0063809694234
10.381630742099789
9.815137403042968
10.455106711983923
9.767638925335834
10.148311725446538
10.204265460432
10.368816948661214
9.968227247765096
10.048529167864565
10.040932607940082
9.857751047181516
10.447725550617596
10.439831615499577
9.880419964119882
10.162627003151673
10.033046296373174
9.841741759866377
10.331906010402932
9.773147990657082
10.182515788632044
10.010122969470308
9.942656883550526
9.815814892863894
10.5466919663026
9.868468037163984
10.392814265698364
9.861297437552816
10.200875392639453
10.483753466316971
10.047042551345992
9.949267357017296
10.539736182615378
10.150684964232841
10.430338966328755
10.349113557037063
9.79301339418098
9.941772354721289
9.815071588416007
10.197795997118018
10.231135739255974
10.312440294815232
10.529966034279044
10.112535175590226
9.80781325773833
9.871154240043476
9.927917866634251
9.938908878469572
9.95894772492042
10.043980017235635
9.997420770814479
10.312408135789392
10.427040644457053
10.461426802666967
10.534179359607162
9.890054065406174
9.809365289476764
10.320094921555846
10.42527457619538
10.50730004332251
10.034806781288651
10.46612828384678
9.836079711657263
10.00987862000499
9.930007266906259
10.404711311670429
10.190237063458422
10.035598935351587
10.011430274272257
9.775702834614536
10.297887298176693
10.005360014355492
10.54285693244467
10.106854638708633
10.078451224385853
9.902705744584813
10.38934590716004
9.810811712021609
9.891448340851047
10.38687597379053
9.800261331117076
10.29089175308143
10.05569477695898
10.290754285052722
10.023847484689476
10.49709659510483
10.384848718589987
10.007816090923464
9.95521594191112
10.513633874503618
9.971294865422875
10.417632334687339
10.428173542187094
10.24708280086746
9.974998299979381
10.063580959973947
10.4351164828726
10.261428236774076
10.476916974091917
10.177130322878835
10.343441705947097
10.126242181387095
10.106146620649787
9.842282881844264
10.211041519085404
10.293790414401961
10.410261196170634
10.245600904348784
10.052516982443706
10.29309258473932
10.459207612876504
10.214378389876979
9.853552020411014
10.18220052972601
10.241248930011471
10.324599025005188
9.81021222689662
10.535342149809532
10.325942998845274
10.463209400760068
10.15824087157301
10.288966564843706
10.062255662962134
9.997630538134066
9.804794412595896
9.887116507837678
10.511204429468954
10.54396797138078
10.397804516380171
10.073484062484168
10.45280358138792
9.985662237350995
10.063197095209972
10.449598396661235
9.811979981622539
10.415386431282732
10.495972846987577
9.79661518300207
10.461724060859712
10.128502975727953
10.290721024796571
9.822161295030087
9.922685208578622
10.029158177881387
9.830780947932517
10.075095069590715
10.034436784546582
10.145869660960196
10.063557614917286
10.438590171892178
10.18802786674977
10.44636410963919
10.00787393767409
10.066218980330797
9.866638434119483
9.884378802562498
10.374447622591186
10.233859478980616
9.97480460533252
10.48649163401036
9.909939135903299
10.544327152006755
10.118081542227701
9.915141198907397
9.793114319955455
10.506512841176294
10.206639417353902
10.34153881190295
9.970836843235412
9.838683067571477
9.959818880931271
10.200256025337252
Rank 3: 200 simulations
10.500111989012414
10.524172327364248
10.360101706714234
10.311931055033279
10.487927339343663
9.951933146964018
10.502017219795285
10.531048218395414
10.044202498398743
10.093968261044882
9.766689695767532
10.488909282157897
9.950396856569286
10.3536213771505
10.166044469256256
10.240296504076703
Rank 2: 200 simulations
10.465264990161723
10.09960693234978
10.33588730966405
Rank 1: 200 simulations
9.793442077266862
10.039185069328305
10.008969860143218
9.961500613055867
10.457825370332863
Running 800 simulations with 4 MPI ranks
Rank 0: 200 simulations
