==========================================
Mass Fraction MPI Run
==========================================
Date:               Sun Oct  4 20:33:26 CDT 2026
Host:               ac006
Array job ID:       2187490
Array task ID:      1
MPI ranks:          4
CPUs per task:      1
Nodes allocated:    1
Python:             /scratch/user/u.hm357857/.conda/envs/comets/bin/python
Conda environment:  /scratch/user/u.hm357857/.conda/envs/comets
==========================================

11.098550901206726
10.74767251097489
10.516357055263802
10.459862490969794
11.108149582581886
10.982462698966696
10.697468458615
10.969698967319841
10.068128102070583
10.191335428807081
10.651775728061756
9.678629074894502
10.826568013985677
10.440050172949197
10.479543843544509
10.927908865623001
9.811967115047187
10.325908561929124
9.670187963763643
10.470542350940246
10.396712790057773
10.664930472433308
10.052124679750927
10.150556421892526
10.775796730895845
10.252559203116201
9.882348874069656
10.407291025381197
10.631411387328539
9.9051365494225
9.924577712493834
9.921899903722752
9.839249738486817
10.370288435675548
10.139184797259357
9.755049685431857
10.665905849229379
10.38452370259219
10.226872938527068
10.655809531134887
10.128264079085122
10.67629597514948
10.339189327799925
10.135982335527148
10.702624551968624
10.363187958794082
10.197739251335621
10.436595171030998
9.727259285121136
10.356629820297616
10.57535857527983
9.665160054133143
9.798706526360835
10.265648522763115
10.643788817690801
10.492629530197199
9.938216995151564
11.027052976326688
10.151920445045322
10.97723883705761
10.399396892105694
10.528099165551719
9.660712567269789
10.404916099554532
10.82455391985601
9.836789013419503
10.582791546221705
10.575257645197645
10.28681546656285
11.20690463321549
11.023991100092541
10.20698998532118
9.977310655652424
9.671072164687448
10.902715378257096
9.862996746614286
9.924543720296793
11.215982111057373
11.31741901966944
10.478485003587682
10.922351157490029
10.180794014077668
10.053612693097588
11.206098517760735
11.285125765190237
9.710770364186251
10.310108885966567
9.6593093096504
10.240445657920736
9.857255969327104
11.109582968838811
10.497803199283755
10.971326076741438
11.279630816082612
11.146999866857742
10.131669993690755
10.294038555846964
10.49930293175627
11.19008197311877
10.193579010126571
9.982680654620452
11.132780520822866
10.07981781974982
10.526050069423448
10.201795723855431
11.163417658384496
10.430594141285878
11.21741774711715
9.983319051512618
10.953066231206947
11.136453607352642
9.755496341717096
10.140274707933404
9.683886650031642
11.212215167634959
9.736255856099495
10.52689857608359
10.786895641811478
11.223277004146167
10.375369683576231
9.888592889200456
10.830005090054957
9.961219565161496
10.151252839275555
9.81871748428231
10.631927107014981
10.76420143639292
11.040231711224255
10.493059555185154
10.18897411061256
10.678575348828517
11.09594794950785
10.852273494483564
10.940252054949571
9.983862923443715
10.105346580935615
10.698912305257481
10.615253165505804
11.058452526916136
10.807843034761666
9.939127984145024
10.41010746536838
10.364267155123152
10.934273317315958
10.910122021839422
11.175818866865427
10.790140915975632
10.64742441630659
10.848309864533629
10.076615427182492
10.432824180724639
10.044647494187485
9.75873151327612
11.188497620212106
10.530897014408886
10.158648851983614
9.96449991820671
10.224723106431917
10.96085946523343
9.682145275124928
10.016798022896177
10.583358494413622
9.954808342614996
9.965127388301973
10.059044735941068
10.216761811357884
10.341454359350461
9.834834360718245
10.679407136464537
11.09180394171382
11.2702905977768
9.824015701010275
10.344654076655477
11.249633074359043
9.69663052419499
9.783116940389958
10.957948005728994
9.785399753214259
10.460333318604397
9.79440607926972
10.756831859308168
10.964775997935476
10.302731112138591
10.425207924414156
10.64577679478298
10.466210751279057
11.092377763899126
9.691038725070909
9.815162342611838
11.03651511696056
10.481686024163968
11.191085473849292
9.974678295646475
11.248870379889002
10.198823193128758
10.96840396427817
10.28559325985043
9.873428953268025
10.872134979129893
9.778906177599314
11.30196614740463
10.147643674930265
11.220786400255125
9.64901279316055
10.853952385526965
10.260494475477197
11.042381787138046
10.200050509254204
10.595369942521335
10.338514035908059
11.22372269271662
10.728037298121777
10.787457112660649
10.727357262002085
11.045857708276003
9.7746801474723
9.66566430432707
11.148461413579252
11.013310523180145
10.386110278896096
10.331072344162454
11.082356121671687
10.410027834480937
11.180922578722496
9.891467765570605
9.716609735095165
9.758080141319322
11.016119567422365
10.965222457313796
9.935102075031443
11.118066075425503
11.195994092404824
9.76849999829205
10.301739296641435
10.350289941109494
10.764095880649673
9.80922593664178
10.534751690946976
10.70790261580635
10.097688569698747
9.947165492005903
10.85722723038727
9.902298813835884
10.374764387592462
10.963292814116192
10.621157444436633
11.24776320124738
10.388755241819595
9.729594784112686
9.724330108158627
9.88352403422296
9.867725052391275
9.80250928025724
10.692653352156363
10.090456050756243
10.370297045978553
10.397082564450931
9.94888866432091
9.65924570658089
10.882360183426089
11.054890584846387
11.047385773795401
11.180310528609187
9.783633056975422
10.871768602840238
10.620140081153183
9.693213484863684
10.985115746429152
11.271868694037622
10.689495024966588
9.842564272234645
9.68862663704583
11.006584747414365
10.05930276967234
10.629061692520319
10.17368989015138
10.786860988352897
9.888128113595773
10.036265100078284
11.29119045339756
11.01633600667577
10.060202808927382
11.01829581002502
10.219204846091083
10.7441670727506
10.160997608096594
10.258687327514984
10.284645873872243
9.916761890726725
10.099183669272811
10.910557034934563
10.939349142954262
10.66392793865845
9.878743514315111
10.564401574503082
10.716221766057487
9.762597841762414
11.049140470181998
10.286389286051778
10.24391689106278
11.229677889808055
10.366520250417345
9.647350025383044
10.460884402065025
10.678966968328838
9.794046134650456
11.045876608251657
10.578904401601864
10.008185476332407
10.908582833248454
11.110249806670383
10.491090466119203
9.76493845263147
10.038140029981964
10.0466771480658
11.070402883397941
9.950936379131798
10.235500503924792
11.27091337059126
11.02357710169289
11.28337097379674
10.070618513192795
10.853339856435912
9.665306760258266
10.896244822685704
10.164404128621811
10.812026240590892
9.761560293967902
11.14617724889211
9.912893886657654
10.283347875251657
11.050095996711233
11.186825222940751
10.434058791455833
10.010235080994706
10.855608954345213
10.803737267842035
10.902545824812048
10.116887918423666
10.745405096190792
10.205623219475019
9.757181137479815
11.085956522544695
11.261748294322578
10.58763019144777
11.032002553282705
10.566129988656359
10.492172832914257
11.154231661062106
10.793991511197714
10.148732858176096
10.234085188074522
11.070015978244669
11.200872312335314
10.526067205219237
10.55694144287287
10.231179049384968
10.736668397754743
10.158772266058547
10.658449307438962
11.096055791980236
10.52932952857489
10.479287866769708
10.051204674759415
9.820219805127785
11.197543617380624
10.951924198583244
10.955193617885012
10.821586468288036
10.256579812805517
9.961020241034404
10.394342313508249
9.724932150785065
10.576377863066622
10.082128657722208
10.797650525517787
10.519699467590874
10.928431129799929
11.229733138533675
11.121222195612448
9.99875134054707
10.019034744932748
10.833763076124157
11.282458816251783
9.73864128602395
10.0368668155712
10.36399133596437
11.073186491993562
10.178610432026206
9.659174321559433
9.97787459841547
11.07860022972893
11.178757768954018
9.749368799588808
11.075328680480498
11.035529664091442
10.773080134001388
10.646775907689548
10.409896705516019
10.08832904153088
10.07863208867265
9.904450488850603
9.711382329046444
10.02972905438821
9.889079194234467
10.069547950560768
11.01850897862157
9.8271066311837
9.933198566508697
11.022951946520298
11.170022744519631
9.948595098109786
10.156082221506395
9.754374078926345
10.537167854917664
10.76097176952199
11.00521265236041
10.433189051668313
11.249382335581862
10.543865720306325
9.782323921157
10.144772596329165
10.27421737875229
9.71812527614092
11.227764985374229
10.660626410485808
10.951582928516933
9.762174928973268
10.022265922342816
11.29571087935959
10.58740691272859
10.13608739836541
10.78141918936633
10.270474062849914
10.110999281670505
9.675122130714664
10.814623498132661
10.14760032250309
11.035821781167654
9.685584348447577
10.788081648773803
10.75343811152456
10.725195970942993
10.392250261646366
10.871651317117104
11.270116950281354
10.010423037429767
10.539864981453928
10.42414396421
10.137532528246068
11.19140112029595
10.303061838149477
9.860381203441337
11.002486976523652
11.213338942087805
9.985622748049991
11.042288717196966
10.355399555560995
10.357636385998122
11.299028743848185
10.357215553732715
9.821905924401792
10.518457821007427
9.725697056680152
10.921737746153575
11.323982429364321
10.178018475069944
9.774440354064929
10.48422752723072
10.513703415148367
10.844170946130408
9.847019556811746
11.199345678195437
10.215398233761919
10.972155211281297
11.292046627391269
10.202820493882292
9.787963892476276
10.973518684602134
10.744934330581042
9.930522237005237
10.151529214664386
10.033948038112706
10.469481328587543
11.133612496409098
10.941385895309592
10.214642592457588
9.90554705174848
10.69805291929331
9.86148104253242
10.603004263440312
10.470778076743064
10.525735240253086
9.687405513714202
10.311915975596644
10.781705836333675
10.261143466652273
10.081039247660712
11.035020083211116
10.414082849668368
9.716240775165181
10.441437713146382
10.482351493821849
9.986170007961558
9.90085499087759
9.984719833604755
10.07209077149675
10.988564514809323
10.756011201038524
10.489675121118093
9.863628371785913
10.017059376754899
10.822087799953806
10.055895763207342
10.275185308517756
10.967330574304931
10.573746903080702
10.652161364390142
11.218309731994948
9.711436262578534
10.091901286785752
11.228512366296096
10.49610498821645
10.471685765547825
10.768477922722695
10.541488972913841
10.784728783713843
11.249407517728269
9.872329514551852
11.23566873959718
10.127948902029745
10.4318060563662
10.833689628744171
11.049265567989393
10.397897273201307
11.086885150640175
9.715737808758266
11.062698884751608
10.203391430326466
10.555772930185404
10.030811071562153
9.89903330419076
9.959187811490994
10.156717443256817
11.013658286859066
10.466056995559622
10.606276728207193
10.9650665684038
10.41854198610577
10.592725007581837
10.397781770326256
10.030958670665907
9.662765172392403
11.160480773794982
10.343890698892219
11.066551706335405
10.350246365404754
10.791621835147383
9.69255545426781
10.954712738213239
10.256262014680726
10.8712955218587
11.099715571696647
10.121180465169273
9.764354918819112
11.308943397417838
10.593983309846873
9.66076287806627
10.675367433454337
10.873290976627754
10.88335721911982
10.935850848936637
10.85208820179291
9.676174676682127
10.692472504966542
10.240173938254587
11.27503785993883
10.141455930897536
11.16942794527381
9.883254564297427
9.659011658373297
10.816570250566118
10.825486034294038
9.853114761182566
10.392543927843349
11.326117527578463
10.618937069664938
9.744512756091742
10.018144875699154
10.629080311221864
10.074765941500123
10.986285911503511
9.847347931124046
9.899423592492797
10.007456113635849
11.045558321272926
11.322010820618498
9.675047298373254
10.196401958294816
11.315074240093429
10.552968402639092
9.69667746893148
10.268784167768995
10.460371452263175
9.676775721007818
10.504593950099189
10.992898309108094
10.587190922916475
10.389105822622701
9.736646793760574
10.145876929525825
9.888055536596553
10.178500082856875
11.001565967224654
10.429614944509138
10.66424606569069
10.448371740700235
10.562986792492662
9.706667891762693
10.509818888237447
10.714735219362474
11.155374665589617
10.477022320103147
11.00522010656858
11.062911982985874
10.594943899976851
10.420760845173557
10.6151422979419
10.445957832434473
11.27574868991556
10.566208712749399
10.630503860946101
9.823884464862896
11.163799697428919
10.579708125057756
9.646846264489243
10.110379816871433
11.325107491913187
10.299256076485626
10.985078113046773
11.043125425608425
10.477803426858804
11.026891143210943
10.472837501907765
10.274115760159772
9.880405978140413
9.934839604295004
11.038379503656733
10.315161333498493
9.796386257124048
11.219636553340546
10.294457070173682
9.907223443779758
10.125168325967213
11.324087350286554
10.376325375618386
10.827244899198826
11.253188955277464
10.732253855495241
9.87318785468805
10.101892359319631
10.006703461238459
9.874187104548051
10.988972969530398
11.063843306635475
10.475982393057823
10.637702556693245
10.94026716816146
11.054445854041681
9.919009448041686
11.147040101669125
11.065038511623712
9.694480374998951
10.679566561465515
10.225884975891267
10.750040560235535
10.11497403670007
10.285415634811308
10.930746357462986
10.452940219425912
10.945730146470465
10.115096107352679
10.870392961493753
11.19916968467742
10.78918523214855
11.059117034228283
10.73685232397504
11.198966855570372
10.911832304523186
10.235593512229267
9.993038092491863
9.757502289834209
11.009918695368759
9.950259328969118
10.018232383493425
11.237224867340771
10.333997357439584
10.792130591924966
10.046551225432175
11.17193597673721
10.794125955708427
10.536666793032603
11.193913806245941
11.182905475944315
9.889738870917292
10.255718043378662
11.240529371957871
11.085216098938634
10.135536863115302
11.033944060311974
10.392946986683505
10.887217024943611
10.962786252191421
10.42236640175322
10.458307993620238
10.621144911083446
10.46694386283241
10.951846173303146
10.06971976338145
11.308601232706131
10.29634816851684
10.22570305150201
10.375974910525779
10.572980466975949
11.01338953034849
10.6749085146322
9.965745796088306
10.606632732558714
10.60382858203426
9.742235745445853
10.39253407072921
9.654800748028975
10.17307635331234
9.662946878955738
9.813523729117728
10.418355912377672
10.312861238933515
11.262952510097527
10.02145426324985
10.895530158091791
9.841793049989514
10.543864781304947
10.279201269245261
10.20913940890512
11.275684736925799
11.271191211615907
11.04639197729553
11.0874203209774
11.276109732397023
9.951566588816135
11.070311628277615
10.335268226603999
10.330802510869322
10.941919882646694
10.428965036963804
10.854133125104449
10.751773295774722
11.233993845131584
11.145401771697218
9.995417008934819
10.377480230772562
9.747424594638794
9.926939708038434
11.146747979142553
10.947453031736822
11.047187048588873
10.388136363815597
10.616348372743579
11.325239259096858
9.67783555790976
Rank 1: 200 simulations
9.761768564116592
10.947237597092608
11.188922047586587
11.03464685880888
Rank 3: 200 simulations
11.204502133310427
10.280290552276862
10.347259269885885
10.46672599034902
10.603154926450243
10.483317262446118
9.779051210965537
9.993236314219015
10.976254065100708
10.064259948366432
10.728342889276686
10.464006897338631
11.00474668230805
10.62438206791122
10.245744070712314
11.23105380563955
9.939105340136013
9.823977100789646
10.537845286234838
10.8780867768308
10.79082649432201
Rank 2: 200 simulations
10.838904187013297
10.232691893692035
10.584125529797898
9.847324871396818
10.70538751881933
Running 800 simulations with 4 MPI ranks
Rank 0: 200 simulations
