==========================================
Mass Fraction MPI Run
==========================================
Date:               Sun Oct  4 20:42:34 CDT 2026
Host:               ac070
Array job ID:       2187505
Array task ID:      2
MPI ranks:          4
CPUs per task:      1
Nodes allocated:    1
Python:             /scratch/user/u.hm357857/.conda/envs/comets/bin/python
Conda environment:  /scratch/user/u.hm357857/.conda/envs/comets
==========================================

53.58249610399717
15.317186165735798
60.797312586576844
67.13315327988097
15.96896767411617
52.19984449876922
50.169064946608884
47.949806566877356
16.53828835347487
36.97314847681302
24.881437294593596
53.113788639698676
66.10589696527722
70.08133217596915
63.38458445197493
67.07546920517032
20.451114051921547
32.569168836092516
60.30513690534894
73.78130016103606
73.60248439090947
42.94256355206531
66.03834685557021
57.32685003060746
58.65739361641608
71.91014762444723
54.90616549794513
18.067161034179065
71.02600274405769
17.06799025598182
42.202312708254325
53.73801800497479
45.407013530887205
51.121232204305144
39.40292934917704
45.599103347111864
17.70301593622516
32.877200067892836
23.590885009173718
19.896514988506027
64.94386089868404
66.4192561856929
70.50505480650085
63.904328372938615
73.23717287157503
68.14056010481856
73.94395193768732
66.87405835981426
49.43945015877115
59.41440730682851
40.730206706139576
22.402763054332766
62.712250287022634
17.883748981303146
53.67933841360403
52.95354272860714
72.45409491095027
18.61154725906881
71.4742252281583
18.08792728968481
73.0543023336542
55.72275870565671
23.02937350070465
40.87390600282132
69.21585404807489
71.52082940807588
21.336170103943175
55.89164527409808
71.45736186588114
74.77075345951118
64.75564806543457
60.1074812958895
20.112804896385704
53.54831243320239
25.69516410503634
33.741317790534126
71.84006190804314
27.245972582132254
20.747249577178085
56.818313348979316
52.917307273503184
64.12429414323461
15.039943064945957
39.305337984474534
66.23286943570896
55.9315720088414
31.60599028967516
34.64646201462908
48.25693689835308
35.09029894545401
72.5520991247691
24.920422736981735
23.686102901509464
45.026396993309305
27.570575961796592
39.851003028660955
30.130526663632978
57.10539881446929
57.91864518788563
66.02208092196675
38.17872842017832
43.84478017084054
41.283229591420884
60.897473948879124
32.5718815800416
17.444403964819827
15.613138353362752
68.63714759851875
57.388647169137045
15.39308543435498
53.44539968548285
50.53289659053238
68.21402757746063
19.500896809592334
27.076239399335286
26.503242686901153
42.68730308995353
34.57357417694849
56.77821160206248
25.567704202633934
18.800719290045734
28.861552456794538
55.30297703635642
32.474635643037615
18.68833569878926
44.193172145549354
56.35754895612065
56.6837212547387
31.31942609402537
53.14293229128871
24.959603752667817
55.065273946103346
36.25230726709487
33.94995410198682
57.0189640698813
23.04382984195222
60.10318114088411
73.6845174999634
36.09462373139982
28.44740300492834
41.956338186142474
18.40308622208046
44.25994393962607
35.039203795252675
51.235730529088016
64.95212187698891
42.682936176044876
66.17405614939295
56.583986056573245
48.72033918881895
44.89776700428085
44.12380409446082
74.69442703464276
46.476005001259566
33.16575147970307
48.888135058501305
19.012157731007367
70.31604650739067
64.79512073427415
57.37736412240893
55.13521929944296
63.85034926196184
66.44147052334084
60.878719427068326
22.06087410646256
36.43611551888925
65.13166696213997
44.25303346737094
26.058754311049505
73.6893500247258
29.55495303724946
36.13181771473398
69.46433399232066
51.78882588183328
69.93594056526013
28.695382527734306
36.13110202410958
19.390627133904005
15.126067800298602
56.27228120752318
64.78013149543528
41.74692586347468
20.040005379156007
69.20481506414953
47.959810798533674
46.17609943935523
53.03885888144664
15.535261494682782
43.50766501020766
46.786613417688436
28.52237860548552
61.64605600230997
53.11026800872972
56.53142431741301
40.601211962049724
74.66125932223007
32.675070141399395
36.38340068056412
57.65973947954287
70.2500405061295
50.82106468729792
54.0304151688313
39.25456007698725
37.36503974322295
22.45215739384842
61.522162927389296
18.095817428503956
38.28292528683316
46.12454276135456
48.43129397272436
37.54833420300926
25.925899306601572
47.528144913652014
56.936507481477314
16.84466148358642
24.293337887857376
39.54243729669936
24.547934271425603
72.03560247946993
70.62284529924861
18.138450719931583
39.69356770179476
63.613033369269836
63.079489250578256
25.193436062748354
16.10649497770692
18.534076075834037
37.272487808637464
44.3684517461115
37.0016901136417
67.22577588861223
62.9122656568888
49.939308791197746
70.60913602709348
28.646324347400082
42.92781142705063
44.88434900903561
57.76822087340694
70.68122496004622
20.911480062552926
58.45160451295388
42.17282001812241
29.656721521382927
58.594105899173464
43.76493882982893
27.350151238484575
33.145046449212984
18.839683715723947
16.876168065873493
48.61312681700856
36.91673157908914
74.8768374133449
40.76359959738758
19.79894271225227
63.21739629052126
38.085623305884724
73.08952046122076
58.87519781201429
44.15901309477003
32.36036110776233
72.80346044559396
58.051557436661895
30.88783685055015
48.92484681437606
40.97672030740232
45.07579314502564
51.1425322592101
66.14206180302872
41.52800126953616
59.71827783365743
34.047032019703465
34.011563083051186
37.72818885208246
38.286218468269254
19.414113650288698
51.93203689851959
17.900154683997265
54.46046813006189
52.360317737402205
48.318135203890215
15.745947328669555
27.87465234955489
34.72065794294126
20.812860916828598
50.93385475291076
74.4692538261811
29.347665600810068
74.05095855341548
33.502150705368194
69.46436197583506
70.09285437235133
19.561423445251027
72.47617524658851
66.87636076838595
37.34596180028544
49.05331421684182
32.23044372846124
16.576224780994757
42.082863933641036
35.390273669198734
60.69019099305922
47.287349988635846
60.036051356204126
37.10199452780607
17.71370562629113
62.33757452428355
60.41948817213687
53.83661471966496
63.836728306525515
72.17728759519521
15.028973172722736
32.79648266871424
51.26837819169848
42.74063898884459
34.74303399998885
67.99524611307496
45.50212130426222
70.44092360508856
51.108679111865484
70.21552913068277
24.771651927110383
26.596371760465654
72.46044041408057
31.682905129640368
24.82493651855483
18.1772267948645
60.545447326936454
55.837969086841824
66.54215252951363
16.062870090159166
29.448194248191655
40.83734481776287
74.48356362181342
20.147456591750128
43.58055074075933
17.594444426128813
60.42488787452278
49.3191516123637
49.89020782348776
45.77126992096534
57.070729338393456
64.75924512682872
23.166724649850266
68.40679524248566
28.47333967921991
31.088119893459254
20.695936511196393
30.497028553320952
21.231035126108548
21.103753473976397
31.94035769714278
57.180153271856696
20.71422507524412
22.878446089420155
50.80382311964962
31.94592880876491
61.32368661866693
69.71571908340161
55.011953821740796
74.17472513006649
70.95350251241429
34.46697213094197
41.97506582625556
16.526615516750393
18.023522997071776
64.6282681839877
51.52619801832653
38.79781395110354
46.01443253296729
15.22152244172278
19.885711227354648
32.88329533961661
53.28405722551503
65.35777125942602
46.10722270513776
48.80020379035201
47.55678465308109
66.730017615288
33.81578553081734
71.38938089514626
24.666990234292644
16.610152675690912
51.532926974481576
20.668833369508103
43.89621310804421
59.90353727413082
39.54702927605901
25.932154442868196
44.348596095435795
24.169569794669503
41.52309272680115
66.53417021748957
44.815893885215694
74.14696614890502
50.880883619445335
33.23082070598369
25.841247212541102
44.40127713521198
30.176385095262575
60.37907669402531
19.18076551692704
72.9779718313819
25.876790187991087
17.404208725160032
53.40363646976095
43.73376246427087
43.110085410340794
61.59550498782391
33.46286835260034
65.97884559903343
32.93876845256572
68.88654674511129
35.37854300427491
72.90503128829116
21.52528865624221
52.97258300109397
19.60352988114959
24.50730482078236
52.75294995318353
67.04696633255557
67.38460827766465
68.39381273534995
46.07103702871012
27.277337916283727
39.707063335315624
37.2016471299454
65.96443166563375
49.88383270428649
16.94919725843035
39.938559436034254
49.41395922988962
15.145782129765644
68.20871858135345
20.31604503067603
49.6297324177499
63.82363420239079
68.28588915688077
66.90574911150298
56.08877988430185
70.39998861955155
43.93913975868223
48.07678637883764
22.78325366640593
30.210744943505453
65.31636029325935
46.22430318095624
40.75402856101299
42.146971780995315
45.042618306030725
23.537372032174094
52.64792599932063
56.598323032929315
52.7332032422022
34.439082389764714
48.9544940794623
29.882528923837487
15.949482925810589
16.54007659410591
20.481063154067897
60.63547880599577
30.58836527714073
41.25078281215226
15.664049264012876
65.28917890685288
30.308355463025034
62.952069909420906
40.50128735396527
73.27267307179223
37.135654289669915
17.944365337328996
63.6580338801195
30.595096046447736
65.35395730375448
47.578526734251405
28.731764629331103
30.543619274717194
39.01817257944723
65.54910023414831
61.277417643831676
61.52412206420809
19.038218864467176
33.19838185125974
34.83831620565356
23.985593950620654
19.15807123497438
26.28211016961323
70.98938838683237
35.82886774336339
51.35066990177368
69.03082559479746
27.861160042858756
60.926862595466595
53.47774873781916
49.41770978532401
38.48461739326445
73.77661100649641
49.62315079461848
66.52003571791832
61.94202797467003
50.99683628234186
30.865735725117112
56.03742377363281
58.01991856825103
24.41110007593285
47.13511450829011
74.58782016560114
26.457234830423097
48.958031958923065
59.85001587737854
63.891065529072314
59.06005033467299
22.12726359874768
55.0990773078113
50.0425158579515
15.245733819265272
66.26078926147339
66.41005396618993
49.04075980828933
53.256311413849
31.862987942451177
36.41684441714539
72.57862918248723
26.967292408272804
25.521630574713903
66.58051204259449
55.65609642580638
62.121085501731976
66.56580635865399
16.370259339601596
43.310941598059834
21.0478274366827
52.79542208278673
38.78377628257914
53.638321158094186
29.171447992908917
54.6655587116379
72.76070518776342
43.79599605519206
70.26682369600427
39.27517315731602
43.993614530662796
67.97591321658587
73.77683074738206
20.00754461995842
24.332637219735663
58.2670059255951
63.12138038410557
21.455401957726068
31.551635515117233
15.945565137046616
51.89273212456786
65.08890567951306
27.220084283375158
46.45502541962571
55.512353456276486
27.835580741883735
71.70837907224981
31.27378981904236
63.548438786566614
59.538792195519065
44.050508444481395
39.01437945427635
44.16334655541627
67.92054017810108
16.91917344448611
41.18006071629266
24.87530823482976
25.71501974439846
15.397777634365383
39.29168974712244
55.95191574541355
43.65589233666276
16.32270819020887
28.47548494833908
37.073890201970954
46.31538599667408
67.58970548506863
35.16434767421087
19.240359839627672
20.412928364059056
59.816546934752864
38.34551976353096
55.92799429783134
38.10592554974763
57.036616990201544
24.304115889081473
18.75615143827524
17.176313749040894
36.09065024452747
25.640851361498825
45.25065936617072
23.884329687005348
49.98395909917861
67.50172100982982
60.22687932241835
72.53944218959467
35.01311315736087
30.65787855906807
17.908068134570325
39.208342535070216
50.41774926759633
37.01891541580183
49.04516834302346
66.72225617329343
15.925850373713743
64.01907880359164
15.516581217157972
34.52436535137773
59.02106617015998
39.20845934335237
66.32301367677763
73.59456980774428
37.67840068827367
43.63035998249032
24.603265329166142
72.9352551979653
50.26016363994152
23.4632210529982
15.14950409454477
18.217039337795605
52.71462586998508
41.17086333815032
39.75383349121998
54.69930976790814
28.565940723672966
20.8709076610813
49.35739973706737
57.34826468002955
52.732694062806836
74.70591288271733
27.704475161811892
47.762029344832634
46.982948089421434
27.70788925853919
60.5299092057369
39.79797879475961
55.02127995137477
68.65243821133237
72.28951165724695
64.03945537996141
19.891133872235585
39.58765330184001
33.23963345955959
26.192354722998516
21.653358598816087
21.8755870933728
20.858345937618918
38.86209093756894
28.180997943620376
17.897707369814352
60.3464216559043
19.299481704892727
30.532361588505186
59.05901196533861
17.07674044538994
24.556651381249544
67.18899256557836
47.140575099668865
19.019530745429478
39.57416167780357
27.08612426919307
21.757424836142185
52.60729195728999
29.321724841607125
57.869336889745966
63.75208309156306
54.87250281732978
22.499593668045584
69.11492577683858
55.81407166950838
31.344094579035296
52.99773086096447
54.302316685080186
73.77733625314463
37.761291551283286
57.123326164416625
52.62110635520864
67.86248296419683
63.57051185302767
42.806738461991166
66.65369223035847
65.2283150468815
63.592849337137984
51.06207354402404
32.848055372735075
69.20768885481982
51.42544817482744
27.500128552519946
70.96685287835211
56.996347450613385
17.51891456946517
48.49617043381951
54.60914999660775
42.65611653239277
56.62474128324944
35.173864834382904
61.237789937102264
15.420937199548288
45.28998585365436
47.21477156354138
43.51619731034599
34.813577316319474
37.00002634056539
48.51908927318277
18.128253168205653
68.53777823430167
34.7122685570731
48.53931799173971
25.810629297564347
22.745693353207148
51.56159227547718
59.09979006682892
71.42338747506388
57.24828532888403
48.48711139329947
55.34513056041958
54.83849117991181
21.04405057970238
56.300010762151835
74.25969387908648
27.073428206299063
59.69179307327501
35.650186455466354
69.09692108358297
68.87551216288657
29.19735794229092
73.10696904982476
23.143876602099027
59.151130250777044
71.26304951802175
67.08487632362474
64.67370955098775
37.59746166070436
44.262453498762504
26.02015705630687
44.23386786004768
19.57816189364244
29.629598491920643
66.78854560534525
39.08082201828756
38.5536389382656
74.22311381939708
41.24173949342368
44.92934266305739
73.4195168233708
47.265273212998125
16.309216524465548
52.64302504791677
53.31709326852377
18.40085336028548
72.47152501779864
33.49040444357654
19.939136601375438
16.932897488837156
36.83712571793904
70.96836663492726
65.68859762346528
15.483148288074567
71.68339755353138
54.51473012735178
15.748794340537058
Rank 3: 200 simulations
Rank 1: 200 simulations
43.33772314103307
70.52029268364188
19.329355924017513
34.94580606515848
37.66880332796108
74.36697348291514
24.177819092714792
28.77308798531501
16.469687345655796
64.23444518628992
24.082868606199547
60.666087245982716
42.60613221471108
20.879338848062513
67.34015449968621
61.243475498088884
48.103435220988466
31.75232509062694
63.59808858191963
44.80451108617644
17.12082559088079
63.094157204129516
22.778010918901224
20.745190277356826
26.044051914518825
70.1126491492546
73.07103812214751
72.04745054748491
64.98358910329206
47.18961604585664
70.47686978677369
51.83008468481788
64.70018881718167
61.18985503324935
18.201922746589858
31.214811831709902
70.03532599700041
29.310090415773402
49.0191004647734
Running 800 simulations with 4 MPI ranks
Rank 0: 200 simulations
Rank 2: 200 simulations
t=16411078  fraction=0.32750  peak_slope=1.478e-07  t_peak=1476997  comparison cadence=16411078  difference=0.32750  below=0/3
t=16575189  fraction=0.32750  peak_slope=1.478e-07  t_peak=1476997  comparison cadence=16411078  difference=0.32750  below=0/3
t=16739300  fraction=0.32750  peak_slope=1.478e-07  t_peak=1476997  comparison cadence=16411078  difference=0.32500  below=0/3
t=16903411  fraction=0.32750  peak_slope=1.478e-07  t_peak=1476997  comparison cadence=16411078  difference=0.31000  below=0/3
t=17067521  fraction=0.32750  peak_slope=1.478e-07  t_peak=1476997  comparison cadence=16411078  difference=0.28500  below=0/3
t=17231632  fraction=0.32750  peak_slope=1.478e-07  t_peak=1476997  comparison cadence=16411078  difference=0.26250  below=0/3
t=17395743  fraction=0.32750  peak_slope=1.478e-07  t_peak=1476997  comparison cadence=16411078  difference=0.23125  below=0/3
t=17559854  fraction=0.32750  peak_slope=1.478e-07  t_peak=1476997  comparison cadence=16411078  difference=0.20625  below=0/3
t=17723965  fraction=0.32750  peak_slope=1.478e-07  t_peak=1476997  comparison cadence=16411078  difference=0.19250  below=0/3
t=17888075  fraction=0.32750  peak_slope=1.478e-07  t_peak=1476997  comparison cadence=16411078  difference=0.16375  below=0/3
t=18052186  fraction=0.32750  peak_slope=1.478e-07  t_peak=1476997  comparison cadence=16411078  difference=0.15250  below=0/3
t=18216297  fraction=0.32750  peak_slope=1.478e-07  t_peak=1476997  comparison cadence=16411078  difference=0.13750  below=0/3
t=18380408  fraction=0.32750  peak_slope=1.478e-07  t_peak=1476997  comparison cadence=16411078  difference=0.12125  below=0/3
t=18544518  fraction=0.32750  peak_slope=1.478e-07  t_peak=1476997  comparison cadence=16411078  difference=0.10625  below=0/3
t=18708629  fraction=0.32875  peak_slope=1.478e-07  t_peak=1476997  comparison cadence=16411078  difference=0.09250  below=0/3
t=18872740  fraction=0.32875  peak_slope=1.478e-07  t_peak=1476997  comparison cadence=16411078  difference=0.08625  below=0/3
t=19036851  fraction=0.32875  peak_slope=1.478e-07  t_peak=1476997  comparison cadence=16411078  difference=0.07625  below=0/3
t=19200962  fraction=0.32875  peak_slope=1.478e-07  t_peak=1476997  comparison cadence=16411078  difference=0.06875  below=0/3
t=19365072  fraction=0.32875  peak_slope=1.478e-07  t_peak=1476997  comparison cadence=16411078  difference=0.06375  below=0/3
t=19529183  fraction=0.32875  peak_slope=1.478e-07  t_peak=1476997  comparison cadence=16411078  difference=0.05250  below=0/3
t=19693294  fraction=0.32875  peak_slope=1.478e-07  t_peak=1476997  comparison cadence=16411078  difference=0.05000  below=0/3
t=19857405  fraction=0.32875  peak_slope=1.478e-07  t_peak=1476997  comparison cadence=16411078  difference=0.04750  below=0/3
t=20021515  fraction=0.32875  peak_slope=1.478e-07  t_peak=1476997  comparison cadence=16411078  difference=0.04375  below=0/3
t=20185626  fraction=0.32875  peak_slope=1.478e-07  t_peak=1476997  comparison cadence=16411078  difference=0.04125  below=0/3
t=20349737  fraction=0.32875  peak_slope=1.478e-07  t_peak=1476997  comparison cadence=16411078  difference=0.03625  below=1/3
t=20513848  fraction=0.32875  peak_slope=1.478e-07  t_peak=1476997  comparison cadence=16411078  difference=0.03250  below=2/3
t=20677959  fraction=0.32875  peak_slope=1.478e-07  t_peak=1476997  comparison cadence=16411078  difference=0.03125  below=3/3
Stopping at t=20677958.62003749
Saved 531 remaining particles to /scratch/group/p.phy260085.000/Mass_Fraction/Outputs/Ejection_Results/remaining_particles_2187505_2.csv
