==========================================
Mass Fraction MPI Run
==========================================
Date:               Sun Oct  4 20:39:59 CDT 2026
Host:               ac048
Array job ID:       2187497
Array task ID:      3
MPI ranks:          4
CPUs per task:      1
Nodes allocated:    1
Python:             /scratch/user/u.hm357857/.conda/envs/comets/bin/python
Conda environment:  /scratch/user/u.hm357857/.conda/envs/comets
==========================================

24.65631488763066
23.754355794080485
21.49574658251001
23.436853354379338
23.438922095184672
15.816258894469735
24.054820239241685
7.319396703708709
8.57852364076244
13.548266881166583
18.36369297382224
21.205057667476904
18.347627278287185
12.779463054120018
6.325801162305478
7.602291277331378
21.310110353925186
24.556380677079183
16.546026537447634
10.559191386399595
7.729686513360605
16.558417216281498
15.639055113943217
5.075384994694147
9.682582708484404
22.111455128632745
19.729022374552407
6.976772876429342
17.99783138519557
21.674228826950973
6.401306202777388
7.400526685259987
5.113319425176952
6.586194186501264
20.490405938361768
22.37124793148962
5.527309578620201
13.758983218389107
6.560779066912312
23.696199091959965
18.21666540410626
13.501308602036124
21.75025199113766
11.383462562670022
22.56097023411487
10.455622842279062
12.195126507477053
19.41350826905948
20.838395595728027
16.576749428415265
10.303586566548816
5.2585394490108435
15.698239452358692
10.725041987769256
24.732502371443044
21.888501021253933
15.933573975326112
16.8718357391914
15.349478145259582
17.197711587873503
14.039322029581477
19.453359673345297
6.7230526628850225
5.1956947847655215
23.189506559779613
19.923767616481747
16.718672100911675
10.064514793887703
14.383756228914692
6.803646215623345
23.24513912378793
22.42747634938684
15.346499078373217
18.608711219550997
6.448648309133556
17.976108109683857
19.41613260383631
22.311340565647082
8.863074371067192
7.204247733052799
6.806496305486192
7.652937027526092
22.976612754236232
14.577211727312957
13.860099325886406
20.871360272749563
10.707234473098318
11.366798126993778
18.330041393664104
6.056266180481929
20.075229181193013
5.397039377987214
20.29351484239117
21.48207492583253
19.078642260978732
23.845408613357673
11.758822941692483
14.603560609217023
9.339026188514534
24.079280931225604
18.096568674724576
24.05773665731963
10.463522143722086
8.118533274750323
9.989959485782496
6.623481289794775
16.971444495703167
22.354170675483115
19.0515338366702
24.36322567330896
14.04618336308131
22.979440927464193
22.98759138548188
6.23795586993867
9.169318344443827
22.391252618876393
24.87172054410911
14.28443592395199
5.745062439841835
6.298638617959906
17.26666620900449
5.832608376245288
18.878554575288046
7.618634971981546
14.749767813515572
20.38493803966254
6.299081699897727
13.694413712625336
17.0437361794778
18.496377887235873
19.606819214115696
14.542486929427984
23.696830241046488
10.66951011423937
9.357770831753335
9.969390207815266
20.815413397997
8.546550546302399
21.839037223752815
14.885576844593418
16.447998868602923
10.002355301297117
22.704322185322525
19.631367184709674
8.099498300546815
5.714299578648223
14.470198997082061
9.363966414950461
15.672687439022468
7.372794989780287
6.337250892189932
8.887902013085325
12.16228222396288
12.623981072859278
10.783380514187312
7.4778717519401745
7.120945034884785
14.380834702411054
18.781618748742336
19.52522828051713
17.982756715170197
18.963791683125862
21.147940008740328
13.378266716183608
19.192112147083716
18.537551777611053
8.06160113665728
15.025725367999014
22.303278044845424
16.32161530669334
19.884750897328708
21.08128217329009
7.014532252885834
17.512617920385686
12.442420108287774
8.211377948279758
18.45182829777926
10.208087472362887
6.5179140099062804
5.975900355439978
24.10760227780245
12.432525016665497
16.302033548841948
5.322617949526098
5.874958167175728
15.23872620782782
23.376560103929165
7.963115824868503
9.47661105836328
23.026034546634662
21.37946023534689
10.22578529852577
17.624277556856427
8.990303296988492
15.092774298838787
24.96227979806442
24.53349997881936
7.332534397106675
19.834103382208696
13.546306945557596
22.83045481948513
11.567106131669094
14.076199691570146
11.083669242218438
16.51929758542454
5.242515804269567
5.96873321434429
12.674071199454747
8.134381503601487
12.983585537641993
16.906667191639386
6.065139574852989
22.476414065209987
15.26847501810785
11.482006343310928
22.951943221766893
20.21785374829653
10.261746778590306
21.107659597474523
15.972408458172247
19.422770674149227
15.727612872535467
24.274847545686583
23.778421398776338
10.538166831180892
16.10823953209733
10.888017453886986
15.709332772285528
14.298001092739286
23.245001540682672
18.023700788886035
14.79172540646514
20.83733672869085
23.299075708356913
7.714552291517611
13.998171775137145
19.60568620169558
20.858990686222683
12.401151350194228
5.799757688681431
6.03479226079755
19.060626750357237
12.442892936133369
18.859297981878427
10.60173258146753
22.514194960371135
11.917267655973248
6.123902784470278
16.272897372150382
24.27612218429853
20.069316222485504
16.669060043184203
8.289553067428484
14.785178030697173
12.6892104353365
18.381991988015955
14.037422811411256
7.862273202329975
22.12163438179064
10.548754781705442
16.11710206228307
11.628556399486726
20.61239022444662
9.039530460385791
15.946240145731796
15.453915447712937
24.869116280486505
17.46858287311857
17.138399726427394
10.873963341122113
21.153946618448146
24.026467750752715
5.794211852529488
17.070167978009763
8.66738116251889
8.556394393451537
11.666163571082858
17.062542526039678
5.970908276968734
10.310249477398383
6.556259621758098
24.07877227810126
6.801953486337293
24.621990260723663
7.014659045995946
19.471469455901087
13.339278561976977
6.732752119218137
6.284892758332729
13.701618050024763
8.322250506190528
10.186856049595566
10.357873167360623
5.6574575319067915
13.063529251518515
22.657949919816986
23.382993579574396
17.658519043213794
21.91906903174736
13.184833057112861
8.118169353689158
19.178154020471702
5.785796959751039
8.564648176684182
15.998183406350972
12.983407308265631
19.705769434711474
19.486222645295616
15.608378701464202
24.346456712015442
23.54205672549708
14.067935124961807
5.631677241673723
7.570631268767343
16.53231632101605
23.60091592621372
17.39887114153245
16.504096627421276
21.715585391512683
23.581233754078568
7.91467009851462
8.544131278993813
22.566361537850717
17.317156263410283
6.085222393459773
18.836991734842556
19.878195617140566
22.900011336866207
5.3818483671561985
17.67030099742339
9.739507997301246
17.963256350059464
10.84857344291424
11.812705041681696
21.217000218233377
22.42126578471953
14.023643716574416
14.534813031862818
5.9629708873672005
24.125311160959598
12.716891605061553
13.488073187095527
15.34208659940754
8.430106543941797
18.79096423985756
19.877602943783742
14.76012158411962
5.463236057860692
18.781334542788834
9.267832046533247
24.700470546372138
13.091111586582828
16.622643640365986
16.739711729592262
5.791643253908136
12.612647874506454
22.490911138493242
9.456575649497525
14.42710792295298
18.14427337999213
22.783380253198096
6.006453886684109
22.393165395621747
9.169297778953718
11.11336745843094
7.833227512919088
23.26134240694514
6.020358616155352
14.676660189725057
6.6467810142548505
21.477036119368403
23.878291150811275
14.704634870080255
6.316681510491955
16.75086622224096
14.687158490766947
13.227292358636246
11.013988443570117
20.142355984528145
6.427600186751954
13.802800056021274
21.97456633061337
11.092769307932919
21.073181948349124
14.525300255078362
9.328108877614518
21.545213994448396
8.374092670132002
8.350813581115004
10.646423957835951
8.148770077587121
6.695358299492282
11.5998415612119
22.605767221575928
7.422085439735158
8.077165490165285
15.004236959317975
20.810229620820973
6.72578121830175
9.599808782444569
13.527296524003036
12.502565317004631
5.182846181906857
20.23979967999479
11.549405802134551
11.793096320731145
9.214133539689866
8.378198682308916
11.667058415304181
24.650884403136367
22.59780920318744
13.767227234300645
6.598454377764968
18.425984413063777
23.767056959886943
5.381474037377332
12.464583564545373
12.814290560060382
10.53988669164907
6.916086893374533
7.140328723429173
8.998286353197539
7.786589883108837
11.997115634071028
14.550435029155057
12.84238428780892
13.380244371526697
13.401206338091896
23.372025847702893
14.726601739188334
24.112204672929384
6.748044379185798
11.634481114748365
22.58541435332242
11.805217031338753
14.476991267930337
15.324872952162014
6.008132572371013
15.474373536759742
6.8838465311396435
16.70428434508608
15.026835509260344
23.95921803931347
24.43252089794068
7.608844722655926
11.458349087488388
9.747619221676748
17.220693935370814
8.547049890551108
20.101420552271197
11.226725448001801
17.71844795559826
9.45694227117863
24.600238057184175
12.134102534719071
18.356745422952585
22.206206570434837
19.226309820330634
5.286555906428971
9.975752946721958
7.5061560920428505
7.857492619619364
21.621402021544544
16.543988736266925
23.62522273624782
11.63227041679889
22.557731284834084
21.413905066145876
19.014606601226717
18.239019450173206
15.01822236156642
19.524210691667363
20.57083472252879
13.235647219552844
23.452826642068207
21.34435521201162
11.335738984147971
14.569715988885596
19.824292773216147
12.317435715403827
24.045121806201884
19.82387591573836
7.687324401347442
21.249867399490025
19.074661321333743
21.192935660953655
16.399225270179883
18.63836831089288
11.042093414658842
21.329335769764487
22.608309341519696
6.44310688910249
6.351063472817657
11.954655606168407
8.668219291267661
15.261490572079051
12.764514426984157
11.577496770635868
5.711495724576158
24.68312843136175
13.03147689042394
10.67786782801359
11.17016757738204
15.224445790515755
7.1033478907409915
22.032531629670757
12.360243883006648
21.066362402139372
11.01459264901668
7.632857142269809
22.08478270083505
8.75566568872933
18.44817233048657
16.25246179182264
9.597799488372571
18.37714657502453
7.673405311825219
12.534057362583347
15.960860671297944
14.985214473915967
18.417949450088628
17.933508072274194
16.71243853840398
19.801446680113592
6.207048158232286
24.40181954194221
13.20456552011654
17.11899509009379
15.647433833703069
16.930218972943784
19.79530288667838
17.490672272718044
13.128798828951126
20.251324995839717
17.016324014649598
21.91385243074827
15.000964742031535
8.457260432374463
6.699991983388993
10.977983812528784
8.894354234830892
17.157670898290547
17.769801307083558
9.019627343275861
7.554697159676365
21.551937992163005
9.793562796877783
24.720243597071587
16.05227977659156
20.02192267164278
22.84996001881563
10.354919715741818
12.068330552031467
13.292122736973669
16.310897713915423
17.529739762217442
7.339768872647213
16.410185907186662
17.38445927456521
23.100002124886903
13.794566672573767
16.073010614860088
24.40291289491935
22.691089826288625
22.933797681850024
24.31739815447933
17.330874648103283
19.20439133568716
16.81982607159601
20.809240835281834
7.968463644236657
14.168217894975843
5.000412217655739
11.75665122396901
18.028779779309545
11.054035723612266
8.683851805811472
12.296003838004797
6.755519171010338
15.502502456462459
20.448744514978028
20.745252807532957
24.097435088671926
21.83658982403478
16.486394376620883
10.298315773171641
19.265998205225156
17.797718912886204
20.466283960862864
16.229672385073428
18.427067846666837
7.4988596213328895
21.153120328388702
7.609888708629946
12.628234049188086
15.869715351850447
23.03587159082591
23.774330285613882
9.97181663472626
20.07799922797562
17.071324919486017
20.04352090826481
8.407699111156383
11.59983176669937
15.003848140636254
6.006229660442721
13.279235358569784
12.943623379588809
5.853741835509676
23.005302417633818
6.180456579324211
11.493318207259042
15.835613797100848
12.984125454804495
15.645690970456222
24.97168291150573
9.594177953444339
23.564462410737146
22.842749241716078
14.09895037443978
9.213682568027139
24.29573704853127
18.590031617929363
19.94937148914851
18.29620178181893
17.313035732202415
18.13513844637541
10.181092824920446
12.714405802146075
10.980550183246793
15.108090771779954
16.10958779666132
5.820986969677859
9.67503045342596
10.63595007437489
18.79450467704784
9.186669019432028
21.378673523482725
18.041954488224558
11.933651940711659
23.02295115369831
14.240010232345018
18.89384566613443
21.825470006633886
9.092182125219203
15.599616561003536
24.42421591063804
6.1279262590563395
6.598970491972933
21.46917471091305
5.407123925340143
24.61281066301969
22.330225714203557
20.096182971029652
11.401491713800025
18.120965269666925
11.515413483761991
11.212254458653302
16.3661310118997
9.847668590609382
24.195790641659027
18.653523000175667
12.615595308764584
23.38798845491157
24.0372685213742
22.71377744103589
24.146139488526895
15.822508450826831
8.038718192400742
6.114030539722237
13.206350823931164
9.950581824163612
21.04029080164732
13.53358864269129
15.682446531565844
6.052761173672345
24.31724304590221
21.72376986748345
6.047640180058586
11.414551506338244
14.29448982588708
24.65960122886641
21.356659007229936
18.506868062643548
12.307576386007009
16.89576959064656
17.592321548779708
23.83513287167663
12.003830809649553
6.2874287749208495
7.508506547247123
7.594415739158109
5.092373717547314
18.55221638196319
16.798968505273464
22.32705991105582
22.649478957727588
24.714728799266553
19.518754175033735
13.571266208415931
8.142369741699895
20.713937211381165
19.10066137735815
18.976122888053723
6.105962843790202
13.897342875130963
13.147898551849305
9.400468647345711
15.91653429702575
8.441427896134144
8.448898794912383
7.894255015177654
8.630805873408242
5.385199999908348
8.992565292237186
14.608889159291202
14.230005172284397
16.408811787146455
13.96703716547766
16.910014281347255
10.381382895181343
20.328062430394723
5.079926068449372
23.16323332210941
21.03893734547702
22.797299173028822
18.283931419804798
17.466917775665607
5.442457670890164
20.069940326829297
24.76428084888703
19.849942473792417
16.99371289540978
13.153894727089028
17.069664383530625
5.135196343841411
7.625264490814816
19.428459434189527
22.384784306164253
24.66964328007111
24.041848958590823
9.18360587223729
6.3281550952120025
11.580344596321037
12.562285693717932
14.251145803374179
19.893225222516357
19.581959871852757
12.64559785113936
19.003118957201536
13.702183366545754
12.742897316309413
17.392373384796066
12.77326977824129
17.863879997256753
24.05500521981732
6.857691202052401
19.790657588921842
14.857769543501176
10.445766374089825
15.764954214529235
16.6303305985598
16.80898796498617
13.766742888121584
23.974260178330965
23.55830808861394
12.292941628320854
9.751899145813836
13.34599519934056
6.93376059092704
8.01131378776651
19.162601753080253
18.49359832957892
14.316993613589426
23.426763335347797
12.239727580000164
23.647166746710084
22.13935739554963
20.71664471206902
15.94716018247311
14.603490322538281
9.252314474442818
8.370450392036911
17.39899154788744
21.159895532425864
24.447018313945698
8.287762832155298
9.828193142982029
8.059839021007367
15.235197688359147
12.714332494554403
14.301080571035953
15.975475580811382
12.396434331154522
12.282601391788665
Rank 2: 200 simulations
12.61917413758888
12.747939418625045
12.798694923135736
24.001609569631455
Running 800 simulations with 4 MPI ranks
Rank 0: 200 simulations
14.601944356549856
Rank 3: 200 simulations
Rank 1: 200 simulations
t=3160289  fraction=0.29125  peak_slope=2.690e-07  t_peak=884881  comparison cadence=3160289  difference=0.29125  below=0/3
t=3191892  fraction=0.29125  peak_slope=2.690e-07  t_peak=884881  comparison cadence=3160289  difference=0.29125  below=0/3
t=3223495  fraction=0.29125  peak_slope=2.690e-07  t_peak=884881  comparison cadence=3160289  difference=0.29125  below=0/3
t=3255098  fraction=0.29125  peak_slope=2.690e-07  t_peak=884881  comparison cadence=3160289  difference=0.29125  below=0/3
t=3286701  fraction=0.29125  peak_slope=2.690e-07  t_peak=884881  comparison cadence=3160289  difference=0.29125  below=0/3
t=3318303  fraction=0.29250  peak_slope=2.690e-07  t_peak=884881  comparison cadence=3160289  difference=0.29250  below=0/3
t=3349906  fraction=0.29250  peak_slope=2.690e-07  t_peak=884881  comparison cadence=3160289  difference=0.29250  below=0/3
t=3381509  fraction=0.29500  peak_slope=2.690e-07  t_peak=884881  comparison cadence=3160289  difference=0.29500  below=0/3
t=3413112  fraction=0.29625  peak_slope=2.690e-07  t_peak=884881  comparison cadence=3160289  difference=0.29375  below=0/3
t=3444715  fraction=0.29625  peak_slope=2.690e-07  t_peak=884881  comparison cadence=3160289  difference=0.29250  below=0/3
t=3476318  fraction=0.29625  peak_slope=2.690e-07  t_peak=884881  comparison cadence=3160289  difference=0.29125  below=0/3
t=3507921  fraction=0.29625  peak_slope=2.690e-07  t_peak=884881  comparison cadence=3160289  difference=0.28875  below=0/3
t=3539524  fraction=0.29625  peak_slope=2.690e-07  t_peak=884881  comparison cadence=3160289  difference=0.28375  below=0/3
t=3571127  fraction=0.29625  peak_slope=2.690e-07  t_peak=884881  comparison cadence=3160289  difference=0.27625  below=0/3
t=3602729  fraction=0.29625  peak_slope=2.690e-07  t_peak=884881  comparison cadence=3160289  difference=0.27375  below=0/3
t=3634332  fraction=0.29625  peak_slope=2.690e-07  t_peak=884881  comparison cadence=3160289  difference=0.27000  below=0/3
t=3665935  fraction=0.29625  peak_slope=2.690e-07  t_peak=884881  comparison cadence=3160289  difference=0.26375  below=0/3
t=3697538  fraction=0.29625  peak_slope=2.690e-07  t_peak=884881  comparison cadence=3160289  difference=0.25625  below=0/3
t=3729141  fraction=0.29625  peak_slope=2.690e-07  t_peak=884881  comparison cadence=3160289  difference=0.25000  below=0/3
t=3760744  fraction=0.29625  peak_slope=2.690e-07  t_peak=884881  comparison cadence=3160289  difference=0.23750  below=0/3
t=3792347  fraction=0.29625  peak_slope=2.690e-07  t_peak=884881  comparison cadence=3160289  difference=0.23250  below=0/3
t=3823950  fraction=0.29625  peak_slope=2.690e-07  t_peak=884881  comparison cadence=3160289  difference=0.22750  below=0/3
t=3855553  fraction=0.29750  peak_slope=2.690e-07  t_peak=884881  comparison cadence=3160289  difference=0.22125  below=0/3
t=3887155  fraction=0.29750  peak_slope=2.690e-07  t_peak=884881  comparison cadence=3160289  difference=0.21625  below=0/3
t=3918758  fraction=0.29750  peak_slope=2.690e-07  t_peak=884881  comparison cadence=3160289  difference=0.20375  below=0/3
t=3950361  fraction=0.29750  peak_slope=2.690e-07  t_peak=884881  comparison cadence=3160289  difference=0.20125  below=0/3
t=3981964  fraction=0.29750  peak_slope=2.690e-07  t_peak=884881  comparison cadence=3160289  difference=0.19125  below=0/3
t=4013567  fraction=0.29750  peak_slope=2.690e-07  t_peak=884881  comparison cadence=3160289  difference=0.18375  below=0/3
t=4045170  fraction=0.29750  peak_slope=2.690e-07  t_peak=884881  comparison cadence=3160289  difference=0.17375  below=0/3
t=4076773  fraction=0.29750  peak_slope=2.690e-07  t_peak=884881  comparison cadence=3160289  difference=0.16500  below=0/3
t=4108376  fraction=0.29750  peak_slope=2.690e-07  t_peak=884881  comparison cadence=3160289  difference=0.16000  below=0/3
t=4139979  fraction=0.29750  peak_slope=2.690e-07  t_peak=884881  comparison cadence=3160289  difference=0.15500  below=0/3
t=4171581  fraction=0.29750  peak_slope=2.690e-07  t_peak=884881  comparison cadence=3160289  difference=0.15125  below=0/3
t=4203184  fraction=0.29750  peak_slope=2.690e-07  t_peak=884881  comparison cadence=3160289  difference=0.14125  below=0/3
t=4234787  fraction=0.29875  peak_slope=2.690e-07  t_peak=884881  comparison cadence=3160289  difference=0.13875  below=0/3
t=4266390  fraction=0.29875  peak_slope=2.690e-07  t_peak=884881  comparison cadence=3160289  difference=0.13250  below=0/3
t=4297993  fraction=0.30000  peak_slope=2.690e-07  t_peak=884881  comparison cadence=3160289  difference=0.12875  below=0/3
t=4329596  fraction=0.30000  peak_slope=2.690e-07  t_peak=884881  comparison cadence=3160289  difference=0.12750  below=0/3
t=4361199  fraction=0.30000  peak_slope=2.690e-07  t_peak=884881  comparison cadence=3160289  difference=0.12750  below=0/3
t=4392802  fraction=0.30000  peak_slope=2.690e-07  t_peak=884881  comparison cadence=3160289  difference=0.12125  below=0/3
t=4424405  fraction=0.30000  peak_slope=2.690e-07  t_peak=884881  comparison cadence=3160289  difference=0.11250  below=0/3
t=4456007  fraction=0.30000  peak_slope=2.690e-07  t_peak=884881  comparison cadence=3160289  difference=0.10750  below=0/3
t=4487610  fraction=0.30000  peak_slope=2.690e-07  t_peak=884881  comparison cadence=3160289  difference=0.10250  below=0/3
t=4519213  fraction=0.30000  peak_slope=2.690e-07  t_peak=884881  comparison cadence=3160289  difference=0.10000  below=0/3
t=4550816  fraction=0.30125  peak_slope=2.690e-07  t_peak=884881  comparison cadence=3160289  difference=0.10000  below=0/3
t=4582419  fraction=0.30125  peak_slope=2.690e-07  t_peak=884881  comparison cadence=3160289  difference=0.09250  below=0/3
t=4614022  fraction=0.30125  peak_slope=2.690e-07  t_peak=884881  comparison cadence=3160289  difference=0.08625  below=0/3
t=4645625  fraction=0.30125  peak_slope=2.690e-07  t_peak=884881  comparison cadence=3160289  difference=0.07875  below=0/3
t=4677228  fraction=0.30125  peak_slope=2.690e-07  t_peak=884881  comparison cadence=3160289  difference=0.07750  below=0/3
t=4708831  fraction=0.30125  peak_slope=2.690e-07  t_peak=884881  comparison cadence=3160289  difference=0.07125  below=0/3
t=4740434  fraction=0.30125  peak_slope=2.690e-07  t_peak=884881  comparison cadence=3160289  difference=0.06500  below=0/3
t=4772036  fraction=0.30125  peak_slope=2.690e-07  t_peak=884881  comparison cadence=3160289  difference=0.06500  below=0/3
t=4803639  fraction=0.30125  peak_slope=2.690e-07  t_peak=884881  comparison cadence=3160289  difference=0.06250  below=0/3
t=4835242  fraction=0.30125  peak_slope=2.690e-07  t_peak=884881  comparison cadence=3160289  difference=0.06000  below=0/3
t=4866845  fraction=0.30125  peak_slope=2.690e-07  t_peak=884881  comparison cadence=3160289  difference=0.05625  below=0/3
t=4898448  fraction=0.30125  peak_slope=2.690e-07  t_peak=884881  comparison cadence=3160289  difference=0.05250  below=0/3
t=4930051  fraction=0.30125  peak_slope=2.690e-07  t_peak=884881  comparison cadence=3160289  difference=0.05125  below=0/3
t=4961654  fraction=0.30125  peak_slope=2.690e-07  t_peak=884881  comparison cadence=3160289  difference=0.05000  below=0/3
t=4993257  fraction=0.30125  peak_slope=2.690e-07  t_peak=884881  comparison cadence=3160289  difference=0.04750  below=0/3
t=5024860  fraction=0.30125  peak_slope=2.690e-07  t_peak=884881  comparison cadence=3160289  difference=0.04250  below=0/3
t=5056462  fraction=0.30125  peak_slope=2.690e-07  t_peak=884881  comparison cadence=3160289  difference=0.04250  below=0/3
t=5088065  fraction=0.30125  peak_slope=2.690e-07  t_peak=884881  comparison cadence=3160289  difference=0.04250  below=0/3
t=5119668  fraction=0.30125  peak_slope=2.690e-07  t_peak=884881  comparison cadence=3160289  difference=0.03875  below=1/3
t=5151271  fraction=0.30125  peak_slope=2.690e-07  t_peak=884881  comparison cadence=3160289  difference=0.03875  below=2/3
t=5182874  fraction=0.30125  peak_slope=2.690e-07  t_peak=884881  comparison cadence=3160289  difference=0.03750  below=3/3
Stopping at t=5182873.962948992
Saved 557 remaining particles to /scratch/group/p.phy260085.000/Mass_Fraction/Outputs/Ejection_Results/remaining_particles_2187497_3.csv
