==========================================
Mass Fraction MPI Run
==========================================
Date:               Sun Oct  4 20:33:26 CDT 2026
Host:               ac048
Array job ID:       2187490
Array task ID:      3
MPI ranks:          4
CPUs per task:      1
Nodes allocated:    1
Python:             /scratch/user/u.hm357857/.conda/envs/comets/bin/python
Conda environment:  /scratch/user/u.hm357857/.conda/envs/comets
==========================================

10.390513481423048
10.035787317135773
9.770998936249986
10.304798688947555
10.362801900144985
10.596152788300804
10.256983637985204
10.01805728569818
10.702879028008214
10.311619980413939
10.685487984059064
10.703503267477489
10.181724401619014
9.825004817308857
10.712064639951162
10.6114060394087
10.423006776852933
10.05710596565177
9.817576998658334
10.199091652680893
9.815237450579557
10.07543475442716
10.362627560887493
9.8745103044429
10.07498319063009
10.384328930838599
10.368803361236605
10.271565713247298
10.170750995199834
9.849995393341569
9.828041580713945
9.777327232552985
9.816351321644001
10.058546070409522
9.990332156291569
9.81135763744263
10.634364589134616
10.576686611785378
10.728780612999184
10.102929467482081
10.667137551708432
9.998300213686395
10.288907029989076
10.199617696345952
10.583719834484791
9.717389963177261
10.553929871397134
10.227256085544983
10.850621607541548
10.117729543692095
10.118764021147847
10.132149081468345
10.062932029998695
9.993894799192994
10.713717716664215
10.796797845032287
10.620414802032956
10.497416712350779
10.304536736034567
10.654296712695851
10.582515025036882
10.038113994640911
9.965831061513578
9.84966170943649
9.983692409926823
9.798330022316158
9.800527828448699
10.099197724396685
10.471592647404872
10.234705485414212
9.752775895231112
10.72695350138501
10.168431815442464
9.840035280398341
9.996141280908496
10.272095842631481
10.221114991496481
10.464958393328944
9.750802473448068
9.99893699856851
10.083791957618017
9.711816613828276
10.289671132296862
10.01314484121463
10.337808929518605
10.75617552414234
9.861424484466347
10.791256595633852
10.58624627692303
10.185175380293444
10.168546505235156
10.812373429510293
10.697088761958094
10.378136534084478
10.122894938674067
10.482531850658734
10.756329966909396
10.461426800649846
10.582888972801708
9.859337086513841
10.157287647122162
10.741373652612019
10.310090301533467
10.783593883720785
10.521166256357512
10.237174474147746
9.997220897255104
9.966230559797294
10.80712803820205
10.167374514894183
9.772076668061839
9.911812489660528
10.228898972879628
10.103764536916213
9.911279632638903
9.930009839432426
10.294229201213035
10.0375710282542
10.351167962079302
10.803586882566421
10.295103371751704
10.516762899092116
10.239042128948123
10.64968796417845
10.369803670531978
10.350700287215346
10.200474423288776
10.499243550931492
10.026222044969215
10.35904288484432
9.821623144303512
10.554543179687052
10.22011978890006
9.824805579086235
10.096128250985403
10.32696404807944
10.610699210255545
9.924716912629895
9.874253356856473
9.719049660304703
9.719890238369207
10.810079473581677
10.720711992149294
10.539951402588143
10.483933840337427
10.088789846183664
10.437053871692722
10.0371740399363
10.708667078228354
9.883365075121217
9.768158817192445
10.736657075402226
10.02644789932317
9.718548665646123
10.004215187440488
9.937277938886202
10.818923432297577
10.43224976130398
10.471797599742294
10.66575779501989
10.599165900976171
10.359648240959958
10.719838740722583
10.721726572110356
10.540455058384646
10.454695078433982
9.881813004449322
10.565875200435507
10.47569167719262
10.356738918589407
9.938978664791938
9.716155343981345
10.690749552533278
9.804693749856638
9.961320132494198
10.545270328795429
9.71539499974419
9.883551398373251
10.485567558616706
10.054148762547031
9.777956087729429
10.622643419439559
9.785565428743384
9.73257921446047
9.898928933335705
10.388254002978675
10.199163265616733
9.71132881352094
10.607735430800673
10.846599530726436
10.346262439631294
10.554650333384627
10.443392215106925
10.607251593120107
10.779989494977588
9.895773956782595
10.09686404560846
10.663174728783124
10.442101616966594
10.020907673713104
10.779337060975337
10.120644018087372
9.717821953107808
9.895877350963675
10.74358703714296
10.528546420708867
10.441099591134392
9.804102496727761
10.352504747184756
10.81199268729075
10.261381034395965
10.362201417272646
10.248221908961744
9.726045083638361
10.84986986639232
10.029456094869518
10.644743993728584
10.280694193336727
10.4850620029685
9.914941535970916
10.213142077451549
10.278808264317455
9.944777454306557
10.624722137227247
10.423549600161138
10.318532929276836
10.287904307673292
10.367422906461906
10.033373465116508
10.782351599622682
10.298916025317231
10.293804703747872
9.838805466277286
9.976146812130308
10.586848915333375
10.729696874667944
10.269811260726229
10.423969050408742
10.381529431573169
10.58072945776943
10.787201822802292
9.774739871340124
10.306899274198429
10.614910546305532
9.751811809910043
10.274048735206973
10.66810946243086
10.05025272293635
10.037609249098931
9.8871868667579
10.580479307112476
10.519932451574869
10.117774313183542
10.417798279132628
10.621861911640735
10.329684834946098
10.044579376915658
10.176410916320641
10.692425871540742
10.046372727420005
10.729741903907966
9.74180750534403
9.748111579823345
10.839480236956572
9.976713002177762
10.275492486309117
10.46779289066276
10.196744999962446
10.116706839957619
10.333386031395797
9.888133145931924
9.756182813694505
10.813491370148926
10.541731565041069
10.825435947010039
9.828812283486405
10.143361185053749
10.660352276915974
10.850983697096375
10.563924154073352
9.95960009092784
9.838602547956166
10.629405884859871
10.424255029153217
10.660910384440129
10.674447529840199
9.72574220492475
9.853786150455857
10.472315903953765
10.131546473249596
10.782937763062872
10.21553974742745
10.538674408550104
9.975343471778746
9.869087707531893
10.220989747537677
9.726608831605951
9.75083217758559
10.015814099812653
10.49909889779695
10.510614451814144
10.322754238958781
9.795234968021909
10.62568548834684
10.774421510743412
10.457775360353894
10.005666328663281
10.523935687523139
9.779376792262962
10.258906111656524
10.075410889243306
10.462954560005919
10.1131205863618
9.860395695358111
10.662379969645169
10.47228079569239
10.523365009878932
9.9194002296669
10.05185627906671
10.200078872318473
9.850355887998417
10.355421550975406
10.687684162982013
9.740094739095282
10.471327771346349
9.901923599710631
9.907972750972679
10.150819792303263
10.635063045893498
10.466190580118864
9.858259500608993
10.10188410799794
10.276754934507018
10.414171071869706
10.748397794461106
9.812642899976026
10.188974221880615
9.800913578740378
10.80298001333923
10.579146051210468
10.738307865844853
10.268001442192688
10.216171684727623
10.55907427762015
10.814950977678846
10.698754222373381
10.519423514623114
9.913056269692733
9.913742719199083
10.223425361192419
9.717046659107021
10.486069558777473
10.109108616474998
10.312676882413248
10.754303103487072
9.898933172154546
9.84365228751872
10.808105616421246
10.345266878410538
9.935923482939566
10.009144902264016
10.50716206453515
10.221888585065695
10.837667836285359
10.130775438728534
10.670074284065716
9.925639426290239
10.820079871191467
10.567502599184232
10.751941574174113
10.429849651543428
10.410728660537302
10.081744718475967
9.85795633606999
10.765142071343146
9.8568031204824
10.659168760401698
10.671525037035874
9.979149724182722
10.791643271805599
10.58188755818298
10.094417844864221
10.422891958269082
10.581019047764837
10.546554858588628
10.347017405561797
10.09811906380211
10.048647557860274
10.637658256782691
10.002563557371156
10.241894330380655
10.24827642440241
10.599983074253425
10.102242025484394
10.489527087112233
9.71221999720338
10.382406588566468
10.030764067072026
10.650609398581631
10.151216398752563
10.186389888471194
10.329111024438117
9.958787875807122
9.825355961398737
9.826329402962246
10.611096822582414
10.811467634756948
10.640990611703419
10.642680879796712
10.214633908336628
10.253449305290914
10.406782449720096
10.408811675393816
10.104388738021363
9.862353831126258
10.77781442877169
9.96532320137294
9.767719273939774
9.903315572958473
10.151511496079685
10.365841364608407
10.077447756925435
10.069769728867307
10.770560573602175
10.477289538030549
10.776416430774148
10.31016367493478
9.85027059247184
10.370709039863476
10.30366141585595
10.151977360871165
10.164798524084162
10.557613661408917
10.618096157847887
9.956751604306902
10.063637168422964
10.151228381142616
10.252587365696717
10.704856138526958
10.113181301420486
9.98878996898243
10.510395253001665
10.81938761876261
10.37438698975571
10.690398767671
10.446417982644702
10.286487721347127
10.5557243298808
10.71570060158454
9.950615581061939
9.975980538716419
9.928025469993935
10.273490896506509
10.705120323644556
10.58448833923197
10.115540802328585
9.89117964627714
10.69389093084867
9.941434832777967
10.721590718110905
9.741419919456844
10.434489622692732
9.743279946671446
10.03356550237494
10.417894736285962
10.23989379992292
10.087790939887157
10.28124556385417
10.717291300352157
9.963028038718878
10.00748562957434
10.488930298580026
10.048733929810568
10.344477751889327
10.444637328316986
10.750706648662474
10.710761368144972
10.295177748015137
9.764218485823633
10.712693526797743
10.738150459909194
9.860510829597787
9.792395931143975
9.735449695724977
10.281139890179045
10.614163762458618
10.63401118308763
10.361870234854793
9.959932606936604
9.78664746774061
10.464483821938567
10.413177924760216
10.312968581795648
10.798571467040421
10.845444210308605
10.325955444401787
10.820182297101667
9.98153392368784
10.128716591205487
9.88750522181723
9.740851246636776
10.526045089327303
10.30993955182447
10.769570695551039
10.46605166727972
10.253688033325089
10.104623419067103
10.335716461995213
10.707969815390083
10.273524720730343
9.790789137383497
10.34664372093217
10.403988083540991
10.161139523246877
10.507574079021616
10.153045274233909
9.777348439042177
9.981259483879972
9.767173762089332
10.598503239266046
10.305593049987515
9.764389239324643
10.064422622570445
10.577186984155048
10.16015759567168
9.726088580436354
9.724337088179425
10.317768546709134
9.976169899150014
9.843109807442662
10.201300752125395
10.550445398880193
10.02143354876392
10.795897548050293
10.649321883051991
10.548406356857587
10.585101132812119
10.399148627065017
10.176497396592993
10.84021473254801
10.646620623846152
10.475158810631497
10.607316379417957
10.298346824214303
9.913615888028872
10.30711177439594
9.878331427086001
10.182613108212191
10.741507410552881
9.712112720297439
10.401224135996717
10.301269742584084
10.766596370986223
10.815146981566805
9.897162994177176
9.808134374452287
10.667230900443094
9.926322695926272
9.852186159885154
10.065595864280281
10.31301314650512
10.511943810313404
10.311920247204446
9.8112619482381
10.563547224169005
10.250394501098885
10.618781195320864
10.135412817003747
10.494818406612241
10.531081753278315
10.789557661268866
10.253198324225812
10.469464181152194
9.988166333483077
10.740908167775569
10.050304422892053
9.770847223469065
9.978905028205597
10.45062655090648
10.288328448153235
10.3364720744109
10.526227539129275
9.913106784968377
9.80487371527911
10.607214938851538
9.719386266819473
10.726052991835296
10.39609945044168
10.43370035592194
10.104085744047449
9.72022002576165
10.205887462263936
10.618822973899924
10.599561245244777
10.17415821031055
10.817040125064617
10.572996807643603
10.141708983312196
10.81533634659225
10.607378352434536
10.84496303920954
10.80765586987792
10.00915255583059
10.44678764464162
10.258248265433119
10.708959968131378
10.701603057534589
10.669376316261852
10.634158720163281
10.840912417087015
10.797767800425957
10.005716187243051
10.295297235694735
10.044712148879768
10.54032070841021
9.939624764006249
10.153406277199782
10.833113294921874
9.748010592443947
10.194877384887521
10.084287679284733
10.182824581109111
10.736155303517675
9.728083424805025
10.407256124861089
10.49099601965964
10.690204701286222
10.243023271902594
10.535430089376472
10.646848146100169
10.069611571083506
9.856817964823176
9.832724208273076
9.983099575603802
10.432172042588107
10.008893953947078
10.362208941496576
10.373607950171921
9.953487595778512
10.364996430787082
10.64266120050153
10.492607454880783
10.483007656092619
10.843101078818478
10.436244453051767
10.618626122933744
9.791035137474628
10.307319501240839
10.36409206811486
9.8777255370439
9.79956533591054
9.717941804402564
10.825491351127443
10.120728015507318
10.707660096881291
9.882616566899907
10.490188173456163
10.30851142178544
10.654193506913334
10.02192170805503
10.779551639370496
10.264033787113098
10.711790524801216
10.260909502459622
10.565341685081753
9.792492983278203
10.018237521161042
10.530379116084603
10.12282924711487
10.672680505033368
10.643926784161474
10.528234219224027
9.890730483114933
10.492885867073143
10.660661566967537
10.679391095756433
10.828372979978678
10.268643467461187
10.25806354468433
10.339378364088796
10.13844215544377
10.10229087244162
10.473906180979116
10.566024186492735
10.025782239594289
10.761120418713386
9.886481438247024
10.148530921425571
9.955237064047287
10.002785634943118
9.71334468193188
10.17030646481967
10.581929204465597
10.634046243656204
10.698182181177666
9.994164431957481
10.191157968649518
9.871538900256896
10.171334229754736
10.015470636489443
10.317246809763013
10.064853241270654
10.465152491296898
10.667796329304625
10.207081474624394
10.38034703033049
10.755405802589909
10.392640089508818
9.833516766411474
10.204091347990449
10.718958338791861
10.846719483743431
10.049200928086641
9.890668100991494
10.78623496515914
10.019921371302367
10.557866462613978
10.833608384568421
9.909178052258323
10.842510086574723
10.136147523041721
10.630595515908235
10.559084016889635
9.869104647195565
10.376017461187676
10.639046942937131
10.312253450065677
10.57203165526785
9.881734018303913
10.532731547937676
10.736416238575424
9.850747571918648
10.682813529842752
10.003811420017005
10.313462059131782
10.225308642203611
10.734188453563142
10.731794117897776
9.857374645143969
10.447785005983672
10.39471631755262
9.883986061398305
10.039359784012897
10.032217608335907
10.5900283215729
10.108068690233058
10.014306720747287
10.814449846718484
10.038186592106292
9.842186914548853
10.512262172581904
9.740937268074775
9.942220008919604
10.832618896722817
10.738896373090965
9.867542689861224
9.904268601815343
10.318849819523727
10.486711749229288
10.573163186220103
10.655181674345725
10.643673899601943
10.591831158938017
10.361066322947336
9.727284548204493
10.571622515196898
9.813482152412389
10.08015844625498
9.932142318000695
10.08453589683445
10.285603906290573
10.847813724362565
10.309091724106567
10.801636997077969
10.826826693842191
10.470412457734135
10.423307910723622
10.845679001528802
10.645380922341564
9.764908498561569
10.662643068238596
10.425089275919268
10.148910795188137
10.295270442336461
10.594225687309644
9.775282568330935
9.849206901641354
10.25080602440633
10.411273632029975
10.713146597070478
9.837174800725817
10.37899400636357
10.843408789978012
10.486155452233358
10.156677562072788
9.876490166170912
Rank 3: 200 simulations
9.991681926063833
10.276159115967603
9.870669363502055
Running 800 simulations with 4 MPI ranks
Rank 0: 200 simulations
10.517650827795675
Rank 1: 200 simulations
Rank 2: 200 simulations
