==========================================
Mass Fraction MPI Run
==========================================
Date:               Sun Oct  4 20:42:34 CDT 2026
Host:               ac070
Array job ID:       2187505
Array task ID:      1
MPI ranks:          4
CPUs per task:      1
Nodes allocated:    1
Python:             /scratch/user/u.hm357857/.conda/envs/comets/bin/python
Conda environment:  /scratch/user/u.hm357857/.conda/envs/comets
==========================================

40.074976850518546
72.42216269525653
55.842948005700386
28.043475389069485
73.72883485306244
35.04860951371965
15.359077344749632
74.20302100830915
58.790576485863674
28.290311016902926
25.87830199922393
54.253081611036166
21.55634215590472
32.44358168975405
53.083136408852894
74.22858686579985
18.756362935728443
20.089918121396636
65.7148125029199
58.51203730307845
55.0787254506081
47.96039125904447
31.541902286684703
65.5743607628717
21.590064751152486
72.9314057248385
32.51766224935553
64.8867213410617
41.33760222130197
30.905743162535703
23.983360241853596
44.30315007485475
66.70719004383116
54.093565471673145
74.44548420883629
62.27579386379289
15.48608200962124
21.249021824715427
33.84498467830267
38.72653652764257
64.60717486911699
15.359425189822764
40.95467226439611
33.7370733200761
44.659270116132305
28.97808450558935
46.207561574177255
56.83137490712335
70.0903210179566
54.063051669381665
64.37048672367308
17.503792896485646
61.049685094998935
24.232531792184766
55.522963298477535
44.04080733781657
55.03869179423142
21.11475061342827
18.385616866761787
32.603659064699556
29.695109531868216
52.52665449198082
52.73209381703012
29.396301106201953
18.796615383675086
28.29201884596663
42.10471467163279
40.861184426901076
17.70979167441617
57.06115755720762
23.41532454631479
49.849820957988925
49.543367635429
69.42497290959864
74.23526144573279
61.93138349772066
48.15250446256613
68.59223014799448
71.64266277014835
17.045995121908344
34.381398615233635
62.6822451380256
32.85952969266074
22.88251046484272
20.2848654247871
46.09077925434504
30.940767546178293
72.25073028283316
73.99577073667248
31.70153093983164
63.93812298417244
22.89832140286392
49.09084213406334
53.595850005051865
48.748305393309835
15.4494247897994
31.87573245434057
30.462916226680107
35.23366575470545
54.83841797021413
73.95912574722462
66.98698728278612
73.24323746851721
31.864962138722387
62.70626993299559
64.12521434330236
71.1296192617563
70.30884581456056
34.119676357259074
47.78025702331067
52.35936920112809
66.55280700996047
25.33492356687352
73.80925507755028
68.78561452523618
67.25306392211087
38.15648208810255
70.45398659213726
51.82435501359959
35.62267204099827
29.474400989868776
30.365112002781636
46.49077108207181
71.77947851638136
48.71098267157684
28.010856521083525
53.22813506653432
28.10718335265264
64.09963553485565
17.777228078199073
65.76520137959378
17.548368569693217
23.248770280352467
26.06131257746079
53.06767417780456
71.58076513654413
70.10208436279893
49.14257400706069
28.88889442961853
49.23182648657937
40.37973655162117
19.534069640226093
74.44697284330906
56.662216975835
70.93567003299788
15.105111774438754
67.13778811409945
63.33883229693569
33.980848188638014
17.159821675792596
29.878743997735047
18.15655765025159
18.643332290452797
71.57626887541649
45.07996585758727
42.99604602475458
23.164976142473535
73.94686162266746
45.803134889914496
65.59363861095483
36.66169481080898
22.529254003975524
56.60899427599636
40.76338048939501
25.683047570573276
51.243784229218534
29.958948580557
35.175233132357405
60.29865314724128
45.261968254673334
21.64160287295457
40.3906795875992
54.82192306449782
28.356172129339903
65.51650406501597
43.10454142783592
63.128276646843155
17.960422315098374
25.560534814215018
63.373278542540504
51.288721044379926
66.95800533290192
24.78940121608884
49.184459171971014
17.446737595507777
57.96137125859721
20.59658760015507
37.572480359454715
16.740036037623206
22.29243071509877
39.2002067922104
68.21623600483599
50.32096730192067
26.743947887391585
29.101985858977425
30.151323952506814
52.70817406099812
35.98395716377548
18.65792301455388
52.73899236752719
66.66571213004434
25.691003856323007
46.502589890298715
32.49896352481196
37.448971516885805
45.01881182509961
16.80449866113325
47.69082291621145
37.16021384070649
34.98748565029987
71.93661329987228
20.294424361935402
44.89558385090825
62.44068464483386
32.550236021783796
48.62914520169996
49.780964661628275
30.19219958535658
63.308616412332604
24.514660183981274
49.452457285685725
64.72935379951774
52.99078258566445
67.22417624336086
74.92184751910708
21.24805852616561
50.658332285360544
58.45449350075556
48.80680170322105
36.42255171158502
23.447835437767875
45.82353138007092
44.47930091549962
55.951158364490205
27.2433750961402
49.55617155750524
49.192778436931995
17.44182973625712
47.33274238166529
32.18479831102006
70.77815778144462
38.34507215479727
32.68558853972824
66.94352127246529
49.99248206139557
37.295099449670516
17.685482840576253
49.12256556852984
37.88022624639095
27.42540075543943
32.81017463410296
71.715299122282
29.09892284012118
39.731110307219694
30.006810050031298
48.891441943919475
46.76386637120345
46.810852169184656
26.952025886229748
47.10360906493948
29.746845010456077
17.91033698191735
60.44210333141808
61.309185924019374
49.63527767541023
36.82411277093076
73.73792594896312
70.36835301459948
46.716698490438716
64.7870190659767
33.162278794330014
57.05603151589297
67.16114721012926
35.9982158644771
19.213939341915392
23.436081971326438
31.986910721473542
73.43951365586807
28.485176047951317
70.77659261105529
66.92909567674386
20.990101432542794
70.17714052449301
41.13162836262278
47.042829268690795
48.54267693613671
20.342710745929374
49.163202569755384
59.76393111179994
40.254021977458756
21.33337752445005
38.79146649864911
29.76011003016368
23.273015561607924
30.47082975352746
18.510854517435718
50.73339734896816
32.999455640565884
33.66873581927479
63.07170520728405
67.67199510351392
40.271477371184986
39.757435299696056
72.9323748937851
70.75293127899968
24.793327959747966
18.652499307164245
21.002112004266106
25.152161841052965
29.13362398530886
62.779922362482516
45.83950385279522
56.966463824704675
43.69593751813959
18.142795293065742
58.746546285275194
22.468295702582814
32.68931160467482
41.26619538329051
47.66441232689829
26.864813466940873
53.5315006556113
23.834922030747038
32.81480411276142
24.468580830806168
49.47948325630181
31.06420844666947
59.427567462866875
24.988074848680913
73.01174799927668
51.53341687013459
60.145917843435974
62.45713313751717
59.7193584253053
17.696047476368804
22.720555947157653
57.49138983334376
28.55594990402549
67.18913663310815
17.868904875783873
52.327817371979584
73.09193805862814
17.152679615953897
56.79421051817581
58.87935681341556
33.550007038245816
19.27649315337214
69.80133487900133
31.764709223686406
48.037872158429494
61.10430060761498
29.045014979466806
23.031766412185185
16.464831958864146
24.40129000712971
61.73266219667451
29.404074639745737
52.04936034995725
59.059032096042245
73.35903863270647
50.89711921797832
39.97786473335262
49.58075355204026
57.87342238013088
25.948956706637517
53.52388658668728
48.58714371637585
63.80857427826065
64.02719869408895
47.72587790128322
22.149263712162213
35.80842018630993
67.51930266706438
43.496427584314304
73.7741278528642
53.37725727110326
37.02202854006642
68.62916766869407
15.084612959349409
49.72929291710394
18.45115464958489
71.9027690345234
38.88800117938479
41.07120948989197
39.39769379161662
43.31913317062649
68.17243709770808
35.768607623600666
68.61441460492176
61.151320834501824
50.9806308753019
49.816730122019656
31.310892513730916
40.06401334787088
70.6327589226297
35.15830073404324
36.70074315972305
69.75941040217873
56.025193101359
39.80910808023498
45.00782695151649
59.58087100678618
23.409707898184422
64.84682600569727
46.74052644122499
67.798767338222
29.355085257841925
73.83355032766903
21.430968288632545
18.929845034713082
73.51167823149936
38.24767631590546
52.3915733648054
68.97696634125816
20.658489017485476
48.78762367499198
23.416425525021317
26.431278560186218
28.371025709782675
17.67123209380125
34.134247451506326
57.33489321702845
71.76399705858177
47.0804754445986
41.05026085326317
20.02176812988807
15.923979505732515
15.284029931865515
64.00419947999752
56.071496383807684
54.30769587411038
74.51187224378418
43.662358879749064
44.191944887990715
42.64995909198527
53.45154051405486
50.026073751587305
72.02055844387249
47.00405760978102
74.63800546744662
52.421290396967464
62.576496845278484
39.809705763923596
35.286360450290275
67.95356308477596
16.40724457212223
65.48291524440066
49.25250950610303
42.75711576046443
63.189091253354285
19.01916878562639
50.498715246762565
64.46394027670647
71.81416822747026
28.427824134190224
60.775975725754016
53.497342582545656
59.11538268979819
36.037423535340636
67.66723896544087
60.08134176236851
51.21479035115476
24.132198907135624
48.18291795104076
48.05222399364427
63.20450738124163
17.963706813622416
73.81411514062322
70.56058897677488
71.7508984693794
49.866369696189444
54.97059494035799
49.98780493937536
58.167022041332515
35.39595043986552
27.29603724602905
32.43828052820672
33.85262863363383
57.703044493458336
34.20033666394439
50.7996674531902
60.23390827749352
29.5195482368805
63.07102681394251
37.84396139099207
32.394723760113166
15.90961442031745
32.099531303065106
17.6491247837404
42.27307845310847
39.611141734572534
69.73900503744062
34.613186677713905
37.245804458856384
44.87091574789291
39.1365303567895
17.40912278240813
43.278445551540116
47.623594425000036
28.660721875428422
71.56877162727723
29.301248963103525
25.162152178352326
55.06620828472043
65.42821569625806
30.408510528157024
68.165305986257
40.04239548619586
53.64076184094283
30.73463330926228
45.866195360046206
20.12363107189184
19.583756455690928
34.302280341911604
32.803453865413914
26.065630292493935
22.453946279019654
67.629281505741
62.628258006124035
38.79119855879475
58.429466173809836
64.18272090426524
24.044467689153763
25.765177291933934
66.15319759391716
74.17951593414983
23.55461371319442
25.347289740481006
43.1895604280844
35.78053717932332
36.04777695390706
42.41491238476836
56.099718575816
32.463639427184376
51.44517671718812
71.64545820274742
45.59252636330425
48.973622196652855
50.05399329131483
34.24858454604123
40.11616544889314
64.58467903692625
60.22561273980211
73.60087212381981
21.011221256231547
44.83470595595139
17.83068930218616
31.18686283568676
48.093041152315514
36.78414657680078
19.99232916929106
71.4228706385531
55.557222380180335
15.210532729232558
18.215877986117157
18.98939376425564
32.91632090945181
54.155068844283804
71.55288907397565
35.63572232435648
74.27779586230662
45.26819640635796
28.05962511902661
63.446718488343855
68.29433687892356
26.714614024466695
35.35309662041546
58.56624188844638
52.65208279063826
22.260270539787747
53.64794491501874
65.43478152578783
27.739170461780446
58.15048158443802
51.88202566254808
68.04501529051788
57.469330831020265
44.04902994812957
55.861167071097
30.645043728756992
65.11874043550642
32.26240229118815
23.206053312725224
65.73729928686531
26.186904314206625
37.35008212156339
27.559019489061534
24.93624352855893
32.94127914261888
71.42526656393062
72.95257577512393
56.344385966556125
74.19950280129628
42.28321753509136
19.133141996526422
18.978432483753537
64.81065805982288
16.41136077650208
24.909390358561556
32.86817405913659
33.91355332983992
29.311141693037307
25.289866441145676
30.937734664851895
69.37235418617418
71.43590500833801
72.18016904456108
28.60837993928289
31.957124081757666
44.15438541666148
51.30747477316316
18.31658064608429
43.221265109080264
70.92526721561858
61.506834669071836
71.23638551817527
60.77777955202025
74.12398339273687
44.851847632063865
46.099011838802284
35.783773081049375
46.830577456613014
57.24600271302768
24.621073434931102
31.84076482929615
69.53968734305036
31.740822642050116
73.58501897007524
74.20309556070883
72.58178666549117
16.52458266929055
73.95262134368775
50.22260894850162
20.71153700932146
62.82732534647394
58.80469201628996
44.97808043221261
34.62815245264343
60.201528588483825
27.83798451428433
39.46890513743208
53.992490463541365
73.02415879222988
43.922833645405525
34.09006158673162
62.66641669018606
29.962047171650163
72.91669999983094
34.39873598490936
58.691778338842695
43.28588011297214
16.788007646607724
40.686091442890536
63.16928778304454
53.729969538252384
71.7274275367721
40.315718699331555
19.01660414953031
26.469913311219337
26.81067422963836
45.229527103717714
41.21883781750758
64.14475288734813
55.337449212341205
59.74671946589156
26.09523099636516
45.8430957437933
18.905284073899647
20.645472582098257
60.294034193958396
52.7556786060554
47.30878224821184
34.62388233272158
59.81424813156796
26.375133303366333
18.863957238321436
43.74636071627721
17.199119631039633
73.32217079789316
49.2131020257794
37.69192013317583
46.310954654796504
25.884590727922124
63.28624457176722
29.320854947980532
37.42574782659648
35.711317428925284
73.80951858122194
16.427856227061636
33.112291633888596
61.599203382130355
65.75650369856176
61.1841233254693
30.115476450678457
58.22953654251644
59.55052444736547
48.7322724217832
43.212926357344536
62.77452825163915
29.364334560809155
49.06785414967435
41.789571861156574
45.716579624802804
20.215247613731073
34.69988515381232
34.54464154970083
63.667835973705735
51.43367404549159
25.8713385391739
44.121158676170694
55.90578147363531
50.31949798215375
37.479666302770774
64.29773397769651
20.697810112609186
22.032556916418827
27.474798836581108
35.06953249999855
23.99097625200519
61.33539153678669
69.25295922270374
52.310127949296756
30.27566733663111
36.69522238672283
39.84822154840816
32.81605569380204
16.531543517244437
28.265934592532105
42.44067593909061
62.96149811939491
27.793467864970708
70.23977641544789
37.710386627260405
32.85706159481492
19.722012964168204
63.11047021906903
46.3521295994054
60.968485175190835
73.77249944672029
40.40394871764961
65.12356893262896
50.186463694123
16.98221637542919
44.14661906922563
37.428841318254584
42.72673181383418
46.467321085351514
49.73433989551111
15.524723325344576
44.23919154899266
71.25606167482908
30.898600254920876
60.80914500653478
Rank 3: 200 simulations
36.77295695965239
47.276421252642194
26.492714175765354
33.03756665036941
22.372887088112893
24.490027233973944
39.0041091725621
20.038187838446696
62.55252512741309
55.43837191322536
35.747573000192254
58.00508874161318
23.588206752565874
Running 800 simulations with 4 MPI ranks
Rank 0: 200 simulations
21.389277995995354
19.351111169477413
63.32261719436778
39.26364309256067
27.3252496962225
26.838955098019607
38.17250128298791
37.8501638010714
71.5597263467687
70.78405049507303
38.22560715934941
67.21755599104559
25.19085338015075
65.0850048863562
63.198426602102074
40.207786130300036
42.26413265375278
25.023716158725684
Rank 1: 200 simulations
45.142839601453026
36.18379078400672
47.91647270491738
21.4483213087748
48.39561273403507
64.25559333711641
65.48729657330733
71.64166776273873
67.51872972457494
15.240009064334023
74.0858231250653
61.74735814861542
66.73732476388798
43.797220300183895
39.35054644349448
71.68302568997136
Rank 2: 200 simulations
t=16390654  fraction=0.44875  peak_slope=3.706e-07  t_peak=983439  comparison cadence=16390654  difference=0.44875  below=0/3
t=16554561  fraction=0.44875  peak_slope=3.706e-07  t_peak=983439  comparison cadence=16390654  difference=0.44750  below=0/3
t=16718467  fraction=0.44875  peak_slope=3.706e-07  t_peak=983439  comparison cadence=16390654  difference=0.37500  below=0/3
t=16882374  fraction=0.44875  peak_slope=3.706e-07  t_peak=983439  comparison cadence=16390654  difference=0.29000  below=0/3
t=17046280  fraction=0.44875  peak_slope=3.706e-07  t_peak=983439  comparison cadence=16390654  difference=0.21375  below=0/3
t=17210187  fraction=0.44875  peak_slope=3.706e-07  t_peak=983439  comparison cadence=16390654  difference=0.16875  below=0/3
t=17374093  fraction=0.44875  peak_slope=3.706e-07  t_peak=983439  comparison cadence=16390654  difference=0.14375  below=0/3
t=17538000  fraction=0.44875  peak_slope=3.706e-07  t_peak=983439  comparison cadence=16390654  difference=0.12000  below=0/3
t=17701906  fraction=0.44875  peak_slope=3.706e-07  t_peak=983439  comparison cadence=16390654  difference=0.10500  below=0/3
t=17865813  fraction=0.44875  peak_slope=3.706e-07  t_peak=983439  comparison cadence=16390654  difference=0.08625  below=0/3
t=18029720  fraction=0.44875  peak_slope=3.706e-07  t_peak=983439  comparison cadence=16390654  difference=0.07375  below=0/3
t=18193626  fraction=0.44875  peak_slope=3.706e-07  t_peak=983439  comparison cadence=16390654  difference=0.05875  below=0/3
t=18357533  fraction=0.44875  peak_slope=3.706e-07  t_peak=983439  comparison cadence=16390654  difference=0.05250  below=0/3
t=18521439  fraction=0.44875  peak_slope=3.706e-07  t_peak=983439  comparison cadence=16390654  difference=0.04625  below=0/3
t=18685346  fraction=0.44875  peak_slope=3.706e-07  t_peak=983439  comparison cadence=16390654  difference=0.04125  below=0/3
t=18849252  fraction=0.44875  peak_slope=3.706e-07  t_peak=983439  comparison cadence=16390654  difference=0.03875  below=1/3
t=19013159  fraction=0.44875  peak_slope=3.706e-07  t_peak=983439  comparison cadence=16390654  difference=0.03375  below=2/3
t=19177065  fraction=0.44875  peak_slope=3.706e-07  t_peak=983439  comparison cadence=16390654  difference=0.03375  below=3/3
Stopping at t=19177065.32966616
Saved 434 remaining particles to /scratch/group/p.phy260085.000/Mass_Fraction/Outputs/Ejection_Results/remaining_particles_2187505_1.csv
