==========================================
Mass Fraction MPI Run
==========================================
Date:               Sun Oct  4 20:33:26 CDT 2026
Host:               ac063
Array job ID:       2187490
Array task ID:      0
MPI ranks:          4
CPUs per task:      1
Nodes allocated:    1
Python:             /scratch/user/u.hm357857/.conda/envs/comets/bin/python
Conda environment:  /scratch/user/u.hm357857/.conda/envs/comets
==========================================

10.588085715072346
9.719558912366491
10.851740893138006
10.368809512092174
10.178864306718937
9.959504291193994
10.594130654183015
10.757789299528026
11.330378703458543
11.362472322485512
10.645705291190819
10.214698019162219
10.07634198600943
11.430211623116692
10.824135251870898
10.545314963020665
11.289945525840311
11.143653875073026
11.293133008348555
9.997537321835493
9.8024835885425
10.156248155084382
10.42163198960434
10.76552109772641
10.505427108954486
11.598133856678558
11.033652516375998
10.759585679358095
11.639037722790256
10.903081519310549
10.609455610551489
9.617962073491656
10.320075126406692
11.574723198419555
10.26597673120121
11.558336835132454
11.022310932081917
10.143131435848037
10.875674009531565
11.234913974857468
11.446232519322761
10.080047512964775
10.898005000776294
10.59997035854943
9.97558258883851
11.12672355903516
11.56325924902979
11.495223241506773
9.7189833328404
10.908900524864487
9.838755355540457
11.056569293758326
11.076286001653413
9.65948756485546
10.084484996887035
10.951017226963115
9.606807057393402
9.850415306108697
11.419114503382456
11.439185908903088
10.180621815763988
10.484056699665533
10.962590532886022
9.9759280397331
10.466375861951882
11.508301881047078
10.354016233644634
10.763418428411265
10.948728923336821
11.305788124747236
9.905133577430302
10.652215108608214
10.906555503293797
10.720126045839422
11.09085594605723
9.625843394098892
9.901753853642756
9.629562381582431
11.117712414900394
11.599797164682206
11.494215140040255
10.196573621988994
10.387761785928916
9.834217113602739
9.761272642683846
10.947739078081348
10.248647301570815
11.060896692844741
10.038823510551643
11.01243503859268
10.44810588452227
9.977056744257977
10.530879680837947
10.664227676601698
10.010324717646919
9.971376999448509
10.365671231997993
9.658774730044547
11.072056635107629
11.193361531999308
10.328742040851512
11.263136231450119
11.370386568865133
11.078182637651901
10.816445003360641
10.777251460037784
11.479282290392845
11.364839268704396
11.488599893772735
10.594448184782976
11.579920212309782
10.579362180888898
11.532450119384688
9.788665799092243
10.501176027553324
10.022231034829632
9.863463295649161
11.162050242731768
10.74166087704976
9.768228628992556
10.938009426495995
11.043946132583788
10.919475561912662
10.108379659825989
10.029429334224092
10.165897390187487
10.093059773311436
11.236590971357323
10.517142318616015
11.359456516448745
10.22484855431494
11.100255747616332
11.333906866135006
10.266373942491361
10.109693388177137
9.832543551827515
10.972792753686255
11.304871682140666
11.531271173721718
10.989883985314895
9.777280623480817
10.175782133321698
9.953528355926194
10.669953908673975
9.748075471659787
10.341207989214215
9.951220909425988
9.866819088538271
11.232023484612675
11.394991386113556
11.473905932873636
11.061399021994273
10.03399561512536
9.76346887056064
10.47640892717219
9.638718308451672
10.068901285105126
9.999586962086285
9.74830685273752
11.374670614636674
11.510310298192936
10.446828472593134
10.129243146460963
9.613954436855085
9.859593943708042
10.6507559425257
10.125767020437777
10.904530260385176
10.441986669718842
10.97633878032716
11.453944529812357
10.07335446408483
11.012094722001674
9.820585987986725
11.503045108562304
10.173555885149336
9.855593548988258
10.21266538472267
11.272142806962508
11.648882240049126
11.60723430827039
11.199994735573563
10.367335944635856
10.902661052186746
10.347609656179563
10.724318299201608
10.751967909437237
10.090065694228842
11.249407507392112
10.906680375224642
9.817497371097286
10.964731972037198
9.734012590801791
10.11236470475994
10.325492829405395
11.110378009845812
10.149843284285273
10.260648917992127
9.876016595937113
10.888647043900928
10.85379642959326
11.652204306288604
10.813307507946872
9.921166158512667
11.234818384360421
11.143979777364436
10.161897342166037
9.630726723095057
10.20578586014285
10.417451658050176
11.182225363663813
11.399593459066264
10.269435516172058
10.067081364707459
11.597255089386728
9.952439934240145
10.117652049556105
10.469856512870498
9.617112045178395
10.594934479796727
10.710576903743371
10.452285380213677
10.875945353087822
10.347203607961463
9.887371428354522
11.398502677350276
10.878082760743856
9.899811136875242
10.322722630641142
10.853295413898117
10.916992021186369
10.02439666054741
10.058799025685735
11.109238546023539
10.676524785937612
11.219237424178525
10.69581217210204
10.111111356486246
9.87685044740975
10.73259727529168
11.55294812429595
10.33469331423974
9.836487819733444
9.912155802397471
10.225296887692089
11.064150312156913
10.612267058271811
10.408849020133312
10.363708686338832
10.279357496947615
9.68095003593516
9.827042665494014
10.600158383049754
10.074438480684295
9.84202991072432
10.545614913341876
10.021729859235593
9.621591014203345
9.908673383773408
10.906638150424651
11.631977928000483
11.553571557030054
10.073026656434205
10.228931108870617
11.502506333417053
10.29472742635724
11.421009866941485
10.272876088681905
9.986381529719417
10.866190500400855
11.419310271125646
10.227980273207393
10.227999439017047
10.483628557163792
11.316886192481025
11.203641299845872
10.422408448938338
10.07599260701009
10.296555814163211
9.95280993319318
10.830138341696244
9.670578029015145
10.762511976363776
10.521519364586966
9.693740927765347
10.538267054678322
9.855053208801928
9.750982725483615
10.75434573885936
10.209330358239557
11.135951987044413
10.629862630696262
10.605294621228998
11.344140582103341
10.832261154365803
11.150149145362334
10.56189837649456
11.42295503727958
10.569111998012271
9.776353711425275
11.47820237423951
10.352188833581716
10.228695625052588
10.965674975393169
10.248339715981674
10.149968220437637
11.401555316870427
9.937108627240333
10.038536745727411
9.983761106145817
10.227772653100647
11.166826922564972
10.029339099274392
9.686344207869196
10.922326882705214
10.250714635322687
9.727253744918288
10.929170008905276
10.594798586086615
11.563246924062819
11.564434569648267
11.526273197135794
11.158524926671879
9.803111030673469
10.729259925070425
11.476754280517365
9.938603370188615
11.633435892559117
11.480124805948664
10.427825841245074
10.755932155057378
10.352565241687065
10.522956962369328
9.720443005026716
10.081336121720938
10.257802106719051
9.753177365597663
10.06507439963509
11.445909230523572
10.559210561457995
9.676795091917484
11.380153063161389
10.241987425711885
10.283518998192003
11.462536719276
9.86403196472798
10.441114282530695
10.197165219101054
10.87916253984496
10.90145987738587
10.034627627453016
10.205254805356422
10.127601237240425
9.881223171816838
11.52915710175192
10.146935826735168
10.969652598901492
11.288287213770905
10.655719903389006
10.069387078493612
9.941373136699074
10.7700084522779
9.611846315658536
10.682380361140979
9.977072918593125
10.005224078023554
10.286072591737327
9.939407128323495
10.929284942202772
9.931707797822934
9.64284068071763
10.172541996464064
10.22319605283228
10.419821059055685
9.724361258422041
10.989934349812028
10.256241925513027
11.319860644889948
10.455050335409833
11.339098615923183
11.401294306990547
11.502976239609024
11.172205824149168
10.259508742839392
9.866430454961872
10.25876401333096
9.65498333895125
10.620969305580822
11.057223472979233
11.508670176821425
10.474694358720013
11.102620425855715
10.291802280363866
10.074747277803048
11.257473839952366
11.576308056135423
11.137994100135538
11.280329984193443
10.39084616763161
10.541230747305711
11.611249665128895
10.727484409959626
11.41061902454902
10.443312664243386
10.436234083947742
9.95480844215891
10.488273435038337
9.763849728529223
9.853411225120716
10.213257076116617
11.148439614467193
9.743114322738354
11.255365624168286
11.392201759738033
10.27877442958992
9.977794362689986
10.054772950862954
11.270901541322187
10.928723555048252
10.87778477382168
10.597727176489576
10.60413088547671
9.637835969159712
10.090596548103967
10.403115538490493
10.2358429176701
9.631872248575172
11.576587178273643
11.004747246238793
11.196631324930848
10.725955688084667
11.188479214570464
11.170938478033301
10.445074650270922
10.667958889482557
11.455148630253166
10.20084239790788
9.917521636105556
9.671755718860696
11.533754193234145
11.177588176112504
10.194014704213842
11.4575553822607
10.551002761010722
11.370034658052841
11.340747507066247
9.734785538712742
11.351884780210357
11.58654740475321
10.707400288175476
10.516327475775547
10.801461208983184
11.544668803396771
10.175570240387545
10.648528252914252
11.305797940407267
11.415131568854338
10.073520732172739
11.226736581790185
9.714627665255149
11.250938186906957
11.626646445912753
10.714156040243049
10.955588131728476
10.976380010221563
10.514323840529897
11.214136548632016
11.424035614439346
10.605724188454733
10.57240083504339
9.880847160870657
10.76282882984558
9.928469115631565
9.77297825681134
9.862026793089388
11.40759879551856
10.832090228297895
10.098649634987257
10.681093838136578
9.756831749400186
10.071480371601206
11.611766824623423
9.69241996622513
11.049369406184784
10.442961337235385
11.47054042316358
11.582319046147187
9.739583901699566
10.237568185131314
10.437260835835218
10.829512857630299
10.615041926660172
9.99113807151348
11.402064101639757
10.560889523470529
10.497099855252348
10.365512263019093
10.217743101053749
11.573617792511222
10.402163860122641
11.228357652850951
10.572767428337842
9.922671531804784
10.562433993000411
9.756005922978414
10.228175747336119
9.691910076373786
9.799941105191241
9.942851641991064
9.70356361445323
10.40555843327804
11.036360783879582
11.268235551583036
10.451073335559224
10.892526726080298
10.032057461287506
10.467251658364816
11.404380731337753
10.340033556960059
9.670530242607542
9.67240455203151
10.478605592052759
11.023491097787076
10.008362989257202
10.225934977941105
11.586440935335242
10.67750722474956
10.674325337868963
10.96034362916142
11.258224576316124
10.102307317620612
9.624353509043175
11.24291128471822
10.686778959973873
10.23588515604106
11.217019102111001
10.494050144423317
10.81182331248775
9.795407808353234
10.112080939824502
9.758752097530765
10.738493502742259
9.716996743514713
9.635737775800436
9.655103667134041
11.29201281211413
10.711244583924353
10.669805826889473
11.512100417077072
9.742802842516083
11.613044260735215
9.634037971421657
11.19309944526272
10.602375546213251
9.79765932774541
11.196285093112802
10.485387297525383
10.013270698472471
11.284567404613023
11.542200219467333
10.301276395775151
11.142399677702755
11.653611473920929
9.654245627622924
10.017404248883492
9.67397634510051
10.160858236953732
10.415290092006757
10.814749998652948
9.714974163821939
10.339489869366027
10.450378600290257
10.106855463202008
10.017189466177266
11.210184300135648
10.650188276728368
9.946508235742083
11.431670147618231
9.976164008225929
10.68062278216729
10.34327693482223
10.777266798957667
10.229015702481263
11.118029611272638
10.981967606956376
9.90566028248722
10.73647975206827
10.67663734803599
11.475365862870037
10.506448938375446
11.217139773027059
10.628452181480476
9.716022534697236
9.645579240690692
11.261797303018598
10.372969461551754
9.731433694312031
10.309508547503858
9.656112396171311
10.031412862080437
10.241801470935833
11.33918719725949
10.543507967370038
10.225032620414897
10.472650040078353
10.42752898385449
10.389735941180216
10.25716821626656
11.423199712628513
10.151616607800475
11.123858084841212
11.652462754469505
11.335015295569951
10.30297995926804
10.87815141916236
9.971031351834638
10.46706329005806
10.733630794521327
10.123920312468398
9.609591861166033
9.693033380104373
10.926296171001336
9.836445918561264
10.845567526542782
9.798266285682043
10.179761654253134
10.127723919604108
9.761611927893659
10.575889409387
10.985757827386797
10.356370189151136
9.94579240007478
9.718323493214527
10.984319317337754
11.160839241744572
9.692185876759916
10.564735911208734
10.301629288417102
9.69036111863197
10.088318316863157
11.510576430014485
11.618653891076221
11.476028537714987
10.67616305548937
10.389725462902012
10.23166041036798
10.52526010550774
10.66407413586552
10.27999320027584
10.728720952757556
10.870964492780331
11.39747443824161
9.643441901501449
10.398144969007975
11.307736230162252
9.988717584348125
10.719712341682701
9.687665573670147
11.552413972220103
11.290957391395974
10.609461630393067
9.897772118397366
11.17678800612109
10.757010123820114
11.204007591074156
11.418487195167597
11.586061144175625
10.6420162226371
10.26239156608265
10.529708937151174
10.246472587510972
9.92840016664844
11.035560074318418
11.161612952299505
11.202653377429
11.562521303322454
9.981351554143906
11.113832149773172
10.100787433959113
11.55816022920008
11.306789712331215
11.149125072410802
11.004840591209286
9.95146511497111
11.499641230136872
10.866859209672569
10.105349793607498
11.568351047909319
11.618636177824783
10.989336049919551
9.67485772841379
10.509001658891284
9.811190308058539
9.719167246081117
11.527715025879179
11.37809463524054
10.510919587424185
9.635940879404707
10.296866120142045
10.725402813918722
10.953081072053545
10.979872181650123
11.028421028380459
10.521932252367893
10.657833488665883
9.631010845588309
10.010442238019984
10.891802240561468
9.653444553245539
11.459315064899274
11.483714959662365
11.239376988934104
11.193624779169605
9.761216577170675
10.624088131430945
10.580508208611002
11.141395857829247
11.653811340393695
11.087647849292654
9.817522443354907
10.770420698339755
11.62825444224766
11.418893123924878
10.275368455361347
10.02613522277827
9.696576527014138
10.320621752374196
11.37983132341987
11.0957404850964
11.068294007690382
9.636990051594541
9.737356032147215
10.287998331024685
10.22041342373199
11.387887943953498
11.057314845324884
9.856627602333225
10.520799755877986
9.997044364050153
10.223133843299811
11.3107785648224
10.41936332399948
10.338360608742878
11.001140599694777
11.251343846445172
10.081175724331496
10.79056752790517
11.45124250707067
9.776491317896607
10.537644458347108
9.799635552504252
10.012544679640333
10.74625803912891
10.903402960844765
10.175556425009066
9.852372900716594
11.526739927666299
11.60672698405486
11.379958625049783
11.339091534124483
10.177547278356167
10.68845243034582
9.835021664460054
9.65381288989646
11.626698757140051
11.527855386089756
10.386490704729377
11.492612519638744
10.103091695877724
10.606578539528499
10.085753374384046
10.1360308714457
9.728710000842577
11.467152065146797
11.644168188149672
9.839938257569171
11.633856547166399
11.559241842240816
11.142822270905551
11.139028400210783
10.866645728997376
10.6356468074968
9.66040001441026
10.393251745414652
10.428710467679853
10.371555677607645
11.395314477084588
9.995197866380046
10.581640744503646
10.177778164395834
9.887633363567288
10.971269375850632
11.144167939355548
9.901852013615873
11.348144627082767
10.097038052968175
9.693405479607476
10.172651064799542
Rank 2: 200 simulations
11.596298304031711
Rank 1: 200 simulations
Running 800 simulations with 4 MPI ranks
Rank 0: 200 simulations
10.217087073651015
Rank 3: 200 simulations
