==========================================
Mass Fraction MPI Run
==========================================
Date:               Sun Oct  4 20:33:26 CDT 2026
Host:               ac006
Array job ID:       2187490
Array task ID:      2
MPI ranks:          4
CPUs per task:      1
Nodes allocated:    1
Python:             /scratch/user/u.hm357857/.conda/envs/comets/bin/python
Conda environment:  /scratch/user/u.hm357857/.conda/envs/comets
==========================================

10.908288071115072
9.832329306204075
10.076358000076103
9.937510851899917
10.641471937167303
9.767212768768491
10.059780959820888
9.737393619149998
10.812162547902249
9.731753369992333
10.92966367296502
10.982174193786765
10.881260846974959
9.967342976717664
9.683744454069444
10.070711119139368
9.907290311983953
10.19788745651359
10.274973887667189
11.04835008892385
10.43738599860415
9.989407045512182
10.80592172225325
9.833394950479343
10.900004081145402
10.707164336376765
10.313231572360417
10.63511961836752
10.8537671599417
10.331518739798694
10.978665741574858
10.550349966522267
9.70031449111415
9.778948990429448
9.82970372958326
10.153252758536153
9.995675757237288
9.761666734774069
11.004257340566863
10.115829691813833
10.240222509081113
10.967580542082226
9.712161964839714
10.86491598918716
10.291280095270142
10.352249661613968
10.473631527961516
10.224642546015495
10.473598208839348
9.950533833334651
10.955367851960807
10.061054129707692
10.82171935975745
10.85654007846011
9.82099563478534
10.499818185993359
10.56572413268615
10.83695501852672
10.12316583017156
9.683285194019703
10.063446051567475
10.77373521101772
9.832824331040852
10.793355993860937
10.021412417691264
9.788692169539654
10.505479086134574
10.684478935186513
10.925086789929274
10.627782693076753
10.969663080146445
9.833409550892856
10.0349587295347
10.757378085287097
11.000725937545017
10.255178688209625
10.109044529819677
11.0092591941073
10.55556912145647
10.853794495651776
9.917829782866598
9.840611023871883
10.588240313592884
10.294008168237768
10.940911104419909
10.911478105096327
10.15921188340935
11.027882477026017
10.751906715722264
10.46208263497252
9.79127950453982
9.79950818416992
10.466360445160987
10.737131092735247
10.063026016032923
10.20812063465078
10.250177048450809
9.79812252325543
10.289452399359586
10.60810503122582
9.896522438975897
10.285039485761958
9.684669548993618
10.043120813199765
10.127804786513684
10.981214278645668
10.95669798639912
10.674678374518459
10.558701509828438
10.762639008430675
9.856324567260822
10.42600744555057
10.132570363497644
10.737172747389982
10.889992411528656
10.065928878448277
10.337234570559987
9.905620763551564
10.07534446427836
9.995154804779723
10.862465299185404
9.922135824045176
10.76927836030189
10.375154881745473
10.672841741852874
10.848846552561861
10.41398288351416
9.720219999355685
9.80751384197076
10.66530794354068
10.87865854217391
10.921947592734202
10.952606828145619
10.999604315655862
9.858213725931762
9.742795766110817
10.365661438587182
10.9580470798274
11.052637083183122
10.815835871133245
10.279367776923065
10.85213094130803
9.814433098553252
10.111100130879187
10.896279467392066
9.751031202497973
10.307532792676131
10.893747446363943
9.986404405863306
10.119070628955518
10.911681065722515
10.669723339002172
10.225077285857335
10.1669851886161
10.85090852980962
10.582860597644167
10.98254264918518
10.260207891204788
9.761841300393185
10.937249124010803
10.619736509675821
11.042333208071572
10.961892491331966
9.965420793427949
10.5250923020838
10.42095279985041
10.347673849536687
10.802182223289373
9.831802648757323
10.878153459776346
10.599729595057985
10.424389882797593
11.01667682712855
9.878129553629938
9.976451279048224
10.200468073346311
10.80644921321251
10.385142658573953
9.946849108821107
10.998975551657058
10.662530597825654
10.187211518936573
10.777485869942002
10.02608698937768
11.058306899927619
9.749982834432613
10.485584620235288
9.780127621816549
10.255937796371333
9.808751987106765
10.396852714257554
10.950376400936968
11.049930588251067
10.958468717051376
9.845941470879218
10.90075098303879
11.029284327958402
10.354239077577883
10.120278949752642
10.529590067729973
10.712591228857058
10.883027440851514
10.100835147829176
9.903720047827292
11.02657886548025
9.856694392261048
10.043075888805403
10.299556545054642
9.986943256195275
10.23788600065303
9.939338466939116
10.50549267670554
10.582356894011026
10.60096700279608
10.627541118425986
10.093130205068965
10.856448816553035
10.089395803994421
9.86218757214059
10.595436461617389
10.347023272632583
10.030710126220697
10.018388715617077
9.680505345232843
10.526944417513302
10.035437098537287
9.689439628542964
10.72730516125857
9.811757346810127
10.668082756923141
10.067500419308685
9.879318031180675
10.94090315489911
9.86205695549113
9.77742888367098
10.369066507273997
10.073120708630894
10.488458293518203
10.566938475463177
10.796038414530477
10.04154124708757
9.758847621768735
9.741827826690958
10.50933484340953
10.93953212484335
10.144468281508129
10.537213190859141
10.77811923751748
10.169196800687585
10.918830679051275
10.006128058403359
10.283550795300528
9.75530242449937
9.741495976986867
10.153755295513442
10.19324354934884
10.142969154008519
10.818491848283331
10.357967848029034
10.231560206336814
10.580414042177553
10.848618343608875
10.913944388357585
9.72172291466863
10.477100038726862
10.356823049390382
10.856142190982423
10.531217530070064
10.503763502066473
11.018725005034808
10.712309924261234
10.785007744430333
9.774863306271241
10.95200613300255
10.489736002161727
10.922437416160864
10.743679140269464
10.006193620490146
10.763488199928979
10.469932363408342
10.227406409552746
11.010236146757478
10.813560971654633
10.316485024055844
10.629578411025761
10.665212622656716
11.01917243512708
10.186421505094268
9.698880397457664
10.073487608915935
10.321092637206151
10.130554149642217
10.909486896581187
10.496962573215683
10.637110889284092
9.736198036332645
10.076572985181405
10.297498364321799
10.761818628373874
10.052792682185755
9.77500785961855
10.470061945262678
10.362844598355542
10.713123068439014
9.926762560429491
10.251208064032348
10.120370912053053
9.693182170545708
10.49285963058155
10.294521628025912
10.910250446386579
10.00525988716939
10.37143201891713
10.741877530231061
9.994361338508552
9.873152844732846
10.994298498345026
10.99441225822115
10.551896494617386
10.529580498167544
10.935044349654078
10.249191813977783
10.430458092597473
10.941547906636604
10.226583306091179
10.885034132763225
10.773865597628403
10.303991928329419
9.942174679935595
10.038609832707698
10.864965992435343
10.510238903353038
10.088440494484244
10.811983948810994
9.716504864686915
9.928225465744854
10.771853014995537
10.262018009085118
10.58744826405853
10.231970276552483
10.260296015564153
10.724559522522567
10.360979908562634
10.13303697865386
10.805374095910135
10.603476858844747
10.458296782703473
9.91117705143771
10.361451840769597
10.288242556971964
10.372887761554505
10.357767286666586
9.877335120264236
10.605168520367965
9.909745070388848
10.239206254859868
10.327087510399068
9.798033179800296
10.434957974306172
10.924198340402025
11.062221711069002
9.828043662997946
11.057799067104884
10.357865407533978
9.907601728905593
10.392013638709905
10.742088301087383
9.853233406931803
10.75030470972098
10.511192885235394
10.136954227743377
9.698889956790675
10.470140779719832
10.737794689853159
9.885494440023926
10.800137700505408
10.957993298972497
9.835004516576868
10.354047175142359
10.22067964520108
9.774839677584565
10.095940897173122
10.66558963825302
10.40843568823463
10.207970007639435
10.963314102233957
10.468827693465954
10.833766421125071
10.731369593519005
10.46593627815719
9.966261969116083
10.310168312370113
9.857972646675057
10.590280160028342
10.630434896766234
10.343646437857425
10.96088476281402
10.314107705702797
9.762061618325719
10.210563556544278
10.763884195404197
9.995105383762832
9.706988207494184
10.63131396748711
10.275073300534368
10.758956484950003
10.747748999424232
10.223923132439534
9.998087662776822
10.101733096982102
9.75071034173108
10.847730196088984
10.743116964603388
10.223437380718964
9.770761620817007
10.47601859924152
9.969597903015881
9.767137293088313
10.214711622259232
10.504675278024953
10.908131183015087
9.73591555114987
10.308359926596323
9.773118284299343
9.77986882197992
10.983662834032355
10.66179111706541
10.78728995095685
10.615464200791962
10.09086471448293
10.53937281092535
9.976638120642068
10.065836332054209
9.695522993052505
10.71579362105046
10.81985866490844
10.490502707689174
10.366370147435033
10.024292232067518
9.873276086516162
10.214816918600178
10.32533039535
10.815000487585714
10.944042796959986
10.356886095892863
10.312946072656384
9.731777870819327
9.84818787815773
10.810918071671146
9.884164027112552
9.815095004317545
11.041598142943304
10.337536457472808
10.848466619053134
9.992689967701715
10.047420832235996
10.813361939506386
10.841055521554402
10.854541339092869
10.112071900032353
9.958218760873303
10.360689861354357
9.939540224947441
9.843561946111091
10.785441042261045
10.237088890252252
9.912131638546613
10.63539774137822
10.818861375135915
10.769410788987212
9.844740087207018
10.815124872925498
9.97335610760533
10.117728206959256
9.90241563212281
9.942711490901903
10.905449772260997
11.057792691533814
10.55235351487296
10.420524329950346
11.036077014634936
10.58281150658469
9.698313942293996
9.936355293480723
9.748938876031731
9.730162478650918
10.141020496068572
10.487456984817461
11.051693299263686
10.18790905407882
10.459789282728106
10.430516411389911
10.784770369873401
10.527249289077123
10.736112598251514
10.052726826230405
10.627647610294233
10.648912662366948
9.99469326651813
10.618035693620412
11.018245611646927
9.785349174959824
10.139342810236313
10.926451585614085
10.57329393759286
10.641367088033142
9.727781704614817
10.125818876668617
10.411301918622346
10.504410735986108
10.393899757853015
10.530039400804974
10.951890676472726
10.557666613689351
10.256316313547416
10.41638995326724
10.064180154250812
10.248661352369018
10.310026287986627
10.078266564220066
11.006806470140983
10.893802431725938
10.958391355410715
10.83783073934016
11.010061280769477
10.936240494239877
10.623518554281603
10.176793025494463
10.115232717761883
10.128005673851149
9.994487549906898
10.58228295336413
10.173596853251512
9.86958214651724
10.799739767084333
10.5656255668821
10.414539267547308
10.89061982477149
10.887283895329029
10.212784033691486
10.876953811937863
10.386661184453336
10.705936239285185
10.29976981963775
11.035630185905813
10.155495737192991
9.795140122616104
10.121836076437162
9.99679001722377
9.69288534883871
10.2084189087662
10.419055052998003
10.714485004790184
10.322669979162553
10.746066901794812
10.453022182980316
9.833843897499527
10.766913340547243
10.815333376324777
9.777991352044129
10.025034651726699
9.824055539017667
9.93287988044721
10.090746537920925
10.734926856005325
9.83026742780128
10.365034082281433
10.609995099065978
9.83696997665599
10.987434932625186
10.969212373873068
11.036595134093467
10.419183029449691
10.709408866493735
10.094389311945537
9.894559783213936
10.909927385606737
10.302106559346623
10.49392990437244
10.269652542704156
10.415483844394267
10.233947896686235
10.30956890962257
10.435295260611264
10.596613293365841
10.451791452765844
10.44188301880536
10.769332055921854
10.775402864260705
9.768405392227798
9.829397153590719
10.657046639928726
10.760380173271777
9.81642245913696
10.107856615844009
10.426972883289283
10.997024799650294
9.881019796518187
10.682691804713293
10.762855023251067
10.71702755740516
10.20839432045779
9.887116410671247
9.864691982519671
10.712359286214681
10.835167981625192
10.668272249141854
10.146964946483035
10.593902230587371
10.756825806507914
10.060846140516393
10.295622836628207
10.247427903625184
10.758139673427692
10.229849431959344
9.739374298855923
10.407832280890236
10.481703722101738
10.518557571318372
10.076509582823366
9.748933190647788
10.649206357022527
10.822735597353038
10.923586858738267
10.921734597802882
11.00812777748088
10.450274354113917
10.485778504552842
9.932835071836864
9.83109424508567
10.620971377807379
10.921307021469538
10.444994785438826
9.788914665977108
10.612863818407485
9.726841858535387
10.111580236194763
10.550286625233404
10.345060115402413
10.005201337908783
10.551105420206762
9.849652631819458
10.152099446897163
10.9375408446687
10.828828296744257
9.825310407882979
10.155043378239618
10.443322493779133
10.033659356963808
10.932804998468104
10.636758956339374
11.055203590247327
10.618564414905633
10.680569940273744
10.979357095132121
10.463612344647489
9.83277547592652
9.774001064253536
10.001856081782828
10.04863445449209
10.143163457910402
10.976856768169025
10.463537205637033
10.660285094129994
9.9851345109525
9.78320683178707
10.077891992347956
9.808807727746153
10.331168568705007
10.215685473535018
9.960951596044398
10.821286111967082
10.89334080030234
10.466276456080225
10.463971922117619
10.158987007124466
9.815756645763505
9.767278297364172
10.511517843574754
11.044507548380558
9.815189702657747
10.291816226075582
10.350942424030709
10.22849650610185
9.711015808708936
10.522610840666056
9.68070761157119
10.43850676916152
9.683308061931038
9.994669917742508
10.567518246472863
10.06616117782002
9.863444954008829
10.012102284514965
9.691942891193857
10.389591852759745
10.423072656528012
10.286838477050459
10.866234295999945
10.669735752847307
10.163028603727593
10.726899792878829
10.384112929501127
10.554351156359676
9.919668200658593
10.561449572890504
10.527029044000628
10.197539736196585
10.834984228887908
10.044434836775565
10.505757207974991
9.700757824216367
10.478200499227654
10.635444773903558
10.509601742795258
11.021892949267503
9.959796519484593
10.52533186522474
10.689926185518742
10.101996110303109
10.01187650936252
10.025252435524232
10.439435385366004
10.494319368605536
10.907571747695567
10.318110124380791
9.888621865687398
10.4784543660878
10.109144745880558
10.637470289569462
10.036180329021144
10.188771018299276
9.876899580320929
10.20830610384963
9.854845860946138
9.976427583679758
10.899956278325622
9.699875487071107
10.89393395224526
Rank 1: 200 simulations
9.683015299396512
10.587298030150675
10.892244614476114
10.98506607675198
10.620439310826278
10.207469211196289
10.02470346879829
10.097850725528417
10.425279201208191
10.534809765785873
10.39465141590357
9.918997008032422
9.753513086907029
9.729272358076074
10.430200123525598
10.994663165124399
10.176752262164369
10.930524469486349
10.60093189980678
11.029452512116716
10.433632386683737
9.923700449957916
10.728213348628957
10.859945004477954
10.176808607096405
10.178668973677015
9.852040180964437
11.026566705483097
9.94311813545935
10.608110173010477
10.765147981886637
10.402324947487319
10.62812686086862
9.829704814961868
10.809970660190281
9.851952833943965
10.536843413181073
9.906346178933081
10.128706226584212
10.539080211438057
10.029033587479818
9.708729169043314
9.749194740206697
10.75084027055386
10.831028291293464
10.219385605546735
10.206348044222386
10.02675078280924
10.865784800926699
9.761846449828536
10.639194965206968
10.089479464049372
10.108038254960912
9.798124426332645
10.469687371111913
Rank 2: 200 simulations
10.618010363367118
10.885931176003481
Rank 3: 200 simulations
10.461907191471408
10.310644598756326
10.63947192868229
10.637575551304934
Running 800 simulations with 4 MPI ranks
Rank 0: 200 simulations
