==========================================
Mass Fraction MPI Run
==========================================
Date:               Sun Oct  4 20:40:01 CDT 2026
Host:               ac006
Array job ID:       2187497
Array task ID:      1
MPI ranks:          4
CPUs per task:      1
Nodes allocated:    1
Python:             /scratch/user/u.hm357857/.conda/envs/comets/bin/python
Conda environment:  /scratch/user/u.hm357857/.conda/envs/comets
==========================================

13.28605830565687
21.213801752655336
20.9056980765931
10.284409262198954
12.174740789494399
23.944564133761777
7.3488195923739745
5.1218598313823005
13.088085369957627
21.983660439682378
22.66954716296948
10.779880858019897
21.25594096575216
14.591176093212969
5.076894094609836
6.182015091048609
18.793965534503773
11.598981998446604
14.336287532233086
7.187196853013205
15.56273225051319
21.696951426863347
14.033339351607761
5.503310255173792
13.299765796866204
9.196089179457607
6.300094462891003
15.65352934829541
9.578825778887554
19.21253449650097
7.857248704161163
14.03975327235895
8.98333150465163
16.393894904977508
22.792530375305656
15.153128579052002
21.650162920818403
13.237756679540059
22.39286316121121
22.227663603675587
13.38646017972284
21.390453554341573
11.505473414830362
14.641780153143527
12.958664291386121
11.860666385320442
5.489293341175108
14.014337455832122
15.610377816500323
12.493305361834617
24.93112486468855
18.19436837993876
7.43930976879406
9.975801051390452
11.387099568695792
14.675216382861912
7.75957175735924
20.624137112637186
17.733457442424438
14.302406572972243
19.821350636630775
10.885402700571527
20.377566028536464
21.39617660223138
22.231485194418493
19.773198169348554
6.072898983037884
18.325299422093696
11.390791280566194
9.841748280432839
11.970851729952098
10.39376488615736
24.38188893509668
16.185922261355394
21.856883470832496
15.249312862742542
24.874440506258285
14.026158932754784
6.521991466506596
16.05706397100153
10.006427808330056
12.821703217620703
24.404999120114002
13.46873219528826
17.053054561312557
19.936917272656476
17.298916288198722
22.034627249382584
8.704020659201765
23.33351143507443
22.166883487029722
18.11401594930593
18.143047728254
10.139239475986745
22.72749287960343
9.262307997109422
9.445282603632759
23.256205787327954
10.921975598739104
8.74533954807269
15.627219626037927
14.857369054036436
21.31856852710684
7.655913213869359
19.71847883806676
23.380955280279533
20.14063415998121
24.31119360805631
11.82216119013315
10.057916868114255
11.736715952219983
8.194149001351263
16.116642686908214
23.070561958030794
16.368431928904986
8.563857503125462
17.5958318755446
5.471269215700483
24.711719360530815
20.47211905581691
9.332921893456065
22.836456781061987
6.19388012148387
23.726732002170664
9.081743858536262
10.331201548415157
20.164688873526526
19.215177937405837
7.984343699948311
5.7499994801603265
17.575183959592724
23.96394020191775
20.28856391551266
22.308685656428292
17.04787595099025
6.787324927008129
24.676678959423747
6.340903336834039
24.269851801199756
10.131372654932989
16.22895841582124
22.083817917305527
12.650236696607484
5.943458852267183
20.336158046178284
15.07020238582835
7.310551199687203
19.754178130711608
14.567145748290942
15.088768375402289
16.007546473773534
16.8601917361933
13.169689095770355
16.520882154619052
15.167980727655861
20.305254692754197
16.94362616906829
10.615732651540071
24.137043461436548
19.373246868239928
8.578638959333878
11.896974944766841
22.134942296604216
14.861089633083672
13.868041673530113
11.488578005965104
6.315991165493688
19.990147020985916
6.665522318786263
14.84762978676876
11.710813549454361
8.762855761258221
10.682005753174082
13.20136331310426
10.41946556927102
6.724134108416968
9.368351871954479
18.332369702434413
17.62349971959626
24.293388300242626
14.26345219002525
8.092928658732486
10.211578701553412
17.213269506797666
9.249291861875895
17.79976097211487
10.005912057263025
19.874832948928738
11.612993019408883
11.623630941925109
21.973950910524223
11.264787595044032
8.142528481188736
13.580402226335007
16.938717231280144
5.471905665708119
12.394726704202562
18.910532050518214
24.766745130754785
13.658651677910605
11.312951419477493
19.52598486658985
13.391188011191721
12.897445573436874
9.5327100613705
16.701405068037076
11.02170526166744
11.158035017711496
7.870174909776885
16.935328657434027
14.190998246467295
10.915867418664394
24.386599472895494
13.713329201277746
7.330213438050199
12.571989866058866
6.902944672327804
19.73397347046501
12.535416316195626
15.060409750428736
8.359161737170716
19.981986991932402
18.0813396101822
7.927147010824664
11.820136388515474
21.14688329825643
8.830643893537623
11.937907433467174
13.514219534851154
21.195632193518357
20.382448077964735
6.54742712385743
20.278886424089073
11.781355370843723
15.429190346683603
7.258065541257645
9.685608658149217
24.18533447350789
7.485702346748678
12.399703428435046
16.43193436492875
16.949993901547366
10.1481234864384
14.797840568987779
11.991692758058372
24.717277988714766
21.90167128420208
23.537398390242327
21.715012806470483
16.927616481263655
15.133886848203069
15.453808659948752
10.414141717456397
24.737959930809946
16.944388960570038
19.554757369155723
10.063697779299615
6.954284780700943
9.712523555852536
22.851783491581156
11.432635996372106
12.914717352040077
11.591487279678843
6.867697090340816
5.1608334652746946
20.012613343557998
24.095633729851947
23.151704471265933
17.367481766836047
22.361476007140613
9.433129016192739
17.429654945408558
12.32840735053276
16.222450657951946
21.796855620379365
5.539945918062896
13.986838396335168
22.16740709089378
12.235080670973966
17.2831244456817
9.389631696045132
15.359863110903202
13.452569553020272
17.158510816591217
24.907049225394868
21.055564546791846
9.848453671051274
9.773548844741548
17.596219137960485
18.740617141664323
5.534555095058269
21.870387907660984
14.145760889851875
14.884520679854065
15.444241217987777
16.319798789173483
20.229909271746383
14.096342227179077
16.1587327610136
8.98037796243612
5.581368271492173
11.729861725962511
12.39943037357094
17.74950308093801
16.155094153461377
24.27378879250001
5.251754747664146
6.884537731454774
6.109490821703192
6.047417175184478
13.299483848468567
19.40406876511068
8.441214043446568
21.478936552490268
17.42715017478947
9.260965002674826
8.286308457219256
16.309557001877774
23.412191365890017
12.725922355895808
14.100292946459705
12.55803526989196
19.646198032942884
15.75153584889739
9.145319637207372
7.77257654738796
6.934518226865056
19.905413834719756
11.446471041028337
18.827175767036028
9.865093949336677
17.351333551538715
20.891284789118565
20.633130321034322
16.847832256055227
18.211761465651715
13.989318069068638
12.317271501496382
6.935305892905599
9.414122954171686
24.809641083667174
22.663413725296678
22.063825389789777
12.693746953534395
24.75735591340197
19.567284898591968
15.574015957495714
13.945589825182532
18.890104723063814
18.37644495415053
5.45623802345113
8.057242898021295
22.281325538412005
24.080157613774766
24.34162722395967
14.264303007487095
5.546222116318837
11.9539693877554
10.069915547071457
15.922337589897882
19.68683625417906
5.9528744100332105
5.744282373587229
8.079475343481237
23.631028816066145
10.49668212528924
22.12228838286133
18.844844361357104
18.421538816925008
23.272788944767644
9.942224447024957
20.925811611463537
15.296206950868193
17.665978759090194
11.706755275171606
21.917999884378595
11.495810380006091
19.383359607028957
10.048267735679175
17.63446214243617
11.848209022244253
12.963907043992647
23.15622419369786
20.507063959233953
8.860558553088634
6.402905382990887
5.380784669270266
20.17513788007296
19.452729694118517
22.441336802497737
11.360757957331058
5.320627855763663
20.104261167867975
11.124620529940174
18.086290972244463
24.51296522560381
6.62657396645672
6.618564809315228
21.716020186584693
9.537828622406208
17.449610213668098
22.10535903223652
11.626897865739842
6.0382220811493115
24.76027004285847
12.785007070502225
14.902363876908511
13.505950677449688
21.04775800343512
15.367947285239993
23.855861033505576
8.83046435216169
9.27410434667525
5.113668501930297
5.863832733068173
8.999046151789328
10.91123775157991
10.441814946488712
6.96357893745402
8.11273500597143
16.47187667269715
22.10204668521971
5.4904152970749305
20.85895510290174
13.672021512044177
7.924283856053236
23.276323499181512
7.469625687475901
22.333475742539555
14.674950109981362
5.942419892091506
19.465537540898232
14.423057811892072
5.686772804584031
7.342572851717626
8.079584625515391
14.964836210397788
20.27547491572403
12.540694127591605
8.416502908457602
21.571198512280752
21.949037854698012
20.83391480428658
7.903006977770792
12.706706644717906
15.733586568830777
11.246998912317972
22.8662657123477
19.091723914470155
6.478724708213857
22.679063076970188
5.317771617386202
16.985098103531808
23.920436636811125
10.110914282258303
11.901729327071726
9.14373963969651
17.649289273996416
7.2744481208959
9.05486415212226
20.20719039379233
20.072511898259364
18.68010193593564
14.732023702201168
9.207291007451133
17.976786739811722
14.833457988819108
5.859589159536198
17.996628361274077
22.099649570541825
7.628519619947605
5.7839418121112685
24.81080332844054
12.533065431535276
8.031488383096818
12.720947498739656
19.5783696204437
23.463336990341134
6.947546768732269
22.96634808903469
22.10078076531142
21.245602764423744
21.072660689043072
5.470980909667285
24.029839969196477
12.830517610559518
8.203874643510298
14.89761938561108
9.384121103680396
21.347669946068528
6.748817097435618
16.25079902599634
24.17165888142259
21.042728278633543
16.582189765549778
20.500214080072233
16.88827427371666
20.729568913062906
19.84784763066904
19.415142165460416
12.356326213893595
22.18060138154962
13.548842817825978
5.9469252225263
5.708810019853585
6.275381311198796
16.871757854057623
18.796074162002434
23.694055304227724
23.407317666791446
24.188956922390915
23.90424149359154
19.104079670587197
18.378546149344835
5.065620030803917
9.732006216398544
8.950166918032107
19.810732520799743
21.07029760536024
6.814584018121592
6.0715433960034915
10.076064703691367
20.790705887741062
16.982693913440436
21.697479194624666
20.854797648844045
6.2366476402268685
13.589391353797629
16.64465894083683
15.660000861287632
8.716785509880863
13.305138666672907
9.561319818590361
7.2944906935787674
10.37407214452518
19.622037484904673
23.23381711915047
23.821794063748648
12.49055999304183
8.446799769857325
6.571694914202921
18.725454550882812
18.769535472979314
19.686917092464224
18.224309621320927
17.0800818272507
20.185759164791218
16.38379813554175
8.094301184114078
16.69166921278715
23.404102082807228
12.483344988937315
18.394872279433166
15.064453680771848
17.375489016338786
20.18383017508807
5.356734678903161
6.317842421126678
23.117533487329855
18.311099757929966
17.40743022896144
13.303903217332758
21.629392031646116
17.323649402501324
18.818309982301127
10.041479463342103
7.403156891398983
23.398239216103107
7.940578056271161
22.27280052251075
15.214151259842232
5.434439417020891
18.500978721243985
10.523972561509991
16.737952072048266
16.68526495537823
16.105449943028734
21.6622802014269
6.619780659030936
12.294178129916569
12.141134568637051
5.990794909402917
10.623953476721713
24.36808706696538
7.813007287579319
9.17548871617327
12.004922315734863
5.247470920441275
8.801305029639481
20.054706332290092
19.879935232323334
5.8953221909950715
12.153371468855052
6.863189095853885
9.057914197705353
19.767374302062922
21.354974574298488
23.370347407461626
23.415861404227194
12.103295771438729
24.292702025567113
6.2485814728373
5.0368764032740305
22.39626081420963
10.388000483627117
17.947268289565496
5.332297049154415
17.944350615199
13.752036221501525
8.03578126044781
8.485473407147499
5.9165959759202185
23.189545054056424
19.903115039328995
12.608385908859743
21.0374381385727
24.85028287071544
10.974664444872191
16.91827045419381
6.3517036338744575
19.949030409207126
14.142438517464397
24.719519770887576
7.387401318502
18.4489422311781
12.78557653986348
10.67523704585403
23.5167192493807
20.368323332117555
8.215071619629564
6.151519174229707
9.630462672476007
15.123976400717146
12.255486113314793
9.420257712699518
16.717690516106394
11.292353273719996
15.578734936494874
21.993907658202893
22.031453246534976
6.700205296659865
20.44155301406056
16.035290545544143
18.06163025119075
22.31322160867441
6.457934811902204
22.903432087612725
7.911820467094497
8.444946379798576
19.431213716114335
18.846017482829787
5.2826832067425045
19.644097264324213
8.60908740641165
11.161525544173294
24.4505306774052
14.316494797544731
9.415046353148544
7.301821865835921
5.23333605643497
5.858206645079069
14.175340540557329
13.188192069112063
24.6459076166293
21.7306243024168
5.6721008334928635
19.229432523495323
9.289254476149477
24.737327581294984
21.53327364858989
18.691332040569257
20.73880828845978
22.23103094333941
23.213379729465395
13.776207402809291
7.250021866697473
18.078293685586374
6.418966046967942
15.402966770164143
10.947254018804866
24.593508751093864
13.035644847333302
20.868464429072667
10.953882796844834
9.684343483119848
24.833405356800395
7.10768320855665
6.801707501364942
19.470423354600328
14.73957500059999
15.007643166109617
13.377052402595028
6.223175453135388
6.058008820734222
7.398128495178204
9.212264634286942
11.895592377767194
10.801144134821751
21.532610289877624
17.549846664845596
11.961040599717572
13.819736045095429
10.26292336445934
5.722726861681626
15.396586909208626
14.749047660570422
5.00741135161638
21.828439167297226
15.970765771332458
11.128982667789543
17.978226446518544
11.059022463711008
20.85479494803387
6.292539925321403
15.173759845209819
8.946633918796321
5.369140413673808
20.297636480305588
18.949804076294434
16.35359579513551
22.837701237660582
19.077180189693898
12.954608930708513
16.38172977173332
13.961421682763497
10.086796770541644
14.524872216975602
10.59692999294956
7.609176765250785
11.683250387357177
12.270208618229022
16.633527524321483
21.352787988611954
20.82364246327186
5.961676050657969
11.35843032401776
8.298091881515452
10.233681719007578
9.928971763047949
18.20184689287254
10.130884749826555
11.457556649826138
15.674424165717234
18.78221152902615
6.404216682448018
22.970997810790763
6.961106358856233
13.419870410007782
20.05200582902691
18.267050860082023
8.42474386816523
12.398436000636956
7.931129418001901
20.33553527741794
23.192793935792203
5.2929599509673935
17.740316698785314
21.740197485327815
6.138548232920842
5.8619462730258975
7.700191669513692
17.546551714103156
13.468703318684463
24.276398863121187
20.931665272903672
Rank 1: 200 simulations
20.900403672209364
12.972067919065234
20.158481027212893
22.298363792391804
20.126379446741453
16.58752595646249
6.225848249409429
24.9884009893495
18.426669515575544
19.73297813329721
14.921230756040417
12.848922368279428
8.335933504103847
16.245425318816707
12.043078844511026
16.34755813020572
19.26354828218376
14.329444878142715
11.968177679454666
7.603316214772066
6.018235226292605
20.772897904119425
Rank 3: 200 simulations
20.46342541553912
7.425917904718751
8.939527114204385
24.45158622877797
Rank 2: 200 simulations
13.281722965298517
9.541640350277195
13.841482639014753
14.30072268333334
22.561061354400987
14.890225525239135
14.60621921415109
17.96722262424545
12.799585145983258
Running 800 simulations with 4 MPI ranks
Rank 0: 200 simulations
t=3154383  fraction=0.43875  peak_slope=1.324e-06  t_peak=252351  comparison cadence=3154383  difference=0.43875  below=0/3
t=3185927  fraction=0.43875  peak_slope=1.324e-06  t_peak=252351  comparison cadence=3154383  difference=0.43875  below=0/3
t=3217471  fraction=0.43875  peak_slope=1.324e-06  t_peak=252351  comparison cadence=3154383  difference=0.43875  below=0/3
t=3249014  fraction=0.44000  peak_slope=1.324e-06  t_peak=252351  comparison cadence=3154383  difference=0.43500  below=0/3
t=3280558  fraction=0.44000  peak_slope=1.324e-06  t_peak=252351  comparison cadence=3154383  difference=0.40250  below=0/3
t=3312102  fraction=0.44000  peak_slope=1.324e-06  t_peak=252351  comparison cadence=3154383  difference=0.36500  below=0/3
t=3343646  fraction=0.44000  peak_slope=1.324e-06  t_peak=252351  comparison cadence=3154383  difference=0.31500  below=0/3
t=3375190  fraction=0.44000  peak_slope=1.324e-06  t_peak=252351  comparison cadence=3154383  difference=0.26750  below=0/3
t=3406733  fraction=0.44000  peak_slope=1.324e-06  t_peak=252351  comparison cadence=3154383  difference=0.22625  below=0/3
t=3438277  fraction=0.44000  peak_slope=1.324e-06  t_peak=252351  comparison cadence=3154383  difference=0.20000  below=0/3
t=3469821  fraction=0.44000  peak_slope=1.324e-06  t_peak=252351  comparison cadence=3154383  difference=0.17625  below=0/3
t=3501365  fraction=0.44000  peak_slope=1.324e-06  t_peak=252351  comparison cadence=3154383  difference=0.15875  below=0/3
t=3532909  fraction=0.44000  peak_slope=1.324e-06  t_peak=252351  comparison cadence=3154383  difference=0.14625  below=0/3
t=3564453  fraction=0.44000  peak_slope=1.324e-06  t_peak=252351  comparison cadence=3154383  difference=0.13750  below=0/3
t=3595996  fraction=0.44000  peak_slope=1.324e-06  t_peak=252351  comparison cadence=3154383  difference=0.12625  below=0/3
t=3627540  fraction=0.44000  peak_slope=1.324e-06  t_peak=252351  comparison cadence=3154383  difference=0.12125  below=0/3
t=3659084  fraction=0.44125  peak_slope=1.324e-06  t_peak=252351  comparison cadence=3154383  difference=0.11500  below=0/3
t=3690628  fraction=0.44125  peak_slope=1.324e-06  t_peak=252351  comparison cadence=3154383  difference=0.09250  below=0/3
t=3722172  fraction=0.44125  peak_slope=1.324e-06  t_peak=252351  comparison cadence=3154383  difference=0.08375  below=0/3
t=3753716  fraction=0.44125  peak_slope=1.324e-06  t_peak=252351  comparison cadence=3154383  difference=0.07625  below=0/3
t=3785259  fraction=0.44125  peak_slope=1.324e-06  t_peak=252351  comparison cadence=3154383  difference=0.07250  below=0/3
t=3816803  fraction=0.44125  peak_slope=1.324e-06  t_peak=252351  comparison cadence=3154383  difference=0.06875  below=0/3
t=3848347  fraction=0.44125  peak_slope=1.324e-06  t_peak=252351  comparison cadence=3154383  difference=0.06125  below=0/3
t=3879891  fraction=0.44125  peak_slope=1.324e-06  t_peak=252351  comparison cadence=3154383  difference=0.05625  below=0/3
t=3911435  fraction=0.44125  peak_slope=1.324e-06  t_peak=252351  comparison cadence=3154383  difference=0.05250  below=0/3
t=3942979  fraction=0.44125  peak_slope=1.324e-06  t_peak=252351  comparison cadence=3154383  difference=0.05000  below=0/3
t=3974522  fraction=0.44125  peak_slope=1.324e-06  t_peak=252351  comparison cadence=3154383  difference=0.04500  below=0/3
t=4006066  fraction=0.44125  peak_slope=1.324e-06  t_peak=252351  comparison cadence=3154383  difference=0.04375  below=0/3
t=4037610  fraction=0.44125  peak_slope=1.324e-06  t_peak=252351  comparison cadence=3154383  difference=0.04000  below=1/3
t=4069154  fraction=0.44125  peak_slope=1.324e-06  t_peak=252351  comparison cadence=3154383  difference=0.03750  below=2/3
t=4100698  fraction=0.44125  peak_slope=1.324e-06  t_peak=252351  comparison cadence=3154383  difference=0.03500  below=3/3
Stopping at t=4100697.7149443696
Saved 437 remaining particles to /scratch/group/p.phy260085.000/Mass_Fraction/Outputs/Ejection_Results/remaining_particles_2187497_1.csv
