==========================================
Mass Fraction MPI Run
==========================================
Date:               Sun Oct  4 20:42:33 CDT 2026
Host:               ac073
Array job ID:       2187505
Array task ID:      0
MPI ranks:          4
CPUs per task:      1
Nodes allocated:    1
Python:             /scratch/user/u.hm357857/.conda/envs/comets/bin/python
Conda environment:  /scratch/user/u.hm357857/.conda/envs/comets
==========================================

24.19063238677127
59.71378878769282
26.6330185501432
39.383242915189165
52.76757352350186
19.228399564232028
60.21813411191775
72.2870183992695
63.06684144932229
32.56185210019882
41.14577026005013
53.71393762928917
56.135815235759935
61.5610370720093
45.14367716836616
35.445932505312555
33.89508990355298
60.81248974853692
72.14078473150786
49.83767115996583
48.97945078270126
39.11924105252348
38.633227098896484
62.11076283872616
66.12823743619572
24.16717101691267
54.7089639281165
66.18133570326745
39.17398136361553
35.65732900667433
28.79641149232033
65.07905552211932
44.40830595197416
43.104413493396294
59.53171379664206
37.965738050817194
56.97189315554605
29.069223883905384
57.34890650816902
64.04151049831304
54.67257720756412
67.23149439714055
25.188629705942827
36.91955302098873
17.074692509599682
71.10283472360733
17.572539363442505
24.75057745355795
70.30179131603798
73.73822453439479
30.818981017717558
44.92234567261053
72.32455066541195
62.15428034962454
56.06486309231307
66.33505678464081
40.57368882582952
57.56159883655979
41.43357884170087
41.01830634327362
40.71009436084887
20.70319834727163
72.91605282751541
63.940760753307856
50.444867760824216
22.792614970319075
65.51650101518008
54.265445917691274
20.00943160777572
26.222358819688385
23.158003831197718
38.9286471734449
30.734452602950284
60.90294591380407
70.18783648636472
71.28009117981344
61.5317923983975
65.29916650798684
15.072533394095643
56.00469008974662
56.269791915833245
32.09340478054553
69.5976614709809
21.692337987487747
56.869936921621225
26.410613301542288
51.450050988353674
18.81943512938731
18.09998115417174
42.27747861650217
29.061441821425834
31.45541004050088
17.53363239908849
38.882888143343266
34.87046099618321
27.22429753485521
52.961169665978254
17.65998080240444
19.413381753251535
61.274731788157176
56.7662375614138
35.70761553987703
74.6526099920263
18.38706466413755
48.410019755936574
60.206011560285376
61.60839095503449
26.53945901711561
62.199560878612715
64.26335021086075
70.82677645092728
65.01517297951631
39.14760238608072
40.287918955238645
72.07149299391426
60.18359605186617
26.788982113159953
30.637361013752397
25.31837338232811
38.34229508681901
29.424009970996412
60.19174637212527
74.98271583215141
38.35348518241571
31.081326596552824
30.06961829751674
40.05936834405803
47.90388593229453
65.912475099152
32.659982986096
40.13574853435386
49.68950206273712
15.951922974963633
35.15756216756165
36.77908797533211
53.88238930812272
52.363575982051444
17.365358302277862
64.73566713121181
71.18685079663305
41.594128481449204
16.975064692268912
68.65899276803464
56.26335775626718
56.288118043247785
61.60236596438369
28.826203917880697
62.99951243902473
22.00374729737269
70.61276538840303
54.449763278842674
49.95495600576609
22.03464225068436
35.49887885289855
49.5140776645724
60.8634883831158
23.165449181746098
65.17685699482912
30.350156648548754
67.21483799573508
31.54790333817693
22.503421711604524
40.36703127993718
60.6602756436328
68.05623037667141
55.72938661290957
28.713635656296155
53.92427949207477
74.37682217869653
46.60581046559438
41.47384804847724
40.24570379562523
24.118657426495226
38.124503145687214
32.29831817456544
59.856861835354884
61.2139458994049
20.426886866921322
20.305964667430118
61.63996846829579
43.092712190815064
32.5682792708224
73.42033022315937
42.9857064631501
69.54575353562046
42.5478170772188
55.457865120108345
32.15980197011863
35.18622821705992
24.01730636738378
52.79212294032112
18.948351995726583
44.548565860162576
68.6462555797408
74.31703769174777
51.71234686568787
27.29312942268386
49.03934434028135
15.249896782593185
19.99163069236839
42.71432335210176
41.105345614652
50.19227320545389
69.27609278674677
37.30332913699651
45.691049199459684
32.18664869895643
61.57247616648569
71.10196943362061
36.58535743605033
31.703005809641425
58.037794771632214
41.737942825630924
49.731209194770585
43.628923658607235
21.994988991929187
68.78195776809098
73.2171716106794
20.061711994832308
35.82738596911786
57.54732352126921
19.34941334312716
61.89351658889542
45.68763314453135
43.46790479811729
60.24389091739481
24.472160445631026
37.26115120743711
62.17763760766633
70.03297631653308
65.73028633650814
22.41790086409609
15.422979338712953
43.78497483601002
26.583254221973476
53.025642775028736
68.4517162959012
24.565325079587886
29.78838463338466
68.59419474770748
46.55654489050482
52.89466128348282
68.28880851305597
17.369343750549046
66.36127938011118
70.43228057737157
33.241432485636665
15.44532324289335
53.91968581475901
59.51218065815236
35.713444933339645
55.86274817043286
74.70210073802977
71.90226488105982
65.49844076763588
20.591037902448544
29.17848344430398
36.26333583376983
60.783266631881595
56.86820271987003
26.813470031723476
73.16190627921353
33.8332417776831
54.73920780743976
17.27383535832519
40.79977491582519
74.26041935181556
54.954485175272545
49.73064949418075
19.769900718988538
68.0959513593764
33.4563752232004
17.01846103033897
53.23187392840907
60.58109571341764
25.679935713081967
51.90462590844699
66.88308184938249
73.43237351036221
74.88450222896422
34.632516838281205
35.64360491405116
27.553557941502397
62.42064122797019
34.33162606032709
27.12372194581893
37.86333074306409
17.26023347429512
58.82538575596176
69.78430569313815
70.79445580123212
64.32902767870209
72.27873630691437
55.69807786319824
36.69406802570902
17.39268800082261
50.25910097486113
24.77358901598904
66.75088436817745
50.0065041174309
47.64604143852151
74.01772390157745
51.28820138928199
17.480615866993542
63.735768355761856
18.134403893362382
39.5579441910614
32.70994220425722
26.117124797925023
37.418784964652104
67.88814626349222
43.01216507139493
28.68031875128338
49.48246207052449
44.47429705786813
61.763653593491995
49.55134163106721
41.18877162123114
36.93218581529527
36.893697986242714
45.6196002179654
54.742874912423204
70.60376403784532
15.255012951285842
42.680286895637465
35.87424390464148
32.23430853075024
16.024740491393963
59.34328586168458
31.468202093556286
72.54133205794844
33.29253678645213
44.530613581285465
53.02966119814694
32.20941252379916
41.07199140871755
42.72699550620513
26.73643454289019
21.60954154605875
50.890360180711504
62.02270740851844
43.00374048944584
63.047733735685384
48.04667003047639
51.997399562208294
35.06451046971266
58.65383621889995
71.36166255029511
35.61495514617523
28.97868379048775
63.106662348685454
68.72319036719472
49.65216134294378
53.13496128430376
26.014293170340935
47.746762515266965
57.083251915478435
30.72012683882926
38.69179284989812
27.410603254330077
52.720992448831666
31.212217336579926
26.148354070484224
49.09536301497099
16.895157884883044
49.02333581705945
24.507519937880122
26.452980020130912
36.39080335522492
68.64793114943537
63.49830123607854
44.994326190740495
26.356781989590765
41.83646305057908
62.67818591101965
41.39151464602606
17.869185814695992
65.17618144217647
16.887768962990915
25.392842186209652
26.021673966151553
30.027674043571768
54.5246333903035
32.10503312002071
18.017976155597495
59.57959192897584
38.858917512587496
69.93622389459155
70.55418694089263
43.802775491627216
36.94042622350429
22.757062065517083
70.4305727761529
61.97324248558327
67.02969575024926
33.99320933736571
56.671270345217536
74.5656298027417
70.45940286137655
65.90411424051183
17.8180799083489
66.16666818730312
53.34818146833834
66.68148995384396
71.08035390739111
29.59301030164972
24.398699908415395
73.38795346169744
34.33663114146724
31.78674976281509
19.87615708917529
64.69571457368495
53.78216841462535
65.431879974483
44.30448763718098
73.47262138585096
59.08955219141863
36.41415533872784
21.14264790883793
54.7364185075215
74.3300736731019
74.112319604047
74.85702442657309
18.531721514113425
48.827179739545194
34.28481800951679
65.04996216211683
40.859842251200575
67.9475615350334
58.219379100632366
35.45328468148662
71.91052927774142
65.30711238200178
71.01030966638544
34.98839132794119
18.054881114780347
49.984668515185064
42.38042530984465
43.47947083863323
44.374101493064984
53.834208583598496
60.62321855367139
66.08237290677909
22.278401327593258
53.70853227167868
19.106479710461237
49.649196165001044
56.030627060541185
73.49494684997671
18.957696584264248
64.04768558622582
46.39067000022327
18.704292807245835
73.14574278263918
59.24450780347184
52.37491830053975
74.65679402996439
66.81970897899762
52.65476968923867
21.83423488258883
65.6768365404923
21.074198205691495
69.43642911237326
66.57306676453658
16.745972147721716
23.51708081441119
16.44872493479141
37.879223671190516
49.647862017968876
31.728934393266176
16.886267618508473
54.23745652590444
40.38089555299585
49.244680955934996
74.63656968978366
23.646115321584748
38.70785370434376
49.79508265285632
33.66112424654015
73.17772362896724
22.194849354071636
31.773692346209973
47.92249792366631
61.35285773213855
42.47296508004149
67.56587499495083
71.0993044870273
43.04938985980243
61.2850129904792
53.18556720661718
56.63838625197185
73.7270688120366
71.45535910357367
18.013696889236858
31.007910710601575
44.94823149587575
70.6125144798881
39.18860934001714
26.382937910033643
17.319602776314813
33.74010250399925
32.535953128426414
58.23992126782844
64.83881632255427
74.58697173555241
43.71168457293699
63.96624336220508
27.112369857854546
22.449817596467092
51.91558173176377
69.20830967015588
44.30888882161378
25.67462073747106
51.69422169409112
40.1601549022606
36.28321039096281
73.6329235474563
68.58500201466171
36.10089606938547
28.06998073070332
73.16020665371447
51.507788649271774
67.18826909470218
42.23558491938405
45.20289577576694
60.27605706853619
67.24669736441365
23.270728251719632
55.3950206890254
61.04304937163868
45.392331013963855
36.25038722201731
20.79101494324619
67.9959803461609
17.547131480103218
60.73359693734487
65.18220930008687
50.63382347600087
21.53111637447631
53.96501958145601
50.328967599081274
35.368133571420316
50.47322638247211
62.18201366559985
54.03302744092665
16.31279663290629
50.521470001156224
65.83481919472965
60.1858965650283
42.13096428089938
26.146234464123815
21.712776486655905
55.403351563391844
19.681515121972453
38.10419978196466
59.59861356064692
16.565925647986127
54.440526168414834
57.649970245359064
62.57707001326342
57.87979195332704
42.51353051234585
43.742109937689605
21.398030487203634
60.08634309832322
64.45527513175024
69.84888292374634
63.073935345264836
73.2449110834404
40.30633635562873
21.416422686571742
26.770497160698564
30.97455911862395
54.43050027115862
65.09213503700343
65.70286241866279
25.060937015798515
59.98775437158393
67.31858311619595
16.308248545408023
59.24209993583472
35.13129829763862
51.43973945902196
49.292510756892895
38.96608812617615
37.21555727789497
66.31362150637914
42.351379991495165
35.967423091273204
35.760957806302514
33.736234515831754
59.24615377171569
46.560705727541816
28.69503968929813
64.72941808841159
56.69148461988071
15.032227353723464
40.23687594546239
48.21938306929939
29.04787617388254
43.97545603406192
44.891981952031
66.93510587082676
62.284460651117044
41.94712931358721
60.11426095111374
43.36659079342746
37.51533134519411
74.4562719472838
48.63664997287208
70.78415880428491
28.948080567270797
28.037434871536117
20.27525381903965
53.15182433200122
62.76671689310314
35.361824716310934
71.33247047575226
64.87750006560194
48.5936828968265
36.67466763893266
65.11113638455255
65.10862458978869
51.08785289176428
73.42320654342902
43.8960817966013
60.34324432814145
26.68587348611702
29.227931068360235
16.891352254485884
53.51552218908967
52.307568646086956
66.50724095891056
37.3195666217992
34.286399979355046
54.92461477275165
54.795779434818016
65.56505610543203
35.45454813927194
21.299839360097494
26.69785851990565
47.99344251157565
54.62927095840031
41.300860831981794
17.216157389507256
63.855198566764
62.06992532786641
21.246312841505226
53.839355959484685
53.15968512231051
39.22435793706152
58.300379345539696
48.915738489409236
74.53728705695417
41.67967771110437
16.286921988209716
44.11806120750826
31.43191707164398
29.330444070840574
33.959449683961395
63.76931198535439
56.99864426542964
61.28620024779488
20.941627849446604
32.681304544796234
39.04271109458943
72.61605961091323
46.74934657795848
67.72353009326898
27.76506225445246
61.34547583607431
48.848561825158924
35.959320328073446
22.63360671770955
17.924112418010118
47.195823320964955
46.80642484218626
20.85979408257311
51.26351315645225
28.085985634677648
39.31608388059321
38.17070910334996
65.35033210068093
42.214978364289095
26.34640886223726
65.00389332820882
45.025929452379685
68.4389715093887
65.55367620646155
21.65700464344644
67.22924393089588
69.75852705029118
71.11899588794371
25.319844266799173
67.11264894145678
55.171824288226645
31.750529397927394
37.66361542664413
53.87893425487994
71.34645500597244
52.80105105810716
38.26400968528344
36.677918536461405
42.32501643308717
34.053572803466636
71.60547531311666
46.073884653997574
68.9611584964878
51.06975388146694
37.617602285139114
23.87087516810731
35.739400858356596
51.50072930179221
26.219923565731776
40.677162974718755
66.76488754698232
42.826140888366055
52.164564061887226
31.750353098574866
24.22615778391593
38.757920452864674
65.76729698476521
27.156950205608677
18.838973390646256
39.141660859547336
39.84660889904539
66.02502553274718
48.141050488998125
31.180157366990514
69.57464599278723
60.105437440495436
20.24158015699091
36.049187686703576
21.148328600195434
43.259642229082495
40.91512009005486
70.40992750969565
34.41153862695453
51.85341526938408
62.197859347033
48.945013881304774
47.833981656744875
61.614580206672315
49.24542160180383
32.40646845857292
72.9499000702934
56.84453652824606
47.277439552103175
32.097947885541274
41.00082201784605
66.65672133408256
41.980424569108095
74.15790272194161
18.082327611532737
15.024850030165993
56.65235179408382
29.666893078010514
72.79891025129837
58.300093391857416
53.62028521352289
27.223022595409468
62.336484349940804
57.9691775425473
66.182115437186
58.521987497001334
Rank 2: 200 simulations
36.79569389651958
49.008560328622984
42.35433919533111
60.25890725556595
46.87778593574265
58.0515821590194
15.534555495227744
52.17810723462649
16.5343646543987
33.816213194167155
53.70180333608707
48.33893261131506
37.44564961793254
64.8405736927953
28.97207356470925
70.61425765210976
24.664394375952817
68.47970907603221
45.52818908171925
45.286326717087036
27.011860570505686
40.20038493724235
41.250376872156934
51.15289493767673
43.12433262251602
37.34951304942456
54.049965668904406
27.941338072253117
58.04552938848394
67.5850751215068
Running 800 simulations with 4 MPI ranks
Rank 0: 200 simulations
51.106038412900354
34.694789633548424
45.1973247382231
Rank 3: 200 simulations
74.23211427271846
64.9139318536547
Rank 1: 200 simulations
t=16350129  fraction=0.54375  peak_slope=4.878e-07  t_peak=817506  comparison cadence=16350129  difference=0.54375  below=0/3
t=16513631  fraction=0.54375  peak_slope=4.878e-07  t_peak=817506  comparison cadence=16350129  difference=0.49750  below=0/3
t=16677132  fraction=0.54375  peak_slope=4.878e-07  t_peak=817506  comparison cadence=16350129  difference=0.32000  below=0/3
t=16840633  fraction=0.54375  peak_slope=4.878e-07  t_peak=817506  comparison cadence=16350129  difference=0.23000  below=0/3
t=17004135  fraction=0.54375  peak_slope=4.878e-07  t_peak=817506  comparison cadence=16350129  difference=0.17625  below=0/3
t=17167636  fraction=0.54375  peak_slope=4.878e-07  t_peak=817506  comparison cadence=16350129  difference=0.14500  below=0/3
t=17331137  fraction=0.54375  peak_slope=4.878e-07  t_peak=817506  comparison cadence=16350129  difference=0.11125  below=0/3
t=17494638  fraction=0.54375  peak_slope=4.878e-07  t_peak=817506  comparison cadence=16350129  difference=0.09250  below=0/3
t=17658140  fraction=0.54375  peak_slope=4.878e-07  t_peak=817506  comparison cadence=16350129  difference=0.08375  below=0/3
t=17821641  fraction=0.54375  peak_slope=4.878e-07  t_peak=817506  comparison cadence=16350129  difference=0.07250  below=0/3
t=17985142  fraction=0.54375  peak_slope=4.878e-07  t_peak=817506  comparison cadence=16350129  difference=0.06125  below=0/3
t=18148644  fraction=0.54375  peak_slope=4.878e-07  t_peak=817506  comparison cadence=16350129  difference=0.05250  below=0/3
t=18312145  fraction=0.54375  peak_slope=4.878e-07  t_peak=817506  comparison cadence=16350129  difference=0.04750  below=0/3
t=18475646  fraction=0.54375  peak_slope=4.878e-07  t_peak=817506  comparison cadence=16350129  difference=0.04000  below=1/3
t=18639148  fraction=0.54375  peak_slope=4.878e-07  t_peak=817506  comparison cadence=16350129  difference=0.03625  below=2/3
t=18802649  fraction=0.54375  peak_slope=4.878e-07  t_peak=817506  comparison cadence=16350129  difference=0.03375  below=3/3
Stopping at t=18802648.854892652
Saved 356 remaining particles to /scratch/group/p.phy260085.000/Mass_Fraction/Outputs/Ejection_Results/remaining_particles_2187505_0.csv
