==========================================
Mass Fraction MPI Run
==========================================
Date:               Sun Oct  4 20:39:59 CDT 2026
Host:               ac048
Array job ID:       2187497
Array task ID:      4
MPI ranks:          4
CPUs per task:      1
Nodes allocated:    1
Python:             /scratch/user/u.hm357857/.conda/envs/comets/bin/python
Conda environment:  /scratch/user/u.hm357857/.conda/envs/comets
==========================================

12.695795403275676
23.010812544305022
6.159816670514207
22.511363775044167
19.942697095287862
9.35182234738457
20.047054068635674
19.620328416660694
12.075439999276211
22.10623690006055
20.876314340866628
22.52856352343101
17.355930063395228
18.74592437874655
8.001219349282632
10.382853765956238
23.64610642674362
15.718017780908939
6.857952173616429
17.022993502668477
12.393806514166823
6.091183235607964
12.098287573532534
10.757495446064516
7.00681039952965
12.806841734762349
11.480690004456253
17.79942693560969
18.02715334919008
15.265651229670018
5.68796014857496
16.88597879662111
13.47661326630331
12.967554129256095
12.859763102238354
11.252126694228314
10.17768139403996
10.286370704178665
20.568977272874776
16.33646470513316
9.44168310464065
15.763755099228431
11.69715185310121
20.98992631727696
9.622905759784643
17.63254950202856
9.68811166059494
21.731456780918975
14.774538771434912
17.187112797914068
21.920313160941514
24.346688412241
10.214715788518603
5.198000174696604
6.12851367771891
20.973675946728267
20.01606331136465
12.863408287566433
24.525458828375562
9.135900266747425
8.502373142422934
5.982051190957069
7.101927830820354
10.706591213644934
9.990770921345769
19.362906649321182
21.024343243595414
15.088141502730982
23.054177741370342
14.78642507892485
20.298061094314875
5.311482983507485
6.834293889608696
6.875879540926895
14.509613510789755
21.220082573196187
19.19053357596583
15.134055226333764
15.372130205728498
12.117637456497999
5.3581617261086745
15.762086614084245
5.106180939604195
23.934674694028462
10.019231776396918
21.872339491171036
9.286683523967397
19.032359431504247
21.76448592965832
15.864008427656396
14.226696053115795
14.028035759760463
15.552292241244213
21.118902798658347
11.785379744907994
9.687506605787888
20.388889804112374
18.517549604936207
6.391799106687781
20.309661281635805
18.514211086720508
19.26691186566203
13.084834078026526
21.059953840783788
20.647297438481736
5.191577409474455
22.72485330965859
7.461806606491683
15.260453581481757
11.574070399416831
17.57934166604655
22.80573933173819
5.202301424151012
9.105945576579641
13.805348889934477
15.333417298061082
14.170917807656373
6.754947921929539
11.425669329362126
24.38239496112721
11.01213252418101
23.610523131961763
24.645424657459436
7.524951909593547
6.081507174060641
9.459743695577425
16.117094014709966
13.255475293333724
12.061044796715555
17.145590237786905
14.021653201340003
10.3674091771635
24.92030708008086
12.464117333760598
13.069463619270614
22.54206013138282
20.956851668515625
6.729723096139741
15.568274553328369
24.488516744470335
6.304992090919674
14.675677085327223
20.86977524686934
6.063006791305742
6.490577385734142
19.477851466754217
24.148154774349738
5.538633773900379
14.379667337716493
5.103199527467854
12.501499776545355
18.536931149034203
10.041333502313833
14.995731298805204
7.8310291002411
16.385058372653006
7.995804679774738
9.893975308774653
18.186191991190057
20.954184122558765
13.38247896056038
12.124736972335015
5.668924881662698
18.09012081123423
9.923014630053707
23.910358269689375
5.5561110555232185
5.407227907734981
24.342662610373786
11.152589921395812
9.28312525708134
21.944112580421407
22.06089221358824
19.038627466137598
24.882527045679904
16.941150743129388
19.383133608260685
20.121359955407563
5.415067358310937
15.662500065206459
23.455268875659094
8.971057226464378
23.129343090852757
20.17442479787004
15.45414537262805
20.043987920863792
13.39451407157309
20.383810848644977
16.51168432512092
18.849851384715915
12.550428821421022
7.721522350293721
16.31957620146141
11.609838378161548
13.637651967594536
23.24581791387078
9.522657157258802
7.074469953797758
11.82688019044798
10.809874528223828
11.487536157147481
13.976267431861217
15.971822795366585
22.16119182695141
19.161757927060833
9.099318925396982
19.025163442076614
9.965306814322112
18.79650111260143
11.478873054371338
24.219599269425064
13.706041871409187
20.210198013043154
9.722558746439843
8.944589924676912
9.711258222225933
19.713738300871512
15.031124062822165
22.50251349927848
12.70748938191818
22.534069152143378
12.030546569891715
20.963447889473763
5.297847557244484
11.550223976457337
18.88176298340408
16.149359054472043
14.336815598874008
16.068172694282868
24.890170287769
12.539274917869296
21.163468087458106
23.34848626980358
5.36833690889882
6.825459096598334
15.861100087261427
24.10342874324575
14.92960386690938
24.498310004022677
10.742077194510532
8.53206616548271
15.72685082407401
23.75200623532389
20.72430054769228
21.153362066879158
12.644302011510145
16.644456462681365
24.539450088705216
12.838847166709666
14.813248400008185
16.33835362051179
14.147963032935234
19.605765579936733
10.272265890467247
16.07694494527135
20.17105973030528
8.394708771282284
22.283875088111188
21.159109905214404
22.907493837388596
13.536159189894734
24.51516834631068
12.605105458985207
16.280288143791136
22.550643695060316
21.533135368650754
6.214783411287083
9.638486996911153
10.217772902087216
20.33076126253536
22.59846407370177
17.59005532588985
7.404895440897219
6.394486808979172
8.348905235486775
10.521491755685933
7.098251424630131
7.534431932916994
19.01164702488275
6.03165430296394
20.172790163136888
18.30492874094652
22.460849180140045
13.68208607836493
21.77864875662658
19.623436005410795
6.37094347194984
23.057022984382154
22.29324691432341
22.747776981228327
21.258836995507448
15.23685346297076
5.585492293458822
18.325708815716737
13.541625325310452
10.895219712265662
18.21651338165708
12.469482482573595
5.928079748292037
6.950844744500517
23.984060864701227
14.8812573642195
19.73353849519115
11.672204881298654
5.616931512878511
13.01770151198216
6.552500588100704
20.018120238860416
13.856690521606861
24.302718446245194
15.62463091003381
14.231781775503551
11.809299276354002
5.300249257440761
12.31500913343525
19.21377578409617
20.575401619309932
16.698000585407136
13.961896191388787
19.23736595427748
24.679693579916695
15.811324338351696
7.23790499408066
18.189039256124424
12.985422356785616
20.64216731604694
5.1721190775701835
5.474539041681952
5.183389115254309
15.316079625529495
15.265378604569584
20.208517881468175
7.202467135061381
23.968735028276175
13.669271567847476
8.363336943029015
8.370265853594216
16.2710150019413
12.725842307629684
23.74985513441586
16.018474657202983
13.676264714624677
7.328525452253649
22.358904046131837
22.77579436438708
24.518606392756574
22.075527024423955
12.25435088318556
5.454494273853571
22.8801642622876
10.884286538810832
14.057513230768471
18.92542359445953
5.005577124395488
10.2774756395133
11.437681458859284
22.778838993814784
15.819725748349768
16.771301077816254
23.19890002633794
17.963594596266795
21.09125369387052
13.96444148675882
16.785825421228054
23.513366078625012
21.28551511694353
21.400071127398604
13.347388116539483
14.234823237260397
20.09035130035085
18.49279190558033
7.701317865944395
8.690168177769085
8.587915242879784
18.619299160076686
6.116432102685641
5.3381885643020555
17.151407584656972
14.75806494466438
17.104463436101724
16.529236146136448
23.404243067033843
18.87485425712324
16.2622171742113
10.57906201206712
16.781382425269374
15.287713013790995
23.27579984494783
6.615396229856955
9.82578587811962
18.07917771862424
15.744624810521977
8.833978578838542
13.583968592017522
20.887894140272593
22.072798437495557
17.678188338633774
12.35444177012555
21.8225111984048
6.553447120901971
7.484494408547677
14.04036275480694
14.880647135905523
16.150929988794054
7.8611090025434915
22.90918665213817
16.06987080433641
12.680208079677067
22.9666252221798
10.1950448295932
14.548270648076457
17.222919604478143
7.831122722170345
16.49042070676043
14.581766662474715
11.309353575144481
8.680737986362317
23.841221572009793
17.94337556349986
18.549407651042706
16.507012711073898
9.74922105616974
24.240688991744086
20.418719478626098
19.06283480918382
18.03494538798349
22.615633249812596
10.734417619297862
19.03392864050622
19.354051025134595
21.161195258514
9.674236496772249
8.840574572433749
23.915161461974723
9.195931735828395
18.043440709320414
17.54549991941438
24.853638699903478
24.1526683060132
23.394145774685146
14.185818679937999
12.829180223570958
22.765422095346505
19.86821489881566
15.66043973956119
19.49386341708758
5.385817569925557
19.66469350272684
11.253398248866464
14.80449626464199
13.457146579491688
16.036342651932166
17.44929111918688
18.459039034800007
21.95375520452766
17.210765137118393
7.585329035940553
18.172200237073184
20.52617824629711
20.852708158247726
7.8418803554556415
17.904029971926583
20.517671344996646
12.440433811601041
18.814640314037455
22.738578303679414
23.48672596556809
14.88747151751335
8.331636781952497
19.88410887776543
17.68250736792476
6.340146502678154
10.34040731339233
13.82513777508601
12.243071924380303
20.671848683786216
24.225910872841244
19.259938223987152
24.26325300338905
21.04486031591728
11.780986605588792
18.307777282263274
15.857473449732604
14.331182989561276
20.255590789992738
9.011974001255815
16.44240957379787
12.827472143322057
13.305373747689961
22.08230156140164
22.477248895205165
9.137831160381754
12.65132994846921
12.617764137301231
5.349731486525561
10.09600892302413
13.787412425226076
13.944321187189438
24.60561743389095
15.683568040674645
13.435365654960705
21.56775369189302
23.502691240217995
19.264815746968765
16.338355389079183
15.37705296268027
11.313071121001503
15.069157531256561
17.358574962097297
24.746995930411707
10.549822732459022
19.53648373522996
20.506819925330042
9.634656549485896
18.513845527608375
9.408975806737459
22.69244409931783
12.053342269232425
9.94880105887978
9.906084051635183
11.424391255627398
5.813724866256777
15.884700453585268
15.141129672766347
23.789894261952735
20.86732715241263
13.856506490696747
24.656922173371804
18.935563132403843
7.689837101726598
10.775483100838256
15.293057170975528
11.189938503850973
17.43112887923473
23.121426832500138
24.576545055678764
10.067493863859081
15.568101409264408
24.916946470779905
22.351986480061907
21.773778234019613
13.66402107964676
18.5870269561508
23.030613314918252
18.14188276372065
12.517389243725436
6.277553951661085
5.788635044194392
19.653534656607963
22.668697144289812
17.253399865694597
6.830429981401769
23.869470237057072
17.596687472865213
6.286714019781339
6.439740195128419
17.10720225381084
22.996212719188108
7.408505311652869
20.7997641344411
9.57892677854712
24.862763237380584
23.550741230140563
12.658021041579602
11.360019698031271
10.330235756529241
24.33582512668909
20.978364405298894
6.723210362566339
11.379951927701162
14.164526182937093
7.429610831928444
9.171651472810176
7.178533749830929
11.608899250974293
8.708076600335238
13.970158197116184
11.830944297490555
17.30777717407728
22.653050242979816
6.693726134045135
7.089255926582057
22.217421018106805
20.395306942028416
14.034752322771418
19.726019959577826
13.342542374642317
15.80085614020023
18.73159858797305
5.228064536390455
13.066985213123964
7.156601686074289
19.850122027646428
12.622260671582167
22.234790293236685
5.999416480569499
7.457252644901011
20.574389832669056
21.4281977724084
8.549121977451469
11.312106644583974
9.311708545820954
7.9066401596413005
11.960133422309331
23.68793502526097
13.046397102945216
7.675652303034887
19.308477216845993
22.171823343416683
24.916858331522917
8.313883715421584
19.636395432331422
23.309502424928215
12.595771441612806
14.298671938888416
20.88849559664456
16.622619926399516
6.364761895039159
9.164004978265625
11.576172900918369
7.47514867227421
19.324536234522988
14.931865562631154
11.267657526624424
6.143246161654192
15.223515671202978
21.48302167104084
24.273767787668167
19.97786362695536
11.444610340479942
17.711739906106157
15.810450895033412
19.37991877281541
15.772408253899002
15.760437118732362
11.683495200275466
8.357570056655561
15.063223482045416
19.770337560988427
10.929446955872903
10.79193313219887
6.967258145425534
17.91813091406923
13.323907757457134
6.609535270965939
6.786432012396371
15.722595018941938
15.881984858976928
7.420673520635428
11.286070816526841
16.32230973302986
10.362272992949952
13.375444639641731
13.336221003813426
15.964131805251808
17.192924823275973
17.3051503306195
12.177355511682567
23.19524004857786
17.520342942780744
22.171484762230406
14.1289604449711
20.65332113060684
19.124697562721348
10.991707869251353
13.890076778686979
19.04226582664255
21.879138790558194
10.400879172737621
20.690065567650706
7.753266514920076
11.402266760911637
20.515278788790543
19.88023068901002
5.521503044616864
8.455971870404177
21.74442591252474
23.9681106328537
10.886406974137234
22.352358395778413
5.298397778305308
5.680207114981242
14.769288603978607
15.607028490483597
19.27191206380615
10.312537837910142
12.019583824481474
8.86552143227188
16.744373225545885
21.004435469902056
15.71620101492067
19.460161286650212
17.49318871671982
8.150126294436934
10.08218906259322
18.278108132677907
13.866420703468679
7.928209602118022
21.02042258417082
15.283041149458574
5.472922309144328
20.85021163059047
9.74467773870796
14.197451302581012
21.857439346157697
18.47275626243189
11.00458893131021
21.851681384750282
8.011186853381789
12.165008206844021
10.991037921981736
24.061034364117752
23.298700202461895
10.552314996028965
13.933196244470063
18.239234807455503
5.658170520530923
6.321513260687411
18.7765495837345
16.440300032837328
18.394915860770844
23.757330639741483
12.694303428805524
19.480094034557197
21.528064548174008
8.339241181792188
7.360554524050171
23.07523716095217
23.581160203993125
9.768426762730158
24.97503000337886
22.31650597963491
15.79216106104738
13.89648427645833
22.069280868162103
5.476110999521159
24.1277623699061
12.060773442328562
18.969318296287184
9.41214684271099
24.20730442804953
21.466603924677372
10.438894835524957
10.918432560248245
24.188336376366053
19.50820453506946
5.606643287275439
24.288316740795036
16.587117108417313
6.826293572089455
22.373314741078477
5.851183196953453
24.124787327866674
9.046363231048222
23.23286717509908
6.69453170610743
23.396203813136843
11.409492583628467
17.68612827241924
14.738319998063398
7.2137182185208975
20.694964870065228
15.864220236179811
18.86020900070193
12.205520115951039
22.217552516619726
7.384547663555956
22.520656757566357
24.045903422667045
5.721765139725763
19.177369487990347
23.97013481701215
13.478128127137056
11.785681600812145
10.037180241759705
5.4237519385556965
22.939573051979387
5.478573021353954
7.670026080395338
8.328822341330222
6.0283256135902
5.4704749101754935
11.493944861333196
16.130063762762557
24.081383656636866
17.85425496882577
13.332150004183998
18.658210995207703
15.273899902111197
6.296189688167473
12.780480593386226
7.818190905518357
21.835055547016857
19.532622080145643
5.89581576705934
5.031087833264348
6.25664034878297
9.608431726989696
Rank 1: 200 simulations
Rank 3: 200 simulations
15.387032204464642
7.563297162126887
Running 800 simulations with 4 MPI ranks
Rank 0: 200 simulations
Rank 2: 200 simulations
t=7492235  fraction=0.22500  peak_slope=8.699e-08  t_peak=2497412  comparison cadence=7492235  difference=0.22500  below=0/3
t=7523848  fraction=0.22500  peak_slope=8.699e-08  t_peak=2497412  comparison cadence=7492235  difference=0.22500  below=0/3
t=7555460  fraction=0.22500  peak_slope=8.699e-08  t_peak=2497412  comparison cadence=7492235  difference=0.22500  below=0/3
t=7587073  fraction=0.22500  peak_slope=8.699e-08  t_peak=2497412  comparison cadence=7492235  difference=0.22500  below=0/3
t=7618686  fraction=0.22625  peak_slope=8.699e-08  t_peak=2497412  comparison cadence=7492235  difference=0.22625  below=0/3
t=7650299  fraction=0.22625  peak_slope=8.699e-08  t_peak=2497412  comparison cadence=7492235  difference=0.22625  below=0/3
t=7681912  fraction=0.22625  peak_slope=8.699e-08  t_peak=2497412  comparison cadence=7492235  difference=0.22625  below=0/3
t=7713524  fraction=0.22625  peak_slope=8.699e-08  t_peak=2497412  comparison cadence=7492235  difference=0.22625  below=0/3
t=7745137  fraction=0.22625  peak_slope=8.699e-08  t_peak=2497412  comparison cadence=7492235  difference=0.22625  below=0/3
t=7776750  fraction=0.22625  peak_slope=8.699e-08  t_peak=2497412  comparison cadence=7492235  difference=0.22625  below=0/3
t=7808363  fraction=0.22750  peak_slope=8.699e-08  t_peak=2497412  comparison cadence=7492235  difference=0.22750  below=0/3
t=7839976  fraction=0.22875  peak_slope=8.699e-08  t_peak=2497412  comparison cadence=7492235  difference=0.22875  below=0/3
t=7871588  fraction=0.22875  peak_slope=8.699e-08  t_peak=2497412  comparison cadence=7492235  difference=0.22875  below=0/3
t=7903201  fraction=0.22875  peak_slope=8.699e-08  t_peak=2497412  comparison cadence=7492235  difference=0.22875  below=0/3
t=7934814  fraction=0.22875  peak_slope=8.699e-08  t_peak=2497412  comparison cadence=7492235  difference=0.22875  below=0/3
t=7966427  fraction=0.23125  peak_slope=8.699e-08  t_peak=2497412  comparison cadence=7492235  difference=0.23125  below=0/3
t=7998040  fraction=0.23250  peak_slope=8.699e-08  t_peak=2497412  comparison cadence=7492235  difference=0.23250  below=0/3
t=8029652  fraction=0.23250  peak_slope=8.699e-08  t_peak=2497412  comparison cadence=7492235  difference=0.23250  below=0/3
t=8061265  fraction=0.23250  peak_slope=8.699e-08  t_peak=2497412  comparison cadence=7492235  difference=0.23000  below=0/3
t=8092878  fraction=0.23375  peak_slope=8.699e-08  t_peak=2497412  comparison cadence=7492235  difference=0.23125  below=0/3
t=8124491  fraction=0.23375  peak_slope=8.699e-08  t_peak=2497412  comparison cadence=7492235  difference=0.23000  below=0/3
t=8156104  fraction=0.23375  peak_slope=8.699e-08  t_peak=2497412  comparison cadence=7492235  difference=0.23000  below=0/3
t=8187716  fraction=0.23375  peak_slope=8.699e-08  t_peak=2497412  comparison cadence=7492235  difference=0.22875  below=0/3
t=8219329  fraction=0.23500  peak_slope=8.699e-08  t_peak=2497412  comparison cadence=7492235  difference=0.22625  below=0/3
t=8250942  fraction=0.23625  peak_slope=8.699e-08  t_peak=2497412  comparison cadence=7492235  difference=0.22750  below=0/3
t=8282555  fraction=0.23625  peak_slope=8.699e-08  t_peak=2497412  comparison cadence=7492235  difference=0.22250  below=0/3
t=8314168  fraction=0.23625  peak_slope=8.699e-08  t_peak=2497412  comparison cadence=7492235  difference=0.22250  below=0/3
t=8345781  fraction=0.23625  peak_slope=8.699e-08  t_peak=2497412  comparison cadence=7492235  difference=0.22250  below=0/3
t=8377393  fraction=0.23625  peak_slope=8.699e-08  t_peak=2497412  comparison cadence=7492235  difference=0.22125  below=0/3
t=8409006  fraction=0.23625  peak_slope=8.699e-08  t_peak=2497412  comparison cadence=7492235  difference=0.22000  below=0/3
t=8440619  fraction=0.23625  peak_slope=8.699e-08  t_peak=2497412  comparison cadence=7492235  difference=0.22000  below=0/3
t=8472232  fraction=0.23625  peak_slope=8.699e-08  t_peak=2497412  comparison cadence=7492235  difference=0.21875  below=0/3
t=8503845  fraction=0.23625  peak_slope=8.699e-08  t_peak=2497412  comparison cadence=7492235  difference=0.21750  below=0/3
t=8535457  fraction=0.23750  peak_slope=8.699e-08  t_peak=2497412  comparison cadence=7492235  difference=0.21875  below=0/3
t=8567070  fraction=0.23750  peak_slope=8.699e-08  t_peak=2497412  comparison cadence=7492235  difference=0.21625  below=0/3
t=8598683  fraction=0.23750  peak_slope=8.699e-08  t_peak=2497412  comparison cadence=7492235  difference=0.21625  below=0/3
t=8630296  fraction=0.23750  peak_slope=8.699e-08  t_peak=2497412  comparison cadence=7492235  difference=0.21125  below=0/3
t=8661909  fraction=0.23750  peak_slope=8.699e-08  t_peak=2497412  comparison cadence=7492235  difference=0.20875  below=0/3
t=8693521  fraction=0.23750  peak_slope=8.699e-08  t_peak=2497412  comparison cadence=7492235  difference=0.20750  below=0/3
t=8725134  fraction=0.23750  peak_slope=8.699e-08  t_peak=2497412  comparison cadence=7492235  difference=0.20375  below=0/3
t=8756747  fraction=0.23875  peak_slope=8.699e-08  t_peak=2497412  comparison cadence=7492235  difference=0.20375  below=0/3
t=8788360  fraction=0.23875  peak_slope=8.699e-08  t_peak=2497412  comparison cadence=7492235  difference=0.20250  below=0/3
t=8819973  fraction=0.23875  peak_slope=8.699e-08  t_peak=2497412  comparison cadence=7492235  difference=0.20125  below=0/3
t=8851585  fraction=0.23875  peak_slope=8.699e-08  t_peak=2497412  comparison cadence=7492235  difference=0.19875  below=0/3
t=8883198  fraction=0.23875  peak_slope=8.699e-08  t_peak=2497412  comparison cadence=7492235  difference=0.19750  below=0/3
t=8914811  fraction=0.23875  peak_slope=8.699e-08  t_peak=2497412  comparison cadence=7492235  difference=0.19750  below=0/3
t=8946424  fraction=0.23875  peak_slope=8.699e-08  t_peak=2497412  comparison cadence=7492235  difference=0.19500  below=0/3
t=8978037  fraction=0.23875  peak_slope=8.699e-08  t_peak=2497412  comparison cadence=7492235  difference=0.19500  below=0/3
t=9009649  fraction=0.23875  peak_slope=8.699e-08  t_peak=2497412  comparison cadence=7492235  difference=0.19000  below=0/3
t=9041262  fraction=0.23875  peak_slope=8.699e-08  t_peak=2497412  comparison cadence=7492235  difference=0.19000  below=0/3
t=9072875  fraction=0.23875  peak_slope=8.699e-08  t_peak=2497412  comparison cadence=7492235  difference=0.18625  below=0/3
t=9104488  fraction=0.23875  peak_slope=8.699e-08  t_peak=2497412  comparison cadence=7492235  difference=0.18500  below=0/3
t=9136101  fraction=0.24000  peak_slope=8.699e-08  t_peak=2497412  comparison cadence=7492235  difference=0.18375  below=0/3
t=9167713  fraction=0.24125  peak_slope=8.699e-08  t_peak=2497412  comparison cadence=7492235  difference=0.18375  below=0/3
t=9199326  fraction=0.24125  peak_slope=8.699e-08  t_peak=2497412  comparison cadence=7492235  difference=0.18375  below=0/3
t=9230939  fraction=0.24125  peak_slope=8.699e-08  t_peak=2497412  comparison cadence=7492235  difference=0.18375  below=0/3
t=9262552  fraction=0.24125  peak_slope=8.699e-08  t_peak=2497412  comparison cadence=7492235  difference=0.18000  below=0/3
t=9294165  fraction=0.24125  peak_slope=8.699e-08  t_peak=2497412  comparison cadence=7492235  difference=0.17875  below=0/3
t=9325777  fraction=0.24125  peak_slope=8.699e-08  t_peak=2497412  comparison cadence=7492235  difference=0.17750  below=0/3
t=9357390  fraction=0.24250  peak_slope=8.699e-08  t_peak=2497412  comparison cadence=7492235  difference=0.17750  below=0/3
t=9389003  fraction=0.24250  peak_slope=8.699e-08  t_peak=2497412  comparison cadence=7492235  difference=0.17500  below=0/3
t=9420616  fraction=0.24250  peak_slope=8.699e-08  t_peak=2497412  comparison cadence=7492235  difference=0.17500  below=0/3
t=9452229  fraction=0.24250  peak_slope=8.699e-08  t_peak=2497412  comparison cadence=7492235  difference=0.17250  below=0/3
t=9483842  fraction=0.24250  peak_slope=8.699e-08  t_peak=2497412  comparison cadence=7492235  difference=0.17250  below=0/3
t=9515454  fraction=0.24250  peak_slope=8.699e-08  t_peak=2497412  comparison cadence=7492235  difference=0.17125  below=0/3
t=9547067  fraction=0.24250  peak_slope=8.699e-08  t_peak=2497412  comparison cadence=7492235  difference=0.16875  below=0/3
t=9578680  fraction=0.24250  peak_slope=8.699e-08  t_peak=2497412  comparison cadence=7492235  difference=0.16500  below=0/3
t=9610293  fraction=0.24250  peak_slope=8.699e-08  t_peak=2497412  comparison cadence=7492235  difference=0.16250  below=0/3
t=9641906  fraction=0.24375  peak_slope=8.699e-08  t_peak=2497412  comparison cadence=7492235  difference=0.16125  below=0/3
t=9673518  fraction=0.24375  peak_slope=8.699e-08  t_peak=2497412  comparison cadence=7492235  difference=0.16000  below=0/3
t=9705131  fraction=0.24375  peak_slope=8.699e-08  t_peak=2497412  comparison cadence=7492235  difference=0.15875  below=0/3
t=9736744  fraction=0.24375  peak_slope=8.699e-08  t_peak=2497412  comparison cadence=7492235  difference=0.15875  below=0/3
t=9768357  fraction=0.24375  peak_slope=8.699e-08  t_peak=2497412  comparison cadence=7492235  difference=0.15750  below=0/3
t=9799970  fraction=0.24375  peak_slope=8.699e-08  t_peak=2497412  comparison cadence=7492235  difference=0.15750  below=0/3
t=9831582  fraction=0.24500  peak_slope=8.699e-08  t_peak=2497412  comparison cadence=7492235  difference=0.15875  below=0/3
t=9863195  fraction=0.24500  peak_slope=8.699e-08  t_peak=2497412  comparison cadence=7492235  difference=0.15750  below=0/3
t=9894808  fraction=0.24500  peak_slope=8.699e-08  t_peak=2497412  comparison cadence=7492235  difference=0.15625  below=0/3
t=9926421  fraction=0.24500  peak_slope=8.699e-08  t_peak=2497412  comparison cadence=7492235  difference=0.15375  below=0/3
t=9958034  fraction=0.24500  peak_slope=8.699e-08  t_peak=2497412  comparison cadence=7492235  difference=0.15000  below=0/3
t=9989646  fraction=0.24625  peak_slope=8.699e-08  t_peak=2497412  comparison cadence=7492235  difference=0.14625  below=0/3
t=10021259  fraction=0.24625  peak_slope=8.699e-08  t_peak=2497412  comparison cadence=7492235  difference=0.14500  below=0/3
t=10052872  fraction=0.24625  peak_slope=8.699e-08  t_peak=2497412  comparison cadence=7492235  difference=0.14375  below=0/3
t=10084485  fraction=0.24625  peak_slope=8.699e-08  t_peak=2497412  comparison cadence=7492235  difference=0.14250  below=0/3
t=10116098  fraction=0.24625  peak_slope=8.699e-08  t_peak=2497412  comparison cadence=7492235  difference=0.14000  below=0/3
t=10147710  fraction=0.24625  peak_slope=8.699e-08  t_peak=2497412  comparison cadence=7492235  difference=0.13875  below=0/3
t=10179323  fraction=0.24625  peak_slope=8.699e-08  t_peak=2497412  comparison cadence=7492235  difference=0.13875  below=0/3
t=10210936  fraction=0.24625  peak_slope=8.699e-08  t_peak=2497412  comparison cadence=7492235  difference=0.13750  below=0/3
t=10242549  fraction=0.24625  peak_slope=8.699e-08  t_peak=2497412  comparison cadence=7492235  difference=0.13625  below=0/3
t=10274162  fraction=0.24625  peak_slope=8.699e-08  t_peak=2497412  comparison cadence=7492235  difference=0.13625  below=0/3
t=10305774  fraction=0.24625  peak_slope=8.699e-08  t_peak=2497412  comparison cadence=7492235  difference=0.13500  below=0/3
t=10337387  fraction=0.24625  peak_slope=8.699e-08  t_peak=2497412  comparison cadence=7492235  difference=0.13250  below=0/3
t=10369000  fraction=0.24625  peak_slope=8.699e-08  t_peak=2497412  comparison cadence=7492235  difference=0.13000  below=0/3
t=10400613  fraction=0.24625  peak_slope=8.699e-08  t_peak=2497412  comparison cadence=7492235  difference=0.12875  below=0/3
t=10432226  fraction=0.24625  peak_slope=8.699e-08  t_peak=2497412  comparison cadence=7492235  difference=0.12625  below=0/3
t=10463838  fraction=0.24625  peak_slope=8.699e-08  t_peak=2497412  comparison cadence=7492235  difference=0.12375  below=0/3
t=10495451  fraction=0.24625  peak_slope=8.699e-08  t_peak=2497412  comparison cadence=7492235  difference=0.12375  below=0/3
t=10527064  fraction=0.24625  peak_slope=8.699e-08  t_peak=2497412  comparison cadence=7492235  difference=0.12125  below=0/3
t=10558677  fraction=0.24625  peak_slope=8.699e-08  t_peak=2497412  comparison cadence=7492235  difference=0.12125  below=0/3
t=10590290  fraction=0.24875  peak_slope=8.699e-08  t_peak=2497412  comparison cadence=7492235  difference=0.12125  below=0/3
t=10621902  fraction=0.24875  peak_slope=8.699e-08  t_peak=2497412  comparison cadence=7492235  difference=0.12000  below=0/3
t=10653515  fraction=0.24875  peak_slope=8.699e-08  t_peak=2497412  comparison cadence=7492235  difference=0.11875  below=0/3
t=10685128  fraction=0.24875  peak_slope=8.699e-08  t_peak=2497412  comparison cadence=7492235  difference=0.11500  below=0/3
t=10716741  fraction=0.24875  peak_slope=8.699e-08  t_peak=2497412  comparison cadence=7492235  difference=0.11375  below=0/3
t=10748354  fraction=0.24875  peak_slope=8.699e-08  t_peak=2497412  comparison cadence=7492235  difference=0.11000  below=0/3
t=10779967  fraction=0.24875  peak_slope=8.699e-08  t_peak=2497412  comparison cadence=7492235  difference=0.11000  below=0/3
t=10811579  fraction=0.24875  peak_slope=8.699e-08  t_peak=2497412  comparison cadence=7492235  difference=0.10875  below=0/3
t=10843192  fraction=0.24875  peak_slope=8.699e-08  t_peak=2497412  comparison cadence=7492235  difference=0.10625  below=0/3
t=10874805  fraction=0.24875  peak_slope=8.699e-08  t_peak=2497412  comparison cadence=7492235  difference=0.10625  below=0/3
t=10906418  fraction=0.24875  peak_slope=8.699e-08  t_peak=2497412  comparison cadence=7492235  difference=0.10500  below=0/3
t=10938031  fraction=0.24875  peak_slope=8.699e-08  t_peak=2497412  comparison cadence=7492235  difference=0.10500  below=0/3
t=10969643  fraction=0.24875  peak_slope=8.699e-08  t_peak=2497412  comparison cadence=7492235  difference=0.10500  below=0/3
t=11001256  fraction=0.24875  peak_slope=8.699e-08  t_peak=2497412  comparison cadence=7492235  difference=0.10250  below=0/3
t=11032869  fraction=0.24875  peak_slope=8.699e-08  t_peak=2497412  comparison cadence=7492235  difference=0.10000  below=0/3
t=11064482  fraction=0.24875  peak_slope=8.699e-08  t_peak=2497412  comparison cadence=7492235  difference=0.09875  below=0/3
t=11096095  fraction=0.24875  peak_slope=8.699e-08  t_peak=2497412  comparison cadence=7492235  difference=0.09875  below=0/3
t=11127707  fraction=0.24875  peak_slope=8.699e-08  t_peak=2497412  comparison cadence=7492235  difference=0.09875  below=0/3
t=11159320  fraction=0.24875  peak_slope=8.699e-08  t_peak=2497412  comparison cadence=7492235  difference=0.09750  below=0/3
t=11190933  fraction=0.24875  peak_slope=8.699e-08  t_peak=2497412  comparison cadence=7492235  difference=0.09625  below=0/3
t=11222546  fraction=0.24875  peak_slope=8.699e-08  t_peak=2497412  comparison cadence=7492235  difference=0.09625  below=0/3
t=11254159  fraction=0.24875  peak_slope=8.699e-08  t_peak=2497412  comparison cadence=7492235  difference=0.09500  below=0/3
t=11285771  fraction=0.24875  peak_slope=8.699e-08  t_peak=2497412  comparison cadence=7492235  difference=0.09250  below=0/3
t=11317384  fraction=0.24875  peak_slope=8.699e-08  t_peak=2497412  comparison cadence=7492235  difference=0.09250  below=0/3
t=11348997  fraction=0.24875  peak_slope=8.699e-08  t_peak=2497412  comparison cadence=7492235  difference=0.09125  below=0/3
t=11380610  fraction=0.24875  peak_slope=8.699e-08  t_peak=2497412  comparison cadence=7492235  difference=0.09000  below=0/3
t=11412223  fraction=0.24875  peak_slope=8.699e-08  t_peak=2497412  comparison cadence=7492235  difference=0.09000  below=0/3
t=11443835  fraction=0.24875  peak_slope=8.699e-08  t_peak=2497412  comparison cadence=7492235  difference=0.08875  below=0/3
t=11475448  fraction=0.24875  peak_slope=8.699e-08  t_peak=2497412  comparison cadence=7492235  difference=0.08875  below=0/3
t=11507061  fraction=0.24875  peak_slope=8.699e-08  t_peak=2497412  comparison cadence=7492235  difference=0.08625  below=0/3
t=11538674  fraction=0.24875  peak_slope=8.699e-08  t_peak=2497412  comparison cadence=7492235  difference=0.08500  below=0/3
t=11570287  fraction=0.24875  peak_slope=8.699e-08  t_peak=2497412  comparison cadence=7492235  difference=0.08375  below=0/3
t=11601899  fraction=0.24875  peak_slope=8.699e-08  t_peak=2497412  comparison cadence=7492235  difference=0.08250  below=0/3
t=11633512  fraction=0.24875  peak_slope=8.699e-08  t_peak=2497412  comparison cadence=7492235  difference=0.08000  below=0/3
t=11665125  fraction=0.24875  peak_slope=8.699e-08  t_peak=2497412  comparison cadence=7492235  difference=0.07875  below=0/3
t=11696738  fraction=0.24875  peak_slope=8.699e-08  t_peak=2497412  comparison cadence=7492235  difference=0.07750  below=0/3
t=11728351  fraction=0.24875  peak_slope=8.699e-08  t_peak=2497412  comparison cadence=7492235  difference=0.07625  below=0/3
t=11759963  fraction=0.24875  peak_slope=8.699e-08  t_peak=2497412  comparison cadence=7492235  difference=0.07500  below=0/3
t=11791576  fraction=0.24875  peak_slope=8.699e-08  t_peak=2497412  comparison cadence=7492235  difference=0.07500  below=0/3
t=11823189  fraction=0.24875  peak_slope=8.699e-08  t_peak=2497412  comparison cadence=7492235  difference=0.07375  below=0/3
t=11854802  fraction=0.24875  peak_slope=8.699e-08  t_peak=2497412  comparison cadence=7492235  difference=0.07250  below=0/3
t=11886415  fraction=0.24875  peak_slope=8.699e-08  t_peak=2497412  comparison cadence=7492235  difference=0.06750  below=0/3
t=11918027  fraction=0.24875  peak_slope=8.699e-08  t_peak=2497412  comparison cadence=7492235  difference=0.06625  below=0/3
t=11949640  fraction=0.24875  peak_slope=8.699e-08  t_peak=2497412  comparison cadence=7492235  difference=0.06375  below=0/3
t=11981253  fraction=0.24875  peak_slope=8.699e-08  t_peak=2497412  comparison cadence=7492235  difference=0.06250  below=0/3
t=12012866  fraction=0.24875  peak_slope=8.699e-08  t_peak=2497412  comparison cadence=7492235  difference=0.06250  below=0/3
t=12044479  fraction=0.24875  peak_slope=8.699e-08  t_peak=2497412  comparison cadence=7492235  difference=0.06250  below=0/3
t=12076092  fraction=0.24875  peak_slope=8.699e-08  t_peak=2497412  comparison cadence=7492235  difference=0.06250  below=0/3
t=12107704  fraction=0.24875  peak_slope=8.699e-08  t_peak=2497412  comparison cadence=7492235  difference=0.06125  below=0/3
t=12139317  fraction=0.24875  peak_slope=8.699e-08  t_peak=2497412  comparison cadence=7492235  difference=0.05875  below=0/3
t=12170930  fraction=0.24875  peak_slope=8.699e-08  t_peak=2497412  comparison cadence=7492235  difference=0.05625  below=0/3
t=12202543  fraction=0.24875  peak_slope=8.699e-08  t_peak=2497412  comparison cadence=7492235  difference=0.05625  below=0/3
t=12234156  fraction=0.24875  peak_slope=8.699e-08  t_peak=2497412  comparison cadence=7492235  difference=0.05500  below=0/3
t=12265768  fraction=0.24875  peak_slope=8.699e-08  t_peak=2497412  comparison cadence=7492235  difference=0.05500  below=0/3
t=12297381  fraction=0.24875  peak_slope=8.699e-08  t_peak=2497412  comparison cadence=7492235  difference=0.05375  below=0/3
t=12328994  fraction=0.24875  peak_slope=8.699e-08  t_peak=2497412  comparison cadence=7492235  difference=0.05250  below=0/3
t=12360607  fraction=0.24875  peak_slope=8.699e-08  t_peak=2497412  comparison cadence=7492235  difference=0.05250  below=0/3
t=12392220  fraction=0.24875  peak_slope=8.699e-08  t_peak=2497412  comparison cadence=7492235  difference=0.05250  below=0/3
t=12423832  fraction=0.24875  peak_slope=8.699e-08  t_peak=2497412  comparison cadence=7492235  difference=0.05250  below=0/3
t=12455445  fraction=0.24875  peak_slope=8.699e-08  t_peak=2497412  comparison cadence=7492235  difference=0.05250  below=0/3
t=12487058  fraction=0.24875  peak_slope=8.699e-08  t_peak=2497412  comparison cadence=7492235  difference=0.05250  below=0/3
t=12518671  fraction=0.24875  peak_slope=8.699e-08  t_peak=2497412  comparison cadence=7492235  difference=0.05250  below=0/3
t=12550284  fraction=0.24875  peak_slope=8.699e-08  t_peak=2497412  comparison cadence=7492235  difference=0.05250  below=0/3
t=12581896  fraction=0.24875  peak_slope=8.699e-08  t_peak=2497412  comparison cadence=7492235  difference=0.05125  below=0/3
t=12613509  fraction=0.24875  peak_slope=8.699e-08  t_peak=2497412  comparison cadence=7492235  difference=0.05125  below=0/3
t=12645122  fraction=0.24875  peak_slope=8.699e-08  t_peak=2497412  comparison cadence=7492235  difference=0.05000  below=0/3
t=12676735  fraction=0.24875  peak_slope=8.699e-08  t_peak=2497412  comparison cadence=7492235  difference=0.05000  below=0/3
t=12708348  fraction=0.24875  peak_slope=8.699e-08  t_peak=2497412  comparison cadence=7492235  difference=0.04875  below=0/3
t=12739960  fraction=0.24875  peak_slope=8.699e-08  t_peak=2497412  comparison cadence=7492235  difference=0.04875  below=0/3
t=12771573  fraction=0.24875  peak_slope=8.699e-08  t_peak=2497412  comparison cadence=7492235  difference=0.04875  below=0/3
t=12803186  fraction=0.24875  peak_slope=8.699e-08  t_peak=2497412  comparison cadence=7492235  difference=0.04875  below=0/3
t=12834799  fraction=0.24875  peak_slope=8.699e-08  t_peak=2497412  comparison cadence=7492235  difference=0.04750  below=0/3
t=12866412  fraction=0.24875  peak_slope=8.699e-08  t_peak=2497412  comparison cadence=7492235  difference=0.04625  below=0/3
t=12898024  fraction=0.24875  peak_slope=8.699e-08  t_peak=2497412  comparison cadence=7492235  difference=0.04625  below=0/3
t=12929637  fraction=0.25000  peak_slope=8.699e-08  t_peak=2497412  comparison cadence=7492235  difference=0.04625  below=0/3
t=12961250  fraction=0.25125  peak_slope=8.699e-08  t_peak=2497412  comparison cadence=7492235  difference=0.04750  below=0/3
t=12992863  fraction=0.25125  peak_slope=8.699e-08  t_peak=2497412  comparison cadence=7492235  difference=0.04750  below=0/3
t=13024476  fraction=0.25125  peak_slope=8.699e-08  t_peak=2497412  comparison cadence=7492235  difference=0.04750  below=0/3
t=13056088  fraction=0.25125  peak_slope=8.699e-08  t_peak=2497412  comparison cadence=7492235  difference=0.04625  below=0/3
t=13087701  fraction=0.25125  peak_slope=8.699e-08  t_peak=2497412  comparison cadence=7492235  difference=0.04625  below=0/3
t=13119314  fraction=0.25125  peak_slope=8.699e-08  t_peak=2497412  comparison cadence=7492235  difference=0.04625  below=0/3
t=13150927  fraction=0.25125  peak_slope=8.699e-08  t_peak=2497412  comparison cadence=7492235  difference=0.04625  below=0/3
t=13182540  fraction=0.25125  peak_slope=8.699e-08  t_peak=2497412  comparison cadence=7492235  difference=0.04500  below=0/3
t=13214152  fraction=0.25125  peak_slope=8.699e-08  t_peak=2497412  comparison cadence=7492235  difference=0.04500  below=0/3
t=13245765  fraction=0.25125  peak_slope=8.699e-08  t_peak=2497412  comparison cadence=7492235  difference=0.04500  below=0/3
t=13277378  fraction=0.25125  peak_slope=8.699e-08  t_peak=2497412  comparison cadence=7492235  difference=0.04375  below=0/3
t=13308991  fraction=0.25125  peak_slope=8.699e-08  t_peak=2497412  comparison cadence=7492235  difference=0.04375  below=0/3
t=13340604  fraction=0.25125  peak_slope=8.699e-08  t_peak=2497412  comparison cadence=7492235  difference=0.04375  below=0/3
t=13372217  fraction=0.25125  peak_slope=8.699e-08  t_peak=2497412  comparison cadence=7492235  difference=0.04375  below=0/3
t=13403829  fraction=0.25125  peak_slope=8.699e-08  t_peak=2497412  comparison cadence=7492235  difference=0.04375  below=0/3
t=13435442  fraction=0.25125  peak_slope=8.699e-08  t_peak=2497412  comparison cadence=7492235  difference=0.04375  below=0/3
t=13467055  fraction=0.25125  peak_slope=8.699e-08  t_peak=2497412  comparison cadence=7492235  difference=0.04375  below=0/3
t=13498668  fraction=0.25125  peak_slope=8.699e-08  t_peak=2497412  comparison cadence=7492235  difference=0.04125  below=0/3
t=13530281  fraction=0.25125  peak_slope=8.699e-08  t_peak=2497412  comparison cadence=7492235  difference=0.03875  below=1/3
t=13561893  fraction=0.25125  peak_slope=8.699e-08  t_peak=2497412  comparison cadence=7492235  difference=0.03875  below=2/3
t=13593506  fraction=0.25125  peak_slope=8.699e-08  t_peak=2497412  comparison cadence=7492235  difference=0.03875  below=3/3
Stopping at t=13593506.153697286
Saved 597 remaining particles to /scratch/group/p.phy260085.000/Mass_Fraction/Outputs/Ejection_Results/remaining_particles_2187497_4.csv
