==========================================
Mass Fraction MPI Run
==========================================
Date:               Sun Oct  4 20:44:07 CDT 2026
Host:               ac001
Array job ID:       2187513
Array task ID:      0
MPI ranks:          4
CPUs per task:      1
Nodes allocated:    1
Python:             /scratch/user/u.hm357857/.conda/envs/comets/bin/python
Conda environment:  /scratch/user/u.hm357857/.conda/envs/comets
==========================================

117.47059028167239
80.67795260533856
47.26969163158597
108.46133626635014
32.89385903729449
40.58831844400815
46.04446586799658
84.00729746048818
55.258847760130216
91.10558677298867
65.94600041819626
29.573923778907528
55.73599762317285
78.92120969550258
48.10085025735352
95.90969542972267
57.74409524745573
36.25337318918113
86.25401842597684
95.65990874107857
120.59036497289614
97.5551733615489
59.65272153040281
94.49640773211459
89.59544665765607
35.183949670786944
120.50050649078543
51.0461069074795
112.5684927760198
51.84787749682918
56.95837984786465
51.13580570613604
49.36427186419914
69.11956142251904
99.47695329804486
42.878570128944936
32.953592434186184
95.32072220024781
85.13986187716354
76.42739552436873
84.56781493828012
121.78498342249279
97.27086317439428
32.93056552325301
100.0568516918152
80.10569388740191
49.09428003628041
35.563852923287676
73.73357479534863
104.46005457611302
112.71076876825265
99.78771373880558
29.01092323157759
122.26919497964138
37.67741979114676
79.19808674990827
109.44468552616279
74.54822689760314
107.50193755240186
56.269730906914226
123.83961501519802
48.590772088488286
52.58369619460027
67.9638706505715
47.512689612613144
82.36221835071981
38.640545301519644
54.228771769767334
42.53620552188965
84.36306358692045
40.05381697722985
47.38362205452448
108.4783607153754
110.49945904537984
115.18912419786498
105.27923138646364
25.194170680263582
75.21089856018205
119.47346415466534
40.84917091829369
74.4227485618655
104.27783044444531
69.01680487007222
71.05099335974121
84.2453953612916
60.69907197345443
88.33232405334559
110.58653341108779
109.69086111792453
95.65424400520766
83.42352376797245
58.68640582199599
119.07558539093826
120.90606844897874
108.14085612239516
31.517420877490707
95.07173574790751
107.26523868648857
87.77032080029679
90.04496694901938
37.70326368935035
52.532699586788524
32.0359892930837
58.62390885579969
80.69392375767636
96.29374177790044
102.03785217584543
60.42815200258271
50.46537971550525
122.07880655116797
68.40068554865405
85.90282472585912
61.85633839880958
80.73914434584421
25.48095523586189
98.62199372820328
47.264308000981416
104.68031354774915
111.26678661615531
72.82156067636134
60.47238033304234
99.4821551470542
103.37817412145742
100.90473545901597
90.28045109588274
26.92749761575721
57.290395293043616
53.58483597963968
79.03718436909203
117.69344499138842
51.33846260452035
104.83322768692949
96.6649543074888
94.24913210357936
57.587454331610346
48.36665677382732
87.08276661116665
124.01102625341716
120.88558726796145
110.91978475899205
41.34673616385476
52.303635516756415
62.11986905941127
88.36354917760303
123.90431365524921
71.59040970613192
79.88632058341105
60.16966755933228
76.0911973420446
94.55018851612714
50.83537176657792
71.58822793038132
70.0130380513547
82.91962641096916
57.104926083399164
30.727168441415188
95.10835967657286
79.0595572930692
42.932780777419076
66.95096515999107
44.197318387248885
98.65191305420417
54.353020931108105
120.34706358101413
87.68656623023793
92.04347392543575
39.23614529475704
91.43173204290497
54.76782710475617
101.49662916074921
110.33768775370646
119.98907499549468
109.00472264004696
44.0663856364543
79.95570706887126
97.64963816231223
44.72872580178271
114.88768746680168
94.97626421484075
66.02961567259277
107.06793507212107
95.4642943043242
90.84384695454084
64.21642302515872
96.0617207533889
25.338631843607963
46.470337810128484
86.73214919443134
57.81302019298757
30.704556030690878
96.20793114960475
52.38903887361606
53.19388184700359
73.73455364073854
93.160357528766
36.255767270192905
110.93472799939033
35.005223774904714
91.2466151518427
57.50148256867007
35.71091255007802
31.000355362936148
80.59719219064287
51.38711794912129
59.90452665708006
53.5048792881403
84.33266090808536
115.24466088721964
115.24646190244741
70.7911141210702
123.59897955253165
95.33143615583316
95.56793697550737
30.49545456916043
52.56044981551159
26.71786260606438
72.39932801776547
29.66958493669822
42.68810533065598
49.085612787860335
42.498468770397146
83.59889124752866
49.117740026831555
113.58240985145045
95.9684374948545
88.46578245386769
89.28875453769216
52.547684638651916
47.34148695759305
111.3795581499089
104.52169881625176
111.76846665695311
124.51952682084182
46.06518320325239
106.61412239722459
80.36103223424423
123.47859822805691
56.75798250136354
57.78899357579807
80.01774961418758
26.135478694785785
86.6869760237372
61.32941063744004
109.51625903000892
62.42390848113671
48.39018666357625
103.55662529367905
32.86357941699585
106.4693972380091
117.68545474087219
48.425265949417685
63.395304705241465
124.64195411351682
59.8034035128782
48.531927298748215
65.21516693630828
94.58449344615968
106.91168438486841
43.116393317894364
88.79114596353733
38.96663269909011
95.63211712914935
48.06105237820758
64.61379787829836
37.569559402986876
50.84750461289917
29.161849691841148
124.7750094127058
64.69297384788871
97.01987297480684
50.97119692930036
110.45472427112394
79.84667295646473
47.88590202798301
44.405870971532266
34.656957825646586
55.78793430487997
62.58716719401449
65.59182597852308
80.18715772832144
116.45666782612669
32.82612852247468
44.313332710544955
109.84329352607037
79.88144162796067
54.936557959451704
98.41684404747255
76.4878010876377
96.40027946381888
98.01783350169079
28.43023149605678
104.15257802123665
124.7222604771176
40.62443147164679
96.58433923302738
121.8107800250024
118.63400283994984
53.37134513122254
95.30531991216769
56.077883475719325
83.31507678431542
100.23671504335194
117.61611121119745
79.18362400540266
70.38445315748456
88.85287876776214
123.47670470378638
119.8936201258362
88.87164689723488
107.85863994338969
114.28355324055654
84.09483641610328
63.842974471830296
96.73790795922025
106.19127689762391
63.61075851855767
67.06095832185036
102.41956938699288
30.87826191913581
92.90115367235884
39.36426895164821
60.81269160537619
119.70339873164356
93.60053373161254
123.68836524498955
71.68796201641464
47.76682826631408
28.308180680143835
70.00020720384705
77.77874696177227
62.68646574858503
92.93624190098497
51.34178901442592
87.69397486843266
43.565190954613655
80.9127954901283
108.79226103845376
75.05953666441488
71.88637241434408
118.86754910093167
29.02662600688286
86.0276115777325
68.08528851723402
91.76843039986431
82.29981452987451
57.7229057329342
120.99497847910676
118.32570835766384
40.65942195824602
99.14036226005328
118.366620596695
55.01493442588048
99.11863823071859
65.04991650185205
54.886957381698544
57.93460822874328
34.99649073751466
86.36803348090724
52.09003308573263
43.375234988514144
40.45943837306789
102.95265531693386
80.36559741036447
86.21349996696662
34.65362524902732
65.78889188215753
25.956285245367074
31.915288361626292
85.66674568025115
55.180733372690966
123.21686399556961
103.38382727766684
39.46164308263216
111.87069551126847
57.80714207596014
34.544612007923114
33.70338249608338
100.03220402749017
114.2240598269352
110.47789350916798
65.71548870604613
59.45123248773545
69.73467924711808
37.8557576891978
67.42245149270775
68.50516794411581
87.82492526960903
32.82144955375731
91.11338570527022
68.91681072250998
73.90671092168131
99.01323071726932
101.96552468578194
123.00158166204902
114.24412700833729
43.136205750975954
103.77885761534887
99.90860741265976
72.38670782319534
112.0723133823499
84.05453953613191
105.43261349799793
67.20138952557372
56.1509673727776
116.38219229446366
62.467707509193694
27.4824659210818
121.73390197098954
124.55326106643466
75.7842240780907
50.11012929081561
45.064839992538154
49.87363996838067
73.10993855270385
102.73053142426704
107.40867775626523
53.7183124501269
101.39740135829229
114.73442199545224
99.10906537306998
68.00428573354586
57.86409791281565
53.27858842032407
74.28832721297826
69.9104728966347
39.94656666489244
69.20380086569261
44.0880750993213
122.77954416322324
34.78591740804286
71.33384156285703
43.92197735538696
81.4506135329953
102.07897135970704
72.06414019004026
117.4958637416045
62.88325008338721
76.68885737319827
100.81700599560618
101.20626755143337
105.46745575348434
60.91129648070457
52.43709858413234
36.56153436654985
96.66703560450412
117.67405923759847
41.36893670482752
52.076320336258476
26.838540289860468
39.37967907631254
54.08576544648122
55.13675103583998
51.8794103930927
63.58675393216691
51.64511231118235
123.4079995071781
87.43041975387482
70.6386009219618
48.19595970278869
71.3265732946613
98.46689803420901
124.15034452118829
31.131887809759462
84.15219695805746
69.34309695962511
60.32112134799959
49.506102990499535
103.22890437607835
45.19841912099007
110.07536659081983
119.56168720050266
117.17955613697895
105.65270237669785
56.53932438611372
35.97348526731905
49.554897642056915
114.22893413744555
81.09931064442597
33.380884991943404
49.09451737421266
92.24906690502492
107.31972672147076
42.76366777998385
92.30419914600903
47.43871111395984
25.243586207602288
88.78761370568483
66.37803858791355
96.75384229295531
110.79904569919245
95.85492328408365
102.65610058931037
29.33941421658256
86.10842409224145
82.66288035518016
51.37868649081268
48.26393138962065
88.38427560370673
30.208742134400346
50.46919703426717
45.52685482100139
25.549536131419835
40.87134126761901
84.7536752535593
74.02650824458698
78.06828418722453
69.19843754804606
40.58260939592431
33.329670574573754
39.95856474207649
105.71778853467754
67.86436086071322
107.66785029267034
121.30930125838906
104.24792249465796
121.36460810868334
50.15602906176673
75.19341866215301
53.90669371954721
86.48381955447114
109.74529656403153
104.34582975790528
113.73482735577916
65.75669175134263
33.83933200672716
103.10994517287692
122.65212135304171
82.68340365134505
101.05494774376544
91.13630052186254
104.23648534351643
89.07533017124133
41.43584743413754
105.29632219302233
43.090072677086326
41.65153315471643
114.86499578434156
28.22122089489081
109.88971097955913
44.94301061845234
29.288547349537097
26.509361053735546
99.41368175067412
35.14396556963965
115.60784660214584
124.67933423982433
75.13807921061964
51.004023381960664
54.16536814616594
91.80569239022522
100.33069042507074
116.05051463948153
59.30798751677416
111.60848409501709
104.18975864979895
117.05103933305665
99.51857043249325
26.34006136473389
25.651389965502634
118.14600526085195
104.35145808862791
29.728042385097265
119.52343099187578
105.8947982639991
118.84057976241955
42.337522935209336
90.2696242936885
42.10544996572389
54.30642904561023
57.41505550376933
33.36508697052011
79.87915140074938
115.94977289995747
65.48205437256547
91.64175804670083
85.51697545191674
90.2897074238017
60.01433341755722
67.45823477994625
63.39556863196961
113.4259670978017
116.23571184632233
74.27095779901391
104.59225718359255
123.88344544147192
29.353442539865494
27.92017401048408
45.46886430446246
28.091921728288593
106.31638437660976
82.9255476110551
62.058840983611
30.893257641256575
75.75113112826043
108.28110624192013
76.66735827978565
79.29172295608964
63.238410086443466
46.72344943105665
59.732547655458035
112.13265712457402
67.92330247454731
112.41507173162738
65.72379286226396
75.74797015994035
50.465335274747005
94.75007249481952
100.9100284221721
96.8432680186027
95.87193090775699
58.74737813906521
64.86897368503807
72.82158820772531
90.80915166530959
92.31553084036892
35.63506023557088
58.872111656891626
75.34106543564263
38.74205025978621
31.38658446279925
37.0090638830467
71.19140761421619
48.90836769234793
118.0019413980057
55.757728967201025
71.14925091300591
94.5475170325284
72.7531148822372
86.21405938243669
119.81843817275869
57.350576068304825
38.918275710193726
124.15290142000444
115.5320236407902
33.203966651046116
39.03836703785788
97.57339382211168
75.14648950380938
54.32174756009563
59.21235820671118
98.00830683849614
96.17285127647891
64.40880114419201
33.925797024623314
28.37051386740761
105.4424261192996
48.30648995337724
39.04901000035007
45.36373179290002
41.7863381072769
61.21389695341119
78.17777938924542
32.71067290807945
47.58482651460322
75.63794579883898
81.48804108696207
36.945923834153916
34.518301298125486
98.55817015363104
66.89428618495191
109.92848415551606
39.31305573103241
70.13522344067519
69.99069126505857
73.65531728522356
81.85136722174613
35.314010646688786
26.735407701026006
49.93504188497158
117.77044036889723
91.1185904548721
59.64621975234626
58.19400803927909
57.76528581861835
35.21645014209037
67.37372935767692
64.59381010216687
99.03760998722544
31.736583287652387
100.68963468323332
26.082584412053357
100.77523513937413
56.21389015977041
113.44779318586333
115.77298841041305
32.87548382695636
38.666948899195134
106.75469591813922
111.15905504174397
86.0620818742172
29.922838078109926
42.2822424582488
27.59585761394692
119.86785381120619
124.69686631191085
83.40979625347256
36.59199336271081
58.638086642421094
60.34260722633458
28.92338686814846
104.01525701975316
66.78414419025611
94.87139477292286
67.36721302614218
98.13447408537482
102.09910347937353
73.39372393710201
53.81202342279448
88.61239905548176
111.28992176534909
41.49210560624405
47.20234454329827
84.79351366229241
59.84470990934552
94.74430071367972
54.06359208020267
122.34433256926224
43.164975623182926
107.17424633319973
56.57370696602601
50.94106887678473
33.64197094008553
110.52708278337867
64.11877623529519
87.35782374235289
53.25385350259678
80.9761944146137
119.96778981031758
37.59820402066101
60.743135096257376
Rank 3: 200 simulations
85.51459768111033
42.09384159891173
68.67612475797773
96.52579146719106
89.72493561823939
121.49614741552246
107.78258128523089
105.64168317107415
45.40560197047794
124.8146150276355
Running 800 simulations with 4 MPI ranks
Rank 0: 200 simulations
81.46531945756527
90.00744309522572
90.30747435772733
54.65341921815646
89.97358663385533
115.53105914884227
75.62647245852646
99.99967686562145
28.6758097740207
112.05480383719247
41.64043562137193
50.98304192950198
91.02169176950707
77.86462119139273
89.00523998294403
63.97206795240895
102.30596401779276
71.23433278936164
31.733826801358433
81.90554814951207
87.56204621023144
84.52796041310285
26.111395778661727
105.07352965883732
94.6381299570507
72.85605093387632
104.75171092658753
63.266675526219004
35.9083742816089
57.12711361294844
68.65960257339174
90.04781478321988
106.70890564806649
93.43299826352853
66.27928200553575
78.3051861451123
71.92609972991704
96.48201384228362
77.31323090362207
114.46162694761139
94.08888761243594
91.719287387879
99.5980836694069
102.06631504214083
63.52356508725314
25.59608026043705
35.27868127628019
124.82308508721931
32.455718782173506
85.23142432340728
85.42016364621126
108.90431522711891
112.21759569355123
66.90670380062262
95.6712276061801
30.704284447877505
51.894116058586135
Rank 1: 200 simulations
68.33448505090175
27.306511711128557
27.973399417657806
Rank 2: 200 simulations
t=35179877  fraction=0.54125  peak_slope=2.615e-07  t_peak=1758994  comparison cadence=35179877  difference=0.54125  below=0/3
t=35531676  fraction=0.54125  peak_slope=2.615e-07  t_peak=1758994  comparison cadence=35179877  difference=0.38375  below=0/3
t=35883475  fraction=0.54125  peak_slope=2.615e-07  t_peak=1758994  comparison cadence=35179877  difference=0.22750  below=0/3
t=36235274  fraction=0.54125  peak_slope=2.615e-07  t_peak=1758994  comparison cadence=35179877  difference=0.15500  below=0/3
t=36587072  fraction=0.54125  peak_slope=2.615e-07  t_peak=1758994  comparison cadence=35179877  difference=0.10750  below=0/3
t=36938871  fraction=0.54125  peak_slope=2.615e-07  t_peak=1758994  comparison cadence=35179877  difference=0.08125  below=0/3
t=37290670  fraction=0.54125  peak_slope=2.615e-07  t_peak=1758994  comparison cadence=35179877  difference=0.06000  below=0/3
t=37642469  fraction=0.54125  peak_slope=2.615e-07  t_peak=1758994  comparison cadence=35179877  difference=0.05375  below=0/3
t=37994267  fraction=0.54125  peak_slope=2.615e-07  t_peak=1758994  comparison cadence=35179877  difference=0.04250  below=0/3
t=38346066  fraction=0.54125  peak_slope=2.615e-07  t_peak=1758994  comparison cadence=35179877  difference=0.03750  below=1/3
t=38697865  fraction=0.54125  peak_slope=2.615e-07  t_peak=1758994  comparison cadence=35179877  difference=0.03125  below=2/3
t=39049664  fraction=0.54125  peak_slope=2.615e-07  t_peak=1758994  comparison cadence=35179877  difference=0.02625  below=3/3
Stopping at t=39049663.7325312
Saved 361 remaining particles to /scratch/group/p.phy260085.000/Mass_Fraction/Outputs/Ejection_Results/remaining_particles_2187513_0.csv
