==========================================
Mass Fraction MPI Run
==========================================
Date:               Sun Oct  4 20:42:48 CDT 2026
Host:               ac019
Array job ID:       2187505
Array task ID:      3
MPI ranks:          4
CPUs per task:      1
Nodes allocated:    1
Python:             /scratch/user/u.hm357857/.conda/envs/comets/bin/python
Conda environment:  /scratch/user/u.hm357857/.conda/envs/comets
==========================================

19.99905193611828
16.76904991347001
56.15161289686036
38.40984599997596
64.34633582899545
45.430377319037675
32.82616301303306
58.45341785845807
17.753963350100555
39.27740592298737
31.090827166073
54.69203307012463
53.8964183326959
27.255321162042108
68.8524202168754
63.28885812775114
56.47384737903623
69.45002643813736
34.995761569170654
50.70688179713134
53.94920103723355
48.69680178472771
26.31308771305067
23.257178067278105
50.51828167280984
74.1858918247304
34.315382335325154
53.9374183423627
53.3660240450151
49.65949350414396
45.123167626282125
43.48446225922635
58.14450683249932
33.60594930244198
56.83318194598736
17.807652449204195
17.290063417917644
69.34889856461865
28.326658081202915
42.862699769708456
38.83297474916705
65.553490581755
53.48666035100939
74.95904875846875
35.797908619385055
18.97907544273221
25.595003618957918
21.475336780960813
36.736463903312014
57.42322638379522
70.48029990210335
27.55615331031469
70.44308539686673
57.13366665729633
73.16334913995041
51.20436045761774
63.49555753684206
56.39771340518607
39.53499548818246
15.662360525348182
62.99471270244897
66.53037272882861
57.608111195111974
25.352110854970782
40.910353713848934
24.046533743007792
60.34613154606546
18.2505023725361
61.54392817017382
23.45906510358218
36.50082552654004
55.58772480094063
72.03921966983435
67.37401428683947
28.106993926887363
21.138136982355114
37.24425205112941
24.915413930635136
70.0531487416272
63.01600588248903
67.84568424328863
36.597739403796965
69.24394884448282
44.12177112536946
57.26780519756684
71.52601179818659
23.913200671399036
60.09113740482359
58.94468593432408
59.79687674477682
66.69120587481586
55.84704145144044
32.145781459459165
62.638473168586536
70.36370327012467
38.556370680645244
74.79609559101982
63.33365809600946
44.03457965041075
24.815461265594067
22.858020741090332
16.011648718195396
49.53532210565393
47.34597494362613
68.48295081595211
26.455592490542777
35.152997670526716
39.968997511998104
30.298373866379123
34.252455250085916
17.055925356113015
52.06761972147859
34.94255786208055
71.04432685237911
35.8134362543231
56.76308168766294
20.612991885019056
52.471756676299684
44.790089574321186
73.16239919489318
72.99547669994803
34.52602497614807
69.0105654898161
45.31192392068758
68.58711190590486
21.674504909518173
50.83614683254103
61.179179152332935
50.434710761735104
23.425016875227154
50.86584101761492
61.49946059380953
53.5958818764626
21.632095257320387
38.92313630071261
53.57768619121442
53.53043958802496
55.29520708906798
74.2313480054758
19.074527243403622
49.652069193480784
15.711855875185519
30.822768885600837
27.49680971154728
18.155026854406298
50.48489358986839
67.69107304963057
56.93353087750388
26.217366909641008
57.519008465523434
55.878370673051926
55.91221633071174
28.570666325932947
22.84835303933067
37.714350339446526
45.824927120158236
19.60356892768579
60.13628829642474
58.63129640853747
52.208841255803094
61.0892779917949
15.259197563753215
65.61932226993021
18.49296281911856
40.793038448869346
45.37097464533882
43.720964096563904
24.839989725051097
52.583236300244934
17.46960288310791
39.63845248702668
49.52845665540272
64.02291742024755
38.6054009293688
38.737043121038894
28.829619494393064
20.053896118445756
65.31046676077665
71.31121084563476
67.4566940646225
34.73072832343985
15.657809953960856
53.30698079916423
68.3284575456755
51.298928937032784
17.2004908933435
35.06962586321889
51.6246305604673
73.5119502291156
30.18738576961755
68.2288008973222
15.863209995502592
29.774489201331356
42.86376476568063
19.4263685247848
15.352907366652262
50.15109657649924
28.01987752013267
32.160306937320215
36.186526449519995
74.18751711306479
44.82619726575135
59.77316503930886
52.762940201275235
24.543596265655378
66.54758496038906
28.689145914100028
21.65437095262336
45.686622007548124
16.201005101699664
64.87228522152046
70.96826388044943
63.2790404264413
61.371261133014265
23.54611696951394
62.84180516876865
40.327175395661136
29.85761269338754
23.41606867276095
58.058852155907665
50.04172799804829
30.604678817962434
20.028716174840937
55.444227601499975
72.90048291219273
69.92108783852888
71.49473853808729
29.005730985428396
35.55400049099987
55.98661432669883
53.50324114309792
48.67722494149413
20.416802735259793
64.8148549763774
66.85778370329498
54.14183852869862
22.76594564528778
44.90773862359504
26.518607322380774
73.0075140843671
29.17240132618349
53.58028378541248
26.45356176534886
50.43546538259612
15.149007032591227
20.996204535170584
74.57083684373049
38.191504261048486
15.593678336025352
46.86104039549258
45.507439516930376
57.25387177846702
40.00086492974743
59.38293237319327
34.00290725888363
26.302314195590093
57.04429429635452
74.97418034521702
74.32177092814058
15.820455979011472
20.185726501340888
29.219339007779322
57.87703529007336
27.143724924018116
44.619703172731825
23.421312748939012
67.38051766619637
18.09064125744862
17.81360575148088
50.75164782179874
40.70818334427053
67.76461857403032
44.90021162828811
58.44009022695723
69.12384748191172
63.53869943495743
30.9074972550438
47.8904554225101
42.16713582000414
22.842242245210706
70.31715867127419
60.791030640024445
64.9653275183127
50.45817176488818
60.32697208316276
20.283779578628362
57.52164233899559
62.01089896421444
37.57814573586063
44.890961122209745
39.98874295094423
66.53228414235032
53.64054074490367
33.72041205728599
18.56281618469702
71.78942208795775
18.695103268685628
49.12503043545085
44.37554854410893
26.23914984328485
29.82513194103344
56.499340851628745
61.29395473874462
71.72369144730332
17.020367383650484
66.15418286712708
41.328012696829106
29.691879809394766
30.824983110381723
37.45043251650205
35.83262744649187
25.113363566646022
66.44029983185769
32.78739559769376
15.171238797333555
68.57606121050728
40.279681368475366
49.691088626080486
40.714186379872956
51.49567539700518
18.808704653121538
53.18333325037522
58.53572453703643
61.16972910765625
20.564072960047824
71.59928155117845
39.71459034089293
45.844460478847495
69.6041251478324
65.47926604319805
71.67281078183971
73.16474921633159
50.27989919894219
35.047684019649694
70.66855208163085
71.87895813720806
67.5007273329681
17.886701242913034
37.49321393317791
66.05289206898492
30.022558558566743
45.03585524114227
70.64961234418179
20.2128168471041
60.72565786936452
70.45623387486316
19.692678408372323
70.94209036607785
30.622978306937625
43.69794621880419
15.299300608177564
65.72614292916315
29.122764803845843
28.541810584128818
24.341479180471786
36.985913741139
63.4022609863792
15.975005122478048
49.728172899592394
35.29393868333009
56.73737976310903
49.90486601871115
29.557465461693866
50.35080850589074
48.9785344430473
56.78588919551457
32.832942955899355
33.323466225141296
16.242606943395412
31.25400098029081
54.74907977555595
41.6121471482527
18.446626797738187
65.13341873022897
72.28634124723158
68.49457493806459
74.86094826355077
44.79750993569057
36.52680306339356
47.976020161394736
25.779441690499446
35.875849728221155
49.25769865988785
34.6332282074402
58.78149901834636
72.18614361322011
27.70793969887424
28.53014906425654
51.936006051043655
35.987054765627875
47.19709232545295
25.685572350083003
71.48222766080136
36.43679731818344
32.76168576464492
39.77901732853488
65.48928390732166
60.944514275318916
36.95719873766869
66.30076962934808
42.16078940099162
23.156701451640778
64.14147964615825
27.6739961813927
27.559954116076348
45.44003329534128
61.432128984761924
52.262028123577664
20.16139461730479
37.539845735035065
53.782781546694245
39.121430620322094
50.349868640621196
37.87712060302113
63.66537363653443
63.56317290097581
35.46169021327487
55.78684613736471
15.430692998388206
65.21654992490156
69.59081552631969
41.920352765391314
50.688214025305584
56.2891695399374
54.72199503327053
17.33501181175705
33.264865317325004
55.72610962038864
56.100498290922005
74.18771487744384
65.18246083000575
45.560133116740246
59.023933629285445
46.72500508957749
47.834328784143935
42.14920137602318
72.38481270325696
44.25968399630989
31.43201430109816
24.733186149071084
36.33959989406873
41.12224761455606
54.11932534080068
64.94770495398994
49.29178620250457
71.82586759954458
38.988759182292725
15.675459210420428
65.22309964995551
56.419628464017315
74.87736201157415
63.7483734668414
41.429963819661765
22.9835473781219
61.546464254631644
18.798923919340403
70.38023148262769
64.79131273647488
70.53050753416986
60.64535519571289
35.332627093835555
36.199018576786315
20.914904103340795
18.24396991152676
53.77711811670947
37.49084179788761
58.90227534610224
66.50249011857858
37.99868359999293
27.716408999394012
69.17525507190624
23.424883749192084
36.892903914215694
43.98328597247131
65.89755709369683
39.21528044035416
47.62284591041139
58.9559810405623
40.32247016667148
29.43652342333282
49.220020086790925
59.44009840423478
39.68464253421347
48.87336589850017
36.292357858653446
46.165822122142515
55.74702708612143
23.49223715559602
42.313210600004396
35.46077919453748
42.58090193597559
44.858008206626224
35.28654206791228
59.67822711673307
43.91526991134134
74.27805058320672
30.80543249860287
17.75617344941329
37.316616611453014
67.8824316560106
19.286531282064814
25.64741193526352
53.31297441337793
44.64160514289428
38.37723045879687
16.177474010490656
51.1215715133171
18.165485593808327
38.58651146226774
49.15454583673496
71.68608480659168
19.279605887831366
67.08580379430185
74.22091695992748
54.842975816617326
26.059309295340974
41.88051483300555
60.960567208710906
26.171897579364963
73.67892943114231
65.57886386431917
52.45992998204207
35.18133655507164
18.754948545619136
26.807422908411322
16.295694690224202
18.732334484101
66.72043194403513
70.20554845812788
42.01297851937818
60.48644023716716
60.70655666215429
38.98407940416681
25.076070819789038
73.23393961437023
30.038054407378173
55.05084122114552
19.869603629200903
58.42226316389056
37.13616256544037
28.367407599903842
65.95365437764002
73.93963098017771
43.488743824865395
57.015164820738754
63.100692286370496
72.41001354953707
56.62987182694927
20.99850465052846
16.98885743258458
33.48189531215993
58.14133146264923
36.29264249728405
28.31504320566284
41.715469583605575
45.95805294725837
70.38887378093708
18.385182196705877
31.758683705404792
70.33095607877365
23.710452578056163
24.082996534563062
59.72848833338152
18.476924129976005
26.194976462166824
68.14257385308022
66.89286746461582
49.495042986548356
25.56258494828576
25.92976911194434
27.83304678162134
42.362697828442435
24.51906787806486
41.05904488266188
54.34355251552325
55.43673169706654
20.467807672165947
56.15665512957676
67.63318985672217
34.287801324813245
33.03446157647953
40.01840911187377
31.205671524383586
44.79483233354939
38.77111774530614
69.34504559961024
31.18011125415011
24.73082635265062
18.675569076651243
41.02785664378424
18.390646759620978
35.595057000234576
21.01808983532878
39.36591507528766
33.867215397956855
67.89787327174099
31.301267077915035
58.5637805664754
51.23753237154342
16.24962371271236
25.594584811549506
66.1935362494087
27.395480379625724
49.53855627442254
31.580715920050814
65.6606307678623
29.14957058777613
22.171650861226798
43.775452014196816
48.312343618473776
55.6966411536052
58.66813164877124
36.59427023919077
29.276973023494605
27.574903229485045
29.573912387907352
54.33265370123758
71.46623824608585
26.382459472687923
24.600660346184327
36.289718799251375
63.928365773241886
64.57921976710878
22.018943286654874
67.0833361688718
47.54540655900074
33.40858003059924
59.84762608285136
49.52547786395123
42.03745626441786
68.21959211988175
22.681673736054535
25.649425147676457
55.45323382363286
44.741261880614886
18.616348895532305
67.49501702612895
18.69157870801905
26.96393462916332
42.50063673326204
18.568068327734657
26.155736871870054
39.050496477738335
29.685490958855784
38.46074210141843
30.834664221315244
58.73287376019106
39.11010318343749
57.50701256232115
48.01736555731692
30.800507693527063
65.8890385666197
47.04005989640204
37.88230265384402
58.37306778344345
37.74719501935559
36.60480897242822
16.881686744345483
66.78646103410986
33.966746063515146
34.25112144619537
73.6278808483618
34.13064065455889
71.40154370199845
39.90674780230162
36.02905490355694
15.059402138097814
21.29760972650859
55.37495038896126
18.579609708513225
50.46350873605995
28.247345818179358
17.475495085600183
31.726591574101434
64.52037583629438
28.779290040141525
26.966749869338486
17.558435801621982
36.51711682997511
57.56767831816292
58.90687988448852
66.25496085323753
30.637673908397442
19.469912097583443
64.98124499746038
21.810218700645905
17.90072852750838
63.364388132497794
37.61866257717929
51.15858491893235
68.61675464189176
33.37173205658108
20.413906137719806
54.43236068672201
71.31645204830738
36.35220602484622
22.61114467034743
51.33916353968355
67.83327122850693
58.722549786303965
35.505985244020934
73.23004949841655
58.00468787482067
69.38806585307917
59.36745410454658
22.29811757389198
20.335509843006324
15.127125074675948
64.77691748652308
20.625220749606747
35.54211476770052
31.00018830074664
18.47431109540764
50.48554659409541
57.80636474804106
19.845897315461954
46.34400126199991
40.91458967438017
57.23254956618709
47.15028723803395
74.92378559807668
29.54448341094303
59.0541698333078
40.03526494141391
47.65563324777271
33.450543300138726
24.11695374779658
40.50840718983646
41.69039887704363
46.601088148038265
29.328470157225127
57.27570988918178
51.627590923716355
22.512144918108703
50.77881551941401
61.63840791580594
53.683476641202546
51.721404614444005
29.219481288397734
42.59100275237458
72.38261060587212
49.11611581307861
15.863254416258146
21.19336292552081
30.768657823402037
21.77282277181265
20.093439950260112
43.373577248466475
36.915104084416825
23.070916506294985
73.82116237142807
49.169966256537286
65.32176950724667
37.86369346026201
31.407153636961127
40.50688284028506
68.51368174368228
43.78735758444968
53.96461038808263
67.05976265222736
40.81740209197599
29.734245559220074
34.553360285965184
46.94194086474823
51.43213687018097
34.47375349863154
43.35055855881002
31.852073212734577
23.66913453186613
47.32866608529472
57.74779015405257
67.71697953600567
Rank 3: 200 simulations
59.12990098640232
74.16984729219305
36.224364980387165
40.412924323921374
71.07501068697559
58.35133506759825
49.94424753152277
68.10132521574624
72.95738988666508
41.564456222404694
20.938546392672553
17.22712763794646
Running 800 simulations with 4 MPI ranks
Rank 0: 200 simulations
62.076831410889035
58.90146763976307
70.65094309253969
36.83514268641419
25.68359113399315
73.42124483979609
39.13551492682274
59.80624502887848
31.468469720932667
30.28456058534613
32.59908454278062
62.967564652052204
Rank 1: 200 simulations
53.17277424126873
60.18434325983553
61.62259838668044
54.31607315177537
Rank 2: 200 simulations
t=16421343  fraction=0.29625  peak_slope=5.937e-08  t_peak=3284269  comparison cadence=16421343  difference=0.29625  below=0/3
t=16585557  fraction=0.29750  peak_slope=5.937e-08  t_peak=3284269  comparison cadence=16421343  difference=0.29750  below=0/3
t=16749770  fraction=0.29750  peak_slope=5.937e-08  t_peak=3284269  comparison cadence=16421343  difference=0.29750  below=0/3
t=16913984  fraction=0.29875  peak_slope=5.937e-08  t_peak=3284269  comparison cadence=16421343  difference=0.29750  below=0/3
t=17078197  fraction=0.29875  peak_slope=5.937e-08  t_peak=3284269  comparison cadence=16421343  difference=0.29625  below=0/3
t=17242411  fraction=0.29875  peak_slope=5.937e-08  t_peak=3284269  comparison cadence=16421343  difference=0.29375  below=0/3
t=17406624  fraction=0.30000  peak_slope=5.937e-08  t_peak=3284269  comparison cadence=16421343  difference=0.29375  below=0/3
t=17570837  fraction=0.30000  peak_slope=5.937e-08  t_peak=3284269  comparison cadence=16421343  difference=0.28875  below=0/3
t=17735051  fraction=0.30000  peak_slope=5.937e-08  t_peak=3284269  comparison cadence=16421343  difference=0.28750  below=0/3
t=17899264  fraction=0.30000  peak_slope=5.937e-08  t_peak=3284269  comparison cadence=16421343  difference=0.28375  below=0/3
t=18063478  fraction=0.30125  peak_slope=5.937e-08  t_peak=3284269  comparison cadence=16421343  difference=0.28250  below=0/3
t=18227691  fraction=0.30250  peak_slope=5.937e-08  t_peak=3284269  comparison cadence=16421343  difference=0.27500  below=0/3
t=18391905  fraction=0.30250  peak_slope=5.937e-08  t_peak=3284269  comparison cadence=16421343  difference=0.26250  below=0/3
t=18556118  fraction=0.30250  peak_slope=5.937e-08  t_peak=3284269  comparison cadence=16421343  difference=0.25750  below=0/3
t=18720331  fraction=0.30250  peak_slope=5.937e-08  t_peak=3284269  comparison cadence=16421343  difference=0.25500  below=0/3
t=18884545  fraction=0.30250  peak_slope=5.937e-08  t_peak=3284269  comparison cadence=16421343  difference=0.25125  below=0/3
t=19048758  fraction=0.30375  peak_slope=5.937e-08  t_peak=3284269  comparison cadence=16421343  difference=0.24000  below=0/3
t=19212972  fraction=0.30375  peak_slope=5.937e-08  t_peak=3284269  comparison cadence=16421343  difference=0.23000  below=0/3
t=19377185  fraction=0.30375  peak_slope=5.937e-08  t_peak=3284269  comparison cadence=16421343  difference=0.22125  below=0/3
t=19541399  fraction=0.30375  peak_slope=5.937e-08  t_peak=3284269  comparison cadence=16421343  difference=0.21500  below=0/3
t=19705612  fraction=0.30375  peak_slope=5.937e-08  t_peak=3284269  comparison cadence=16421343  difference=0.20375  below=0/3
t=19869825  fraction=0.30375  peak_slope=5.937e-08  t_peak=3284269  comparison cadence=16421343  difference=0.19625  below=0/3
t=20034039  fraction=0.30375  peak_slope=5.937e-08  t_peak=3284269  comparison cadence=16421343  difference=0.18250  below=0/3
t=20198252  fraction=0.30375  peak_slope=5.937e-08  t_peak=3284269  comparison cadence=16421343  difference=0.17625  below=0/3
t=20362466  fraction=0.30375  peak_slope=5.937e-08  t_peak=3284269  comparison cadence=16421343  difference=0.16750  below=0/3
t=20526679  fraction=0.30500  peak_slope=5.937e-08  t_peak=3284269  comparison cadence=16421343  difference=0.16125  below=0/3
t=20690893  fraction=0.30500  peak_slope=5.937e-08  t_peak=3284269  comparison cadence=16421343  difference=0.15375  below=0/3
t=20855106  fraction=0.30500  peak_slope=5.937e-08  t_peak=3284269  comparison cadence=16421343  difference=0.14750  below=0/3
t=21019319  fraction=0.30500  peak_slope=5.937e-08  t_peak=3284269  comparison cadence=16421343  difference=0.13500  below=0/3
t=21183533  fraction=0.30500  peak_slope=5.937e-08  t_peak=3284269  comparison cadence=16421343  difference=0.13000  below=0/3
t=21347746  fraction=0.30500  peak_slope=5.937e-08  t_peak=3284269  comparison cadence=16421343  difference=0.12000  below=0/3
t=21511960  fraction=0.30500  peak_slope=5.937e-08  t_peak=3284269  comparison cadence=16421343  difference=0.11500  below=0/3
t=21676173  fraction=0.30500  peak_slope=5.937e-08  t_peak=3284269  comparison cadence=16421343  difference=0.11125  below=0/3
t=21840387  fraction=0.30500  peak_slope=5.937e-08  t_peak=3284269  comparison cadence=16421343  difference=0.10750  below=0/3
t=22004600  fraction=0.30500  peak_slope=5.937e-08  t_peak=3284269  comparison cadence=16421343  difference=0.10125  below=0/3
t=22168814  fraction=0.30500  peak_slope=5.937e-08  t_peak=3284269  comparison cadence=16421343  difference=0.09625  below=0/3
t=22333027  fraction=0.30500  peak_slope=5.937e-08  t_peak=3284269  comparison cadence=16421343  difference=0.09500  below=0/3
t=22497240  fraction=0.30625  peak_slope=5.937e-08  t_peak=3284269  comparison cadence=16421343  difference=0.09125  below=0/3
t=22661454  fraction=0.30625  peak_slope=5.937e-08  t_peak=3284269  comparison cadence=16421343  difference=0.09000  below=0/3
t=22825667  fraction=0.30625  peak_slope=5.937e-08  t_peak=3284269  comparison cadence=16421343  difference=0.08625  below=0/3
t=22989881  fraction=0.30625  peak_slope=5.937e-08  t_peak=3284269  comparison cadence=16421343  difference=0.08125  below=0/3
t=23154094  fraction=0.30625  peak_slope=5.937e-08  t_peak=3284269  comparison cadence=16421343  difference=0.07625  below=0/3
t=23318308  fraction=0.30625  peak_slope=5.937e-08  t_peak=3284269  comparison cadence=16421343  difference=0.07250  below=0/3
t=23482521  fraction=0.30625  peak_slope=5.937e-08  t_peak=3284269  comparison cadence=16421343  difference=0.07000  below=0/3
t=23646734  fraction=0.30625  peak_slope=5.937e-08  t_peak=3284269  comparison cadence=16421343  difference=0.06625  below=0/3
t=23810948  fraction=0.30625  peak_slope=5.937e-08  t_peak=3284269  comparison cadence=16421343  difference=0.06375  below=0/3
t=23975161  fraction=0.30625  peak_slope=5.937e-08  t_peak=3284269  comparison cadence=16421343  difference=0.06250  below=0/3
t=24139375  fraction=0.30625  peak_slope=5.937e-08  t_peak=3284269  comparison cadence=16421343  difference=0.06000  below=0/3
t=24303588  fraction=0.30750  peak_slope=5.937e-08  t_peak=3284269  comparison cadence=16421343  difference=0.05750  below=0/3
t=24467802  fraction=0.30750  peak_slope=5.937e-08  t_peak=3284269  comparison cadence=16421343  difference=0.05500  below=0/3
t=24632015  fraction=0.30750  peak_slope=5.937e-08  t_peak=3284269  comparison cadence=16421343  difference=0.05500  below=0/3
t=24796228  fraction=0.30750  peak_slope=5.937e-08  t_peak=3284269  comparison cadence=16421343  difference=0.05000  below=0/3
t=24960442  fraction=0.30750  peak_slope=5.937e-08  t_peak=3284269  comparison cadence=16421343  difference=0.04875  below=0/3
t=25124655  fraction=0.30750  peak_slope=5.937e-08  t_peak=3284269  comparison cadence=16421343  difference=0.04875  below=0/3
t=25288869  fraction=0.30750  peak_slope=5.937e-08  t_peak=3284269  comparison cadence=16421343  difference=0.04750  below=0/3
t=25453082  fraction=0.30750  peak_slope=5.937e-08  t_peak=3284269  comparison cadence=16421343  difference=0.04625  below=0/3
t=25617296  fraction=0.30750  peak_slope=5.937e-08  t_peak=3284269  comparison cadence=16421343  difference=0.04375  below=0/3
t=25781509  fraction=0.30750  peak_slope=5.937e-08  t_peak=3284269  comparison cadence=16421343  difference=0.04250  below=0/3
t=25945722  fraction=0.30750  peak_slope=5.937e-08  t_peak=3284269  comparison cadence=16421343  difference=0.03875  below=1/3
t=26109936  fraction=0.30750  peak_slope=5.937e-08  t_peak=3284269  comparison cadence=16421343  difference=0.03750  below=2/3
t=26274149  fraction=0.30750  peak_slope=5.937e-08  t_peak=3284269  comparison cadence=16421343  difference=0.03625  below=3/3
Stopping at t=26274149.36503466
Saved 550 remaining particles to /scratch/group/p.phy260085.000/Mass_Fraction/Outputs/Ejection_Results/remaining_particles_2187505_3.csv
