==========================================
Mass Fraction MPI Run
==========================================
Date:               Sun Oct  4 20:44:01 CDT 2026
Host:               ac009
Array job ID:       2187513
Array task ID:      4
MPI ranks:          4
CPUs per task:      1
Nodes allocated:    1
Python:             /scratch/user/u.hm357857/.conda/envs/comets/bin/python
Conda environment:  /scratch/user/u.hm357857/.conda/envs/comets
==========================================

85.28051174519851
60.01578556000153
70.50735458839978
45.18739216903184
52.98984673295567
73.44479370321062
123.7368368773592
49.14389209625118
92.01746133920237
55.12168916703288
98.60752811021007
49.68998426997169
82.59022442596945
35.383336693111964
40.557288503230424
71.0615980887818
26.937638472056346
33.09270622725437
103.01722329965506
79.19915850213124
54.38716822874365
105.99441821425992
100.37568159278722
104.78855281365452
119.7545905254892
45.89779961908733
101.34983637286085
78.7464912550341
39.2060943070335
37.70529712573164
54.84346464136579
73.79996278103667
50.84545851346661
42.40219363560147
103.46001920766355
49.24903474978495
44.56969363230935
112.52635819789772
57.65951471702419
79.0704416325419
110.36202664911238
104.7113183446855
85.61189808618275
27.15332263120941
95.47285496914
115.91237116468758
80.49847018107194
90.29715877614814
32.23807127495628
62.2456073621418
101.94501417785825
111.98907148595761
92.40717237179354
116.90028275896341
53.72202057202049
95.60295850937163
94.65912200501883
65.41502591948523
55.58164230572329
115.38464036893156
104.66003037123119
33.660150899795404
39.48581829294786
99.08160823288824
69.84784582605897
43.373476405821364
28.218508567816148
63.68642147093262
67.96291270655145
93.41778495337809
90.61198665392259
70.27758275675197
32.543205133772325
60.87630492466466
54.06535028635034
57.39427200683125
102.48516026495889
106.95100505338543
36.92023866874252
101.29456874165027
55.26244847329854
81.10567055731914
47.33955908275699
70.21282177008007
118.78232271540882
80.74865387287198
68.67596561034013
57.22560656243626
86.66509645463236
37.83934179488031
59.38426423152128
109.47996667810584
87.0269557205684
74.8624159529052
72.61782754727523
87.67700812917762
74.32660401306
105.6318069389968
25.959516602947474
31.15849120092412
116.0720715933642
69.15550816223187
78.5712017098673
117.29351810519194
35.64095311735602
118.80524975871647
48.07131550974138
30.03703434885202
67.08907352925681
119.14421315969237
83.26596035410881
69.78161630414857
54.66356739587958
42.92247758476938
46.631694422713956
68.4594293223222
119.37463287802156
122.51188891256403
78.34788209882534
102.20470163193161
60.091037637288245
111.76642578688465
31.373947836337646
27.3815935068634
36.54556577788557
115.05344931694293
62.05893228175798
64.7537262670829
101.87088573237594
40.923874352201274
53.51373456547205
30.690139680342455
120.54033831351803
45.37535281718668
47.00281599614834
82.54550631008156
48.91562537344359
94.03898914123077
95.79503671319553
121.55339267770304
58.37403227955237
48.28574133673264
69.15212653500618
73.49385724789377
75.73383205700995
94.55105561039782
120.44547717660174
106.52528877119558
65.20656167080384
109.08836006259457
52.68703931250339
114.7172808744574
33.34151021864853
44.99963435330028
76.1869357507309
77.1859740454194
68.33237652658522
86.95980137219681
44.476227215670306
82.553131447558
41.25529289371149
113.1354866274722
63.15240829499309
47.571744319898734
75.82940209243742
79.69034138874869
104.58628549236202
51.542059354057045
102.85137679512046
116.26176812313233
67.40272913466978
30.280272239369832
107.83583461804561
95.63946694448886
73.41209750619902
41.19558720875301
112.46628049703062
29.72651913738642
37.13269584977302
86.99581532214884
115.34076259237713
117.11240633824735
53.07477848410774
122.20048695658463
65.16564725294191
88.59976521777199
119.91284181162644
97.63075932279732
43.541489385518844
31.04113493898698
54.41542543952595
74.86434734495018
44.46362218497872
72.71154366672059
74.54417636509706
63.61899581054862
121.05459963478147
110.35685064897824
98.73471336923804
96.05116660686278
88.34147682786288
84.10988024605496
68.5374529817255
104.23349794145862
115.22777549796336
99.15334301868512
51.81925906993096
72.11926923721514
34.198559820992436
104.32272987816697
69.00780200584467
72.99354984004576
55.54890842845428
119.59995775088571
42.9467714118495
62.16781157399475
67.87233808518744
32.91659293970688
122.3133264965421
72.02640625799972
43.32421021829536
53.38582248481025
37.68218106072872
44.204676544800705
92.82479146476305
74.26337914912732
36.140193280364414
67.6305798131941
45.87553953032152
96.25238022808334
38.06308828160224
118.63131227106638
45.6114607134514
76.3015257626131
121.90415988982444
87.02654704974998
37.26678049412916
48.41957890114893
42.62182262555552
98.16053816687605
111.662551272326
113.98405873435556
91.67429654215442
100.87554847791377
31.23041008440708
104.78389897304271
37.480187899360786
93.31365112444904
79.96410797521432
53.33694688049078
105.44120213502539
68.79559878481436
55.33767068226133
85.14034866245396
54.974961690760935
51.91070212318538
119.92208770847725
51.82068949069062
96.08722465876475
97.42615976339621
76.04587377964803
65.71683624881479
32.91582396058344
114.12788548557154
49.912962365932316
89.94301975011632
74.93571362331986
70.7129371946018
69.35693657906666
118.91549027909369
41.96606041084469
117.1078797809259
82.4701805348944
87.38176061572304
51.147475383809436
104.20478563521873
55.76665918675833
81.79464038786178
70.35160440792714
94.88308446379212
54.46302045184246
61.8224988742327
67.80262589971639
37.91951052579804
36.92585154734185
123.53954416597718
109.12881361304743
27.27733581991869
82.03928306330519
81.3272630345524
103.5441777094738
112.49422596780971
44.742845562955964
39.28895646723617
109.86038729496406
48.376975082074956
55.55239950352562
108.6477038817888
35.14667707510466
85.42535804511007
73.02386508054421
77.35646127034303
34.2424131715703
75.46207414880789
83.34345544559986
99.9006410213597
57.574037374782684
96.1792199107116
63.77491163351138
108.93882781942807
99.5069063138656
52.71625530180313
87.72980168786181
100.98900506561647
42.462620184349305
55.14824268019277
27.568017838733148
28.077289196387277
39.701894164331705
52.151962700952346
38.355380728049894
51.769033628779994
60.11541087251867
94.87067878677168
58.95939866882864
101.89190945813831
53.85399815534446
90.17458331279467
63.13176540100282
54.00599573259379
121.80391968701247
98.53269469151354
81.16601529262934
79.92665797594634
100.5426245204103
77.91132877738461
67.8710087063451
93.22281494405917
121.34202842012557
79.08368859856779
115.98283827477312
80.1503681947983
100.75529809404087
93.55376800920897
64.45837567326035
112.62107024286976
89.17056710136592
47.97053181879166
36.52551048784575
35.12251685515339
61.79612195926099
108.68495955765253
53.59975483052084
33.37626052361769
28.868468647658496
87.43314860856981
40.062747657674024
67.26591773804145
75.8846269732266
74.8295422011117
74.41609399833726
50.51371397416271
30.66225649536508
86.41008801389401
46.728706492317954
124.50992601051637
111.42685470365306
66.26001066497221
79.48643673949584
107.23895512584835
87.52191764331089
62.58241762200727
76.21135028738752
97.76744597107327
35.827937219299834
76.06362588454462
105.7551121791228
27.505839542963738
30.701718437922377
52.448679793849706
89.83071829428451
70.40506931654693
119.46891526544768
123.3543398019711
41.949995852454116
91.41281793236955
86.22118113897761
46.9225578719837
73.52739055627936
53.669969470816994
25.09816601622831
34.333528684305534
71.42222393872783
40.96771762444118
29.629701527699524
66.9416750861334
67.1719853489674
119.7342959014869
41.82144521377059
95.8424391520289
41.25998081994818
71.09611828216285
75.11857723306223
27.544254259685562
26.125717318659582
114.10647597695477
111.92581862519494
64.5351278293887
64.6925762105015
85.00154983604041
37.324145171693324
36.2853583758975
100.6880167418167
81.00346867704826
108.45680055100375
25.051493534639533
32.45841905778861
77.96665801044355
87.14260987808876
91.51122678500003
99.70920400428757
73.82074478127916
70.2903480024616
84.9358200819247
86.88653699407016
89.90155342905233
77.87705848580008
47.03817874684813
50.807234793523804
29.853794159011326
107.24693144906027
110.46656251690652
44.909389594330484
37.58166548966495
113.13653283492869
77.97387256437526
25.646401155464304
54.89604782476607
68.67770458286604
27.037597724092898
26.095159957597936
116.69222569362302
109.63351828679289
47.320443207304876
63.021876947094825
28.40618573284467
32.96192080682317
84.06614734680429
122.52364693172811
75.88413883482758
97.31631522712854
59.17497260724941
122.5244898612028
52.17327406880392
86.90303186024673
81.08147947572988
100.44759021343556
31.243375279335027
86.5727419376943
109.5864234288331
99.57206666013387
54.1332294842203
108.93317224653569
28.199379410060534
25.02920993134552
99.06685085742892
102.08505931331139
42.67676803172682
64.9527554085566
112.99204739539367
51.43235915932209
117.77555436145835
53.194248798703796
30.825659842872234
52.977630416784336
33.0736559469712
41.249350624951845
45.104482449396855
116.31642838319691
109.1487352911359
38.30175870643132
79.40268153109572
47.98567410404819
92.35953925862978
99.90411206165523
108.64284506291239
27.859285003461643
57.77310046698017
57.71228400975592
66.61260522080912
116.50220601886672
103.4113518076528
89.64256890262409
107.76677552640493
32.20638090710146
25.155259683187637
56.600537425160645
87.30517888897472
25.00903982789141
29.06019281115765
39.50305613951027
77.67787343830322
37.479301156929026
29.34020525905856
84.9683440267577
91.81709530111699
64.41771972561051
109.56358892315524
121.57369101333279
80.40203945286284
99.3038712493824
30.871399366695705
110.59416807325925
76.060313102435
92.11741106778348
97.68097114966466
60.40343063575149
85.38368563058991
65.64112099905232
39.97333257250728
55.26476151022938
31.03145260980733
69.2709117524989
73.1856551841928
92.19819079125405
44.900271148963384
78.98111368646494
104.11626587341296
36.62920874666327
36.75187597790226
114.67372290000498
25.94677829046086
90.3875806742385
79.1937575022014
92.57234932962749
46.784343595906385
82.04986127401256
114.07056598808299
41.431493144893935
109.67062668287375
34.820604298890025
113.89508753978825
78.99592952388572
73.15474496438753
51.10928417570865
95.54099126316808
101.50857610561243
100.21775550983949
60.11839796486459
48.99298903906401
39.26839831811644
49.64064081063188
79.35252904095151
76.28178681992092
59.45532272375746
79.0161616953372
27.553326362257835
56.132218896539214
116.11742066301584
53.513048628783125
102.08493032003133
50.85856589149201
43.42642898945995
112.4073023853861
38.806002757241984
31.050622788052618
102.36673137007351
30.639914134420753
97.1346789390117
61.08650115133847
90.64501963855835
107.61512918928048
28.63027729195171
103.55240258337437
53.01014448453542
28.375121246788517
119.59678986387463
80.0752282593675
53.210324360893814
53.68770899133463
62.12701783373164
67.26643414713108
96.37151345757928
51.66825503767932
121.22660945348949
67.7637157358494
44.840535534128676
59.497154025527955
69.82150119136362
32.12893566559822
30.279438989105135
91.8132797852118
34.20672573177117
85.72630513182452
114.76873785367093
89.70365775462037
68.16419303242564
117.67156856474662
37.99045391780548
96.27207417982923
57.213156405716894
64.57727426379209
61.90354569552793
27.253127714423197
122.52377137541856
91.63228998983483
98.66835615941187
103.23382282940224
84.57086674587842
40.62015464379749
71.62848705085992
110.2903510636558
49.04137336520584
98.94249578577727
70.63626522905494
61.17476700332396
36.8205431296016
74.74645997664913
69.57405513355076
36.43904688846978
73.74787816809615
57.09230988738147
75.32574960723727
64.75261325469509
26.43332061117808
94.75496228893792
120.07340458879241
84.7570431980811
82.48269963176324
81.39600855535608
118.444051813134
63.3534170648629
91.93147620054707
109.6946905532231
101.89407833735196
39.339442850248034
68.77250814520706
50.524499255504786
123.67210276552572
108.70123782278635
36.526367161252814
69.51670952473125
115.04639834375338
47.193793192401955
47.457618632357054
122.69295762208277
89.74412490361563
103.45281368921016
53.98402010838117
95.01590730704443
38.07041102715032
37.90276767242766
69.44537040732166
44.58842131586803
99.27354360352206
72.96949264886874
111.60892644789162
55.34912072855384
119.91378586677712
91.7754017874162
34.058745874935916
109.70987694534634
96.08914542092222
77.1292895040312
68.3366320300048
108.64483724787746
108.36936313602705
108.13890383981636
41.1301962992066
90.96012244965267
87.87452333865144
107.46669239624354
66.43340957435089
34.42792497065608
35.68306625085024
81.10667594939686
80.85488685866437
80.57711746452289
46.57564068303923
101.05587070693043
25.896146187074677
49.837540983552586
96.94335211517581
88.2111847235391
73.48051762952832
88.97547097571731
53.195763325182
123.44838455129927
29.534417866638464
117.81192907024678
86.52405864547462
90.99994411666431
113.41775645558107
89.20801870665723
29.210330488439993
74.74132808310877
44.46981565995208
33.78252177259702
67.22849709072852
86.10297051966936
39.68528653507989
38.26403998652531
46.30804189586169
112.05269247948479
89.73831735655892
74.9194628215006
116.06862159409815
56.77975783844693
75.42549436385418
40.96523466888261
57.964679084862205
105.0097421711072
119.46535661846572
54.97352481159457
80.13990590309714
106.99870162995383
70.72690506586872
108.97797224077836
59.79253961814117
59.754931130025156
58.874033902630615
63.1161848507514
52.828968431574886
59.769765232913144
85.78986783446481
28.144323452413055
28.351046605716988
83.72671814530155
106.62265812476738
57.88592335617177
35.91080024422972
90.97593485473287
37.072828937731806
37.04571729883289
38.246818253562594
47.41796556939294
76.36367092227712
96.79484646038117
41.43131468968989
81.7771630930317
114.47325620219966
37.05113550496169
61.503085660233324
26.761687218604724
64.88032191555925
80.57697557641603
42.32173609080989
120.10416701160497
61.04831776185697
109.40256298469504
44.514911090856124
108.7731162646451
61.95712111352611
48.67780558583463
41.58025209443393
102.82146514024689
87.85937008633852
85.64819491169303
91.95302133842557
66.40797432269821
106.54955653583843
38.66808440963477
66.1195221038091
56.175507191253985
74.02419577702344
122.26510438236761
74.80821938019834
64.26891234930392
27.279243063916493
27.68942587632871
103.4875712983725
60.68410069197546
108.92530252725678
110.35954876658846
99.86814167188815
52.00304530470675
68.01710106770096
71.9884861994504
88.3040849148158
56.47594494241157
66.92440422756988
64.33514278701583
82.75293481082025
105.75409508278582
70.01892803864733
83.13895217469417
73.6244788293205
28.16562814424738
47.196910288327
38.06612496726291
36.47816282598978
73.03055853690972
47.83708431518136
67.4187725714254
48.29245232845351
28.449480791574157
86.46589425935574
112.21791543813377
46.810284788170286
Running 800 simulations with 4 MPI ranks
Rank 0: 200 simulations
Rank 2: 200 simulations
Rank 1: 200 simulations
70.38153232708713
Rank 3: 200 simulations
t=57257589  fraction=0.23375  peak_slope=1.061e-08  t_peak=19085863  comparison cadence=57257589  difference=0.23375  below=0/3
t=57611030  fraction=0.23500  peak_slope=1.061e-08  t_peak=19085863  comparison cadence=57257589  difference=0.23500  below=0/3
t=57964472  fraction=0.23625  peak_slope=1.061e-08  t_peak=19085863  comparison cadence=57257589  difference=0.23625  below=0/3
t=58317914  fraction=0.23750  peak_slope=1.061e-08  t_peak=19085863  comparison cadence=57257589  difference=0.23750  below=0/3
t=58671356  fraction=0.23750  peak_slope=1.061e-08  t_peak=19085863  comparison cadence=57257589  difference=0.23750  below=0/3
t=59024798  fraction=0.23750  peak_slope=1.061e-08  t_peak=19085863  comparison cadence=57257589  difference=0.23750  below=0/3
t=59378240  fraction=0.23750  peak_slope=1.061e-08  t_peak=19085863  comparison cadence=57257589  difference=0.23750  below=0/3
t=59731682  fraction=0.23875  peak_slope=1.061e-08  t_peak=19085863  comparison cadence=57257589  difference=0.23875  below=0/3
t=60085124  fraction=0.24000  peak_slope=1.061e-08  t_peak=19085863  comparison cadence=57257589  difference=0.23625  below=0/3
t=60438566  fraction=0.24125  peak_slope=1.061e-08  t_peak=19085863  comparison cadence=57257589  difference=0.23750  below=0/3
t=60792008  fraction=0.24125  peak_slope=1.061e-08  t_peak=19085863  comparison cadence=57257589  difference=0.23750  below=0/3
t=61145450  fraction=0.24125  peak_slope=1.061e-08  t_peak=19085863  comparison cadence=57257589  difference=0.23750  below=0/3
t=61498891  fraction=0.24125  peak_slope=1.061e-08  t_peak=19085863  comparison cadence=57257589  difference=0.23750  below=0/3
t=61852333  fraction=0.24125  peak_slope=1.061e-08  t_peak=19085863  comparison cadence=57257589  difference=0.23750  below=0/3
t=62205775  fraction=0.24125  peak_slope=1.061e-08  t_peak=19085863  comparison cadence=57257589  difference=0.23750  below=0/3
t=62559217  fraction=0.24250  peak_slope=1.061e-08  t_peak=19085863  comparison cadence=57257589  difference=0.23750  below=0/3
t=62912659  fraction=0.24250  peak_slope=1.061e-08  t_peak=19085863  comparison cadence=57257589  difference=0.23750  below=0/3
t=63266101  fraction=0.24375  peak_slope=1.061e-08  t_peak=19085863  comparison cadence=57257589  difference=0.23625  below=0/3
t=63619543  fraction=0.24375  peak_slope=1.061e-08  t_peak=19085863  comparison cadence=57257589  difference=0.23375  below=0/3
t=63972985  fraction=0.24375  peak_slope=1.061e-08  t_peak=19085863  comparison cadence=57257589  difference=0.23250  below=0/3
t=64326427  fraction=0.24375  peak_slope=1.061e-08  t_peak=19085863  comparison cadence=57257589  difference=0.23250  below=0/3
t=64679869  fraction=0.24375  peak_slope=1.061e-08  t_peak=19085863  comparison cadence=57257589  difference=0.22875  below=0/3
t=65033310  fraction=0.24375  peak_slope=1.061e-08  t_peak=19085863  comparison cadence=57257589  difference=0.22500  below=0/3
t=65386752  fraction=0.24500  peak_slope=1.061e-08  t_peak=19085863  comparison cadence=57257589  difference=0.22375  below=0/3
t=65740194  fraction=0.24500  peak_slope=1.061e-08  t_peak=19085863  comparison cadence=57257589  difference=0.22125  below=0/3
t=66093636  fraction=0.24500  peak_slope=1.061e-08  t_peak=19085863  comparison cadence=57257589  difference=0.21625  below=0/3
t=66447078  fraction=0.24500  peak_slope=1.061e-08  t_peak=19085863  comparison cadence=57257589  difference=0.21625  below=0/3
t=66800520  fraction=0.24500  peak_slope=1.061e-08  t_peak=19085863  comparison cadence=57257589  difference=0.21500  below=0/3
t=67153962  fraction=0.24500  peak_slope=1.061e-08  t_peak=19085863  comparison cadence=57257589  difference=0.21375  below=0/3
t=67507404  fraction=0.24875  peak_slope=1.061e-08  t_peak=19085863  comparison cadence=57257589  difference=0.21500  below=0/3
t=67860846  fraction=0.24875  peak_slope=1.061e-08  t_peak=19085863  comparison cadence=57257589  difference=0.21250  below=0/3
t=68214288  fraction=0.25000  peak_slope=1.061e-08  t_peak=19085863  comparison cadence=57257589  difference=0.20875  below=0/3
t=68567730  fraction=0.25000  peak_slope=1.061e-08  t_peak=19085863  comparison cadence=57257589  difference=0.20750  below=0/3
t=68921171  fraction=0.25000  peak_slope=1.061e-08  t_peak=19085863  comparison cadence=57257589  difference=0.20625  below=0/3
t=69274613  fraction=0.25000  peak_slope=1.061e-08  t_peak=19085863  comparison cadence=57257589  difference=0.20500  below=0/3
t=69628055  fraction=0.25000  peak_slope=1.061e-08  t_peak=19085863  comparison cadence=57257589  difference=0.20375  below=0/3
t=69981497  fraction=0.25000  peak_slope=1.061e-08  t_peak=19085863  comparison cadence=57257589  difference=0.20000  below=0/3
t=70334939  fraction=0.25125  peak_slope=1.061e-08  t_peak=19085863  comparison cadence=57257589  difference=0.20125  below=0/3
t=70688381  fraction=0.25125  peak_slope=1.061e-08  t_peak=19085863  comparison cadence=57257589  difference=0.20000  below=0/3
t=71041823  fraction=0.25125  peak_slope=1.061e-08  t_peak=19085863  comparison cadence=57257589  difference=0.19375  below=0/3
t=71395265  fraction=0.25125  peak_slope=1.061e-08  t_peak=19085863  comparison cadence=57257589  difference=0.18875  below=0/3
t=71748707  fraction=0.25125  peak_slope=1.061e-08  t_peak=19085863  comparison cadence=57257589  difference=0.18875  below=0/3
t=72102149  fraction=0.25125  peak_slope=1.061e-08  t_peak=19085863  comparison cadence=57257589  difference=0.18625  below=0/3
t=72455590  fraction=0.25125  peak_slope=1.061e-08  t_peak=19085863  comparison cadence=57257589  difference=0.18375  below=0/3
t=72809032  fraction=0.25125  peak_slope=1.061e-08  t_peak=19085863  comparison cadence=57257589  difference=0.17875  below=0/3
t=73162474  fraction=0.25125  peak_slope=1.061e-08  t_peak=19085863  comparison cadence=57257589  difference=0.17750  below=0/3
t=73515916  fraction=0.25125  peak_slope=1.061e-08  t_peak=19085863  comparison cadence=57257589  difference=0.17750  below=0/3
t=73869358  fraction=0.25125  peak_slope=1.061e-08  t_peak=19085863  comparison cadence=57257589  difference=0.17625  below=0/3
t=74222800  fraction=0.25125  peak_slope=1.061e-08  t_peak=19085863  comparison cadence=57257589  difference=0.17375  below=0/3
t=74576242  fraction=0.25125  peak_slope=1.061e-08  t_peak=19085863  comparison cadence=57257589  difference=0.17125  below=0/3
t=74929684  fraction=0.25250  peak_slope=1.061e-08  t_peak=19085863  comparison cadence=57257589  difference=0.16750  below=0/3
t=75283126  fraction=0.25250  peak_slope=1.061e-08  t_peak=19085863  comparison cadence=57257589  difference=0.16500  below=0/3
t=75636568  fraction=0.25250  peak_slope=1.061e-08  t_peak=19085863  comparison cadence=57257589  difference=0.16250  below=0/3
t=75990010  fraction=0.25250  peak_slope=1.061e-08  t_peak=19085863  comparison cadence=57257589  difference=0.15750  below=0/3
t=76343451  fraction=0.25375  peak_slope=1.061e-08  t_peak=19085863  comparison cadence=57257589  difference=0.15500  below=0/3
t=76696893  fraction=0.25375  peak_slope=1.061e-08  t_peak=19085863  comparison cadence=57257589  difference=0.15375  below=0/3
t=77050335  fraction=0.25375  peak_slope=1.061e-08  t_peak=19085863  comparison cadence=57257589  difference=0.15000  below=0/3
t=77403777  fraction=0.25375  peak_slope=1.061e-08  t_peak=19085863  comparison cadence=57257589  difference=0.14625  below=0/3
t=77757219  fraction=0.25375  peak_slope=1.061e-08  t_peak=19085863  comparison cadence=57257589  difference=0.14625  below=0/3
t=78110661  fraction=0.25375  peak_slope=1.061e-08  t_peak=19085863  comparison cadence=57257589  difference=0.14625  below=0/3
t=78464103  fraction=0.25500  peak_slope=1.061e-08  t_peak=19085863  comparison cadence=57257589  difference=0.14750  below=0/3
t=78817545  fraction=0.25500  peak_slope=1.061e-08  t_peak=19085863  comparison cadence=57257589  difference=0.14625  below=0/3
t=79170987  fraction=0.25500  peak_slope=1.061e-08  t_peak=19085863  comparison cadence=57257589  difference=0.14125  below=0/3
t=79524429  fraction=0.25500  peak_slope=1.061e-08  t_peak=19085863  comparison cadence=57257589  difference=0.14000  below=0/3
t=79877870  fraction=0.25500  peak_slope=1.061e-08  t_peak=19085863  comparison cadence=57257589  difference=0.13625  below=0/3
t=80231312  fraction=0.25500  peak_slope=1.061e-08  t_peak=19085863  comparison cadence=57257589  difference=0.13250  below=0/3
t=80584754  fraction=0.25500  peak_slope=1.061e-08  t_peak=19085863  comparison cadence=57257589  difference=0.13125  below=0/3
t=80938196  fraction=0.25500  peak_slope=1.061e-08  t_peak=19085863  comparison cadence=57257589  difference=0.12750  below=0/3
t=81291638  fraction=0.25500  peak_slope=1.061e-08  t_peak=19085863  comparison cadence=57257589  difference=0.12375  below=0/3
t=81645080  fraction=0.25625  peak_slope=1.061e-08  t_peak=19085863  comparison cadence=57257589  difference=0.12250  below=0/3
t=81998522  fraction=0.25625  peak_slope=1.061e-08  t_peak=19085863  comparison cadence=57257589  difference=0.11750  below=0/3
t=82351964  fraction=0.25625  peak_slope=1.061e-08  t_peak=19085863  comparison cadence=57257589  difference=0.11375  below=0/3
t=82705406  fraction=0.25625  peak_slope=1.061e-08  t_peak=19085863  comparison cadence=57257589  difference=0.11375  below=0/3
t=83058848  fraction=0.25750  peak_slope=1.061e-08  t_peak=19085863  comparison cadence=57257589  difference=0.11250  below=0/3
t=83412290  fraction=0.25750  peak_slope=1.061e-08  t_peak=19085863  comparison cadence=57257589  difference=0.11000  below=0/3
t=83765731  fraction=0.25750  peak_slope=1.061e-08  t_peak=19085863  comparison cadence=57257589  difference=0.10875  below=0/3
t=84119173  fraction=0.25750  peak_slope=1.061e-08  t_peak=19085863  comparison cadence=57257589  difference=0.10750  below=0/3
t=84472615  fraction=0.25750  peak_slope=1.061e-08  t_peak=19085863  comparison cadence=57257589  difference=0.10250  below=0/3
t=84826057  fraction=0.25750  peak_slope=1.061e-08  t_peak=19085863  comparison cadence=57257589  difference=0.10250  below=0/3
t=85179499  fraction=0.25875  peak_slope=1.061e-08  t_peak=19085863  comparison cadence=57257589  difference=0.10250  below=0/3
t=85532941  fraction=0.25875  peak_slope=1.061e-08  t_peak=19085863  comparison cadence=57257589  difference=0.09875  below=0/3
t=85886383  fraction=0.25875  peak_slope=1.061e-08  t_peak=19085863  comparison cadence=57257589  difference=0.09625  below=0/3
t=86239825  fraction=0.25875  peak_slope=1.061e-08  t_peak=19085863  comparison cadence=57257589  difference=0.09625  below=0/3
t=86593267  fraction=0.25875  peak_slope=1.061e-08  t_peak=19085863  comparison cadence=57257589  difference=0.09500  below=0/3
t=86946709  fraction=0.25875  peak_slope=1.061e-08  t_peak=19085863  comparison cadence=57257589  difference=0.09250  below=0/3
t=87300150  fraction=0.25875  peak_slope=1.061e-08  t_peak=19085863  comparison cadence=57257589  difference=0.09250  below=0/3
t=87653592  fraction=0.25875  peak_slope=1.061e-08  t_peak=19085863  comparison cadence=57257589  difference=0.08750  below=0/3
t=88007034  fraction=0.25875  peak_slope=1.061e-08  t_peak=19085863  comparison cadence=57257589  difference=0.08625  below=0/3
t=88360476  fraction=0.25875  peak_slope=1.061e-08  t_peak=19085863  comparison cadence=57257589  difference=0.08625  below=0/3
t=88713918  fraction=0.25875  peak_slope=1.061e-08  t_peak=19085863  comparison cadence=57257589  difference=0.08375  below=0/3
t=89067360  fraction=0.25875  peak_slope=1.061e-08  t_peak=19085863  comparison cadence=57257589  difference=0.07875  below=0/3
t=89420802  fraction=0.25875  peak_slope=1.061e-08  t_peak=19085863  comparison cadence=57257589  difference=0.07875  below=0/3
t=89774244  fraction=0.25875  peak_slope=1.061e-08  t_peak=19085863  comparison cadence=57257589  difference=0.07750  below=0/3
t=90127686  fraction=0.25875  peak_slope=1.061e-08  t_peak=19085863  comparison cadence=57257589  difference=0.07750  below=0/3
t=90481128  fraction=0.25875  peak_slope=1.061e-08  t_peak=19085863  comparison cadence=57257589  difference=0.07625  below=0/3
t=90834570  fraction=0.25875  peak_slope=1.061e-08  t_peak=19085863  comparison cadence=57257589  difference=0.07375  below=0/3
t=91188011  fraction=0.25875  peak_slope=1.061e-08  t_peak=19085863  comparison cadence=57257589  difference=0.07250  below=0/3
t=91541453  fraction=0.25875  peak_slope=1.061e-08  t_peak=19085863  comparison cadence=57257589  difference=0.07250  below=0/3
t=91894895  fraction=0.25875  peak_slope=1.061e-08  t_peak=19085863  comparison cadence=57257589  difference=0.07125  below=0/3
t=92248337  fraction=0.25875  peak_slope=1.061e-08  t_peak=19085863  comparison cadence=57257589  difference=0.07125  below=0/3
t=92601779  fraction=0.25875  peak_slope=1.061e-08  t_peak=19085863  comparison cadence=57257589  difference=0.07000  below=0/3
t=92955221  fraction=0.25875  peak_slope=1.061e-08  t_peak=19085863  comparison cadence=57257589  difference=0.06875  below=0/3
t=93308663  fraction=0.25875  peak_slope=1.061e-08  t_peak=19085863  comparison cadence=57257589  difference=0.06750  below=0/3
t=93662105  fraction=0.25875  peak_slope=1.061e-08  t_peak=19085863  comparison cadence=57257589  difference=0.06500  below=0/3
t=94015547  fraction=0.25875  peak_slope=1.061e-08  t_peak=19085863  comparison cadence=57257589  difference=0.06250  below=0/3
t=94368989  fraction=0.25875  peak_slope=1.061e-08  t_peak=19085863  comparison cadence=57257589  difference=0.06250  below=0/3
t=94722430  fraction=0.25875  peak_slope=1.061e-08  t_peak=19085863  comparison cadence=57257589  difference=0.06250  below=0/3
t=95075872  fraction=0.25875  peak_slope=1.061e-08  t_peak=19085863  comparison cadence=57257589  difference=0.06125  below=0/3
t=95429314  fraction=0.25875  peak_slope=1.061e-08  t_peak=19085863  comparison cadence=57257589  difference=0.06125  below=0/3
t=95782756  fraction=0.25875  peak_slope=1.061e-08  t_peak=19085863  comparison cadence=57257589  difference=0.06125  below=0/3
t=96136198  fraction=0.25875  peak_slope=1.061e-08  t_peak=19085863  comparison cadence=57257589  difference=0.06000  below=0/3
t=96489640  fraction=0.25875  peak_slope=1.061e-08  t_peak=19085863  comparison cadence=57257589  difference=0.06000  below=0/3
t=96843082  fraction=0.26000  peak_slope=1.061e-08  t_peak=19085863  comparison cadence=57257589  difference=0.06000  below=0/3
t=97196524  fraction=0.26000  peak_slope=1.061e-08  t_peak=19085863  comparison cadence=57257589  difference=0.05875  below=0/3
t=97549966  fraction=0.26000  peak_slope=1.061e-08  t_peak=19085863  comparison cadence=57257589  difference=0.05875  below=0/3
t=97903408  fraction=0.26000  peak_slope=1.061e-08  t_peak=19085863  comparison cadence=57257589  difference=0.05875  below=0/3
t=98256850  fraction=0.26000  peak_slope=1.061e-08  t_peak=19085863  comparison cadence=57257589  difference=0.05750  below=0/3
t=98610291  fraction=0.26000  peak_slope=1.061e-08  t_peak=19085863  comparison cadence=57257589  difference=0.05750  below=0/3
t=98963733  fraction=0.26000  peak_slope=1.061e-08  t_peak=19085863  comparison cadence=57257589  difference=0.05750  below=0/3
t=99317175  fraction=0.26000  peak_slope=1.061e-08  t_peak=19085863  comparison cadence=57257589  difference=0.05625  below=0/3
t=99670617  fraction=0.26000  peak_slope=1.061e-08  t_peak=19085863  comparison cadence=57257589  difference=0.05375  below=0/3
t=100024059  fraction=0.26000  peak_slope=1.061e-08  t_peak=19085863  comparison cadence=57257589  difference=0.05375  below=0/3
t=100377501  fraction=0.26000  peak_slope=1.061e-08  t_peak=19085863  comparison cadence=57257589  difference=0.05125  below=0/3
t=100730943  fraction=0.26000  peak_slope=1.061e-08  t_peak=19085863  comparison cadence=57257589  difference=0.05125  below=0/3
t=101084385  fraction=0.26000  peak_slope=1.061e-08  t_peak=19085863  comparison cadence=57257589  difference=0.05125  below=0/3
t=101437827  fraction=0.26000  peak_slope=1.061e-08  t_peak=19085863  comparison cadence=57257589  difference=0.04875  below=0/3
t=101791269  fraction=0.26000  peak_slope=1.061e-08  t_peak=19085863  comparison cadence=57257589  difference=0.04750  below=0/3
t=102144710  fraction=0.26000  peak_slope=1.061e-08  t_peak=19085863  comparison cadence=57257589  difference=0.04750  below=0/3
t=102498152  fraction=0.26000  peak_slope=1.061e-08  t_peak=19085863  comparison cadence=57257589  difference=0.04750  below=0/3
t=102851594  fraction=0.26000  peak_slope=1.061e-08  t_peak=19085863  comparison cadence=57257589  difference=0.04625  below=0/3
t=103205036  fraction=0.26000  peak_slope=1.061e-08  t_peak=19085863  comparison cadence=57257589  difference=0.04625  below=0/3
t=103558478  fraction=0.26000  peak_slope=1.061e-08  t_peak=19085863  comparison cadence=57257589  difference=0.04625  below=0/3
t=103911920  fraction=0.26125  peak_slope=1.061e-08  t_peak=19085863  comparison cadence=57257589  difference=0.04750  below=0/3
t=104265362  fraction=0.26125  peak_slope=1.061e-08  t_peak=19085863  comparison cadence=57257589  difference=0.04750  below=0/3
t=104618804  fraction=0.26125  peak_slope=1.061e-08  t_peak=19085863  comparison cadence=57257589  difference=0.04625  below=0/3
t=104972246  fraction=0.26125  peak_slope=1.061e-08  t_peak=19085863  comparison cadence=57257589  difference=0.04625  below=0/3
t=105325688  fraction=0.26125  peak_slope=1.061e-08  t_peak=19085863  comparison cadence=57257589  difference=0.04625  below=0/3
t=105679130  fraction=0.26125  peak_slope=1.061e-08  t_peak=19085863  comparison cadence=57257589  difference=0.04625  below=0/3
t=106032571  fraction=0.26250  peak_slope=1.061e-08  t_peak=19085863  comparison cadence=57257589  difference=0.04250  below=0/3
t=106386013  fraction=0.26250  peak_slope=1.061e-08  t_peak=19085863  comparison cadence=57257589  difference=0.04125  below=0/3
t=106739455  fraction=0.26250  peak_slope=1.061e-08  t_peak=19085863  comparison cadence=57257589  difference=0.04125  below=0/3
t=107092897  fraction=0.26250  peak_slope=1.061e-08  t_peak=19085863  comparison cadence=57257589  difference=0.04000  below=0/3
t=107446339  fraction=0.26250  peak_slope=1.061e-08  t_peak=19085863  comparison cadence=57257589  difference=0.03875  below=1/3
t=107799781  fraction=0.26250  peak_slope=1.061e-08  t_peak=19085863  comparison cadence=57257589  difference=0.03875  below=2/3
t=108153223  fraction=0.26375  peak_slope=1.061e-08  t_peak=19085863  comparison cadence=57257589  difference=0.04000  below=3/3
Stopping at t=108153222.8667677
Saved 587 remaining particles to /scratch/group/p.phy260085.000/Mass_Fraction/Outputs/Ejection_Results/remaining_particles_2187513_4.csv
