==========================================
Mass Fraction MPI Run
==========================================
Date:               Sun Oct  4 20:33:26 CDT 2026
Host:               ac048
Array job ID:       2187490
Array task ID:      4
MPI ranks:          4
CPUs per task:      1
Nodes allocated:    1
Python:             /scratch/user/u.hm357857/.conda/envs/comets/bin/python
Conda environment:  /scratch/user/u.hm357857/.conda/envs/comets
==========================================

10.177957785621913
10.659060418868373
10.380545780258302
9.857830109115003
10.026217025670388
10.515965528121761
10.388095267966973
10.441047233857656
10.35324693150425
9.792850759716243
10.632453554771338
10.292474715223648
10.529074183408088
10.57092201950441
10.46551379277967
9.777884522367275
10.463492130385857
10.337039978829388
10.645677632929933
10.491846940202507
10.360134340663217
9.84713938937752
10.161726068267487
10.397237150673384
10.110196633103195
10.287973530921171
9.817543079404436
10.130963424993224
10.185915913948367
9.75361498392065
9.783765436610151
10.279485568207088
9.83690695585903
10.578685039635337
10.312701234139833
10.359923449323972
9.802753912257515
10.210716502347802
10.514596100867717
10.404555698035843
10.065056558160636
10.640350520824514
10.313977612260711
10.656304380545222
10.069567085349588
9.91438188707107
10.228070491462804
10.583438332576655
10.503686815810276
10.529145768371766
10.018566611392881
10.227094264886501
9.966368759320531
9.762722859040474
10.36047371210098
10.293066423237757
9.986981873407103
9.853073760555649
10.010107937482827
9.752878247229125
10.391326262484158
9.753224814333034
10.235266349799973
10.449985614983616
10.282470310822243
10.2452256784177
9.98511198400951
9.822689838732924
10.533073121268517
10.380656544307278
9.765729010505728
10.611660235926246
10.411290450347627
10.091669319537033
9.902690070373813
10.214174602444034
10.523825215511698
10.335364050736457
10.421738935326701
10.093192456475467
10.266294648637405
9.790788509283436
10.0414985344779
10.54010351611885
9.97568618183456
10.061079595275293
10.078642903022155
9.780800076182018
9.859446298294186
10.39573577245866
10.446342064019412
10.379334261451069
10.040658308706846
10.559267585488799
9.89551986649439
10.543398625468924
10.557025652316888
9.867246760826088
10.268563997270501
9.897745486161954
9.870159082169923
10.220969927942903
10.012859862672002
9.8775255160957
10.32699059661901
10.61223304392836
9.755176205860923
10.585938511490484
10.028589370410142
9.9477104061336
10.042122706102932
10.678746283512297
10.22644393285808
9.96617690803973
10.529539231271146
10.549463005843855
10.289319173200546
10.44410290832749
10.208444415463903
10.378234798968975
10.129593620031578
9.953043233245035
10.370312039095225
9.84252807229044
9.740350496186709
9.851397174379196
9.956063985700451
10.394032169256176
10.615194008509942
9.997256122148476
10.347493687967727
10.220868714903922
10.201825519991665
10.09451765591908
9.812768061974916
10.018786645978977
10.541980033293887
10.591029501223128
9.808581817442077
10.237613211050613
10.164048895391256
10.05837928698182
10.495495432231058
10.621320945625877
10.30522367708128
10.31161710298736
10.032244305098466
10.326391122091954
10.53962305188192
9.835233473354558
9.807891387617207
10.220903088094243
9.822112542799536
10.633184511072411
10.657680735600678
10.066755878115426
10.068834420354815
10.052557106907091
10.663369109220023
10.30013998818606
9.75053148648172
9.835969876020268
10.628465245922502
9.965957734548358
10.603573187719595
10.351190748475753
10.02642676514531
10.631380158885156
10.325220812581607
9.859479399063915
10.538257111749482
10.024902164296595
10.236820614920264
10.3833369505963
9.801821211577682
10.61845415093999
10.341458730485273
10.416072703889043
10.509846557351691
10.37468394585494
9.890129591828753
10.188605716920206
10.279550601041379
10.518424205589325
10.351902195315821
10.204396389413459
9.858766436786459
10.221614011658355
10.281888887552356
10.069965641969794
10.47661187266243
10.087569456717679
10.102658912317773
10.598573203701719
9.749052558313497
10.613389041053935
10.11193255357377
9.887633689391937
9.841649993665255
10.492734647976341
10.027003196557766
9.87667757807831
10.571929315185459
10.027258700806705
10.483113231187513
9.955665986456046
10.239365022739651
10.124176318890541
10.23373052267666
10.617285427451877
10.441840963614048
9.968179416565555
9.88117808198399
9.817201617028624
10.353831192627634
9.743426790349162
10.01267106125404
10.151800876348135
9.856949657189917
9.851430950285994
10.319599129558988
9.767128469758639
10.344909348166428
10.218455715299413
10.598790562414312
10.116270262248594
10.16491839440125
10.022806998377394
10.020989725559248
10.159090853680766
10.528777897778019
10.220049097696615
10.03636274370524
9.863355380685094
10.012873327661538
10.177994735225758
9.817942777019711
10.265301647643328
9.936901113017477
10.366410788807672
10.523893239444352
9.986030332537448
10.343078116658429
10.36253240629113
10.526160472961388
10.659853073835297
10.046774342909483
10.415827107930992
9.754463685863309
9.968351998971498
9.795473122470067
10.497043098394848
10.373991509415784
9.785391146762128
10.485764663976967
10.343967038412858
9.83911230942466
9.819555229192334
9.987702813284479
10.471932401722334
10.202700008510085
10.606311270845193
9.88858841829784
10.369605153616632
9.824168749596952
10.027744282470909
9.843244263654618
10.056118912156595
10.558156265306785
10.414094411974432
9.921084920920844
10.252864271066862
10.293450698145193
10.094790907190083
9.968326048156262
9.983902976223233
9.793937038025566
10.602528895119631
10.157695596315543
9.777649119684359
10.681038237836574
10.013546101436793
10.424803005065392
9.847158257357467
10.162350839039
10.529490904173818
10.662547501170646
10.574041819977555
10.669241551750723
10.172043372774876
10.331934534984496
9.942829321445341
10.623508628023947
10.218725480592123
10.020665871953819
10.394683201600351
10.229822899712566
9.980579169231827
10.628157724207222
10.333041358656013
10.113398613574386
10.005474058405646
10.23507145771888
10.19436901498742
10.622555190108745
10.67929502333986
10.67485374393864
10.225997319838797
10.396116846864231
10.331465694938585
10.328092206920589
10.557634024254638
10.506362003274297
10.667681358022326
10.450974060978591
10.56268782004758
10.682331565423555
9.989923161056094
10.146963073204432
10.640847885771015
10.422943567778772
10.453610773287082
10.400711096017975
10.032886300867114
10.245803684727596
10.173836925466771
10.58482595652962
10.456763411507225
9.949214637962907
10.56677672891918
9.969758005163147
9.951090251940716
10.532457904993539
10.52949638772518
9.997750358201998
9.767798774929233
9.741792894381254
9.87630534736118
10.640379847320864
10.28481106013955
10.330385098037238
10.372102010717175
10.003769283864072
9.926855009559336
10.540611322380093
10.339836743071135
10.075366604102673
10.380824552170417
10.122310681787589
10.114310770081048
10.107626237164276
9.98751069909748
10.006316535062377
10.324527090635247
10.358330084929865
10.428760544170666
10.607227249760886
9.972720756984504
10.393504202893471
10.603211243888818
10.445459696461327
9.90053006364441
10.315897041772034
10.465371017257997
9.957536857315857
10.36172981447126
10.288929959537661
9.922116335491136
9.896795297626182
10.305901137838525
10.313153957968762
9.760321709419777
10.340510070788469
10.675611044339377
10.448072726929784
10.36645274572647
10.531129336221328
10.327810648388992
10.519927492815055
10.62921283931039
9.935962096619885
10.223853952010112
10.151375477386797
10.076216696605561
9.783027956214678
10.15474649395731
10.463488331082077
9.773934853053284
9.948130144924272
10.394001831054746
9.922462879378037
10.569932269196025
10.297331905412394
10.599549810378578
10.655688256303488
10.052011869622174
10.347938682183095
10.140967022222702
10.113882928513743
10.618190304186156
10.57015152605505
9.805783107402164
10.171685580131534
10.034423694655954
9.870119168451648
10.1552034963848
10.600175011597937
10.280792848383333
10.228015809918023
10.179338456751902
10.208415901437169
10.136543194072823
10.0109780655909
10.653753612248313
10.109118659949017
9.8942393917133
10.582483660397955
10.491435943730105
9.764394808105935
10.614008570308187
10.144273207195093
9.854076135394685
10.038228894508924
10.058377740734896
10.466075805033276
10.274050823287494
10.298480332276773
10.496461255261199
10.020670294597837
10.665214144815423
10.578985604527393
10.230931428494168
10.40053898244342
10.518091001524255
10.079958352593355
10.190644804696955
10.12045002563333
10.668236412403283
9.779977564415603
10.32005963020978
10.303211833684921
9.915207248075081
10.627992105042631
9.829871764189972
10.67503807039349
10.243296645270819
10.601314486951953
9.940401547154469
10.224238814108107
9.967534627696256
10.24338746173093
10.518719462080437
10.125666328040543
10.215108998100566
10.288080606642142
10.16919745346965
10.172007892985725
10.015244939505862
9.990526456257976
10.503635452395384
10.47838281856869
10.014816078037422
9.854405205451332
9.806912425265457
9.851896029837867
10.603937235697236
10.13878608595591
9.775175121251564
10.290468548991656
10.078287930582643
9.987162058380065
9.802061423296786
10.677469599098503
9.886221471526166
9.848671290236817
10.370174857165638
9.99635587233005
9.931490335573997
10.510706975073465
9.739947810888207
9.910456644501977
10.577576325964513
10.00682456038101
10.011180875256539
10.35146346318659
10.454045653100877
10.190094996139063
9.953104238030981
10.442478370458142
9.977525594092555
10.467647137304642
10.16264637611876
10.509897927715329
9.915493386244218
9.843564064512266
10.32719601030763
10.136215906075432
10.202258094964275
9.895952503479542
9.756856471119264
10.519928323903045
10.207062889462966
9.987549947483807
10.497020189728708
9.838046302201008
9.873368540892477
10.084201522682541
10.10433611687242
10.259265223703295
10.314892917217096
10.2019841160077
10.52493925390747
10.530512468521447
10.525675775265201
9.784393618983318
9.841512075097853
9.905704881776751
10.48341069896234
10.24684681601826
9.794401529066016
10.31633304055776
10.055869382544184
9.918859144264994
9.747782050582858
9.768746016475156
9.960071457853173
10.181000266069152
9.748216499966176
10.055204711925228
10.28664608369429
10.054148238176882
10.028578626613534
10.23849464031371
10.254405607044829
10.242317372008449
10.294986256634033
10.006791157369065
10.459662494232091
10.237271806495592
10.16867333981357
9.964790480792278
10.44194003149864
9.847225194639663
10.381423780242505
10.30680465831783
9.743173116527583
10.243647721790035
9.958913371159088
10.531071779784078
10.347835290792586
10.083493427948934
10.196121862055351
10.61017166732165
9.86923430843688
10.098270389494632
10.227316099133974
9.766439101486926
10.209158551423425
9.962792799490149
10.411684111184783
10.395469520472485
10.11117096410031
10.265404586199637
10.508132415857482
9.91258195383152
10.527441253155587
10.378778890596916
10.457145494214284
10.51213890193771
10.115230671713862
10.480961175015272
9.797242069424888
10.332880186385735
10.044731623482201
10.542220800746476
10.516874378799901
10.356740556602842
9.889495972050893
10.313617843794255
10.04500753565185
10.017025949831753
9.942221262493586
10.568980432917384
10.03125933638266
10.254695796311518
9.992937771802344
9.89468202925351
10.070268474361574
9.839913312848898
10.032905082572094
10.000372694664676
10.052137123543591
10.065213482717086
10.350640008422893
10.666548633686475
9.99464228894831
10.64341728077165
10.119006625415304
9.85400107389948
9.846313420898932
9.845652020603692
10.563626235213851
9.834510325105537
10.193746775733473
10.026871026479446
10.395210516408877
10.091747940066547
10.16707623249235
10.472591234600282
10.087436931906536
10.396510653552172
10.678312074354048
10.567055000535822
10.669640612152651
10.427928358911469
9.766605458850933
9.931722443502162
9.85355186662177
9.820099670873482
10.415062965915856
9.898546825905743
10.159252404121428
10.534927661611835
10.579646910649604
10.306511261677732
10.33504210472606
10.223099334757901
10.44499162477132
10.540394839308451
10.191129091414451
9.934915826271126
9.893237517285236
10.497843499706594
9.875632734440003
10.432329804593103
10.061297120239061
10.043640257041952
10.646754355479365
9.76251987146787
10.009078885570325
10.4176749315646
10.070203468009751
10.527082668871097
10.261473781403906
10.426509977764981
9.8586574235747
10.068092734998665
10.365740247911042
10.216944617278955
9.94330835768641
9.94498110353626
10.017373332064624
10.470922810601131
9.801432991378164
9.89210271965798
10.373326456638917
10.153979207408817
10.48176948809257
10.334801820313153
10.465245198978689
10.012085498971661
9.971528998512676
10.349414129968125
10.360575982507049
10.47103447160024
10.146391486258192
9.951250730936168
9.935870337174398
10.108007760563853
10.234220419094397
10.552900629365787
10.300942152682293
9.85169343634473
10.04819316275688
9.860239515858561
10.314866866914837
10.27154732097471
9.989632250246439
9.835124659483004
10.147993013597471
10.397147829074473
10.313780939210758
10.43756375861893
9.923723844079133
10.6404832216051
10.622452034154227
10.28671536659625
10.50996604939235
10.457389307874655
10.390995207389697
10.05755763606791
9.81975492699689
10.107193198521273
10.47825579234996
9.91251873755468
9.933105589858185
10.291129624171907
10.097981465534136
10.1860043591063
10.448132897514316
10.26418606922662
10.623053212761006
10.610591330888274
10.455731021887372
10.384171394808973
10.126845572570083
10.33469438130882
9.761172598004938
10.539699291783467
10.127521303387784
10.582179543791051
10.174184950721513
10.577566275264397
10.341285646917486
10.323728007991813
10.380438209633157
9.895292246447314
10.010881261612322
9.82060848413624
10.176100820398956
10.612139450108003
10.131554640840296
10.6229267628535
9.869312520476191
10.2544960297878
10.478500272500085
10.147447672750067
10.50540974147522
10.665945740653628
9.875996962466942
10.569897668589519
10.21381121388702
9.972358933880205
10.166820178146123
10.660160183939379
10.682661101608044
9.869102108619101
10.65168604603351
9.860960115807222
10.52975087571254
10.67329960052497
9.96945794040844
10.64535802849036
9.97772102797103
9.835594555684906
9.812075944663299
10.564703544345189
10.449134584557854
10.19321045792589
10.53200488530602
10.469919459865338
10.639670758417378
10.233068245232067
10.112138998174789
10.317422022936217
10.25763700760493
9.985703464647292
9.818500092085259
10.023261109784677
9.853133507272018
10.222953275953675
10.161034694716045
9.93701774534859
10.124776996846768
10.054227812991877
9.863468309372985
10.626974170064932
10.257035504693208
10.580351321141588
10.186512318666335
10.331268937783966
9.904751549454971
10.220555607055326
10.477219535380883
9.78692709698832
10.369829927730132
9.826527385967209
10.132715808818595
9.916202886617583
10.520150785432328
9.830360466978002
10.546476600294554
10.134171871350164
10.634550297244074
10.536730819545623
10.152727515160587
10.152621059473208
9.848015452083512
10.257737379268788
10.068880368535934
9.94929862251684
9.975718104804248
9.825499835429184
10.22204393253815
10.54770836349244
10.321445124316423
10.004189930677972
Rank 1: 200 simulations
10.253698872669395
Rank 2: 200 simulations
Rank 3: 200 simulations
10.244363866746909
10.18901151454152
Running 800 simulations with 4 MPI ranks
Rank 0: 200 simulations
