==========================================
Mass Fraction MPI Run
==========================================
Date:               Sun Oct  4 20:42:48 CDT 2026
Host:               ac019
Array job ID:       2187505
Array task ID:      5
MPI ranks:          4
CPUs per task:      1
Nodes allocated:    1
Python:             /scratch/user/u.hm357857/.conda/envs/comets/bin/python
Conda environment:  /scratch/user/u.hm357857/.conda/envs/comets
==========================================

36.1144917945268
33.00942762621416
38.08425542488179
55.50951102546142
37.745293983455966
40.774892453732406
19.372369861016843
54.45967043450243
31.972549851027825
40.1131057920189
15.298225740007293
49.59874315390222
46.262336313533694
33.56747882530169
22.150076862382193
46.1100287454569
32.96333366166167
33.23999902179834
26.114118066529247
43.01587410412499
50.75430716443498
42.300753618629784
22.89952959925833
44.037889998708366
29.453710597010488
22.28362672151769
47.291439896113154
49.704202458395415
72.19035804083501
54.71836746907752
63.631347049371044
25.856935361758378
25.751878220978142
47.47122594637006
41.71919799496597
54.339932240066595
72.65680196039973
29.18840193412979
64.38320313015751
25.881260319935336
15.391940938168451
43.17710248328936
61.186462491584926
15.67982514954591
32.29549794798902
40.00770845081989
33.81313753000461
74.6102062173585
51.92485790618365
29.667892764766982
26.1738159946299
63.97962638174973
52.52213908280119
73.14570999407243
36.173555769090726
40.04374125848422
39.53025567240794
73.8179281242729
64.4778233502681
24.15807783210753
33.13429758862655
29.045008453493338
49.834408686064144
30.896189616372183
37.08989522230286
15.695328545538185
57.563317799528996
32.23141738224245
58.15571415858041
54.45076061061346
17.550007451069153
60.464126885995654
35.73915469201643
20.672732757812728
63.49363059441308
15.893583711814179
29.784112971868524
27.12076409958224
15.40229575282661
47.587053117093646
73.58444193156052
41.47577632841994
36.32183389928076
36.19056456050785
37.79658198244656
67.61101569483088
59.257781548928094
32.856548605850804
30.18059701577392
32.195697545913156
67.65487791718974
61.4498672653937
57.83963309952224
29.105791252205726
53.07197104969677
15.492485144490313
21.098380909567062
51.42809074723539
20.41683979032625
46.87571988447873
62.293006499809884
59.43509874726327
20.31001733666435
49.93843317514895
44.73322756024562
65.90482357435033
15.427712923784027
60.206981457569505
28.83857794026979
68.06097159382409
55.53069780958024
42.5382661449523
35.22404307084396
21.848954187542844
61.76432384044366
32.291637766636825
20.614366199838372
69.20593898458173
23.905435047870366
21.627226055921472
56.5941778530098
37.45095122359722
16.4381511039783
36.863668491423695
20.456617523864942
49.15789788257402
22.631797110447746
73.91777217209855
41.373788857721074
29.073535235824856
24.685073444854144
16.404560529502792
41.24149619403957
61.557264105127594
34.69814854630575
27.616037526011702
68.50810458161833
73.06131880953347
62.52614390738773
21.829046638369455
19.92374110465822
48.17604886260018
54.54030500867393
52.73098044644931
48.720307085890305
17.683750056282395
27.819019283078866
59.87730691301127
41.62257747228614
58.03421110457111
39.53326977286329
51.83792754053973
19.975599061296954
18.8538111903109
46.59148858510059
35.72475017532744
19.6027195902745
74.47618041027735
54.98755483016466
35.44541983587195
42.24687256886157
39.23316434175386
39.45699483360839
35.256192886939054
23.683310596533676
39.90976902894552
33.08419909296796
40.47125253210247
54.92406711256919
70.07834058837841
30.727724089679015
57.61272545910071
22.30267534602059
22.52000804508718
20.451407781422084
70.68890776378046
24.9006135182534
16.189870653996408
24.322593879647325
38.52155289217725
29.27662363512804
47.461081456872144
29.063677572409922
71.42953622347824
24.438817690415352
40.45232507525853
55.62491115251167
62.13943644445105
49.227458610050235
30.347647830692758
17.52271555099672
46.40204993335158
38.661551866538105
32.61130337464857
38.435121091038255
57.40846236242566
63.70165102837403
66.84256541443793
36.06086922509613
36.03121820910914
41.88669192539712
64.08628914727485
38.73310099007157
26.849729959153457
41.46071666349407
58.739168331274996
69.83937120591503
42.400400165774414
29.86897030173065
37.82989186211916
42.9398240986428
66.1719972072071
50.35932216808529
48.61314534039154
21.747200157424253
64.82951287478097
61.87983473337585
17.295473173653125
31.177061838478654
22.488437450362063
52.81635217440415
57.3437132479829
69.96959614555682
74.48951782807208
38.60677736809239
25.765305986789873
45.01103957608145
55.158801793652735
41.67372599636023
65.98956609768082
66.17979258494708
25.04630924130486
40.87351310256137
45.37835722631783
21.35883575226635
68.79581242527809
20.56765180962752
25.765428457830108
72.31087356339043
48.52390148742986
66.55352695605802
71.783644531247
50.79479547631644
66.25009306840283
62.020641242530324
51.70921507579321
50.92065883070644
28.039414670143458
15.595484050603188
23.07870362849344
50.95825609381148
35.196598709531315
43.7885680087101
38.61994219337173
66.29532167762011
20.311190344849877
41.720326314784444
28.920590871440943
64.92258569577683
66.54014788088159
46.375032782230235
55.64833333825834
41.821049861501244
68.71806753872181
50.38270468773226
30.14334569603714
63.78215448993109
70.26949871332587
68.0900040123999
50.71227433588574
73.10232602356629
25.41324642973068
48.90928316962218
66.97287300983125
60.42872371700846
40.66304468895693
63.599122924284934
73.34666778972553
16.422817473992396
69.35169649513071
73.02624252130033
20.2196477504374
57.94403275873312
67.22004184023953
70.77255636951772
63.80221233030326
62.493537873959
67.09008157228159
32.47835591000622
21.707576463106882
35.45156131077866
18.77635065040926
61.53362015681592
55.540558119727734
41.625867835463396
27.385992260791415
48.93160820739818
34.79936071361616
38.5570771111975
52.70080845648018
33.81785471063189
20.1645825455782
47.77916048920068
54.28868004962383
73.8929979175947
22.97244368128336
51.49210234332772
63.75356755824635
61.387233396915015
73.88376424216227
18.095758496023375
70.53586763183534
57.66542625022811
68.62727098405833
57.942341419895484
58.4296391004133
62.080540473372174
33.84322873128538
46.29160951123958
38.007650967386624
50.029201588823916
74.45559252748484
19.770389010924394
56.305563635041324
34.19392771940905
28.030375558596553
40.310880813355816
58.088602165392246
22.02638077783547
27.43050635295709
67.77921873749591
17.237170725925004
35.83504701990583
36.06402842215181
45.42371073550075
59.41213124926804
59.19532929547022
71.42505263358025
63.284265699836254
65.32237275653794
28.26003554753124
47.651167376667885
47.92292653810894
63.05839851190269
56.280459246611144
49.14693414504046
65.29175801381525
59.84137324031405
65.58780107588166
72.64365287388671
45.988271391847285
47.62505978500403
53.22137205159716
72.77537157715291
43.78619037556241
38.737280483995775
27.36692797972257
32.5584067107925
37.47437962412744
68.03145616014419
74.908089760582
52.77735193297632
48.385188476159115
32.49781755461555
57.08209183666276
38.108082046366675
15.34764437232135
15.541921392214594
48.28101410748461
36.26885497549064
18.84584869397809
52.81830955284674
40.59536436972224
25.009066166810726
62.52136570435748
34.63220615200261
73.11379220623914
51.10469320168368
31.229012653090813
74.31542569055247
37.682218073692226
40.97380006714427
57.73264952591166
24.195182686252505
56.85545360196249
40.26730646083233
61.114596314970356
28.871096018457237
50.196531993073755
44.469328256580454
39.250365205844126
40.912146885349195
68.49134737319673
42.0892182068389
21.286484492371155
35.55159391305481
20.73510435874673
48.52372513462335
59.172666508924735
61.84743580730094
30.033261327837174
62.05846807240513
70.143987325181
34.37163281774987
36.69236543064585
19.703200505561398
60.98525066971317
53.6303480882528
68.71595470894847
45.70877316424769
48.41994297022115
26.071294690261087
53.62488520209437
59.17235630340935
19.13423535996994
51.84002038460725
28.962817619305532
45.75993361872996
48.70406423661143
56.41625466998824
44.359628093939705
44.92311409365091
45.50093635394991
25.80434500294842
69.7088499446543
61.488542141795435
24.77677202678082
64.86389744613491
64.82207705900736
62.43951328899917
28.996199740240186
16.798877312236527
69.99765770888789
42.69928894594772
43.41748255594017
39.58535361887826
61.837534547466866
43.13455435293668
48.0723419196465
18.657916019490962
22.289251953573164
57.831089796098766
21.414683599137668
39.79280627000167
58.390866948826556
19.05301399793185
56.82521108772697
60.74130702072182
37.47836265346725
65.34189185867942
21.457071458093864
40.62824919167233
72.43286177316511
49.65603168039854
27.674115630221348
39.679360947313604
63.737199453232556
48.89269894340585
46.67055676484004
42.67533593057263
64.67050983021349
41.701730383769586
30.990162291714597
69.26486516410164
20.77279372714095
57.066186998584534
42.162352089126756
35.544410924649476
40.80199521865149
51.40735236724211
28.691466920599108
49.626672940431305
16.340055304642572
31.452764428107407
55.87715265346979
39.96239098178867
37.30151863663632
21.880963993423908
65.16812890140775
18.652863762008163
70.3339638463485
48.93404865055488
29.908666188091907
53.616994783181745
59.397695872698634
49.355603745173255
30.36643365415356
42.62172887623191
15.748353950498174
65.47855824923496
70.83810505205031
34.27835518507189
53.832779925485106
20.362149388940708
50.221395766382265
34.074651657160004
62.247854080315875
27.871181648023544
66.27039711358861
50.51183822108332
65.48191375744965
24.584011458330835
50.41927901576203
40.102247487305455
40.111147800507496
49.21135633917646
70.0626443948483
51.754282872272285
20.306056977653668
33.48975910081684
28.66072017646308
71.39182035966293
25.485529218030187
22.084474292490807
67.18623490397462
58.75095861755
43.91026779375417
41.595297312340044
22.8677177408842
62.27326116283064
68.19323948737106
58.86652030226064
29.296866762694297
51.57153414003047
44.77333129413954
38.39991697176074
69.63785924816113
54.57309127067947
27.32440520680016
24.279989880804255
18.98517112057476
63.868732391510505
51.0361876775937
66.64656887988184
35.52615804417873
74.35868086969882
25.089143865898826
36.1368742722522
35.28579234988486
60.924370695700354
37.8923554984915
40.35935330714957
68.13689311619484
56.49914517756587
31.51616363886607
24.690792484865085
73.8914733932705
70.56830578663678
25.193500274458742
28.716350228681137
44.81239859428173
16.905172617959416
69.67917664986973
53.71796098597146
26.7409661901468
18.508953867886152
41.43805001514039
28.044384180594253
24.94084549827061
40.6065249083551
54.50749129465616
39.50656592873273
29.403343576412468
21.707036395448615
26.223688261075935
39.16995720976884
43.518970960394185
58.23405001577855
37.790168507776585
27.967705046076112
51.91756657289485
56.0749755192567
37.36942301786086
59.94718694461481
37.63230962654069
55.997293257905575
37.799330881956905
56.90664848598537
31.016688914257703
68.50245139922087
59.66841609294544
66.34440318041628
20.529310852866153
18.155981479179935
58.665103450624606
38.211076873517584
60.43886871493195
73.9273826290428
47.25843730542564
63.05617343570075
42.10343220442442
57.08443171741748
39.19072330165565
65.23570198330563
20.28223100219747
73.82925619639323
40.67573291510724
41.83402537274917
26.905200011591788
37.93210474363035
53.7032905803869
72.19229532111527
71.34225013531614
20.07062077441542
42.03534884660341
31.80299733288432
26.792222182354315
29.0141743935275
70.90761167644845
38.25658104014103
34.100444472878905
48.113639210711845
72.35954706533778
49.24862466578606
36.272836669935884
36.65790718425882
67.71600086678986
21.936056820889256
26.061932561809297
36.74020441153978
47.25153013388634
34.97253816739311
18.4458980561654
42.06264940969048
44.31886578766987
24.483044604502172
32.9479389551086
51.742542133804236
48.772815136341045
74.20608504586912
17.169747633523336
66.02437687222901
28.357156063170887
58.921612567868074
31.185355399636556
36.422501303914174
52.41141007652173
60.52020825755993
68.60669484845053
34.80776677019106
41.734817878690876
61.97338060034461
60.29386202487711
62.181193379803766
50.481771950718866
44.91239054730684
23.063531832123246
28.444198579587052
55.93145421743963
53.00826462853104
56.621682370475654
47.169108176194
51.785075874637755
17.905197984092553
71.7447391792237
42.19106840500089
46.873262011508686
73.14178361664865
28.697654703725558
24.754442311573833
17.239024440437202
60.7983540392277
43.29258115651328
26.210563675088068
52.013411782137766
26.923567777205513
35.73595171649161
16.708691868160862
17.024489622381555
70.0162696154128
36.66966956121057
71.39784294832147
47.55117513327538
39.27159477103949
30.67499676520721
63.590630329320774
69.84173852967236
48.78733481607282
67.20039085624853
34.86413464740287
53.85153042047229
48.74724952541123
36.12309325028663
48.313599152663045
27.272372832322475
40.745898140558324
24.60175874619219
68.71710738354668
49.36478209190477
62.70710859576339
31.577851783950333
71.52760026203836
63.57312757557002
55.047552738729564
44.65827401343631
33.13001258700226
19.591625204519097
54.29996405728661
62.878778353877756
29.759503231181284
62.91753381071235
71.6562204406663
26.41162847021576
42.7367552417679
33.29511716271546
56.583722959382364
49.19365977847297
24.41216949612292
29.84969886332238
32.231791274254505
59.77028661994445
68.45907527696176
72.61407861212821
73.54140140739895
64.45182758976601
17.69255063141033
34.918729742889525
55.25709720841041
36.84424214042397
30.658425137187066
74.30574048929357
20.85343810737212
53.28134820604361
21.175235720045322
41.444399159397
34.845913690000174
22.76209956834304
43.47775309555435
51.48958827936182
50.097107630456506
54.18956836441301
53.73434224135005
60.6529311442373
66.50986832985643
35.561481826491104
22.59765499449653
65.37080401500698
35.8396474684027
63.4072105939679
31.010953585655002
50.03921085884403
66.67838608697471
35.98531021037617
44.91768120168827
30.836624852201453
31.390332063936242
63.10315878407147
53.7226522921706
67.85655215329187
18.368788685329072
62.05871050517435
59.44620737050424
29.04500370244056
61.88979476350031
39.24433132394083
45.066648943930275
57.72803906351284
36.2038052610645
51.11883446732522
18.198419985259292
66.12933769455132
70.47442741504254
26.817748933500205
66.49032805119808
15.965272507118637
22.840947378391228
52.44592482670661
42.20729753206143
26.507995176574354
Rank 2: 200 simulations
24.527082849784016
45.612721415568004
40.15494958605248
47.00927420881109
46.32751186971285
47.78944756470224
58.91366177943917
59.48905542474741
41.46276547238155
53.526059469671324
37.89850486845605
65.63032225128657
58.134330317365496
49.44755951374648
18.88211241349914
29.874074058803934
20.57180144191957
16.537637543008657
26.751034616160464
Rank 3: 200 simulations
53.52711446479255
31.437606056530303
68.59741020872872
48.923567614564014
43.22562731860389
54.916203815928654
50.61861434672411
53.12930928231305
73.11651967594189
Running 800 simulations with 4 MPI ranks
Rank 0: 200 simulations
21.18332224188123
32.46612606446834
62.08517331819452
Rank 1: 200 simulations
t=121739477  fraction=0.20750  peak_slope=9.130e-09  t_peak=40579826  comparison cadence=121739477  difference=0.20750  below=0/3
t=121903768  fraction=0.20750  peak_slope=9.130e-09  t_peak=40579826  comparison cadence=121739477  difference=0.20750  below=0/3
t=122068059  fraction=0.20750  peak_slope=9.130e-09  t_peak=40579826  comparison cadence=121739477  difference=0.20750  below=0/3
t=122232350  fraction=0.20750  peak_slope=9.130e-09  t_peak=40579826  comparison cadence=121739477  difference=0.20750  below=0/3
t=122396641  fraction=0.20750  peak_slope=9.130e-09  t_peak=40579826  comparison cadence=121739477  difference=0.20750  below=0/3
t=122560931  fraction=0.20750  peak_slope=9.130e-09  t_peak=40579826  comparison cadence=121739477  difference=0.20750  below=0/3
t=122725222  fraction=0.20875  peak_slope=9.130e-09  t_peak=40579826  comparison cadence=121739477  difference=0.20875  below=0/3
t=122889513  fraction=0.20875  peak_slope=9.130e-09  t_peak=40579826  comparison cadence=121739477  difference=0.20875  below=0/3
t=123053804  fraction=0.20875  peak_slope=9.130e-09  t_peak=40579826  comparison cadence=121739477  difference=0.20875  below=0/3
t=123218094  fraction=0.20875  peak_slope=9.130e-09  t_peak=40579826  comparison cadence=121739477  difference=0.20875  below=0/3
t=123382385  fraction=0.20875  peak_slope=9.130e-09  t_peak=40579826  comparison cadence=121739477  difference=0.20875  below=0/3
t=123546676  fraction=0.20875  peak_slope=9.130e-09  t_peak=40579826  comparison cadence=121739477  difference=0.20875  below=0/3
t=123710967  fraction=0.20875  peak_slope=9.130e-09  t_peak=40579826  comparison cadence=121739477  difference=0.20875  below=0/3
t=123875258  fraction=0.20875  peak_slope=9.130e-09  t_peak=40579826  comparison cadence=121739477  difference=0.20875  below=0/3
t=124039548  fraction=0.20875  peak_slope=9.130e-09  t_peak=40579826  comparison cadence=121739477  difference=0.20875  below=0/3
t=124203839  fraction=0.20875  peak_slope=9.130e-09  t_peak=40579826  comparison cadence=121739477  difference=0.20875  below=0/3
t=124368130  fraction=0.20875  peak_slope=9.130e-09  t_peak=40579826  comparison cadence=121739477  difference=0.20875  below=0/3
t=124532421  fraction=0.20875  peak_slope=9.130e-09  t_peak=40579826  comparison cadence=121739477  difference=0.20875  below=0/3
t=124696712  fraction=0.20875  peak_slope=9.130e-09  t_peak=40579826  comparison cadence=121739477  difference=0.20875  below=0/3
t=124861002  fraction=0.20875  peak_slope=9.130e-09  t_peak=40579826  comparison cadence=121739477  difference=0.20875  below=0/3
t=125025293  fraction=0.20875  peak_slope=9.130e-09  t_peak=40579826  comparison cadence=121739477  difference=0.20875  below=0/3
t=125189584  fraction=0.20875  peak_slope=9.130e-09  t_peak=40579826  comparison cadence=121739477  difference=0.20875  below=0/3
t=125353875  fraction=0.20875  peak_slope=9.130e-09  t_peak=40579826  comparison cadence=121739477  difference=0.20875  below=0/3
t=125518166  fraction=0.20875  peak_slope=9.130e-09  t_peak=40579826  comparison cadence=121739477  difference=0.20875  below=0/3
t=125682456  fraction=0.21000  peak_slope=9.130e-09  t_peak=40579826  comparison cadence=121739477  difference=0.21000  below=0/3
t=125846747  fraction=0.21000  peak_slope=9.130e-09  t_peak=40579826  comparison cadence=121739477  difference=0.21000  below=0/3
t=126011038  fraction=0.21000  peak_slope=9.130e-09  t_peak=40579826  comparison cadence=121739477  difference=0.21000  below=0/3
t=126175329  fraction=0.21125  peak_slope=9.130e-09  t_peak=40579826  comparison cadence=121739477  difference=0.21125  below=0/3
t=126339620  fraction=0.21125  peak_slope=9.130e-09  t_peak=40579826  comparison cadence=121739477  difference=0.21125  below=0/3
t=126503910  fraction=0.21125  peak_slope=9.130e-09  t_peak=40579826  comparison cadence=121739477  difference=0.21125  below=0/3
t=126668201  fraction=0.21125  peak_slope=9.130e-09  t_peak=40579826  comparison cadence=121739477  difference=0.21125  below=0/3
t=126832492  fraction=0.21125  peak_slope=9.130e-09  t_peak=40579826  comparison cadence=121739477  difference=0.21125  below=0/3
t=126996783  fraction=0.21125  peak_slope=9.130e-09  t_peak=40579826  comparison cadence=121739477  difference=0.21125  below=0/3
t=127161074  fraction=0.21125  peak_slope=9.130e-09  t_peak=40579826  comparison cadence=121739477  difference=0.21125  below=0/3
t=127325364  fraction=0.21125  peak_slope=9.130e-09  t_peak=40579826  comparison cadence=121739477  difference=0.21125  below=0/3
t=127489655  fraction=0.21125  peak_slope=9.130e-09  t_peak=40579826  comparison cadence=121739477  difference=0.21125  below=0/3
t=127653946  fraction=0.21250  peak_slope=9.130e-09  t_peak=40579826  comparison cadence=121739477  difference=0.21250  below=0/3
t=127818237  fraction=0.21250  peak_slope=9.130e-09  t_peak=40579826  comparison cadence=121739477  difference=0.21250  below=0/3
t=127982527  fraction=0.21250  peak_slope=9.130e-09  t_peak=40579826  comparison cadence=121739477  difference=0.21250  below=0/3
t=128146818  fraction=0.21250  peak_slope=9.130e-09  t_peak=40579826  comparison cadence=121739477  difference=0.21250  below=0/3
t=128311109  fraction=0.21250  peak_slope=9.130e-09  t_peak=40579826  comparison cadence=121739477  difference=0.21250  below=0/3
t=128475400  fraction=0.21250  peak_slope=9.130e-09  t_peak=40579826  comparison cadence=121739477  difference=0.21250  below=0/3
t=128639691  fraction=0.21250  peak_slope=9.130e-09  t_peak=40579826  comparison cadence=121739477  difference=0.21250  below=0/3
t=128803981  fraction=0.21250  peak_slope=9.130e-09  t_peak=40579826  comparison cadence=121739477  difference=0.21250  below=0/3
t=128968272  fraction=0.21250  peak_slope=9.130e-09  t_peak=40579826  comparison cadence=121739477  difference=0.21250  below=0/3
t=129132563  fraction=0.21250  peak_slope=9.130e-09  t_peak=40579826  comparison cadence=121739477  difference=0.21250  below=0/3
t=129296854  fraction=0.21250  peak_slope=9.130e-09  t_peak=40579826  comparison cadence=121739477  difference=0.21250  below=0/3
t=129461145  fraction=0.21250  peak_slope=9.130e-09  t_peak=40579826  comparison cadence=121739477  difference=0.21250  below=0/3
t=129625435  fraction=0.21250  peak_slope=9.130e-09  t_peak=40579826  comparison cadence=121739477  difference=0.21250  below=0/3
t=129789726  fraction=0.21250  peak_slope=9.130e-09  t_peak=40579826  comparison cadence=121739477  difference=0.21125  below=0/3
t=129954017  fraction=0.21250  peak_slope=9.130e-09  t_peak=40579826  comparison cadence=121739477  difference=0.21125  below=0/3
t=130118308  fraction=0.21250  peak_slope=9.130e-09  t_peak=40579826  comparison cadence=121739477  difference=0.21000  below=0/3
t=130282599  fraction=0.21250  peak_slope=9.130e-09  t_peak=40579826  comparison cadence=121739477  difference=0.21000  below=0/3
t=130446889  fraction=0.21250  peak_slope=9.130e-09  t_peak=40579826  comparison cadence=121739477  difference=0.21000  below=0/3
t=130611180  fraction=0.21250  peak_slope=9.130e-09  t_peak=40579826  comparison cadence=121739477  difference=0.21000  below=0/3
t=130775471  fraction=0.21250  peak_slope=9.130e-09  t_peak=40579826  comparison cadence=121739477  difference=0.21000  below=0/3
t=130939762  fraction=0.21375  peak_slope=9.130e-09  t_peak=40579826  comparison cadence=121739477  difference=0.21125  below=0/3
t=131104053  fraction=0.21375  peak_slope=9.130e-09  t_peak=40579826  comparison cadence=121739477  difference=0.21125  below=0/3
t=131268343  fraction=0.21375  peak_slope=9.130e-09  t_peak=40579826  comparison cadence=121739477  difference=0.21000  below=0/3
t=131432634  fraction=0.21375  peak_slope=9.130e-09  t_peak=40579826  comparison cadence=121739477  difference=0.21000  below=0/3
t=131596925  fraction=0.21375  peak_slope=9.130e-09  t_peak=40579826  comparison cadence=121739477  difference=0.21000  below=0/3
t=131761216  fraction=0.21375  peak_slope=9.130e-09  t_peak=40579826  comparison cadence=121739477  difference=0.21000  below=0/3
t=131925506  fraction=0.21375  peak_slope=9.130e-09  t_peak=40579826  comparison cadence=121739477  difference=0.21000  below=0/3
t=132089797  fraction=0.21375  peak_slope=9.130e-09  t_peak=40579826  comparison cadence=121739477  difference=0.21000  below=0/3
t=132254088  fraction=0.21375  peak_slope=9.130e-09  t_peak=40579826  comparison cadence=121739477  difference=0.21000  below=0/3
t=132418379  fraction=0.21375  peak_slope=9.130e-09  t_peak=40579826  comparison cadence=121739477  difference=0.21000  below=0/3
t=132582670  fraction=0.21375  peak_slope=9.130e-09  t_peak=40579826  comparison cadence=121739477  difference=0.21000  below=0/3
t=132746960  fraction=0.21375  peak_slope=9.130e-09  t_peak=40579826  comparison cadence=121739477  difference=0.21000  below=0/3
t=132911251  fraction=0.21375  peak_slope=9.130e-09  t_peak=40579826  comparison cadence=121739477  difference=0.21000  below=0/3
t=133075542  fraction=0.21375  peak_slope=9.130e-09  t_peak=40579826  comparison cadence=121739477  difference=0.21000  below=0/3
t=133239833  fraction=0.21375  peak_slope=9.130e-09  t_peak=40579826  comparison cadence=121739477  difference=0.21000  below=0/3
t=133404124  fraction=0.21375  peak_slope=9.130e-09  t_peak=40579826  comparison cadence=121739477  difference=0.20875  below=0/3
t=133568414  fraction=0.21375  peak_slope=9.130e-09  t_peak=40579826  comparison cadence=121739477  difference=0.20750  below=0/3
t=133732705  fraction=0.21375  peak_slope=9.130e-09  t_peak=40579826  comparison cadence=121739477  difference=0.20750  below=0/3
t=133896996  fraction=0.21375  peak_slope=9.130e-09  t_peak=40579826  comparison cadence=121739477  difference=0.20750  below=0/3
t=134061287  fraction=0.21375  peak_slope=9.130e-09  t_peak=40579826  comparison cadence=121739477  difference=0.20625  below=0/3
t=134225578  fraction=0.21375  peak_slope=9.130e-09  t_peak=40579826  comparison cadence=121739477  difference=0.20625  below=0/3
t=134389868  fraction=0.21375  peak_slope=9.130e-09  t_peak=40579826  comparison cadence=121739477  difference=0.20500  below=0/3
t=134554159  fraction=0.21375  peak_slope=9.130e-09  t_peak=40579826  comparison cadence=121739477  difference=0.20500  below=0/3
t=134718450  fraction=0.21375  peak_slope=9.130e-09  t_peak=40579826  comparison cadence=121739477  difference=0.20500  below=0/3
t=134882741  fraction=0.21375  peak_slope=9.130e-09  t_peak=40579826  comparison cadence=121739477  difference=0.20250  below=0/3
t=135047032  fraction=0.21500  peak_slope=9.130e-09  t_peak=40579826  comparison cadence=121739477  difference=0.20250  below=0/3
t=135211322  fraction=0.21500  peak_slope=9.130e-09  t_peak=40579826  comparison cadence=121739477  difference=0.20250  below=0/3
t=135375613  fraction=0.21500  peak_slope=9.130e-09  t_peak=40579826  comparison cadence=121739477  difference=0.20125  below=0/3
t=135539904  fraction=0.21500  peak_slope=9.130e-09  t_peak=40579826  comparison cadence=121739477  difference=0.20125  below=0/3
t=135704195  fraction=0.21500  peak_slope=9.130e-09  t_peak=40579826  comparison cadence=121739477  difference=0.20000  below=0/3
t=135868486  fraction=0.21500  peak_slope=9.130e-09  t_peak=40579826  comparison cadence=121739477  difference=0.20000  below=0/3
t=136032776  fraction=0.21500  peak_slope=9.130e-09  t_peak=40579826  comparison cadence=121739477  difference=0.20000  below=0/3
t=136197067  fraction=0.21500  peak_slope=9.130e-09  t_peak=40579826  comparison cadence=121739477  difference=0.20000  below=0/3
t=136361358  fraction=0.21500  peak_slope=9.130e-09  t_peak=40579826  comparison cadence=121739477  difference=0.20000  below=0/3
t=136525649  fraction=0.21500  peak_slope=9.130e-09  t_peak=40579826  comparison cadence=121739477  difference=0.19875  below=0/3
t=136689939  fraction=0.21500  peak_slope=9.130e-09  t_peak=40579826  comparison cadence=121739477  difference=0.19750  below=0/3
t=136854230  fraction=0.21500  peak_slope=9.130e-09  t_peak=40579826  comparison cadence=121739477  difference=0.19750  below=0/3
t=137018521  fraction=0.21500  peak_slope=9.130e-09  t_peak=40579826  comparison cadence=121739477  difference=0.19500  below=0/3
t=137182812  fraction=0.21500  peak_slope=9.130e-09  t_peak=40579826  comparison cadence=121739477  difference=0.19375  below=0/3
t=137347103  fraction=0.21500  peak_slope=9.130e-09  t_peak=40579826  comparison cadence=121739477  difference=0.19250  below=0/3
t=137511393  fraction=0.21500  peak_slope=9.130e-09  t_peak=40579826  comparison cadence=121739477  difference=0.19125  below=0/3
t=137675684  fraction=0.21500  peak_slope=9.130e-09  t_peak=40579826  comparison cadence=121739477  difference=0.19125  below=0/3
t=137839975  fraction=0.21500  peak_slope=9.130e-09  t_peak=40579826  comparison cadence=121739477  difference=0.19000  below=0/3
t=138004266  fraction=0.21500  peak_slope=9.130e-09  t_peak=40579826  comparison cadence=121739477  difference=0.19000  below=0/3
t=138168557  fraction=0.21500  peak_slope=9.130e-09  t_peak=40579826  comparison cadence=121739477  difference=0.19000  below=0/3
t=138332847  fraction=0.21500  peak_slope=9.130e-09  t_peak=40579826  comparison cadence=121739477  difference=0.18875  below=0/3
t=138497138  fraction=0.21500  peak_slope=9.130e-09  t_peak=40579826  comparison cadence=121739477  difference=0.18875  below=0/3
t=138661429  fraction=0.21500  peak_slope=9.130e-09  t_peak=40579826  comparison cadence=121739477  difference=0.18625  below=0/3
t=138825720  fraction=0.21500  peak_slope=9.130e-09  t_peak=40579826  comparison cadence=121739477  difference=0.18625  below=0/3
t=138990011  fraction=0.21500  peak_slope=9.130e-09  t_peak=40579826  comparison cadence=121739477  difference=0.18500  below=0/3
t=139154301  fraction=0.21500  peak_slope=9.130e-09  t_peak=40579826  comparison cadence=121739477  difference=0.18375  below=0/3
t=139318592  fraction=0.21500  peak_slope=9.130e-09  t_peak=40579826  comparison cadence=121739477  difference=0.18375  below=0/3
t=139482883  fraction=0.21500  peak_slope=9.130e-09  t_peak=40579826  comparison cadence=121739477  difference=0.18375  below=0/3
t=139647174  fraction=0.21500  peak_slope=9.130e-09  t_peak=40579826  comparison cadence=121739477  difference=0.18375  below=0/3
t=139811465  fraction=0.21500  peak_slope=9.130e-09  t_peak=40579826  comparison cadence=121739477  difference=0.18375  below=0/3
t=139975755  fraction=0.21500  peak_slope=9.130e-09  t_peak=40579826  comparison cadence=121739477  difference=0.18250  below=0/3
t=140140046  fraction=0.21500  peak_slope=9.130e-09  t_peak=40579826  comparison cadence=121739477  difference=0.18250  below=0/3
t=140304337  fraction=0.21500  peak_slope=9.130e-09  t_peak=40579826  comparison cadence=121739477  difference=0.18250  below=0/3
t=140468628  fraction=0.21500  peak_slope=9.130e-09  t_peak=40579826  comparison cadence=121739477  difference=0.18125  below=0/3
t=140632919  fraction=0.21500  peak_slope=9.130e-09  t_peak=40579826  comparison cadence=121739477  difference=0.18125  below=0/3
t=140797209  fraction=0.21500  peak_slope=9.130e-09  t_peak=40579826  comparison cadence=121739477  difference=0.18125  below=0/3
t=140961500  fraction=0.21500  peak_slope=9.130e-09  t_peak=40579826  comparison cadence=121739477  difference=0.18125  below=0/3
t=141125791  fraction=0.21500  peak_slope=9.130e-09  t_peak=40579826  comparison cadence=121739477  difference=0.18125  below=0/3
t=141290082  fraction=0.21500  peak_slope=9.130e-09  t_peak=40579826  comparison cadence=121739477  difference=0.18125  below=0/3
t=141454372  fraction=0.21500  peak_slope=9.130e-09  t_peak=40579826  comparison cadence=121739477  difference=0.18125  below=0/3
t=141618663  fraction=0.21500  peak_slope=9.130e-09  t_peak=40579826  comparison cadence=121739477  difference=0.18125  below=0/3
t=141782954  fraction=0.21500  peak_slope=9.130e-09  t_peak=40579826  comparison cadence=121739477  difference=0.18125  below=0/3
t=141947245  fraction=0.21500  peak_slope=9.130e-09  t_peak=40579826  comparison cadence=121739477  difference=0.18125  below=0/3
t=142111536  fraction=0.21500  peak_slope=9.130e-09  t_peak=40579826  comparison cadence=121739477  difference=0.18125  below=0/3
t=142275826  fraction=0.21500  peak_slope=9.130e-09  t_peak=40579826  comparison cadence=121739477  difference=0.18000  below=0/3
t=142440117  fraction=0.21500  peak_slope=9.130e-09  t_peak=40579826  comparison cadence=121739477  difference=0.18000  below=0/3
t=142604408  fraction=0.21500  peak_slope=9.130e-09  t_peak=40579826  comparison cadence=121739477  difference=0.17875  below=0/3
t=142768699  fraction=0.21500  peak_slope=9.130e-09  t_peak=40579826  comparison cadence=121739477  difference=0.17875  below=0/3
t=142932990  fraction=0.21500  peak_slope=9.130e-09  t_peak=40579826  comparison cadence=121739477  difference=0.17875  below=0/3
t=143097280  fraction=0.21500  peak_slope=9.130e-09  t_peak=40579826  comparison cadence=121739477  difference=0.17875  below=0/3
t=143261571  fraction=0.21500  peak_slope=9.130e-09  t_peak=40579826  comparison cadence=121739477  difference=0.17875  below=0/3
t=143425862  fraction=0.21500  peak_slope=9.130e-09  t_peak=40579826  comparison cadence=121739477  difference=0.17875  below=0/3
t=143590153  fraction=0.21500  peak_slope=9.130e-09  t_peak=40579826  comparison cadence=121739477  difference=0.17875  below=0/3
t=143754444  fraction=0.21500  peak_slope=9.130e-09  t_peak=40579826  comparison cadence=121739477  difference=0.17875  below=0/3
t=143918734  fraction=0.21500  peak_slope=9.130e-09  t_peak=40579826  comparison cadence=121739477  difference=0.17875  below=0/3
t=144083025  fraction=0.21500  peak_slope=9.130e-09  t_peak=40579826  comparison cadence=121739477  difference=0.17875  below=0/3
t=144247316  fraction=0.21500  peak_slope=9.130e-09  t_peak=40579826  comparison cadence=121739477  difference=0.17875  below=0/3
t=144411607  fraction=0.21500  peak_slope=9.130e-09  t_peak=40579826  comparison cadence=121739477  difference=0.17875  below=0/3
t=144575898  fraction=0.21500  peak_slope=9.130e-09  t_peak=40579826  comparison cadence=121739477  difference=0.17875  below=0/3
t=144740188  fraction=0.21500  peak_slope=9.130e-09  t_peak=40579826  comparison cadence=121739477  difference=0.17875  below=0/3
t=144904479  fraction=0.21500  peak_slope=9.130e-09  t_peak=40579826  comparison cadence=121739477  difference=0.17875  below=0/3
t=145068770  fraction=0.21625  peak_slope=9.130e-09  t_peak=40579826  comparison cadence=121739477  difference=0.17750  below=0/3
t=145233061  fraction=0.21625  peak_slope=9.130e-09  t_peak=40579826  comparison cadence=121739477  difference=0.17500  below=0/3
t=145397351  fraction=0.21625  peak_slope=9.130e-09  t_peak=40579826  comparison cadence=121739477  difference=0.17375  below=0/3
t=145561642  fraction=0.21625  peak_slope=9.130e-09  t_peak=40579826  comparison cadence=121739477  difference=0.17375  below=0/3
t=145725933  fraction=0.21625  peak_slope=9.130e-09  t_peak=40579826  comparison cadence=121739477  difference=0.17375  below=0/3
t=145890224  fraction=0.21625  peak_slope=9.130e-09  t_peak=40579826  comparison cadence=121739477  difference=0.17250  below=0/3
t=146054515  fraction=0.21625  peak_slope=9.130e-09  t_peak=40579826  comparison cadence=121739477  difference=0.17250  below=0/3
t=146218805  fraction=0.21625  peak_slope=9.130e-09  t_peak=40579826  comparison cadence=121739477  difference=0.16875  below=0/3
t=146383096  fraction=0.21625  peak_slope=9.130e-09  t_peak=40579826  comparison cadence=121739477  difference=0.16875  below=0/3
t=146547387  fraction=0.21625  peak_slope=9.130e-09  t_peak=40579826  comparison cadence=121739477  difference=0.16750  below=0/3
t=146711678  fraction=0.21625  peak_slope=9.130e-09  t_peak=40579826  comparison cadence=121739477  difference=0.16625  below=0/3
t=146875969  fraction=0.21625  peak_slope=9.130e-09  t_peak=40579826  comparison cadence=121739477  difference=0.16625  below=0/3
t=147040259  fraction=0.21625  peak_slope=9.130e-09  t_peak=40579826  comparison cadence=121739477  difference=0.16375  below=0/3
t=147204550  fraction=0.21625  peak_slope=9.130e-09  t_peak=40579826  comparison cadence=121739477  difference=0.16250  below=0/3
t=147368841  fraction=0.21625  peak_slope=9.130e-09  t_peak=40579826  comparison cadence=121739477  difference=0.16125  below=0/3
t=147533132  fraction=0.21625  peak_slope=9.130e-09  t_peak=40579826  comparison cadence=121739477  difference=0.16125  below=0/3
t=147697423  fraction=0.21625  peak_slope=9.130e-09  t_peak=40579826  comparison cadence=121739477  difference=0.16000  below=0/3
t=147861713  fraction=0.21625  peak_slope=9.130e-09  t_peak=40579826  comparison cadence=121739477  difference=0.16000  below=0/3
t=148026004  fraction=0.21625  peak_slope=9.130e-09  t_peak=40579826  comparison cadence=121739477  difference=0.16000  below=0/3
t=148190295  fraction=0.21625  peak_slope=9.130e-09  t_peak=40579826  comparison cadence=121739477  difference=0.16000  below=0/3
t=148354586  fraction=0.21625  peak_slope=9.130e-09  t_peak=40579826  comparison cadence=121739477  difference=0.16000  below=0/3
t=148518877  fraction=0.21625  peak_slope=9.130e-09  t_peak=40579826  comparison cadence=121739477  difference=0.15875  below=0/3
t=148683167  fraction=0.21625  peak_slope=9.130e-09  t_peak=40579826  comparison cadence=121739477  difference=0.15750  below=0/3
t=148847458  fraction=0.21625  peak_slope=9.130e-09  t_peak=40579826  comparison cadence=121739477  difference=0.15625  below=0/3
t=149011749  fraction=0.21625  peak_slope=9.130e-09  t_peak=40579826  comparison cadence=121739477  difference=0.15500  below=0/3
t=149176040  fraction=0.21625  peak_slope=9.130e-09  t_peak=40579826  comparison cadence=121739477  difference=0.15500  below=0/3
t=149340331  fraction=0.21625  peak_slope=9.130e-09  t_peak=40579826  comparison cadence=121739477  difference=0.15375  below=0/3
t=149504621  fraction=0.21625  peak_slope=9.130e-09  t_peak=40579826  comparison cadence=121739477  difference=0.15375  below=0/3
t=149668912  fraction=0.21625  peak_slope=9.130e-09  t_peak=40579826  comparison cadence=121739477  difference=0.15250  below=0/3
t=149833203  fraction=0.21625  peak_slope=9.130e-09  t_peak=40579826  comparison cadence=121739477  difference=0.15125  below=0/3
t=149997494  fraction=0.21625  peak_slope=9.130e-09  t_peak=40579826  comparison cadence=121739477  difference=0.15125  below=0/3
t=150161784  fraction=0.21625  peak_slope=9.130e-09  t_peak=40579826  comparison cadence=121739477  difference=0.15000  below=0/3
t=150326075  fraction=0.21625  peak_slope=9.130e-09  t_peak=40579826  comparison cadence=121739477  difference=0.14875  below=0/3
t=150490366  fraction=0.21625  peak_slope=9.130e-09  t_peak=40579826  comparison cadence=121739477  difference=0.14750  below=0/3
t=150654657  fraction=0.21625  peak_slope=9.130e-09  t_peak=40579826  comparison cadence=121739477  difference=0.14750  below=0/3
t=150818948  fraction=0.21625  peak_slope=9.130e-09  t_peak=40579826  comparison cadence=121739477  difference=0.14750  below=0/3
t=150983238  fraction=0.21625  peak_slope=9.130e-09  t_peak=40579826  comparison cadence=121739477  difference=0.14625  below=0/3
t=151147529  fraction=0.21750  peak_slope=9.130e-09  t_peak=40579826  comparison cadence=121739477  difference=0.14750  below=0/3
t=151311820  fraction=0.21750  peak_slope=9.130e-09  t_peak=40579826  comparison cadence=121739477  difference=0.14750  below=0/3
t=151476111  fraction=0.21750  peak_slope=9.130e-09  t_peak=40579826  comparison cadence=121739477  difference=0.14625  below=0/3
t=151640402  fraction=0.21750  peak_slope=9.130e-09  t_peak=40579826  comparison cadence=121739477  difference=0.14625  below=0/3
t=151804692  fraction=0.21750  peak_slope=9.130e-09  t_peak=40579826  comparison cadence=121739477  difference=0.14500  below=0/3
t=151968983  fraction=0.21750  peak_slope=9.130e-09  t_peak=40579826  comparison cadence=121739477  difference=0.14500  below=0/3
t=152133274  fraction=0.21750  peak_slope=9.130e-09  t_peak=40579826  comparison cadence=121739477  difference=0.14500  below=0/3
t=152297565  fraction=0.21750  peak_slope=9.130e-09  t_peak=40579826  comparison cadence=121739477  difference=0.14375  below=0/3
t=152461856  fraction=0.21750  peak_slope=9.130e-09  t_peak=40579826  comparison cadence=121739477  difference=0.14375  below=0/3
t=152626146  fraction=0.21750  peak_slope=9.130e-09  t_peak=40579826  comparison cadence=121739477  difference=0.14375  below=0/3
t=152790437  fraction=0.21750  peak_slope=9.130e-09  t_peak=40579826  comparison cadence=121739477  difference=0.14375  below=0/3
t=152954728  fraction=0.21750  peak_slope=9.130e-09  t_peak=40579826  comparison cadence=121739477  difference=0.14000  below=0/3
t=153119019  fraction=0.21750  peak_slope=9.130e-09  t_peak=40579826  comparison cadence=121739477  difference=0.14000  below=0/3
t=153283310  fraction=0.21750  peak_slope=9.130e-09  t_peak=40579826  comparison cadence=121739477  difference=0.14000  below=0/3
t=153447600  fraction=0.21750  peak_slope=9.130e-09  t_peak=40579826  comparison cadence=121739477  difference=0.14000  below=0/3
t=153611891  fraction=0.21750  peak_slope=9.130e-09  t_peak=40579826  comparison cadence=121739477  difference=0.13875  below=0/3
t=153776182  fraction=0.21750  peak_slope=9.130e-09  t_peak=40579826  comparison cadence=121739477  difference=0.13875  below=0/3
t=153940473  fraction=0.21875  peak_slope=9.130e-09  t_peak=40579826  comparison cadence=121739477  difference=0.14000  below=0/3
t=154104764  fraction=0.21875  peak_slope=9.130e-09  t_peak=40579826  comparison cadence=121739477  difference=0.13875  below=0/3
t=154269054  fraction=0.21875  peak_slope=9.130e-09  t_peak=40579826  comparison cadence=121739477  difference=0.13875  below=0/3
t=154433345  fraction=0.21875  peak_slope=9.130e-09  t_peak=40579826  comparison cadence=121739477  difference=0.13875  below=0/3
t=154597636  fraction=0.21875  peak_slope=9.130e-09  t_peak=40579826  comparison cadence=121739477  difference=0.13875  below=0/3
t=154761927  fraction=0.21875  peak_slope=9.130e-09  t_peak=40579826  comparison cadence=121739477  difference=0.13750  below=0/3
t=154926217  fraction=0.21875  peak_slope=9.130e-09  t_peak=40579826  comparison cadence=121739477  difference=0.13750  below=0/3
t=155090508  fraction=0.21875  peak_slope=9.130e-09  t_peak=40579826  comparison cadence=121739477  difference=0.13750  below=0/3
t=155254799  fraction=0.21875  peak_slope=9.130e-09  t_peak=40579826  comparison cadence=121739477  difference=0.13750  below=0/3
t=155419090  fraction=0.21875  peak_slope=9.130e-09  t_peak=40579826  comparison cadence=121739477  difference=0.13750  below=0/3
t=155583381  fraction=0.21875  peak_slope=9.130e-09  t_peak=40579826  comparison cadence=121739477  difference=0.13625  below=0/3
t=155747671  fraction=0.21875  peak_slope=9.130e-09  t_peak=40579826  comparison cadence=121739477  difference=0.13500  below=0/3
t=155911962  fraction=0.21875  peak_slope=9.130e-09  t_peak=40579826  comparison cadence=121739477  difference=0.13500  below=0/3
t=156076253  fraction=0.21875  peak_slope=9.130e-09  t_peak=40579826  comparison cadence=121739477  difference=0.13500  below=0/3
t=156240544  fraction=0.21875  peak_slope=9.130e-09  t_peak=40579826  comparison cadence=121739477  difference=0.13500  below=0/3
t=156404835  fraction=0.21875  peak_slope=9.130e-09  t_peak=40579826  comparison cadence=121739477  difference=0.13500  below=0/3
t=156569125  fraction=0.21875  peak_slope=9.130e-09  t_peak=40579826  comparison cadence=121739477  difference=0.13500  below=0/3
t=156733416  fraction=0.21875  peak_slope=9.130e-09  t_peak=40579826  comparison cadence=121739477  difference=0.13500  below=0/3
t=156897707  fraction=0.21875  peak_slope=9.130e-09  t_peak=40579826  comparison cadence=121739477  difference=0.13500  below=0/3
t=157061998  fraction=0.21875  peak_slope=9.130e-09  t_peak=40579826  comparison cadence=121739477  difference=0.13375  below=0/3
t=157226289  fraction=0.21875  peak_slope=9.130e-09  t_peak=40579826  comparison cadence=121739477  difference=0.13375  below=0/3
t=157390579  fraction=0.21875  peak_slope=9.130e-09  t_peak=40579826  comparison cadence=121739477  difference=0.13375  below=0/3
t=157554870  fraction=0.21875  peak_slope=9.130e-09  t_peak=40579826  comparison cadence=121739477  difference=0.13375  below=0/3
t=157719161  fraction=0.21875  peak_slope=9.130e-09  t_peak=40579826  comparison cadence=121739477  difference=0.13375  below=0/3
t=157883452  fraction=0.21875  peak_slope=9.130e-09  t_peak=40579826  comparison cadence=121739477  difference=0.13375  below=0/3
t=158047743  fraction=0.21875  peak_slope=9.130e-09  t_peak=40579826  comparison cadence=121739477  difference=0.13375  below=0/3
t=158212033  fraction=0.21875  peak_slope=9.130e-09  t_peak=40579826  comparison cadence=121739477  difference=0.13125  below=0/3
t=158376324  fraction=0.21875  peak_slope=9.130e-09  t_peak=40579826  comparison cadence=121739477  difference=0.13125  below=0/3
t=158540615  fraction=0.21875  peak_slope=9.130e-09  t_peak=40579826  comparison cadence=121739477  difference=0.13000  below=0/3
t=158704906  fraction=0.21875  peak_slope=9.130e-09  t_peak=40579826  comparison cadence=121739477  difference=0.13000  below=0/3
t=158869196  fraction=0.21875  peak_slope=9.130e-09  t_peak=40579826  comparison cadence=121739477  difference=0.13000  below=0/3
t=159033487  fraction=0.21875  peak_slope=9.130e-09  t_peak=40579826  comparison cadence=121739477  difference=0.13000  below=0/3
t=159197778  fraction=0.21875  peak_slope=9.130e-09  t_peak=40579826  comparison cadence=121739477  difference=0.13000  below=0/3
t=159362069  fraction=0.21875  peak_slope=9.130e-09  t_peak=40579826  comparison cadence=121739477  difference=0.13000  below=0/3
t=159526360  fraction=0.21875  peak_slope=9.130e-09  t_peak=40579826  comparison cadence=121739477  difference=0.13000  below=0/3
t=159690650  fraction=0.21875  peak_slope=9.130e-09  t_peak=40579826  comparison cadence=121739477  difference=0.13000  below=0/3
t=159854941  fraction=0.21875  peak_slope=9.130e-09  t_peak=40579826  comparison cadence=121739477  difference=0.13000  below=0/3
t=160019232  fraction=0.21875  peak_slope=9.130e-09  t_peak=40579826  comparison cadence=121739477  difference=0.12875  below=0/3
t=160183523  fraction=0.21875  peak_slope=9.130e-09  t_peak=40579826  comparison cadence=121739477  difference=0.12875  below=0/3
t=160347814  fraction=0.21875  peak_slope=9.130e-09  t_peak=40579826  comparison cadence=121739477  difference=0.12875  below=0/3
t=160512104  fraction=0.21875  peak_slope=9.130e-09  t_peak=40579826  comparison cadence=121739477  difference=0.12750  below=0/3
t=160676395  fraction=0.22000  peak_slope=9.130e-09  t_peak=40579826  comparison cadence=121739477  difference=0.12875  below=0/3
t=160840686  fraction=0.22000  peak_slope=9.130e-09  t_peak=40579826  comparison cadence=121739477  difference=0.12875  below=0/3
t=161004977  fraction=0.22000  peak_slope=9.130e-09  t_peak=40579826  comparison cadence=121739477  difference=0.12750  below=0/3
t=161169268  fraction=0.22000  peak_slope=9.130e-09  t_peak=40579826  comparison cadence=121739477  difference=0.12750  below=0/3
t=161333558  fraction=0.22125  peak_slope=9.130e-09  t_peak=40579826  comparison cadence=121739477  difference=0.12875  below=0/3
t=161497849  fraction=0.22125  peak_slope=9.130e-09  t_peak=40579826  comparison cadence=121739477  difference=0.12875  below=0/3
t=161662140  fraction=0.22125  peak_slope=9.130e-09  t_peak=40579826  comparison cadence=121739477  difference=0.12750  below=0/3
t=161826431  fraction=0.22250  peak_slope=9.130e-09  t_peak=40579826  comparison cadence=121739477  difference=0.12625  below=0/3
t=161990722  fraction=0.22250  peak_slope=9.130e-09  t_peak=40579826  comparison cadence=121739477  difference=0.12625  below=0/3
t=162155012  fraction=0.22250  peak_slope=9.130e-09  t_peak=40579826  comparison cadence=121739477  difference=0.12375  below=0/3
t=162319303  fraction=0.22250  peak_slope=9.130e-09  t_peak=40579826  comparison cadence=121739477  difference=0.12250  below=0/3
t=162483594  fraction=0.22250  peak_slope=9.130e-09  t_peak=40579826  comparison cadence=121739477  difference=0.12250  below=0/3
t=162647885  fraction=0.22250  peak_slope=9.130e-09  t_peak=40579826  comparison cadence=121739477  difference=0.11875  below=0/3
t=162812176  fraction=0.22250  peak_slope=9.130e-09  t_peak=40579826  comparison cadence=121739477  difference=0.11875  below=0/3
t=162976466  fraction=0.22250  peak_slope=9.130e-09  t_peak=40579826  comparison cadence=121739477  difference=0.11750  below=0/3
t=163140757  fraction=0.22250  peak_slope=9.130e-09  t_peak=40579826  comparison cadence=121739477  difference=0.11625  below=0/3
t=163305048  fraction=0.22250  peak_slope=9.130e-09  t_peak=40579826  comparison cadence=121739477  difference=0.11625  below=0/3
t=163469339  fraction=0.22250  peak_slope=9.130e-09  t_peak=40579826  comparison cadence=121739477  difference=0.11625  below=0/3
t=163633629  fraction=0.22250  peak_slope=9.130e-09  t_peak=40579826  comparison cadence=121739477  difference=0.11500  below=0/3
t=163797920  fraction=0.22250  peak_slope=9.130e-09  t_peak=40579826  comparison cadence=121739477  difference=0.11250  below=0/3
t=163962211  fraction=0.22250  peak_slope=9.130e-09  t_peak=40579826  comparison cadence=121739477  difference=0.11000  below=0/3
t=164126502  fraction=0.22250  peak_slope=9.130e-09  t_peak=40579826  comparison cadence=121739477  difference=0.10875  below=0/3
t=164290793  fraction=0.22250  peak_slope=9.130e-09  t_peak=40579826  comparison cadence=121739477  difference=0.10875  below=0/3
t=164455083  fraction=0.22250  peak_slope=9.130e-09  t_peak=40579826  comparison cadence=121739477  difference=0.10750  below=0/3
t=164619374  fraction=0.22250  peak_slope=9.130e-09  t_peak=40579826  comparison cadence=121739477  difference=0.10625  below=0/3
t=164783665  fraction=0.22250  peak_slope=9.130e-09  t_peak=40579826  comparison cadence=121739477  difference=0.10625  below=0/3
t=164947956  fraction=0.22250  peak_slope=9.130e-09  t_peak=40579826  comparison cadence=121739477  difference=0.10625  below=0/3
t=165112247  fraction=0.22250  peak_slope=9.130e-09  t_peak=40579826  comparison cadence=121739477  difference=0.10500  below=0/3
t=165276537  fraction=0.22250  peak_slope=9.130e-09  t_peak=40579826  comparison cadence=121739477  difference=0.10125  below=0/3
t=165440828  fraction=0.22250  peak_slope=9.130e-09  t_peak=40579826  comparison cadence=121739477  difference=0.10125  below=0/3
t=165605119  fraction=0.22250  peak_slope=9.130e-09  t_peak=40579826  comparison cadence=121739477  difference=0.10125  below=0/3
t=165769410  fraction=0.22250  peak_slope=9.130e-09  t_peak=40579826  comparison cadence=121739477  difference=0.10125  below=0/3
t=165933701  fraction=0.22250  peak_slope=9.130e-09  t_peak=40579826  comparison cadence=121739477  difference=0.10125  below=0/3
t=166097991  fraction=0.22250  peak_slope=9.130e-09  t_peak=40579826  comparison cadence=121739477  difference=0.10125  below=0/3
t=166262282  fraction=0.22250  peak_slope=9.130e-09  t_peak=40579826  comparison cadence=121739477  difference=0.10000  below=0/3
t=166426573  fraction=0.22250  peak_slope=9.130e-09  t_peak=40579826  comparison cadence=121739477  difference=0.09875  below=0/3
t=166590864  fraction=0.22250  peak_slope=9.130e-09  t_peak=40579826  comparison cadence=121739477  difference=0.09875  below=0/3
t=166755155  fraction=0.22250  peak_slope=9.130e-09  t_peak=40579826  comparison cadence=121739477  difference=0.09875  below=0/3
t=166919445  fraction=0.22250  peak_slope=9.130e-09  t_peak=40579826  comparison cadence=121739477  difference=0.09875  below=0/3
t=167083736  fraction=0.22250  peak_slope=9.130e-09  t_peak=40579826  comparison cadence=121739477  difference=0.09750  below=0/3
t=167248027  fraction=0.22250  peak_slope=9.130e-09  t_peak=40579826  comparison cadence=121739477  difference=0.09750  below=0/3
t=167412318  fraction=0.22250  peak_slope=9.130e-09  t_peak=40579826  comparison cadence=121739477  difference=0.09625  below=0/3
t=167576609  fraction=0.22250  peak_slope=9.130e-09  t_peak=40579826  comparison cadence=121739477  difference=0.09375  below=0/3
t=167740899  fraction=0.22250  peak_slope=9.130e-09  t_peak=40579826  comparison cadence=121739477  difference=0.09375  below=0/3
t=167905190  fraction=0.22250  peak_slope=9.130e-09  t_peak=40579826  comparison cadence=121739477  difference=0.09375  below=0/3
t=168069481  fraction=0.22250  peak_slope=9.130e-09  t_peak=40579826  comparison cadence=121739477  difference=0.09250  below=0/3
t=168233772  fraction=0.22250  peak_slope=9.130e-09  t_peak=40579826  comparison cadence=121739477  difference=0.09250  below=0/3
t=168398062  fraction=0.22250  peak_slope=9.130e-09  t_peak=40579826  comparison cadence=121739477  difference=0.09125  below=0/3
t=168562353  fraction=0.22250  peak_slope=9.130e-09  t_peak=40579826  comparison cadence=121739477  difference=0.09125  below=0/3
t=168726644  fraction=0.22250  peak_slope=9.130e-09  t_peak=40579826  comparison cadence=121739477  difference=0.09125  below=0/3
t=168890935  fraction=0.22250  peak_slope=9.130e-09  t_peak=40579826  comparison cadence=121739477  difference=0.09000  below=0/3
t=169055226  fraction=0.22250  peak_slope=9.130e-09  t_peak=40579826  comparison cadence=121739477  difference=0.09000  below=0/3
t=169219516  fraction=0.22250  peak_slope=9.130e-09  t_peak=40579826  comparison cadence=121739477  difference=0.09000  below=0/3
t=169383807  fraction=0.22250  peak_slope=9.130e-09  t_peak=40579826  comparison cadence=121739477  difference=0.08875  below=0/3
t=169548098  fraction=0.22250  peak_slope=9.130e-09  t_peak=40579826  comparison cadence=121739477  difference=0.08750  below=0/3
t=169712389  fraction=0.22250  peak_slope=9.130e-09  t_peak=40579826  comparison cadence=121739477  difference=0.08750  below=0/3
t=169876680  fraction=0.22250  peak_slope=9.130e-09  t_peak=40579826  comparison cadence=121739477  difference=0.08750  below=0/3
t=170040970  fraction=0.22250  peak_slope=9.130e-09  t_peak=40579826  comparison cadence=121739477  difference=0.08750  below=0/3
t=170205261  fraction=0.22250  peak_slope=9.130e-09  t_peak=40579826  comparison cadence=121739477  difference=0.08625  below=0/3
t=170369552  fraction=0.22250  peak_slope=9.130e-09  t_peak=40579826  comparison cadence=121739477  difference=0.08625  below=0/3
t=170533843  fraction=0.22250  peak_slope=9.130e-09  t_peak=40579826  comparison cadence=121739477  difference=0.08625  below=0/3
t=170698134  fraction=0.22250  peak_slope=9.130e-09  t_peak=40579826  comparison cadence=121739477  difference=0.08625  below=0/3
t=170862424  fraction=0.22250  peak_slope=9.130e-09  t_peak=40579826  comparison cadence=121739477  difference=0.08625  below=0/3
t=171026715  fraction=0.22250  peak_slope=9.130e-09  t_peak=40579826  comparison cadence=121739477  difference=0.08625  below=0/3
t=171191006  fraction=0.22250  peak_slope=9.130e-09  t_peak=40579826  comparison cadence=121739477  difference=0.08500  below=0/3
t=171355297  fraction=0.22250  peak_slope=9.130e-09  t_peak=40579826  comparison cadence=121739477  difference=0.08500  below=0/3
t=171519588  fraction=0.22250  peak_slope=9.130e-09  t_peak=40579826  comparison cadence=121739477  difference=0.08375  below=0/3
t=171683878  fraction=0.22250  peak_slope=9.130e-09  t_peak=40579826  comparison cadence=121739477  difference=0.08375  below=0/3
t=171848169  fraction=0.22250  peak_slope=9.130e-09  t_peak=40579826  comparison cadence=121739477  difference=0.08375  below=0/3
t=172012460  fraction=0.22250  peak_slope=9.130e-09  t_peak=40579826  comparison cadence=121739477  difference=0.08375  below=0/3
t=172176751  fraction=0.22250  peak_slope=9.130e-09  t_peak=40579826  comparison cadence=121739477  difference=0.08250  below=0/3
t=172341041  fraction=0.22250  peak_slope=9.130e-09  t_peak=40579826  comparison cadence=121739477  difference=0.08125  below=0/3
t=172505332  fraction=0.22250  peak_slope=9.130e-09  t_peak=40579826  comparison cadence=121739477  difference=0.08000  below=0/3
t=172669623  fraction=0.22250  peak_slope=9.130e-09  t_peak=40579826  comparison cadence=121739477  difference=0.08000  below=0/3
t=172833914  fraction=0.22250  peak_slope=9.130e-09  t_peak=40579826  comparison cadence=121739477  difference=0.08000  below=0/3
t=172998205  fraction=0.22250  peak_slope=9.130e-09  t_peak=40579826  comparison cadence=121739477  difference=0.08000  below=0/3
t=173162495  fraction=0.22250  peak_slope=9.130e-09  t_peak=40579826  comparison cadence=121739477  difference=0.08000  below=0/3
t=173326786  fraction=0.22250  peak_slope=9.130e-09  t_peak=40579826  comparison cadence=121739477  difference=0.08000  below=0/3
t=173491077  fraction=0.22250  peak_slope=9.130e-09  t_peak=40579826  comparison cadence=121739477  difference=0.07875  below=0/3
t=173655368  fraction=0.22250  peak_slope=9.130e-09  t_peak=40579826  comparison cadence=121739477  difference=0.07875  below=0/3
t=173819659  fraction=0.22250  peak_slope=9.130e-09  t_peak=40579826  comparison cadence=121739477  difference=0.07875  below=0/3
t=173983949  fraction=0.22250  peak_slope=9.130e-09  t_peak=40579826  comparison cadence=121739477  difference=0.07875  below=0/3
t=174148240  fraction=0.22250  peak_slope=9.130e-09  t_peak=40579826  comparison cadence=121739477  difference=0.07750  below=0/3
t=174312531  fraction=0.22250  peak_slope=9.130e-09  t_peak=40579826  comparison cadence=121739477  difference=0.07625  below=0/3
t=174476822  fraction=0.22250  peak_slope=9.130e-09  t_peak=40579826  comparison cadence=121739477  difference=0.07500  below=0/3
t=174641113  fraction=0.22250  peak_slope=9.130e-09  t_peak=40579826  comparison cadence=121739477  difference=0.07500  below=0/3
t=174805403  fraction=0.22250  peak_slope=9.130e-09  t_peak=40579826  comparison cadence=121739477  difference=0.07500  below=0/3
t=174969694  fraction=0.22250  peak_slope=9.130e-09  t_peak=40579826  comparison cadence=121739477  difference=0.07500  below=0/3
t=175133985  fraction=0.22250  peak_slope=9.130e-09  t_peak=40579826  comparison cadence=121739477  difference=0.07500  below=0/3
t=175298276  fraction=0.22250  peak_slope=9.130e-09  t_peak=40579826  comparison cadence=121739477  difference=0.07500  below=0/3
t=175462567  fraction=0.22250  peak_slope=9.130e-09  t_peak=40579826  comparison cadence=121739477  difference=0.07500  below=0/3
t=175626857  fraction=0.22250  peak_slope=9.130e-09  t_peak=40579826  comparison cadence=121739477  difference=0.07375  below=0/3
t=175791148  fraction=0.22250  peak_slope=9.130e-09  t_peak=40579826  comparison cadence=121739477  difference=0.07375  below=0/3
t=175955439  fraction=0.22250  peak_slope=9.130e-09  t_peak=40579826  comparison cadence=121739477  difference=0.07375  below=0/3
t=176119730  fraction=0.22250  peak_slope=9.130e-09  t_peak=40579826  comparison cadence=121739477  difference=0.07375  below=0/3
t=176284021  fraction=0.22250  peak_slope=9.130e-09  t_peak=40579826  comparison cadence=121739477  difference=0.07375  below=0/3
t=176448311  fraction=0.22250  peak_slope=9.130e-09  t_peak=40579826  comparison cadence=121739477  difference=0.07375  below=0/3
t=176612602  fraction=0.22250  peak_slope=9.130e-09  t_peak=40579826  comparison cadence=121739477  difference=0.07375  below=0/3
t=176776893  fraction=0.22250  peak_slope=9.130e-09  t_peak=40579826  comparison cadence=121739477  difference=0.07375  below=0/3
t=176941184  fraction=0.22250  peak_slope=9.130e-09  t_peak=40579826  comparison cadence=121739477  difference=0.07375  below=0/3
t=177105474  fraction=0.22250  peak_slope=9.130e-09  t_peak=40579826  comparison cadence=121739477  difference=0.07375  below=0/3
t=177269765  fraction=0.22250  peak_slope=9.130e-09  t_peak=40579826  comparison cadence=121739477  difference=0.07375  below=0/3
t=177434056  fraction=0.22250  peak_slope=9.130e-09  t_peak=40579826  comparison cadence=121739477  difference=0.07375  below=0/3
t=177598347  fraction=0.22250  peak_slope=9.130e-09  t_peak=40579826  comparison cadence=121739477  difference=0.07375  below=0/3
t=177762638  fraction=0.22250  peak_slope=9.130e-09  t_peak=40579826  comparison cadence=121739477  difference=0.07250  below=0/3
t=177926928  fraction=0.22250  peak_slope=9.130e-09  t_peak=40579826  comparison cadence=121739477  difference=0.07250  below=0/3
t=178091219  fraction=0.22250  peak_slope=9.130e-09  t_peak=40579826  comparison cadence=121739477  difference=0.07000  below=0/3
t=178255510  fraction=0.22250  peak_slope=9.130e-09  t_peak=40579826  comparison cadence=121739477  difference=0.07000  below=0/3
t=178419801  fraction=0.22250  peak_slope=9.130e-09  t_peak=40579826  comparison cadence=121739477  difference=0.06875  below=0/3
t=178584092  fraction=0.22250  peak_slope=9.130e-09  t_peak=40579826  comparison cadence=121739477  difference=0.06750  below=0/3
t=178748382  fraction=0.22250  peak_slope=9.130e-09  t_peak=40579826  comparison cadence=121739477  difference=0.06625  below=0/3
t=178912673  fraction=0.22250  peak_slope=9.130e-09  t_peak=40579826  comparison cadence=121739477  difference=0.06500  below=0/3
t=179076964  fraction=0.22250  peak_slope=9.130e-09  t_peak=40579826  comparison cadence=121739477  difference=0.06500  below=0/3
t=179241255  fraction=0.22250  peak_slope=9.130e-09  t_peak=40579826  comparison cadence=121739477  difference=0.06500  below=0/3
t=179405546  fraction=0.22250  peak_slope=9.130e-09  t_peak=40579826  comparison cadence=121739477  difference=0.06500  below=0/3
t=179569836  fraction=0.22250  peak_slope=9.130e-09  t_peak=40579826  comparison cadence=121739477  difference=0.06500  below=0/3
t=179734127  fraction=0.22375  peak_slope=9.130e-09  t_peak=40579826  comparison cadence=121739477  difference=0.06625  below=0/3
t=179898418  fraction=0.22375  peak_slope=9.130e-09  t_peak=40579826  comparison cadence=121739477  difference=0.06625  below=0/3
t=180062709  fraction=0.22375  peak_slope=9.130e-09  t_peak=40579826  comparison cadence=121739477  difference=0.06625  below=0/3
t=180227000  fraction=0.22375  peak_slope=9.130e-09  t_peak=40579826  comparison cadence=121739477  difference=0.06625  below=0/3
t=180391290  fraction=0.22375  peak_slope=9.130e-09  t_peak=40579826  comparison cadence=121739477  difference=0.06625  below=0/3
t=180555581  fraction=0.22375  peak_slope=9.130e-09  t_peak=40579826  comparison cadence=121739477  difference=0.06500  below=0/3
t=180719872  fraction=0.22375  peak_slope=9.130e-09  t_peak=40579826  comparison cadence=121739477  difference=0.06500  below=0/3
t=180884163  fraction=0.22375  peak_slope=9.130e-09  t_peak=40579826  comparison cadence=121739477  difference=0.06500  below=0/3
t=181048453  fraction=0.22375  peak_slope=9.130e-09  t_peak=40579826  comparison cadence=121739477  difference=0.06500  below=0/3
t=181212744  fraction=0.22375  peak_slope=9.130e-09  t_peak=40579826  comparison cadence=121739477  difference=0.06500  below=0/3
t=181377035  fraction=0.22375  peak_slope=9.130e-09  t_peak=40579826  comparison cadence=121739477  difference=0.06500  below=0/3
t=181541326  fraction=0.22375  peak_slope=9.130e-09  t_peak=40579826  comparison cadence=121739477  difference=0.06500  below=0/3
t=181705617  fraction=0.22375  peak_slope=9.130e-09  t_peak=40579826  comparison cadence=121739477  difference=0.06375  below=0/3
t=181869907  fraction=0.22375  peak_slope=9.130e-09  t_peak=40579826  comparison cadence=121739477  difference=0.06250  below=0/3
t=182034198  fraction=0.22375  peak_slope=9.130e-09  t_peak=40579826  comparison cadence=121739477  difference=0.06250  below=0/3
t=182198489  fraction=0.22375  peak_slope=9.130e-09  t_peak=40579826  comparison cadence=121739477  difference=0.06125  below=0/3
t=182362780  fraction=0.22375  peak_slope=9.130e-09  t_peak=40579826  comparison cadence=121739477  difference=0.06125  below=0/3
t=182527071  fraction=0.22375  peak_slope=9.130e-09  t_peak=40579826  comparison cadence=121739477  difference=0.06125  below=0/3
t=182691361  fraction=0.22375  peak_slope=9.130e-09  t_peak=40579826  comparison cadence=121739477  difference=0.06125  below=0/3
t=182855652  fraction=0.22500  peak_slope=9.130e-09  t_peak=40579826  comparison cadence=121739477  difference=0.06250  below=0/3
t=183019943  fraction=0.22500  peak_slope=9.130e-09  t_peak=40579826  comparison cadence=121739477  difference=0.06250  below=0/3
t=183184234  fraction=0.22500  peak_slope=9.130e-09  t_peak=40579826  comparison cadence=121739477  difference=0.06125  below=0/3
t=183348525  fraction=0.22500  peak_slope=9.130e-09  t_peak=40579826  comparison cadence=121739477  difference=0.06125  below=0/3
t=183512815  fraction=0.22500  peak_slope=9.130e-09  t_peak=40579826  comparison cadence=121739477  difference=0.06125  below=0/3
t=183677106  fraction=0.22500  peak_slope=9.130e-09  t_peak=40579826  comparison cadence=121739477  difference=0.06125  below=0/3
t=183841397  fraction=0.22500  peak_slope=9.130e-09  t_peak=40579826  comparison cadence=121739477  difference=0.06125  below=0/3
t=184005688  fraction=0.22500  peak_slope=9.130e-09  t_peak=40579826  comparison cadence=121739477  difference=0.06125  below=0/3
t=184169979  fraction=0.22500  peak_slope=9.130e-09  t_peak=40579826  comparison cadence=121739477  difference=0.06125  below=0/3
t=184334269  fraction=0.22500  peak_slope=9.130e-09  t_peak=40579826  comparison cadence=121739477  difference=0.06125  below=0/3
t=184498560  fraction=0.22500  peak_slope=9.130e-09  t_peak=40579826  comparison cadence=121739477  difference=0.06125  below=0/3
t=184662851  fraction=0.22500  peak_slope=9.130e-09  t_peak=40579826  comparison cadence=121739477  difference=0.06125  below=0/3
t=184827142  fraction=0.22625  peak_slope=9.130e-09  t_peak=40579826  comparison cadence=121739477  difference=0.06250  below=0/3
t=184991433  fraction=0.22625  peak_slope=9.130e-09  t_peak=40579826  comparison cadence=121739477  difference=0.06250  below=0/3
t=185155723  fraction=0.22625  peak_slope=9.130e-09  t_peak=40579826  comparison cadence=121739477  difference=0.06250  below=0/3
t=185320014  fraction=0.22750  peak_slope=9.130e-09  t_peak=40579826  comparison cadence=121739477  difference=0.06375  below=0/3
t=185484305  fraction=0.22750  peak_slope=9.130e-09  t_peak=40579826  comparison cadence=121739477  difference=0.06375  below=0/3
t=185648596  fraction=0.22750  peak_slope=9.130e-09  t_peak=40579826  comparison cadence=121739477  difference=0.06375  below=0/3
t=185812886  fraction=0.22750  peak_slope=9.130e-09  t_peak=40579826  comparison cadence=121739477  difference=0.06125  below=0/3
t=185977177  fraction=0.22750  peak_slope=9.130e-09  t_peak=40579826  comparison cadence=121739477  difference=0.06125  below=0/3
t=186141468  fraction=0.22750  peak_slope=9.130e-09  t_peak=40579826  comparison cadence=121739477  difference=0.06125  below=0/3
t=186305759  fraction=0.22750  peak_slope=9.130e-09  t_peak=40579826  comparison cadence=121739477  difference=0.06125  below=0/3
t=186470050  fraction=0.22750  peak_slope=9.130e-09  t_peak=40579826  comparison cadence=121739477  difference=0.06125  below=0/3
t=186634340  fraction=0.22750  peak_slope=9.130e-09  t_peak=40579826  comparison cadence=121739477  difference=0.05875  below=0/3
t=186798631  fraction=0.22750  peak_slope=9.130e-09  t_peak=40579826  comparison cadence=121739477  difference=0.05875  below=0/3
t=186962922  fraction=0.22750  peak_slope=9.130e-09  t_peak=40579826  comparison cadence=121739477  difference=0.05750  below=0/3
t=187127213  fraction=0.22750  peak_slope=9.130e-09  t_peak=40579826  comparison cadence=121739477  difference=0.05750  below=0/3
t=187291504  fraction=0.22750  peak_slope=9.130e-09  t_peak=40579826  comparison cadence=121739477  difference=0.05750  below=0/3
t=187455794  fraction=0.22750  peak_slope=9.130e-09  t_peak=40579826  comparison cadence=121739477  difference=0.05625  below=0/3
t=187620085  fraction=0.22750  peak_slope=9.130e-09  t_peak=40579826  comparison cadence=121739477  difference=0.05625  below=0/3
t=187784376  fraction=0.22750  peak_slope=9.130e-09  t_peak=40579826  comparison cadence=121739477  difference=0.05625  below=0/3
t=187948667  fraction=0.22750  peak_slope=9.130e-09  t_peak=40579826  comparison cadence=121739477  difference=0.05625  below=0/3
t=188112958  fraction=0.22750  peak_slope=9.130e-09  t_peak=40579826  comparison cadence=121739477  difference=0.05625  below=0/3
t=188277248  fraction=0.22750  peak_slope=9.130e-09  t_peak=40579826  comparison cadence=121739477  difference=0.05625  below=0/3
t=188441539  fraction=0.22750  peak_slope=9.130e-09  t_peak=40579826  comparison cadence=121739477  difference=0.05625  below=0/3
t=188605830  fraction=0.22750  peak_slope=9.130e-09  t_peak=40579826  comparison cadence=121739477  difference=0.05625  below=0/3
t=188770121  fraction=0.22750  peak_slope=9.130e-09  t_peak=40579826  comparison cadence=121739477  difference=0.05625  below=0/3
t=188934412  fraction=0.22750  peak_slope=9.130e-09  t_peak=40579826  comparison cadence=121739477  difference=0.05625  below=0/3
t=189098702  fraction=0.22750  peak_slope=9.130e-09  t_peak=40579826  comparison cadence=121739477  difference=0.05625  below=0/3
t=189262993  fraction=0.22750  peak_slope=9.130e-09  t_peak=40579826  comparison cadence=121739477  difference=0.05625  below=0/3
t=189427284  fraction=0.22750  peak_slope=9.130e-09  t_peak=40579826  comparison cadence=121739477  difference=0.05625  below=0/3
t=189591575  fraction=0.22750  peak_slope=9.130e-09  t_peak=40579826  comparison cadence=121739477  difference=0.05625  below=0/3
t=189755866  fraction=0.22750  peak_slope=9.130e-09  t_peak=40579826  comparison cadence=121739477  difference=0.05625  below=0/3
t=189920156  fraction=0.22750  peak_slope=9.130e-09  t_peak=40579826  comparison cadence=121739477  difference=0.05625  below=0/3
t=190084447  fraction=0.22750  peak_slope=9.130e-09  t_peak=40579826  comparison cadence=121739477  difference=0.05625  below=0/3
t=190248738  fraction=0.22750  peak_slope=9.130e-09  t_peak=40579826  comparison cadence=121739477  difference=0.05625  below=0/3
t=190413029  fraction=0.22750  peak_slope=9.130e-09  t_peak=40579826  comparison cadence=121739477  difference=0.05625  below=0/3
t=190577319  fraction=0.22750  peak_slope=9.130e-09  t_peak=40579826  comparison cadence=121739477  difference=0.05625  below=0/3
t=190741610  fraction=0.22750  peak_slope=9.130e-09  t_peak=40579826  comparison cadence=121739477  difference=0.05625  below=0/3
t=190905901  fraction=0.22750  peak_slope=9.130e-09  t_peak=40579826  comparison cadence=121739477  difference=0.05625  below=0/3
t=191070192  fraction=0.22750  peak_slope=9.130e-09  t_peak=40579826  comparison cadence=121739477  difference=0.05625  below=0/3
t=191234483  fraction=0.22750  peak_slope=9.130e-09  t_peak=40579826  comparison cadence=121739477  difference=0.05625  below=0/3
t=191398773  fraction=0.22750  peak_slope=9.130e-09  t_peak=40579826  comparison cadence=121739477  difference=0.05625  below=0/3
t=191563064  fraction=0.22750  peak_slope=9.130e-09  t_peak=40579826  comparison cadence=121739477  difference=0.05625  below=0/3
t=191727355  fraction=0.22750  peak_slope=9.130e-09  t_peak=40579826  comparison cadence=121739477  difference=0.05625  below=0/3
t=191891646  fraction=0.22750  peak_slope=9.130e-09  t_peak=40579826  comparison cadence=121739477  difference=0.05500  below=0/3
t=192055937  fraction=0.22750  peak_slope=9.130e-09  t_peak=40579826  comparison cadence=121739477  difference=0.05500  below=0/3
t=192220227  fraction=0.22750  peak_slope=9.130e-09  t_peak=40579826  comparison cadence=121739477  difference=0.05500  below=0/3
t=192384518  fraction=0.22750  peak_slope=9.130e-09  t_peak=40579826  comparison cadence=121739477  difference=0.05375  below=0/3
t=192548809  fraction=0.22750  peak_slope=9.130e-09  t_peak=40579826  comparison cadence=121739477  difference=0.05375  below=0/3
t=192713100  fraction=0.22750  peak_slope=9.130e-09  t_peak=40579826  comparison cadence=121739477  difference=0.05375  below=0/3
t=192877391  fraction=0.22750  peak_slope=9.130e-09  t_peak=40579826  comparison cadence=121739477  difference=0.05375  below=0/3
t=193041681  fraction=0.22750  peak_slope=9.130e-09  t_peak=40579826  comparison cadence=121739477  difference=0.05375  below=0/3
t=193205972  fraction=0.22750  peak_slope=9.130e-09  t_peak=40579826  comparison cadence=121739477  difference=0.05375  below=0/3
t=193370263  fraction=0.22750  peak_slope=9.130e-09  t_peak=40579826  comparison cadence=121739477  difference=0.05125  below=0/3
t=193534554  fraction=0.22750  peak_slope=9.130e-09  t_peak=40579826  comparison cadence=121739477  difference=0.05000  below=0/3
t=193698845  fraction=0.22750  peak_slope=9.130e-09  t_peak=40579826  comparison cadence=121739477  difference=0.05000  below=0/3
t=193863135  fraction=0.22750  peak_slope=9.130e-09  t_peak=40579826  comparison cadence=121739477  difference=0.05000  below=0/3
t=194027426  fraction=0.22750  peak_slope=9.130e-09  t_peak=40579826  comparison cadence=121739477  difference=0.04875  below=0/3
t=194191717  fraction=0.22750  peak_slope=9.130e-09  t_peak=40579826  comparison cadence=121739477  difference=0.04750  below=0/3
t=194356008  fraction=0.22750  peak_slope=9.130e-09  t_peak=40579826  comparison cadence=121739477  difference=0.04750  below=0/3
t=194520298  fraction=0.22750  peak_slope=9.130e-09  t_peak=40579826  comparison cadence=121739477  difference=0.04750  below=0/3
t=194684589  fraction=0.22750  peak_slope=9.130e-09  t_peak=40579826  comparison cadence=121739477  difference=0.04750  below=0/3
t=194848880  fraction=0.22750  peak_slope=9.130e-09  t_peak=40579826  comparison cadence=121739477  difference=0.04750  below=0/3
t=195013171  fraction=0.22750  peak_slope=9.130e-09  t_peak=40579826  comparison cadence=121739477  difference=0.04750  below=0/3
t=195177462  fraction=0.22750  peak_slope=9.130e-09  t_peak=40579826  comparison cadence=121739477  difference=0.04750  below=0/3
t=195341752  fraction=0.22750  peak_slope=9.130e-09  t_peak=40579826  comparison cadence=121739477  difference=0.04750  below=0/3
t=195506043  fraction=0.22750  peak_slope=9.130e-09  t_peak=40579826  comparison cadence=121739477  difference=0.04750  below=0/3
t=195670334  fraction=0.22750  peak_slope=9.130e-09  t_peak=40579826  comparison cadence=121739477  difference=0.04750  below=0/3
t=195834625  fraction=0.22750  peak_slope=9.130e-09  t_peak=40579826  comparison cadence=121739477  difference=0.04750  below=0/3
t=195998916  fraction=0.22750  peak_slope=9.130e-09  t_peak=40579826  comparison cadence=121739477  difference=0.04750  below=0/3
t=196163206  fraction=0.22750  peak_slope=9.130e-09  t_peak=40579826  comparison cadence=121739477  difference=0.04750  below=0/3
t=196327497  fraction=0.22750  peak_slope=9.130e-09  t_peak=40579826  comparison cadence=121739477  difference=0.04750  below=0/3
t=196491788  fraction=0.22750  peak_slope=9.130e-09  t_peak=40579826  comparison cadence=121739477  difference=0.04750  below=0/3
t=196656079  fraction=0.22750  peak_slope=9.130e-09  t_peak=40579826  comparison cadence=121739477  difference=0.04750  below=0/3
t=196820370  fraction=0.22750  peak_slope=9.130e-09  t_peak=40579826  comparison cadence=121739477  difference=0.04750  below=0/3
t=196984660  fraction=0.22750  peak_slope=9.130e-09  t_peak=40579826  comparison cadence=121739477  difference=0.04750  below=0/3
t=197148951  fraction=0.22750  peak_slope=9.130e-09  t_peak=40579826  comparison cadence=121739477  difference=0.04500  below=0/3
t=197313242  fraction=0.22750  peak_slope=9.130e-09  t_peak=40579826  comparison cadence=121739477  difference=0.04375  below=0/3
t=197477533  fraction=0.22750  peak_slope=9.130e-09  t_peak=40579826  comparison cadence=121739477  difference=0.04375  below=0/3
t=197641824  fraction=0.22750  peak_slope=9.130e-09  t_peak=40579826  comparison cadence=121739477  difference=0.04250  below=0/3
t=197806114  fraction=0.22750  peak_slope=9.130e-09  t_peak=40579826  comparison cadence=121739477  difference=0.04250  below=0/3
t=197970405  fraction=0.22750  peak_slope=9.130e-09  t_peak=40579826  comparison cadence=121739477  difference=0.04125  below=0/3
t=198134696  fraction=0.22750  peak_slope=9.130e-09  t_peak=40579826  comparison cadence=121739477  difference=0.04125  below=0/3
t=198298987  fraction=0.22750  peak_slope=9.130e-09  t_peak=40579826  comparison cadence=121739477  difference=0.04000  below=0/3
t=198463278  fraction=0.22750  peak_slope=9.130e-09  t_peak=40579826  comparison cadence=121739477  difference=0.04000  below=0/3
t=198627568  fraction=0.22750  peak_slope=9.130e-09  t_peak=40579826  comparison cadence=121739477  difference=0.04000  below=0/3
t=198791859  fraction=0.22750  peak_slope=9.130e-09  t_peak=40579826  comparison cadence=121739477  difference=0.04000  below=0/3
t=198956150  fraction=0.22750  peak_slope=9.130e-09  t_peak=40579826  comparison cadence=121739477  difference=0.04000  below=0/3
t=199120441  fraction=0.22750  peak_slope=9.130e-09  t_peak=40579826  comparison cadence=121739477  difference=0.04000  below=0/3
t=199284731  fraction=0.22750  peak_slope=9.130e-09  t_peak=40579826  comparison cadence=121739477  difference=0.04000  below=0/3
t=199449022  fraction=0.22750  peak_slope=9.130e-09  t_peak=40579826  comparison cadence=121739477  difference=0.04000  below=0/3
t=199613313  fraction=0.22750  peak_slope=9.130e-09  t_peak=40579826  comparison cadence=121739477  difference=0.04000  below=0/3
t=199777604  fraction=0.22750  peak_slope=9.130e-09  t_peak=40579826  comparison cadence=121739477  difference=0.04000  below=0/3
t=199941895  fraction=0.22750  peak_slope=9.130e-09  t_peak=40579826  comparison cadence=121739477  difference=0.04000  below=0/3
t=200106185  fraction=0.22750  peak_slope=9.130e-09  t_peak=40579826  comparison cadence=121739477  difference=0.04000  below=0/3
t=200270476  fraction=0.22750  peak_slope=9.130e-09  t_peak=40579826  comparison cadence=121739477  difference=0.04000  below=0/3
t=200434767  fraction=0.22750  peak_slope=9.130e-09  t_peak=40579826  comparison cadence=121739477  difference=0.04000  below=0/3
t=200599058  fraction=0.22750  peak_slope=9.130e-09  t_peak=40579826  comparison cadence=121739477  difference=0.04000  below=0/3
t=200763349  fraction=0.22750  peak_slope=9.130e-09  t_peak=40579826  comparison cadence=121739477  difference=0.04000  below=0/3
t=200927639  fraction=0.22750  peak_slope=9.130e-09  t_peak=40579826  comparison cadence=121739477  difference=0.04000  below=0/3
t=201091930  fraction=0.22750  peak_slope=9.130e-09  t_peak=40579826  comparison cadence=121739477  difference=0.04000  below=0/3
t=201256221  fraction=0.22750  peak_slope=9.130e-09  t_peak=40579826  comparison cadence=121739477  difference=0.04000  below=0/3
t=201420512  fraction=0.22750  peak_slope=9.130e-09  t_peak=40579826  comparison cadence=121739477  difference=0.04000  below=0/3
t=201584803  fraction=0.22750  peak_slope=9.130e-09  t_peak=40579826  comparison cadence=121739477  difference=0.04000  below=0/3
t=201749093  fraction=0.22750  peak_slope=9.130e-09  t_peak=40579826  comparison cadence=121739477  difference=0.04000  below=0/3
t=201913384  fraction=0.22750  peak_slope=9.130e-09  t_peak=40579826  comparison cadence=121739477  difference=0.03750  below=1/3
t=202077675  fraction=0.22750  peak_slope=9.130e-09  t_peak=40579826  comparison cadence=121739477  difference=0.03750  below=2/3
t=202241966  fraction=0.22750  peak_slope=9.130e-09  t_peak=40579826  comparison cadence=121739477  difference=0.03750  below=3/3
Stopping at t=202241965.7517705
Saved 617 remaining particles to /scratch/group/p.phy260085.000/Mass_Fraction/Outputs/Ejection_Results/remaining_particles_2187505_5.csv
