==========================================
Mass Fraction MPI Run
==========================================
Date:               Sun Oct  4 20:44:01 CDT 2026
Host:               ac002
Array job ID:       2187513
Array task ID:      2
MPI ranks:          4
CPUs per task:      1
Nodes allocated:    1
Python:             /scratch/user/u.hm357857/.conda/envs/comets/bin/python
Conda environment:  /scratch/user/u.hm357857/.conda/envs/comets
==========================================

122.63280125859222
52.80182121475067
77.70534267503612
124.77847716878719
122.01014957569262
31.523866415265477
73.92812830519327
82.9140884994759
106.20955035493765
96.41353550577159
32.3838685170426
26.239880722470954
64.01258120919266
45.16839160569799
46.3833164352382
88.79498567425942
48.86929389674697
74.14789511374696
85.96135008519622
78.70410299212605
90.11158575523986
101.86854311086665
109.13374102374806
117.70083621670436
44.20777095546349
105.87453721144222
69.11242853751178
81.2336198307091
106.39955693495651
81.92985095246354
35.33825901052393
111.59653201234708
98.33161949895208
122.65714158045246
62.43053235136803
52.33081303592172
74.29858811232472
92.72893015135419
62.680045143398345
26.65217677897722
73.54642572133956
116.88514172151693
93.7934838394486
33.22926618661802
35.50237164689951
93.20009104673176
108.88555302280292
93.4803094637715
43.49850556380318
55.32354653270133
89.95005235860559
109.06963826526346
88.6371038094984
34.99643889798835
50.680640704708495
100.13258030926842
116.54829529898007
33.92291634281458
56.089967162820344
108.20934158273828
40.7417367867122
85.96360171013261
114.05519004608621
40.80481800325178
62.92946430575751
64.38793940252012
120.89254029757909
119.56979652701139
64.1799865646979
106.13687278859318
48.23240678446116
84.55475933844154
113.05556537587866
82.4772105250368
85.9873482653145
119.33349188742754
110.35104114260974
42.21642368318258
39.634766532224816
114.80027739107449
108.09992478063651
107.71156584326272
71.21815498147461
80.02783423935013
50.02535811351074
65.43477365672223
59.811907358283534
82.01563770238482
64.54536348093818
61.52791054799346
122.2802383024265
82.79451356446236
70.52284559274909
77.90719318500652
121.95126928924957
110.99539514231284
121.1027037971205
85.34315897878939
29.33394429029348
73.09928395794776
86.70823495607405
108.43570369789414
83.29470414423506
89.96196856827045
42.448711776120106
113.63690576627832
74.64915327966173
57.200138634060394
79.22361236234502
47.78122840275567
77.6737712687368
69.23457167837083
70.19055030463323
66.11360804129748
65.73720560055716
55.452178494038385
51.11342840489074
75.12021050199749
83.75833323956743
54.51094310493322
66.5874604078694
25.303082843685132
108.53039682183362
64.17769685771313
87.4777780153644
120.51973892770167
101.43067655701662
117.38638792425745
99.60839420410859
103.45731376493009
63.15089180050513
57.58750503013018
116.26721592021528
37.350937407352625
91.43876506197084
106.34397820066961
39.52112873563295
90.23320283731249
89.00880399028941
124.95555934634191
101.71588590656071
55.30617759296798
71.42383041467116
101.31711390802829
85.13628483711688
118.71998285001608
102.06452362239074
124.26980007207501
79.0892080793958
124.86772491320295
102.50832555456492
49.12887070094156
63.33274527478763
123.18441347545608
86.64851017425772
49.48565113926604
73.7237837552789
122.72287346086688
85.29605271246669
110.67142975542392
97.92207902421144
25.70652451998894
97.5516985029378
58.55234519590648
61.479402218460045
106.29898324294739
100.32900005332876
96.00750312586288
72.97031063304871
42.00623074399049
74.65923941307148
81.80699356727135
89.10740552982774
102.98740516171038
80.69828675917725
105.7025228171738
33.669978744706754
61.116343922110715
104.81128303653843
78.64285098285559
44.3210649870177
37.66698909653135
56.41870804769101
92.42717287676271
35.513892935591706
30.041754775214613
68.58491645761495
115.0813823494602
64.5725469584983
116.15686863614077
74.43641930044774
82.70021974398297
66.81952448403469
96.69306727597929
31.628088301657964
66.96774431533305
41.21870972703526
95.41729844263577
90.25180691263165
43.110344070766985
83.93429333849615
58.01290234947045
87.42015238739842
122.225022056334
92.35080431154059
34.96756923356817
65.13269528788874
123.37776316906726
115.0110428973232
31.786752162555032
65.75296801983308
80.19003768663455
37.85823452548396
53.966383353943456
65.69064430105043
84.9949323252736
99.38114567505508
118.75616877720829
59.14236779931616
31.16587197932507
87.17728073293594
105.50639693235355
88.78870259762871
105.59099568962118
57.88966761347359
77.89824703219666
35.868127868430975
81.76427806509074
86.02816873683292
78.77123681163269
94.38763712132247
68.78797408725181
33.46152248314198
40.85279945702281
84.63526867621431
84.35778815559796
61.476843670890226
53.612151315339034
102.77706362205159
27.490915714131102
82.09138048871276
58.407011020710755
108.67032060933136
107.47417286235633
33.69300418566935
51.70822846134163
30.423172417528544
123.52217173105208
80.06333157780435
48.566421675423555
77.57736351419383
62.64499555263991
29.837621073646012
28.015241429896598
124.78835405768157
42.1275893960678
60.78608977495452
54.428203771813415
122.82133041439597
62.02343153680091
78.86910079651403
124.12509714017365
28.94392011004371
76.79296167470058
98.82087120882586
72.85334673086615
67.49306034562346
72.56158833968385
54.93104026057178
120.88278091386913
116.38921661801609
70.28902575331942
72.93407984408569
46.876681833341316
74.74864913074978
111.04900313352131
28.619562288192334
51.49233599091614
104.60683579198005
48.0724881897885
73.91380738933141
70.42442988756639
51.81804108674885
39.8791922975661
85.75122076419282
59.42774919225718
61.57822064963323
85.21983176527671
96.99763090823247
79.78296579532199
30.55018556480085
98.59902252065984
83.26968864042394
122.47428841841891
46.54050002141593
52.90704262381543
61.41565648965551
75.56376888166804
113.0447930554901
62.84898947736943
39.82503413530396
32.12949371814352
39.640812987830174
35.29918074945773
112.80574693528752
61.290375777663975
95.93152832544456
111.48525088375304
29.493358002599802
70.35760327719133
40.50626809349357
87.21243388038951
35.74294320547765
33.48925144109974
87.5186983452238
117.52514279795943
48.0543643897297
109.99437827273282
43.62320784032929
100.14755014478396
25.70956544941764
56.902851521810675
32.40743008503425
117.43905133639018
88.17556815125405
33.90104152766394
94.44185159525446
90.64656449561413
113.44246698775568
28.690085319655868
31.685889389794532
35.946787276672175
31.425645655377043
84.78229210751934
31.824775608707668
62.68039507413851
103.05082543645142
54.77632180139237
62.09008149126796
37.68369135841603
113.7339350943629
75.9144731312673
104.201978860394
62.21153894587397
27.810866361323928
44.42805865671342
112.77840375092192
29.361667686554185
77.84852517611732
27.186359746798082
115.09862030171296
43.899024810729045
45.810238249969686
95.14468589264648
55.60356524137653
26.60994716000451
40.26802751386421
82.46248944960593
45.97853849077606
37.957364060330676
74.96353176143083
117.19834624526017
37.823425542539745
117.74287164562449
121.12779835294997
38.36675070547662
61.42547822195793
46.78801287368296
32.01411041872557
115.48287754971199
54.41419029412006
52.97170236886415
48.73777306110398
105.73972928227383
98.31510117674395
105.36169870431978
59.60677855555788
25.21602928167631
41.42413725968823
83.2823923902182
111.95368705227314
43.75344509803616
95.82094379479129
83.48187198068368
32.03140914480598
42.06348187310296
29.401180376654235
105.03189577359788
26.76154693864924
32.91088823462799
99.4499520455265
60.524738564751836
87.32515200406638
93.43958308441267
97.66391774905915
115.33518920147124
42.977233502190344
67.17620994631721
117.82726968819355
122.90272667569879
26.859113098934763
106.65963323595498
113.98604090141097
66.31540123217269
76.85976840040294
60.60901715600504
35.90094231227414
51.926031614898136
69.70460316933145
82.8041367373026
92.31762558301462
31.295759095658546
50.85057773067074
88.51455327036176
87.10340417407872
103.71246548223779
60.48631169394769
37.01596611448316
61.85396397040513
66.21539864315288
102.4858893895895
55.5826886513074
42.71825137472561
110.0847667885783
114.3567993953887
71.19853016037217
55.65192347038457
50.96273216620416
30.622770822661728
80.59936576720426
31.939211248476074
27.828988549818888
40.483151004762654
74.13024047989082
121.2798018470554
85.87730009477465
101.54829150386942
71.31120651084211
120.4700007076843
64.06710693306499
93.8935782593027
31.440392107455963
55.598796291711906
53.52134511592095
94.48327707831412
67.12252837826401
79.01752039818456
74.75290792431613
42.13693425746277
56.85072387330632
94.39038055137966
85.80544851344678
94.56709237824701
53.978758258177436
79.70686463310714
109.8772110084552
104.51470251895381
81.57433750785351
119.45169548457366
74.21274656165448
123.06809819534462
123.94612136607729
121.03446871136424
44.908663991851924
36.08068288654664
98.16053414764991
106.48869913821014
64.5785915206499
69.77579255301528
65.48300866113044
64.09176394128534
120.17722313116857
78.44781213032923
66.77034088957481
98.40470903158348
116.15329209742423
109.42550598273476
43.1058541071923
64.9033520816337
93.88251648329302
112.03006844238973
100.16123094465553
58.21390867938195
96.50660408537397
102.4527189834492
112.85887051382458
60.55669404668622
44.35068902798075
63.06759954945898
58.058279426872694
25.365578127637246
44.291993128602385
50.63642710021745
75.13154989453587
58.01144513251949
70.60599249874036
87.41735302653778
25.829616262810873
39.41654993505664
59.15003049626082
30.440869426004113
99.75321054733867
77.45965700160293
115.72986665830075
103.14001209014728
63.64425082952903
41.18267050561867
92.54561942211451
120.84537412412776
38.11885263170127
88.07003872359633
83.44728554812788
81.74039917528751
55.25763094443576
38.2905702053974
119.6560831840614
87.97735632424876
121.75194448696543
33.53648086352599
96.75557772953783
77.8748674451886
62.92165907111117
25.410895696880644
25.73766497652763
56.66709329695291
43.428052873738
37.21479871946683
106.99832204318837
45.1073641681197
123.21189513601055
110.72295983616984
63.57400636687777
90.56656722888904
117.91017688325263
33.12699853220761
37.26327262985825
68.82032010076747
84.8360014109123
62.45829425578343
87.90353342831877
94.50648824804425
64.07864315995766
96.86470394522021
79.96496235956766
124.62264111203308
108.08451828588886
64.07296775994604
120.26198883545666
67.58032317519562
76.58884657032118
104.3665098132633
33.22241813717398
35.98351987517701
39.388566421533895
46.97562938649281
84.33194818668791
92.50087532036906
122.84193370661663
77.56072485861688
109.90517172220832
73.08555043713005
71.31577930842565
29.622142576348864
123.07655781608815
43.59023917443305
46.766297252897644
81.38338438846543
66.62539586301033
74.43339977257341
79.98651208251928
41.52462481589265
55.768878304917976
54.687366845463984
89.50139737432093
66.20874264638707
44.830980775886445
92.4868926780781
112.59396431004589
94.23006666449137
30.521308052965523
45.409307192383984
60.60709285049948
38.02386577274754
119.57639041896864
105.55332958335732
32.93724266064441
113.82520423074304
97.08222515880139
37.665601321972986
62.44054885228106
48.3682006437387
107.36263422732625
58.69607510493591
36.84242671551661
37.69201244746313
82.28083974687884
37.62442119837286
69.54622173641022
120.99941789506491
106.94566808519879
77.91931974784119
103.32470017329662
87.50262650364118
33.535842942737474
63.52243794874147
113.79500176347432
73.11006661836956
41.90934712709278
32.92034983530573
122.0860328167443
61.12376090389861
85.05944523347304
121.5543464749798
46.9732495979345
106.33082340712488
51.31670687311891
47.79410960944206
120.02646731342298
45.82468314140873
74.35066949276387
41.03291473691534
52.98667563435714
27.671934814130573
122.7066616005821
89.00901590831037
110.33211419626635
52.8775586063021
100.87204170492058
85.82088040727658
81.47327655238378
74.40271083475086
67.20873747784505
106.74632759922562
35.699901990824316
93.04745081709302
49.23055325199191
110.50613375044416
76.23231183235924
93.57953856110657
78.0384389426549
32.72721667809289
106.01857243298456
80.3824874082618
62.401919903844174
25.32311231601623
48.34602277653468
49.46203347087061
30.45922537442014
113.17634311477985
36.00835378816196
61.928879483646696
48.05991488749424
29.46859926953074
32.454384459513854
70.40293565531096
97.40888004750194
121.78859822976145
99.25564713104534
75.81505414676005
68.1547588283957
77.45024435454104
32.082304533586736
27.759756453693697
66.94118506504711
97.67763938729307
111.95363370782542
79.41149439073465
52.20718974362342
34.65263854587292
73.00665688222088
33.58590581012927
92.81194662533603
67.3847052162547
68.21868120558726
65.67478160324424
100.6819948407765
43.21042717156145
95.44628989458957
90.2276766238807
50.848443328562986
75.15831814027342
109.65010192340702
86.94830803812977
52.95105621441897
74.70384212273389
79.4713116149685
51.857957233937
69.15387758523148
52.44189728645364
48.11418405327245
65.44703798486859
116.81247442812365
61.02349725492753
91.73492326827709
33.390119528956184
63.21905702635869
96.34783757047735
107.23194801168287
90.4325656887372
94.46258639867133
63.50699158583615
41.94803822428725
72.50106062520373
82.03704948022872
76.56581001902347
26.414512416509737
38.6613388160675
97.75302081638908
75.98150030046259
58.47087131768362
79.1523386676852
90.21213299871094
51.41070104329406
85.00692217895894
85.2738927714876
99.53354292695596
30.72535879109236
101.57556305127041
78.99119775495228
105.80404723931306
50.79272757016493
57.424921647687896
47.56957659207623
114.52735338661334
40.023627580980836
114.79437040523817
101.24411943853217
109.9268821751343
105.82684414064408
37.43244493580635
104.52063772352982
112.11129666746186
41.03470954608336
73.36293746185777
51.91708628974339
88.3544592346344
115.84890704501237
50.416983200594146
123.2741240475788
98.10009277424264
43.54049221641762
122.90229187505246
28.127140701627095
122.85927485877019
114.36945238255785
55.72608186458824
78.65674804323899
113.80098486544034
110.47424874150643
69.56620974093815
119.04820665257535
25.232970857252212
115.04299582362648
81.9595423814779
60.71062705259781
85.8098316923809
72.23789847786941
87.23434593995957
91.27370043312656
102.53899792004135
98.76508540495763
111.03841857891585
93.73394493339991
47.30825056302626
43.26566471614906
27.206500193085038
118.58519414811298
70.17970331236816
82.62990122048339
104.41223825818277
46.0818242943205
78.95262592585513
102.0659569681223
42.065337396813796
85.82535418877566
85.04974633439917
Rank 2: 200 simulations
26.095527756086767
28.20196120301507
83.3417027594027
43.31242087534494
122.5746117134257
84.30697924575401
67.33951573593885
55.22846235581615
102.16561786439753
67.77254385192131
106.41738580308662
25.69512932153726
112.23426724113912
Running 800 simulations with 4 MPI ranks
Rank 0: 200 simulations
73.80129168850148
101.1581484419117
105.0625752208343
28.04572875723358
70.14244793298917
Rank 1: 200 simulations
34.27491381804012
75.49403216509879
101.56078679805812
86.67949555323246
121.56383523005331
62.30115693891668
Rank 3: 200 simulations
t=35311018  fraction=0.37125  peak_slope=8.708e-08  t_peak=2471771  comparison cadence=35311018  difference=0.37125  below=0/3
t=35664128  fraction=0.37125  peak_slope=8.708e-08  t_peak=2471771  comparison cadence=35311018  difference=0.37125  below=0/3
t=36017239  fraction=0.37125  peak_slope=8.708e-08  t_peak=2471771  comparison cadence=35311018  difference=0.35875  below=0/3
t=36370349  fraction=0.37125  peak_slope=8.708e-08  t_peak=2471771  comparison cadence=35311018  difference=0.31750  below=0/3
t=36723459  fraction=0.37125  peak_slope=8.708e-08  t_peak=2471771  comparison cadence=35311018  difference=0.28875  below=0/3
t=37076569  fraction=0.37125  peak_slope=8.708e-08  t_peak=2471771  comparison cadence=35311018  difference=0.25250  below=0/3
t=37429679  fraction=0.37250  peak_slope=8.708e-08  t_peak=2471771  comparison cadence=35311018  difference=0.22625  below=0/3
t=37782790  fraction=0.37250  peak_slope=8.708e-08  t_peak=2471771  comparison cadence=35311018  difference=0.20625  below=0/3
t=38135900  fraction=0.37250  peak_slope=8.708e-08  t_peak=2471771  comparison cadence=35311018  difference=0.18125  below=0/3
t=38489010  fraction=0.37250  peak_slope=8.708e-08  t_peak=2471771  comparison cadence=35311018  difference=0.15875  below=0/3
t=38842120  fraction=0.37250  peak_slope=8.708e-08  t_peak=2471771  comparison cadence=35311018  difference=0.14125  below=0/3
t=39195230  fraction=0.37250  peak_slope=8.708e-08  t_peak=2471771  comparison cadence=35311018  difference=0.12000  below=0/3
t=39548340  fraction=0.37250  peak_slope=8.708e-08  t_peak=2471771  comparison cadence=35311018  difference=0.10750  below=0/3
t=39901451  fraction=0.37250  peak_slope=8.708e-08  t_peak=2471771  comparison cadence=35311018  difference=0.10000  below=0/3
t=40254561  fraction=0.37250  peak_slope=8.708e-08  t_peak=2471771  comparison cadence=35311018  difference=0.08875  below=0/3
t=40607671  fraction=0.37250  peak_slope=8.708e-08  t_peak=2471771  comparison cadence=35311018  difference=0.08500  below=0/3
t=40960781  fraction=0.37250  peak_slope=8.708e-08  t_peak=2471771  comparison cadence=35311018  difference=0.07250  below=0/3
t=41313891  fraction=0.37250  peak_slope=8.708e-08  t_peak=2471771  comparison cadence=35311018  difference=0.06625  below=0/3
t=41667002  fraction=0.37250  peak_slope=8.708e-08  t_peak=2471771  comparison cadence=35311018  difference=0.06250  below=0/3
t=42020112  fraction=0.37250  peak_slope=8.708e-08  t_peak=2471771  comparison cadence=35311018  difference=0.05500  below=0/3
t=42373222  fraction=0.37250  peak_slope=8.708e-08  t_peak=2471771  comparison cadence=35311018  difference=0.04875  below=0/3
t=42726332  fraction=0.37250  peak_slope=8.708e-08  t_peak=2471771  comparison cadence=35311018  difference=0.04500  below=0/3
t=43079442  fraction=0.37250  peak_slope=8.708e-08  t_peak=2471771  comparison cadence=35311018  difference=0.04125  below=0/3
t=43432552  fraction=0.37250  peak_slope=8.708e-08  t_peak=2471771  comparison cadence=35311018  difference=0.04125  below=0/3
t=43785663  fraction=0.37250  peak_slope=8.708e-08  t_peak=2471771  comparison cadence=35311018  difference=0.03875  below=1/3
t=44138773  fraction=0.37250  peak_slope=8.708e-08  t_peak=2471771  comparison cadence=35311018  difference=0.03750  below=2/3
t=44491883  fraction=0.37250  peak_slope=8.708e-08  t_peak=2471771  comparison cadence=35311018  difference=0.03625  below=3/3
Stopping at t=44491882.98276182
Saved 500 remaining particles to /scratch/group/p.phy260085.000/Mass_Fraction/Outputs/Ejection_Results/remaining_particles_2187513_2.csv
