==========================================
Mass Fraction MPI Run
==========================================
Date:               Mon Oct  5 08:40:40 CDT 2026
Host:               ac069
Array job ID:       2188349
Array task ID:      4
MPI ranks:          4
CPUs per task:      1
Nodes allocated:    1
Python:             /scratch/user/u.hm357857/.conda/envs/comets/bin/python
Conda environment:  /scratch/user/u.hm357857/.conda/envs/comets
==========================================

1.6997807793104889
2.3822301140565587
0.8837837458500386
2.2132415176400193
2.1564038264852066
0.7899720182494148
1.5061905859695501
1.4187062901534913
1.7813962527350409
2.4598790089545517
1.3927582244576227
2.1216425051337495
2.125090446141174
1.0320824119086027
1.122619442093846
1.967971405646876
1.3502932808982349
1.071453871780103
1.1632877037558345
1.4706359001807308
0.9723402475878149
0.7087740711296897
2.293950659384554
1.0475656361126664
1.8598067791272603
0.5168824682865074
1.7816495435184423
0.5431059293486611
1.100227304640026
1.3176225463443565
2.428007629185618
1.7573511893769296
1.5865541194184871
2.42160218134725
1.98164053623881
1.0922675791934298
2.410459000836112
1.9064886700611319
1.1962749518151976
2.405061120251169
2.1592648928762284
1.1248280980173375
2.4497240692671487
0.9856795562028684
0.9716672336659185
0.5700338864138481
0.8005337606285534
2.386739031993933
1.0828564155061755
2.0430730666204617
0.8123630610368964
0.8251579345164359
1.5634342187035253
1.7448492726087985
1.0415753601979454
1.1319684203616684
1.184988918344062
0.8614582433175058
2.151033031037724
0.931783348640469
1.6256768340591645
2.3562945171226177
0.8491001273715635
2.203178945480177
0.9976282272896781
1.4934869091566714
1.4497311039741256
2.3223105509914044
2.0506862645582222
2.142679117466587
0.5668664080535977
1.0954003694670302
2.02829038393738
0.7943963256650632
1.4504968094544008
1.247620687745324
1.4700404696953282
1.0574013988660806
0.6236360012021165
1.8843513798551514
1.428056047800667
1.0041261555597956
1.8644299242160596
2.1050897918227864
0.9497646463541145
1.5670863948157037
2.271765774154194
1.8043990883764347
1.1881680141450983
1.541399016338132
1.4948603839497603
1.0466002429678665
1.9178327976580052
1.9506413564904468
1.4019188219238028
1.5987834710128566
2.2206135937597713
0.5832428529002629
1.7280423262704026
1.543980481620543
2.1275342474009884
1.2781469092890685
1.5827244508501885
0.8622492352153064
2.4813100257176735
2.242932718744023
2.3873552978246306
2.4639820485478485
1.9851202084182233
2.302531048665808
0.6230290397357816
1.2024897883317855
0.7111527161763984
1.2609714959402027
0.779557386508656
1.1143241977808753
1.641743952285659
0.7570807147421177
0.7947113259682823
1.7953089001180869
1.2214300707125196
0.643504783999582
2.083513941978128
1.3840674599743683
1.3135978981890515
1.8887466999459144
0.757055010262933
1.435498536800569
2.412039146650076
1.7445897529068495
1.6043013566652478
1.5730777799062736
2.3564196929237795
0.5052296351251249
1.387035639714342
2.250140992180815
1.7816260093359386
0.5469309229391717
1.1097444392670053
1.758279531565081
0.7039391539039104
1.2191826279643687
2.027295616703614
2.4392283632667495
2.177346669314199
1.334742233278909
1.1488708984585672
0.6286872395145773
0.7975234378816138
0.5664186023588351
0.9390154105561093
0.7657931907147453
2.077886514671178
0.5303472095743627
1.5593187784132572
0.8392120806900536
0.9435240701968131
1.8839264343290878
0.5495335097270586
2.317997717187737
1.0064035215544274
2.3256386899884243
0.6107463221277503
2.4429464599872963
2.1664225045508294
2.212143192094025
1.406306640654185
0.8030015205931336
2.4405033631982374
0.9545007680741853
1.6596018886019446
0.7139418492327401
1.3886302089438831
1.6731625779014565
1.4429825312009648
1.5139256887765191
1.0689977171523535
2.1955866050387347
1.2097904375487984
1.3927741089427563
1.636025064037853
1.3456807626979939
2.2161583175823143
1.461475440801002
1.664462833884861
0.5592253417090729
1.8362667412979956
2.100434396729125
1.9456942475557477
2.0510658672713102
0.6829283013250418
1.499419300255557
2.064914537382913
0.6431956342153506
2.000241978650089
1.7038630526668588
2.1616488520624015
1.0743728856495969
1.9865991864425192
1.8856573893485933
0.7100129920218912
0.8717451617850329
2.055856257459841
0.8242690746107442
1.386828349915185
1.033633983250116
1.2948197930454612
0.7319664083399982
1.185953619273884
0.6517326893380735
1.7649643501110999
0.6364859151688742
0.6785974172562421
1.965214849765338
2.1245773198357236
1.2319013836502586
1.8481098061202326
0.7460466394208376
1.7668164482136648
2.1174529457515803
1.0724029382241138
0.511831199836841
2.445572342771916
1.3155628944944648
0.5584710171639564
1.0289106000617978
1.6721134175005334
0.515795307705323
0.9095727986979691
1.2497911351421518
0.8115181044461279
1.9826553155816005
1.526295149965403
1.8846030717250022
0.5181951376130676
0.6903133043222163
0.9249247266160259
1.9797435219770219
1.0118625253529985
0.9649030447785132
2.0465280252417957
0.699864933731067
1.3618727207110792
2.4984332934473135
1.8601510095479181
1.7665082316552683
2.3506823345118626
2.452162112810866
2.010115071358571
2.4705600910038763
1.5456940932418184
1.2883425368398853
0.5373498745534013
1.453995722790513
1.1457502873382261
1.938993300602929
1.960280843606131
1.6250024419772
0.626028369321612
1.895021357353626
0.978748227614578
1.4387343660219636
1.3375850236222586
2.1237425418283356
2.336801810002741
1.395179512863347
2.2409600161354906
1.5649028479026728
0.924715347013954
1.7537712318041874
0.5622293423462505
1.9465612902533214
0.7321103717416488
0.8116635012994398
2.3923975546787677
1.5745986746948843
1.6209495623858456
2.2738964344956987
2.1888014646840475
1.5788476256212434
1.2827137115232043
0.7677524015836521
1.3270471387982217
1.0246078254446378
1.094785057067334
1.825229061279455
2.016483307614238
1.3031048535988945
1.1134119419745683
1.0311323877127863
1.447280141654854
2.2011185454641353
1.7128692564824382
2.33977057708881
2.275557775177145
0.5207011342359245
1.7820957764119316
1.0733768969168676
0.9669349498216424
0.7586896914967916
1.8933971414769275
2.196627506952
1.5799423853618217
1.190407141347343
0.9298472862046607
1.3996483392700343
0.6537083526435541
2.0413364162109318
1.7920807610262905
0.7691174007067818
1.4574292521091567
2.3597587801053685
0.8897116820305653
2.3617973823223366
0.6957422396136894
1.7518135744263608
2.4709790671961276
1.2178454991903214
2.3936910023983407
1.1606708378614845
1.851454287068745
2.1678769388367645
1.413886590017048
0.774846737671689
1.5661112184267378
1.7286197910041428
1.82301310577612
2.267805428470914
0.638089372721824
0.5195399746973026
1.8377960333996182
0.6718232538187421
2.453219603947459
0.5799012065640781
0.569968713393693
1.5568165035297634
1.2198166043977154
1.7457649806992976
1.0993188752885517
1.958697870268547
1.827711266292659
2.028007383243433
2.1138217798849372
2.4305025460103273
1.7849281766853367
2.139174273889032
1.6867215716418376
1.4069357943370275
2.1770098381571916
1.4364986981603347
2.2498933830939967
1.3333405603078243
2.241269861584944
1.5149645298811254
2.036562556452113
2.1447281384920465
0.8619256854061224
2.257868370336963
2.080090300634311
0.9462939559351233
1.858984769728383
2.238608028096488
0.8844300605576754
2.473107083114303
1.9815034391091306
1.282005483828028
0.6949081137045319
0.8499663394771675
0.669720444015149
1.9839307610759946
0.9687327365242484
0.6953863752314366
0.869033289083468
1.3365618267978856
2.4709151240324507
2.2490820904171365
1.9906576626046428
0.619114710836181
1.6531292226092706
1.7541658131594242
1.301105981683816
1.8404385512927695
1.7495523997043045
1.3744791771301035
2.4823775993617145
1.8438958534668075
2.1054109982043148
2.383471924290646
1.588409113493003
2.036519340513954
1.479649666881116
1.0407864895463939
0.587322800925945
0.5911128929080423
2.014773051515678
0.5078805118179168
2.4645381113019953
2.1946560393235734
1.1714110011418581
1.8386935916029994
1.4884559075090975
0.9253633960921204
2.1608261766372605
2.4127810960377776
1.9652221125307445
1.757038329700685
0.6223946582337692
0.8072786946261128
1.2773183079710169
0.9064737674012766
1.1207973016629034
2.4849976259515327
0.6073810954644914
0.8220270895663362
0.5961528625413117
0.8740511090541252
2.06114378295268
0.8974477079616479
1.930325396813395
1.102534375467405
1.0841442877978096
2.4563092039418715
2.2265920502963983
2.1816896082749593
0.8010457617450388
0.9821391734262197
1.5682945175620762
2.2055797822782894
2.271777303326335
1.2577578841482542
1.6409947485542298
1.947388057871771
2.086011172581398
1.8406181158383013
2.200884483363724
1.7777826522206108
1.5381124313185481
1.4852348198959024
1.4895000444839177
2.2078545584209235
1.9953763609543822
1.157361899339656
2.317464185932024
2.064498958726521
0.6783837313691519
0.5671159487367303
0.6052794080756261
2.128425960761044
0.8136741356757173
0.8606531171080685
1.4789952769230874
2.4302418474609935
2.4940781757620445
2.3737732285676314
0.5547668763947557
1.996016149668608
2.4941635232653105
2.4701775750245245
0.9828540936514816
1.6733434741676902
1.6490744941704738
2.0246692282435976
1.932380586985735
2.2555762706924445
1.280468973760779
1.8560334369303844
1.067864370374355
0.6670975063376252
0.8243642276392944
1.8761521589876002
1.2223295130805156
1.9460103472952142
2.411812019612528
0.8130298379804861
0.7658155369339092
0.8212765734594518
0.842652583016885
1.6222578782804795
0.5480644613376353
0.6950394047907489
1.0372962101538008
1.3539653463617525
1.0463967117274344
2.350505586414017
2.0592558082227654
1.0473722585510317
1.1824403228892908
2.3631132347239956
2.370989022143539
2.1682595203419823
1.6906893601274646
1.703336719555005
2.034572530702685
0.9031775802556585
1.832309449414833
1.9670590782567494
1.5727932019134603
1.0983418680634418
0.6240506490671527
0.7727865804029246
1.0818036372331832
1.9570635032987014
1.406558998587768
0.9818175584488054
1.0264226735033408
1.2684849003065002
1.8091584539870667
2.0746102181325314
0.8380889991851823
1.2082069743969348
1.6655245874721476
0.9158596916785045
2.0877157649346803
2.0988169167006383
1.8892154151704703
1.4655026784762388
0.5043890188302764
1.1051324853787179
2.340851578299051
0.6092242091965945
1.2436869537261215
0.9167979054689481
0.7507645270856718
2.389692490186915
0.8401902375786772
2.4064583055437296
1.0909494287342114
0.825436309851203
0.5998458720779261
1.6597898400142856
1.800986477520814
0.9709267548845497
2.3838550732285055
1.4249524677697245
0.7598741062003611
0.903202318249307
2.2796504931040182
2.350092013350854
0.5745703777496591
1.329853098114089
1.5601207635584866
1.7965225636027478
0.8209758061037071
0.60449726332481
1.432352277470112
0.6331805067925769
2.3479209931679765
1.1290384130144475
1.7840641225828515
2.208709350621231
2.336019454140002
0.7158328141286254
1.206606338938532
1.544668773582248
2.0383639452103615
2.049212034336798
2.1961415682224343
1.882262110803268
1.194871625094076
0.8188801928629497
0.9930323232009648
1.1224413606845969
0.9305232194414743
0.6363983827223221
1.3795846534790939
2.0927434462788477
1.218015193802564
0.9953619603566488
1.0504896981263414
2.1196311148175377
0.8451980148944116
1.3249257382839648
0.9412711388242487
0.6365846943771483
1.8811933241182792
2.212256243776171
1.193671446673139
1.9959581849582715
1.8813568189499348
2.0155867302733483
1.8467740565319584
0.5127284963623708
1.0391390050830496
1.7727589188975725
1.6775322887755297
2.4382137026986963
0.7758760020111897
1.7490937890302312
2.0678543580636015
0.9538579059510142
2.143448374472505
0.8521466801161175
2.108711829237473
0.6249521502792821
1.8962309527757293
2.0539602860954487
2.0399808317852592
0.9149443160621675
2.3210558381008903
2.205271679678411
1.5207670176858494
0.9023274469963121
1.193258953152183
1.5526815588859073
1.562626728028059
1.916033842298911
1.2530305266368411
0.5747719667564011
2.4868677479600723
2.426391941124416
2.196454815781676
2.450577841664055
1.570394933423562
2.152757079368805
2.362622022417243
2.3824096079060846
0.9612336564520816
0.7477851545296332
2.1204382474519496
2.366455141793576
0.547508561912015
1.6925954292300747
1.543732771710741
1.929898887262317
2.3569112946214776
1.5276990201275111
1.636308755867479
0.578522966781541
1.2276602014573081
0.7249005718418793
0.7722069261946152
0.8686448094090238
2.223457029951244
0.9484066080914584
1.1602409351299714
2.0211563595166337
2.2282388166434473
1.9247171248707755
1.635932027373801
0.6858040041955689
0.6402141886263921
0.5774394405774856
2.2574381415751246
2.490900531908905
0.9679122633375687
2.43509215773265
2.255846112038241
0.5888492051526564
0.7626961409851738
0.7283864067328196
2.335831730044652
0.6976118769617476
0.9117618832670034
0.996106468931041
1.4372627847735975
0.693941710151819
0.7759697361608815
1.7452189632847253
1.8748297449512807
0.948326924580505
1.8433948668846538
2.297332321142684
0.9449302841514222
0.8035806970989581
1.944108924363671
1.3160299376074294
1.6128624279939645
2.1734484972533656
0.5321491907886642
2.1553620404714104
0.8179334163987311
1.0972949058526802
0.5384665261653871
0.619238348533248
1.1363495324637227
0.6216093564494216
2.1188252120359965
2.3452653879154024
2.435895767301388
2.434732578672427
1.0269340156455613
1.127103842105978
0.5529585091459857
1.342004119087347
2.3410160549443395
0.6633979313513128
2.0989974260359467
2.1765958037253585
1.320397203238303
1.839268708455458
1.9969379781453418
1.2515776279332422
2.0214904900046924
1.2453715224487445
1.3436928903969727
0.8454893475869425
1.743343180930709
2.2721207586473655
2.2817635753680836
0.5736029899440238
1.1224365037997983
1.8115399825878997
1.9560894570133702
1.117365383321808
1.7308004883821657
1.8991817637942605
1.2580811163293273
1.8011179824719925
1.0853181773576543
0.8388432785796645
1.4250276972209093
2.258611412950509
2.358093095324242
1.657088431785791
0.5188027010992171
1.0519941721030166
2.427514631508919
0.6795892996167803
1.4180156310308079
1.900113620732317
1.741725938908013
1.5206790655693851
2.352408649213403
1.319147687535323
0.7541512238720567
0.5410552243932629
1.984069061519143
0.6294494401171244
2.446117724144656
1.8925582547908908
0.7911093744207112
2.260271701038042
0.6687263750785246
1.3351620236499702
1.8878401057695289
0.8759970011399363
Rank 1: 200 simulations
0.8984796427445116
2.2353749430054903
1.6233807237593099
0.5055844031634871
1.7059143763991103
1.1419444655772533
1.884342827673528
1.6034725006167165
0.9113888180019118
1.2573087091434876
1.909835921842192
1.432828302178825
1.1403925815732638
2.4535906563927368
0.7573849562786628
1.773329875849622
2.4129911783398574
0.7921030897929915
1.8423521955850848
0.6072002374240293
1.6278621739937944
0.8501312480758976
0.8773838961130211
1.0605481244597685
0.524617818845724
1.740953994019374
2.2785156280204575
0.8564651502036746
2.02197839671209
2.33078752358721
0.6026035801615763
1.4671379317922517
2.0802928928041586
0.5015572701449913
0.6213478820410161
0.921510457969112
2.3477690682331827
0.8598655703281735
1.1995001241623908
2.305379276801858
1.0378412581785277
0.5162505247694034
0.8791460189976004
0.5912457260636503
1.6410344135846835
2.259796951280234
1.571674013069425
1.6098190436436575
1.2416101444466079
1.8305409000136272
2.027212136342621
2.379671965622607
Running 800 simulations with 4 MPI ranks
Rank 0: 200 simulations
1.5071664684324855
1.8294295974911428
1.5623662890214889
1.8493557612554576
1.5157819766284653
0.5702932906639055
0.859583768843794
0.691107957276847
1.761150429883798
1.8462563956739864
2.471468003386128
1.8393854702133263
Rank 2: 200 simulations
Rank 3: 200 simulations
t=641798  fraction=0.22125  peak_slope=2.001e-06  t_peak=213933  comparison cadence=641798  difference=0.22125  below=0/3
t=642797  fraction=0.22250  peak_slope=2.001e-06  t_peak=213933  comparison cadence=641798  difference=0.22250  below=0/3
t=643797  fraction=0.22250  peak_slope=2.001e-06  t_peak=213933  comparison cadence=641798  difference=0.22250  below=0/3
t=644797  fraction=0.22250  peak_slope=2.001e-06  t_peak=213933  comparison cadence=641798  difference=0.22250  below=0/3
t=645796  fraction=0.22250  peak_slope=2.001e-06  t_peak=213933  comparison cadence=641798  difference=0.22250  below=0/3
t=646796  fraction=0.22250  peak_slope=2.001e-06  t_peak=213933  comparison cadence=641798  difference=0.22250  below=0/3
t=647796  fraction=0.22250  peak_slope=2.001e-06  t_peak=213933  comparison cadence=641798  difference=0.22250  below=0/3
t=648795  fraction=0.22250  peak_slope=2.001e-06  t_peak=213933  comparison cadence=641798  difference=0.22250  below=0/3
t=649795  fraction=0.22250  peak_slope=2.001e-06  t_peak=213933  comparison cadence=641798  difference=0.22250  below=0/3
t=650795  fraction=0.22250  peak_slope=2.001e-06  t_peak=213933  comparison cadence=641798  difference=0.22250  below=0/3
t=651794  fraction=0.22250  peak_slope=2.001e-06  t_peak=213933  comparison cadence=641798  difference=0.22250  below=0/3
t=652794  fraction=0.22250  peak_slope=2.001e-06  t_peak=213933  comparison cadence=641798  difference=0.22250  below=0/3
t=653794  fraction=0.22250  peak_slope=2.001e-06  t_peak=213933  comparison cadence=641798  difference=0.22250  below=0/3
t=654793  fraction=0.22250  peak_slope=2.001e-06  t_peak=213933  comparison cadence=641798  difference=0.22250  below=0/3
t=655793  fraction=0.22250  peak_slope=2.001e-06  t_peak=213933  comparison cadence=641798  difference=0.22250  below=0/3
t=656793  fraction=0.22250  peak_slope=2.001e-06  t_peak=213933  comparison cadence=641798  difference=0.22250  below=0/3
t=657793  fraction=0.22250  peak_slope=2.001e-06  t_peak=213933  comparison cadence=641798  difference=0.22250  below=0/3
t=658792  fraction=0.22250  peak_slope=2.001e-06  t_peak=213933  comparison cadence=641798  difference=0.22250  below=0/3
t=659792  fraction=0.22250  peak_slope=2.001e-06  t_peak=213933  comparison cadence=641798  difference=0.22250  below=0/3
t=660792  fraction=0.22250  peak_slope=2.001e-06  t_peak=213933  comparison cadence=641798  difference=0.22250  below=0/3
t=661791  fraction=0.22250  peak_slope=2.001e-06  t_peak=213933  comparison cadence=641798  difference=0.22250  below=0/3
t=662791  fraction=0.22250  peak_slope=2.001e-06  t_peak=213933  comparison cadence=641798  difference=0.22250  below=0/3
t=663791  fraction=0.22250  peak_slope=2.001e-06  t_peak=213933  comparison cadence=641798  difference=0.22125  below=0/3
t=664790  fraction=0.22250  peak_slope=2.001e-06  t_peak=213933  comparison cadence=641798  difference=0.22125  below=0/3
t=665790  fraction=0.22250  peak_slope=2.001e-06  t_peak=213933  comparison cadence=641798  difference=0.22125  below=0/3
t=666790  fraction=0.22250  peak_slope=2.001e-06  t_peak=213933  comparison cadence=641798  difference=0.22125  below=0/3
t=667789  fraction=0.22250  peak_slope=2.001e-06  t_peak=213933  comparison cadence=641798  difference=0.22125  below=0/3
t=668789  fraction=0.22375  peak_slope=2.001e-06  t_peak=213933  comparison cadence=641798  difference=0.22250  below=0/3
t=669789  fraction=0.22375  peak_slope=2.001e-06  t_peak=213933  comparison cadence=641798  difference=0.22250  below=0/3
t=670788  fraction=0.22375  peak_slope=2.001e-06  t_peak=213933  comparison cadence=641798  difference=0.22250  below=0/3
t=671788  fraction=0.22375  peak_slope=2.001e-06  t_peak=213933  comparison cadence=641798  difference=0.22250  below=0/3
t=672788  fraction=0.22375  peak_slope=2.001e-06  t_peak=213933  comparison cadence=641798  difference=0.22250  below=0/3
t=673787  fraction=0.22375  peak_slope=2.001e-06  t_peak=213933  comparison cadence=641798  difference=0.22250  below=0/3
t=674787  fraction=0.22375  peak_slope=2.001e-06  t_peak=213933  comparison cadence=641798  difference=0.22250  below=0/3
t=675787  fraction=0.22375  peak_slope=2.001e-06  t_peak=213933  comparison cadence=641798  difference=0.22250  below=0/3
t=676787  fraction=0.22375  peak_slope=2.001e-06  t_peak=213933  comparison cadence=641798  difference=0.22250  below=0/3
t=677786  fraction=0.22500  peak_slope=2.001e-06  t_peak=213933  comparison cadence=641798  difference=0.22375  below=0/3
t=678786  fraction=0.22500  peak_slope=2.001e-06  t_peak=213933  comparison cadence=641798  difference=0.22375  below=0/3
t=679786  fraction=0.22500  peak_slope=2.001e-06  t_peak=213933  comparison cadence=641798  difference=0.22375  below=0/3
t=680785  fraction=0.22500  peak_slope=2.001e-06  t_peak=213933  comparison cadence=641798  difference=0.22375  below=0/3
t=681785  fraction=0.22500  peak_slope=2.001e-06  t_peak=213933  comparison cadence=641798  difference=0.22375  below=0/3
t=682785  fraction=0.22500  peak_slope=2.001e-06  t_peak=213933  comparison cadence=641798  difference=0.22375  below=0/3
t=683784  fraction=0.22500  peak_slope=2.001e-06  t_peak=213933  comparison cadence=641798  difference=0.22375  below=0/3
t=684784  fraction=0.22500  peak_slope=2.001e-06  t_peak=213933  comparison cadence=641798  difference=0.22375  below=0/3
t=685784  fraction=0.22500  peak_slope=2.001e-06  t_peak=213933  comparison cadence=641798  difference=0.22375  below=0/3
t=686783  fraction=0.22500  peak_slope=2.001e-06  t_peak=213933  comparison cadence=641798  difference=0.22375  below=0/3
t=687783  fraction=0.22500  peak_slope=2.001e-06  t_peak=213933  comparison cadence=641798  difference=0.22375  below=0/3
t=688783  fraction=0.22500  peak_slope=2.001e-06  t_peak=213933  comparison cadence=641798  difference=0.22375  below=0/3
t=689782  fraction=0.22500  peak_slope=2.001e-06  t_peak=213933  comparison cadence=641798  difference=0.22375  below=0/3
t=690782  fraction=0.22500  peak_slope=2.001e-06  t_peak=213933  comparison cadence=641798  difference=0.22375  below=0/3
t=691782  fraction=0.22500  peak_slope=2.001e-06  t_peak=213933  comparison cadence=641798  difference=0.22375  below=0/3
t=692781  fraction=0.22500  peak_slope=2.001e-06  t_peak=213933  comparison cadence=641798  difference=0.22375  below=0/3
t=693781  fraction=0.22500  peak_slope=2.001e-06  t_peak=213933  comparison cadence=641798  difference=0.22375  below=0/3
t=694781  fraction=0.22500  peak_slope=2.001e-06  t_peak=213933  comparison cadence=641798  difference=0.22375  below=0/3
t=695781  fraction=0.22500  peak_slope=2.001e-06  t_peak=213933  comparison cadence=641798  difference=0.22375  below=0/3
t=696780  fraction=0.22500  peak_slope=2.001e-06  t_peak=213933  comparison cadence=641798  difference=0.22375  below=0/3
t=697780  fraction=0.22500  peak_slope=2.001e-06  t_peak=213933  comparison cadence=641798  difference=0.22375  below=0/3
t=698780  fraction=0.22500  peak_slope=2.001e-06  t_peak=213933  comparison cadence=641798  difference=0.22375  below=0/3
t=699779  fraction=0.22500  peak_slope=2.001e-06  t_peak=213933  comparison cadence=641798  difference=0.22375  below=0/3
t=700779  fraction=0.22500  peak_slope=2.001e-06  t_peak=213933  comparison cadence=641798  difference=0.22375  below=0/3
t=701779  fraction=0.22500  peak_slope=2.001e-06  t_peak=213933  comparison cadence=641798  difference=0.22375  below=0/3
t=702778  fraction=0.22500  peak_slope=2.001e-06  t_peak=213933  comparison cadence=641798  difference=0.22375  below=0/3
t=703778  fraction=0.22500  peak_slope=2.001e-06  t_peak=213933  comparison cadence=641798  difference=0.22375  below=0/3
t=704778  fraction=0.22500  peak_slope=2.001e-06  t_peak=213933  comparison cadence=641798  difference=0.22375  below=0/3
t=705777  fraction=0.22500  peak_slope=2.001e-06  t_peak=213933  comparison cadence=641798  difference=0.22375  below=0/3
t=706777  fraction=0.22625  peak_slope=2.001e-06  t_peak=213933  comparison cadence=641798  difference=0.22500  below=0/3
t=707777  fraction=0.22625  peak_slope=2.001e-06  t_peak=213933  comparison cadence=641798  difference=0.22500  below=0/3
t=708776  fraction=0.22625  peak_slope=2.001e-06  t_peak=213933  comparison cadence=641798  difference=0.22500  below=0/3
t=709776  fraction=0.22625  peak_slope=2.001e-06  t_peak=213933  comparison cadence=641798  difference=0.22500  below=0/3
t=710776  fraction=0.22625  peak_slope=2.001e-06  t_peak=213933  comparison cadence=641798  difference=0.22500  below=0/3
t=711775  fraction=0.22625  peak_slope=2.001e-06  t_peak=213933  comparison cadence=641798  difference=0.22500  below=0/3
t=712775  fraction=0.22625  peak_slope=2.001e-06  t_peak=213933  comparison cadence=641798  difference=0.22500  below=0/3
t=713775  fraction=0.22625  peak_slope=2.001e-06  t_peak=213933  comparison cadence=641798  difference=0.22500  below=0/3
t=714775  fraction=0.22625  peak_slope=2.001e-06  t_peak=213933  comparison cadence=641798  difference=0.22500  below=0/3
t=715774  fraction=0.22625  peak_slope=2.001e-06  t_peak=213933  comparison cadence=641798  difference=0.22500  below=0/3
t=716774  fraction=0.22750  peak_slope=2.001e-06  t_peak=213933  comparison cadence=641798  difference=0.22625  below=0/3
t=717774  fraction=0.22750  peak_slope=2.001e-06  t_peak=213933  comparison cadence=641798  difference=0.22625  below=0/3
t=718773  fraction=0.22750  peak_slope=2.001e-06  t_peak=213933  comparison cadence=641798  difference=0.22625  below=0/3
t=719773  fraction=0.22750  peak_slope=2.001e-06  t_peak=213933  comparison cadence=641798  difference=0.22625  below=0/3
t=720773  fraction=0.22750  peak_slope=2.001e-06  t_peak=213933  comparison cadence=641798  difference=0.22500  below=0/3
t=721772  fraction=0.22750  peak_slope=2.001e-06  t_peak=213933  comparison cadence=641798  difference=0.22500  below=0/3
t=722772  fraction=0.22750  peak_slope=2.001e-06  t_peak=213933  comparison cadence=641798  difference=0.22500  below=0/3
t=723772  fraction=0.22750  peak_slope=2.001e-06  t_peak=213933  comparison cadence=641798  difference=0.22500  below=0/3
t=724771  fraction=0.22750  peak_slope=2.001e-06  t_peak=213933  comparison cadence=641798  difference=0.22500  below=0/3
t=725771  fraction=0.22750  peak_slope=2.001e-06  t_peak=213933  comparison cadence=641798  difference=0.22500  below=0/3
t=726771  fraction=0.22750  peak_slope=2.001e-06  t_peak=213933  comparison cadence=641798  difference=0.22500  below=0/3
t=727770  fraction=0.22750  peak_slope=2.001e-06  t_peak=213933  comparison cadence=641798  difference=0.22375  below=0/3
t=728770  fraction=0.22750  peak_slope=2.001e-06  t_peak=213933  comparison cadence=641798  difference=0.22375  below=0/3
t=729770  fraction=0.22750  peak_slope=2.001e-06  t_peak=213933  comparison cadence=641798  difference=0.22375  below=0/3
t=730769  fraction=0.22750  peak_slope=2.001e-06  t_peak=213933  comparison cadence=641798  difference=0.22375  below=0/3
t=731769  fraction=0.22750  peak_slope=2.001e-06  t_peak=213933  comparison cadence=641798  difference=0.22375  below=0/3
t=732769  fraction=0.22875  peak_slope=2.001e-06  t_peak=213933  comparison cadence=641798  difference=0.22250  below=0/3
t=733769  fraction=0.22875  peak_slope=2.001e-06  t_peak=213933  comparison cadence=641798  difference=0.22250  below=0/3
t=734768  fraction=0.22875  peak_slope=2.001e-06  t_peak=213933  comparison cadence=641798  difference=0.22250  below=0/3
t=735768  fraction=0.23000  peak_slope=2.001e-06  t_peak=213933  comparison cadence=641798  difference=0.22375  below=0/3
t=736768  fraction=0.23000  peak_slope=2.001e-06  t_peak=213933  comparison cadence=641798  difference=0.22375  below=0/3
t=737767  fraction=0.23125  peak_slope=2.001e-06  t_peak=213933  comparison cadence=641798  difference=0.22375  below=0/3
t=738767  fraction=0.23125  peak_slope=2.001e-06  t_peak=213933  comparison cadence=641798  difference=0.22375  below=0/3
t=739767  fraction=0.23125  peak_slope=2.001e-06  t_peak=213933  comparison cadence=641798  difference=0.22375  below=0/3
t=740766  fraction=0.23125  peak_slope=2.001e-06  t_peak=213933  comparison cadence=641798  difference=0.22375  below=0/3
t=741766  fraction=0.23125  peak_slope=2.001e-06  t_peak=213933  comparison cadence=641798  difference=0.22250  below=0/3
t=742766  fraction=0.23125  peak_slope=2.001e-06  t_peak=213933  comparison cadence=641798  difference=0.22250  below=0/3
t=743765  fraction=0.23125  peak_slope=2.001e-06  t_peak=213933  comparison cadence=641798  difference=0.22250  below=0/3
t=744765  fraction=0.23125  peak_slope=2.001e-06  t_peak=213933  comparison cadence=641798  difference=0.22250  below=0/3
t=745765  fraction=0.23125  peak_slope=2.001e-06  t_peak=213933  comparison cadence=641798  difference=0.22250  below=0/3
t=746764  fraction=0.23125  peak_slope=2.001e-06  t_peak=213933  comparison cadence=641798  difference=0.22125  below=0/3
t=747764  fraction=0.23125  peak_slope=2.001e-06  t_peak=213933  comparison cadence=641798  difference=0.22125  below=0/3
t=748764  fraction=0.23125  peak_slope=2.001e-06  t_peak=213933  comparison cadence=641798  difference=0.22125  below=0/3
t=749764  fraction=0.23125  peak_slope=2.001e-06  t_peak=213933  comparison cadence=641798  difference=0.22125  below=0/3
t=750763  fraction=0.23125  peak_slope=2.001e-06  t_peak=213933  comparison cadence=641798  difference=0.22000  below=0/3
t=751763  fraction=0.23125  peak_slope=2.001e-06  t_peak=213933  comparison cadence=641798  difference=0.22000  below=0/3
t=752763  fraction=0.23125  peak_slope=2.001e-06  t_peak=213933  comparison cadence=641798  difference=0.21875  below=0/3
t=753762  fraction=0.23125  peak_slope=2.001e-06  t_peak=213933  comparison cadence=641798  difference=0.21875  below=0/3
t=754762  fraction=0.23250  peak_slope=2.001e-06  t_peak=213933  comparison cadence=641798  difference=0.22000  below=0/3
t=755762  fraction=0.23250  peak_slope=2.001e-06  t_peak=213933  comparison cadence=641798  difference=0.22000  below=0/3
t=756761  fraction=0.23250  peak_slope=2.001e-06  t_peak=213933  comparison cadence=641798  difference=0.22000  below=0/3
t=757761  fraction=0.23250  peak_slope=2.001e-06  t_peak=213933  comparison cadence=641798  difference=0.21875  below=0/3
t=758761  fraction=0.23250  peak_slope=2.001e-06  t_peak=213933  comparison cadence=641798  difference=0.21875  below=0/3
t=759760  fraction=0.23250  peak_slope=2.001e-06  t_peak=213933  comparison cadence=641798  difference=0.21875  below=0/3
t=760760  fraction=0.23250  peak_slope=2.001e-06  t_peak=213933  comparison cadence=641798  difference=0.21750  below=0/3
t=761760  fraction=0.23250  peak_slope=2.001e-06  t_peak=213933  comparison cadence=641798  difference=0.21750  below=0/3
t=762759  fraction=0.23250  peak_slope=2.001e-06  t_peak=213933  comparison cadence=641798  difference=0.21500  below=0/3
t=763759  fraction=0.23250  peak_slope=2.001e-06  t_peak=213933  comparison cadence=641798  difference=0.21500  below=0/3
t=764759  fraction=0.23250  peak_slope=2.001e-06  t_peak=213933  comparison cadence=641798  difference=0.21500  below=0/3
t=765758  fraction=0.23250  peak_slope=2.001e-06  t_peak=213933  comparison cadence=641798  difference=0.21500  below=0/3
t=766758  fraction=0.23250  peak_slope=2.001e-06  t_peak=213933  comparison cadence=641798  difference=0.21500  below=0/3
t=767758  fraction=0.23250  peak_slope=2.001e-06  t_peak=213933  comparison cadence=641798  difference=0.21375  below=0/3
t=768758  fraction=0.23250  peak_slope=2.001e-06  t_peak=213933  comparison cadence=641798  difference=0.21375  below=0/3
t=769757  fraction=0.23250  peak_slope=2.001e-06  t_peak=213933  comparison cadence=641798  difference=0.21375  below=0/3
t=770757  fraction=0.23250  peak_slope=2.001e-06  t_peak=213933  comparison cadence=641798  difference=0.21375  below=0/3
t=771757  fraction=0.23250  peak_slope=2.001e-06  t_peak=213933  comparison cadence=641798  difference=0.21250  below=0/3
t=772756  fraction=0.23250  peak_slope=2.001e-06  t_peak=213933  comparison cadence=641798  difference=0.21125  below=0/3
t=773756  fraction=0.23250  peak_slope=2.001e-06  t_peak=213933  comparison cadence=641798  difference=0.21000  below=0/3
t=774756  fraction=0.23250  peak_slope=2.001e-06  t_peak=213933  comparison cadence=641798  difference=0.21000  below=0/3
t=775755  fraction=0.23250  peak_slope=2.001e-06  t_peak=213933  comparison cadence=641798  difference=0.21000  below=0/3
t=776755  fraction=0.23250  peak_slope=2.001e-06  t_peak=213933  comparison cadence=641798  difference=0.21000  below=0/3
t=777755  fraction=0.23250  peak_slope=2.001e-06  t_peak=213933  comparison cadence=641798  difference=0.21000  below=0/3
t=778754  fraction=0.23250  peak_slope=2.001e-06  t_peak=213933  comparison cadence=641798  difference=0.21000  below=0/3
t=779754  fraction=0.23250  peak_slope=2.001e-06  t_peak=213933  comparison cadence=641798  difference=0.21000  below=0/3
t=780754  fraction=0.23375  peak_slope=2.001e-06  t_peak=213933  comparison cadence=641798  difference=0.21125  below=0/3
t=781753  fraction=0.23375  peak_slope=2.001e-06  t_peak=213933  comparison cadence=641798  difference=0.21125  below=0/3
t=782753  fraction=0.23375  peak_slope=2.001e-06  t_peak=213933  comparison cadence=641798  difference=0.20875  below=0/3
t=783753  fraction=0.23375  peak_slope=2.001e-06  t_peak=213933  comparison cadence=641798  difference=0.20875  below=0/3
t=784752  fraction=0.23375  peak_slope=2.001e-06  t_peak=213933  comparison cadence=641798  difference=0.20875  below=0/3
t=785752  fraction=0.23500  peak_slope=2.001e-06  t_peak=213933  comparison cadence=641798  difference=0.21000  below=0/3
t=786752  fraction=0.23500  peak_slope=2.001e-06  t_peak=213933  comparison cadence=641798  difference=0.20875  below=0/3
t=787752  fraction=0.23500  peak_slope=2.001e-06  t_peak=213933  comparison cadence=641798  difference=0.20750  below=0/3
t=788751  fraction=0.23625  peak_slope=2.001e-06  t_peak=213933  comparison cadence=641798  difference=0.20875  below=0/3
t=789751  fraction=0.23625  peak_slope=2.001e-06  t_peak=213933  comparison cadence=641798  difference=0.20875  below=0/3
t=790751  fraction=0.23625  peak_slope=2.001e-06  t_peak=213933  comparison cadence=641798  difference=0.20875  below=0/3
t=791750  fraction=0.23625  peak_slope=2.001e-06  t_peak=213933  comparison cadence=641798  difference=0.20875  below=0/3
t=792750  fraction=0.23625  peak_slope=2.001e-06  t_peak=213933  comparison cadence=641798  difference=0.20750  below=0/3
t=793750  fraction=0.23750  peak_slope=2.001e-06  t_peak=213933  comparison cadence=641798  difference=0.20750  below=0/3
t=794749  fraction=0.23875  peak_slope=2.001e-06  t_peak=213933  comparison cadence=641798  difference=0.20750  below=0/3
t=795749  fraction=0.23875  peak_slope=2.001e-06  t_peak=213933  comparison cadence=641798  difference=0.20625  below=0/3
t=796749  fraction=0.23875  peak_slope=2.001e-06  t_peak=213933  comparison cadence=641798  difference=0.20625  below=0/3
t=797748  fraction=0.23875  peak_slope=2.001e-06  t_peak=213933  comparison cadence=641798  difference=0.20625  below=0/3
t=798748  fraction=0.23875  peak_slope=2.001e-06  t_peak=213933  comparison cadence=641798  difference=0.20375  below=0/3
t=799748  fraction=0.23875  peak_slope=2.001e-06  t_peak=213933  comparison cadence=641798  difference=0.20000  below=0/3
t=800747  fraction=0.23875  peak_slope=2.001e-06  t_peak=213933  comparison cadence=641798  difference=0.20000  below=0/3
t=801747  fraction=0.23875  peak_slope=2.001e-06  t_peak=213933  comparison cadence=641798  difference=0.20000  below=0/3
t=802747  fraction=0.23875  peak_slope=2.001e-06  t_peak=213933  comparison cadence=641798  difference=0.19750  below=0/3
t=803746  fraction=0.23875  peak_slope=2.001e-06  t_peak=213933  comparison cadence=641798  difference=0.19625  below=0/3
t=804746  fraction=0.23875  peak_slope=2.001e-06  t_peak=213933  comparison cadence=641798  difference=0.19625  below=0/3
t=805746  fraction=0.23875  peak_slope=2.001e-06  t_peak=213933  comparison cadence=641798  difference=0.19500  below=0/3
t=806746  fraction=0.23875  peak_slope=2.001e-06  t_peak=213933  comparison cadence=641798  difference=0.19500  below=0/3
t=807745  fraction=0.23875  peak_slope=2.001e-06  t_peak=213933  comparison cadence=641798  difference=0.19500  below=0/3
t=808745  fraction=0.23875  peak_slope=2.001e-06  t_peak=213933  comparison cadence=641798  difference=0.19250  below=0/3
t=809745  fraction=0.23875  peak_slope=2.001e-06  t_peak=213933  comparison cadence=641798  difference=0.18875  below=0/3
t=810744  fraction=0.23875  peak_slope=2.001e-06  t_peak=213933  comparison cadence=641798  difference=0.18750  below=0/3
t=811744  fraction=0.23875  peak_slope=2.001e-06  t_peak=213933  comparison cadence=641798  difference=0.18750  below=0/3
t=812744  fraction=0.24000  peak_slope=2.001e-06  t_peak=213933  comparison cadence=641798  difference=0.18750  below=0/3
t=813743  fraction=0.24000  peak_slope=2.001e-06  t_peak=213933  comparison cadence=641798  difference=0.18625  below=0/3
t=814743  fraction=0.24000  peak_slope=2.001e-06  t_peak=213933  comparison cadence=641798  difference=0.18625  below=0/3
t=815743  fraction=0.24000  peak_slope=2.001e-06  t_peak=213933  comparison cadence=641798  difference=0.18625  below=0/3
t=816742  fraction=0.24000  peak_slope=2.001e-06  t_peak=213933  comparison cadence=641798  difference=0.18375  below=0/3
t=817742  fraction=0.24000  peak_slope=2.001e-06  t_peak=213933  comparison cadence=641798  difference=0.18375  below=0/3
t=818742  fraction=0.24000  peak_slope=2.001e-06  t_peak=213933  comparison cadence=641798  difference=0.18250  below=0/3
t=819741  fraction=0.24000  peak_slope=2.001e-06  t_peak=213933  comparison cadence=641798  difference=0.18125  below=0/3
t=820741  fraction=0.24000  peak_slope=2.001e-06  t_peak=213933  comparison cadence=641798  difference=0.18000  below=0/3
t=821741  fraction=0.24000  peak_slope=2.001e-06  t_peak=213933  comparison cadence=641798  difference=0.18000  below=0/3
t=822740  fraction=0.24000  peak_slope=2.001e-06  t_peak=213933  comparison cadence=641798  difference=0.18000  below=0/3
t=823740  fraction=0.24000  peak_slope=2.001e-06  t_peak=213933  comparison cadence=641798  difference=0.17875  below=0/3
t=824740  fraction=0.24000  peak_slope=2.001e-06  t_peak=213933  comparison cadence=641798  difference=0.17750  below=0/3
t=825740  fraction=0.24000  peak_slope=2.001e-06  t_peak=213933  comparison cadence=641798  difference=0.17500  below=0/3
t=826739  fraction=0.24000  peak_slope=2.001e-06  t_peak=213933  comparison cadence=641798  difference=0.17500  below=0/3
t=827739  fraction=0.24000  peak_slope=2.001e-06  t_peak=213933  comparison cadence=641798  difference=0.17125  below=0/3
t=828739  fraction=0.24000  peak_slope=2.001e-06  t_peak=213933  comparison cadence=641798  difference=0.17000  below=0/3
t=829738  fraction=0.24000  peak_slope=2.001e-06  t_peak=213933  comparison cadence=641798  difference=0.17000  below=0/3
t=830738  fraction=0.24000  peak_slope=2.001e-06  t_peak=213933  comparison cadence=641798  difference=0.17000  below=0/3
t=831738  fraction=0.24000  peak_slope=2.001e-06  t_peak=213933  comparison cadence=641798  difference=0.17000  below=0/3
t=832737  fraction=0.24125  peak_slope=2.001e-06  t_peak=213933  comparison cadence=641798  difference=0.17125  below=0/3
t=833737  fraction=0.24125  peak_slope=2.001e-06  t_peak=213933  comparison cadence=641798  difference=0.17125  below=0/3
t=834737  fraction=0.24125  peak_slope=2.001e-06  t_peak=213933  comparison cadence=641798  difference=0.17000  below=0/3
t=835736  fraction=0.24125  peak_slope=2.001e-06  t_peak=213933  comparison cadence=641798  difference=0.17000  below=0/3
t=836736  fraction=0.24125  peak_slope=2.001e-06  t_peak=213933  comparison cadence=641798  difference=0.17000  below=0/3
t=837736  fraction=0.24125  peak_slope=2.001e-06  t_peak=213933  comparison cadence=641798  difference=0.16875  below=0/3
t=838735  fraction=0.24125  peak_slope=2.001e-06  t_peak=213933  comparison cadence=641798  difference=0.16875  below=0/3
t=839735  fraction=0.24125  peak_slope=2.001e-06  t_peak=213933  comparison cadence=641798  difference=0.16875  below=0/3
t=840735  fraction=0.24125  peak_slope=2.001e-06  t_peak=213933  comparison cadence=641798  difference=0.16625  below=0/3
t=841734  fraction=0.24125  peak_slope=2.001e-06  t_peak=213933  comparison cadence=641798  difference=0.16500  below=0/3
t=842734  fraction=0.24125  peak_slope=2.001e-06  t_peak=213933  comparison cadence=641798  difference=0.16375  below=0/3
t=843734  fraction=0.24125  peak_slope=2.001e-06  t_peak=213933  comparison cadence=641798  difference=0.16375  below=0/3
t=844734  fraction=0.24125  peak_slope=2.001e-06  t_peak=213933  comparison cadence=641798  difference=0.16250  below=0/3
t=845733  fraction=0.24125  peak_slope=2.001e-06  t_peak=213933  comparison cadence=641798  difference=0.16125  below=0/3
t=846733  fraction=0.24125  peak_slope=2.001e-06  t_peak=213933  comparison cadence=641798  difference=0.15875  below=0/3
t=847733  fraction=0.24125  peak_slope=2.001e-06  t_peak=213933  comparison cadence=641798  difference=0.15875  below=0/3
t=848732  fraction=0.24125  peak_slope=2.001e-06  t_peak=213933  comparison cadence=641798  difference=0.15875  below=0/3
t=849732  fraction=0.24125  peak_slope=2.001e-06  t_peak=213933  comparison cadence=641798  difference=0.15750  below=0/3
t=850732  fraction=0.24125  peak_slope=2.001e-06  t_peak=213933  comparison cadence=641798  difference=0.15750  below=0/3
t=851731  fraction=0.24125  peak_slope=2.001e-06  t_peak=213933  comparison cadence=641798  difference=0.15375  below=0/3
t=852731  fraction=0.24125  peak_slope=2.001e-06  t_peak=213933  comparison cadence=641798  difference=0.15250  below=0/3
t=853731  fraction=0.24125  peak_slope=2.001e-06  t_peak=213933  comparison cadence=641798  difference=0.15125  below=0/3
t=854730  fraction=0.24125  peak_slope=2.001e-06  t_peak=213933  comparison cadence=641798  difference=0.14875  below=0/3
t=855730  fraction=0.24125  peak_slope=2.001e-06  t_peak=213933  comparison cadence=641798  difference=0.14750  below=0/3
t=856730  fraction=0.24125  peak_slope=2.001e-06  t_peak=213933  comparison cadence=641798  difference=0.14750  below=0/3
t=857729  fraction=0.24125  peak_slope=2.001e-06  t_peak=213933  comparison cadence=641798  difference=0.14750  below=0/3
t=858729  fraction=0.24250  peak_slope=2.001e-06  t_peak=213933  comparison cadence=641798  difference=0.14750  below=0/3
t=859729  fraction=0.24375  peak_slope=2.001e-06  t_peak=213933  comparison cadence=641798  difference=0.14750  below=0/3
t=860729  fraction=0.24375  peak_slope=2.001e-06  t_peak=213933  comparison cadence=641798  difference=0.14625  below=0/3
t=861728  fraction=0.24375  peak_slope=2.001e-06  t_peak=213933  comparison cadence=641798  difference=0.14625  below=0/3
t=862728  fraction=0.24375  peak_slope=2.001e-06  t_peak=213933  comparison cadence=641798  difference=0.14625  below=0/3
t=863728  fraction=0.24375  peak_slope=2.001e-06  t_peak=213933  comparison cadence=641798  difference=0.14625  below=0/3
t=864727  fraction=0.24375  peak_slope=2.001e-06  t_peak=213933  comparison cadence=641798  difference=0.14625  below=0/3
t=865727  fraction=0.24375  peak_slope=2.001e-06  t_peak=213933  comparison cadence=641798  difference=0.14375  below=0/3
t=866727  fraction=0.24375  peak_slope=2.001e-06  t_peak=213933  comparison cadence=641798  difference=0.14375  below=0/3
t=867726  fraction=0.24375  peak_slope=2.001e-06  t_peak=213933  comparison cadence=641798  difference=0.14375  below=0/3
t=868726  fraction=0.24375  peak_slope=2.001e-06  t_peak=213933  comparison cadence=641798  difference=0.14375  below=0/3
t=869726  fraction=0.24375  peak_slope=2.001e-06  t_peak=213933  comparison cadence=641798  difference=0.14375  below=0/3
t=870725  fraction=0.24375  peak_slope=2.001e-06  t_peak=213933  comparison cadence=641798  difference=0.14250  below=0/3
t=871725  fraction=0.24375  peak_slope=2.001e-06  t_peak=213933  comparison cadence=641798  difference=0.14250  below=0/3
t=872725  fraction=0.24375  peak_slope=2.001e-06  t_peak=213933  comparison cadence=641798  difference=0.14250  below=0/3
t=873724  fraction=0.24375  peak_slope=2.001e-06  t_peak=213933  comparison cadence=641798  difference=0.14250  below=0/3
t=874724  fraction=0.24375  peak_slope=2.001e-06  t_peak=213933  comparison cadence=641798  difference=0.14000  below=0/3
t=875724  fraction=0.24375  peak_slope=2.001e-06  t_peak=213933  comparison cadence=641798  difference=0.13750  below=0/3
t=876723  fraction=0.24375  peak_slope=2.001e-06  t_peak=213933  comparison cadence=641798  difference=0.13625  below=0/3
t=877723  fraction=0.24375  peak_slope=2.001e-06  t_peak=213933  comparison cadence=641798  difference=0.13625  below=0/3
t=878723  fraction=0.24375  peak_slope=2.001e-06  t_peak=213933  comparison cadence=641798  difference=0.13625  below=0/3
t=879723  fraction=0.24375  peak_slope=2.001e-06  t_peak=213933  comparison cadence=641798  difference=0.13500  below=0/3
t=880722  fraction=0.24375  peak_slope=2.001e-06  t_peak=213933  comparison cadence=641798  difference=0.13500  below=0/3
t=881722  fraction=0.24375  peak_slope=2.001e-06  t_peak=213933  comparison cadence=641798  difference=0.13250  below=0/3
t=882722  fraction=0.24375  peak_slope=2.001e-06  t_peak=213933  comparison cadence=641798  difference=0.13125  below=0/3
t=883721  fraction=0.24375  peak_slope=2.001e-06  t_peak=213933  comparison cadence=641798  difference=0.13125  below=0/3
t=884721  fraction=0.24375  peak_slope=2.001e-06  t_peak=213933  comparison cadence=641798  difference=0.13000  below=0/3
t=885721  fraction=0.24375  peak_slope=2.001e-06  t_peak=213933  comparison cadence=641798  difference=0.13000  below=0/3
t=886720  fraction=0.24375  peak_slope=2.001e-06  t_peak=213933  comparison cadence=641798  difference=0.12750  below=0/3
t=887720  fraction=0.24375  peak_slope=2.001e-06  t_peak=213933  comparison cadence=641798  difference=0.12625  below=0/3
t=888720  fraction=0.24375  peak_slope=2.001e-06  t_peak=213933  comparison cadence=641798  difference=0.12625  below=0/3
t=889719  fraction=0.24375  peak_slope=2.001e-06  t_peak=213933  comparison cadence=641798  difference=0.12625  below=0/3
t=890719  fraction=0.24375  peak_slope=2.001e-06  t_peak=213933  comparison cadence=641798  difference=0.12625  below=0/3
t=891719  fraction=0.24375  peak_slope=2.001e-06  t_peak=213933  comparison cadence=641798  difference=0.12500  below=0/3
t=892718  fraction=0.24375  peak_slope=2.001e-06  t_peak=213933  comparison cadence=641798  difference=0.12500  below=0/3
t=893718  fraction=0.24375  peak_slope=2.001e-06  t_peak=213933  comparison cadence=641798  difference=0.12500  below=0/3
t=894718  fraction=0.24375  peak_slope=2.001e-06  t_peak=213933  comparison cadence=641798  difference=0.12375  below=0/3
t=895717  fraction=0.24375  peak_slope=2.001e-06  t_peak=213933  comparison cadence=641798  difference=0.12250  below=0/3
t=896717  fraction=0.24375  peak_slope=2.001e-06  t_peak=213933  comparison cadence=641798  difference=0.12250  below=0/3
t=897717  fraction=0.24375  peak_slope=2.001e-06  t_peak=213933  comparison cadence=641798  difference=0.12250  below=0/3
t=898717  fraction=0.24375  peak_slope=2.001e-06  t_peak=213933  comparison cadence=641798  difference=0.12125  below=0/3
t=899716  fraction=0.24375  peak_slope=2.001e-06  t_peak=213933  comparison cadence=641798  difference=0.12125  below=0/3
t=900716  fraction=0.24375  peak_slope=2.001e-06  t_peak=213933  comparison cadence=641798  difference=0.12000  below=0/3
t=901716  fraction=0.24375  peak_slope=2.001e-06  t_peak=213933  comparison cadence=641798  difference=0.11875  below=0/3
t=902715  fraction=0.24375  peak_slope=2.001e-06  t_peak=213933  comparison cadence=641798  difference=0.11875  below=0/3
t=903715  fraction=0.24375  peak_slope=2.001e-06  t_peak=213933  comparison cadence=641798  difference=0.11875  below=0/3
t=904715  fraction=0.24375  peak_slope=2.001e-06  t_peak=213933  comparison cadence=641798  difference=0.11875  below=0/3
t=905714  fraction=0.24375  peak_slope=2.001e-06  t_peak=213933  comparison cadence=641798  difference=0.11875  below=0/3
t=906714  fraction=0.24375  peak_slope=2.001e-06  t_peak=213933  comparison cadence=641798  difference=0.11750  below=0/3
t=907714  fraction=0.24375  peak_slope=2.001e-06  t_peak=213933  comparison cadence=641798  difference=0.11625  below=0/3
t=908713  fraction=0.24375  peak_slope=2.001e-06  t_peak=213933  comparison cadence=641798  difference=0.11375  below=0/3
t=909713  fraction=0.24375  peak_slope=2.001e-06  t_peak=213933  comparison cadence=641798  difference=0.11375  below=0/3
t=910713  fraction=0.24375  peak_slope=2.001e-06  t_peak=213933  comparison cadence=641798  difference=0.11125  below=0/3
t=911712  fraction=0.24375  peak_slope=2.001e-06  t_peak=213933  comparison cadence=641798  difference=0.11125  below=0/3
t=912712  fraction=0.24375  peak_slope=2.001e-06  t_peak=213933  comparison cadence=641798  difference=0.11000  below=0/3
t=913712  fraction=0.24375  peak_slope=2.001e-06  t_peak=213933  comparison cadence=641798  difference=0.11000  below=0/3
t=914711  fraction=0.24375  peak_slope=2.001e-06  t_peak=213933  comparison cadence=641798  difference=0.11000  below=0/3
t=915711  fraction=0.24375  peak_slope=2.001e-06  t_peak=213933  comparison cadence=641798  difference=0.11000  below=0/3
t=916711  fraction=0.24375  peak_slope=2.001e-06  t_peak=213933  comparison cadence=641798  difference=0.11000  below=0/3
t=917711  fraction=0.24375  peak_slope=2.001e-06  t_peak=213933  comparison cadence=641798  difference=0.10875  below=0/3
t=918710  fraction=0.24375  peak_slope=2.001e-06  t_peak=213933  comparison cadence=641798  difference=0.10875  below=0/3
t=919710  fraction=0.24375  peak_slope=2.001e-06  t_peak=213933  comparison cadence=641798  difference=0.10750  below=0/3
t=920710  fraction=0.24375  peak_slope=2.001e-06  t_peak=213933  comparison cadence=641798  difference=0.10750  below=0/3
t=921709  fraction=0.24375  peak_slope=2.001e-06  t_peak=213933  comparison cadence=641798  difference=0.10750  below=0/3
t=922709  fraction=0.24375  peak_slope=2.001e-06  t_peak=213933  comparison cadence=641798  difference=0.10750  below=0/3
t=923709  fraction=0.24375  peak_slope=2.001e-06  t_peak=213933  comparison cadence=641798  difference=0.10750  below=0/3
t=924708  fraction=0.24375  peak_slope=2.001e-06  t_peak=213933  comparison cadence=641798  difference=0.10500  below=0/3
t=925708  fraction=0.24375  peak_slope=2.001e-06  t_peak=213933  comparison cadence=641798  difference=0.10500  below=0/3
t=926708  fraction=0.24375  peak_slope=2.001e-06  t_peak=213933  comparison cadence=641798  difference=0.10250  below=0/3
t=927707  fraction=0.24375  peak_slope=2.001e-06  t_peak=213933  comparison cadence=641798  difference=0.10250  below=0/3
t=928707  fraction=0.24375  peak_slope=2.001e-06  t_peak=213933  comparison cadence=641798  difference=0.10250  below=0/3
t=929707  fraction=0.24500  peak_slope=2.001e-06  t_peak=213933  comparison cadence=641798  difference=0.10375  below=0/3
t=930706  fraction=0.24500  peak_slope=2.001e-06  t_peak=213933  comparison cadence=641798  difference=0.10125  below=0/3
t=931706  fraction=0.24500  peak_slope=2.001e-06  t_peak=213933  comparison cadence=641798  difference=0.10000  below=0/3
t=932706  fraction=0.24500  peak_slope=2.001e-06  t_peak=213933  comparison cadence=641798  difference=0.10000  below=0/3
t=933705  fraction=0.24500  peak_slope=2.001e-06  t_peak=213933  comparison cadence=641798  difference=0.09875  below=0/3
t=934705  fraction=0.24500  peak_slope=2.001e-06  t_peak=213933  comparison cadence=641798  difference=0.09875  below=0/3
t=935705  fraction=0.24500  peak_slope=2.001e-06  t_peak=213933  comparison cadence=641798  difference=0.09625  below=0/3
t=936705  fraction=0.24500  peak_slope=2.001e-06  t_peak=213933  comparison cadence=641798  difference=0.09625  below=0/3
t=937704  fraction=0.24500  peak_slope=2.001e-06  t_peak=213933  comparison cadence=641798  difference=0.09500  below=0/3
t=938704  fraction=0.24500  peak_slope=2.001e-06  t_peak=213933  comparison cadence=641798  difference=0.09375  below=0/3
t=939704  fraction=0.24500  peak_slope=2.001e-06  t_peak=213933  comparison cadence=641798  difference=0.09125  below=0/3
t=940703  fraction=0.24500  peak_slope=2.001e-06  t_peak=213933  comparison cadence=641798  difference=0.09125  below=0/3
t=941703  fraction=0.24500  peak_slope=2.001e-06  t_peak=213933  comparison cadence=641798  difference=0.09000  below=0/3
t=942703  fraction=0.24500  peak_slope=2.001e-06  t_peak=213933  comparison cadence=641798  difference=0.09000  below=0/3
t=943702  fraction=0.24500  peak_slope=2.001e-06  t_peak=213933  comparison cadence=641798  difference=0.08875  below=0/3
t=944702  fraction=0.24500  peak_slope=2.001e-06  t_peak=213933  comparison cadence=641798  difference=0.08875  below=0/3
t=945702  fraction=0.24500  peak_slope=2.001e-06  t_peak=213933  comparison cadence=641798  difference=0.08625  below=0/3
t=946701  fraction=0.24500  peak_slope=2.001e-06  t_peak=213933  comparison cadence=641798  difference=0.08625  below=0/3
t=947701  fraction=0.24500  peak_slope=2.001e-06  t_peak=213933  comparison cadence=641798  difference=0.08625  below=0/3
t=948701  fraction=0.24500  peak_slope=2.001e-06  t_peak=213933  comparison cadence=641798  difference=0.08625  below=0/3
t=949700  fraction=0.24500  peak_slope=2.001e-06  t_peak=213933  comparison cadence=641798  difference=0.08625  below=0/3
t=950700  fraction=0.24500  peak_slope=2.001e-06  t_peak=213933  comparison cadence=641798  difference=0.08500  below=0/3
t=951700  fraction=0.24500  peak_slope=2.001e-06  t_peak=213933  comparison cadence=641798  difference=0.08500  below=0/3
t=952699  fraction=0.24500  peak_slope=2.001e-06  t_peak=213933  comparison cadence=641798  difference=0.08375  below=0/3
t=953699  fraction=0.24500  peak_slope=2.001e-06  t_peak=213933  comparison cadence=641798  difference=0.08375  below=0/3
t=954699  fraction=0.24500  peak_slope=2.001e-06  t_peak=213933  comparison cadence=641798  difference=0.08250  below=0/3
t=955699  fraction=0.24500  peak_slope=2.001e-06  t_peak=213933  comparison cadence=641798  difference=0.08125  below=0/3
t=956698  fraction=0.24500  peak_slope=2.001e-06  t_peak=213933  comparison cadence=641798  difference=0.08125  below=0/3
t=957698  fraction=0.24500  peak_slope=2.001e-06  t_peak=213933  comparison cadence=641798  difference=0.08125  below=0/3
t=958698  fraction=0.24500  peak_slope=2.001e-06  t_peak=213933  comparison cadence=641798  difference=0.08125  below=0/3
t=959697  fraction=0.24500  peak_slope=2.001e-06  t_peak=213933  comparison cadence=641798  difference=0.08125  below=0/3
t=960697  fraction=0.24500  peak_slope=2.001e-06  t_peak=213933  comparison cadence=641798  difference=0.08000  below=0/3
t=961697  fraction=0.24500  peak_slope=2.001e-06  t_peak=213933  comparison cadence=641798  difference=0.08000  below=0/3
t=962696  fraction=0.24500  peak_slope=2.001e-06  t_peak=213933  comparison cadence=641798  difference=0.07875  below=0/3
t=963696  fraction=0.24500  peak_slope=2.001e-06  t_peak=213933  comparison cadence=641798  difference=0.07875  below=0/3
t=964696  fraction=0.24500  peak_slope=2.001e-06  t_peak=213933  comparison cadence=641798  difference=0.07625  below=0/3
t=965695  fraction=0.24500  peak_slope=2.001e-06  t_peak=213933  comparison cadence=641798  difference=0.07500  below=0/3
t=966695  fraction=0.24500  peak_slope=2.001e-06  t_peak=213933  comparison cadence=641798  difference=0.07500  below=0/3
t=967695  fraction=0.24500  peak_slope=2.001e-06  t_peak=213933  comparison cadence=641798  difference=0.07375  below=0/3
t=968694  fraction=0.24500  peak_slope=2.001e-06  t_peak=213933  comparison cadence=641798  difference=0.07375  below=0/3
t=969694  fraction=0.24500  peak_slope=2.001e-06  t_peak=213933  comparison cadence=641798  difference=0.07375  below=0/3
t=970694  fraction=0.24500  peak_slope=2.001e-06  t_peak=213933  comparison cadence=641798  difference=0.07375  below=0/3
t=971693  fraction=0.24500  peak_slope=2.001e-06  t_peak=213933  comparison cadence=641798  difference=0.07375  below=0/3
t=972693  fraction=0.24500  peak_slope=2.001e-06  t_peak=213933  comparison cadence=641798  difference=0.07375  below=0/3
t=973693  fraction=0.24500  peak_slope=2.001e-06  t_peak=213933  comparison cadence=641798  difference=0.07375  below=0/3
t=974693  fraction=0.24500  peak_slope=2.001e-06  t_peak=213933  comparison cadence=641798  difference=0.07250  below=0/3
t=975692  fraction=0.24500  peak_slope=2.001e-06  t_peak=213933  comparison cadence=641798  difference=0.07250  below=0/3
t=976692  fraction=0.24500  peak_slope=2.001e-06  t_peak=213933  comparison cadence=641798  difference=0.07125  below=0/3
t=977692  fraction=0.24500  peak_slope=2.001e-06  t_peak=213933  comparison cadence=641798  difference=0.07000  below=0/3
t=978691  fraction=0.24500  peak_slope=2.001e-06  t_peak=213933  comparison cadence=641798  difference=0.06875  below=0/3
t=979691  fraction=0.24500  peak_slope=2.001e-06  t_peak=213933  comparison cadence=641798  difference=0.06875  below=0/3
t=980691  fraction=0.24500  peak_slope=2.001e-06  t_peak=213933  comparison cadence=641798  difference=0.06875  below=0/3
t=981690  fraction=0.24500  peak_slope=2.001e-06  t_peak=213933  comparison cadence=641798  difference=0.06875  below=0/3
t=982690  fraction=0.24500  peak_slope=2.001e-06  t_peak=213933  comparison cadence=641798  difference=0.06875  below=0/3
t=983690  fraction=0.24500  peak_slope=2.001e-06  t_peak=213933  comparison cadence=641798  difference=0.06875  below=0/3
t=984689  fraction=0.24500  peak_slope=2.001e-06  t_peak=213933  comparison cadence=641798  difference=0.06875  below=0/3
t=985689  fraction=0.24500  peak_slope=2.001e-06  t_peak=213933  comparison cadence=641798  difference=0.06875  below=0/3
t=986689  fraction=0.24500  peak_slope=2.001e-06  t_peak=213933  comparison cadence=641798  difference=0.06750  below=0/3
t=987688  fraction=0.24500  peak_slope=2.001e-06  t_peak=213933  comparison cadence=641798  difference=0.06625  below=0/3
t=988688  fraction=0.24500  peak_slope=2.001e-06  t_peak=213933  comparison cadence=641798  difference=0.06500  below=0/3
t=989688  fraction=0.24500  peak_slope=2.001e-06  t_peak=213933  comparison cadence=641798  difference=0.06500  below=0/3
t=990688  fraction=0.24500  peak_slope=2.001e-06  t_peak=213933  comparison cadence=641798  difference=0.06500  below=0/3
t=991687  fraction=0.24500  peak_slope=2.001e-06  t_peak=213933  comparison cadence=641798  difference=0.06500  below=0/3
t=992687  fraction=0.24500  peak_slope=2.001e-06  t_peak=213933  comparison cadence=641798  difference=0.06500  below=0/3
t=993687  fraction=0.24500  peak_slope=2.001e-06  t_peak=213933  comparison cadence=641798  difference=0.06500  below=0/3
t=994686  fraction=0.24500  peak_slope=2.001e-06  t_peak=213933  comparison cadence=641798  difference=0.06375  below=0/3
t=995686  fraction=0.24500  peak_slope=2.001e-06  t_peak=213933  comparison cadence=641798  difference=0.06375  below=0/3
t=996686  fraction=0.24500  peak_slope=2.001e-06  t_peak=213933  comparison cadence=641798  difference=0.06375  below=0/3
t=997685  fraction=0.24500  peak_slope=2.001e-06  t_peak=213933  comparison cadence=641798  difference=0.06375  below=0/3
t=998685  fraction=0.24500  peak_slope=2.001e-06  t_peak=213933  comparison cadence=641798  difference=0.06375  below=0/3
t=999685  fraction=0.24500  peak_slope=2.001e-06  t_peak=213933  comparison cadence=641798  difference=0.06375  below=0/3
t=1000684  fraction=0.24500  peak_slope=2.001e-06  t_peak=213933  comparison cadence=641798  difference=0.06375  below=0/3
t=1001684  fraction=0.24500  peak_slope=2.001e-06  t_peak=213933  comparison cadence=641798  difference=0.06250  below=0/3
t=1002684  fraction=0.24500  peak_slope=2.001e-06  t_peak=213933  comparison cadence=641798  difference=0.06250  below=0/3
t=1003683  fraction=0.24500  peak_slope=2.001e-06  t_peak=213933  comparison cadence=641798  difference=0.06250  below=0/3
t=1004683  fraction=0.24500  peak_slope=2.001e-06  t_peak=213933  comparison cadence=641798  difference=0.06125  below=0/3
t=1005683  fraction=0.24500  peak_slope=2.001e-06  t_peak=213933  comparison cadence=641798  difference=0.06125  below=0/3
t=1006682  fraction=0.24500  peak_slope=2.001e-06  t_peak=213933  comparison cadence=641798  difference=0.06125  below=0/3
t=1007682  fraction=0.24500  peak_slope=2.001e-06  t_peak=213933  comparison cadence=641798  difference=0.06000  below=0/3
t=1008682  fraction=0.24500  peak_slope=2.001e-06  t_peak=213933  comparison cadence=641798  difference=0.06000  below=0/3
t=1009682  fraction=0.24500  peak_slope=2.001e-06  t_peak=213933  comparison cadence=641798  difference=0.06000  below=0/3
t=1010681  fraction=0.24500  peak_slope=2.001e-06  t_peak=213933  comparison cadence=641798  difference=0.05875  below=0/3
t=1011681  fraction=0.24500  peak_slope=2.001e-06  t_peak=213933  comparison cadence=641798  difference=0.05750  below=0/3
t=1012681  fraction=0.24500  peak_slope=2.001e-06  t_peak=213933  comparison cadence=641798  difference=0.05750  below=0/3
t=1013680  fraction=0.24500  peak_slope=2.001e-06  t_peak=213933  comparison cadence=641798  difference=0.05625  below=0/3
t=1014680  fraction=0.24500  peak_slope=2.001e-06  t_peak=213933  comparison cadence=641798  difference=0.05500  below=0/3
t=1015680  fraction=0.24500  peak_slope=2.001e-06  t_peak=213933  comparison cadence=641798  difference=0.05500  below=0/3
t=1016679  fraction=0.24500  peak_slope=2.001e-06  t_peak=213933  comparison cadence=641798  difference=0.05500  below=0/3
t=1017679  fraction=0.24500  peak_slope=2.001e-06  t_peak=213933  comparison cadence=641798  difference=0.05500  below=0/3
t=1018679  fraction=0.24500  peak_slope=2.001e-06  t_peak=213933  comparison cadence=641798  difference=0.05500  below=0/3
t=1019678  fraction=0.24500  peak_slope=2.001e-06  t_peak=213933  comparison cadence=641798  difference=0.05375  below=0/3
t=1020678  fraction=0.24500  peak_slope=2.001e-06  t_peak=213933  comparison cadence=641798  difference=0.05375  below=0/3
t=1021678  fraction=0.24500  peak_slope=2.001e-06  t_peak=213933  comparison cadence=641798  difference=0.05375  below=0/3
t=1022677  fraction=0.24500  peak_slope=2.001e-06  t_peak=213933  comparison cadence=641798  difference=0.05250  below=0/3
t=1023677  fraction=0.24500  peak_slope=2.001e-06  t_peak=213933  comparison cadence=641798  difference=0.05250  below=0/3
t=1024677  fraction=0.24500  peak_slope=2.001e-06  t_peak=213933  comparison cadence=641798  difference=0.05250  below=0/3
t=1025676  fraction=0.24500  peak_slope=2.001e-06  t_peak=213933  comparison cadence=641798  difference=0.05250  below=0/3
t=1026676  fraction=0.24500  peak_slope=2.001e-06  t_peak=213933  comparison cadence=641798  difference=0.05250  below=0/3
t=1027676  fraction=0.24500  peak_slope=2.001e-06  t_peak=213933  comparison cadence=641798  difference=0.05250  below=0/3
t=1028676  fraction=0.24500  peak_slope=2.001e-06  t_peak=213933  comparison cadence=641798  difference=0.05250  below=0/3
t=1029675  fraction=0.24500  peak_slope=2.001e-06  t_peak=213933  comparison cadence=641798  difference=0.05250  below=0/3
t=1030675  fraction=0.24500  peak_slope=2.001e-06  t_peak=213933  comparison cadence=641798  difference=0.05250  below=0/3
t=1031675  fraction=0.24500  peak_slope=2.001e-06  t_peak=213933  comparison cadence=641798  difference=0.05250  below=0/3
t=1032674  fraction=0.24500  peak_slope=2.001e-06  t_peak=213933  comparison cadence=641798  difference=0.05250  below=0/3
t=1033674  fraction=0.24500  peak_slope=2.001e-06  t_peak=213933  comparison cadence=641798  difference=0.05250  below=0/3
t=1034674  fraction=0.24500  peak_slope=2.001e-06  t_peak=213933  comparison cadence=641798  difference=0.05250  below=0/3
t=1035673  fraction=0.24500  peak_slope=2.001e-06  t_peak=213933  comparison cadence=641798  difference=0.05250  below=0/3
t=1036673  fraction=0.24500  peak_slope=2.001e-06  t_peak=213933  comparison cadence=641798  difference=0.05250  below=0/3
t=1037673  fraction=0.24500  peak_slope=2.001e-06  t_peak=213933  comparison cadence=641798  difference=0.05250  below=0/3
t=1038672  fraction=0.24500  peak_slope=2.001e-06  t_peak=213933  comparison cadence=641798  difference=0.05250  below=0/3
t=1039672  fraction=0.24500  peak_slope=2.001e-06  t_peak=213933  comparison cadence=641798  difference=0.05250  below=0/3
t=1040672  fraction=0.24500  peak_slope=2.001e-06  t_peak=213933  comparison cadence=641798  difference=0.05250  below=0/3
t=1041671  fraction=0.24500  peak_slope=2.001e-06  t_peak=213933  comparison cadence=641798  difference=0.05250  below=0/3
t=1042671  fraction=0.24500  peak_slope=2.001e-06  t_peak=213933  comparison cadence=641798  difference=0.05250  below=0/3
t=1043671  fraction=0.24500  peak_slope=2.001e-06  t_peak=213933  comparison cadence=641798  difference=0.05250  below=0/3
t=1044670  fraction=0.24500  peak_slope=2.001e-06  t_peak=213933  comparison cadence=641798  difference=0.05250  below=0/3
t=1045670  fraction=0.24500  peak_slope=2.001e-06  t_peak=213933  comparison cadence=641798  difference=0.05125  below=0/3
t=1046670  fraction=0.24500  peak_slope=2.001e-06  t_peak=213933  comparison cadence=641798  difference=0.05000  below=0/3
t=1047670  fraction=0.24500  peak_slope=2.001e-06  t_peak=213933  comparison cadence=641798  difference=0.05000  below=0/3
t=1048669  fraction=0.24500  peak_slope=2.001e-06  t_peak=213933  comparison cadence=641798  difference=0.04875  below=0/3
t=1049669  fraction=0.24500  peak_slope=2.001e-06  t_peak=213933  comparison cadence=641798  difference=0.04875  below=0/3
t=1050669  fraction=0.24500  peak_slope=2.001e-06  t_peak=213933  comparison cadence=641798  difference=0.04875  below=0/3
t=1051668  fraction=0.24500  peak_slope=2.001e-06  t_peak=213933  comparison cadence=641798  difference=0.04875  below=0/3
t=1052668  fraction=0.24500  peak_slope=2.001e-06  t_peak=213933  comparison cadence=641798  difference=0.04875  below=0/3
t=1053668  fraction=0.24500  peak_slope=2.001e-06  t_peak=213933  comparison cadence=641798  difference=0.04875  below=0/3
t=1054667  fraction=0.24500  peak_slope=2.001e-06  t_peak=213933  comparison cadence=641798  difference=0.04875  below=0/3
t=1055667  fraction=0.24500  peak_slope=2.001e-06  t_peak=213933  comparison cadence=641798  difference=0.04875  below=0/3
t=1056667  fraction=0.24500  peak_slope=2.001e-06  t_peak=213933  comparison cadence=641798  difference=0.04875  below=0/3
t=1057666  fraction=0.24500  peak_slope=2.001e-06  t_peak=213933  comparison cadence=641798  difference=0.04875  below=0/3
t=1058666  fraction=0.24500  peak_slope=2.001e-06  t_peak=213933  comparison cadence=641798  difference=0.04875  below=0/3
t=1059666  fraction=0.24500  peak_slope=2.001e-06  t_peak=213933  comparison cadence=641798  difference=0.04750  below=0/3
t=1060665  fraction=0.24500  peak_slope=2.001e-06  t_peak=213933  comparison cadence=641798  difference=0.04750  below=0/3
t=1061665  fraction=0.24500  peak_slope=2.001e-06  t_peak=213933  comparison cadence=641798  difference=0.04750  below=0/3
t=1062665  fraction=0.24500  peak_slope=2.001e-06  t_peak=213933  comparison cadence=641798  difference=0.04750  below=0/3
t=1063664  fraction=0.24500  peak_slope=2.001e-06  t_peak=213933  comparison cadence=641798  difference=0.04750  below=0/3
t=1064664  fraction=0.24500  peak_slope=2.001e-06  t_peak=213933  comparison cadence=641798  difference=0.04625  below=0/3
t=1065664  fraction=0.24500  peak_slope=2.001e-06  t_peak=213933  comparison cadence=641798  difference=0.04500  below=0/3
t=1066664  fraction=0.24500  peak_slope=2.001e-06  t_peak=213933  comparison cadence=641798  difference=0.04500  below=0/3
t=1067663  fraction=0.24500  peak_slope=2.001e-06  t_peak=213933  comparison cadence=641798  difference=0.04500  below=0/3
t=1068663  fraction=0.24500  peak_slope=2.001e-06  t_peak=213933  comparison cadence=641798  difference=0.04500  below=0/3
t=1069663  fraction=0.24500  peak_slope=2.001e-06  t_peak=213933  comparison cadence=641798  difference=0.04500  below=0/3
t=1070662  fraction=0.24500  peak_slope=2.001e-06  t_peak=213933  comparison cadence=641798  difference=0.04500  below=0/3
t=1071662  fraction=0.24500  peak_slope=2.001e-06  t_peak=213933  comparison cadence=641798  difference=0.04500  below=0/3
t=1072662  fraction=0.24500  peak_slope=2.001e-06  t_peak=213933  comparison cadence=641798  difference=0.04500  below=0/3
t=1073661  fraction=0.24500  peak_slope=2.001e-06  t_peak=213933  comparison cadence=641798  difference=0.04500  below=0/3
t=1074661  fraction=0.24500  peak_slope=2.001e-06  t_peak=213933  comparison cadence=641798  difference=0.04500  below=0/3
t=1075661  fraction=0.24500  peak_slope=2.001e-06  t_peak=213933  comparison cadence=641798  difference=0.04500  below=0/3
t=1076660  fraction=0.24500  peak_slope=2.001e-06  t_peak=213933  comparison cadence=641798  difference=0.04500  below=0/3
t=1077660  fraction=0.24500  peak_slope=2.001e-06  t_peak=213933  comparison cadence=641798  difference=0.04500  below=0/3
t=1078660  fraction=0.24500  peak_slope=2.001e-06  t_peak=213933  comparison cadence=641798  difference=0.04500  below=0/3
t=1079659  fraction=0.24500  peak_slope=2.001e-06  t_peak=213933  comparison cadence=641798  difference=0.04375  below=0/3
t=1080659  fraction=0.24500  peak_slope=2.001e-06  t_peak=213933  comparison cadence=641798  difference=0.04375  below=0/3
t=1081659  fraction=0.24500  peak_slope=2.001e-06  t_peak=213933  comparison cadence=641798  difference=0.04375  below=0/3
t=1082658  fraction=0.24500  peak_slope=2.001e-06  t_peak=213933  comparison cadence=641798  difference=0.04375  below=0/3
t=1083658  fraction=0.24500  peak_slope=2.001e-06  t_peak=213933  comparison cadence=641798  difference=0.04375  below=0/3
t=1084658  fraction=0.24500  peak_slope=2.001e-06  t_peak=213933  comparison cadence=641798  difference=0.04375  below=0/3
t=1085658  fraction=0.24500  peak_slope=2.001e-06  t_peak=213933  comparison cadence=641798  difference=0.04375  below=0/3
t=1086657  fraction=0.24500  peak_slope=2.001e-06  t_peak=213933  comparison cadence=641798  difference=0.04250  below=0/3
t=1087657  fraction=0.24500  peak_slope=2.001e-06  t_peak=213933  comparison cadence=641798  difference=0.04250  below=0/3
t=1088657  fraction=0.24500  peak_slope=2.001e-06  t_peak=213933  comparison cadence=641798  difference=0.04250  below=0/3
t=1089656  fraction=0.24500  peak_slope=2.001e-06  t_peak=213933  comparison cadence=641798  difference=0.04125  below=0/3
t=1090656  fraction=0.24500  peak_slope=2.001e-06  t_peak=213933  comparison cadence=641798  difference=0.04125  below=0/3
t=1091656  fraction=0.24500  peak_slope=2.001e-06  t_peak=213933  comparison cadence=641798  difference=0.04125  below=0/3
t=1092655  fraction=0.24500  peak_slope=2.001e-06  t_peak=213933  comparison cadence=641798  difference=0.04125  below=0/3
t=1093655  fraction=0.24500  peak_slope=2.001e-06  t_peak=213933  comparison cadence=641798  difference=0.04125  below=0/3
t=1094655  fraction=0.24500  peak_slope=2.001e-06  t_peak=213933  comparison cadence=641798  difference=0.04125  below=0/3
t=1095654  fraction=0.24500  peak_slope=2.001e-06  t_peak=213933  comparison cadence=641798  difference=0.04125  below=0/3
t=1096654  fraction=0.24500  peak_slope=2.001e-06  t_peak=213933  comparison cadence=641798  difference=0.04125  below=0/3
t=1097654  fraction=0.24500  peak_slope=2.001e-06  t_peak=213933  comparison cadence=641798  difference=0.04125  below=0/3
t=1098653  fraction=0.24500  peak_slope=2.001e-06  t_peak=213933  comparison cadence=641798  difference=0.04125  below=0/3
t=1099653  fraction=0.24500  peak_slope=2.001e-06  t_peak=213933  comparison cadence=641798  difference=0.04125  below=0/3
t=1100653  fraction=0.24500  peak_slope=2.001e-06  t_peak=213933  comparison cadence=641798  difference=0.04125  below=0/3
t=1101653  fraction=0.24500  peak_slope=2.001e-06  t_peak=213933  comparison cadence=641798  difference=0.04125  below=0/3
t=1102652  fraction=0.24500  peak_slope=2.001e-06  t_peak=213933  comparison cadence=641798  difference=0.04125  below=0/3
t=1103652  fraction=0.24500  peak_slope=2.001e-06  t_peak=213933  comparison cadence=641798  difference=0.04125  below=0/3
t=1104652  fraction=0.24500  peak_slope=2.001e-06  t_peak=213933  comparison cadence=641798  difference=0.04125  below=0/3
t=1105651  fraction=0.24500  peak_slope=2.001e-06  t_peak=213933  comparison cadence=641798  difference=0.04000  below=0/3
t=1106651  fraction=0.24500  peak_slope=2.001e-06  t_peak=213933  comparison cadence=641798  difference=0.04000  below=0/3
t=1107651  fraction=0.24500  peak_slope=2.001e-06  t_peak=213933  comparison cadence=641798  difference=0.04000  below=0/3
t=1108650  fraction=0.24500  peak_slope=2.001e-06  t_peak=213933  comparison cadence=641798  difference=0.03875  below=1/3
t=1109650  fraction=0.24500  peak_slope=2.001e-06  t_peak=213933  comparison cadence=641798  difference=0.03875  below=2/3
t=1110650  fraction=0.24500  peak_slope=2.001e-06  t_peak=213933  comparison cadence=641798  difference=0.03875  below=3/3
Stopping at t=1110649.6689693797
Saved 600 remaining particles to /scratch/group/p.phy260085.000/Mass_Fraction/Outputs/Ejection_Results/remaining_particles_2188349_4.csv
