==========================================
Mass Fraction MPI Run
==========================================
Date:               Mon Oct  5 08:40:40 CDT 2026
Host:               ac035
Array job ID:       2188349
Array task ID:      0
MPI ranks:          4
CPUs per task:      1
Nodes allocated:    1
Python:             /scratch/user/u.hm357857/.conda/envs/comets/bin/python
Conda environment:  /scratch/user/u.hm357857/.conda/envs/comets
==========================================

1.2406125323163997
1.207173762489458
2.0969130983910547
0.9998465758152437
1.3053708834932223
1.9908968694670723
1.7092963193078232
1.6203203390671634
0.9185037413161212
1.7938777747618186
1.4799921561666063
1.251451203307497
0.5110534422198836
1.1274272799612708
1.469043669903039
1.3483703921790196
1.3213243761291933
0.9348897095959217
0.8715100390601396
2.486462284275837
1.158868302028773
1.223897347391911
0.8195253459359206
1.5606070334700528
0.8501272625431062
1.9967099864208473
2.4015855236208044
0.7305565369784337
1.3657115363269219
0.6195807853544624
0.706733392712362
1.3735666647031608
0.8448338995304889
2.45136261336404
1.2595373285320892
2.366320277010633
0.677430796138244
0.6831239118747299
1.711882541796982
1.4991252422279957
1.5174041778787992
1.9483033982214226
1.2705782962687613
1.4442874267111827
2.254890976584072
1.6594291969562787
1.2554130934672196
1.6642855647696393
2.1907999473792152
2.328433418540005
1.3573651147262769
2.0815627728443316
1.9146242112920147
1.6946597892724273
1.6467780097083293
1.5665187601929313
1.794957560452538
2.29755977747602
1.7291562576278907
1.68721608381699
1.658492428194617
0.8587718974746732
2.3625338025362703
1.5577755038966106
2.134619958921216
2.160521918802556
2.342182973176032
1.3240589425896083
0.5355724721415589
1.3838426688739824
1.4224602614767414
0.6458195050386084
2.318054895725605
0.7255809881538604
1.999474111137714
1.8263540595165557
1.7693535329971037
1.2563608191651168
2.0477819325972018
2.0996519277983734
1.5415994496221601
1.0546258041257204
1.0033420762848078
2.4983283609657017
1.618441578456936
1.7646826270155498
2.2223389112366396
1.3837991526011417
1.3816666425551536
1.049056177765285
0.506761513633611
1.8839509363146558
2.045264585038714
0.7468236775041843
2.489531935098668
1.9608421254058868
0.5513998346435691
1.393193891780177
2.079489185501816
1.2024105754832335
2.2853943771996956
1.0249731876219104
1.372762255624139
0.7378769798105123
1.5017387713064627
2.3547958619990297
1.5587502109017595
0.7455924677443913
1.8295252155733837
1.416987359539956
1.4173144727339553
1.55375315641484
1.7861917990328524
1.3295025008231647
1.106946010678855
1.13926674976509
1.1106473701835682
0.5504544662271813
1.8141701290630718
0.8172863135363824
1.5089779833074093
2.1358608634757097
0.6320720915716758
1.5899698583383366
1.514398880814898
0.9901702769322813
2.241109074651643
2.207051415583833
2.0454582295991983
2.22100363623025
0.6351245421728031
1.4617676790232876
1.88997821054513
2.3975900183100856
0.7370383953072612
2.3114053252399205
1.9768030292398566
0.586365224857595
0.5424832349616808
0.7646853213071165
0.8703778976479808
0.6782770841548407
1.3969698255159233
2.0869153366202866
1.156103715921043
1.4527051493190641
0.7982451500788152
1.3451219548784545
2.139748189059277
0.8010756034232889
1.8250145891424083
0.6194574434909021
2.3881432515676004
2.3069307692398553
2.0401121280751386
0.7794530680799188
1.5985483826255282
1.8292489919211048
0.6929408701750592
2.347396044876266
1.8899784092824976
1.2045912943539836
0.7563043625937174
2.4110753401651577
2.2767254554378287
2.083751045601594
1.6178520431860857
1.0646048205587486
1.2032825257758384
2.449701737400577
0.5062151269925139
2.096983952778852
1.2656375413113914
1.0697835508715439
2.461207493369743
1.0048296633972393
1.7407149925832694
2.2990269271575143
2.0536548622031825
1.7312645810859963
0.9101392473812109
1.2766011956610253
2.3134529828701513
1.609229412019941
2.4563406720787606
1.2278937889574855
1.4486341045255422
0.685315945791201
1.8771590360235737
1.8520843918431946
0.6899858608554563
1.1914275040432862
2.472916274971852
2.406469149573305
1.6184519816791283
1.8486626080048278
2.4160688221950695
0.9433678533969383
1.1902480953287236
0.5466498236667057
1.3434058411486498
2.405141668334661
2.2948502888805287
2.1406970331241473
1.9223378407868288
1.024434063947183
2.053790921873521
1.8105751400026204
2.473247380354376
0.7421609650319305
0.9422187918888449
1.7001872689001747
1.6996973083616842
1.7206027296428583
1.4418402418614007
2.000358770990034
2.010083419624006
2.325872035339363
1.6148066321549464
1.8420264419356782
1.2747503169468537
1.2092643787978608
2.4269488673893354
0.6716402347004369
1.6577443445488356
2.316386414593609
0.8896002048114711
0.7934376556001921
2.334903457088501
1.637881923870412
1.9429418858730894
1.2794732939544555
0.7343276698875996
0.7082641345806069
1.8527508457504442
1.5451031611342172
1.25180023617615
2.194586788385149
1.6112770044690867
1.0553926863186462
1.1200157164064672
0.6555013438726314
1.9391793708635883
2.031108811066117
0.6041887083807922
0.7164476081879423
2.0927181841585094
1.4026171225109747
1.7079854844100335
1.8106489282612221
0.9399378876809821
1.8769530340902756
2.0983140664904356
0.6715454326623143
0.666994117278952
2.333765171751728
1.3304267965222414
1.2243181439324229
0.547897108851354
2.1599677684109544
0.741398942865916
1.3376835109973118
2.055635076898366
1.7787248934095738
0.8380885272405763
1.0058107469697037
0.6724873847114374
1.2611599286404598
0.5516804911645674
0.6317402533089747
2.408106249021155
1.6736571735365355
2.0969662090343926
0.5008635650032751
2.390845195946498
1.6646042538581427
1.6085884716281456
0.767657542031027
2.3971813720715796
2.2893339291786434
0.7458754194832706
0.6232866525325975
0.7540457693954239
0.882365654577983
1.0115569532939948
0.584718905876507
0.5077713943028173
2.1695652621200496
1.723098304388519
1.2555820005408658
1.302371916890237
1.7267172313049162
0.9888657989788932
0.7041032299472079
1.9263881241486878
0.5444537995137722
1.3096711976846398
1.6716523264926284
1.4851497540067622
1.1771151728310223
1.6829335908401293
1.7501184395845029
2.3933785699561767
1.3889037928310777
0.7394123658380716
2.4033503810277184
2.394093568430184
2.340306861650186
0.9879218395171814
0.8587361931371871
1.7481477607612452
1.1900532590867328
1.5959112837464433
0.5097738850014533
1.1037797639471632
0.7955036550417522
1.630904287415359
1.7758881058135234
2.209062845354449
1.7104813596558646
0.7803581886276343
1.5880233554103553
2.2686241967391574
1.2254689280191007
2.4668599617655245
1.789495865535923
1.8506992581819224
2.4051084137541316
2.316267196542551
2.1570708814732447
0.9178054479961901
1.9075909798583341
0.941969844564376
0.6691937904107406
2.439022368354599
0.5892450009738508
2.497841003975308
1.0693478142480204
1.4090407186293628
0.8666890566389647
1.9552544121563775
0.9583664639897631
0.7476361200931156
0.9015395515063462
1.818708245750883
1.6418747804581604
0.9416234663402019
0.6681396039511582
1.2517376976123988
2.4289472895702784
0.5305247716716512
1.5824727324689254
1.4352669720490985
2.021928532896018
1.5286393935798395
2.3610567526656623
1.843604192193725
0.5892349632257003
1.6345139964113133
1.8510406425112573
1.6221015479628251
1.5700784271457708
1.749933097610391
1.186889239131151
1.4989355565226428
1.6778539678242081
0.6352560433320107
0.8875579228855124
1.4629657623536203
1.2274594058379649
0.8657657045518108
1.5254271344643031
2.225693162987016
2.033184412433605
1.908401068054178
0.7796534054430444
1.0764914737727074
1.1020967249885418
1.411367634807149
2.351123625834524
1.4106203097084549
1.709460869762903
2.2254535927800694
2.281895680813177
0.9618065385546202
1.7434690670581565
1.6056229952268144
1.1727190317006562
0.7386318099020179
0.9202937448775081
2.2332114006739485
2.4328994443991423
0.806172884001694
0.6589313117523061
2.2807386909339344
0.5539673208429445
1.2124251666356465
2.4680363501415497
1.5334186483450039
2.037871622210022
2.2940972060164815
1.3399193288172047
1.0570232206438155
2.018154522831922
0.6157609218495945
2.4410206080907555
2.4506294812002567
1.3281725093899839
0.80315316789628
1.9933109043243737
1.775343089263271
1.4396212337380005
1.8147637087578137
1.0771729649817408
0.8264958371235696
1.9751835857382858
1.0736955815367368
1.1207808671718267
1.431172977313047
2.2640912964203297
0.5522438590959293
0.523744325341654
1.3041094254645706
2.349957596928978
2.354637058416687
0.5029994841789196
2.284698641496731
1.6212233987314
2.4201239232221337
1.4120676057092254
1.790754973110953
0.72361051614606
0.8363535236920443
1.9635654535607903
2.0637247458965686
1.2240583951430724
0.9083070057386318
2.197120259545701
1.2569200001193463
0.7700974446973421
2.4223093501624477
0.9390977058926901
0.8881856737180227
0.5604459836892539
1.5388687004878936
2.1604081428279702
1.397684212018236
1.6674777334136188
1.9512668387746719
0.683490102447962
0.8883337511523615
1.2319379821033638
2.0744464530561557
1.7779452760346783
1.331617376777519
1.6430713780992363
2.118766642943446
1.396808193941486
0.8749802150309183
1.7020279396771087
1.2281730319678634
0.5244011851587875
1.6011819218166026
1.087836380380747
2.307739543142043
1.8942206439466558
2.0987979168420523
1.5996210053231639
2.3587474004063447
2.343385404284578
2.229938502720855
2.403357405288311
1.5659983901475747
2.2499205890093146
0.6221793881339457
1.925777660182387
0.7728349668293462
0.6702831644411138
0.7839385574935309
1.8294850401372214
1.2149988315229414
2.2480869412198805
0.5392452174323392
1.2578416444495333
2.1165442476461385
2.3835139492654775
1.0545569032527606
1.1437067873400595
1.8225106740879586
1.3415036364984922
1.3669522937407554
0.8876516503750111
0.7671854956798363
0.6053535080690233
0.8178333384722289
0.928417909273838
0.7318890613890003
0.746757532011445
2.0493997344748522
1.5928946565456414
1.524110156103136
0.6946564036614722
1.368729886682629
0.8199467166629744
2.212754626837561
1.2668812812126236
0.9817887571220587
1.1127496127328753
2.168989742766081
2.44631994580967
2.1339167931552177
2.2254538745836308
2.488482195996423
1.2172437130985154
1.9866035750378461
2.0189482361977324
2.4076407718671646
0.7534385434414244
1.4374124193222313
1.1637154949689712
1.8003570397246536
1.234544224996606
2.371403818623163
1.2382451244661237
1.2195053663532056
1.1120105228751567
2.1943306114972447
2.399986254959855
0.8206693229093056
1.3101071935214588
0.5497380108838505
2.43631378182217
2.0721420248671985
1.1674888168182724
0.7268991546164878
1.039800168537922
2.2787070330974437
1.9222755797842936
0.9970768302015971
1.9542123482165403
1.4055896503770307
1.1668262231604958
1.1552317454048173
1.518906830903235
0.595147787477496
1.1922183513044586
1.6718106717618209
0.5099555720458406
2.455390149689859
1.776205713234949
1.3181307173095311
1.6960056592522519
1.7447148270249684
2.0058048003609774
2.169386115080938
2.2012783176327195
1.4346336459880462
2.427153618944722
0.7434524693916846
1.6497888903222064
1.528718411058946
0.6059020986828296
1.5191892737022514
1.4035904978392306
1.3787027584200027
1.193247700865698
2.344258299072381
0.871769449733764
1.3042365339495747
0.9639937053247438
0.6313052118379365
1.550405639095293
0.5962500128266546
1.6307460312290833
0.5894474014754458
1.78937460117908
1.7236118738337125
2.471768362430451
1.587656140912458
1.7042730838082645
2.4761671659626376
1.378547661899382
1.2461641323619266
0.5347565769461333
2.204141082833759
1.729652169484465
1.1512967000635033
1.87296128110193
0.9466962642496675
1.8864644524050567
1.185114259371466
1.8072732099512967
2.362180547145268
0.6341911784632082
0.857539220869032
0.5776726285452276
1.8118008752739063
1.519693695515678
0.7272087303505617
2.193975333579246
0.5677147785998578
2.200129450985153
2.2288387882103606
1.172674019299923
1.3133580107379055
2.4521916977727845
2.0019400923577297
0.5748216827287993
2.4442548544628475
0.7960692484466794
0.6908643752898176
1.4554505213149393
1.111182534193855
1.9448562784304944
0.8866660294794624
1.9065641571452823
2.3698208194891395
0.9177262037825911
1.847514276248912
0.9569372624981465
0.9068488662276153
1.758783546941384
2.2062919352407784
1.6741129953892568
1.4958070845649762
2.2249851451116442
0.6426901473814486
0.6935796684002427
1.1061067159178912
1.2021331892023053
2.2688962635791947
1.7973106473702067
2.0947875709324872
1.6664691938237168
2.4434614673024093
1.6384865398554382
0.6497902593873872
1.6683630086365968
1.5114036051142796
1.1833123193520716
1.4243373144602012
0.5398615469277852
1.0804525290095017
2.13704616087138
2.1136209271780895
2.027885669167812
1.4438483948912595
1.0741035619780759
1.780467246294786
2.1760727240336086
1.9105607110906024
1.6822334241207466
1.1395092408282137
1.4286798303950643
0.5624849406782089
0.8503549984636247
1.9528564557023138
1.9296135380208277
1.961696078494124
1.0666756655197978
1.598969053628936
0.6045259026366103
0.9623356227893534
1.8944852550133184
0.9531631452026297
2.0074152281530804
1.9595883238248681
1.2388571943269675
2.042658776857306
2.389347533741142
1.1595039010308186
1.7246872780348876
2.3728431481294128
1.3950175874153048
2.495818444765514
1.9926757411336613
0.5543112814261186
1.0720936204570821
1.5617205714902647
2.2035378516614754
2.2145686270851987
2.447884898292954
1.1698253038272992
0.743700655568156
1.2806073039226056
2.1422869968450002
1.281518980988264
0.8641835025482478
1.8031932905980181
1.1304900612333735
2.093348934438651
1.532070568788655
1.2366156319444999
0.9186806699063512
1.2335557845183613
2.1507906747917493
1.4984755315082743
1.7134691055402493
1.0548142724314769
0.7588201466681286
0.545239916342984
0.7342347359737982
2.027474807503411
1.719245324949193
0.6721425577563458
2.0610324977415146
1.6131454483462766
1.8632660497890883
0.9911877705071628
0.7557019141411931
1.4357822544631462
1.2149615468620885
1.1195941411287693
1.2159315207104877
2.0828203702438413
2.066393088309132
2.38188194215641
2.189944435222251
2.2563585497139935
2.331684800791751
1.7371962805989127
0.8328702243064887
0.8258019413285782
1.5502457997030108
1.8768197395500714
1.44664001264656
1.997985231524279
0.6119536265956866
2.2051624057888257
2.1000917153155125
1.4289591859436472
0.8026052119366549
1.1486034920295933
1.9170403003540304
1.9331739670627268
0.5241917650725612
2.4377854005076784
1.5197546523104963
2.303840573667978
0.6757121944242868
1.934290286769641
1.1053606757080456
1.3373723585957005
1.0997706757629284
0.5315738799529304
1.0598673972782235
2.351312216722466
2.2903397599944704
1.1902015634602843
1.7449802167207467
1.3287000036494523
2.193148626622886
1.78969834550313
1.009073983323251
2.316100064775198
1.0314148729715642
0.8815291051845786
0.6364058134560324
2.3736488861692147
1.5748359653891888
2.4692038043676106
1.134551370254986
2.312987509815642
2.320619275276144
1.146413393592614
1.4717979640418393
2.1329635337176747
2.498770216569176
2.041090768292164
0.7346182142018249
2.1368609135209535
1.7042257655316206
0.7997809319563707
1.6393804027039074
1.0738217857234447
Rank 2: 200 simulations
1.8879793344609568
2.454764828141346
2.300098457263031
Running 800 simulations with 4 MPI ranks
Rank 0: 200 simulations
0.5393687610279749
1.5993179432954632
1.1624807719817265
0.9467235308825706
2.0076669329876635
0.604701101543798
1.98155189699506
1.290392011497691
2.0884950064283054
0.933527866688558
1.1366995387882084
1.3237549647115057
1.4635097927561638
2.4592204782400713
2.200405140092297
1.5979139771471176
0.73211064222738
1.3841314944043697
2.1825918888060745
1.2136337858258393
1.4769592033031718
Rank 3: 200 simulations
2.2083771786325164
Rank 1: 200 simulations
t=99504  fraction=0.48750  peak_slope=1.608e-05  t_peak=28856  comparison cadence=99504  difference=0.48750  below=0/3
t=100499  fraction=0.48875  peak_slope=1.608e-05  t_peak=28856  comparison cadence=99504  difference=0.48875  below=0/3
t=101494  fraction=0.49125  peak_slope=1.608e-05  t_peak=28856  comparison cadence=99504  difference=0.49125  below=0/3
t=102489  fraction=0.49250  peak_slope=1.608e-05  t_peak=28856  comparison cadence=99504  difference=0.49250  below=0/3
t=103484  fraction=0.49375  peak_slope=1.608e-05  t_peak=28856  comparison cadence=99504  difference=0.49375  below=0/3
t=104479  fraction=0.49500  peak_slope=1.608e-05  t_peak=28856  comparison cadence=99504  difference=0.49500  below=0/3
t=105474  fraction=0.49625  peak_slope=1.608e-05  t_peak=28856  comparison cadence=99504  difference=0.49625  below=0/3
t=106469  fraction=0.49750  peak_slope=1.608e-05  t_peak=28856  comparison cadence=99504  difference=0.49750  below=0/3
t=107464  fraction=0.50000  peak_slope=1.608e-05  t_peak=28856  comparison cadence=99504  difference=0.50000  below=0/3
t=108459  fraction=0.50125  peak_slope=1.608e-05  t_peak=28856  comparison cadence=99504  difference=0.50125  below=0/3
t=109454  fraction=0.50250  peak_slope=1.608e-05  t_peak=28856  comparison cadence=99504  difference=0.50250  below=0/3
t=110449  fraction=0.50250  peak_slope=1.608e-05  t_peak=28856  comparison cadence=99504  difference=0.50250  below=0/3
t=111444  fraction=0.50375  peak_slope=1.608e-05  t_peak=28856  comparison cadence=99504  difference=0.50375  below=0/3
t=112439  fraction=0.50375  peak_slope=1.608e-05  t_peak=28856  comparison cadence=99504  difference=0.50375  below=0/3
t=113434  fraction=0.50375  peak_slope=1.608e-05  t_peak=28856  comparison cadence=99504  difference=0.50250  below=0/3
t=114429  fraction=0.50500  peak_slope=1.608e-05  t_peak=28856  comparison cadence=99504  difference=0.50375  below=0/3
t=115424  fraction=0.50750  peak_slope=1.608e-05  t_peak=28856  comparison cadence=99504  difference=0.50625  below=0/3
t=116419  fraction=0.50750  peak_slope=1.608e-05  t_peak=28856  comparison cadence=99504  difference=0.50250  below=0/3
t=117414  fraction=0.50750  peak_slope=1.608e-05  t_peak=28856  comparison cadence=99504  difference=0.50125  below=0/3
t=118409  fraction=0.50875  peak_slope=1.608e-05  t_peak=28856  comparison cadence=99504  difference=0.49750  below=0/3
t=119404  fraction=0.51000  peak_slope=1.608e-05  t_peak=28856  comparison cadence=99504  difference=0.49000  below=0/3
t=120400  fraction=0.51250  peak_slope=1.608e-05  t_peak=28856  comparison cadence=99504  difference=0.48375  below=0/3
t=121395  fraction=0.51250  peak_slope=1.608e-05  t_peak=28856  comparison cadence=99504  difference=0.47125  below=0/3
t=122390  fraction=0.51250  peak_slope=1.608e-05  t_peak=28856  comparison cadence=99504  difference=0.46000  below=0/3
t=123385  fraction=0.51375  peak_slope=1.608e-05  t_peak=28856  comparison cadence=99504  difference=0.44875  below=0/3
t=124380  fraction=0.51375  peak_slope=1.608e-05  t_peak=28856  comparison cadence=99504  difference=0.42750  below=0/3
t=125375  fraction=0.51500  peak_slope=1.608e-05  t_peak=28856  comparison cadence=99504  difference=0.41750  below=0/3
t=126370  fraction=0.51750  peak_slope=1.608e-05  t_peak=28856  comparison cadence=99504  difference=0.40875  below=0/3
t=127365  fraction=0.51750  peak_slope=1.608e-05  t_peak=28856  comparison cadence=99504  difference=0.38875  below=0/3
t=128360  fraction=0.51750  peak_slope=1.608e-05  t_peak=28856  comparison cadence=99504  difference=0.37250  below=0/3
t=129355  fraction=0.51750  peak_slope=1.608e-05  t_peak=28856  comparison cadence=99504  difference=0.35875  below=0/3
t=130350  fraction=0.51875  peak_slope=1.608e-05  t_peak=28856  comparison cadence=99504  difference=0.35125  below=0/3
t=131345  fraction=0.52000  peak_slope=1.608e-05  t_peak=28856  comparison cadence=99504  difference=0.34000  below=0/3
t=132340  fraction=0.52000  peak_slope=1.608e-05  t_peak=28856  comparison cadence=99504  difference=0.32500  below=0/3
t=133335  fraction=0.52000  peak_slope=1.608e-05  t_peak=28856  comparison cadence=99504  difference=0.31125  below=0/3
t=134330  fraction=0.52250  peak_slope=1.608e-05  t_peak=28856  comparison cadence=99504  difference=0.30375  below=0/3
t=135325  fraction=0.52250  peak_slope=1.608e-05  t_peak=28856  comparison cadence=99504  difference=0.29375  below=0/3
t=136320  fraction=0.52250  peak_slope=1.608e-05  t_peak=28856  comparison cadence=99504  difference=0.28250  below=0/3
t=137315  fraction=0.52375  peak_slope=1.608e-05  t_peak=28856  comparison cadence=99504  difference=0.27875  below=0/3
t=138310  fraction=0.52375  peak_slope=1.608e-05  t_peak=28856  comparison cadence=99504  difference=0.26875  below=0/3
t=139305  fraction=0.52375  peak_slope=1.608e-05  t_peak=28856  comparison cadence=99504  difference=0.25625  below=0/3
t=140300  fraction=0.52500  peak_slope=1.608e-05  t_peak=28856  comparison cadence=99504  difference=0.25125  below=0/3
t=141295  fraction=0.52500  peak_slope=1.608e-05  t_peak=28856  comparison cadence=99504  difference=0.25125  below=0/3
t=142290  fraction=0.52500  peak_slope=1.608e-05  t_peak=28856  comparison cadence=99504  difference=0.24500  below=0/3
t=143285  fraction=0.52625  peak_slope=1.608e-05  t_peak=28856  comparison cadence=99504  difference=0.23625  below=0/3
t=144280  fraction=0.52750  peak_slope=1.608e-05  t_peak=28856  comparison cadence=99504  difference=0.22750  below=0/3
t=145275  fraction=0.52750  peak_slope=1.608e-05  t_peak=28856  comparison cadence=99504  difference=0.21875  below=0/3
t=146270  fraction=0.52875  peak_slope=1.608e-05  t_peak=28856  comparison cadence=99504  difference=0.21125  below=0/3
t=147266  fraction=0.53250  peak_slope=1.608e-05  t_peak=28856  comparison cadence=99504  difference=0.20875  below=0/3
t=148261  fraction=0.53375  peak_slope=1.608e-05  t_peak=28856  comparison cadence=99504  difference=0.20000  below=0/3
t=149256  fraction=0.53375  peak_slope=1.608e-05  t_peak=28856  comparison cadence=99504  difference=0.19375  below=0/3
t=150251  fraction=0.53375  peak_slope=1.608e-05  t_peak=28856  comparison cadence=99504  difference=0.18625  below=0/3
t=151246  fraction=0.53625  peak_slope=1.608e-05  t_peak=28856  comparison cadence=99504  difference=0.18125  below=0/3
t=152241  fraction=0.53625  peak_slope=1.608e-05  t_peak=28856  comparison cadence=99504  difference=0.17875  below=0/3
t=153236  fraction=0.53625  peak_slope=1.608e-05  t_peak=28856  comparison cadence=99504  difference=0.17500  below=0/3
t=154231  fraction=0.53625  peak_slope=1.608e-05  t_peak=28856  comparison cadence=99504  difference=0.17125  below=0/3
t=155226  fraction=0.53625  peak_slope=1.608e-05  t_peak=28856  comparison cadence=99504  difference=0.16375  below=0/3
t=156221  fraction=0.53875  peak_slope=1.608e-05  t_peak=28856  comparison cadence=99504  difference=0.16000  below=0/3
t=157216  fraction=0.53875  peak_slope=1.608e-05  t_peak=28856  comparison cadence=99504  difference=0.15750  below=0/3
t=158211  fraction=0.53875  peak_slope=1.608e-05  t_peak=28856  comparison cadence=99504  difference=0.15375  below=0/3
t=159206  fraction=0.54000  peak_slope=1.608e-05  t_peak=28856  comparison cadence=99504  difference=0.15000  below=0/3
t=160201  fraction=0.54125  peak_slope=1.608e-05  t_peak=28856  comparison cadence=99504  difference=0.14875  below=0/3
t=161196  fraction=0.54125  peak_slope=1.608e-05  t_peak=28856  comparison cadence=99504  difference=0.14625  below=0/3
t=162191  fraction=0.54250  peak_slope=1.608e-05  t_peak=28856  comparison cadence=99504  difference=0.14000  below=0/3
t=163186  fraction=0.54250  peak_slope=1.608e-05  t_peak=28856  comparison cadence=99504  difference=0.13750  below=0/3
t=164181  fraction=0.54250  peak_slope=1.608e-05  t_peak=28856  comparison cadence=99504  difference=0.13125  below=0/3
t=165176  fraction=0.54375  peak_slope=1.608e-05  t_peak=28856  comparison cadence=99504  difference=0.13000  below=0/3
t=166171  fraction=0.54375  peak_slope=1.608e-05  t_peak=28856  comparison cadence=99504  difference=0.12750  below=0/3
t=167166  fraction=0.54375  peak_slope=1.608e-05  t_peak=28856  comparison cadence=99504  difference=0.12375  below=0/3
t=168161  fraction=0.54375  peak_slope=1.608e-05  t_peak=28856  comparison cadence=99504  difference=0.11875  below=0/3
t=169156  fraction=0.54375  peak_slope=1.608e-05  t_peak=28856  comparison cadence=99504  difference=0.11875  below=0/3
t=170151  fraction=0.54375  peak_slope=1.608e-05  t_peak=28856  comparison cadence=99504  difference=0.11625  below=0/3
t=171146  fraction=0.54500  peak_slope=1.608e-05  t_peak=28856  comparison cadence=99504  difference=0.11750  below=0/3
t=172141  fraction=0.54500  peak_slope=1.608e-05  t_peak=28856  comparison cadence=99504  difference=0.11625  below=0/3
t=173136  fraction=0.54500  peak_slope=1.608e-05  t_peak=28856  comparison cadence=99504  difference=0.11375  below=0/3
t=174132  fraction=0.54625  peak_slope=1.608e-05  t_peak=28856  comparison cadence=99504  difference=0.11375  below=0/3
t=175127  fraction=0.54625  peak_slope=1.608e-05  t_peak=28856  comparison cadence=99504  difference=0.11125  below=0/3
t=176122  fraction=0.54625  peak_slope=1.608e-05  t_peak=28856  comparison cadence=99504  difference=0.11000  below=0/3
t=177117  fraction=0.54625  peak_slope=1.608e-05  t_peak=28856  comparison cadence=99504  difference=0.10625  below=0/3
t=178112  fraction=0.54750  peak_slope=1.608e-05  t_peak=28856  comparison cadence=99504  difference=0.10375  below=0/3
t=179107  fraction=0.54750  peak_slope=1.608e-05  t_peak=28856  comparison cadence=99504  difference=0.10250  below=0/3
t=180102  fraction=0.54750  peak_slope=1.608e-05  t_peak=28856  comparison cadence=99504  difference=0.09875  below=0/3
t=181097  fraction=0.54750  peak_slope=1.608e-05  t_peak=28856  comparison cadence=99504  difference=0.09375  below=0/3
t=182092  fraction=0.54750  peak_slope=1.608e-05  t_peak=28856  comparison cadence=99504  difference=0.09375  below=0/3
t=183087  fraction=0.54875  peak_slope=1.608e-05  t_peak=28856  comparison cadence=99504  difference=0.09125  below=0/3
t=184082  fraction=0.54875  peak_slope=1.608e-05  t_peak=28856  comparison cadence=99504  difference=0.09000  below=0/3
t=185077  fraction=0.54875  peak_slope=1.608e-05  t_peak=28856  comparison cadence=99504  difference=0.08875  below=0/3
t=186072  fraction=0.54875  peak_slope=1.608e-05  t_peak=28856  comparison cadence=99504  difference=0.08875  below=0/3
t=187067  fraction=0.55000  peak_slope=1.608e-05  t_peak=28856  comparison cadence=99504  difference=0.08875  below=0/3
t=188062  fraction=0.55000  peak_slope=1.608e-05  t_peak=28856  comparison cadence=99504  difference=0.08625  below=0/3
t=189057  fraction=0.55000  peak_slope=1.608e-05  t_peak=28856  comparison cadence=99504  difference=0.08000  below=0/3
t=190052  fraction=0.55000  peak_slope=1.608e-05  t_peak=28856  comparison cadence=99504  difference=0.07875  below=0/3
t=191047  fraction=0.55000  peak_slope=1.608e-05  t_peak=28856  comparison cadence=99504  difference=0.07500  below=0/3
t=192042  fraction=0.55000  peak_slope=1.608e-05  t_peak=28856  comparison cadence=99504  difference=0.07375  below=0/3
t=193037  fraction=0.55000  peak_slope=1.608e-05  t_peak=28856  comparison cadence=99504  difference=0.07250  below=0/3
t=194032  fraction=0.55000  peak_slope=1.608e-05  t_peak=28856  comparison cadence=99504  difference=0.07000  below=0/3
t=195027  fraction=0.55000  peak_slope=1.608e-05  t_peak=28856  comparison cadence=99504  difference=0.07000  below=0/3
t=196022  fraction=0.55000  peak_slope=1.608e-05  t_peak=28856  comparison cadence=99504  difference=0.06750  below=0/3
t=197017  fraction=0.55000  peak_slope=1.608e-05  t_peak=28856  comparison cadence=99504  difference=0.06625  below=0/3
t=198012  fraction=0.55000  peak_slope=1.608e-05  t_peak=28856  comparison cadence=99504  difference=0.06500  below=0/3
t=199007  fraction=0.55000  peak_slope=1.608e-05  t_peak=28856  comparison cadence=99504  difference=0.06250  below=0/3
t=200002  fraction=0.55000  peak_slope=1.608e-05  t_peak=28856  comparison cadence=99504  difference=0.06125  below=0/3
t=200998  fraction=0.55000  peak_slope=1.608e-05  t_peak=28856  comparison cadence=99504  difference=0.05875  below=0/3
t=201993  fraction=0.55000  peak_slope=1.608e-05  t_peak=28856  comparison cadence=99504  difference=0.05750  below=0/3
t=202988  fraction=0.55000  peak_slope=1.608e-05  t_peak=28856  comparison cadence=99504  difference=0.05625  below=0/3
t=203983  fraction=0.55000  peak_slope=1.608e-05  t_peak=28856  comparison cadence=99504  difference=0.05500  below=0/3
t=204978  fraction=0.55000  peak_slope=1.608e-05  t_peak=28856  comparison cadence=99504  difference=0.05375  below=0/3
t=205973  fraction=0.55000  peak_slope=1.608e-05  t_peak=28856  comparison cadence=99504  difference=0.05250  below=0/3
t=206968  fraction=0.55000  peak_slope=1.608e-05  t_peak=28856  comparison cadence=99504  difference=0.05000  below=0/3
t=207963  fraction=0.55000  peak_slope=1.608e-05  t_peak=28856  comparison cadence=99504  difference=0.04875  below=0/3
t=208958  fraction=0.55000  peak_slope=1.608e-05  t_peak=28856  comparison cadence=99504  difference=0.04750  below=0/3
t=209953  fraction=0.55125  peak_slope=1.608e-05  t_peak=28856  comparison cadence=99504  difference=0.04875  below=0/3
t=210948  fraction=0.55125  peak_slope=1.608e-05  t_peak=28856  comparison cadence=99504  difference=0.04750  below=0/3
t=211943  fraction=0.55125  peak_slope=1.608e-05  t_peak=28856  comparison cadence=99504  difference=0.04750  below=0/3
t=212938  fraction=0.55125  peak_slope=1.608e-05  t_peak=28856  comparison cadence=99504  difference=0.04750  below=0/3
t=213933  fraction=0.55125  peak_slope=1.608e-05  t_peak=28856  comparison cadence=99504  difference=0.04625  below=0/3
t=214928  fraction=0.55125  peak_slope=1.608e-05  t_peak=28856  comparison cadence=99504  difference=0.04375  below=0/3
t=215923  fraction=0.55125  peak_slope=1.608e-05  t_peak=28856  comparison cadence=99504  difference=0.04375  below=0/3
t=216918  fraction=0.55125  peak_slope=1.608e-05  t_peak=28856  comparison cadence=99504  difference=0.04375  below=0/3
t=217913  fraction=0.55375  peak_slope=1.608e-05  t_peak=28856  comparison cadence=99504  difference=0.04500  below=0/3
t=218908  fraction=0.55375  peak_slope=1.608e-05  t_peak=28856  comparison cadence=99504  difference=0.04375  below=0/3
t=219903  fraction=0.55375  peak_slope=1.608e-05  t_peak=28856  comparison cadence=99504  difference=0.04125  below=0/3
t=220898  fraction=0.55375  peak_slope=1.608e-05  t_peak=28856  comparison cadence=99504  difference=0.04125  below=0/3
t=221893  fraction=0.55625  peak_slope=1.608e-05  t_peak=28856  comparison cadence=99504  difference=0.04375  below=0/3
t=222888  fraction=0.55625  peak_slope=1.608e-05  t_peak=28856  comparison cadence=99504  difference=0.04250  below=0/3
t=223883  fraction=0.55750  peak_slope=1.608e-05  t_peak=28856  comparison cadence=99504  difference=0.04375  below=0/3
t=224878  fraction=0.55750  peak_slope=1.608e-05  t_peak=28856  comparison cadence=99504  difference=0.04250  below=0/3
t=225873  fraction=0.55750  peak_slope=1.608e-05  t_peak=28856  comparison cadence=99504  difference=0.04000  below=0/3
t=226868  fraction=0.55750  peak_slope=1.608e-05  t_peak=28856  comparison cadence=99504  difference=0.04000  below=0/3
t=227864  fraction=0.55750  peak_slope=1.608e-05  t_peak=28856  comparison cadence=99504  difference=0.04000  below=0/3
t=228859  fraction=0.55750  peak_slope=1.608e-05  t_peak=28856  comparison cadence=99504  difference=0.04000  below=0/3
t=229854  fraction=0.55750  peak_slope=1.608e-05  t_peak=28856  comparison cadence=99504  difference=0.03875  below=1/3
t=230849  fraction=0.55750  peak_slope=1.608e-05  t_peak=28856  comparison cadence=99504  difference=0.03750  below=2/3
t=231844  fraction=0.55875  peak_slope=1.608e-05  t_peak=28856  comparison cadence=99504  difference=0.03875  below=3/3
Stopping at t=231843.66531892747
Saved 347 remaining particles to /scratch/group/p.phy260085.000/Mass_Fraction/Outputs/Ejection_Results/remaining_particles_2188349_0.csv
