==========================================
Mass Fraction MPI Run
==========================================
Date:               Mon Oct  5 08:41:11 CDT 2026
Host:               ac108
Array job ID:       2188349
Array task ID:      5
MPI ranks:          4
CPUs per task:      1
Nodes allocated:    1
Python:             /scratch/user/u.hm357857/.conda/envs/comets/bin/python
Conda environment:  /scratch/user/u.hm357857/.conda/envs/comets
==========================================

0.7615045971491392
2.287661670085591
1.991962386592659
0.8530760714008674
0.9010092630529467
2.3306859691495667
0.8738105977152644
0.5772951278810903
2.3958236581921164
1.1655085177929065
2.4062436506833818
1.1076289871052087
1.1476929028715097
0.9903340910076055
2.218219592847283
1.0274069834753847
1.2523676869583427
0.8777876159125722
1.0741710087558975
2.4163991638753406
1.3283819851986485
2.0757196092607506
2.1024342695277953
1.5338042271789685
2.1891958606688435
1.1768881789610524
1.02692922234665
1.6864947945450557
1.417932477900505
0.8347808777384407
0.6693736929053002
1.908337242662679
1.337312986189997
2.2672403210429266
0.6117347824513293
1.5002866221058988
2.294245000183878
2.1305262838183503
1.131975026188727
2.261699470337197
0.6350093995489534
1.2189181422110624
2.21707074585908
2.2330459662242172
1.3275109258743745
1.4687668028241212
1.0020096216580614
2.0631978401020863
0.5948197842348057
0.7534503378970248
2.284760912118828
1.1449544678018213
1.9457921343805784
1.2581633010197055
2.115213642668612
0.8332864276680347
2.0718517864361115
0.6931523114265232
0.6527061769496294
1.314546657846752
0.9629903012316949
2.4433339924217234
1.7672739497226437
0.9568601273418669
2.080076675829968
2.4843949093593896
0.574995497288814
0.8761824578348352
1.0570721829758638
2.207346679197472
2.45917317319225
1.2000753767421914
1.326870764787268
2.476878130005467
1.7807740859204018
1.0291407403048416
1.6821815335968615
1.7351927071577062
1.2968910544291217
2.2809164206520247
2.2126081120434624
2.297909507720319
1.7222231085414792
1.4158402728643875
1.0395774453683388
1.7534268981541217
1.0798533667750327
1.2601744820545258
1.9635496787398337
1.3295648954897419
1.7205777394514363
0.5588281617253839
1.8660567322864199
1.2489149871308303
2.0452330749286896
0.9958409341656476
2.1898728605543787
1.732843526189784
1.474385835806864
0.6025847113184462
0.5049355950932173
2.412360781714302
2.497927065132215
1.595513096821167
0.9383256721896494
0.5768374651129495
1.839102818138909
2.327399009013657
2.3546831474603285
1.4863115429071279
2.345516380218211
1.6187226468579579
1.4255867484263252
0.9344283102595565
0.602386785543626
1.633416363801339
1.4494908229524897
2.4813611967769122
1.0776566713942388
2.0020791508252964
1.6298891609223731
1.8253367022433316
0.9657327780524181
1.1581819870347019
2.1916436369461687
2.087380108351
1.977883962013947
2.311311108960076
2.452435573554105
0.7856164478035217
2.3910175999648313
1.6495884901768576
0.8053387359388293
1.9863517413122607
2.0593132382588077
2.1066010274942126
0.9738873809821091
1.72151354776573
1.1872478025481272
2.4286439249311207
0.8835403378595779
2.492816196199583
1.021603495825947
1.7353322475432267
1.7590522804450055
1.9347491980274765
0.5516214580937369
2.031085010550926
0.9439896381544592
2.490878839510245
1.6884050080061437
1.315591950152866
2.2272312047348777
0.9609883273468953
1.5536162692384814
1.7776145225289535
1.2536486225710697
1.4320421942744805
0.879327814047389
2.385224923263135
2.060044110341531
0.5112265386164181
1.395414689729718
2.239151825359004
0.6538727606568735
1.1811502292901115
2.3515559477659047
1.0748718914174182
1.3716027445092136
0.5171396049157684
2.0291756812396717
2.0498197421078954
2.3288077369054836
1.7221561365891558
0.7424767690835092
1.620705923329445
0.7036482968170747
0.9051063759210032
2.4790372321567165
2.179147825703871
1.4384795281434035
0.6388077801046754
1.9161288995156303
1.9975048474985813
1.5185698511219494
2.2169450487169455
2.159915411043225
2.3566193912479365
2.1956486819925147
0.5526348488728057
2.230773554225489
1.6720659529116928
0.7488987220407721
0.8804432457016058
0.5085775993388619
2.1785458212736195
1.1625837149005918
0.7840001802006824
2.118656882050768
2.0630955798400525
0.9422644756010907
0.748441229921216
1.312229452840445
0.8048433920096965
0.9872865282529399
1.0560564084093316
1.4310007903553503
2.1201050785206563
1.4031864103236265
1.3625347176202443
2.0809827755041903
0.7621628424129967
1.5640294023268182
1.2760001107292587
2.2855733927674855
1.2920458842949576
0.9258611691998608
0.9381892022533047
0.9541676393291292
0.7000888328167563
0.5870266760506408
0.7673149630526421
2.283017395515531
1.9539742537346736
2.3130888816569213
2.2966454106057252
2.223075714735576
1.831827552036275
2.101967877164526
1.12376994528986
2.183498204762301
0.5356753599622082
0.6639485350171315
2.3060667926869893
1.913920349303515
0.9188706241902413
1.0475649946383447
1.4233276077942598
1.1982187077027227
2.058356803790578
0.914239650896354
1.6225173290210513
1.6177596527124782
1.1750147797542323
0.691204832144477
2.073778659696748
0.8020290353138739
1.7133755368331232
0.6924931763033877
0.8183295851760855
1.8985333530999509
0.5062015930039536
1.3392772015021575
0.6258769921078973
0.8802482336748196
2.3677391604106734
0.6572020032814443
2.370563916749302
0.9096393188411485
0.9105921258685854
1.8930480516166017
1.8150868657843104
0.9677164394569648
1.9951072263259533
0.9567930998206067
1.80793516469997
1.555384715190211
1.709731846598197
1.8300288985205202
0.7412845363040366
1.8571774994836947
1.9139385352349314
1.0746181345195187
2.0507444897570943
0.9984709094846935
1.5719029165066711
1.2411499667245
0.5756757088435382
2.4528142262471757
2.0701252826939727
1.454575091387402
1.0589925855604752
1.8552444192111588
1.3733128886947574
1.6593927230043253
1.3335332422081647
0.7545272574945083
2.1971800091845592
1.344151018884801
1.7384612148083598
2.418349945315539
1.551256949106521
0.5883118321846916
1.6286838244423487
1.5804252458834804
2.200691189164025
0.5594462107869056
0.9590425760942536
2.0575711218321415
1.6409288350113362
1.0698005394498968
0.6471615010781926
0.5795666716393093
0.5787993485831271
2.1865071326976673
2.1225887901684013
1.6346721335019112
0.8028688987464072
1.509665917403688
1.580679573809584
1.7160739357273456
1.5194729538598495
1.433160509421439
2.1701438469661998
1.432949582518187
1.8548047024369059
1.5926434536799532
1.9855135395670163
2.274152595752418
1.6410287194753985
1.9375670639950875
2.1462348128396176
2.158750300515069
1.275717823730773
1.9573493007618115
2.200680708805309
2.128683244540282
2.054001410201504
2.439980344663419
1.4115723223377779
2.0417062911064443
2.4863188246909713
2.1047559894762378
2.178248721728176
1.5151741036293016
1.0532166797088711
2.1833306009875977
0.9806251055303814
1.0083286625188523
1.129429934607162
1.3615731774973872
1.5497248548702438
1.336792210691579
1.2697412862162007
2.1449862984468115
0.6419902888683109
2.1588659939904957
0.7219712376544725
1.5403967957800424
1.4004294020708223
0.8471124636831442
2.278705080396915
2.3523846878819805
1.2022394759847035
0.5302457659603592
1.5763450327855664
2.384690025618
0.7515801642131399
1.3768415211613463
2.1056915397134226
1.2579552277870016
0.6597118301153673
0.9901173200847131
1.7854929989134258
1.384326694404414
0.8285337326208857
1.8985364905567665
2.3571776848763233
1.284004168809547
2.3170143875693183
1.353883678586302
1.1537129099110106
1.0317627163213394
1.136771027123978
1.001749480763588
1.6225656072116987
1.5641680948241472
1.5660720710502856
1.583471152726232
0.7433451028712039
2.4094543893594222
0.8087413484525414
0.6620881649456642
1.2484409624583386
1.3341102974257122
1.6315497835592145
1.0029115649290246
1.3491684176311438
2.358232131224625
1.610448358082785
0.7504363169912498
1.152586392307129
2.3151420766440833
0.6736903426862766
1.5802999723353035
0.7339047239555219
0.5451130951875152
1.907331655266211
2.4448712062058453
2.0483976847905305
1.9442268980939086
2.0230108561698508
0.882102825110634
1.8778829841846287
1.07259531087533
0.8288208017669496
1.8586476336350561
1.3292995564386787
1.0884105328117504
1.1591441222851602
2.4505932184339763
0.5019349054110971
2.421564593657977
1.9898593277922927
1.333006981107001
1.0640588897474716
0.9864298915949057
1.272373464878877
1.9546550601436616
0.5254690405282931
1.5272313406429925
1.4026297080971437
0.6566093621435538
2.2087683634469153
1.7135233728411876
1.484315015832089
0.6109886698710254
0.831622721276575
1.032372584827113
1.6686130538573807
1.1575828835817632
0.7015221474571238
2.2057092609995737
1.3044359674591954
1.0624901893533087
1.5327252483198415
1.9952815010312324
2.3234973366918865
2.3086742489430163
0.7775202849973422
0.8625246669117435
0.6574787661891424
2.121266593057586
1.200305216088792
2.015148533936295
0.846648013695777
1.3166222581276046
1.0633294307276135
1.362262736539642
0.8222978738924407
1.4104041653623829
1.0970273141682036
2.0039701327598465
2.3747470149120247
2.3131690725930136
1.969763185634257
1.5748683708623608
0.7857086635806163
1.198347901473149
0.9977259529368221
0.6650144604796417
0.872521392494473
1.869342333302278
0.9177320574526724
0.9828716164940365
1.882899921913037
1.0910044847421096
1.5404978676139134
1.8395811120736
1.2458139889151476
1.6444047281918603
0.8829716866638391
2.271290508579084
1.3669200148290452
0.8316033758724866
0.9515597000097726
2.090192405550157
2.463181096801582
1.6062994309192105
1.9271185662752628
1.4327879461856508
1.6461489029803975
1.5854445015799934
2.35802384806766
1.5476139160101299
1.988097974492076
0.6400244332093659
1.0818880002761015
2.024826554451251
1.8236648493129353
2.0873274188796707
0.6759253414502733
1.9195448339987533
2.443689182018254
2.471303662863434
1.5789477757495272
2.09053790074719
1.9180711000510056
0.5966961020194386
1.7960281565128968
1.141426165718269
0.794812383989095
2.14579648034874
2.298344272386634
0.7221861107970111
2.2075795626102823
0.764923209315967
1.2962374650765423
0.811285577578275
1.1623982558570043
1.3546477388284175
1.8475148343372445
1.8248474546615945
2.4942995041890033
2.1961414002954296
1.8274738796472094
2.115166379836867
2.3549697864250176
0.7847053505384796
1.651320040868998
0.8287687690163776
2.069499384162471
2.206172966005547
1.5493429293650158
1.5579382597866485
1.313011420282889
2.4920371593497705
2.2912689422128336
0.9213041585303408
0.5604976885944633
1.3635662234224608
1.2926233041098332
2.4937788896532442
1.3321133370899325
2.3806577409682457
1.7641276957448722
2.151746806598531
2.022609707143185
1.2857769998515032
0.602020736462185
0.5147850421051403
1.0144745774279473
2.222063523472606
1.1338254306485829
2.2010399635570304
2.4085599388648915
2.3330402879067655
1.4042863956646916
1.106682165764551
1.8741875084342299
0.5329809593759858
2.428205791715436
1.0682005820513925
1.2737335312886084
0.5636925727039632
2.2184289789948415
0.923656536012498
1.8761179129832464
1.7408072203418812
0.9370949995591562
1.8468720858342509
0.7341552592226226
2.3716620973847102
1.5976738615068176
2.4990443652331757
2.4854838956193452
1.5722064048505098
0.5587927240172172
2.2440125814330285
0.9370837245352677
0.9965639708554688
0.8626681077852787
1.3953377833514973
0.5287978524709096
2.165438843519084
2.4054744383082474
1.9976074598951992
0.9072040797276026
0.7143738118854215
0.6901070737696855
1.018652891422006
0.6987977105888503
2.4416678395916835
2.3861091055487513
2.260293621951283
2.038653831906187
1.2566610427499358
0.9380533798630608
2.033000335572079
1.4984897071402736
0.9174820751015862
1.9254028859673298
0.8716126496199519
1.8329603770045535
2.0688153118727977
1.2027686748789876
1.9146643352062354
0.8445717379126836
0.6293152969962887
1.5698112429200015
2.1396698308573145
1.9677985748760367
2.0709309948121586
2.156713508845526
1.8069644798313884
1.434784028186454
2.3462904594697114
1.7140201513886302
0.7691556488304627
1.4423720873306063
1.3677706025266743
1.2020475687780596
1.6361817655065543
1.9040560023579973
1.8201479461309682
2.1278061190562516
0.898200792182748
2.344581958095757
1.2138467291660866
1.7080701597253198
2.4232039069038276
1.9941537379252905
1.1559627670979744
0.792095082416759
0.8277228050132661
2.022205582579611
2.3809204813961644
0.86903699754171
1.7412832195573298
2.150281476664075
1.1836910500396243
2.229769651777705
2.252965299627305
0.7257426587833806
0.5561385218600599
0.7161654297668532
0.736543560180438
1.1832599531616905
0.6590540819982205
0.9289468017878555
1.2428836034924975
1.8596637922200927
1.1151106293451947
0.5956485466494197
0.5943275908473209
1.6269384352548384
1.1842143223037296
1.0442926197098252
0.8111973469911071
0.6194656322120415
0.5960924535433949
2.30615042309317
2.3635917147436647
0.6124660890249083
1.4642488792944852
0.5890655925310182
1.496807305704213
1.7420226381915187
0.7831183999476699
1.692855965402656
1.9734253695789572
0.5635689115972295
0.5612793711028525
1.2708486309114866
1.4410760215378946
1.1941454413593535
2.4173123220021937
0.5514163592032109
0.6279040788243053
1.3132904784639072
0.6604559370048673
1.058674752221661
2.2890104231401533
1.199944588905525
2.1194824852004617
1.4963354992207842
0.6579986968735443
1.4447567287251546
1.3966384193738288
1.1088620795895079
2.444688690950626
2.248492763475694
2.0248342418832475
1.159952860763571
1.7134955489878692
1.8803379009126373
0.7895640625707743
1.6322765097194365
1.2765061891388891
2.321858494034064
0.5907300628756518
1.2328826701725744
1.8573903660656104
1.3632350946135057
2.414488212822027
0.8371804464013786
1.8907797837892282
1.3581830159362085
1.9865794697252595
2.4397809095883884
2.4865147231970433
1.6288445499369928
1.0199763353384628
1.648457211719291
2.1611317268957198
0.6382686444654551
1.8054707356069883
1.7603247509591227
1.8500997786541078
1.0815990171520484
1.3363134168667425
1.5689721953084714
1.2265826450374937
2.4463317997987954
0.6188753301863494
1.3803020487874411
1.0770612338259826
1.6503870813844292
1.3883551054816128
1.2278083144902339
2.254993385140076
1.6565547940224064
1.2748314390980737
0.5335423353642514
0.5252895849056245
0.795595406290496
2.164850131472213
0.7272936077097842
1.3168682028173584
2.103281244135591
1.6857312409120644
0.6527842427337436
0.6305574109552725
1.37935483680566
2.495767923527815
1.1710064726798042
1.4718433227346899
2.38156261801769
1.4370485870409224
2.4162735198016345
1.5314600586474705
2.2592241371865507
0.9347597731718154
1.0211336131397748
1.7852328874140204
0.8111878929845828
2.297718214420332
1.8647274874509896
2.287016791634477
1.4924709680204091
0.5299974830460521
1.2633509012539936
0.5625241659556866
2.177330449715529
0.5997737927865905
1.3175191693313997
0.5888326847309313
1.2499473543647668
1.7876042729106563
1.5546575909966078
1.4628113829690619
2.1139719230268823
2.225718302350315
1.8566845345476661
0.7453783176366606
1.6955543894975171
2.238146697866041
1.3745243317103106
2.401029484462057
2.3826343131467373
2.2565888712976925
0.6630027756486485
1.1882197276924982
0.8339190034728052
2.315529588609369
2.13256113403078
1.435705837618544
1.825829940902675
2.152458807273442
0.7610191718632227
1.387239409220359
1.4160545496224708
1.9128049585718268
2.4852759919519203
2.3870731758469694
2.404083086705924
0.5338837799185283
1.3433164649481721
1.6195895050716351
1.7092963010842581
Rank 3: 200 simulations
2.3108672040858074
0.5356483202608233
1.8564766401460533
1.1102138980375664
2.084080122830099
Running 800 simulations with 4 MPI ranks
Rank 0: 200 simulations
1.8822554370851148
0.647235531257468
1.2378450788539186
Rank 1: 200 simulations
0.5093198357067987
0.6722806160520081
Rank 2: 200 simulations
