==========================================
Mass Fraction MPI Run
==========================================
Date:               Mon Oct  5 08:40:40 CDT 2026
Host:               ac069
Array job ID:       2188349
Array task ID:      3
MPI ranks:          4
CPUs per task:      1
Nodes allocated:    1
Python:             /scratch/user/u.hm357857/.conda/envs/comets/bin/python
Conda environment:  /scratch/user/u.hm357857/.conda/envs/comets
==========================================

1.3668333698687933
2.0121056631846526
1.7531749043537017
1.9608167929628049
0.8515669716564493
1.4403818801715336
2.1654928523346775
0.9916251065022432
1.326077589143253
2.2944014101237507
2.458379387644926
2.4971674632191965
0.6556779643526476
2.168250535800329
1.8430459508810646
0.5947628420231075
1.0244927296346267
1.2822049477247919
0.8606371388588718
0.8081198742460918
2.2787507277374273
0.6001065297003314
1.7534911029954452
1.6130081740527977
1.110052722643564
0.5254077303825604
1.720592353687109
2.4737267636270768
1.618901238776544
1.6654042166214629
0.5031248638975445
0.8759450698606992
2.415321517104358
0.6239242664380138
2.184515913430945
1.9405479474052856
2.4611840140236216
2.4900150573151043
1.1573811993297594
1.9934818129849192
2.1567476039364024
1.6566128245996419
1.3524492460245503
0.5439639746918812
2.4441847625601705
2.264431954650264
0.888617078301063
1.0048067326135703
1.7573470323737224
1.6968757121587392
0.6779255190287448
1.8106582323144154
1.3170367676435473
1.2469184165100953
1.6787778402940883
1.240000259261525
2.0104659389317745
0.6654824146031011
1.1790786190097307
1.0464160558571796
1.6316153279465053
0.6284856000978742
2.2846705065728403
0.5179186655523293
2.092871600792414
1.6222060291403142
1.891173978231038
0.6484453224749671
2.020921235990359
1.1936411410645071
1.7409482387946797
0.6304243304842816
1.3406976736151444
0.7951440297171499
1.1614106545337322
2.0934531323130168
1.9543944490556922
1.0787715278529166
0.8155602821520938
2.4678791239075193
0.5805488779444943
0.6585409470155779
1.7890163444809086
1.0990329783983754
1.1437716594258336
1.1600198638018182
1.227006283195558
2.3873010993246826
1.0289650657730787
0.6738354971176153
1.2635852640202154
0.6091806112849691
1.944576515832681
1.629841875169882
0.5685568688327323
1.374071187378396
1.0932922038709707
1.965642525176968
1.1519787091250684
2.453480004768586
1.5881788997144528
1.2224623365128957
1.433568823674874
1.4607259479656376
0.854214666335761
0.6332144285635057
1.0068314881880118
2.004712929588333
0.8988257566805495
1.5007500028037133
2.411774166586879
2.2877831064908785
1.3380774867494085
2.3191739655321633
2.096255087205744
1.1534185960975056
0.5077661030406655
0.6288196453635602
0.5511843818658599
0.6612329773163899
1.0485097166031483
1.3641942923973287
2.378805724965148
1.4995078089359437
0.9785805977821895
2.1455030189865347
0.9141384419962517
1.4365378731351788
1.0303297987758189
0.5601805076465858
1.6052972014952762
2.217885721654836
1.3332201881921788
1.9506291022407385
2.0420082087263465
1.4511607319516504
0.5315082137717855
1.6553047510327081
2.3441682373294115
0.8474460692411072
2.1517437425958272
2.189555141262976
1.0336660572522758
1.9029798509302975
1.718530425912588
2.0432399044358167
0.9363221541017444
1.474850431903822
2.26845937862518
2.295614375142738
2.0298772686470015
1.7018129069546464
1.0470131186044567
0.7962862615932456
0.6166756563072859
1.1530955106954999
1.4689145566959423
0.5188205228336344
1.919696031169803
2.0836672104797653
0.8727113423658983
2.039938809445609
1.834260916056659
1.9963776474292914
1.9492216897085421
1.5286366370654845
1.3520657750829082
0.5352085512429028
2.3595931057514523
2.4039633273088605
1.7166544408970903
1.175690438524383
0.6845049747711649
1.810758951163533
2.4075895404368803
2.1618250651031357
1.641517982614948
1.7417201168427228
1.5948045401340825
2.1876549559596046
1.8629790497944096
2.3198667298375764
1.269679911443579
2.047214280460946
1.3975593683177145
1.5828885969345987
2.3463285231291033
2.0761947363815345
0.956131994945913
1.1921791916568212
1.7924062756530286
1.4089195321421302
2.208658979984047
0.6675270735586236
1.3844580511953175
0.6091374223300492
1.865810234821437
0.9645208975804143
1.1905962831444086
0.7297649932354722
2.26320309385964
1.008218068588788
2.255818620618607
0.7373245177847836
0.6225436424262452
1.4608706095732646
0.6570465783259019
2.489023572622928
1.7777058194099329
0.7552763875795037
0.7752975327306855
1.231931157627938
2.4614423118838955
1.3296792468046095
1.7743098836947857
1.1012077327387249
0.6666988122491675
0.8673112909412912
2.3735425129744607
1.2246275810237255
2.0338518394929808
1.0700916569232095
1.6850103876025329
1.3559821059479649
2.202278293649301
1.6049209741854704
2.0585914391476536
0.8280582470483089
2.3284211046934167
1.6200378101199158
0.5617771767888031
1.6525361934318534
2.220470417126297
0.9235163649548397
0.7983391777282203
1.722107432088058
1.4571843897696082
1.8754274557933976
0.9355971096324955
1.7941511890281947
2.0672327777812622
2.257978449888995
1.1400969941370176
2.1438462134196348
2.4269174268518956
1.691567887146298
2.277045830216465
0.6625638436377601
1.7516423540468737
1.5915969751209096
2.173712214704869
1.187833683756763
1.9962499317404356
1.0420818007146428
1.3608326340516437
1.4466981102442407
2.1466365789335855
2.2543392387907697
1.190545057946484
1.556026872573575
0.727239501566634
1.8043458635262837
0.8008300283339838
0.9832126608522513
0.8577741357058801
1.1782286444958392
0.8315939977955693
1.3326338069125516
0.8753406423513572
2.359986776451884
0.7692909945106676
2.4295537422513944
1.1534778225019562
1.5346989050123259
0.5759759788426664
2.2342163296478788
2.1454823784183645
1.266185548610723
2.137273507092921
1.8930072576660808
0.9434365632832311
1.2412725876800421
1.3081574180563826
2.0662881640715653
0.6652396168177466
1.441614482192749
0.8801202917633666
2.0908418941690963
2.3559591098691612
2.1498472091837177
2.309233136534618
0.5877484860966764
0.753943308085818
2.3101811203636
2.137400336403431
2.0217148707957167
2.164296317898766
1.6544186408549948
2.2583676687301484
1.3591891512977277
2.2286949796815225
1.7530550375420473
2.370594086535358
0.8891282628151747
1.428671110534535
0.5180792539933445
2.466469032812247
0.5086127863330283
0.7926419432434395
1.7970334391901963
1.8891378192322512
1.3192437602081148
1.6770433085027863
0.7563573320255152
0.9571822715984382
1.233990918263848
1.2392188497391075
2.445976747662912
0.6590000952191539
1.5173532607992435
2.1134468392469623
2.429994562703254
1.8553626262923817
1.0678748799225457
0.9066713353812339
1.3347008387725772
1.6721784699174143
0.6630233440365718
1.134115406038664
1.9895689218132884
2.4083690303326875
0.6297806080130262
0.7960310397049608
1.6525992777970209
2.086956530878383
1.1725248097086503
1.8327401294030345
1.5873171142745068
2.1825157777877147
1.0009239160546466
1.8038722468229107
1.1515398324438768
2.221744530815337
0.8331242820382827
1.3874372906908583
1.9119090945595385
2.0908370802240173
2.2207393285515833
0.9038379008033968
1.0020915622194309
0.9665218929937609
2.496177930105612
0.645187668685701
0.5155459886643288
1.3770272118716853
0.7315181278748613
1.1961413970411736
2.196015633541525
0.999599821685613
2.223882642312127
1.6102110110301044
2.296475062178511
2.4497794488972966
2.446321435205074
2.2959976842726206
1.0658483687325462
2.299342686556981
0.958942236927333
1.118621823118752
1.4518706671684922
1.1062066440271265
1.0306357620238478
1.3687736189083848
1.642578637534912
2.2710572177499886
2.4260670203993464
0.755814201751966
1.4967453464034635
1.2971430926293106
2.357735081135203
2.4000894627655027
2.006472809938324
1.460260178430947
0.5887920026771274
2.2414053748248985
1.2405291556909206
1.2800563352276713
2.438719936519121
2.412850889796286
1.6471686772802512
1.598566076121599
2.255114649618144
1.2110403731181851
1.3176044021658593
0.8274759750810883
1.0395215123757264
1.8849262739536181
1.4261702839221917
1.1691715971134646
2.2360048003904542
0.5427257878722751
2.301756751734933
1.1907891483751303
1.5689418658412686
1.6650265851259736
1.170286520275271
1.777849610865487
1.46890270099613
2.0858645160230926
2.430425061158032
0.8364525098456643
2.270378141716628
2.3086218354380295
1.7955588366344963
0.6823390826561104
1.085954409162752
1.117171758761009
0.7802476692610578
1.150692483879074
1.7999357034328114
2.065143430133057
1.5977374458419413
1.2026353134647727
0.6301271152372849
1.2833348410397498
0.6080556597139697
2.0876051401607882
1.1826579354439235
1.5808571675451735
1.8581405852150805
2.4350979723932995
1.459954012294166
1.8709715166263092
1.7960012098551463
1.9478295942149098
0.8386803401881613
2.3308622198490676
0.9839954751874649
1.3334585308005316
0.542691778097901
0.555283809057562
2.4745048137012633
1.3238455403606286
0.9349006353205516
2.488622762501697
1.6837880538094523
0.9253185375263657
1.9963939145606646
2.2148309196332594
2.168251670419327
1.9508224916018204
1.5515692685319624
2.3069293306762866
1.5140119130952314
1.0934347829468822
2.253070525807898
2.175476000069623
0.6660267642693207
1.1044620498052724
2.225601438912854
1.7550155992134626
1.4252501784750968
2.3357674959336667
1.1484808199992442
1.762192776101853
0.5933371205301747
1.0546042615233537
1.4355116727116093
0.6340967495676215
2.1591048491016362
0.9522311257865137
1.5054382085089688
2.332094366972619
1.9831568162039739
2.121606728119663
2.291386278564487
1.149284695063541
1.5849403094601235
1.8457907036156485
2.3331815088766694
2.0813998670632268
2.4796643399283687
1.2941316932196982
1.5813907603297002
1.7154057232092084
0.8417504400887672
2.463130851552683
2.380512550678149
1.592416523717682
0.9979622054726571
1.893051961496328
1.247705512120512
0.8304903512476784
1.532866471237794
1.8374537657741121
0.5196997345767038
1.4121847919608153
2.1188209780949165
2.3180021217064626
0.5648950251657192
1.730950768137767
0.6420122456297577
1.3434174525721514
2.3339865936802617
1.4816970458560812
2.4679935332447265
2.0170736339832565
1.0725001192931913
1.2550540927595681
0.7156403716078954
2.062248547873058
0.7726456042965655
2.1372261754938764
1.5363588250694133
0.6270381569164503
1.200917825097633
0.9381166239942886
1.5411642337563638
1.5512657952027744
1.8878913464942852
0.7023219362866444
0.8542291525072325
1.9083494473609222
1.1724524699144145
2.29081451637093
1.3378141512766748
1.7661557873654297
2.2739144565421694
0.6613884274441417
2.3667555179075226
1.4028292599106802
1.7347540503993173
2.2872086890262437
0.5193011919143422
1.4405752268975593
1.4557715455440825
0.7762348226278231
1.7088002381051675
0.7087299054540259
0.8977519409773931
1.4127506051626495
1.2609392126856442
1.0222109761125089
1.9449311060244059
1.8832728857209713
2.4185601206638374
2.3789150833145927
2.4125611086508685
1.7813679275751768
1.724982647829429
0.8398480391444976
1.741991351333802
1.6174615562978283
1.4277060931204821
0.5352159183327201
0.789806064920515
2.142564301423004
1.4432429208873738
1.7604582103379878
2.4286438820447893
1.6569374069786453
0.6913187945193182
1.7701676044609367
2.2588277194164603
1.6269983619853554
0.8124713791593683
1.595441913794336
1.1722246944739398
1.836865473741238
1.9634175146230572
1.7609985009467464
1.8957143309647948
0.7981952065111875
1.7998926219612967
1.573493682323584
2.352983283440861
0.9371250391097274
1.9553102043628454
2.488248113448692
2.1398516143573674
1.6852378791610876
1.3930348944412887
0.6260898148865828
0.8971640154089995
1.6561822095404943
0.6149914829535554
2.4946867532448795
0.5634360435209143
2.3953514002754064
1.083827769320771
2.295198912913225
1.4538384933396642
1.930629227406097
1.0756787008590434
2.383022766995147
2.3770735068861653
0.9614037782587119
1.3144725769527985
0.8469410274641864
1.4609948383419429
0.8820494993736856
0.9189632100838894
2.3102217349563343
1.994991886799225
1.4021794586759178
1.688288608470852
1.7181950081477004
2.2483865025163285
2.246199149086589
2.1305460768098308
2.3593590654259033
0.6621063051035854
0.5765895327021417
0.6641463401068728
1.4687927093626616
1.624858101781802
1.6584232613628258
0.8618418991808254
1.4957803120428432
0.5873604218337249
1.417728585594049
2.0423858657993335
0.7760670979040227
1.3140641286167325
2.144200096221188
2.494873611922956
0.7597839489323175
1.281403022568385
1.7817716797669434
1.326384315773016
0.9114515716531078
2.0447711967891555
1.960297515496534
1.6043066385028641
1.204117397983078
1.8499889676063912
1.8362278081437662
1.9944873949852868
1.2104615919394186
2.2820800023700927
2.154846709624726
0.5464067410232849
1.3787718329366263
1.766058246144801
2.476851960658702
1.9983289454744115
1.0986942562075592
0.8087661016523853
1.6647710854191715
2.064766491771013
1.0255306810430977
1.7771326181111884
0.7753320595812567
2.2535897242979734
0.5817293296364463
1.9197433528196353
2.098626766988451
0.8405528586374105
2.0314060060077637
1.277685360739174
2.2467940052804676
0.9972632647222759
0.911592883114293
1.213593665053434
0.6721222754339591
1.6821850760396762
1.9520207794664857
2.2893906606305916
2.211645215774623
2.0192344578873396
1.2883281079752622
0.8733869643678631
2.207908433931163
1.9445881709935118
0.9405197018341287
2.243146875151962
0.8604418865837102
1.769159276505452
1.9345397680952914
1.4728761103663865
1.7088750263219774
1.5448721569420532
0.7816038261508187
1.9741532673953532
1.7776655288535508
0.9080650211944334
0.8334470110306615
2.3525663114854227
1.1950945670746056
0.5567727810724556
1.180104059812163
1.1424868681032307
1.1440166043380486
2.0232520656270347
1.02304510132825
1.1889382875407288
1.5225889853478847
2.3834082826970446
1.5501187050216418
1.2953451005709522
0.6820185382259543
2.036273296672217
1.9299725699318344
0.9001053733716671
1.6437083149008853
1.0144383969386883
0.7795001464481872
1.5851761159579885
1.2650665895562836
1.2262653748334218
1.6048247077451325
1.7231808952796341
0.5892521786681042
0.9254295142166622
0.6966907422194579
1.7166970362633491
2.0997594883410793
2.117728741495753
0.9716184004251587
1.2997588108594562
1.830814465311826
1.6087296430720934
1.6199902953344463
0.7674767886280505
1.0695892431894154
2.0502781523736724
1.131472751855384
1.8890700485035266
1.1360104959883146
1.0832789421293427
1.5903129885759162
2.179429098117681
1.794724467639621
0.800051283540389
2.389338784609742
2.40376257386973
1.5950632990413154
1.0201222401045245
2.4098184132502087
1.3954826349479672
0.5569767292961283
2.0847335873252635
0.8114942529435283
0.6912259917483026
1.2179318380407729
1.1036033294931895
1.176664092307666
2.333832616122476
1.611370997033107
1.5223194756642737
0.6939645615851717
1.7878052835277911
1.4920193525592638
2.174246472924822
0.9092036639905945
2.2791291994163814
0.828707517988948
2.2624006290652865
2.3640751131469466
1.2400073868105375
2.1207195813395323
2.181559942092619
0.512592559699905
1.0492655675500941
0.9671784183781618
2.1605202268741595
0.751890427488463
2.0577492681646685
1.431084141208419
1.1986193434691457
1.5146586966226216
1.2188383277281865
1.2597269713510686
0.7874235877489373
1.8681340283956689
1.8629537072563458
2.4552989141822272
0.6963563069789684
2.3443223025929605
1.931201042853732
1.1957356526087048
1.5486575171544308
1.4964570024131305
1.5562852519896981
0.6074086820593714
1.2517917696058096
1.4970411098183594
1.9520676124585312
1.5353436298325502
0.6748775680183667
1.3097690395053414
1.8396575792465863
0.8616961250514361
0.9259793149411515
1.2457043356590445
Running 800 simulations with 4 MPI ranks
Rank 0: 200 simulations
2.398121768168969
Rank 3: 200 simulations
2.459631826790448
2.24532236443106
2.2786455063575213
Rank 1: 200 simulations
2.493273088046328
Rank 2: 200 simulations
t=302809  fraction=0.25125  peak_slope=2.502e-06  t_peak=100936  comparison cadence=302809  difference=0.25125  below=0/3
t=303809  fraction=0.25125  peak_slope=2.502e-06  t_peak=100936  comparison cadence=302809  difference=0.25125  below=0/3
t=304808  fraction=0.25125  peak_slope=2.502e-06  t_peak=100936  comparison cadence=302809  difference=0.25125  below=0/3
t=305808  fraction=0.25125  peak_slope=2.502e-06  t_peak=100936  comparison cadence=302809  difference=0.25125  below=0/3
t=306807  fraction=0.25125  peak_slope=2.502e-06  t_peak=100936  comparison cadence=302809  difference=0.25125  below=0/3
t=307806  fraction=0.25125  peak_slope=2.502e-06  t_peak=100936  comparison cadence=302809  difference=0.25125  below=0/3
t=308806  fraction=0.25250  peak_slope=2.502e-06  t_peak=100936  comparison cadence=302809  difference=0.25250  below=0/3
t=309805  fraction=0.25250  peak_slope=2.502e-06  t_peak=100936  comparison cadence=302809  difference=0.25250  below=0/3
t=310804  fraction=0.25250  peak_slope=2.502e-06  t_peak=100936  comparison cadence=302809  difference=0.25250  below=0/3
t=311804  fraction=0.25250  peak_slope=2.502e-06  t_peak=100936  comparison cadence=302809  difference=0.25250  below=0/3
t=312803  fraction=0.25375  peak_slope=2.502e-06  t_peak=100936  comparison cadence=302809  difference=0.25375  below=0/3
t=313803  fraction=0.25625  peak_slope=2.502e-06  t_peak=100936  comparison cadence=302809  difference=0.25625  below=0/3
t=314802  fraction=0.25625  peak_slope=2.502e-06  t_peak=100936  comparison cadence=302809  difference=0.25625  below=0/3
t=315801  fraction=0.25625  peak_slope=2.502e-06  t_peak=100936  comparison cadence=302809  difference=0.25625  below=0/3
t=316801  fraction=0.25625  peak_slope=2.502e-06  t_peak=100936  comparison cadence=302809  difference=0.25625  below=0/3
t=317800  fraction=0.25625  peak_slope=2.502e-06  t_peak=100936  comparison cadence=302809  difference=0.25625  below=0/3
t=318799  fraction=0.25625  peak_slope=2.502e-06  t_peak=100936  comparison cadence=302809  difference=0.25625  below=0/3
t=319799  fraction=0.25750  peak_slope=2.502e-06  t_peak=100936  comparison cadence=302809  difference=0.25750  below=0/3
t=320798  fraction=0.25750  peak_slope=2.502e-06  t_peak=100936  comparison cadence=302809  difference=0.25750  below=0/3
t=321798  fraction=0.25750  peak_slope=2.502e-06  t_peak=100936  comparison cadence=302809  difference=0.25750  below=0/3
t=322797  fraction=0.26000  peak_slope=2.502e-06  t_peak=100936  comparison cadence=302809  difference=0.26000  below=0/3
t=323796  fraction=0.26000  peak_slope=2.502e-06  t_peak=100936  comparison cadence=302809  difference=0.26000  below=0/3
t=324796  fraction=0.26000  peak_slope=2.502e-06  t_peak=100936  comparison cadence=302809  difference=0.26000  below=0/3
t=325795  fraction=0.26000  peak_slope=2.502e-06  t_peak=100936  comparison cadence=302809  difference=0.26000  below=0/3
t=326794  fraction=0.26000  peak_slope=2.502e-06  t_peak=100936  comparison cadence=302809  difference=0.26000  below=0/3
t=327794  fraction=0.26000  peak_slope=2.502e-06  t_peak=100936  comparison cadence=302809  difference=0.26000  below=0/3
t=328793  fraction=0.26000  peak_slope=2.502e-06  t_peak=100936  comparison cadence=302809  difference=0.26000  below=0/3
t=329792  fraction=0.26000  peak_slope=2.502e-06  t_peak=100936  comparison cadence=302809  difference=0.26000  below=0/3
t=330792  fraction=0.26000  peak_slope=2.502e-06  t_peak=100936  comparison cadence=302809  difference=0.26000  below=0/3
t=331791  fraction=0.26000  peak_slope=2.502e-06  t_peak=100936  comparison cadence=302809  difference=0.26000  below=0/3
t=332791  fraction=0.26000  peak_slope=2.502e-06  t_peak=100936  comparison cadence=302809  difference=0.26000  below=0/3
t=333790  fraction=0.26000  peak_slope=2.502e-06  t_peak=100936  comparison cadence=302809  difference=0.26000  below=0/3
t=334789  fraction=0.26000  peak_slope=2.502e-06  t_peak=100936  comparison cadence=302809  difference=0.26000  below=0/3
t=335789  fraction=0.26000  peak_slope=2.502e-06  t_peak=100936  comparison cadence=302809  difference=0.26000  below=0/3
t=336788  fraction=0.26000  peak_slope=2.502e-06  t_peak=100936  comparison cadence=302809  difference=0.26000  below=0/3
t=337787  fraction=0.26000  peak_slope=2.502e-06  t_peak=100936  comparison cadence=302809  difference=0.26000  below=0/3
t=338787  fraction=0.26000  peak_slope=2.502e-06  t_peak=100936  comparison cadence=302809  difference=0.26000  below=0/3
t=339786  fraction=0.26000  peak_slope=2.502e-06  t_peak=100936  comparison cadence=302809  difference=0.26000  below=0/3
t=340786  fraction=0.26000  peak_slope=2.502e-06  t_peak=100936  comparison cadence=302809  difference=0.26000  below=0/3
t=341785  fraction=0.26000  peak_slope=2.502e-06  t_peak=100936  comparison cadence=302809  difference=0.25875  below=0/3
t=342784  fraction=0.26000  peak_slope=2.502e-06  t_peak=100936  comparison cadence=302809  difference=0.25875  below=0/3
t=343784  fraction=0.26000  peak_slope=2.502e-06  t_peak=100936  comparison cadence=302809  difference=0.25875  below=0/3
t=344783  fraction=0.26000  peak_slope=2.502e-06  t_peak=100936  comparison cadence=302809  difference=0.25875  below=0/3
t=345782  fraction=0.26000  peak_slope=2.502e-06  t_peak=100936  comparison cadence=302809  difference=0.25875  below=0/3
t=346782  fraction=0.26000  peak_slope=2.502e-06  t_peak=100936  comparison cadence=302809  difference=0.25875  below=0/3
t=347781  fraction=0.26125  peak_slope=2.502e-06  t_peak=100936  comparison cadence=302809  difference=0.26000  below=0/3
t=348781  fraction=0.26125  peak_slope=2.502e-06  t_peak=100936  comparison cadence=302809  difference=0.26000  below=0/3
t=349780  fraction=0.26125  peak_slope=2.502e-06  t_peak=100936  comparison cadence=302809  difference=0.26000  below=0/3
t=350779  fraction=0.26125  peak_slope=2.502e-06  t_peak=100936  comparison cadence=302809  difference=0.26000  below=0/3
t=351779  fraction=0.26250  peak_slope=2.502e-06  t_peak=100936  comparison cadence=302809  difference=0.26125  below=0/3
t=352778  fraction=0.26375  peak_slope=2.502e-06  t_peak=100936  comparison cadence=302809  difference=0.26125  below=0/3
t=353777  fraction=0.26375  peak_slope=2.502e-06  t_peak=100936  comparison cadence=302809  difference=0.26125  below=0/3
t=354777  fraction=0.26625  peak_slope=2.502e-06  t_peak=100936  comparison cadence=302809  difference=0.26375  below=0/3
t=355776  fraction=0.26625  peak_slope=2.502e-06  t_peak=100936  comparison cadence=302809  difference=0.26250  below=0/3
t=356775  fraction=0.26750  peak_slope=2.502e-06  t_peak=100936  comparison cadence=302809  difference=0.26250  below=0/3
t=357775  fraction=0.26750  peak_slope=2.502e-06  t_peak=100936  comparison cadence=302809  difference=0.26250  below=0/3
t=358774  fraction=0.26750  peak_slope=2.502e-06  t_peak=100936  comparison cadence=302809  difference=0.26250  below=0/3
t=359774  fraction=0.26875  peak_slope=2.502e-06  t_peak=100936  comparison cadence=302809  difference=0.26250  below=0/3
t=360773  fraction=0.26875  peak_slope=2.502e-06  t_peak=100936  comparison cadence=302809  difference=0.26125  below=0/3
t=361772  fraction=0.26875  peak_slope=2.502e-06  t_peak=100936  comparison cadence=302809  difference=0.26000  below=0/3
t=362772  fraction=0.26875  peak_slope=2.502e-06  t_peak=100936  comparison cadence=302809  difference=0.26000  below=0/3
t=363771  fraction=0.27000  peak_slope=2.502e-06  t_peak=100936  comparison cadence=302809  difference=0.26125  below=0/3
t=364770  fraction=0.27000  peak_slope=2.502e-06  t_peak=100936  comparison cadence=302809  difference=0.26000  below=0/3
t=365770  fraction=0.27000  peak_slope=2.502e-06  t_peak=100936  comparison cadence=302809  difference=0.25750  below=0/3
t=366769  fraction=0.27000  peak_slope=2.502e-06  t_peak=100936  comparison cadence=302809  difference=0.25750  below=0/3
t=367769  fraction=0.27000  peak_slope=2.502e-06  t_peak=100936  comparison cadence=302809  difference=0.25750  below=0/3
t=368768  fraction=0.27000  peak_slope=2.502e-06  t_peak=100936  comparison cadence=302809  difference=0.25625  below=0/3
t=369767  fraction=0.27000  peak_slope=2.502e-06  t_peak=100936  comparison cadence=302809  difference=0.25625  below=0/3
t=370767  fraction=0.27000  peak_slope=2.502e-06  t_peak=100936  comparison cadence=302809  difference=0.25250  below=0/3
t=371766  fraction=0.27000  peak_slope=2.502e-06  t_peak=100936  comparison cadence=302809  difference=0.25125  below=0/3
t=372765  fraction=0.27000  peak_slope=2.502e-06  t_peak=100936  comparison cadence=302809  difference=0.25125  below=0/3
t=373765  fraction=0.27000  peak_slope=2.502e-06  t_peak=100936  comparison cadence=302809  difference=0.24875  below=0/3
t=374764  fraction=0.27125  peak_slope=2.502e-06  t_peak=100936  comparison cadence=302809  difference=0.24750  below=0/3
t=375764  fraction=0.27125  peak_slope=2.502e-06  t_peak=100936  comparison cadence=302809  difference=0.24375  below=0/3
t=376763  fraction=0.27125  peak_slope=2.502e-06  t_peak=100936  comparison cadence=302809  difference=0.24250  below=0/3
t=377762  fraction=0.27125  peak_slope=2.502e-06  t_peak=100936  comparison cadence=302809  difference=0.24000  below=0/3
t=378762  fraction=0.27125  peak_slope=2.502e-06  t_peak=100936  comparison cadence=302809  difference=0.23875  below=0/3
t=379761  fraction=0.27125  peak_slope=2.502e-06  t_peak=100936  comparison cadence=302809  difference=0.23750  below=0/3
t=380760  fraction=0.27125  peak_slope=2.502e-06  t_peak=100936  comparison cadence=302809  difference=0.23750  below=0/3
t=381760  fraction=0.27125  peak_slope=2.502e-06  t_peak=100936  comparison cadence=302809  difference=0.23625  below=0/3
t=382759  fraction=0.27125  peak_slope=2.502e-06  t_peak=100936  comparison cadence=302809  difference=0.23500  below=0/3
t=383759  fraction=0.27125  peak_slope=2.502e-06  t_peak=100936  comparison cadence=302809  difference=0.23500  below=0/3
t=384758  fraction=0.27125  peak_slope=2.502e-06  t_peak=100936  comparison cadence=302809  difference=0.23375  below=0/3
t=385757  fraction=0.27125  peak_slope=2.502e-06  t_peak=100936  comparison cadence=302809  difference=0.23250  below=0/3
t=386757  fraction=0.27125  peak_slope=2.502e-06  t_peak=100936  comparison cadence=302809  difference=0.23250  below=0/3
t=387756  fraction=0.27250  peak_slope=2.502e-06  t_peak=100936  comparison cadence=302809  difference=0.23250  below=0/3
t=388755  fraction=0.27250  peak_slope=2.502e-06  t_peak=100936  comparison cadence=302809  difference=0.23000  below=0/3
t=389755  fraction=0.27250  peak_slope=2.502e-06  t_peak=100936  comparison cadence=302809  difference=0.22750  below=0/3
t=390754  fraction=0.27250  peak_slope=2.502e-06  t_peak=100936  comparison cadence=302809  difference=0.22625  below=0/3
t=391753  fraction=0.27250  peak_slope=2.502e-06  t_peak=100936  comparison cadence=302809  difference=0.22500  below=0/3
t=392753  fraction=0.27250  peak_slope=2.502e-06  t_peak=100936  comparison cadence=302809  difference=0.22500  below=0/3
t=393752  fraction=0.27250  peak_slope=2.502e-06  t_peak=100936  comparison cadence=302809  difference=0.22250  below=0/3
t=394752  fraction=0.27250  peak_slope=2.502e-06  t_peak=100936  comparison cadence=302809  difference=0.21875  below=0/3
t=395751  fraction=0.27250  peak_slope=2.502e-06  t_peak=100936  comparison cadence=302809  difference=0.21875  below=0/3
t=396750  fraction=0.27250  peak_slope=2.502e-06  t_peak=100936  comparison cadence=302809  difference=0.21625  below=0/3
t=397750  fraction=0.27250  peak_slope=2.502e-06  t_peak=100936  comparison cadence=302809  difference=0.21500  below=0/3
t=398749  fraction=0.27250  peak_slope=2.502e-06  t_peak=100936  comparison cadence=302809  difference=0.21500  below=0/3
t=399748  fraction=0.27250  peak_slope=2.502e-06  t_peak=100936  comparison cadence=302809  difference=0.21250  below=0/3
t=400748  fraction=0.27250  peak_slope=2.502e-06  t_peak=100936  comparison cadence=302809  difference=0.21000  below=0/3
t=401747  fraction=0.27250  peak_slope=2.502e-06  t_peak=100936  comparison cadence=302809  difference=0.20500  below=0/3
t=402747  fraction=0.27250  peak_slope=2.502e-06  t_peak=100936  comparison cadence=302809  difference=0.20500  below=0/3
t=403746  fraction=0.27375  peak_slope=2.502e-06  t_peak=100936  comparison cadence=302809  difference=0.20375  below=0/3
t=404745  fraction=0.27375  peak_slope=2.502e-06  t_peak=100936  comparison cadence=302809  difference=0.20250  below=0/3
t=405745  fraction=0.27375  peak_slope=2.502e-06  t_peak=100936  comparison cadence=302809  difference=0.20250  below=0/3
t=406744  fraction=0.27375  peak_slope=2.502e-06  t_peak=100936  comparison cadence=302809  difference=0.20000  below=0/3
t=407743  fraction=0.27500  peak_slope=2.502e-06  t_peak=100936  comparison cadence=302809  difference=0.19875  below=0/3
t=408743  fraction=0.27500  peak_slope=2.502e-06  t_peak=100936  comparison cadence=302809  difference=0.19625  below=0/3
t=409742  fraction=0.27500  peak_slope=2.502e-06  t_peak=100936  comparison cadence=302809  difference=0.19500  below=0/3
t=410742  fraction=0.27500  peak_slope=2.502e-06  t_peak=100936  comparison cadence=302809  difference=0.19375  below=0/3
t=411741  fraction=0.27500  peak_slope=2.502e-06  t_peak=100936  comparison cadence=302809  difference=0.19000  below=0/3
t=412740  fraction=0.27500  peak_slope=2.502e-06  t_peak=100936  comparison cadence=302809  difference=0.18750  below=0/3
t=413740  fraction=0.27500  peak_slope=2.502e-06  t_peak=100936  comparison cadence=302809  difference=0.18500  below=0/3
t=414739  fraction=0.27500  peak_slope=2.502e-06  t_peak=100936  comparison cadence=302809  difference=0.18375  below=0/3
t=415738  fraction=0.27500  peak_slope=2.502e-06  t_peak=100936  comparison cadence=302809  difference=0.18250  below=0/3
t=416738  fraction=0.27500  peak_slope=2.502e-06  t_peak=100936  comparison cadence=302809  difference=0.18125  below=0/3
t=417737  fraction=0.27500  peak_slope=2.502e-06  t_peak=100936  comparison cadence=302809  difference=0.17875  below=0/3
t=418737  fraction=0.27500  peak_slope=2.502e-06  t_peak=100936  comparison cadence=302809  difference=0.17875  below=0/3
t=419736  fraction=0.27500  peak_slope=2.502e-06  t_peak=100936  comparison cadence=302809  difference=0.17375  below=0/3
t=420735  fraction=0.27500  peak_slope=2.502e-06  t_peak=100936  comparison cadence=302809  difference=0.17375  below=0/3
t=421735  fraction=0.27500  peak_slope=2.502e-06  t_peak=100936  comparison cadence=302809  difference=0.17000  below=0/3
t=422734  fraction=0.27500  peak_slope=2.502e-06  t_peak=100936  comparison cadence=302809  difference=0.16875  below=0/3
t=423733  fraction=0.27500  peak_slope=2.502e-06  t_peak=100936  comparison cadence=302809  difference=0.16625  below=0/3
t=424733  fraction=0.27500  peak_slope=2.502e-06  t_peak=100936  comparison cadence=302809  difference=0.16250  below=0/3
t=425732  fraction=0.27500  peak_slope=2.502e-06  t_peak=100936  comparison cadence=302809  difference=0.16125  below=0/3
t=426731  fraction=0.27500  peak_slope=2.502e-06  t_peak=100936  comparison cadence=302809  difference=0.16125  below=0/3
t=427731  fraction=0.27500  peak_slope=2.502e-06  t_peak=100936  comparison cadence=302809  difference=0.16000  below=0/3
t=428730  fraction=0.27500  peak_slope=2.502e-06  t_peak=100936  comparison cadence=302809  difference=0.16000  below=0/3
t=429730  fraction=0.27500  peak_slope=2.502e-06  t_peak=100936  comparison cadence=302809  difference=0.15625  below=0/3
t=430729  fraction=0.27625  peak_slope=2.502e-06  t_peak=100936  comparison cadence=302809  difference=0.15500  below=0/3
t=431728  fraction=0.27625  peak_slope=2.502e-06  t_peak=100936  comparison cadence=302809  difference=0.15500  below=0/3
t=432728  fraction=0.27625  peak_slope=2.502e-06  t_peak=100936  comparison cadence=302809  difference=0.15375  below=0/3
t=433727  fraction=0.27625  peak_slope=2.502e-06  t_peak=100936  comparison cadence=302809  difference=0.15250  below=0/3
t=434726  fraction=0.27625  peak_slope=2.502e-06  t_peak=100936  comparison cadence=302809  difference=0.15125  below=0/3
t=435726  fraction=0.27625  peak_slope=2.502e-06  t_peak=100936  comparison cadence=302809  difference=0.14875  below=0/3
t=436725  fraction=0.27750  peak_slope=2.502e-06  t_peak=100936  comparison cadence=302809  difference=0.15000  below=0/3
t=437725  fraction=0.27750  peak_slope=2.502e-06  t_peak=100936  comparison cadence=302809  difference=0.14750  below=0/3
t=438724  fraction=0.27750  peak_slope=2.502e-06  t_peak=100936  comparison cadence=302809  difference=0.14625  below=0/3
t=439723  fraction=0.27750  peak_slope=2.502e-06  t_peak=100936  comparison cadence=302809  difference=0.14500  below=0/3
t=440723  fraction=0.27875  peak_slope=2.502e-06  t_peak=100936  comparison cadence=302809  difference=0.14500  below=0/3
t=441722  fraction=0.27875  peak_slope=2.502e-06  t_peak=100936  comparison cadence=302809  difference=0.14125  below=0/3
t=442721  fraction=0.27875  peak_slope=2.502e-06  t_peak=100936  comparison cadence=302809  difference=0.13875  below=0/3
t=443721  fraction=0.27875  peak_slope=2.502e-06  t_peak=100936  comparison cadence=302809  difference=0.13875  below=0/3
t=444720  fraction=0.27875  peak_slope=2.502e-06  t_peak=100936  comparison cadence=302809  difference=0.13875  below=0/3
t=445720  fraction=0.27875  peak_slope=2.502e-06  t_peak=100936  comparison cadence=302809  difference=0.13750  below=0/3
t=446719  fraction=0.27875  peak_slope=2.502e-06  t_peak=100936  comparison cadence=302809  difference=0.13500  below=0/3
t=447718  fraction=0.27875  peak_slope=2.502e-06  t_peak=100936  comparison cadence=302809  difference=0.13375  below=0/3
t=448718  fraction=0.27875  peak_slope=2.502e-06  t_peak=100936  comparison cadence=302809  difference=0.13375  below=0/3
t=449717  fraction=0.28000  peak_slope=2.502e-06  t_peak=100936  comparison cadence=302809  difference=0.13250  below=0/3
t=450716  fraction=0.28000  peak_slope=2.502e-06  t_peak=100936  comparison cadence=302809  difference=0.13000  below=0/3
t=451716  fraction=0.28000  peak_slope=2.502e-06  t_peak=100936  comparison cadence=302809  difference=0.13000  below=0/3
t=452715  fraction=0.28000  peak_slope=2.502e-06  t_peak=100936  comparison cadence=302809  difference=0.12875  below=0/3
t=453714  fraction=0.28000  peak_slope=2.502e-06  t_peak=100936  comparison cadence=302809  difference=0.12750  below=0/3
t=454714  fraction=0.28000  peak_slope=2.502e-06  t_peak=100936  comparison cadence=302809  difference=0.12625  below=0/3
t=455713  fraction=0.28000  peak_slope=2.502e-06  t_peak=100936  comparison cadence=302809  difference=0.12500  below=0/3
t=456713  fraction=0.28000  peak_slope=2.502e-06  t_peak=100936  comparison cadence=302809  difference=0.12500  below=0/3
t=457712  fraction=0.28000  peak_slope=2.502e-06  t_peak=100936  comparison cadence=302809  difference=0.12500  below=0/3
t=458711  fraction=0.28000  peak_slope=2.502e-06  t_peak=100936  comparison cadence=302809  difference=0.12500  below=0/3
t=459711  fraction=0.28000  peak_slope=2.502e-06  t_peak=100936  comparison cadence=302809  difference=0.12375  below=0/3
t=460710  fraction=0.28000  peak_slope=2.502e-06  t_peak=100936  comparison cadence=302809  difference=0.12125  below=0/3
t=461709  fraction=0.28125  peak_slope=2.502e-06  t_peak=100936  comparison cadence=302809  difference=0.12000  below=0/3
t=462709  fraction=0.28125  peak_slope=2.502e-06  t_peak=100936  comparison cadence=302809  difference=0.11875  below=0/3
t=463708  fraction=0.28250  peak_slope=2.502e-06  t_peak=100936  comparison cadence=302809  difference=0.12000  below=0/3
t=464708  fraction=0.28250  peak_slope=2.502e-06  t_peak=100936  comparison cadence=302809  difference=0.12000  below=0/3
t=465707  fraction=0.28250  peak_slope=2.502e-06  t_peak=100936  comparison cadence=302809  difference=0.11875  below=0/3
t=466706  fraction=0.28250  peak_slope=2.502e-06  t_peak=100936  comparison cadence=302809  difference=0.11625  below=0/3
t=467706  fraction=0.28250  peak_slope=2.502e-06  t_peak=100936  comparison cadence=302809  difference=0.11625  below=0/3
t=468705  fraction=0.28250  peak_slope=2.502e-06  t_peak=100936  comparison cadence=302809  difference=0.11375  below=0/3
t=469704  fraction=0.28250  peak_slope=2.502e-06  t_peak=100936  comparison cadence=302809  difference=0.11250  below=0/3
t=470704  fraction=0.28250  peak_slope=2.502e-06  t_peak=100936  comparison cadence=302809  difference=0.10875  below=0/3
t=471703  fraction=0.28375  peak_slope=2.502e-06  t_peak=100936  comparison cadence=302809  difference=0.11000  below=0/3
t=472703  fraction=0.28500  peak_slope=2.502e-06  t_peak=100936  comparison cadence=302809  difference=0.10625  below=0/3
t=473702  fraction=0.28500  peak_slope=2.502e-06  t_peak=100936  comparison cadence=302809  difference=0.10625  below=0/3
t=474701  fraction=0.28500  peak_slope=2.502e-06  t_peak=100936  comparison cadence=302809  difference=0.10625  below=0/3
t=475701  fraction=0.28500  peak_slope=2.502e-06  t_peak=100936  comparison cadence=302809  difference=0.10500  below=0/3
t=476700  fraction=0.28500  peak_slope=2.502e-06  t_peak=100936  comparison cadence=302809  difference=0.10500  below=0/3
t=477699  fraction=0.28500  peak_slope=2.502e-06  t_peak=100936  comparison cadence=302809  difference=0.10500  below=0/3
t=478699  fraction=0.28500  peak_slope=2.502e-06  t_peak=100936  comparison cadence=302809  difference=0.10500  below=0/3
t=479698  fraction=0.28500  peak_slope=2.502e-06  t_peak=100936  comparison cadence=302809  difference=0.10375  below=0/3
t=480698  fraction=0.28500  peak_slope=2.502e-06  t_peak=100936  comparison cadence=302809  difference=0.10375  below=0/3
t=481697  fraction=0.28500  peak_slope=2.502e-06  t_peak=100936  comparison cadence=302809  difference=0.10250  below=0/3
t=482696  fraction=0.28500  peak_slope=2.502e-06  t_peak=100936  comparison cadence=302809  difference=0.10250  below=0/3
t=483696  fraction=0.28500  peak_slope=2.502e-06  t_peak=100936  comparison cadence=302809  difference=0.10000  below=0/3
t=484695  fraction=0.28500  peak_slope=2.502e-06  t_peak=100936  comparison cadence=302809  difference=0.10000  below=0/3
t=485694  fraction=0.28500  peak_slope=2.502e-06  t_peak=100936  comparison cadence=302809  difference=0.09875  below=0/3
t=486694  fraction=0.28500  peak_slope=2.502e-06  t_peak=100936  comparison cadence=302809  difference=0.09875  below=0/3
t=487693  fraction=0.28500  peak_slope=2.502e-06  t_peak=100936  comparison cadence=302809  difference=0.09750  below=0/3
t=488692  fraction=0.28500  peak_slope=2.502e-06  t_peak=100936  comparison cadence=302809  difference=0.09375  below=0/3
t=489692  fraction=0.28500  peak_slope=2.502e-06  t_peak=100936  comparison cadence=302809  difference=0.09250  below=0/3
t=490691  fraction=0.28500  peak_slope=2.502e-06  t_peak=100936  comparison cadence=302809  difference=0.09125  below=0/3
t=491691  fraction=0.28500  peak_slope=2.502e-06  t_peak=100936  comparison cadence=302809  difference=0.09000  below=0/3
t=492690  fraction=0.28500  peak_slope=2.502e-06  t_peak=100936  comparison cadence=302809  difference=0.08875  below=0/3
t=493689  fraction=0.28500  peak_slope=2.502e-06  t_peak=100936  comparison cadence=302809  difference=0.08875  below=0/3
t=494689  fraction=0.28500  peak_slope=2.502e-06  t_peak=100936  comparison cadence=302809  difference=0.08875  below=0/3
t=495688  fraction=0.28500  peak_slope=2.502e-06  t_peak=100936  comparison cadence=302809  difference=0.08875  below=0/3
t=496687  fraction=0.28500  peak_slope=2.502e-06  t_peak=100936  comparison cadence=302809  difference=0.08750  below=0/3
t=497687  fraction=0.28500  peak_slope=2.502e-06  t_peak=100936  comparison cadence=302809  difference=0.08500  below=0/3
t=498686  fraction=0.28500  peak_slope=2.502e-06  t_peak=100936  comparison cadence=302809  difference=0.08125  below=0/3
t=499686  fraction=0.28500  peak_slope=2.502e-06  t_peak=100936  comparison cadence=302809  difference=0.08000  below=0/3
t=500685  fraction=0.28500  peak_slope=2.502e-06  t_peak=100936  comparison cadence=302809  difference=0.07625  below=0/3
t=501684  fraction=0.28500  peak_slope=2.502e-06  t_peak=100936  comparison cadence=302809  difference=0.07500  below=0/3
t=502684  fraction=0.28500  peak_slope=2.502e-06  t_peak=100936  comparison cadence=302809  difference=0.07500  below=0/3
t=503683  fraction=0.28500  peak_slope=2.502e-06  t_peak=100936  comparison cadence=302809  difference=0.07500  below=0/3
t=504682  fraction=0.28500  peak_slope=2.502e-06  t_peak=100936  comparison cadence=302809  difference=0.07500  below=0/3
t=505682  fraction=0.28500  peak_slope=2.502e-06  t_peak=100936  comparison cadence=302809  difference=0.07500  below=0/3
t=506681  fraction=0.28500  peak_slope=2.502e-06  t_peak=100936  comparison cadence=302809  difference=0.07500  below=0/3
t=507681  fraction=0.28500  peak_slope=2.502e-06  t_peak=100936  comparison cadence=302809  difference=0.07500  below=0/3
t=508680  fraction=0.28500  peak_slope=2.502e-06  t_peak=100936  comparison cadence=302809  difference=0.07375  below=0/3
t=509679  fraction=0.28500  peak_slope=2.502e-06  t_peak=100936  comparison cadence=302809  difference=0.07250  below=0/3
t=510679  fraction=0.28500  peak_slope=2.502e-06  t_peak=100936  comparison cadence=302809  difference=0.07125  below=0/3
t=511678  fraction=0.28500  peak_slope=2.502e-06  t_peak=100936  comparison cadence=302809  difference=0.06875  below=0/3
t=512677  fraction=0.28500  peak_slope=2.502e-06  t_peak=100936  comparison cadence=302809  difference=0.06875  below=0/3
t=513677  fraction=0.28500  peak_slope=2.502e-06  t_peak=100936  comparison cadence=302809  difference=0.06375  below=0/3
t=514676  fraction=0.28500  peak_slope=2.502e-06  t_peak=100936  comparison cadence=302809  difference=0.06375  below=0/3
t=515676  fraction=0.28500  peak_slope=2.502e-06  t_peak=100936  comparison cadence=302809  difference=0.06125  below=0/3
t=516675  fraction=0.28500  peak_slope=2.502e-06  t_peak=100936  comparison cadence=302809  difference=0.06125  below=0/3
t=517674  fraction=0.28500  peak_slope=2.502e-06  t_peak=100936  comparison cadence=302809  difference=0.06125  below=0/3
t=518674  fraction=0.28500  peak_slope=2.502e-06  t_peak=100936  comparison cadence=302809  difference=0.06125  below=0/3
t=519673  fraction=0.28500  peak_slope=2.502e-06  t_peak=100936  comparison cadence=302809  difference=0.06000  below=0/3
t=520672  fraction=0.28750  peak_slope=2.502e-06  t_peak=100936  comparison cadence=302809  difference=0.06125  below=0/3
t=521672  fraction=0.28750  peak_slope=2.502e-06  t_peak=100936  comparison cadence=302809  difference=0.06125  below=0/3
t=522671  fraction=0.28750  peak_slope=2.502e-06  t_peak=100936  comparison cadence=302809  difference=0.06125  below=0/3
t=523670  fraction=0.28750  peak_slope=2.502e-06  t_peak=100936  comparison cadence=302809  difference=0.06125  below=0/3
t=524670  fraction=0.28875  peak_slope=2.502e-06  t_peak=100936  comparison cadence=302809  difference=0.06250  below=0/3
t=525669  fraction=0.28875  peak_slope=2.502e-06  t_peak=100936  comparison cadence=302809  difference=0.06250  below=0/3
t=526669  fraction=0.28875  peak_slope=2.502e-06  t_peak=100936  comparison cadence=302809  difference=0.06250  below=0/3
t=527668  fraction=0.28875  peak_slope=2.502e-06  t_peak=100936  comparison cadence=302809  difference=0.06125  below=0/3
t=528667  fraction=0.28875  peak_slope=2.502e-06  t_peak=100936  comparison cadence=302809  difference=0.06125  below=0/3
t=529667  fraction=0.28875  peak_slope=2.502e-06  t_peak=100936  comparison cadence=302809  difference=0.06125  below=0/3
t=530666  fraction=0.28875  peak_slope=2.502e-06  t_peak=100936  comparison cadence=302809  difference=0.06125  below=0/3
t=531665  fraction=0.28875  peak_slope=2.502e-06  t_peak=100936  comparison cadence=302809  difference=0.06125  below=0/3
t=532665  fraction=0.28875  peak_slope=2.502e-06  t_peak=100936  comparison cadence=302809  difference=0.06125  below=0/3
t=533664  fraction=0.28875  peak_slope=2.502e-06  t_peak=100936  comparison cadence=302809  difference=0.06125  below=0/3
t=534664  fraction=0.28875  peak_slope=2.502e-06  t_peak=100936  comparison cadence=302809  difference=0.06125  below=0/3
t=535663  fraction=0.29000  peak_slope=2.502e-06  t_peak=100936  comparison cadence=302809  difference=0.06250  below=0/3
t=536662  fraction=0.29000  peak_slope=2.502e-06  t_peak=100936  comparison cadence=302809  difference=0.06125  below=0/3
t=537662  fraction=0.29000  peak_slope=2.502e-06  t_peak=100936  comparison cadence=302809  difference=0.06000  below=0/3
t=538661  fraction=0.29000  peak_slope=2.502e-06  t_peak=100936  comparison cadence=302809  difference=0.05875  below=0/3
t=539660  fraction=0.29000  peak_slope=2.502e-06  t_peak=100936  comparison cadence=302809  difference=0.05875  below=0/3
t=540660  fraction=0.29000  peak_slope=2.502e-06  t_peak=100936  comparison cadence=302809  difference=0.05875  below=0/3
t=541659  fraction=0.29000  peak_slope=2.502e-06  t_peak=100936  comparison cadence=302809  difference=0.05875  below=0/3
t=542659  fraction=0.29000  peak_slope=2.502e-06  t_peak=100936  comparison cadence=302809  difference=0.05875  below=0/3
t=543658  fraction=0.29000  peak_slope=2.502e-06  t_peak=100936  comparison cadence=302809  difference=0.05875  below=0/3
t=544657  fraction=0.29000  peak_slope=2.502e-06  t_peak=100936  comparison cadence=302809  difference=0.05875  below=0/3
t=545657  fraction=0.29000  peak_slope=2.502e-06  t_peak=100936  comparison cadence=302809  difference=0.05875  below=0/3
t=546656  fraction=0.29000  peak_slope=2.502e-06  t_peak=100936  comparison cadence=302809  difference=0.05875  below=0/3
t=547655  fraction=0.29000  peak_slope=2.502e-06  t_peak=100936  comparison cadence=302809  difference=0.05875  below=0/3
t=548655  fraction=0.29000  peak_slope=2.502e-06  t_peak=100936  comparison cadence=302809  difference=0.05750  below=0/3
t=549654  fraction=0.29000  peak_slope=2.502e-06  t_peak=100936  comparison cadence=302809  difference=0.05500  below=0/3
t=550653  fraction=0.29000  peak_slope=2.502e-06  t_peak=100936  comparison cadence=302809  difference=0.05500  below=0/3
t=551653  fraction=0.29125  peak_slope=2.502e-06  t_peak=100936  comparison cadence=302809  difference=0.05625  below=0/3
t=552652  fraction=0.29250  peak_slope=2.502e-06  t_peak=100936  comparison cadence=302809  difference=0.05625  below=0/3
t=553652  fraction=0.29250  peak_slope=2.502e-06  t_peak=100936  comparison cadence=302809  difference=0.05625  below=0/3
t=554651  fraction=0.29250  peak_slope=2.502e-06  t_peak=100936  comparison cadence=302809  difference=0.05625  below=0/3
t=555650  fraction=0.29250  peak_slope=2.502e-06  t_peak=100936  comparison cadence=302809  difference=0.05625  below=0/3
t=556650  fraction=0.29250  peak_slope=2.502e-06  t_peak=100936  comparison cadence=302809  difference=0.05625  below=0/3
t=557649  fraction=0.29250  peak_slope=2.502e-06  t_peak=100936  comparison cadence=302809  difference=0.05625  below=0/3
t=558648  fraction=0.29375  peak_slope=2.502e-06  t_peak=100936  comparison cadence=302809  difference=0.05625  below=0/3
t=559648  fraction=0.29375  peak_slope=2.502e-06  t_peak=100936  comparison cadence=302809  difference=0.05375  below=0/3
t=560647  fraction=0.29375  peak_slope=2.502e-06  t_peak=100936  comparison cadence=302809  difference=0.05375  below=0/3
t=561647  fraction=0.29375  peak_slope=2.502e-06  t_peak=100936  comparison cadence=302809  difference=0.05375  below=0/3
t=562646  fraction=0.29375  peak_slope=2.502e-06  t_peak=100936  comparison cadence=302809  difference=0.05375  below=0/3
t=563645  fraction=0.29375  peak_slope=2.502e-06  t_peak=100936  comparison cadence=302809  difference=0.05375  below=0/3
t=564645  fraction=0.29375  peak_slope=2.502e-06  t_peak=100936  comparison cadence=302809  difference=0.05375  below=0/3
t=565644  fraction=0.29375  peak_slope=2.502e-06  t_peak=100936  comparison cadence=302809  difference=0.05375  below=0/3
t=566643  fraction=0.29375  peak_slope=2.502e-06  t_peak=100936  comparison cadence=302809  difference=0.05375  below=0/3
t=567643  fraction=0.29375  peak_slope=2.502e-06  t_peak=100936  comparison cadence=302809  difference=0.05375  below=0/3
t=568642  fraction=0.29375  peak_slope=2.502e-06  t_peak=100936  comparison cadence=302809  difference=0.05375  below=0/3
t=569642  fraction=0.29375  peak_slope=2.502e-06  t_peak=100936  comparison cadence=302809  difference=0.05250  below=0/3
t=570641  fraction=0.29375  peak_slope=2.502e-06  t_peak=100936  comparison cadence=302809  difference=0.05250  below=0/3
t=571640  fraction=0.29375  peak_slope=2.502e-06  t_peak=100936  comparison cadence=302809  difference=0.05250  below=0/3
t=572640  fraction=0.29375  peak_slope=2.502e-06  t_peak=100936  comparison cadence=302809  difference=0.05250  below=0/3
t=573639  fraction=0.29375  peak_slope=2.502e-06  t_peak=100936  comparison cadence=302809  difference=0.05250  below=0/3
t=574638  fraction=0.29375  peak_slope=2.502e-06  t_peak=100936  comparison cadence=302809  difference=0.05250  below=0/3
t=575638  fraction=0.29375  peak_slope=2.502e-06  t_peak=100936  comparison cadence=302809  difference=0.05125  below=0/3
t=576637  fraction=0.29375  peak_slope=2.502e-06  t_peak=100936  comparison cadence=302809  difference=0.05125  below=0/3
t=577637  fraction=0.29375  peak_slope=2.502e-06  t_peak=100936  comparison cadence=302809  difference=0.05125  below=0/3
t=578636  fraction=0.29375  peak_slope=2.502e-06  t_peak=100936  comparison cadence=302809  difference=0.05125  below=0/3
t=579635  fraction=0.29375  peak_slope=2.502e-06  t_peak=100936  comparison cadence=302809  difference=0.05125  below=0/3
t=580635  fraction=0.29375  peak_slope=2.502e-06  t_peak=100936  comparison cadence=302809  difference=0.05125  below=0/3
t=581634  fraction=0.29375  peak_slope=2.502e-06  t_peak=100936  comparison cadence=302809  difference=0.05125  below=0/3
t=582633  fraction=0.29375  peak_slope=2.502e-06  t_peak=100936  comparison cadence=302809  difference=0.05125  below=0/3
t=583633  fraction=0.29375  peak_slope=2.502e-06  t_peak=100936  comparison cadence=302809  difference=0.05125  below=0/3
t=584632  fraction=0.29375  peak_slope=2.502e-06  t_peak=100936  comparison cadence=302809  difference=0.05125  below=0/3
t=585631  fraction=0.29375  peak_slope=2.502e-06  t_peak=100936  comparison cadence=302809  difference=0.05125  below=0/3
t=586631  fraction=0.29375  peak_slope=2.502e-06  t_peak=100936  comparison cadence=302809  difference=0.05125  below=0/3
t=587630  fraction=0.29375  peak_slope=2.502e-06  t_peak=100936  comparison cadence=302809  difference=0.05125  below=0/3
t=588630  fraction=0.29375  peak_slope=2.502e-06  t_peak=100936  comparison cadence=302809  difference=0.05125  below=0/3
t=589629  fraction=0.29375  peak_slope=2.502e-06  t_peak=100936  comparison cadence=302809  difference=0.05000  below=0/3
t=590628  fraction=0.29375  peak_slope=2.502e-06  t_peak=100936  comparison cadence=302809  difference=0.05000  below=0/3
t=591628  fraction=0.29375  peak_slope=2.502e-06  t_peak=100936  comparison cadence=302809  difference=0.05000  below=0/3
t=592627  fraction=0.29375  peak_slope=2.502e-06  t_peak=100936  comparison cadence=302809  difference=0.05000  below=0/3
t=593626  fraction=0.29375  peak_slope=2.502e-06  t_peak=100936  comparison cadence=302809  difference=0.05000  below=0/3
t=594626  fraction=0.29375  peak_slope=2.502e-06  t_peak=100936  comparison cadence=302809  difference=0.05000  below=0/3
t=595625  fraction=0.29375  peak_slope=2.502e-06  t_peak=100936  comparison cadence=302809  difference=0.05000  below=0/3
t=596625  fraction=0.29375  peak_slope=2.502e-06  t_peak=100936  comparison cadence=302809  difference=0.05000  below=0/3
t=597624  fraction=0.29375  peak_slope=2.502e-06  t_peak=100936  comparison cadence=302809  difference=0.04875  below=0/3
t=598623  fraction=0.29375  peak_slope=2.502e-06  t_peak=100936  comparison cadence=302809  difference=0.04500  below=0/3
t=599623  fraction=0.29375  peak_slope=2.502e-06  t_peak=100936  comparison cadence=302809  difference=0.04375  below=0/3
t=600622  fraction=0.29375  peak_slope=2.502e-06  t_peak=100936  comparison cadence=302809  difference=0.04375  below=0/3
t=601621  fraction=0.29375  peak_slope=2.502e-06  t_peak=100936  comparison cadence=302809  difference=0.04375  below=0/3
t=602621  fraction=0.29375  peak_slope=2.502e-06  t_peak=100936  comparison cadence=302809  difference=0.04375  below=0/3
t=603620  fraction=0.29375  peak_slope=2.502e-06  t_peak=100936  comparison cadence=302809  difference=0.04375  below=0/3
t=604620  fraction=0.29375  peak_slope=2.502e-06  t_peak=100936  comparison cadence=302809  difference=0.04250  below=0/3
t=605619  fraction=0.29375  peak_slope=2.502e-06  t_peak=100936  comparison cadence=302809  difference=0.04250  below=0/3
t=606618  fraction=0.29375  peak_slope=2.502e-06  t_peak=100936  comparison cadence=302809  difference=0.04250  below=0/3
t=607618  fraction=0.29375  peak_slope=2.502e-06  t_peak=100936  comparison cadence=302809  difference=0.04250  below=0/3
t=608617  fraction=0.29375  peak_slope=2.502e-06  t_peak=100936  comparison cadence=302809  difference=0.04250  below=0/3
t=609616  fraction=0.29375  peak_slope=2.502e-06  t_peak=100936  comparison cadence=302809  difference=0.04250  below=0/3
t=610616  fraction=0.29375  peak_slope=2.502e-06  t_peak=100936  comparison cadence=302809  difference=0.04250  below=0/3
t=611615  fraction=0.29375  peak_slope=2.502e-06  t_peak=100936  comparison cadence=302809  difference=0.04125  below=0/3
t=612615  fraction=0.29375  peak_slope=2.502e-06  t_peak=100936  comparison cadence=302809  difference=0.04125  below=0/3
t=613614  fraction=0.29375  peak_slope=2.502e-06  t_peak=100936  comparison cadence=302809  difference=0.04125  below=0/3
t=614613  fraction=0.29375  peak_slope=2.502e-06  t_peak=100936  comparison cadence=302809  difference=0.04125  below=0/3
t=615613  fraction=0.29375  peak_slope=2.502e-06  t_peak=100936  comparison cadence=302809  difference=0.04000  below=0/3
t=616612  fraction=0.29375  peak_slope=2.502e-06  t_peak=100936  comparison cadence=302809  difference=0.03750  below=1/3
t=617611  fraction=0.29375  peak_slope=2.502e-06  t_peak=100936  comparison cadence=302809  difference=0.03750  below=2/3
t=618611  fraction=0.29375  peak_slope=2.502e-06  t_peak=100936  comparison cadence=302809  difference=0.03750  below=3/3
Stopping at t=618610.7300928481
Saved 563 remaining particles to /scratch/group/p.phy260085.000/Mass_Fraction/Outputs/Ejection_Results/remaining_particles_2188349_3.csv
