==========================================
Mass Fraction MPI Run
==========================================
Date:               Mon Oct  5 08:40:40 CDT 2026
Host:               ac008
Array job ID:       2188349
Array task ID:      2
MPI ranks:          4
CPUs per task:      1
Nodes allocated:    1
Python:             /scratch/user/u.hm357857/.conda/envs/comets/bin/python
Conda environment:  /scratch/user/u.hm357857/.conda/envs/comets
==========================================

0.8639844585739695
1.1324887355845963
2.351659527693692
0.8459895974721086
1.6109873668982624
0.7922938880496211
0.6619524641900492
1.7451156313777583
0.7868279966330112
1.2246939407782647
1.465551761165382
2.0797017656493617
2.3621987315387996
1.441039510689338
2.427675739505027
1.5111330088224753
0.5413630930859581
1.5238063287179169
0.8887887662768221
2.2770834016749086
1.0158732081984758
1.5814987675902035
2.1016654029551356
0.9907527053907259
0.5596294256881071
0.9596800339224703
2.227512888413462
0.5040210397422618
1.3539751389409893
0.7440986247216861
1.010035501776085
0.9802385040577595
1.2410189520541144
1.859005694385067
0.7168800458950233
2.2262693510075726
1.3023755769333047
1.84322859878096
0.6048357398658186
1.7521457251624533
0.5743095253707247
1.862367614786903
1.0452526412316798
1.320065137858735
1.9383546745283364
2.209210359039667
2.487290562163281
1.8391005896742278
1.674006005731531
0.9163654782416089
1.3200122349023424
1.1548216109356002
1.1033988355621278
1.0016321272263844
1.3291693869273085
1.9663477385801542
1.657911735009644
1.6515710097127108
1.473502281478412
1.8000569398936106
0.7643053823626476
0.7555932753145373
0.6205981519002846
1.247852895003017
1.0993608019716308
1.530786011820588
1.6872157575512745
1.7625381163509357
1.1714249626354267
2.160497427887138
2.368130600513629
1.6508104428794588
2.2392990448998344
2.427343832872711
1.4218878280018232
2.120382578579851
1.2727631612284742
2.221939512543201
1.2532248080107413
1.6639573928707563
2.179918686709857
0.7756800041081484
2.123989529025499
0.7425333919381707
2.199494063448485
1.7195185208549362
2.26254011926447
1.0730243547881646
0.7427082538481256
0.700636555456893
2.376668932720227
1.6077425233848972
2.486525174387139
1.321169082053499
1.3492196710282711
0.7688372381729804
1.6070815364869326
1.5261121107177513
1.7589425169993216
1.5776407540025075
2.195027749053841
1.065784049862738
1.152927312884635
1.8155758142311516
1.2275880861814257
1.9274524027837239
2.310681213289997
0.9401367479541143
1.269761730733497
2.0584800236981646
0.5598606580588914
1.129759976457931
0.7850539109629737
2.3482790689138495
0.8594260031832333
0.9849855235602674
2.3212196336845796
0.5893124176489082
2.1770292835073892
1.8012311235099752
1.7526104185888596
1.10251831971692
0.7231140266318548
2.0961308726452623
0.6157210690686585
1.2092151338927108
0.610570942658025
1.9881461155641786
1.2035607347877286
1.045355800792098
1.4714329665267136
1.8689151217656894
1.0488668514686406
2.1596519748172884
2.006303174433744
2.3535072931320826
1.686364162638558
1.4232305773571954
1.2381468828702988
0.6104603694668591
2.0173725297521017
1.0354537808760176
2.25063325549019
2.1415120978709754
2.4747641999808723
0.5148708278702285
1.4258706755636597
1.3961662306117149
1.4959624312611215
0.9814278168749946
1.4843296371343029
1.611951378114877
1.859886888632409
1.2602106848242907
1.0270259714605299
0.9808913869417206
2.4983645198894027
1.3743546697731084
0.7955215534105977
1.6924727877272139
1.2923335287642455
0.6609586232869795
1.9362475336046483
1.9784440577076818
2.0602503154213396
1.6984947894001357
1.254075709974065
1.2432039160617419
1.9199550031272017
0.9008381790348434
2.095707559116919
2.2286183769331434
1.7236851437901695
0.6714052345147932
1.1226857790526221
1.6775060559413075
2.1217076720372305
1.4815574138235648
1.929441144979534
1.3168430296533091
0.7575850856082647
1.2040505163591502
2.0093512207566238
0.6700534102538258
1.7794641661943396
2.146029907241881
1.6658231460012827
1.3822732008832264
2.377197582501168
2.037596346788713
1.972059832298864
1.1568222513790845
1.8722952804913873
2.1995606391036295
1.4401159997172939
2.1803691830915675
2.1678369632552705
0.9807703411670301
0.5986393923665942
2.3001063117718763
1.6977525495117973
1.507320669964591
1.9708571718314094
0.7163147262377612
0.5686176653092079
1.568939603136555
0.5663653699147704
1.549850466391207
1.6893235860563152
2.159833596826322
2.492256076072345
1.3156751535294682
1.3807841816242434
1.4777604125667798
1.5601402032428255
0.8648353623623302
1.711877099340592
2.4254715408529424
2.1377945690952704
1.5663669616272793
1.638959954972252
2.0715849767349823
0.7709400920784146
1.6014982929738286
2.0796734938885697
1.5885248187515877
1.5187089491310453
0.8899638982062001
2.490735718028898
1.1065189922406182
0.745036099560118
0.6323505777962817
2.246970973754139
1.8818523708529764
1.332256051720822
2.1424869264633877
2.2291584585650073
2.496627675327459
1.7071835479357502
0.5550530989643856
2.2908498021092543
2.4738469331145936
0.7573678847203629
2.103139328929502
1.6840776861966997
1.3376240965986945
2.3853808120585516
1.6625306792407841
0.6433044576352083
1.9429171724593348
1.9844249387661381
0.626703153254645
1.3482138283779623
0.6827490605805882
2.193124801526781
2.3534215557872415
0.7727001239207238
0.9260282846242274
1.6939662485072406
2.0429333758434938
1.5133467604051671
1.799929576182932
2.2051135893824707
2.085211923707666
1.1407095740160755
2.043688297255252
2.082200448022422
1.920309061554001
2.0006100316587436
1.1691783057451262
1.8239993213065522
1.0932319443703105
2.0827059839540674
1.7211150359503138
0.9554220175258086
1.0361442163972505
2.357560775670059
1.7851296162678663
1.0279436120306773
2.3369460839047846
1.9178993313757193
1.6610395566749243
1.7333533916593158
0.5177177638187052
0.7514014222244696
2.1896706495228315
0.5735423419805712
1.8366826023103067
0.5695639353972626
2.123547039508351
0.793251988305322
2.0451229970027054
1.2026865481627378
1.066862359587969
1.7375533461717683
1.249285326058412
1.1010928447090047
1.976949085752853
2.0245239727324558
2.2623930429791343
2.0398867682584267
0.9660621763324302
1.71852107370855
1.8743985019625058
1.1779909217877094
0.5459058752213275
1.8042109274735445
2.3199971570725912
1.0484094395244414
1.078748590639581
1.095218911380758
0.6390627890788663
1.7879691561959112
1.1611097716029424
1.5031474338349335
0.6212804185306326
2.2478703745277904
1.7370102835269976
1.6291285861758282
1.1098230615088158
1.3028681845077401
1.6833774611795809
1.7833561274623417
1.0109855594374593
0.7445316712236114
0.7865510069522708
1.4275373185973246
1.6170761138058152
1.4043510924168978
1.306284777822985
1.4853660875781254
1.1163080210143967
1.9802883464591639
1.5905551723274183
1.1122570172004373
0.7293488504942909
0.6960492541504917
1.4707604485024977
2.3230999337088916
2.4960729213028876
2.381367679129225
1.6535708073448714
2.3340290640996706
1.0215017002308626
1.9628533384838711
1.724736184106453
0.7779866116515366
0.5266343071144022
1.9910056279321304
1.5068248789292333
2.3599741097135616
2.4587885755089505
0.8739538793907897
0.8232331646902216
1.0776006477811735
1.277444346337276
1.8640262726974175
2.315150987863335
1.7877180396258294
1.9184449698303285
1.6361524257200422
1.4016951310458985
2.250401083526825
0.5875246434981707
1.855097021365094
0.7400198421704209
1.1691231300735834
2.2615562556992157
1.5329276484660868
1.0647659356743107
2.354178711364523
1.31337771124506
2.133309925811692
1.9797356033036626
1.5957540580811413
1.8431176331282122
2.47784725119882
0.6401087803957342
0.5766923079154829
2.13937552589777
1.2713365534431023
0.8834258320988762
2.134183757454262
2.1822899138101493
1.359778123437298
0.5083449353277858
0.9533557932619956
2.4805504990746314
1.3510987153184768
0.6732739807443093
2.204422358894372
0.6027368662441044
1.3584381634259888
1.3104434940683773
1.0185120462311346
1.99991176246762
1.9746550861028072
1.0613497812750523
0.9742318002709791
2.4537321428074406
2.1952166802265225
2.1956752977845873
0.6661808324099239
1.117836500597569
1.893643248464557
2.024053378954643
2.137218815485308
0.5391728366599116
1.5415238341702882
1.5239638738738295
1.1916105035552496
1.9268753693651846
1.2409907448189685
1.5007642899864397
1.4387883167780655
1.3818796007969565
2.3467787809638234
2.2088159031066983
1.3496400231132768
1.4228844365093112
0.8374527317222558
1.972083390382757
1.582796480011015
1.3217251489345547
1.2169121365770093
0.7317532130347522
0.916935454062719
1.4928259854179304
2.258042550010038
1.2259638838113371
1.1921080054548576
1.538207662009203
2.073187324298973
0.9105946104593456
0.9529491147771243
0.8701737868494321
0.9843228222394922
1.4422375737654531
0.5845404681058501
1.2922224925265349
1.7687904200424265
1.1864812593330816
2.36145064447034
0.8214189941708931
1.451325122759114
2.45659963405917
1.161809611726191
1.9460395425036463
0.9130404000817798
0.9978123555683387
1.0747323646054854
1.028483864754208
1.2953969446426812
0.5404388073529947
2.423812915373643
1.3470541066185835
0.6905194690419665
1.2741228599548116
1.0549340210653955
0.9607597832961794
1.6481445010188642
1.3389807360417667
1.4101507797446384
1.526251746410226
1.3167360343955872
1.5524906795358
2.3407309711709443
0.9362363852826086
1.2863303074848496
0.8620038288012803
0.6549707730567322
1.3432362642968794
1.046068191338919
0.6527847270247125
1.8511635157192154
1.5543631728974177
2.2675338194563155
1.9557440057237936
0.7255881781426052
1.117696108344737
1.5949361770934065
1.3347628106506613
2.254117128046931
0.5481377836386552
1.6241732671974787
2.271470726908311
1.5719610013564118
0.5512632052433386
0.9138522881470683
1.8295130869594454
0.7504459899336553
1.5470616331957403
0.5862026721350144
0.985671326870613
0.9345413915315102
0.856314189906791
2.470306209357606
0.9786154143377479
1.6575278223248298
1.0665548975577333
2.494072426390413
0.6074784310860095
0.764767698878202
1.777975475036261
1.5938933916443911
2.156321687846477
2.0867347628741015
1.1570741690931727
1.539121586428621
2.052752261458049
1.7653458475392672
0.6639950747090793
0.78619619844515
2.4579492710279505
2.3405020202120186
1.0919346682645446
0.5505709557139067
1.9503738257886298
0.6707017977173786
1.083110017703612
1.5197103799713336
1.273986572138343
0.9957868667071226
2.2134321039155567
2.428267654775079
1.1114412501106996
1.4132700624866161
0.6111872357309116
1.5028651409672242
1.6001279510962456
1.1360484916736293
1.6972564326117534
2.3324983249674327
0.9352545203231679
1.3220738583929987
2.3036331856439585
0.5139812033827171
2.3100938642017117
0.7951106801502346
1.487060363285839
1.0332514867808402
0.7084114051839303
1.9415354384277703
1.5288862917074566
2.4664760973021576
1.5066794654368463
2.2367202011142666
1.303037122560936
1.3091041663841072
1.0270994173057562
1.4122589284951264
2.3526511545097266
2.255328925144849
0.7958780384611026
2.460221072404745
1.71430074883526
1.5134163697609015
2.4695090346487687
0.8674994332750476
0.920399604325639
2.0499920790811674
1.280424521730818
2.213207028478342
0.5289841536871718
1.9791931003730274
1.0254945284128296
1.8190179005032063
2.3534198031517013
0.6036527939108203
1.1874330239161892
1.7403434112370708
2.4149193270245295
1.467839615340546
2.1466292171226358
1.5264113088303626
1.6689484389060272
1.519993455293646
2.235801658144725
1.8768735800174687
1.7992738584408443
0.9272259896538873
1.3364671650389186
0.8881007352814816
2.4605668407463255
1.9383622321990572
1.0744083890288838
1.2818250166944116
1.0606025533762518
0.6457480656622832
1.4736667432063044
0.7430268478652471
2.34374745830749
1.0892713178746773
0.818176786147784
1.7736659196757776
1.5415867662754756
0.6930517496718998
1.7022126034722858
0.5061046136214287
1.5143444584667212
2.073088700460201
1.6795975394638647
2.248687925740027
0.9038354107507274
1.2061385789938157
0.5471363621079972
1.547105940722259
1.2468732012114243
2.338805642239793
0.5856476264189239
0.858964850680022
0.5021144757622824
0.9506625586315587
1.5997227577755055
1.3523708142649378
2.1813114509728795
1.3058687803600657
0.9404986555356194
0.9082689959285921
0.8269330302105595
2.3211359566446665
1.1345670218163237
2.2952216710711357
0.9831810376555163
1.4969491119343619
1.3707250908564852
2.1842447113689074
1.2510934266866693
1.4959188299850084
0.6190253728113393
1.3243117478364816
1.1786642671130678
0.7276338178655195
0.5498769399339523
2.2805914362757376
1.537988485723702
0.5018271314758516
0.6022270162363474
1.6320353908141079
0.8722790594573047
1.2058804040857256
0.6222453798827321
2.2597836681320462
1.8690443719944048
2.2249776401004313
2.0919741930308753
0.6809229915008619
1.5479138861716535
1.2072265758115681
2.4315661435726024
1.1623834577926098
2.072331742854816
0.8548177918312725
0.8396751773182405
0.9225461065672056
0.8847376748804485
2.165130536208512
1.5018737230941857
2.214458577591702
1.9044320725391655
2.412053848938312
2.331684677104163
2.2251926493251557
2.2373813801060463
1.656590076290123
0.8376652747956028
2.181798668094551
1.7644843721822248
0.6317602318517217
0.6798374745075697
1.7901183374635534
1.5952983880855738
0.6281325751961542
1.6616868960342046
2.16225101994259
1.392356455602187
1.3147995070273966
0.5370691175294879
2.0105408924025587
1.5614440140183818
2.4135798711493788
2.3571888227334874
1.6014723190516578
0.7297056096110068
0.6565357448724711
0.9118973076256613
2.3168833765437014
1.4669548102165062
0.6256972886152536
1.213342420585205
1.6371573382916846
0.9275479405755962
2.0763938141164395
1.8621677265206498
0.9439933991492071
1.2142607457301253
1.4523354008680835
1.8561968532404527
1.4637002490756026
1.5790045150346448
1.4420155390946465
0.7127309141702318
1.2807888382853092
1.0775952464867253
2.120810746527469
0.7111582269546088
0.7549942888463106
0.6764861381020815
0.5552954999675401
1.5087397389907788
1.7655577113837513
1.9697824568919204
2.449581822437151
0.9816890723451879
0.9772256648788602
1.1806760630712854
2.4706409298831487
2.1957983342503455
1.4489050114947082
2.193953391403756
0.6187382871321931
2.0633983750943994
2.424873799662074
1.641670525415433
1.2449045199766144
2.27575852742891
1.7415266017362585
0.5250663185188111
2.087178835061076
2.1394765837669416
0.9299510296398399
1.794862688178599
1.5263149529063946
2.341010141922715
2.2811551410731683
2.2055783204011497
1.9419797373853482
1.7007877349641507
2.474343265173485
2.1082794671078915
0.9431393417641936
0.8046310957224114
1.9551198181429823
2.348527646017785
0.8649261936431061
0.6006364273850031
0.5182423193823955
1.7745412406484369
1.3005156219450897
1.926563738640113
0.5393936835307618
2.4517881582560337
0.7574412437478129
1.2736424491553187
1.5777814269319814
1.4415950272258657
2.4537834879250537
2.2410986644546496
1.6860092022773523
0.6705792629580576
1.8289994088742347
1.8118946074329103
1.6914435536576728
0.5972029633323372
1.6167631457321099
0.5598845091679652
1.9557388950904468
1.1288216273893998
0.8341616406211776
2.49894150784475
1.675670504786671
0.7008552880196219
1.1529310767557792
2.4396547822874783
1.4868500729936498
0.5231890997493889
1.553423768680054
0.7868976693964131
1.0911647906716888
2.296698625816618
1.5417155048988398
0.850905761856239
2.2884761173858736
2.365399524970922
1.4163789101814641
0.7255674081160213
1.995226585829171
2.113964977841025
0.7418873998972799
1.1667024226300164
1.540401745921815
1.4679838955464903
1.308685723949621
2.067600661723543
1.0033569399235895
1.773301977121074
Rank 2: 200 simulations
1.7226216969047632
1.8149580739208195
Rank 1: 200 simulations
0.526866885124069
Running 800 simulations with 4 MPI ranks
Rank 0: 200 simulations
2.194360909802781
Rank 3: 200 simulations
t=179774  fraction=0.32500  peak_slope=6.758e-06  t_peak=59925  comparison cadence=179774  difference=0.32500  below=0/3
t=180773  fraction=0.32500  peak_slope=6.758e-06  t_peak=59925  comparison cadence=179774  difference=0.32500  below=0/3
t=181772  fraction=0.32500  peak_slope=6.758e-06  t_peak=59925  comparison cadence=179774  difference=0.32500  below=0/3
t=182771  fraction=0.32750  peak_slope=6.758e-06  t_peak=59925  comparison cadence=179774  difference=0.32750  below=0/3
t=183769  fraction=0.32750  peak_slope=6.758e-06  t_peak=59925  comparison cadence=179774  difference=0.32750  below=0/3
t=184768  fraction=0.32750  peak_slope=6.758e-06  t_peak=59925  comparison cadence=179774  difference=0.32750  below=0/3
t=185767  fraction=0.32750  peak_slope=6.758e-06  t_peak=59925  comparison cadence=179774  difference=0.32750  below=0/3
t=186766  fraction=0.32875  peak_slope=6.758e-06  t_peak=59925  comparison cadence=179774  difference=0.32875  below=0/3
t=187764  fraction=0.32875  peak_slope=6.758e-06  t_peak=59925  comparison cadence=179774  difference=0.32875  below=0/3
t=188763  fraction=0.32875  peak_slope=6.758e-06  t_peak=59925  comparison cadence=179774  difference=0.32875  below=0/3
t=189762  fraction=0.32875  peak_slope=6.758e-06  t_peak=59925  comparison cadence=179774  difference=0.32875  below=0/3
t=190761  fraction=0.32875  peak_slope=6.758e-06  t_peak=59925  comparison cadence=179774  difference=0.32875  below=0/3
t=191759  fraction=0.33000  peak_slope=6.758e-06  t_peak=59925  comparison cadence=179774  difference=0.33000  below=0/3
t=192758  fraction=0.33000  peak_slope=6.758e-06  t_peak=59925  comparison cadence=179774  difference=0.33000  below=0/3
t=193757  fraction=0.33125  peak_slope=6.758e-06  t_peak=59925  comparison cadence=179774  difference=0.33125  below=0/3
t=194756  fraction=0.33125  peak_slope=6.758e-06  t_peak=59925  comparison cadence=179774  difference=0.33125  below=0/3
t=195754  fraction=0.33125  peak_slope=6.758e-06  t_peak=59925  comparison cadence=179774  difference=0.33125  below=0/3
t=196753  fraction=0.33125  peak_slope=6.758e-06  t_peak=59925  comparison cadence=179774  difference=0.33125  below=0/3
t=197752  fraction=0.33125  peak_slope=6.758e-06  t_peak=59925  comparison cadence=179774  difference=0.33125  below=0/3
t=198751  fraction=0.33125  peak_slope=6.758e-06  t_peak=59925  comparison cadence=179774  difference=0.33125  below=0/3
t=199749  fraction=0.33125  peak_slope=6.758e-06  t_peak=59925  comparison cadence=179774  difference=0.33125  below=0/3
t=200748  fraction=0.33125  peak_slope=6.758e-06  t_peak=59925  comparison cadence=179774  difference=0.33125  below=0/3
t=201747  fraction=0.33125  peak_slope=6.758e-06  t_peak=59925  comparison cadence=179774  difference=0.33125  below=0/3
t=202746  fraction=0.33125  peak_slope=6.758e-06  t_peak=59925  comparison cadence=179774  difference=0.33125  below=0/3
t=203744  fraction=0.33125  peak_slope=6.758e-06  t_peak=59925  comparison cadence=179774  difference=0.33125  below=0/3
t=204743  fraction=0.33125  peak_slope=6.758e-06  t_peak=59925  comparison cadence=179774  difference=0.33125  below=0/3
t=205742  fraction=0.33125  peak_slope=6.758e-06  t_peak=59925  comparison cadence=179774  difference=0.33125  below=0/3
t=206741  fraction=0.33250  peak_slope=6.758e-06  t_peak=59925  comparison cadence=179774  difference=0.33250  below=0/3
t=207739  fraction=0.33250  peak_slope=6.758e-06  t_peak=59925  comparison cadence=179774  difference=0.33250  below=0/3
t=208738  fraction=0.33250  peak_slope=6.758e-06  t_peak=59925  comparison cadence=179774  difference=0.33250  below=0/3
t=209737  fraction=0.33500  peak_slope=6.758e-06  t_peak=59925  comparison cadence=179774  difference=0.33500  below=0/3
t=210735  fraction=0.33625  peak_slope=6.758e-06  t_peak=59925  comparison cadence=179774  difference=0.33375  below=0/3
t=211734  fraction=0.33625  peak_slope=6.758e-06  t_peak=59925  comparison cadence=179774  difference=0.33375  below=0/3
t=212733  fraction=0.33875  peak_slope=6.758e-06  t_peak=59925  comparison cadence=179774  difference=0.33625  below=0/3
t=213732  fraction=0.34000  peak_slope=6.758e-06  t_peak=59925  comparison cadence=179774  difference=0.33625  below=0/3
t=214730  fraction=0.34000  peak_slope=6.758e-06  t_peak=59925  comparison cadence=179774  difference=0.33375  below=0/3
t=215729  fraction=0.34000  peak_slope=6.758e-06  t_peak=59925  comparison cadence=179774  difference=0.33125  below=0/3
t=216728  fraction=0.34125  peak_slope=6.758e-06  t_peak=59925  comparison cadence=179774  difference=0.33125  below=0/3
t=217727  fraction=0.34125  peak_slope=6.758e-06  t_peak=59925  comparison cadence=179774  difference=0.33125  below=0/3
t=218725  fraction=0.34375  peak_slope=6.758e-06  t_peak=59925  comparison cadence=179774  difference=0.33000  below=0/3
t=219724  fraction=0.34500  peak_slope=6.758e-06  t_peak=59925  comparison cadence=179774  difference=0.32875  below=0/3
t=220723  fraction=0.34500  peak_slope=6.758e-06  t_peak=59925  comparison cadence=179774  difference=0.32625  below=0/3
t=221722  fraction=0.34750  peak_slope=6.758e-06  t_peak=59925  comparison cadence=179774  difference=0.32625  below=0/3
t=222720  fraction=0.34750  peak_slope=6.758e-06  t_peak=59925  comparison cadence=179774  difference=0.32125  below=0/3
t=223719  fraction=0.34875  peak_slope=6.758e-06  t_peak=59925  comparison cadence=179774  difference=0.31875  below=0/3
t=224718  fraction=0.34875  peak_slope=6.758e-06  t_peak=59925  comparison cadence=179774  difference=0.31250  below=0/3
t=225717  fraction=0.34875  peak_slope=6.758e-06  t_peak=59925  comparison cadence=179774  difference=0.30250  below=0/3
t=226715  fraction=0.34875  peak_slope=6.758e-06  t_peak=59925  comparison cadence=179774  difference=0.29750  below=0/3
t=227714  fraction=0.35000  peak_slope=6.758e-06  t_peak=59925  comparison cadence=179774  difference=0.29625  below=0/3
t=228713  fraction=0.35000  peak_slope=6.758e-06  t_peak=59925  comparison cadence=179774  difference=0.29375  below=0/3
t=229712  fraction=0.35000  peak_slope=6.758e-06  t_peak=59925  comparison cadence=179774  difference=0.29000  below=0/3
t=230710  fraction=0.35000  peak_slope=6.758e-06  t_peak=59925  comparison cadence=179774  difference=0.28500  below=0/3
t=231709  fraction=0.35125  peak_slope=6.758e-06  t_peak=59925  comparison cadence=179774  difference=0.28125  below=0/3
t=232708  fraction=0.35125  peak_slope=6.758e-06  t_peak=59925  comparison cadence=179774  difference=0.26875  below=0/3
t=233707  fraction=0.35250  peak_slope=6.758e-06  t_peak=59925  comparison cadence=179774  difference=0.26750  below=0/3
t=234705  fraction=0.35375  peak_slope=6.758e-06  t_peak=59925  comparison cadence=179774  difference=0.26625  below=0/3
t=235704  fraction=0.35375  peak_slope=6.758e-06  t_peak=59925  comparison cadence=179774  difference=0.25875  below=0/3
t=236703  fraction=0.35375  peak_slope=6.758e-06  t_peak=59925  comparison cadence=179774  difference=0.25375  below=0/3
t=237702  fraction=0.35375  peak_slope=6.758e-06  t_peak=59925  comparison cadence=179774  difference=0.24625  below=0/3
t=238700  fraction=0.35500  peak_slope=6.758e-06  t_peak=59925  comparison cadence=179774  difference=0.24375  below=0/3
t=239699  fraction=0.35750  peak_slope=6.758e-06  t_peak=59925  comparison cadence=179774  difference=0.23625  below=0/3
t=240698  fraction=0.35750  peak_slope=6.758e-06  t_peak=59925  comparison cadence=179774  difference=0.23250  below=0/3
t=241697  fraction=0.35750  peak_slope=6.758e-06  t_peak=59925  comparison cadence=179774  difference=0.23000  below=0/3
t=242695  fraction=0.35875  peak_slope=6.758e-06  t_peak=59925  comparison cadence=179774  difference=0.22750  below=0/3
t=243694  fraction=0.35875  peak_slope=6.758e-06  t_peak=59925  comparison cadence=179774  difference=0.22375  below=0/3
t=244693  fraction=0.35875  peak_slope=6.758e-06  t_peak=59925  comparison cadence=179774  difference=0.22250  below=0/3
t=245692  fraction=0.35875  peak_slope=6.758e-06  t_peak=59925  comparison cadence=179774  difference=0.21750  below=0/3
t=246690  fraction=0.35875  peak_slope=6.758e-06  t_peak=59925  comparison cadence=179774  difference=0.21500  below=0/3
t=247689  fraction=0.35875  peak_slope=6.758e-06  t_peak=59925  comparison cadence=179774  difference=0.21250  below=0/3
t=248688  fraction=0.35875  peak_slope=6.758e-06  t_peak=59925  comparison cadence=179774  difference=0.20500  below=0/3
t=249687  fraction=0.35875  peak_slope=6.758e-06  t_peak=59925  comparison cadence=179774  difference=0.20000  below=0/3
t=250685  fraction=0.35875  peak_slope=6.758e-06  t_peak=59925  comparison cadence=179774  difference=0.19375  below=0/3
t=251684  fraction=0.35875  peak_slope=6.758e-06  t_peak=59925  comparison cadence=179774  difference=0.19000  below=0/3
t=252683  fraction=0.35875  peak_slope=6.758e-06  t_peak=59925  comparison cadence=179774  difference=0.18500  below=0/3
t=253682  fraction=0.35875  peak_slope=6.758e-06  t_peak=59925  comparison cadence=179774  difference=0.18125  below=0/3
t=254680  fraction=0.35875  peak_slope=6.758e-06  t_peak=59925  comparison cadence=179774  difference=0.17750  below=0/3
t=255679  fraction=0.35875  peak_slope=6.758e-06  t_peak=59925  comparison cadence=179774  difference=0.17500  below=0/3
t=256678  fraction=0.35875  peak_slope=6.758e-06  t_peak=59925  comparison cadence=179774  difference=0.17000  below=0/3
t=257677  fraction=0.35875  peak_slope=6.758e-06  t_peak=59925  comparison cadence=179774  difference=0.16625  below=0/3
t=258675  fraction=0.35875  peak_slope=6.758e-06  t_peak=59925  comparison cadence=179774  difference=0.16375  below=0/3
t=259674  fraction=0.35875  peak_slope=6.758e-06  t_peak=59925  comparison cadence=179774  difference=0.16125  below=0/3
t=260673  fraction=0.35875  peak_slope=6.758e-06  t_peak=59925  comparison cadence=179774  difference=0.16000  below=0/3
t=261672  fraction=0.36000  peak_slope=6.758e-06  t_peak=59925  comparison cadence=179774  difference=0.15750  below=0/3
t=262670  fraction=0.36000  peak_slope=6.758e-06  t_peak=59925  comparison cadence=179774  difference=0.15125  below=0/3
t=263669  fraction=0.36000  peak_slope=6.758e-06  t_peak=59925  comparison cadence=179774  difference=0.14750  below=0/3
t=264668  fraction=0.36000  peak_slope=6.758e-06  t_peak=59925  comparison cadence=179774  difference=0.14625  below=0/3
t=265667  fraction=0.36000  peak_slope=6.758e-06  t_peak=59925  comparison cadence=179774  difference=0.14375  below=0/3
t=266665  fraction=0.36000  peak_slope=6.758e-06  t_peak=59925  comparison cadence=179774  difference=0.14250  below=0/3
t=267664  fraction=0.36000  peak_slope=6.758e-06  t_peak=59925  comparison cadence=179774  difference=0.13875  below=0/3
t=268663  fraction=0.36000  peak_slope=6.758e-06  t_peak=59925  comparison cadence=179774  difference=0.13750  below=0/3
t=269662  fraction=0.36000  peak_slope=6.758e-06  t_peak=59925  comparison cadence=179774  difference=0.13250  below=0/3
t=270660  fraction=0.36125  peak_slope=6.758e-06  t_peak=59925  comparison cadence=179774  difference=0.13250  below=0/3
t=271659  fraction=0.36125  peak_slope=6.758e-06  t_peak=59925  comparison cadence=179774  difference=0.12875  below=0/3
t=272658  fraction=0.36250  peak_slope=6.758e-06  t_peak=59925  comparison cadence=179774  difference=0.12750  below=0/3
t=273657  fraction=0.36250  peak_slope=6.758e-06  t_peak=59925  comparison cadence=179774  difference=0.12625  below=0/3
t=274655  fraction=0.36250  peak_slope=6.758e-06  t_peak=59925  comparison cadence=179774  difference=0.12500  below=0/3
t=275654  fraction=0.36250  peak_slope=6.758e-06  t_peak=59925  comparison cadence=179774  difference=0.12250  below=0/3
t=276653  fraction=0.36250  peak_slope=6.758e-06  t_peak=59925  comparison cadence=179774  difference=0.12000  below=0/3
t=277652  fraction=0.36250  peak_slope=6.758e-06  t_peak=59925  comparison cadence=179774  difference=0.11875  below=0/3
t=278650  fraction=0.36250  peak_slope=6.758e-06  t_peak=59925  comparison cadence=179774  difference=0.11750  below=0/3
t=279649  fraction=0.36250  peak_slope=6.758e-06  t_peak=59925  comparison cadence=179774  difference=0.11625  below=0/3
t=280648  fraction=0.36375  peak_slope=6.758e-06  t_peak=59925  comparison cadence=179774  difference=0.11500  below=0/3
t=281646  fraction=0.36375  peak_slope=6.758e-06  t_peak=59925  comparison cadence=179774  difference=0.11375  below=0/3
t=282645  fraction=0.36375  peak_slope=6.758e-06  t_peak=59925  comparison cadence=179774  difference=0.11375  below=0/3
t=283644  fraction=0.36375  peak_slope=6.758e-06  t_peak=59925  comparison cadence=179774  difference=0.11250  below=0/3
t=284643  fraction=0.36500  peak_slope=6.758e-06  t_peak=59925  comparison cadence=179774  difference=0.11250  below=0/3
t=285641  fraction=0.36500  peak_slope=6.758e-06  t_peak=59925  comparison cadence=179774  difference=0.11125  below=0/3
t=286640  fraction=0.36500  peak_slope=6.758e-06  t_peak=59925  comparison cadence=179774  difference=0.11000  below=0/3
t=287639  fraction=0.36500  peak_slope=6.758e-06  t_peak=59925  comparison cadence=179774  difference=0.11000  below=0/3
t=288638  fraction=0.36500  peak_slope=6.758e-06  t_peak=59925  comparison cadence=179774  difference=0.10750  below=0/3
t=289636  fraction=0.36500  peak_slope=6.758e-06  t_peak=59925  comparison cadence=179774  difference=0.10625  below=0/3
t=290635  fraction=0.36500  peak_slope=6.758e-06  t_peak=59925  comparison cadence=179774  difference=0.10375  below=0/3
t=291634  fraction=0.36500  peak_slope=6.758e-06  t_peak=59925  comparison cadence=179774  difference=0.10375  below=0/3
t=292633  fraction=0.36500  peak_slope=6.758e-06  t_peak=59925  comparison cadence=179774  difference=0.10250  below=0/3
t=293631  fraction=0.36500  peak_slope=6.758e-06  t_peak=59925  comparison cadence=179774  difference=0.10250  below=0/3
t=294630  fraction=0.36500  peak_slope=6.758e-06  t_peak=59925  comparison cadence=179774  difference=0.10125  below=0/3
t=295629  fraction=0.36500  peak_slope=6.758e-06  t_peak=59925  comparison cadence=179774  difference=0.09875  below=0/3
t=296628  fraction=0.36500  peak_slope=6.758e-06  t_peak=59925  comparison cadence=179774  difference=0.09875  below=0/3
t=297626  fraction=0.36500  peak_slope=6.758e-06  t_peak=59925  comparison cadence=179774  difference=0.09875  below=0/3
t=298625  fraction=0.36500  peak_slope=6.758e-06  t_peak=59925  comparison cadence=179774  difference=0.09750  below=0/3
t=299624  fraction=0.36500  peak_slope=6.758e-06  t_peak=59925  comparison cadence=179774  difference=0.09625  below=0/3
t=300623  fraction=0.36500  peak_slope=6.758e-06  t_peak=59925  comparison cadence=179774  difference=0.09375  below=0/3
t=301621  fraction=0.36500  peak_slope=6.758e-06  t_peak=59925  comparison cadence=179774  difference=0.09125  below=0/3
t=302620  fraction=0.36625  peak_slope=6.758e-06  t_peak=59925  comparison cadence=179774  difference=0.09250  below=0/3
t=303619  fraction=0.36625  peak_slope=6.758e-06  t_peak=59925  comparison cadence=179774  difference=0.08875  below=0/3
t=304618  fraction=0.36625  peak_slope=6.758e-06  t_peak=59925  comparison cadence=179774  difference=0.08750  below=0/3
t=305616  fraction=0.36625  peak_slope=6.758e-06  t_peak=59925  comparison cadence=179774  difference=0.08500  below=0/3
t=306615  fraction=0.36625  peak_slope=6.758e-06  t_peak=59925  comparison cadence=179774  difference=0.08125  below=0/3
t=307614  fraction=0.36625  peak_slope=6.758e-06  t_peak=59925  comparison cadence=179774  difference=0.08000  below=0/3
t=308613  fraction=0.36625  peak_slope=6.758e-06  t_peak=59925  comparison cadence=179774  difference=0.08000  below=0/3
t=309611  fraction=0.36625  peak_slope=6.758e-06  t_peak=59925  comparison cadence=179774  difference=0.07875  below=0/3
t=310610  fraction=0.36625  peak_slope=6.758e-06  t_peak=59925  comparison cadence=179774  difference=0.07875  below=0/3
t=311609  fraction=0.36625  peak_slope=6.758e-06  t_peak=59925  comparison cadence=179774  difference=0.07875  below=0/3
t=312608  fraction=0.36625  peak_slope=6.758e-06  t_peak=59925  comparison cadence=179774  difference=0.07625  below=0/3
t=313606  fraction=0.36625  peak_slope=6.758e-06  t_peak=59925  comparison cadence=179774  difference=0.07250  below=0/3
t=314605  fraction=0.36625  peak_slope=6.758e-06  t_peak=59925  comparison cadence=179774  difference=0.06625  below=0/3
t=315604  fraction=0.36625  peak_slope=6.758e-06  t_peak=59925  comparison cadence=179774  difference=0.06625  below=0/3
t=316603  fraction=0.36625  peak_slope=6.758e-06  t_peak=59925  comparison cadence=179774  difference=0.06625  below=0/3
t=317601  fraction=0.36625  peak_slope=6.758e-06  t_peak=59925  comparison cadence=179774  difference=0.06500  below=0/3
t=318600  fraction=0.36625  peak_slope=6.758e-06  t_peak=59925  comparison cadence=179774  difference=0.06375  below=0/3
t=319599  fraction=0.36625  peak_slope=6.758e-06  t_peak=59925  comparison cadence=179774  difference=0.06375  below=0/3
t=320598  fraction=0.36750  peak_slope=6.758e-06  t_peak=59925  comparison cadence=179774  difference=0.06500  below=0/3
t=321596  fraction=0.36750  peak_slope=6.758e-06  t_peak=59925  comparison cadence=179774  difference=0.06500  below=0/3
t=322595  fraction=0.36750  peak_slope=6.758e-06  t_peak=59925  comparison cadence=179774  difference=0.06375  below=0/3
t=323594  fraction=0.36875  peak_slope=6.758e-06  t_peak=59925  comparison cadence=179774  difference=0.06250  below=0/3
t=324593  fraction=0.37000  peak_slope=6.758e-06  t_peak=59925  comparison cadence=179774  difference=0.06250  below=0/3
t=325591  fraction=0.37000  peak_slope=6.758e-06  t_peak=59925  comparison cadence=179774  difference=0.06250  below=0/3
t=326590  fraction=0.37000  peak_slope=6.758e-06  t_peak=59925  comparison cadence=179774  difference=0.06250  below=0/3
t=327589  fraction=0.37000  peak_slope=6.758e-06  t_peak=59925  comparison cadence=179774  difference=0.06250  below=0/3
t=328588  fraction=0.37125  peak_slope=6.758e-06  t_peak=59925  comparison cadence=179774  difference=0.06250  below=0/3
t=329586  fraction=0.37125  peak_slope=6.758e-06  t_peak=59925  comparison cadence=179774  difference=0.06250  below=0/3
t=330585  fraction=0.37250  peak_slope=6.758e-06  t_peak=59925  comparison cadence=179774  difference=0.06375  below=0/3
t=331584  fraction=0.37250  peak_slope=6.758e-06  t_peak=59925  comparison cadence=179774  difference=0.06375  below=0/3
t=332583  fraction=0.37250  peak_slope=6.758e-06  t_peak=59925  comparison cadence=179774  difference=0.06375  below=0/3
t=333581  fraction=0.37250  peak_slope=6.758e-06  t_peak=59925  comparison cadence=179774  difference=0.06250  below=0/3
t=334580  fraction=0.37250  peak_slope=6.758e-06  t_peak=59925  comparison cadence=179774  difference=0.06250  below=0/3
t=335579  fraction=0.37250  peak_slope=6.758e-06  t_peak=59925  comparison cadence=179774  difference=0.06250  below=0/3
t=336578  fraction=0.37250  peak_slope=6.758e-06  t_peak=59925  comparison cadence=179774  difference=0.06250  below=0/3
t=337576  fraction=0.37375  peak_slope=6.758e-06  t_peak=59925  comparison cadence=179774  difference=0.06125  below=0/3
t=338575  fraction=0.37375  peak_slope=6.758e-06  t_peak=59925  comparison cadence=179774  difference=0.06125  below=0/3
t=339574  fraction=0.37375  peak_slope=6.758e-06  t_peak=59925  comparison cadence=179774  difference=0.06125  below=0/3
t=340573  fraction=0.37375  peak_slope=6.758e-06  t_peak=59925  comparison cadence=179774  difference=0.05875  below=0/3
t=341571  fraction=0.37375  peak_slope=6.758e-06  t_peak=59925  comparison cadence=179774  difference=0.05875  below=0/3
t=342570  fraction=0.37375  peak_slope=6.758e-06  t_peak=59925  comparison cadence=179774  difference=0.05875  below=0/3
t=343569  fraction=0.37375  peak_slope=6.758e-06  t_peak=59925  comparison cadence=179774  difference=0.05750  below=0/3
t=344568  fraction=0.37375  peak_slope=6.758e-06  t_peak=59925  comparison cadence=179774  difference=0.05750  below=0/3
t=345566  fraction=0.37375  peak_slope=6.758e-06  t_peak=59925  comparison cadence=179774  difference=0.05500  below=0/3
t=346565  fraction=0.37375  peak_slope=6.758e-06  t_peak=59925  comparison cadence=179774  difference=0.05500  below=0/3
t=347564  fraction=0.37375  peak_slope=6.758e-06  t_peak=59925  comparison cadence=179774  difference=0.05500  below=0/3
t=348562  fraction=0.37375  peak_slope=6.758e-06  t_peak=59925  comparison cadence=179774  difference=0.05375  below=0/3
t=349561  fraction=0.37375  peak_slope=6.758e-06  t_peak=59925  comparison cadence=179774  difference=0.05375  below=0/3
t=350560  fraction=0.37375  peak_slope=6.758e-06  t_peak=59925  comparison cadence=179774  difference=0.05250  below=0/3
t=351559  fraction=0.37375  peak_slope=6.758e-06  t_peak=59925  comparison cadence=179774  difference=0.05250  below=0/3
t=352557  fraction=0.37375  peak_slope=6.758e-06  t_peak=59925  comparison cadence=179774  difference=0.05125  below=0/3
t=353556  fraction=0.37375  peak_slope=6.758e-06  t_peak=59925  comparison cadence=179774  difference=0.05125  below=0/3
t=354555  fraction=0.37375  peak_slope=6.758e-06  t_peak=59925  comparison cadence=179774  difference=0.05000  below=0/3
t=355554  fraction=0.37375  peak_slope=6.758e-06  t_peak=59925  comparison cadence=179774  difference=0.05000  below=0/3
t=356552  fraction=0.37375  peak_slope=6.758e-06  t_peak=59925  comparison cadence=179774  difference=0.05000  below=0/3
t=357551  fraction=0.37375  peak_slope=6.758e-06  t_peak=59925  comparison cadence=179774  difference=0.04875  below=0/3
t=358550  fraction=0.37375  peak_slope=6.758e-06  t_peak=59925  comparison cadence=179774  difference=0.04875  below=0/3
t=359549  fraction=0.37375  peak_slope=6.758e-06  t_peak=59925  comparison cadence=179774  difference=0.04875  below=0/3
t=360547  fraction=0.37500  peak_slope=6.758e-06  t_peak=59925  comparison cadence=179774  difference=0.05000  below=0/3
t=361546  fraction=0.37500  peak_slope=6.758e-06  t_peak=59925  comparison cadence=179774  difference=0.05000  below=0/3
t=362545  fraction=0.37500  peak_slope=6.758e-06  t_peak=59925  comparison cadence=179774  difference=0.04750  below=0/3
t=363544  fraction=0.37500  peak_slope=6.758e-06  t_peak=59925  comparison cadence=179774  difference=0.04750  below=0/3
t=364542  fraction=0.37500  peak_slope=6.758e-06  t_peak=59925  comparison cadence=179774  difference=0.04750  below=0/3
t=365541  fraction=0.37500  peak_slope=6.758e-06  t_peak=59925  comparison cadence=179774  difference=0.04750  below=0/3
t=366540  fraction=0.37500  peak_slope=6.758e-06  t_peak=59925  comparison cadence=179774  difference=0.04625  below=0/3
t=367539  fraction=0.37500  peak_slope=6.758e-06  t_peak=59925  comparison cadence=179774  difference=0.04625  below=0/3
t=368537  fraction=0.37500  peak_slope=6.758e-06  t_peak=59925  comparison cadence=179774  difference=0.04625  below=0/3
t=369536  fraction=0.37500  peak_slope=6.758e-06  t_peak=59925  comparison cadence=179774  difference=0.04625  below=0/3
t=370535  fraction=0.37500  peak_slope=6.758e-06  t_peak=59925  comparison cadence=179774  difference=0.04625  below=0/3
t=371534  fraction=0.37625  peak_slope=6.758e-06  t_peak=59925  comparison cadence=179774  difference=0.04625  below=0/3
t=372532  fraction=0.37625  peak_slope=6.758e-06  t_peak=59925  comparison cadence=179774  difference=0.04625  below=0/3
t=373531  fraction=0.37625  peak_slope=6.758e-06  t_peak=59925  comparison cadence=179774  difference=0.04500  below=0/3
t=374530  fraction=0.37625  peak_slope=6.758e-06  t_peak=59925  comparison cadence=179774  difference=0.04500  below=0/3
t=375529  fraction=0.37625  peak_slope=6.758e-06  t_peak=59925  comparison cadence=179774  difference=0.04500  below=0/3
t=376527  fraction=0.37625  peak_slope=6.758e-06  t_peak=59925  comparison cadence=179774  difference=0.04500  below=0/3
t=377526  fraction=0.37625  peak_slope=6.758e-06  t_peak=59925  comparison cadence=179774  difference=0.04500  below=0/3
t=378525  fraction=0.37625  peak_slope=6.758e-06  t_peak=59925  comparison cadence=179774  difference=0.04500  below=0/3
t=379524  fraction=0.37625  peak_slope=6.758e-06  t_peak=59925  comparison cadence=179774  difference=0.04500  below=0/3
t=380522  fraction=0.37625  peak_slope=6.758e-06  t_peak=59925  comparison cadence=179774  difference=0.04500  below=0/3
t=381521  fraction=0.37625  peak_slope=6.758e-06  t_peak=59925  comparison cadence=179774  difference=0.04500  below=0/3
t=382520  fraction=0.37625  peak_slope=6.758e-06  t_peak=59925  comparison cadence=179774  difference=0.04500  below=0/3
t=383519  fraction=0.37625  peak_slope=6.758e-06  t_peak=59925  comparison cadence=179774  difference=0.04500  below=0/3
t=384517  fraction=0.37750  peak_slope=6.758e-06  t_peak=59925  comparison cadence=179774  difference=0.04625  below=0/3
t=385516  fraction=0.37750  peak_slope=6.758e-06  t_peak=59925  comparison cadence=179774  difference=0.04625  below=0/3
t=386515  fraction=0.37750  peak_slope=6.758e-06  t_peak=59925  comparison cadence=179774  difference=0.04500  below=0/3
t=387514  fraction=0.37750  peak_slope=6.758e-06  t_peak=59925  comparison cadence=179774  difference=0.04500  below=0/3
t=388512  fraction=0.37750  peak_slope=6.758e-06  t_peak=59925  comparison cadence=179774  difference=0.04500  below=0/3
t=389511  fraction=0.37875  peak_slope=6.758e-06  t_peak=59925  comparison cadence=179774  difference=0.04375  below=0/3
t=390510  fraction=0.37875  peak_slope=6.758e-06  t_peak=59925  comparison cadence=179774  difference=0.04250  below=0/3
t=391509  fraction=0.37875  peak_slope=6.758e-06  t_peak=59925  comparison cadence=179774  difference=0.04250  below=0/3
t=392507  fraction=0.37875  peak_slope=6.758e-06  t_peak=59925  comparison cadence=179774  difference=0.04000  below=1/3
t=393506  fraction=0.37875  peak_slope=6.758e-06  t_peak=59925  comparison cadence=179774  difference=0.03875  below=2/3
t=394505  fraction=0.37875  peak_slope=6.758e-06  t_peak=59925  comparison cadence=179774  difference=0.03875  below=3/3
Stopping at t=394504.835083281
Saved 488 remaining particles to /scratch/group/p.phy260085.000/Mass_Fraction/Outputs/Ejection_Results/remaining_particles_2188349_2.csv
