==========================================
Mass Fraction MPI Run
==========================================
Date:               Mon Oct  5 08:41:17 CDT 2026
Host:               ac077
Array job ID:       2188349
Array task ID:      1
MPI ranks:          4
CPUs per task:      1
Nodes allocated:    1
Python:             /scratch/user/u.hm357857/.conda/envs/comets/bin/python
Conda environment:  /scratch/user/u.hm357857/.conda/envs/comets
==========================================

1.955536237323779
1.820137516083222
0.6240282224038423
1.693525131506704
2.4705366808045137
1.9047038160020222
2.20924348158756
2.4880886008092853
2.2807094577892304
1.5332146430366813
1.826451497776692
1.9506083362983557
2.328458021490287
0.7395989357679875
0.7435047680188489
0.7593595219669154
1.2352735665202743
1.1694107042273718
1.9108254084827414
2.420979267107544
1.3214340312383346
1.7166796691395887
1.0971437691769923
2.4252753607142585
1.6693723457634344
0.8882034685874591
1.4613746826282628
2.496455256960325
2.42337620653338
1.4692974060650716
1.9088035418504001
0.5129102781064869
1.3632662036552559
0.7749141769753676
1.0704982839207056
2.1604714548386363
1.841872275075401
1.1076148517246696
1.9431471864457415
0.619237711481796
0.8581401406346691
1.1429757071404443
1.0483925797250304
1.590370905181644
1.2206084011648828
0.9734642833600384
1.092345531543868
1.176975823254127
1.8941812963943492
0.8327507924382187
0.5786914303394866
1.5307330897442508
2.345067457056821
1.988188652658522
1.3528836695783277
2.2330947031656727
1.317010445160562
0.8494415851528667
1.5468457286680581
1.2715862390019261
2.0187483980510423
0.9344587645773816
2.3493552729266884
0.5061461641938056
1.3763258842425712
0.9013547425946784
1.7979682854079313
1.4224310972098355
0.8223475172990093
1.1138566523115547
1.352799834036165
1.4052080766223431
2.2526883036829144
0.780334174371379
1.7313424183627293
1.103495187556987
1.6995296749167035
0.7674773499255001
2.3001610174963436
1.1295131488210353
2.0031279941865874
2.3046954161367044
2.119559840787412
0.850500212972338
2.3281895504247974
2.4968526324327955
1.8490188879295908
0.9892826821794898
1.960091197774413
1.7266482370369989
2.032017732686775
0.528010595011775
1.4548808936869633
2.4770955896156712
0.5042680030483251
2.052121499819327
2.098554561229886
2.013259601114286
0.9982246742136209
1.8396806885289516
2.4467052884987828
2.3709833199944828
2.4176892275010946
2.479437017652107
2.0481680748702296
2.032993324676169
1.0860801120101933
1.1597653169261213
0.9373964871555762
0.9494422710856378
1.6751483685450608
1.8434430957815324
2.2692167743994878
2.2739133010749213
1.3247712310829531
1.381503652023501
1.496346771914341
0.8373943301126412
1.8318970501992142
1.8228774386841093
2.479976755142834
0.6829098446581015
0.9753310440941287
0.7781286986704798
0.7239082471685192
1.431587521311223
0.906512385751352
1.868263391147065
1.27711683548125
2.492882421185806
1.5450942599745603
0.5097705032146613
1.4711043927359815
1.8432006368837912
1.3011761217380848
1.334190969192658
0.8475211694243361
2.3854251468278695
0.6797410707473013
2.3739125555738854
2.1690214708403905
0.755073179013795
2.058746840692403
0.6648361209002456
2.0129345614722265
0.857098403229049
0.750824035577532
1.1283271605934841
1.67762125651739421.3946944482829078

1.2606596954106235
0.7694701986875143
1.582137494593086
1.8694388577592849
1.0466682036368884
1.2636929275184885
2.11214043374036
2.1571964788974136
1.4358077594323724
2.288144646908998
2.1108177572449422
1.4714506122000235
2.479104459228764
1.9325155362571893
1.203812006702672
1.1759412826724722
1.6067549961178516
1.2596768906798115
2.2021373176436647
1.8889700595543748
1.55086518659671
1.138945173622268
1.592023140237542
2.037968338164199
1.4866381552420493
1.1454907585968794
0.6828687128605755
2.37169482693667
1.3564663737157219
1.6994435441466336
2.0844928923565718
1.8956008279628571
0.5090992502092555
1.9698009351940606
0.862993795826626
1.0212276800831035
2.086953290159677
1.0448759936581697
1.0611326324362396
1.8017382242538562
2.0247124802248635
1.7187813665706075
2.0237902611867526
0.8716747509111507
2.152339133660498
2.2784545881061016
1.0010901514292732
1.8377423792029184
0.5951180922077888
2.0847748762143503
2.0727370508588407
1.0675074527455974
0.7883967229747768
2.464472184935725
0.7826438911586708
1.695542236099539
0.5717084960374419
1.4754813793809438
2.075001072397587
0.9146482454842499
1.3228507733848385
2.3277753265085415
1.0970103543059657
1.3443568153245191
0.8436159270388874
0.9914090470972803
1.0500475289014883
2.042109943855928
2.406276062887038
2.1641245495397072
2.052238178279508
2.2867545348289737
0.7878605830466425
1.5710164165665914
0.645109516667304
0.5370632217034896
0.5226974575790819
0.5506513775627335
1.4353729092384304
1.8422774018163557
1.9007144599114434
1.894024517476398
1.6099071434302195
1.2316368922844037
1.7181401635656905
1.9566341235118414
0.5597224987043765
2.1128834805567633
1.1735554556033234
0.7608860392684638
1.6660886724877548
1.4771523587903577
1.326923742922464
0.6501008561469441
0.894585252285159
1.6217718953425126
2.43182670685301
0.8920793925536559
1.5133804547858318
1.7113621223701256
0.6174794066073506
2.1992059689022754
2.260872885728766
0.9397132649152999
0.5911082694420784
2.1574635487878098
0.7239490586486663
1.2145211833624916
0.9644321246917076
0.705231028664467
2.1596289276938307
1.8484295483187991
1.8740591245022553
2.4555156633994937
1.9606419102918924
2.0164870087389524
1.8283356068219019
1.7299410065329417
0.537388133418869
1.6822907122572415
1.8957612817098382
2.341876475669358
1.2793938024474198
2.474575369628117
0.7322778004612631
2.4697822611248794
1.7489019903671723
1.3889533882788785
1.341145158559966
1.9736229087850772
2.0224204046564545
1.6497680994844983
0.9901210276617451
1.2102979533648466
2.0498767398231132
1.1614138925572493
0.7159754097512967
1.5865755336563374
1.1276523039268704
2.251131832800768
2.3113942190106167
0.6513016980087054
2.3631740845618836
1.2263594861762486
1.0398557489864997
0.9461631295830475
0.6878160153169295
2.2392104190816617
0.5241569976518976
2.340041662818903
2.389470123354418
2.0708847047935794
0.6488912766212465
1.8078954779831746
2.4615199814197153
0.9849701379689622
2.1999658626718235
1.2105217705895999
2.217927934090932
1.0934544281658232
0.6407019368647704
2.1982174802293857
2.4382661756685517
1.5200106997605538
0.9115729313406604
0.9119999691518901
1.9777125151587664
1.6117840398481993
1.3824310540968947
0.8862769417494325
0.5211321605148789
1.3258937375614996
2.413454625375701
2.4513349767770083
1.6283797987934194
0.7611011478585072
1.2781534544333388
0.9230284197616054
1.9062170551329192
1.4017276419123899
2.3947826707440445
2.147750251992645
2.241382232951591
0.8156864378120341
2.095628671686926
1.5654340399461604
1.429605110664697
1.5061816966294437
0.848784397671887
0.5006953158086929
1.7415993679293946
1.390041504327546
2.019199823918904
1.8885711142794592
1.896742312257061
2.428580462713139
1.3300023763616555
1.756249030742233
1.9583730868766105
2.1845175737837135
1.6647205204767686
1.878197344208343
2.0432869097694772
1.6775583551349844
2.327619420526702
1.6666052508671318
0.5389332887824205
2.38489713602315
1.617004984826559
2.36842117572972
0.5482065417785067
2.393644127116876
2.1907407495402227
2.149752047315884
1.5766358429920853
2.1149728412828095
2.0415937925777845
2.0319131493406806
0.8935022804365746
2.0304436218239568
1.786658060100455
1.7577372476072275
1.5541929735964706
1.8992203529108396
1.0573518726450057
0.8238716057988644
1.78282768417672
0.6543159420398548
2.317028141282787
1.9826342846108453
0.9233555122118431
2.2440912803583455
1.811678783584147
2.142858260008519
2.2875262136422903
1.4440909514896612
2.2400250352181486
1.5343450457462147
2.145963152635188
1.8209534611024136
1.0818599895399783
1.871161775900404
1.256086961638258
0.6130146403371342
1.6781226813268475
0.5797831888195004
1.7589151300777293
0.605810289545313
0.753371149155408
2.346394683637279
0.7401711411154268
2.37375361858175
1.8197054814463178
1.6906663545005636
1.0932756946315887
1.3056593786075366
2.2798958230034794
2.348689422740674
1.3544680167668186
1.5735218027736728
1.1640029116526853
2.250712984954596
0.6132412516464132
0.9217792214449196
1.317237378054314
2.254252986700964
1.5016703668860276
2.0164728898025093
2.233222526209949
1.5337127655429124
0.8635668670879766
2.409708583924284
1.4714175012115205
0.5510691101677434
1.0447512203910965
1.7919127565203101
0.7158421813002507
1.3274260355957532
2.13907778242117
0.8644658314429443
0.5256271974747615
1.767999947246727
0.7216454460718467
2.4249710766992427
0.7261295290256407
0.6730078806036632
1.9257610814840365
2.042349054081072
2.4547221442525533
1.9286722564738252
0.7302040239863303
2.3399384783493344
0.8438625180341977
0.6623682553095582
2.1847680997963237
1.8587157777069179
1.3048034999514784
1.1121956050824844
2.266063289956989
0.8876492010691086
1.9882029677358792
0.6828627338731945
0.7158637879297489
0.6690604418133561
1.2019336960014566
1.996637065774552
1.1720348250538155
1.5576555378806027
0.8351779464614042
1.879842824881857
1.3424106392742914
2.3531595602824003
0.6465945353024616
1.5158151320779307
2.0365758429488023
1.1029585360473275
1.7612322996586576
1.2197327124984023
2.1788703221592236
1.0806846690152219
0.9802544320729656
1.7646962688506755
1.8019410594530065
1.0626813074457588
1.7758741930325743
0.5147748389611757
0.9906713324691538
1.0340064738453585
1.6912571198031945
2.1723706916693017
0.8337250660136326
1.6154536179304535
0.5190912171742905
1.0805413262894517
1.307325447790876
1.5696086781097058
1.7505579635864512
2.069866647519172
0.7623124388123732
1.591607203136574
2.043507507397104
0.732082711690758
2.2409898250979134
1.1879093943157224
2.01122375762036
1.001877692700194
1.5614088196189686
2.4437201199305205
2.04685894398885
1.1960643706515732
2.320679200367962
1.9809956626958172
0.7501034351431424
1.910848189219328
1.6561906900245165
0.5544227181520405
1.7728493747858605
1.3758816727435614
1.6793027193402126
2.1569344823207435
1.045864465371636
1.929508083281222
1.7342394921177795
0.9028969264848348
2.0555522555088936
1.9831068456966339
1.1094158863774688
0.8196455476533921
1.0909091796638934
0.8080984003350555
1.5687271488180627
1.5606303612432904
1.4036798854641737
2.2263698074158023
2.2938343140169226
2.1399554885778036
0.54156264070252
1.3202191009293194
2.3950131671312724
0.8584210450420247
2.383785589339863
0.9876292789120336
1.7219731809154475
2.3671070536830756
0.980239726847919
1.5159118211641247
0.6766168640871033
2.191001690206229
1.0189791342427887
1.785184912537911
2.203485150859027
0.611735376117226
1.3404434639227019
0.7584799789104091
2.165359367785044
1.1199709719920679
1.2979109501350854
2.0951009665442974
1.182571556702527
1.3937836450373124
0.6172183456397584
1.5409759168649535
2.1139467229754056
1.7979861657868426
1.9276911754005586
0.6901586010633309
2.256343800752021
0.7745212776426937
1.437395178891422
1.070825772767222
1.6557357463078788
1.7647759921782018
1.5434854515461358
2.2549100288329225
1.5065015222581575
2.414307507985309
1.2922600582110155
1.729998215522696
1.9911818903688434
1.0343250050631203
1.254339461212642
1.933054516012083
0.8852238813576465
2.305548648895801
1.785535940545549
1.4058594665673583
2.402115151774802
2.2923597281135124
1.0310594979941867
1.8710593422684367
2.490979549325634
1.7815214827166064
2.1825217890964286
1.3303314906732548
1.6365625587060528
1.3169999746040848
1.6857017649254473
1.9933805098186723
1.53713179312878
2.0576354808197515
2.2718191421453637
1.9787107185968775
0.9247198445455211
2.1134213436874223
2.253728476901104
2.095292230876854
2.1142380045307094
2.3056729827349094
1.7626440134467276
2.4951466488379404
0.7578728422827088
1.2271038442934303
1.661964346895087
1.4962675270725503
1.3529899870087436
1.4201170291285035
0.5863163111837659
1.3320782222542251
2.27244326213962
1.1059275584465922
1.8969286652059778
2.0383738224474275
1.1746891135468072
2.166282597544448
1.5401848826916715
2.1774223853342507
1.8708562491826164
2.0102027613041793
1.0062754448564522
2.3169279864764163
0.6717979448657356
0.6121645444169252
2.279256839380632
1.246376598613396
2.1297755809307883
1.9936582720018194
1.6890247949614459
1.1887772214791774
1.5211742227748553
2.0467042289515653
1.785519201573519
1.3641261799411664
1.451323297396373
1.7664977075680972
0.8400958577040616
1.5046812605721072
0.9237957218968373
1.1639175872640524
1.5981412940563413
1.5995847177622222
1.223054850805148
1.1372015385263061
0.7780904657920147
1.0120189689505255
1.686688463387572
1.5158720455629184
0.790594650400793
1.3269092243153824
0.8784238736318679
2.21155796046076
1.9065472436902875
1.1724487903617542
2.008631202857359
1.0559883928699105
0.9216823440062092
1.629541684096896
1.148140590727454
1.363483384789276
1.7112238941226265
1.5749852170243313
0.8107216498003651
2.4936437428693923
1.6725678868921896
2.38666179851601
0.9454578015731441
2.0374039493941734
1.0080006024084793
0.8335718237728806
0.8404592247979206
2.045530531260807
2.17846157064316
1.7937087899027828
1.5338586030279568
1.5047736829807528
1.4920598253909902
1.0507398521358486
0.8208710518387576
1.6784849490247042
1.0925661565481664
0.5202519211892163
1.9726488696288396
1.7327584142583867
2.1950444925008825
1.7156216532999362
1.2085773446932209
1.4569283152093464
1.366278788450224
1.942007778738702
1.8145852281739818
0.9939360647030666
0.6339257996188561
2.444840133217063
0.792429528857514
0.5811415699060494
1.2127627633252873
1.691940248427212
2.301726362873606
1.5094440971747498
0.7293345815331003
0.896694602314958
2.1587844023165648
1.7194196079491415
0.5264392899499415
1.604896363426625
0.5722668911034885
1.7447971920952863
0.5314764551284701
2.264075976351296
0.8380024314936243
2.458952706887973
2.254022380690209
2.02042309613213
2.3919087182252365
1.958923831810747
0.8467976089933857
2.087138533642931
0.6284900226978596
1.331506652820402
2.4745802618702224
1.633144969195955
2.483607509437305
2.0532972202137536
2.3849186813194203
2.131421876276164
1.0440098461868492
0.9444029378174139
1.5117121484256593
1.217945050345028
1.6600898651267992
2.355842880109888
1.9043862265966964
0.669390435703096
1.1376585685654514
0.9003801335660713
2.1272035011265977
1.958281435023027
1.9120799327451548
1.0236094645878284
2.2240402050106436
1.0371642204309213
2.0371928381320727
1.5572237466871783
0.7336046625946075
1.7834775725384664
1.099890531046308
1.7083338180226548
2.328133370767517
0.6950513426221443
2.30343161100999
0.7640467548171543
1.7580855168526495
1.6556113899137008
1.6271105795185736
2.0407087975040863
1.2089377643039128
0.8300787374967786
0.6796026244395337
1.9601062066415158
2.1116361812953133
1.7911025515139989
1.755981349504938
1.6837131547186088
2.4909773164632663
1.068195071813735
2.3250309421731634
0.7461590242022664
2.1057240377876663
2.118940392597354
0.6247547894657468
1.3765028677342757
1.92882206580204
1.6027420670175305
1.7459681286585609
2.1777041683022946
1.6665371924048493
1.6085943464468808
0.9269270380275059
1.1289321167359634
2.2167572715113275
2.041613221120568
1.6479150616694218
1.450580747585121
2.276713931266321
2.4356302774648673
2.045690556146824
0.5797981852531557
2.4150277994178797
1.081886968889347
1.846535211559603
1.1229182789751895
Rank 2: 200 simulations
0.7063118969873863
1.7262287831820888
0.8587572487455732
2.133862392750398
0.9367923221324419
1.7612149329221711
Running 800 simulations with 4 MPI ranks
Rank 0: 200 simulations
0.8279676026222109
Rank 3: 200 simulations
2.021117913651124
2.208773641241791
0.8749161426200531
Rank 1: 200 simulations
t=125685  fraction=0.33500  peak_slope=8.521e-06  t_peak=41895  comparison cadence=125685  difference=0.33500  below=0/3
t=126683  fraction=0.33625  peak_slope=8.521e-06  t_peak=41895  comparison cadence=125685  difference=0.33625  below=0/3
t=127680  fraction=0.34000  peak_slope=8.521e-06  t_peak=41895  comparison cadence=125685  difference=0.34000  below=0/3
t=128678  fraction=0.34125  peak_slope=8.521e-06  t_peak=41895  comparison cadence=125685  difference=0.34125  below=0/3
t=129675  fraction=0.34125  peak_slope=8.521e-06  t_peak=41895  comparison cadence=125685  difference=0.34125  below=0/3
t=130673  fraction=0.34125  peak_slope=8.521e-06  t_peak=41895  comparison cadence=125685  difference=0.34125  below=0/3
t=131670  fraction=0.34500  peak_slope=8.521e-06  t_peak=41895  comparison cadence=125685  difference=0.34500  below=0/3
t=132668  fraction=0.34750  peak_slope=8.521e-06  t_peak=41895  comparison cadence=125685  difference=0.34750  below=0/3
t=133665  fraction=0.34750  peak_slope=8.521e-06  t_peak=41895  comparison cadence=125685  difference=0.34750  below=0/3
t=134663  fraction=0.34875  peak_slope=8.521e-06  t_peak=41895  comparison cadence=125685  difference=0.34875  below=0/3
t=135660  fraction=0.34875  peak_slope=8.521e-06  t_peak=41895  comparison cadence=125685  difference=0.34875  below=0/3
t=136658  fraction=0.34875  peak_slope=8.521e-06  t_peak=41895  comparison cadence=125685  difference=0.34875  below=0/3
t=137655  fraction=0.34875  peak_slope=8.521e-06  t_peak=41895  comparison cadence=125685  difference=0.34875  below=0/3
t=138653  fraction=0.35000  peak_slope=8.521e-06  t_peak=41895  comparison cadence=125685  difference=0.35000  below=0/3
t=139650  fraction=0.35000  peak_slope=8.521e-06  t_peak=41895  comparison cadence=125685  difference=0.35000  below=0/3
t=140648  fraction=0.35125  peak_slope=8.521e-06  t_peak=41895  comparison cadence=125685  difference=0.35125  below=0/3
t=141645  fraction=0.35250  peak_slope=8.521e-06  t_peak=41895  comparison cadence=125685  difference=0.35250  below=0/3
t=142643  fraction=0.35250  peak_slope=8.521e-06  t_peak=41895  comparison cadence=125685  difference=0.35250  below=0/3
t=143640  fraction=0.35375  peak_slope=8.521e-06  t_peak=41895  comparison cadence=125685  difference=0.35375  below=0/3
t=144638  fraction=0.35375  peak_slope=8.521e-06  t_peak=41895  comparison cadence=125685  difference=0.35375  below=0/3
t=145636  fraction=0.35375  peak_slope=8.521e-06  t_peak=41895  comparison cadence=125685  difference=0.35375  below=0/3
t=146633  fraction=0.35625  peak_slope=8.521e-06  t_peak=41895  comparison cadence=125685  difference=0.35625  below=0/3
t=147631  fraction=0.35875  peak_slope=8.521e-06  t_peak=41895  comparison cadence=125685  difference=0.35875  below=0/3
t=148628  fraction=0.35875  peak_slope=8.521e-06  t_peak=41895  comparison cadence=125685  difference=0.35750  below=0/3
t=149626  fraction=0.36125  peak_slope=8.521e-06  t_peak=41895  comparison cadence=125685  difference=0.35750  below=0/3
t=150623  fraction=0.36375  peak_slope=8.521e-06  t_peak=41895  comparison cadence=125685  difference=0.36000  below=0/3
t=151621  fraction=0.36625  peak_slope=8.521e-06  t_peak=41895  comparison cadence=125685  difference=0.35750  below=0/3
t=152618  fraction=0.36750  peak_slope=8.521e-06  t_peak=41895  comparison cadence=125685  difference=0.35750  below=0/3
t=153616  fraction=0.36750  peak_slope=8.521e-06  t_peak=41895  comparison cadence=125685  difference=0.35500  below=0/3
t=154613  fraction=0.36875  peak_slope=8.521e-06  t_peak=41895  comparison cadence=125685  difference=0.34875  below=0/3
t=155611  fraction=0.37000  peak_slope=8.521e-06  t_peak=41895  comparison cadence=125685  difference=0.34875  below=0/3
t=156608  fraction=0.37000  peak_slope=8.521e-06  t_peak=41895  comparison cadence=125685  difference=0.34625  below=0/3
t=157606  fraction=0.37000  peak_slope=8.521e-06  t_peak=41895  comparison cadence=125685  difference=0.34000  below=0/3
t=158603  fraction=0.37125  peak_slope=8.521e-06  t_peak=41895  comparison cadence=125685  difference=0.33250  below=0/3
t=159601  fraction=0.37125  peak_slope=8.521e-06  t_peak=41895  comparison cadence=125685  difference=0.32625  below=0/3
t=160598  fraction=0.37250  peak_slope=8.521e-06  t_peak=41895  comparison cadence=125685  difference=0.32125  below=0/3
t=161596  fraction=0.37375  peak_slope=8.521e-06  t_peak=41895  comparison cadence=125685  difference=0.31875  below=0/3
t=162593  fraction=0.37375  peak_slope=8.521e-06  t_peak=41895  comparison cadence=125685  difference=0.31375  below=0/3
t=163591  fraction=0.37625  peak_slope=8.521e-06  t_peak=41895  comparison cadence=125685  difference=0.30500  below=0/3
t=164588  fraction=0.37750  peak_slope=8.521e-06  t_peak=41895  comparison cadence=125685  difference=0.29625  below=0/3
t=165586  fraction=0.37750  peak_slope=8.521e-06  t_peak=41895  comparison cadence=125685  difference=0.28750  below=0/3
t=166583  fraction=0.37750  peak_slope=8.521e-06  t_peak=41895  comparison cadence=125685  difference=0.28125  below=0/3
t=167581  fraction=0.37875  peak_slope=8.521e-06  t_peak=41895  comparison cadence=125685  difference=0.27625  below=0/3
t=168578  fraction=0.37875  peak_slope=8.521e-06  t_peak=41895  comparison cadence=125685  difference=0.27000  below=0/3
t=169576  fraction=0.37875  peak_slope=8.521e-06  t_peak=41895  comparison cadence=125685  difference=0.26375  below=0/3
t=170573  fraction=0.37875  peak_slope=8.521e-06  t_peak=41895  comparison cadence=125685  difference=0.25750  below=0/3
t=171571  fraction=0.37875  peak_slope=8.521e-06  t_peak=41895  comparison cadence=125685  difference=0.25125  below=0/3
t=172568  fraction=0.37875  peak_slope=8.521e-06  t_peak=41895  comparison cadence=125685  difference=0.24000  below=0/3
t=173566  fraction=0.37875  peak_slope=8.521e-06  t_peak=41895  comparison cadence=125685  difference=0.23375  below=0/3
t=174563  fraction=0.37875  peak_slope=8.521e-06  t_peak=41895  comparison cadence=125685  difference=0.23000  below=0/3
t=175561  fraction=0.37875  peak_slope=8.521e-06  t_peak=41895  comparison cadence=125685  difference=0.22125  below=0/3
t=176558  fraction=0.38000  peak_slope=8.521e-06  t_peak=41895  comparison cadence=125685  difference=0.21500  below=0/3
t=177556  fraction=0.38000  peak_slope=8.521e-06  t_peak=41895  comparison cadence=125685  difference=0.20750  below=0/3
t=178553  fraction=0.38125  peak_slope=8.521e-06  t_peak=41895  comparison cadence=125685  difference=0.19750  below=0/3
t=179551  fraction=0.38125  peak_slope=8.521e-06  t_peak=41895  comparison cadence=125685  difference=0.19250  below=0/3
t=180548  fraction=0.38125  peak_slope=8.521e-06  t_peak=41895  comparison cadence=125685  difference=0.19125  below=0/3
t=181546  fraction=0.38125  peak_slope=8.521e-06  t_peak=41895  comparison cadence=125685  difference=0.18125  below=0/3
t=182543  fraction=0.38375  peak_slope=8.521e-06  t_peak=41895  comparison cadence=125685  difference=0.17375  below=0/3
t=183541  fraction=0.38375  peak_slope=8.521e-06  t_peak=41895  comparison cadence=125685  difference=0.17000  below=0/3
t=184538  fraction=0.38500  peak_slope=8.521e-06  t_peak=41895  comparison cadence=125685  difference=0.16750  below=0/3
t=185536  fraction=0.38500  peak_slope=8.521e-06  t_peak=41895  comparison cadence=125685  difference=0.16500  below=0/3
t=186533  fraction=0.38500  peak_slope=8.521e-06  t_peak=41895  comparison cadence=125685  difference=0.16125  below=0/3
t=187531  fraction=0.38500  peak_slope=8.521e-06  t_peak=41895  comparison cadence=125685  difference=0.16000  below=0/3
t=188528  fraction=0.38625  peak_slope=8.521e-06  t_peak=41895  comparison cadence=125685  difference=0.15875  below=0/3
t=189526  fraction=0.38750  peak_slope=8.521e-06  t_peak=41895  comparison cadence=125685  difference=0.15625  below=0/3
t=190523  fraction=0.38875  peak_slope=8.521e-06  t_peak=41895  comparison cadence=125685  difference=0.15500  below=0/3
t=191521  fraction=0.39000  peak_slope=8.521e-06  t_peak=41895  comparison cadence=125685  difference=0.15375  below=0/3
t=192518  fraction=0.39000  peak_slope=8.521e-06  t_peak=41895  comparison cadence=125685  difference=0.14750  below=0/3
t=193516  fraction=0.39000  peak_slope=8.521e-06  t_peak=41895  comparison cadence=125685  difference=0.14500  below=0/3
t=194513  fraction=0.39000  peak_slope=8.521e-06  t_peak=41895  comparison cadence=125685  difference=0.13875  below=0/3
t=195511  fraction=0.39125  peak_slope=8.521e-06  t_peak=41895  comparison cadence=125685  difference=0.13625  below=0/3
t=196508  fraction=0.39125  peak_slope=8.521e-06  t_peak=41895  comparison cadence=125685  difference=0.13500  below=0/3
t=197506  fraction=0.39125  peak_slope=8.521e-06  t_peak=41895  comparison cadence=125685  difference=0.13250  below=0/3
t=198503  fraction=0.39125  peak_slope=8.521e-06  t_peak=41895  comparison cadence=125685  difference=0.13250  below=0/3
t=199501  fraction=0.39125  peak_slope=8.521e-06  t_peak=41895  comparison cadence=125685  difference=0.13125  below=0/3
t=200498  fraction=0.39125  peak_slope=8.521e-06  t_peak=41895  comparison cadence=125685  difference=0.13000  below=0/3
t=201496  fraction=0.39125  peak_slope=8.521e-06  t_peak=41895  comparison cadence=125685  difference=0.12625  below=0/3
t=202493  fraction=0.39125  peak_slope=8.521e-06  t_peak=41895  comparison cadence=125685  difference=0.12375  below=0/3
t=203491  fraction=0.39125  peak_slope=8.521e-06  t_peak=41895  comparison cadence=125685  difference=0.12000  below=0/3
t=204488  fraction=0.39125  peak_slope=8.521e-06  t_peak=41895  comparison cadence=125685  difference=0.11625  below=0/3
t=205486  fraction=0.39375  peak_slope=8.521e-06  t_peak=41895  comparison cadence=125685  difference=0.11625  below=0/3
t=206483  fraction=0.39375  peak_slope=8.521e-06  t_peak=41895  comparison cadence=125685  difference=0.11500  below=0/3
t=207481  fraction=0.39375  peak_slope=8.521e-06  t_peak=41895  comparison cadence=125685  difference=0.11500  below=0/3
t=208478  fraction=0.39375  peak_slope=8.521e-06  t_peak=41895  comparison cadence=125685  difference=0.11375  below=0/3
t=209476  fraction=0.39375  peak_slope=8.521e-06  t_peak=41895  comparison cadence=125685  difference=0.11250  below=0/3
t=210473  fraction=0.39375  peak_slope=8.521e-06  t_peak=41895  comparison cadence=125685  difference=0.10875  below=0/3
t=211471  fraction=0.39375  peak_slope=8.521e-06  t_peak=41895  comparison cadence=125685  difference=0.10750  below=0/3
t=212468  fraction=0.39375  peak_slope=8.521e-06  t_peak=41895  comparison cadence=125685  difference=0.10250  below=0/3
t=213466  fraction=0.39375  peak_slope=8.521e-06  t_peak=41895  comparison cadence=125685  difference=0.10000  below=0/3
t=214463  fraction=0.39375  peak_slope=8.521e-06  t_peak=41895  comparison cadence=125685  difference=0.10000  below=0/3
t=215461  fraction=0.39375  peak_slope=8.521e-06  t_peak=41895  comparison cadence=125685  difference=0.10000  below=0/3
t=216458  fraction=0.39375  peak_slope=8.521e-06  t_peak=41895  comparison cadence=125685  difference=0.09750  below=0/3
t=217456  fraction=0.39375  peak_slope=8.521e-06  t_peak=41895  comparison cadence=125685  difference=0.09750  below=0/3
t=218453  fraction=0.39375  peak_slope=8.521e-06  t_peak=41895  comparison cadence=125685  difference=0.09625  below=0/3
t=219451  fraction=0.39375  peak_slope=8.521e-06  t_peak=41895  comparison cadence=125685  difference=0.09500  below=0/3
t=220448  fraction=0.39375  peak_slope=8.521e-06  t_peak=41895  comparison cadence=125685  difference=0.09250  below=0/3
t=221446  fraction=0.39375  peak_slope=8.521e-06  t_peak=41895  comparison cadence=125685  difference=0.09250  below=0/3
t=222443  fraction=0.39375  peak_slope=8.521e-06  t_peak=41895  comparison cadence=125685  difference=0.09125  below=0/3
t=223441  fraction=0.39500  peak_slope=8.521e-06  t_peak=41895  comparison cadence=125685  difference=0.09250  below=0/3
t=224438  fraction=0.39500  peak_slope=8.521e-06  t_peak=41895  comparison cadence=125685  difference=0.09250  below=0/3
t=225436  fraction=0.39500  peak_slope=8.521e-06  t_peak=41895  comparison cadence=125685  difference=0.09250  below=0/3
t=226433  fraction=0.39625  peak_slope=8.521e-06  t_peak=41895  comparison cadence=125685  difference=0.09125  below=0/3
t=227431  fraction=0.39625  peak_slope=8.521e-06  t_peak=41895  comparison cadence=125685  difference=0.09000  below=0/3
t=228428  fraction=0.39625  peak_slope=8.521e-06  t_peak=41895  comparison cadence=125685  difference=0.08875  below=0/3
t=229426  fraction=0.39625  peak_slope=8.521e-06  t_peak=41895  comparison cadence=125685  difference=0.08750  below=0/3
t=230423  fraction=0.39625  peak_slope=8.521e-06  t_peak=41895  comparison cadence=125685  difference=0.08500  below=0/3
t=231421  fraction=0.39750  peak_slope=8.521e-06  t_peak=41895  comparison cadence=125685  difference=0.08375  below=0/3
t=232418  fraction=0.39750  peak_slope=8.521e-06  t_peak=41895  comparison cadence=125685  difference=0.08250  below=0/3
t=233416  fraction=0.39750  peak_slope=8.521e-06  t_peak=41895  comparison cadence=125685  difference=0.08125  below=0/3
t=234413  fraction=0.39750  peak_slope=8.521e-06  t_peak=41895  comparison cadence=125685  difference=0.08125  below=0/3
t=235411  fraction=0.39750  peak_slope=8.521e-06  t_peak=41895  comparison cadence=125685  difference=0.08000  below=0/3
t=236408  fraction=0.39750  peak_slope=8.521e-06  t_peak=41895  comparison cadence=125685  difference=0.07875  below=0/3
t=237406  fraction=0.39750  peak_slope=8.521e-06  t_peak=41895  comparison cadence=125685  difference=0.07750  below=0/3
t=238403  fraction=0.39875  peak_slope=8.521e-06  t_peak=41895  comparison cadence=125685  difference=0.07875  below=0/3
t=239401  fraction=0.39875  peak_slope=8.521e-06  t_peak=41895  comparison cadence=125685  difference=0.07875  below=0/3
t=240398  fraction=0.39875  peak_slope=8.521e-06  t_peak=41895  comparison cadence=125685  difference=0.07875  below=0/3
t=241396  fraction=0.39875  peak_slope=8.521e-06  t_peak=41895  comparison cadence=125685  difference=0.07750  below=0/3
t=242393  fraction=0.39875  peak_slope=8.521e-06  t_peak=41895  comparison cadence=125685  difference=0.07750  below=0/3
t=243391  fraction=0.39875  peak_slope=8.521e-06  t_peak=41895  comparison cadence=125685  difference=0.07500  below=0/3
t=244388  fraction=0.39875  peak_slope=8.521e-06  t_peak=41895  comparison cadence=125685  difference=0.07250  below=0/3
t=245386  fraction=0.39875  peak_slope=8.521e-06  t_peak=41895  comparison cadence=125685  difference=0.07250  below=0/3
t=246383  fraction=0.39875  peak_slope=8.521e-06  t_peak=41895  comparison cadence=125685  difference=0.07250  below=0/3
t=247381  fraction=0.39875  peak_slope=8.521e-06  t_peak=41895  comparison cadence=125685  difference=0.07250  below=0/3
t=248378  fraction=0.39875  peak_slope=8.521e-06  t_peak=41895  comparison cadence=125685  difference=0.06875  below=0/3
t=249376  fraction=0.39875  peak_slope=8.521e-06  t_peak=41895  comparison cadence=125685  difference=0.06625  below=0/3
t=250373  fraction=0.39875  peak_slope=8.521e-06  t_peak=41895  comparison cadence=125685  difference=0.06625  below=0/3
t=251371  fraction=0.39875  peak_slope=8.521e-06  t_peak=41895  comparison cadence=125685  difference=0.06375  below=0/3
t=252368  fraction=0.39875  peak_slope=8.521e-06  t_peak=41895  comparison cadence=125685  difference=0.06250  below=0/3
t=253366  fraction=0.39875  peak_slope=8.521e-06  t_peak=41895  comparison cadence=125685  difference=0.05875  below=0/3
t=254363  fraction=0.39875  peak_slope=8.521e-06  t_peak=41895  comparison cadence=125685  difference=0.05750  below=0/3
t=255361  fraction=0.39875  peak_slope=8.521e-06  t_peak=41895  comparison cadence=125685  difference=0.05750  below=0/3
t=256358  fraction=0.39875  peak_slope=8.521e-06  t_peak=41895  comparison cadence=125685  difference=0.05750  below=0/3
t=257356  fraction=0.39875  peak_slope=8.521e-06  t_peak=41895  comparison cadence=125685  difference=0.05375  below=0/3
t=258353  fraction=0.39875  peak_slope=8.521e-06  t_peak=41895  comparison cadence=125685  difference=0.05125  below=0/3
t=259351  fraction=0.40000  peak_slope=8.521e-06  t_peak=41895  comparison cadence=125685  difference=0.05250  below=0/3
t=260348  fraction=0.40000  peak_slope=8.521e-06  t_peak=41895  comparison cadence=125685  difference=0.05125  below=0/3
t=261346  fraction=0.40000  peak_slope=8.521e-06  t_peak=41895  comparison cadence=125685  difference=0.05125  below=0/3
t=262343  fraction=0.40000  peak_slope=8.521e-06  t_peak=41895  comparison cadence=125685  difference=0.05125  below=0/3
t=263341  fraction=0.40000  peak_slope=8.521e-06  t_peak=41895  comparison cadence=125685  difference=0.05125  below=0/3
t=264338  fraction=0.40000  peak_slope=8.521e-06  t_peak=41895  comparison cadence=125685  difference=0.05000  below=0/3
t=265336  fraction=0.40000  peak_slope=8.521e-06  t_peak=41895  comparison cadence=125685  difference=0.05000  below=0/3
t=266333  fraction=0.40000  peak_slope=8.521e-06  t_peak=41895  comparison cadence=125685  difference=0.04875  below=0/3
t=267331  fraction=0.40000  peak_slope=8.521e-06  t_peak=41895  comparison cadence=125685  difference=0.04750  below=0/3
t=268328  fraction=0.40125  peak_slope=8.521e-06  t_peak=41895  comparison cadence=125685  difference=0.04875  below=0/3
t=269326  fraction=0.40250  peak_slope=8.521e-06  t_peak=41895  comparison cadence=125685  difference=0.04875  below=0/3
t=270323  fraction=0.40250  peak_slope=8.521e-06  t_peak=41895  comparison cadence=125685  difference=0.04875  below=0/3
t=271321  fraction=0.40250  peak_slope=8.521e-06  t_peak=41895  comparison cadence=125685  difference=0.04875  below=0/3
t=272318  fraction=0.40250  peak_slope=8.521e-06  t_peak=41895  comparison cadence=125685  difference=0.04625  below=0/3
t=273316  fraction=0.40250  peak_slope=8.521e-06  t_peak=41895  comparison cadence=125685  difference=0.04375  below=0/3
t=274313  fraction=0.40250  peak_slope=8.521e-06  t_peak=41895  comparison cadence=125685  difference=0.04375  below=0/3
t=275311  fraction=0.40250  peak_slope=8.521e-06  t_peak=41895  comparison cadence=125685  difference=0.04125  below=0/3
t=276308  fraction=0.40250  peak_slope=8.521e-06  t_peak=41895  comparison cadence=125685  difference=0.03875  below=1/3
t=277306  fraction=0.40250  peak_slope=8.521e-06  t_peak=41895  comparison cadence=125685  difference=0.03625  below=2/3
t=278303  fraction=0.40250  peak_slope=8.521e-06  t_peak=41895  comparison cadence=125685  difference=0.03500  below=3/3
Stopping at t=278303.460941932
Saved 470 remaining particles to /scratch/group/p.phy260085.000/Mass_Fraction/Outputs/Ejection_Results/remaining_particles_2188349_1.csv
