==========================================
Mass Fraction MPI Run
==========================================
Date:               Wed Oct  7 15:33:09 CDT 2026
Host:               ac005
Array job ID:       2196199
Array task ID:      1
MPI ranks:          4
CPUs per task:      1
Nodes allocated:    4
Python:             /scratch/user/u.hm357857/.conda/envs/comets/bin/python
Conda environment:  /scratch/user/u.hm357857/.conda/envs/comets
==========================================

0.6835847283459525
1.5960130098978103
0.7042576655577699
1.943135839448554
1.5680637785973257
0.6549978943089907
0.6808380062636378
0.728382075901024
1.996390991091443
1.8148885872039056
1.5891807319733435
1.8285188637617198
1.6144033636512374
0.7421210565002496
1.5012814284924454
1.9785852413817624
1.9696485726267012
1.6752465628830873
1.5509055801444476
1.8511599416051947
1.8325964054557844
1.7543117097616996
1.5229677056971438
1.4741817410394567
1.666452004407501
0.6006215171127354
1.7149273328920227
1.7934629746949353
1.7257994029763726
1.5713540980084213
0.7470173365274723
1.8864114268929084
1.6483050053367119
0.6777092742710148
1.525182883392622
1.595899570131038
1.7524140742939252
1.8361304593723058
0.6232177690003421
1.5070536088279156
1.9935484368464436
1.8428466806938029
0.6249101741507627
1.6602537048910149
1.888565113634379
1.8170372829056816
0.6595518889327068
1.6636008729882548
1.5110632673868878
0.7345365186160041
0.7279903132984984
0.7705772589403559
0.6265460279433541
1.4526349592075323
1.495872014376164
1.7582119978358715
1.9438732582710958
1.5541528982374608
0.6111227172813293
1.983357049765668
1.64052179426065
0.7123307944523768
1.9689873480569573
1.7989012121984242
1.5273806058760164
1.6202836644911454
1.5093643453495516
1.9218632036009005
1.9599250995541464
0.6689789672937695
1.657223466854985
1.4648490017845295
1.760527517168566
1.6703061748741814
0.7612671895378322
0.7410137455528891
1.4631910104917245
1.831914580072435
0.6252373081763102
0.6210131804826936
1.6089663244119086
1.684700519407971
1.628548966954778
1.8592184480379785
1.5522020204122837
0.6985371252197157
1.7449789224925856
0.7211914459441102
0.7624146023824158
1.515088965032101
0.618389694595978
1.998569780638861
1.459328327179301
0.6886699827103595
0.7344581561851093
1.7017156267788853
0.6639788121903714
1.8910058062717139
0.7439068461444054
0.6657178391143672
1.7306095524454623
0.7637183322965704
1.551795456986647
0.7431534043024839
1.5013963416288312
1.6857845370032494
0.6399034322451588
1.926944518619349
0.6080897586695649
1.5438002520336358
1.969128875232001
1.917728009250177
1.9026058818470777
0.6394198134637825
1.8651872281345072
1.70282425903314
1.8599525695973627
1.70172499069553
1.7131072162028806
1.4521655209680873
0.7743436637391072
0.6284441907576666
1.9803134995362055
1.7991014994153276
1.8358541076054584
1.7202533120827928
1.8430589195337315
1.8334004571478246
0.7602302310957956
1.4840762014167825
1.4634423319760903
1.7198748440027884
1.7494533670376018
1.4689542298791103
1.8585857973194386
1.6156251593582178
1.6357787433767896
1.486859264711851
0.6536267761127491
1.9620552866580168
1.9727499091315306
0.6982119313137465
1.9719380365667591
0.6676967966947063
0.6273407833723647
1.959429433635633
1.8393523710292428
1.6708954163292886
0.6758889688474922
1.9899870097643668
1.631166354523775
1.618438864481095
0.7502715536102676
1.9334543620872378
0.6958993568976319
1.5616454812364031
1.9913280642527196
Rank 3: 75 simulations
0.6986450381221794
1.7318560380218286
1.9944971885936456
0.6546023008056109
0.6690987819702316
0.7019845414164615
0.6765494624617653
1.4764980301302948
1.717903083326417
1.5770605439750476
0.6942366846453178
1.724857982175627
1.4858454276610833
1.69114856183051
1.6569868050941083
1.4966906453343158
1.8421900159818434
1.4622589135637907
1.7557510889865904
0.7150679353523083
1.8442739530351693
1.7693166885289537
0.7553719705328954
1.9738037821382135
1.501841240137505
0.7632617193315103
1.906699681124584
0.6746813260079799
0.7072339706698957
1.5367835986982081
1.577862344739649
1.4687472188814603
1.4949955320024197
0.6696718821367612
1.776551381697599
1.9553688754040162
Running 300 simulations with 4 MPI ranks
Rank 0: 75 simulations
1.9017347863589107
1.6101622675411134
1.7704363187366357
0.7648487310576398
1.4785177295615606
1.7996858468665933
1.4933802942452095
1.9765903548367345
1.6600161837047849
0.7497520725280674
1.662771310194302
1.49164123585345
1.5188118465271425
1.969931865092527
1.5935388604730778
1.6815388483551046
1.9688613748509267
1.7640864494692128
1.8189867271503801
1.7851760556195155
0.7405202819048661
1.557679352383366
1.640757802271721
1.8495501068906177
1.571374068306275
1.4673434810597537
1.5299239726589657
0.6197539856765907
1.4931354660987157
1.5845124815323697
0.7396107577023875
1.7572876825690198
0.7566593659379521
1.5349494441478597
1.7371072656727629
1.5042911345703065
1.5029503650520752
0.6303372549683046
1.9324682153830168
0.7093307075094005
1.801919771186934
0.6945804030218434
1.6337227107823773
1.648918903911709
0.6488837799284419
1.8603961756004335
1.8471678266711384
1.8616192329448467
1.9382440279831579
0.6382517629864176
1.8620624742448864
0.7309458748932713
0.6240395461259809
1.567360630254747
1.84584750340186
1.88329880189078
1.5309046701023672
1.9816417267822057
1.8168110192478901
0.607091200821381
1.6995634382428095
1.491464299479144
1.5969783597432492
0.7170436047902915
1.6377723740236227
1.5151399803059324
1.45284640905721
0.6880781312556318
0.6465436009656393
1.7993832364193822
1.804176109183338
1.5268150378261174
0.7815023293002692
1.7816688789984432
1.737133734829325
1.5567179387108838
0.6843716638163865
1.6372031402758038
1.8785942057535645
Rank 1: 75 simulations
1.8744351835415756
1.617993311009979
0.6138980442777567
1.9004705002768691
0.7278150304523998
0.6160445317400045
1.5967824841421416
1.7198080168101284
1.8122136493973509
0.6433407359801074
1.8146366046923226
1.6603588087935732
1.7675321911427364
1.8687339553143427
1.896985042626727
0.77513726626072
1.7698074349947133
0.7644635494752472
1.7252520243826655
0.7814542194463068
0.7696248332072637
1.4637747392805245
1.73754515827051
1.9086705006754578
1.750371878170535
1.6255862804958374
1.8634991150360727
1.5656843972391319
Rank 2: 75 simulations
