==========================================
Mass Fraction MPI Run
==========================================
Date:               Wed Oct  7 15:33:07 CDT 2026
Host:               ac056
Array job ID:       2196199
Array task ID:      0
MPI ranks:          4
CPUs per task:      1
Nodes allocated:    1
Python:             /scratch/user/u.hm357857/.conda/envs/comets/bin/python
Conda environment:  /scratch/user/u.hm357857/.conda/envs/comets
==========================================

0.7744808865094176
1.550592776559088
0.7107913861896794
1.5521836941799172
0.7203353406665839
1.8593438503477948
1.732457265028278
0.6754970394541863
1.7308565760631034
0.7896152700440453
1.8034512133932734
1.835864777813337
1.9725627236491703
1.4437338614315058
1.942428413374194
1.9126703081336396
1.359103513193847
1.7930081109613782
1.5519829261177869
0.6007738477842879
1.6867655602224056
0.6430898252693824
1.782154058480982
1.3869698317377
1.669584924849855
1.5250328438551057
1.437890448285724
1.892892198406193
1.5976148418250773
1.7357453888754015
0.7300312499079364
1.5463060769657508
0.6521998134129082
1.6111731943223295
1.5251118743878473
1.6224548549324467
0.6006212782057835
1.4256853398250189
1.8656115587579474
1.8114794600028772
0.6377906130922868
1.530802185367181
0.7678309967884772
1.6344516467975416
1.7888104449215967
1.7696829463174124
0.6549255398309743
1.8749914194237665
1.3608336621073285
1.9321142911408473
1.5856395508657486
1.6740734610122967
1.5465256566109424
1.8355614329294831
1.7604533176175208
0.750228779487796
1.8873499069554303
0.6026720490258345
1.4015045000972841
1.926638226998885
1.8766514903216813
1.4096081725527594
1.9549125964028111
0.7932745658479052
0.6393465492781355
0.7350764528445732
1.4412285040874742
1.419734311600335
0.7573025652352716
1.630482991677346
0.7435338444978125
1.5477480893165203
1.4371542310339447
0.7710398714651565
1.7010033082382947
1.387041358544059
1.375577981595225
1.6651046805815106
1.937001524283081
0.800103626631045
1.7181504500336364
1.8200066678611568
1.6970326154399762
1.5522229447245353
1.8288177484377202
1.5187556464571568
1.6114876623115197
0.6494882189098155
1.739562440293676
0.6291748746779364
1.448807191349236
1.8893203699039438
0.7963800996667851
1.3953842321401844
1.5233166648784324
1.8929978123367284
0.6012815499413613
0.6235936457670309
1.4521504384313286
1.7509850854882183
0.624976534242685
0.7068660765989501
1.6158737693416578
0.7130175684031499
1.7175368436519725
1.536210573365143
1.6012375133223202
1.9058781339035489
1.7736621580297007
0.6063065556878336
0.7398196872083092
0.6038530627732445
0.6072247071322892
0.6989790905872589
1.7365142630290473
1.3989581191804117
0.7032840356415823
1.930311372539315
1.6960039597840415
0.7164551375809354
1.7480593068677361
1.9680674202867592
1.4329965002526717
0.6420987763560769
1.642972859186845
0.7034296025351899
1.9229402651054324
1.576356664438556
1.7213434971722015
1.832820868448389
1.9243134832354827
1.8420009037626488
1.8759080051565977
1.4428514043357419
1.3969832357346084
1.9121796841111738
0.7202343469825414
0.7132353535287795
0.6988998315263576
0.7197731021566628
1.5279551221976233
1.9776016235443197
1.3850878189573157
1.8779848063248945
1.8851219892149378
1.9691222543629512
1.7218727954445923
1.5961024782800546
1.6876813528324242
0.7935954142922608
0.783157486165183
1.5466839143211786
1.5849712704282661
1.9406265607037707
0.8069091049330189
1.720537108238816
1.772986765009066
1.9779363387505402
1.5982522251357534
1.9321189887866237
1.7909760206450267
0.6265285803450491
1.448252582892277
1.5483819557899852
1.9908600971929127
0.6890600116719828
1.456731743257857
0.6469899620654527
0.6593999495792511
0.7820739075327275
1.8515227122035594
0.680841345702923
1.6694565959612935
1.6471736606241625
1.9033706397864742
0.7220199626449023
1.5973023892675313
1.7199282132125957
1.549904834848146
1.4087623404050214
1.5153959689902552
1.9136726935459003
0.6050958911979089
0.6736869788195364
1.5578186887200296
0.7099339215871816
0.7923189418131784
1.9102662419314878
0.617873855196305
0.7409467047908026
0.6130804925211096
1.486434566208815
1.687150750126853
1.8381048558950974
1.5733469390351227
0.6257452125676626
1.9292114837685372
0.7540188993861708
1.6972986676202646
1.48361020122837
0.7231616884185159
1.9791153672413135
0.7180033964480556
1.8284510201210362
1.4001925237576989
1.8954304862054019
1.7944806230887342
0.6502082543562798
0.7018361851373669
0.6103374525503649
1.4065928940651025
1.359841633781773
0.6372753514922435
1.8229262300797848
0.6063684015696154
0.6636071262858889
1.8995908611688652
1.5011628388600313
1.3839004686367178
1.4581395766695155
1.4444459035485213
1.838237166780834
1.636977756201676
1.702632505488939
1.4933392402924457
0.6065251771351408
1.8122868483823542
1.4037844889720867
0.7291185696898431
1.544069238407692
1.699582628429644
1.9775758168637676
1.471873862740483
1.8908948303791016
0.8048610471898459
1.7153027762314295
1.7475333119833913
1.8723186731858936
1.4711187576776876
0.6020811788646103
1.7315441001759957
1.8420581783489294
1.9357075326777626
1.6580407027634463
1.8422058881867642
1.7498329146572766
1.550854361344339
0.7335270734560556
1.378595292048751
1.5499655142415465
1.8762668592143166
1.4032483516521577
0.7542541680991506
0.6045186108899078
1.4247555588529437
1.7159392337482091
1.3560300549288047
1.9128011204680186
1.955905348161258
1.7908298255989945
0.6646139781449046
1.354316098602937
1.8459381972869848
0.7624956062875268
1.8416187860838522
0.7415319214867956
1.8102512290910762
0.7158076997062338
0.70504039683285
1.886955097912313
1.964317954913649
1.4040247785115683
0.6087594317159386
1.9548996441504773
0.6315733709077549
1.4777139712250535
1.7198040685430633
1.6550108557770662
1.8911368461907465
0.612053915565161
1.9633878354705878
1.4014892130710057
1.5237274453772112
1.403337166994758
1.962244803121457
1.3656163114843936
1.3878176523064418
1.7490557823903374
1.9941978914130685
1.3823034680631854
1.4979030812476657
1.4009181969198488
0.6827744037471338
1.8247436278003768
1.6009522383798753
1.5157225088543005
1.905548227496868
1.67223764019506
Rank 3: 75 simulations
1.5853685247625302
Running 300 simulations with 4 MPI ranks
Rank 0: 75 simulations
1.3554644395048252
Rank 1: 75 simulations
Rank 2: 75 simulations
