Rank 4: 100 simulations
Rank 2: 100 simulations
Rank 1: 100 simulations
Rank 6: 100 simulations
Running 800 simulations with 8 MPI ranks
Rank 0: 100 simulations
Rank 3: 100 simulations
Rank 5: 100 simulations
Rank 7: 100 simulations
t=1112485  fraction=0.40250  peak_slope=3.079e-06  t_peak=100124  comparison cadence=1112485  difference=0.40250  below=0/3
t=1123610  fraction=0.40250  peak_slope=3.079e-06  t_peak=100124  comparison cadence=1112485  difference=0.40250  below=0/3
t=1134735  fraction=0.40250  peak_slope=3.079e-06  t_peak=100124  comparison cadence=1112485  difference=0.40250  below=0/3
t=1145860  fraction=0.40250  peak_slope=3.079e-06  t_peak=100124  comparison cadence=1112485  difference=0.40250  below=0/3
t=1156985  fraction=0.40250  peak_slope=3.079e-06  t_peak=100124  comparison cadence=1112485  difference=0.39125  below=0/3
t=1168110  fraction=0.40250  peak_slope=3.079e-06  t_peak=100124  comparison cadence=1112485  difference=0.36375  below=0/3
t=1179235  fraction=0.40250  peak_slope=3.079e-06  t_peak=100124  comparison cadence=1112485  difference=0.33250  below=0/3
t=1190359  fraction=0.40250  peak_slope=3.079e-06  t_peak=100124  comparison cadence=1112485  difference=0.27500  below=0/3
t=1201484  fraction=0.40250  peak_slope=3.079e-06  t_peak=100124  comparison cadence=1112485  difference=0.24625  below=0/3
t=1212609  fraction=0.40250  peak_slope=3.079e-06  t_peak=100124  comparison cadence=1112485  difference=0.22000  below=0/3
t=1223734  fraction=0.40250  peak_slope=3.079e-06  t_peak=100124  comparison cadence=1112485  difference=0.19750  below=0/3
t=1234859  fraction=0.40250  peak_slope=3.079e-06  t_peak=100124  comparison cadence=1112485  difference=0.17000  below=0/3
t=1245984  fraction=0.40250  peak_slope=3.079e-06  t_peak=100124  comparison cadence=1112485  difference=0.14875  below=0/3
t=1257109  fraction=0.40250  peak_slope=3.079e-06  t_peak=100124  comparison cadence=1112485  difference=0.13125  below=0/3
t=1268233  fraction=0.40250  peak_slope=3.079e-06  t_peak=100124  comparison cadence=1112485  difference=0.12625  below=0/3
t=1279358  fraction=0.40250  peak_slope=3.079e-06  t_peak=100124  comparison cadence=1112485  difference=0.11250  below=0/3
t=1290483  fraction=0.40250  peak_slope=3.079e-06  t_peak=100124  comparison cadence=1112485  difference=0.10750  below=0/3
t=1301608  fraction=0.40250  peak_slope=3.079e-06  t_peak=100124  comparison cadence=1112485  difference=0.10125  below=0/3
t=1312733  fraction=0.40250  peak_slope=3.079e-06  t_peak=100124  comparison cadence=1112485  difference=0.09125  below=0/3
t=1323858  fraction=0.40250  peak_slope=3.079e-06  t_peak=100124  comparison cadence=1112485  difference=0.08375  below=0/3
t=1334982  fraction=0.40250  peak_slope=3.079e-06  t_peak=100124  comparison cadence=1112485  difference=0.08125  below=0/3
t=1346107  fraction=0.40250  peak_slope=3.079e-06  t_peak=100124  comparison cadence=1112485  difference=0.08000  below=0/3
t=1357232  fraction=0.40375  peak_slope=3.079e-06  t_peak=100124  comparison cadence=1112485  difference=0.08125  below=0/3
t=1368357  fraction=0.40375  peak_slope=3.079e-06  t_peak=100124  comparison cadence=1112485  difference=0.07500  below=0/3
t=1379482  fraction=0.40375  peak_slope=3.079e-06  t_peak=100124  comparison cadence=1112485  difference=0.07250  below=0/3
t=1390607  fraction=0.40375  peak_slope=3.079e-06  t_peak=100124  comparison cadence=1112485  difference=0.06500  below=0/3
t=1401732  fraction=0.40375  peak_slope=3.079e-06  t_peak=100124  comparison cadence=1112485  difference=0.06125  below=0/3
t=1412856  fraction=0.40375  peak_slope=3.079e-06  t_peak=100124  comparison cadence=1112485  difference=0.05500  below=0/3
t=1423981  fraction=0.40375  peak_slope=3.079e-06  t_peak=100124  comparison cadence=1112485  difference=0.05250  below=0/3
t=1435106  fraction=0.40375  peak_slope=3.079e-06  t_peak=100124  comparison cadence=1112485  difference=0.04875  below=1/3
t=1446231  fraction=0.40375  peak_slope=3.079e-06  t_peak=100124  comparison cadence=1112485  difference=0.04625  below=2/3
t=1457356  fraction=0.40375  peak_slope=3.079e-06  t_peak=100124  comparison cadence=1112485  difference=0.04375  below=3/3
Stopping at t=1457355.8723297
Saved 472 remaining particles to /Users/haydenmonk/Downloads/HPCC/Mass_Fraction/Outputs/Ejection_Results/remaining_particles_local_20260921_233545_0.csv
