Rank 7: 100 simulations
Rank 1: 100 simulations
Rank 6: 100 simulations
Running 800 simulations with 8 MPI ranks
Rank 0: 100 simulations
Rank 5: 100 simulations
Rank 3: 100 simulations
Rank 2: 100 simulations
Rank 4: 100 simulations
t=1117331  fraction=0.17375  peak_slope=4.251e-07  t_peak=368719  comparison cadence=1117331  difference=0.17375  below=0/3
t=1128504  fraction=0.17375  peak_slope=4.251e-07  t_peak=368719  comparison cadence=1117331  difference=0.17375  below=0/3
t=1139678  fraction=0.17375  peak_slope=4.251e-07  t_peak=368719  comparison cadence=1117331  difference=0.17375  below=0/3
t=1150851  fraction=0.17500  peak_slope=4.251e-07  t_peak=368719  comparison cadence=1117331  difference=0.17500  below=0/3
t=1162024  fraction=0.17500  peak_slope=4.251e-07  t_peak=368719  comparison cadence=1117331  difference=0.17500  below=0/3
t=1173197  fraction=0.17500  peak_slope=4.251e-07  t_peak=368719  comparison cadence=1117331  difference=0.17500  below=0/3
t=1184371  fraction=0.17625  peak_slope=4.251e-07  t_peak=368719  comparison cadence=1117331  difference=0.17625  below=0/3
t=1195544  fraction=0.17750  peak_slope=4.251e-07  t_peak=368719  comparison cadence=1117331  difference=0.17750  below=0/3
t=1206717  fraction=0.17750  peak_slope=4.251e-07  t_peak=368719  comparison cadence=1117331  difference=0.17750  below=0/3
t=1217891  fraction=0.17750  peak_slope=4.251e-07  t_peak=368719  comparison cadence=1117331  difference=0.17750  below=0/3
t=1229064  fraction=0.17875  peak_slope=4.251e-07  t_peak=368719  comparison cadence=1117331  difference=0.17875  below=0/3
t=1240237  fraction=0.18000  peak_slope=4.251e-07  t_peak=368719  comparison cadence=1117331  difference=0.18000  below=0/3
t=1251411  fraction=0.18000  peak_slope=4.251e-07  t_peak=368719  comparison cadence=1117331  difference=0.18000  below=0/3
t=1262584  fraction=0.18000  peak_slope=4.251e-07  t_peak=368719  comparison cadence=1117331  difference=0.18000  below=0/3
t=1273757  fraction=0.18000  peak_slope=4.251e-07  t_peak=368719  comparison cadence=1117331  difference=0.18000  below=0/3
t=1284931  fraction=0.18000  peak_slope=4.251e-07  t_peak=368719  comparison cadence=1117331  difference=0.17875  below=0/3
t=1296104  fraction=0.18000  peak_slope=4.251e-07  t_peak=368719  comparison cadence=1117331  difference=0.17625  below=0/3
t=1307277  fraction=0.18000  peak_slope=4.251e-07  t_peak=368719  comparison cadence=1117331  difference=0.17375  below=0/3
t=1318450  fraction=0.18125  peak_slope=4.251e-07  t_peak=368719  comparison cadence=1117331  difference=0.17250  below=0/3
t=1329624  fraction=0.18250  peak_slope=4.251e-07  t_peak=368719  comparison cadence=1117331  difference=0.17250  below=0/3
t=1340797  fraction=0.18250  peak_slope=4.251e-07  t_peak=368719  comparison cadence=1117331  difference=0.17000  below=0/3
t=1351970  fraction=0.18375  peak_slope=4.251e-07  t_peak=368719  comparison cadence=1117331  difference=0.16875  below=0/3
t=1363144  fraction=0.18375  peak_slope=4.251e-07  t_peak=368719  comparison cadence=1117331  difference=0.16625  below=0/3
t=1374317  fraction=0.18375  peak_slope=4.251e-07  t_peak=368719  comparison cadence=1117331  difference=0.16125  below=0/3
t=1385490  fraction=0.18375  peak_slope=4.251e-07  t_peak=368719  comparison cadence=1117331  difference=0.15875  below=0/3
t=1396664  fraction=0.18375  peak_slope=4.251e-07  t_peak=368719  comparison cadence=1117331  difference=0.15375  below=0/3
t=1407837  fraction=0.18375  peak_slope=4.251e-07  t_peak=368719  comparison cadence=1117331  difference=0.14750  below=0/3
t=1419010  fraction=0.18375  peak_slope=4.251e-07  t_peak=368719  comparison cadence=1117331  difference=0.14625  below=0/3
t=1430184  fraction=0.18375  peak_slope=4.251e-07  t_peak=368719  comparison cadence=1117331  difference=0.14250  below=0/3
t=1441357  fraction=0.18375  peak_slope=4.251e-07  t_peak=368719  comparison cadence=1117331  difference=0.13875  below=0/3
t=1452530  fraction=0.18500  peak_slope=4.251e-07  t_peak=368719  comparison cadence=1117331  difference=0.13750  below=0/3
t=1463703  fraction=0.18500  peak_slope=4.251e-07  t_peak=368719  comparison cadence=1117331  difference=0.13375  below=0/3
t=1474877  fraction=0.18500  peak_slope=4.251e-07  t_peak=368719  comparison cadence=1117331  difference=0.12750  below=0/3
t=1486050  fraction=0.18500  peak_slope=4.251e-07  t_peak=368719  comparison cadence=1117331  difference=0.12000  below=0/3
t=1497223  fraction=0.18625  peak_slope=4.251e-07  t_peak=368719  comparison cadence=1117331  difference=0.12000  below=0/3
t=1508397  fraction=0.18625  peak_slope=4.251e-07  t_peak=368719  comparison cadence=1117331  difference=0.11750  below=0/3
t=1519570  fraction=0.18750  peak_slope=4.251e-07  t_peak=368719  comparison cadence=1117331  difference=0.11500  below=0/3
t=1530743  fraction=0.18750  peak_slope=4.251e-07  t_peak=368719  comparison cadence=1117331  difference=0.10875  below=0/3
t=1541917  fraction=0.18750  peak_slope=4.251e-07  t_peak=368719  comparison cadence=1117331  difference=0.10875  below=0/3
t=1553090  fraction=0.18875  peak_slope=4.251e-07  t_peak=368719  comparison cadence=1117331  difference=0.10750  below=0/3
t=1564263  fraction=0.18875  peak_slope=4.251e-07  t_peak=368719  comparison cadence=1117331  difference=0.10375  below=0/3
t=1575437  fraction=0.18875  peak_slope=4.251e-07  t_peak=368719  comparison cadence=1117331  difference=0.10125  below=0/3
t=1586610  fraction=0.18875  peak_slope=4.251e-07  t_peak=368719  comparison cadence=1117331  difference=0.09875  below=0/3
t=1597783  fraction=0.19000  peak_slope=4.251e-07  t_peak=368719  comparison cadence=1117331  difference=0.09625  below=0/3
t=1608956  fraction=0.19125  peak_slope=4.251e-07  t_peak=368719  comparison cadence=1117331  difference=0.09250  below=0/3
t=1620130  fraction=0.19125  peak_slope=4.251e-07  t_peak=368719  comparison cadence=1117331  difference=0.09000  below=0/3
t=1631303  fraction=0.19125  peak_slope=4.251e-07  t_peak=368719  comparison cadence=1117331  difference=0.08500  below=0/3
t=1642476  fraction=0.19125  peak_slope=4.251e-07  t_peak=368719  comparison cadence=1117331  difference=0.08250  below=0/3
t=1653650  fraction=0.19125  peak_slope=4.251e-07  t_peak=368719  comparison cadence=1117331  difference=0.08000  below=0/3
t=1664823  fraction=0.19250  peak_slope=4.251e-07  t_peak=368719  comparison cadence=1117331  difference=0.08000  below=0/3
t=1675996  fraction=0.19250  peak_slope=4.251e-07  t_peak=368719  comparison cadence=1117331  difference=0.07875  below=0/3
t=1687170  fraction=0.19250  peak_slope=4.251e-07  t_peak=368719  comparison cadence=1117331  difference=0.07750  below=0/3
t=1698343  fraction=0.19375  peak_slope=4.251e-07  t_peak=368719  comparison cadence=1117331  difference=0.07625  below=0/3
t=1709516  fraction=0.19375  peak_slope=4.251e-07  t_peak=368719  comparison cadence=1117331  difference=0.07625  below=0/3
t=1720690  fraction=0.19375  peak_slope=4.251e-07  t_peak=368719  comparison cadence=1117331  difference=0.07125  below=0/3
t=1731863  fraction=0.19375  peak_slope=4.251e-07  t_peak=368719  comparison cadence=1117331  difference=0.06875  below=0/3
t=1743036  fraction=0.19375  peak_slope=4.251e-07  t_peak=368719  comparison cadence=1117331  difference=0.06625  below=0/3
t=1754210  fraction=0.19375  peak_slope=4.251e-07  t_peak=368719  comparison cadence=1117331  difference=0.06500  below=0/3
t=1765383  fraction=0.19375  peak_slope=4.251e-07  t_peak=368719  comparison cadence=1117331  difference=0.06375  below=0/3
t=1776556  fraction=0.19375  peak_slope=4.251e-07  t_peak=368719  comparison cadence=1117331  difference=0.06375  below=0/3
t=1787729  fraction=0.19375  peak_slope=4.251e-07  t_peak=368719  comparison cadence=1117331  difference=0.06375  below=0/3
t=1798903  fraction=0.19375  peak_slope=4.251e-07  t_peak=368719  comparison cadence=1117331  difference=0.06125  below=0/3
t=1810076  fraction=0.19500  peak_slope=4.251e-07  t_peak=368719  comparison cadence=1117331  difference=0.06000  below=0/3
t=1821249  fraction=0.19500  peak_slope=4.251e-07  t_peak=368719  comparison cadence=1117331  difference=0.05875  below=0/3
t=1832423  fraction=0.19500  peak_slope=4.251e-07  t_peak=368719  comparison cadence=1117331  difference=0.05875  below=0/3
t=1843596  fraction=0.19500  peak_slope=4.251e-07  t_peak=368719  comparison cadence=1117331  difference=0.05750  below=0/3
t=1854769  fraction=0.19500  peak_slope=4.251e-07  t_peak=368719  comparison cadence=1117331  difference=0.05750  below=0/3
t=1865943  fraction=0.19500  peak_slope=4.251e-07  t_peak=368719  comparison cadence=1117331  difference=0.05625  below=0/3
t=1877116  fraction=0.19500  peak_slope=4.251e-07  t_peak=368719  comparison cadence=1117331  difference=0.05375  below=0/3
t=1888289  fraction=0.19500  peak_slope=4.251e-07  t_peak=368719  comparison cadence=1117331  difference=0.05125  below=0/3
t=1899463  fraction=0.19500  peak_slope=4.251e-07  t_peak=368719  comparison cadence=1117331  difference=0.05000  below=0/3
t=1910636  fraction=0.19500  peak_slope=4.251e-07  t_peak=368719  comparison cadence=1117331  difference=0.05000  below=0/3
t=1921809  fraction=0.19500  peak_slope=4.251e-07  t_peak=368719  comparison cadence=1117331  difference=0.04875  below=1/3
t=1932982  fraction=0.19625  peak_slope=4.251e-07  t_peak=368719  comparison cadence=1117331  difference=0.05000  below=0/3
t=1944156  fraction=0.19750  peak_slope=4.251e-07  t_peak=368719  comparison cadence=1117331  difference=0.04875  below=1/3
t=1955329  fraction=0.19750  peak_slope=4.251e-07  t_peak=368719  comparison cadence=1117331  difference=0.04625  below=2/3
t=1966502  fraction=0.19750  peak_slope=4.251e-07  t_peak=368719  comparison cadence=1117331  difference=0.04500  below=3/3
Stopping at t=1966502.3696390588
Saved 640 remaining particles to /Users/haydenmonk/Downloads/HPCC/Mass_Fraction/Outputs/Ejection_Results/remaining_particles_local_20260921_233545_3.csv
