Rank 1: 100 simulations
Rank 5: 100 simulations
Rank 3: 100 simulations
Rank 4: 100 simulations
Running 800 simulations with 8 MPI ranks
Rank 0: 100 simulations
Rank 6: 100 simulations
Rank 2: 100 simulations
Rank 7: 100 simulations
t=1115243  fraction=0.31500  peak_slope=1.950e-06  t_peak=144982  comparison cadence=1115243  difference=0.31500  below=0/3
t=1126395  fraction=0.31625  peak_slope=1.950e-06  t_peak=144982  comparison cadence=1115243  difference=0.31625  below=0/3
t=1137548  fraction=0.31625  peak_slope=1.950e-06  t_peak=144982  comparison cadence=1115243  difference=0.31625  below=0/3
t=1148700  fraction=0.31625  peak_slope=1.950e-06  t_peak=144982  comparison cadence=1115243  difference=0.31625  below=0/3
t=1159852  fraction=0.31625  peak_slope=1.950e-06  t_peak=144982  comparison cadence=1115243  difference=0.31625  below=0/3
t=1171005  fraction=0.31625  peak_slope=1.950e-06  t_peak=144982  comparison cadence=1115243  difference=0.31500  below=0/3
t=1182157  fraction=0.31625  peak_slope=1.950e-06  t_peak=144982  comparison cadence=1115243  difference=0.30875  below=0/3
t=1193310  fraction=0.31625  peak_slope=1.950e-06  t_peak=144982  comparison cadence=1115243  difference=0.29375  below=0/3
t=1204462  fraction=0.31625  peak_slope=1.950e-06  t_peak=144982  comparison cadence=1115243  difference=0.27750  below=0/3
t=1215615  fraction=0.31625  peak_slope=1.950e-06  t_peak=144982  comparison cadence=1115243  difference=0.24750  below=0/3
t=1226767  fraction=0.31625  peak_slope=1.950e-06  t_peak=144982  comparison cadence=1115243  difference=0.22875  below=0/3
t=1237919  fraction=0.31625  peak_slope=1.950e-06  t_peak=144982  comparison cadence=1115243  difference=0.21500  below=0/3
t=1249072  fraction=0.31625  peak_slope=1.950e-06  t_peak=144982  comparison cadence=1115243  difference=0.19375  below=0/3
t=1260224  fraction=0.31625  peak_slope=1.950e-06  t_peak=144982  comparison cadence=1115243  difference=0.16875  below=0/3
t=1271377  fraction=0.31625  peak_slope=1.950e-06  t_peak=144982  comparison cadence=1115243  difference=0.15375  below=0/3
t=1282529  fraction=0.31625  peak_slope=1.950e-06  t_peak=144982  comparison cadence=1115243  difference=0.14250  below=0/3
t=1293682  fraction=0.31625  peak_slope=1.950e-06  t_peak=144982  comparison cadence=1115243  difference=0.13625  below=0/3
t=1304834  fraction=0.31625  peak_slope=1.950e-06  t_peak=144982  comparison cadence=1115243  difference=0.12750  below=0/3
t=1315986  fraction=0.31750  peak_slope=1.950e-06  t_peak=144982  comparison cadence=1115243  difference=0.11750  below=0/3
t=1327139  fraction=0.31750  peak_slope=1.950e-06  t_peak=144982  comparison cadence=1115243  difference=0.10625  below=0/3
t=1338291  fraction=0.31750  peak_slope=1.950e-06  t_peak=144982  comparison cadence=1115243  difference=0.10000  below=0/3
t=1349444  fraction=0.31750  peak_slope=1.950e-06  t_peak=144982  comparison cadence=1115243  difference=0.09250  below=0/3
t=1360596  fraction=0.31750  peak_slope=1.950e-06  t_peak=144982  comparison cadence=1115243  difference=0.09125  below=0/3
t=1371749  fraction=0.31750  peak_slope=1.950e-06  t_peak=144982  comparison cadence=1115243  difference=0.07750  below=0/3
t=1382901  fraction=0.31750  peak_slope=1.950e-06  t_peak=144982  comparison cadence=1115243  difference=0.07375  below=0/3
t=1394053  fraction=0.31750  peak_slope=1.950e-06  t_peak=144982  comparison cadence=1115243  difference=0.07000  below=0/3
t=1405206  fraction=0.31875  peak_slope=1.950e-06  t_peak=144982  comparison cadence=1115243  difference=0.07000  below=0/3
t=1416358  fraction=0.31875  peak_slope=1.950e-06  t_peak=144982  comparison cadence=1115243  difference=0.06625  below=0/3
t=1427511  fraction=0.31875  peak_slope=1.950e-06  t_peak=144982  comparison cadence=1115243  difference=0.06375  below=0/3
t=1438663  fraction=0.31875  peak_slope=1.950e-06  t_peak=144982  comparison cadence=1115243  difference=0.06250  below=0/3
t=1449816  fraction=0.31875  peak_slope=1.950e-06  t_peak=144982  comparison cadence=1115243  difference=0.05875  below=0/3
t=1460968  fraction=0.31875  peak_slope=1.950e-06  t_peak=144982  comparison cadence=1115243  difference=0.05750  below=0/3
t=1472120  fraction=0.31875  peak_slope=1.950e-06  t_peak=144982  comparison cadence=1115243  difference=0.05750  below=0/3
t=1483273  fraction=0.31875  peak_slope=1.950e-06  t_peak=144982  comparison cadence=1115243  difference=0.05625  below=0/3
t=1494425  fraction=0.31875  peak_slope=1.950e-06  t_peak=144982  comparison cadence=1115243  difference=0.05375  below=0/3
t=1505578  fraction=0.31875  peak_slope=1.950e-06  t_peak=144982  comparison cadence=1115243  difference=0.05125  below=0/3
t=1516730  fraction=0.31875  peak_slope=1.950e-06  t_peak=144982  comparison cadence=1115243  difference=0.04750  below=1/3
t=1527883  fraction=0.32000  peak_slope=1.950e-06  t_peak=144982  comparison cadence=1115243  difference=0.04875  below=2/3
t=1539035  fraction=0.32000  peak_slope=1.950e-06  t_peak=144982  comparison cadence=1115243  difference=0.04750  below=3/3
Stopping at t=1539035.0012807748
Saved 540 remaining particles to /Users/haydenmonk/Downloads/HPCC/Mass_Fraction/Outputs/Ejection_Results/remaining_particles_local_20260921_233545_1.csv
