Rank 3: 100 simulations
Rank 4: 100 simulations
Rank 5: 100 simulations
Rank 2: 100 simulations
Rank 7: 100 simulations
Rank 6: 100 simulations
Running 800 simulations with 8 MPI ranks
Rank 0: 100 simulations
Rank 1: 100 simulations
t=1116632  fraction=0.24875  peak_slope=9.403e-07  t_peak=200994  comparison cadence=1116632  difference=0.24875  below=0/3
t=1127799  fraction=0.24875  peak_slope=9.403e-07  t_peak=200994  comparison cadence=1116632  difference=0.24875  below=0/3
t=1138965  fraction=0.25000  peak_slope=9.403e-07  t_peak=200994  comparison cadence=1116632  difference=0.25000  below=0/3
t=1150131  fraction=0.25000  peak_slope=9.403e-07  t_peak=200994  comparison cadence=1116632  difference=0.25000  below=0/3
t=1161298  fraction=0.25000  peak_slope=9.403e-07  t_peak=200994  comparison cadence=1116632  difference=0.25000  below=0/3
t=1172464  fraction=0.25000  peak_slope=9.403e-07  t_peak=200994  comparison cadence=1116632  difference=0.25000  below=0/3
t=1183630  fraction=0.25000  peak_slope=9.403e-07  t_peak=200994  comparison cadence=1116632  difference=0.25000  below=0/3
t=1194797  fraction=0.25000  peak_slope=9.403e-07  t_peak=200994  comparison cadence=1116632  difference=0.25000  below=0/3
t=1205963  fraction=0.25000  peak_slope=9.403e-07  t_peak=200994  comparison cadence=1116632  difference=0.24750  below=0/3
t=1217129  fraction=0.25000  peak_slope=9.403e-07  t_peak=200994  comparison cadence=1116632  difference=0.24625  below=0/3
t=1228296  fraction=0.25000  peak_slope=9.403e-07  t_peak=200994  comparison cadence=1116632  difference=0.23875  below=0/3
t=1239462  fraction=0.25000  peak_slope=9.403e-07  t_peak=200994  comparison cadence=1116632  difference=0.23125  below=0/3
t=1250628  fraction=0.25000  peak_slope=9.403e-07  t_peak=200994  comparison cadence=1116632  difference=0.22750  below=0/3
t=1261795  fraction=0.25000  peak_slope=9.403e-07  t_peak=200994  comparison cadence=1116632  difference=0.22125  below=0/3
t=1272961  fraction=0.25000  peak_slope=9.403e-07  t_peak=200994  comparison cadence=1116632  difference=0.20750  below=0/3
t=1284127  fraction=0.25000  peak_slope=9.403e-07  t_peak=200994  comparison cadence=1116632  difference=0.19625  below=0/3
t=1295294  fraction=0.25000  peak_slope=9.403e-07  t_peak=200994  comparison cadence=1116632  difference=0.18500  below=0/3
t=1306460  fraction=0.25000  peak_slope=9.403e-07  t_peak=200994  comparison cadence=1116632  difference=0.17625  below=0/3
t=1317626  fraction=0.25000  peak_slope=9.403e-07  t_peak=200994  comparison cadence=1116632  difference=0.16875  below=0/3
t=1328793  fraction=0.25000  peak_slope=9.403e-07  t_peak=200994  comparison cadence=1116632  difference=0.15500  below=0/3
t=1339959  fraction=0.25000  peak_slope=9.403e-07  t_peak=200994  comparison cadence=1116632  difference=0.14625  below=0/3
t=1351125  fraction=0.25000  peak_slope=9.403e-07  t_peak=200994  comparison cadence=1116632  difference=0.13375  below=0/3
t=1362292  fraction=0.25000  peak_slope=9.403e-07  t_peak=200994  comparison cadence=1116632  difference=0.12750  below=0/3
t=1373458  fraction=0.25000  peak_slope=9.403e-07  t_peak=200994  comparison cadence=1116632  difference=0.12250  below=0/3
t=1384624  fraction=0.25000  peak_slope=9.403e-07  t_peak=200994  comparison cadence=1116632  difference=0.11625  below=0/3
t=1395791  fraction=0.25000  peak_slope=9.403e-07  t_peak=200994  comparison cadence=1116632  difference=0.11500  below=0/3
t=1406957  fraction=0.25000  peak_slope=9.403e-07  t_peak=200994  comparison cadence=1116632  difference=0.11125  below=0/3
t=1418123  fraction=0.25000  peak_slope=9.403e-07  t_peak=200994  comparison cadence=1116632  difference=0.10875  below=0/3
t=1429290  fraction=0.25000  peak_slope=9.403e-07  t_peak=200994  comparison cadence=1116632  difference=0.10000  below=0/3
t=1440456  fraction=0.25000  peak_slope=9.403e-07  t_peak=200994  comparison cadence=1116632  difference=0.10000  below=0/3
t=1451622  fraction=0.25000  peak_slope=9.403e-07  t_peak=200994  comparison cadence=1116632  difference=0.09500  below=0/3
t=1462788  fraction=0.25125  peak_slope=9.403e-07  t_peak=200994  comparison cadence=1116632  difference=0.08500  below=0/3
t=1473955  fraction=0.25125  peak_slope=9.403e-07  t_peak=200994  comparison cadence=1116632  difference=0.07750  below=0/3
t=1485121  fraction=0.25125  peak_slope=9.403e-07  t_peak=200994  comparison cadence=1116632  difference=0.07625  below=0/3
t=1496287  fraction=0.25125  peak_slope=9.403e-07  t_peak=200994  comparison cadence=1116632  difference=0.07250  below=0/3
t=1507454  fraction=0.25125  peak_slope=9.403e-07  t_peak=200994  comparison cadence=1116632  difference=0.06875  below=0/3
t=1518620  fraction=0.25125  peak_slope=9.403e-07  t_peak=200994  comparison cadence=1116632  difference=0.06875  below=0/3
t=1529786  fraction=0.25125  peak_slope=9.403e-07  t_peak=200994  comparison cadence=1116632  difference=0.06250  below=0/3
t=1540953  fraction=0.25125  peak_slope=9.403e-07  t_peak=200994  comparison cadence=1116632  difference=0.06125  below=0/3
t=1552119  fraction=0.25125  peak_slope=9.403e-07  t_peak=200994  comparison cadence=1116632  difference=0.05875  below=0/3
t=1563285  fraction=0.25125  peak_slope=9.403e-07  t_peak=200994  comparison cadence=1116632  difference=0.05875  below=0/3
t=1574452  fraction=0.25125  peak_slope=9.403e-07  t_peak=200994  comparison cadence=1116632  difference=0.05500  below=0/3
t=1585618  fraction=0.25125  peak_slope=9.403e-07  t_peak=200994  comparison cadence=1116632  difference=0.05500  below=0/3
t=1596784  fraction=0.25125  peak_slope=9.403e-07  t_peak=200994  comparison cadence=1116632  difference=0.05375  below=0/3
t=1607951  fraction=0.25125  peak_slope=9.403e-07  t_peak=200994  comparison cadence=1116632  difference=0.05375  below=0/3
t=1619117  fraction=0.25125  peak_slope=9.403e-07  t_peak=200994  comparison cadence=1116632  difference=0.05250  below=0/3
t=1630283  fraction=0.25125  peak_slope=9.403e-07  t_peak=200994  comparison cadence=1116632  difference=0.05125  below=0/3
t=1641450  fraction=0.25125  peak_slope=9.403e-07  t_peak=200994  comparison cadence=1116632  difference=0.05125  below=0/3
t=1652616  fraction=0.25125  peak_slope=9.403e-07  t_peak=200994  comparison cadence=1116632  difference=0.05125  below=0/3
t=1663782  fraction=0.25125  peak_slope=9.403e-07  t_peak=200994  comparison cadence=1116632  difference=0.04875  below=1/3
t=1674949  fraction=0.25125  peak_slope=9.403e-07  t_peak=200994  comparison cadence=1116632  difference=0.04625  below=2/3
t=1686115  fraction=0.25125  peak_slope=9.403e-07  t_peak=200994  comparison cadence=1116632  difference=0.04375  below=3/3
Stopping at t=1686114.9864997794
Saved 596 remaining particles to /Users/haydenmonk/Downloads/HPCC/Mass_Fraction/Outputs/Ejection_Results/remaining_particles_local_20260921_233545_2.csv
