Traceback (most recent call last):
  File "/scratch/group/p.phy260085.000/Mass_Fraction/Inputs/N_Body_Scripts/local_disc_mpi_multi.py", line 16, in <module>
Traceback (most recent call last):
  File "/scratch/group/p.phy260085.000/Mass_Fraction/Inputs/N_Body_Scripts/local_disc_mpi_multi.py", line 16, in <module>
    clib = cdll.LoadLibrary("/scratch/group/p.phy260085.000/Mass_Fraction/Inputs/N_Body_Scripts/Heartbeat/heartbeat.so")
           ^^^^^^^^^^^^^^^^^^^^^^^^^^^^^^^^^^^^^^^^^^^^^^^^^^^^^^^^^^^^^^^^^^^^^^^^^^^^^^^^^^^^^^^^^^^^^^^^^^^^^^^^^^^^^
  File "/scratch/user/u.hm357857/.conda/envs/comets/lib/python3.11/ctypes/__init__.py", line 454, in LoadLibrary
    return self._dlltype(name)
    clib = cdll.LoadLibrary("/scratch/group/p.phy260085.000/Mass_Fraction/Inputs/N_Body_Scripts/Heartbeat/heartbeat.so")
           ^^^^^^^^^^^^^^^^^^^^^^^^^^^^^^^^^^^^^^^^^^^^^^^^^^^^^^^^^^^^^^^^^^^^^^^^^^^^^^^^^^^^^^^^^^^^^^^^^^^^^^^^^^^^^
  File "/scratch/user/u.hm357857/.conda/envs/comets/lib/python3.11/ctypes/__init__.py", line 454, in LoadLibrary
           ^^^^^^^^^^^^^^^^^^^
  File "/scratch/user/u.hm357857/.conda/envs/comets/lib/python3.11/ctypes/__init__.py", line 376, in __init__
    self._handle = _dlopen(self._name, mode)
                   ^^^^^^^^^^^^^^^^^^^^^^^^^
OSError: /scratch/group/p.phy260085.000/Mass_Fraction/Inputs/N_Body_Scripts/Heartbeat/heartbeat.so: invalid ELF header
    return self._dlltype(name)
           ^^^^^^^^^^^^^^^^^^^
  File "/scratch/user/u.hm357857/.conda/envs/comets/lib/python3.11/ctypes/__init__.py", line 376, in __init__
    self._handle = _dlopen(self._name, mode)
                   ^^^^^^^^^^^^^^^^^^^^^^^^^
OSError: /scratch/group/p.phy260085.000/Mass_Fraction/Inputs/N_Body_Scripts/Heartbeat/heartbeat.so: invalid ELF header
Traceback (most recent call last):
  File "/scratch/group/p.phy260085.000/Mass_Fraction/Inputs/N_Body_Scripts/local_disc_mpi_multi.py", line 16, in <module>
Traceback (most recent call last):
  File "/scratch/group/p.phy260085.000/Mass_Fraction/Inputs/N_Body_Scripts/local_disc_mpi_multi.py", line 16, in <module>
    clib = cdll.LoadLibrary("/scratch/group/p.phy260085.000/Mass_Fraction/Inputs/N_Body_Scripts/Heartbeat/heartbeat.so")
           ^^^^^^^^^^^^^^^^^^^^^^^^^^^^^^^^^^^^^^^^^^^^^^^^^^^^^^^^^^^^^^^^^^^^^^^^^^^^^^^^^^^^^^^^^^^^^^^^^^^^^^^^^^^^^
  File "/scratch/user/u.hm357857/.conda/envs/comets/lib/python3.11/ctypes/__init__.py", line 454, in LoadLibrary
    clib = cdll.LoadLibrary("/scratch/group/p.phy260085.000/Mass_Fraction/Inputs/N_Body_Scripts/Heartbeat/heartbeat.so")
           ^^^^^^^^^^^^^^^^^^^^^^^^^^^^^^^^^^^^^^^^^^^^^^^^^^^^^^^^^^^^^^^^^^^^^^^^^^^^^^^^^^^^^^^^^^^^^^^^^^^^^^^^^^^^^
  File "/scratch/user/u.hm357857/.conda/envs/comets/lib/python3.11/ctypes/__init__.py", line 454, in LoadLibrary
    return self._dlltype(name)
           ^^^^^^^^^^^^^^^^^^^
  File "/scratch/user/u.hm357857/.conda/envs/comets/lib/python3.11/ctypes/__init__.py", line 376, in __init__
    return self._dlltype(name)
           ^^^^^^^^^^^^^^^^^^^
  File "/scratch/user/u.hm357857/.conda/envs/comets/lib/python3.11/ctypes/__init__.py", line 376, in __init__
    self._handle = _dlopen(self._name, mode)
                   ^^^^^^^^^^^^^^^^^^^^^^^^^
OSError: /scratch/group/p.phy260085.000/Mass_Fraction/Inputs/N_Body_Scripts/Heartbeat/heartbeat.so: invalid ELF header
    self._handle = _dlopen(self._name, mode)
                   ^^^^^^^^^^^^^^^^^^^^^^^^^
OSError: /scratch/group/p.phy260085.000/Mass_Fraction/Inputs/N_Body_Scripts/Heartbeat/heartbeat.so: invalid ELF header
Traceback (most recent call last):
  File "/scratch/group/p.phy260085.000/Mass_Fraction/Inputs/N_Body_Scripts/local_disc_mpi_multi.py", line 16, in <module>
Traceback (most recent call last):
  File "/scratch/group/p.phy260085.000/Mass_Fraction/Inputs/N_Body_Scripts/local_disc_mpi_multi.py", line 16, in <module>
    clib = cdll.LoadLibrary("/scratch/group/p.phy260085.000/Mass_Fraction/Inputs/N_Body_Scripts/Heartbeat/heartbeat.so")
           ^^^^^^^^^^^^^^^^^^^^^^^^^^^^^^^^^^^^^^^^^^^^^^^^^^^^^^^^^^^^^^^^^^^^^^^^^^^^^^^^^^^^^^^^^^^^^^^^^^^^^^^^^^^^^
  File "/scratch/user/u.hm357857/.conda/envs/comets/lib/python3.11/ctypes/__init__.py", line 454, in LoadLibrary
    clib = cdll.LoadLibrary("/scratch/group/p.phy260085.000/Mass_Fraction/Inputs/N_Body_Scripts/Heartbeat/heartbeat.so")
           ^^^^^^^^^^^^^^^^^^^^^^^^^^^^^^^^^^^^^^^^^^^^^^^^^^^^^^^^^^^^^^^^^^^^^^^^^^^^^^^^^^^^^^^^^^^^^^^^^^^^^^^^^^^^^
  File "/scratch/user/u.hm357857/.conda/envs/comets/lib/python3.11/ctypes/__init__.py", line 454, in LoadLibrary
    return self._dlltype(name)
           ^^^^^^^^^^^^^^^^^^^
  File "/scratch/user/u.hm357857/.conda/envs/comets/lib/python3.11/ctypes/__init__.py", line 376, in __init__
    return self._dlltype(name)
           ^^^^^^^^^^^^^^^^^^^
  File "/scratch/user/u.hm357857/.conda/envs/comets/lib/python3.11/ctypes/__init__.py", line 376, in __init__
    self._handle = _dlopen(self._name, mode)
                   ^^^^^^^^^^^^^^^^^^^^^^^^^
OSError: /scratch/group/p.phy260085.000/Mass_Fraction/Inputs/N_Body_Scripts/Heartbeat/heartbeat.so: invalid ELF header
    self._handle = _dlopen(self._name, mode)
                   ^^^^^^^^^^^^^^^^^^^^^^^^^
OSError: /scratch/group/p.phy260085.000/Mass_Fraction/Inputs/N_Body_Scripts/Heartbeat/heartbeat.so: invalid ELF header
Traceback (most recent call last):
  File "/scratch/group/p.phy260085.000/Mass_Fraction/Inputs/N_Body_Scripts/local_disc_mpi_multi.py", line 16, in <module>
    clib = cdll.LoadLibrary("/scratch/group/p.phy260085.000/Mass_Fraction/Inputs/N_Body_Scripts/Heartbeat/heartbeat.so")
           ^^^^^^^^^^^^^^^^^^^^^^^^^^^^^^^^^^^^^^^^^^^^^^^^^^^^^^^^^^^^^^^^^^^^^^^^^^^^^^^^^^^^^^^^^^^^^^^^^^^^^^^^^^^^^
  File "/scratch/user/u.hm357857/.conda/envs/comets/lib/python3.11/ctypes/__init__.py", line 454, in LoadLibrary
    return self._dlltype(name)
           ^^^^^^^^^^^^^^^^^^^
  File "/scratch/user/u.hm357857/.conda/envs/comets/lib/python3.11/ctypes/__init__.py", line 376, in __init__
    self._handle = _dlopen(self._name, mode)
                   ^^^^^^^^^^^^^^^^^^^^^^^^^
OSError: /scratch/group/p.phy260085.000/Mass_Fraction/Inputs/N_Body_Scripts/Heartbeat/heartbeat.so: invalid ELF header
Traceback (most recent call last):
  File "/scratch/group/p.phy260085.000/Mass_Fraction/Inputs/N_Body_Scripts/local_disc_mpi_multi.py", line 16, in <module>
    clib = cdll.LoadLibrary("/scratch/group/p.phy260085.000/Mass_Fraction/Inputs/N_Body_Scripts/Heartbeat/heartbeat.so")
           ^^^^^^^^^^^^^^^^^^^^^^^^^^^^^^^^^^^^^^^^^^^^^^^^^^^^^^^^^^^^^^^^^^^^^^^^^^^^^^^^^^^^^^^^^^^^^^^^^^^^^^^^^^^^^
  File "/scratch/user/u.hm357857/.conda/envs/comets/lib/python3.11/ctypes/__init__.py", line 454, in LoadLibrary
    return self._dlltype(name)
           ^^^^^^^^^^^^^^^^^^^
  File "/scratch/user/u.hm357857/.conda/envs/comets/lib/python3.11/ctypes/__init__.py", line 376, in __init__
    self._handle = _dlopen(self._name, mode)
                   ^^^^^^^^^^^^^^^^^^^^^^^^^
OSError: /scratch/group/p.phy260085.000/Mass_Fraction/Inputs/N_Body_Scripts/Heartbeat/heartbeat.so: invalid ELF header
srun: error: ac027: tasks 1,3: Exited with exit code 1
srun: Terminating StepId=2099358.0
[2026-09-07T22:39:36.316] error: *** STEP 2099358.0 ON ac027 CANCELLED AT 2026-09-07T22:39:36 DUE TO TASK FAILURE ***
srun: error: ac027: tasks 0,2,4-6: Terminated
srun: error: ac027: task 7: Terminated
srun: Force Terminated StepId=2099358.0
