Traceback (most recent call last):
  File "/scratch/group/p.phy260085.000/Mass_Fraction/Inputs/N_Body_Scripts/aces_local_disc_mpi_multi.py", line 16, in <module>
    clib = cdll.LoadLibrary("/scratch/group/p.phy260085.000//Mass_Fraction/Inputs/N_Body_Scripts/Heartbeat/heartbeat.so")
           ^^^^^^^^^^^^^^^^^^^^^^^^^^^^^^^^^^^^^^^^^^^^^^^^^^^^^^^^^^^^^^^^^^^^^^^^^^^^^^^^^^^^^^^^^^^^^^^^^^^^^^^^^^^^^^
  File "/scratch/user/u.hm357857/.conda/envs/comets/lib/python3.11/ctypes/__init__.py", line 454, in LoadLibrary
    return self._dlltype(name)
           ^^^^^^^^^^^^^^^^^^^
  File "/scratch/user/u.hm357857/.conda/envs/comets/lib/python3.11/ctypes/__init__.py", line 376, in __init__
    self._handle = _dlopen(self._name, mode)
                   ^^^^^^^^^^^^^^^^^^^^^^^^^
OSError: /scratch/group/p.phy260085.000//Mass_Fraction/Inputs/N_Body_Scripts/Heartbeat/heartbeat.so: invalid ELF header
Traceback (most recent call last):
  File "/scratch/group/p.phy260085.000/Mass_Fraction/Inputs/N_Body_Scripts/aces_local_disc_mpi_multi.py", line 16, in <module>
    clib = cdll.LoadLibrary("/scratch/group/p.phy260085.000//Mass_Fraction/Inputs/N_Body_Scripts/Heartbeat/heartbeat.so")
           ^^^^^^^^^^^^^^^^^^^^^^^^^^^^^^^^^^^^^^^^^^^^^^^^^^^^^^^^^^^^^^^^^^^^^^^^^^^^^^^^^^^^^^^^^^^^^^^^^^^^^^^^^^^^^^
  File "/scratch/user/u.hm357857/.conda/envs/comets/lib/python3.11/ctypes/__init__.py", line 454, in LoadLibrary
    return self._dlltype(name)
           ^^^^^^^^^^^^^^^^^^^
  File "/scratch/user/u.hm357857/.conda/envs/comets/lib/python3.11/ctypes/__init__.py", line 376, in __init__
    self._handle = _dlopen(self._name, mode)
                   ^^^^^^^^^^^^^^^^^^^^^^^^^
OSError: /scratch/group/p.phy260085.000//Mass_Fraction/Inputs/N_Body_Scripts/Heartbeat/heartbeat.so: invalid ELF header
srun: error: ac108: tasks 0-1: Exited with exit code 1
srun: Terminating StepId=2143279.0
srun: error: ac109: tasks 2-3: Terminated
srun: Force Terminated StepId=2143279.0
